******************************************************************************
            TI ARM Clang Linker PC v5.1.1                      
******************************************************************************
>> Linked Tue Jun 30 14:39:05 2026

OUTPUT FILE NAME:   <gugaPI.out>
ENTRY POINT SYMBOL: "_c_int00_noargs"  address: 000009c9


MEMORY CONFIGURATION

         name            origin    length      used     unused   attr    fill
----------------------  --------  ---------  --------  --------  ----  --------
  FLASH                 00000000   00080000  00000b78  0007f488  R  X
  SRAM_BANK0            20200000   00010000  00000212  0000fdee  RW X
  SRAM_BANK1            20210000   00010000  00000000  00010000  RW X
  BCR_CONFIG            41c00000   000000ff  00000000  000000ff  R   
  BSL_CONFIG            41c00100   00000080  00000000  00000080  R   
  DATA                  41d00000   00004000  00000000  00004000  R   


SEGMENT ALLOCATION MAP

run origin  load origin   length   init length attrs members
----------  ----------- ---------- ----------- ----- -------
00000000    00000000    00000b78   00000b78    r-x
  00000000    00000000    000000c0   000000c0    r-- .intvecs
  000000c0    000000c0    00000a60   00000a60    r-x .text
  00000b20    00000b20    00000038   00000038    r-- .rodata
  00000b58    00000b58    00000020   00000020    r-- .cinit
20200000    20200000    00000112   00000000    rw-
  20200000    20200000    00000112   00000000    rw- .data
2020ff00    2020ff00    00000100   00000000    rw-
  2020ff00    2020ff00    00000100   00000000    rw- .stack


SECTION ALLOCATION MAP

 output                                  attributes/
section   page    origin      length       input sections
--------  ----  ----------  ----------   ----------------
.intvecs   0    00000000    000000c0     
                  00000000    000000c0     startup_mspm0g351x_ticlang.o (.intvecs)

.text      0    000000c0    00000a60     
                  000000c0    000001b0     scheduler.o (.text._ZN8services13Scheduler_RunEv)
                  00000270    00000174     debug_uart.o (.text._ZN8services25DebugUart_WriteLineUInt32Ej)
                  000003e4    000000e0     scheduler.o (.text._ZN8services17Scheduler_AddTaskEPKcPFvvEjjPh)
                  000004c4    000000b0     scheduler.o (.text._ZN8services14Scheduler_InitEv)
                  00000574    0000009a     libc.a : memcpy16.S.obj (.text:memcpy)
                  0000060e    00000002     startup_mspm0g351x_ticlang.o (.text.Default_Handler)
                  00000610    0000007c     ti_msp_dl_config.o (.text.SYSCFG_DL_DEBUG_UART_init)
                  0000068c    0000007c     libc.a : copy_decompress_lzss.c.obj (.text:decompress:lzss)
                  00000708    00000048     driverlib.a : dl_uart.o (.text.DL_UART_init)
                  00000750    00000040     ti_msp_dl_config.o (.text.SYSCFG_DL_initPower)
                  00000790    00000040     libclang_rt.builtins.a : aeabi_uidivmod.S.obj (.text)
                  000007d0    0000003c     ti_msp_dl_config.o (.text.SYSCFG_DL_GPIO_init)
                  0000080c    0000003c     app_main.o (.text._ZN3app8App_InitEv)
                  00000848    0000003c     libc.a : autoinit.c.obj (.text:__TI_auto_init_nobinit_nopinit)
                  00000884    0000003a     empty_cpp.o (.text.main)
                  000008be    00000002     board.o (.text._ZN5board14Board_LateInitEv)
                  000008c0    00000038     buzzer.o (.text._ZN7drivers11Buzzer_InitEPNS_13BuzzerContextEPKNS_12BuzzerConfigE)
                  000008f8    00000038     led.o (.text._ZN7drivers8Led_InitEPNS_10LedContextEPKNS_9LedConfigE)
                  00000930    00000038     time.o (.text._ZN8services9Time_InitEv)
                  00000968    00000030     driverlib.a : dl_uart.o (.text.DL_UART_transmitDataBlocking)
                  00000998    00000030     ti_msp_dl_config.o (.text.SYSCFG_DL_SYSCTL_init)
                  000009c8    00000028     libc.a : boot_cortex_m.c.obj (.text:_c_int00_noargs)
                  000009f0    00000020     app_main.o (.text._ZN12_GLOBAL__N_124App_DebugUartCounterTaskEv)
                  00000a10    0000001c     app_main.o (.text._ZN3app7App_RunEv)
                  00000a2c    00000014     ti_msp_dl_config.o (.text.SYSCFG_DL_init)
                  00000a40    00000014     board_buzzer.o (.text._ZN5board16Board_BuzzerInitEv)
                  00000a54    00000014     board_led.o (.text._ZN5board19Board_StatusLedInitEv)
                  00000a68    00000012     driverlib.a : dl_uart.o (.text.DL_UART_setClockConfig)
                  00000a7a    00000012     libc.a : copy_decompress_none.c.obj (.text:decompress:none)
                  00000a8c    00000010     time.o (.text.SysTick_Handler)
                  00000a9c    00000010     fault.o (.text._ZN8services9Fault_SetENS_9FaultCodeE)
                  00000aac    0000000c     board.o (.text._ZN5board10Board_InitEv)
                  00000ab8    0000000c     fault.o (.text._ZN8services10Fault_InitEv)
                  00000ac4    0000000c     time.o (.text._ZN8services11Time_MillisEv)
                  00000ad0    0000000c     debug_uart.o (.text._ZN8services14DebugUart_InitEv)
                  00000adc    0000000c     debug_uart.o (.text._ZN8services17DebugUart_IsReadyEv)
                  00000ae8    0000000c     fault.o (.text._ZN8services9Fault_GetEv)
                  00000af4    0000000a     driverlib.a : dl_common.o (.text.DL_Common_delayCycles)
                  00000afe    00000002     log.o (.text._ZN8services8Log_InitEv)
                  00000b00    00000008     libclang_rt.builtins.a : aeabi_memcpy.S.obj (.text)
                  00000b08    00000006     libc.a : exit.c.obj (.text:abort)
                  00000b0e    00000004     libsysbm.a : hostexit.c.obj (.text.HOSTexit)
                  00000b12    00000004     startup_mspm0g351x_ticlang.o (.text.Reset_Handler)
                  00000b16    00000004     libc.a : pre_init.c.obj (.text._system_pre_init)
                  00000b1a    00000002     libclang_rt.builtins.a : aeabi_div0.c.obj (.text.__aeabi_idiv0)
                  00000b1c    00000004     --HOLE-- [fill = 0]

.cinit     0    00000b58    00000020     
                  00000b58    00000009     (.cinit..data.load) [load image, compression = lzss]
                  00000b61    00000003     --HOLE-- [fill = 0]
                  00000b64    00000008     (__TI_handler_table)
                  00000b6c    00000008     (__TI_cinit_table)
                  00000b74    00000004     --HOLE-- [fill = 0]

.rodata    0    00000b20    00000038     
                  00000b20    00000011     app_main.o (.rodata.str1.1839410120130765391.1)
                  00000b31    00000002     ti_msp_dl_config.o (.rodata.gDEBUG_UARTClockConfig)
                  00000b33    00000001     --HOLE-- [fill = 0]
                  00000b34    0000000c     board_buzzer.o (.rodata._ZN5boardL14g_buzzerConfigE)
                  00000b40    0000000c     board_led.o (.rodata._ZN5boardL17g_statusLedConfigE)
                  00000b4c    0000000a     ti_msp_dl_config.o (.rodata.gDEBUG_UARTConfig)
                  00000b56    00000002     --HOLE-- [fill = 0]

.init_array 
*          0    00000000    00000000     UNINITIALIZED

.binit     0    00000000    00000000     

.data      0    20200000    00000112     UNINITIALIZED
                  20200000    000000f0     scheduler.o (.data._ZN8servicesL7g_tasksE)
                  202000f0    00000008     app_main.o (.data._ZN3appL10g_appStateE)
                  202000f8    00000008     board_buzzer.o (.data._ZN5boardL15g_buzzerContextE)
                  20200100    00000008     board_led.o (.data._ZN5boardL18g_statusLedContextE)
                  20200108    00000004     app_main.o (.data._ZN12_GLOBAL__N_118g_debugUartCounterE)
                  2020010c    00000004     time.o (.data._ZN8servicesL8g_millisE)
                  20200110    00000001     fault.o (.data._ZN8servicesL11g_faultCodeE)
                  20200111    00000001     debug_uart.o (.data._ZN8servicesL16g_debugUartReadyE)

.stack     0    2020ff00    00000100     UNINITIALIZED
                  2020ff00    00000004     libc.a : boot_cortex_m.c.obj (.stack)
                  2020ff04    000000fc     --HOLE--

__llvm_prf_cnts 
*          0    20200000    00000000     UNINITIALIZED

__llvm_prf_bits 
*          0    20200000    00000000     UNINITIALIZED

MODULE SUMMARY

       Module                         code   ro data   rw data
       ------                         ----   -------   -------
    .\
       ti_msp_dl_config.o             316    12        0      
       startup_mspm0g351x_ticlang.o   6      192       0      
       empty_cpp.o                    58     0         0      
    +--+------------------------------+------+---------+---------+
       Total:                         380    204       0      
                                                              
    .\app\
       app_main.o                     120    17        12     
    +--+------------------------------+------+---------+---------+
       Total:                         120    17        12     
                                                              
    .\board\
       board_buzzer.o                 20     12        8      
       board_led.o                    20     12        8      
       board.o                        14     0         0      
    +--+------------------------------+------+---------+---------+
       Total:                         54     24        16     
                                                              
    .\drivers\buzzer\
       buzzer.o                       56     0         0      
    +--+------------------------------+------+---------+---------+
       Total:                         56     0         0      
                                                              
    .\drivers\led\
       led.o                          56     0         0      
    +--+------------------------------+------+---------+---------+
       Total:                         56     0         0      
                                                              
    .\services\
       scheduler.o                    832    0         240    
       debug_uart.o                   396    0         1      
       time.o                         84     0         4      
       fault.o                        40     0         1      
       log.o                          2      0         0      
    +--+------------------------------+------+---------+---------+
       Total:                         1354   0         246    
                                                              
    C:/ti/mspm0_sdk_2_10_00_04/source/ti/driverlib/lib/ticlang/m0p/mspm0gx51x/driverlib.a
       dl_uart.o                      138    0         0      
       dl_common.o                    10     0         0      
    +--+------------------------------+------+---------+---------+
       Total:                         148    0         0      
                                                              
    C:\ti\ccs2100\ccs\tools\compiler\ti-cgt-armllvm_5.1.1.LTS\lib\armv6m-ti-none-eabi/c/libc.a
       memcpy16.S.obj                 154    0         0      
       copy_decompress_lzss.c.obj     124    0         0      
       autoinit.c.obj                 60     0         0      
       boot_cortex_m.c.obj            40     0         0      
       copy_decompress_none.c.obj     18     0         0      
       exit.c.obj                     6      0         0      
       pre_init.c.obj                 4      0         0      
    +--+------------------------------+------+---------+---------+
       Total:                         406    0         0      
                                                              
    C:\ti\ccs2100\ccs\tools\compiler\ti-cgt-armllvm_5.1.1.LTS\lib\armv6m-ti-none-eabi/c/libsysbm.a
       hostexit.c.obj                 4      0         0      
    +--+------------------------------+------+---------+---------+
       Total:                         4      0         0      
                                                              
    C:\ti\ccs2100\ccs\tools\compiler\ti-cgt-armllvm_5.1.1.LTS\lib\armv6m-ti-none-eabi/libclang_rt.builtins.a
       aeabi_uidivmod.S.obj           64     0         0      
       aeabi_memcpy.S.obj             8      0         0      
       aeabi_div0.c.obj               2      0         0      
    +--+------------------------------+------+---------+---------+
       Total:                         74     0         0      
                                                              
       Stack:                         0      0         256    
       Linker Generated:              0      25        0      
    +--+------------------------------+------+---------+---------+
       Grand Total:                   2652   270       530    


LINKER GENERATED COPY TABLES

__TI_cinit_table @ 00000b6c records: 1, size/record: 8, table size: 8
	.data: load addr=00000b58, load size=00000009 bytes, run addr=20200000, run size=00000112 bytes, compression=lzss


LINKER GENERATED HANDLER TABLE

__TI_handler_table @ 00000b64 records: 2, size/record: 4, table size: 8
	index: 0, handler: __TI_decompress_lzss
	index: 1, handler: __TI_decompress_none


GLOBAL SYMBOLS: SORTED ALPHABETICALLY BY Name 

address   name                                                             
-------   ----                                                             
0000060f  ADC0_IRQHandler                                                  
0000060f  ADC1_IRQHandler                                                  
0000060f  AESADV_IRQHandler                                                
00000b0e  C$$EXIT                                                          
0000060f  CANFD0_IRQHandler                                                
0000060f  CANFD1_IRQHandler                                                
0000060f  DAC0_IRQHandler                                                  
00000af5  DL_Common_delayCycles                                            
00000709  DL_UART_init                                                     
00000a69  DL_UART_setClockConfig                                           
00000969  DL_UART_transmitDataBlocking                                     
0000060f  DMA_IRQHandler                                                   
0000060f  Default_Handler                                                  
0000060f  GROUP0_IRQHandler                                                
0000060f  GROUP1_IRQHandler                                                
00000b0f  HOSTexit                                                         
0000060f  HardFault_Handler                                                
0000060f  I2C0_IRQHandler                                                  
0000060f  I2C1_IRQHandler                                                  
0000060f  I2C2_IRQHandler                                                  
0000060f  LFSS_IRQHandler                                                  
0000060f  NMI_Handler                                                      
0000060f  PendSV_Handler                                                   
00000b13  Reset_Handler                                                    
0000060f  SPI0_IRQHandler                                                  
0000060f  SPI1_IRQHandler                                                  
0000060f  SPI2_IRQHandler                                                  
0000060f  SVC_Handler                                                      
00000611  SYSCFG_DL_DEBUG_UART_init                                        
000007d1  SYSCFG_DL_GPIO_init                                              
00000999  SYSCFG_DL_SYSCTL_init                                            
00000a2d  SYSCFG_DL_init                                                   
00000751  SYSCFG_DL_initPower                                              
00000a8d  SysTick_Handler                                                  
0000060f  TIMA0_IRQHandler                                                 
0000060f  TIMA1_IRQHandler                                                 
0000060f  TIMG0_IRQHandler                                                 
0000060f  TIMG12_IRQHandler                                                
0000060f  TIMG14_IRQHandler                                                
0000060f  TIMG6_IRQHandler                                                 
0000060f  TIMG7_IRQHandler                                                 
0000060f  TIMG8_IRQHandler                                                 
0000060f  TIMG9_IRQHandler                                                 
0000060f  UART0_IRQHandler                                                 
0000060f  UART1_IRQHandler                                                 
0000060f  UART3_IRQHandler                                                 
0000060f  UART4_IRQHandler                                                 
0000060f  UART5_IRQHandler                                                 
0000060f  UART6_IRQHandler                                                 
0000060f  UART7_IRQHandler                                                 
00000a11  _ZN3app7App_RunEv                                                
0000080d  _ZN3app8App_InitEv                                               
00000aad  _ZN5board10Board_InitEv                                          
000008bf  _ZN5board14Board_LateInitEv                                      
00000a41  _ZN5board16Board_BuzzerInitEv                                    
00000a55  _ZN5board19Board_StatusLedInitEv                                 
000008c1  _ZN7drivers11Buzzer_InitEPNS_13BuzzerContextEPKNS_12BuzzerConfigE
000008f9  _ZN7drivers8Led_InitEPNS_10LedContextEPKNS_9LedConfigE           
00000ab9  _ZN8services10Fault_InitEv                                       
00000ac5  _ZN8services11Time_MillisEv                                      
000000c1  _ZN8services13Scheduler_RunEv                                    
00000ad1  _ZN8services14DebugUart_InitEv                                   
000004c5  _ZN8services14Scheduler_InitEv                                   
00000add  _ZN8services17DebugUart_IsReadyEv                                
000003e5  _ZN8services17Scheduler_AddTaskEPKcPFvvEjjPh                     
00000271  _ZN8services25DebugUart_WriteLineUInt32Ej                        
00000aff  _ZN8services8Log_InitEv                                          
00000ae9  _ZN8services9Fault_GetEv                                         
00000a9d  _ZN8services9Fault_SetENS_9FaultCodeE                            
00000931  _ZN8services9Time_InitEv                                         
20210000  __STACK_END                                                      
00000100  __STACK_SIZE                                                     
00000000  __TI_ATRegion0_region_sz                                         
00000000  __TI_ATRegion0_src_addr                                          
00000000  __TI_ATRegion0_trg_addr                                          
00000000  __TI_ATRegion1_region_sz                                         
00000000  __TI_ATRegion1_src_addr                                          
00000000  __TI_ATRegion1_trg_addr                                          
00000000  __TI_ATRegion2_region_sz                                         
00000000  __TI_ATRegion2_src_addr                                          
00000000  __TI_ATRegion2_trg_addr                                          
00000b6c  __TI_CINIT_Base                                                  
00000b74  __TI_CINIT_Limit                                                 
00000b74  __TI_CINIT_Warm                                                  
00000b64  __TI_Handler_Table_Base                                          
00000b6c  __TI_Handler_Table_Limit                                         
00000849  __TI_auto_init_nobinit_nopinit                                   
0000068d  __TI_decompress_lzss                                             
00000a7b  __TI_decompress_none                                             
ffffffff  __TI_pprof_out_hndl                                              
ffffffff  __TI_prof_data_size                                              
ffffffff  __TI_prof_data_start                                             
00000000  __TI_static_base__                                               
00000b1b  __aeabi_idiv0                                                    
00000b01  __aeabi_memcpy                                                   
00000b01  __aeabi_memcpy4                                                  
00000b01  __aeabi_memcpy8                                                  
00000791  __aeabi_uidiv                                                    
00000791  __aeabi_uidivmod                                                 
ffffffff  __binit__                                                        
UNDEFED   __mpu_init                                                       
2020ff00  __stack                                                          
20200000  __start___llvm_prf_bits                                          
20200000  __start___llvm_prf_cnts                                          
20200000  __stop___llvm_prf_bits                                           
20200000  __stop___llvm_prf_cnts                                           
000009c9  _c_int00_noargs                                                  
UNDEFED   _system_post_cinit                                               
00000b17  _system_pre_init                                                 
00000b09  abort                                                            
ffffffff  binit                                                            
00000000  interruptVectors                                                 
00000885  main                                                             
00000575  memcpy                                                           


GLOBAL SYMBOLS: SORTED BY Symbol Address 

address   name                                                             
-------   ----                                                             
00000000  __TI_ATRegion0_region_sz                                         
00000000  __TI_ATRegion0_src_addr                                          
00000000  __TI_ATRegion0_trg_addr                                          
00000000  __TI_ATRegion1_region_sz                                         
00000000  __TI_ATRegion1_src_addr                                          
00000000  __TI_ATRegion1_trg_addr                                          
00000000  __TI_ATRegion2_region_sz                                         
00000000  __TI_ATRegion2_src_addr                                          
00000000  __TI_ATRegion2_trg_addr                                          
00000000  __TI_static_base__                                               
00000000  interruptVectors                                                 
000000c1  _ZN8services13Scheduler_RunEv                                    
00000100  __STACK_SIZE                                                     
00000271  _ZN8services25DebugUart_WriteLineUInt32Ej                        
000003e5  _ZN8services17Scheduler_AddTaskEPKcPFvvEjjPh                     
000004c5  _ZN8services14Scheduler_InitEv                                   
00000575  memcpy                                                           
0000060f  ADC0_IRQHandler                                                  
0000060f  ADC1_IRQHandler                                                  
0000060f  AESADV_IRQHandler                                                
0000060f  CANFD0_IRQHandler                                                
0000060f  CANFD1_IRQHandler                                                
0000060f  DAC0_IRQHandler                                                  
0000060f  DMA_IRQHandler                                                   
0000060f  Default_Handler                                                  
0000060f  GROUP0_IRQHandler                                                
0000060f  GROUP1_IRQHandler                                                
0000060f  HardFault_Handler                                                
0000060f  I2C0_IRQHandler                                                  
0000060f  I2C1_IRQHandler                                                  
0000060f  I2C2_IRQHandler                                                  
0000060f  LFSS_IRQHandler                                                  
0000060f  NMI_Handler                                                      
0000060f  PendSV_Handler                                                   
0000060f  SPI0_IRQHandler                                                  
0000060f  SPI1_IRQHandler                                                  
0000060f  SPI2_IRQHandler                                                  
0000060f  SVC_Handler                                                      
0000060f  TIMA0_IRQHandler                                                 
0000060f  TIMA1_IRQHandler                                                 
0000060f  TIMG0_IRQHandler                                                 
0000060f  TIMG12_IRQHandler                                                
0000060f  TIMG14_IRQHandler                                                
0000060f  TIMG6_IRQHandler                                                 
0000060f  TIMG7_IRQHandler                                                 
0000060f  TIMG8_IRQHandler                                                 
0000060f  TIMG9_IRQHandler                                                 
0000060f  UART0_IRQHandler                                                 
0000060f  UART1_IRQHandler                                                 
0000060f  UART3_IRQHandler                                                 
0000060f  UART4_IRQHandler                                                 
0000060f  UART5_IRQHandler                                                 
0000060f  UART6_IRQHandler                                                 
0000060f  UART7_IRQHandler                                                 
00000611  SYSCFG_DL_DEBUG_UART_init                                        
0000068d  __TI_decompress_lzss                                             
00000709  DL_UART_init                                                     
00000751  SYSCFG_DL_initPower                                              
00000791  __aeabi_uidiv                                                    
00000791  __aeabi_uidivmod                                                 
000007d1  SYSCFG_DL_GPIO_init                                              
0000080d  _ZN3app8App_InitEv                                               
00000849  __TI_auto_init_nobinit_nopinit                                   
00000885  main                                                             
000008bf  _ZN5board14Board_LateInitEv                                      
000008c1  _ZN7drivers11Buzzer_InitEPNS_13BuzzerContextEPKNS_12BuzzerConfigE
000008f9  _ZN7drivers8Led_InitEPNS_10LedContextEPKNS_9LedConfigE           
00000931  _ZN8services9Time_InitEv                                         
00000969  DL_UART_transmitDataBlocking                                     
00000999  SYSCFG_DL_SYSCTL_init                                            
000009c9  _c_int00_noargs                                                  
00000a11  _ZN3app7App_RunEv                                                
00000a2d  SYSCFG_DL_init                                                   
00000a41  _ZN5board16Board_BuzzerInitEv                                    
00000a55  _ZN5board19Board_StatusLedInitEv                                 
00000a69  DL_UART_setClockConfig                                           
00000a7b  __TI_decompress_none                                             
00000a8d  SysTick_Handler                                                  
00000a9d  _ZN8services9Fault_SetENS_9FaultCodeE                            
00000aad  _ZN5board10Board_InitEv                                          
00000ab9  _ZN8services10Fault_InitEv                                       
00000ac5  _ZN8services11Time_MillisEv                                      
00000ad1  _ZN8services14DebugUart_InitEv                                   
00000add  _ZN8services17DebugUart_IsReadyEv                                
00000ae9  _ZN8services9Fault_GetEv                                         
00000af5  DL_Common_delayCycles                                            
00000aff  _ZN8services8Log_InitEv                                          
00000b01  __aeabi_memcpy                                                   
00000b01  __aeabi_memcpy4                                                  
00000b01  __aeabi_memcpy8                                                  
00000b09  abort                                                            
00000b0e  C$$EXIT                                                          
00000b0f  HOSTexit                                                         
00000b13  Reset_Handler                                                    
00000b17  _system_pre_init                                                 
00000b1b  __aeabi_idiv0                                                    
00000b64  __TI_Handler_Table_Base                                          
00000b6c  __TI_CINIT_Base                                                  
00000b6c  __TI_Handler_Table_Limit                                         
00000b74  __TI_CINIT_Limit                                                 
00000b74  __TI_CINIT_Warm                                                  
20200000  __start___llvm_prf_bits                                          
20200000  __start___llvm_prf_cnts                                          
20200000  __stop___llvm_prf_bits                                           
20200000  __stop___llvm_prf_cnts                                           
2020ff00  __stack                                                          
20210000  __STACK_END                                                      
ffffffff  __TI_pprof_out_hndl                                              
ffffffff  __TI_prof_data_size                                              
ffffffff  __TI_prof_data_start                                             
ffffffff  __binit__                                                        
ffffffff  binit                                                            
UNDEFED   __mpu_init                                                       
UNDEFED   _system_post_cinit                                               

[114 symbols]
