******************************************************************************
            TI ARM Clang Linker PC v5.1.1                      
******************************************************************************
>> Linked Mon Jul  6 22:51:53 2026

OUTPUT FILE NAME:   <gugaPI.out>
ENTRY POINT SYMBOL: "_c_int00_noargs"  address: 0000bc49


MEMORY CONFIGURATION

         name            origin    length      used     unused   attr    fill
----------------------  --------  ---------  --------  --------  ----  --------
  FLASH                 00000000   00080000  0000e120  00071ee0  R  X
  SRAM_BANK0            20200000   00010000  000006c6  0000f93a  RW X
  SRAM_BANK1            20210000   00010000  00000000  00010000  RW X
  BCR_CONFIG            41c00000   000000ff  00000000  000000ff  R   
  BSL_CONFIG            41c00100   00000080  00000000  00000080  R   
  DATA                  41d00000   00004000  00000000  00004000  R   


SEGMENT ALLOCATION MAP

run origin  load origin   length   init length attrs members
----------  ----------- ---------- ----------- ----- -------
00000000    00000000    0000c508   0000c508    r-x
  00000000    00000000    000000c0   000000c0    r-- .intvecs
  000000c0    000000c0    0000c448   0000c448    r-x .text
0000c510    0000c510    00001c18   00001c18    r--
  0000c510    0000c510    00001be0   00001be0    r-- .rodata
  0000e0f0    0000e0f0    00000038   00000038    r-- .cinit
20200000    20200000    000005c6   00000000    rw-
  20200000    20200000    00000338   00000000    rw- .bss
  20200338    20200338    0000028e   00000000    rw- .data
2020ff00    2020ff00    00000100   00000000    rw-
  2020ff00    2020ff00    00000100   00000000    rw- .stack


SECTION ALLOCATION MAP

 output                                  attributes/
section   page    origin      length       input sections
--------  ----  ----------  ----------   ----------------
.intvecs   0    00000000    000000c0     
                  00000000    000000c0     startup_mspm0g351x_ticlang.o (.intvecs)

.text      0    000000c0    0000c448     
                  000000c0    00001e04     app_shell.o (.text._ZN3app12_GLOBAL__N_112MotorCommandEiPKPKc)
                  00001ec4    00000a5c     app_shell.o (.text._ZN3app12_GLOBAL__N_110ImuCommandEiPKPKc)
                  00002920    000008c0     app_shell.o (.text._ZN3app12_GLOBAL__N_113Ina219CommandEiPKPKc)
                  000031e0    00000880     app_shell.o (.text._ZN3app12_GLOBAL__N_111LoraCommandEiPKPKc)
                  00003a60    00000830     app_shell.o (.text._ZN3app12_GLOBAL__N_111OledCommandEiPKPKc)
                  00004290    00000724     app_shell.o (.text._ZN3app12_GLOBAL__N_110I2cCommandEiPKPKc)
                  000049b4    00000474     shell.o (.text._ZN8services12_GLOBAL__N_113HandleLineEndEv)
                  00004e28    00000430     app_shell.o (.text._ZN3app12_GLOBAL__N_111FramCommandEiPKPKc)
                  00005258    000003f8     app_shell.o (.text._ZN3app12_GLOBAL__N_112MotorRequestEhhPKhhPNS0_18MotorProtocolFrameE)
                  00005650    000002cc     board_imu.o (.text._ZN5board12_GLOBAL__N_123ReadRegisterWithCommandEhPh)
                  0000591c    00000284     board_imu.o (.text._ZN5board22Board_ImuWiggleSpiPinsEj)
                  00005ba0    00000268     i2c_diag.o (.text._ZN7drivers22I2cDiag_WriteReg8BlockEPKNS_16I2cDiagBusConfigEhhPKht)
                  00005e08    00000238     i2c_diag.o (.text._ZN7drivers16I2cDiag_ReadReg8EPKNS_16I2cDiagBusConfigEhhPht)
                  00006040    00000234     board_imu.o (.text._ZN5board21Board_ImuSpiSampleIcmEhPhj)
                  00006274    00000230     app_shell.o (.text._ZN3app12_GLOBAL__N_113ButtonCommandEiPKPKc)
                  000064a4    00000224     fm24cl64b.o (.text._ZN7drivers14Fm24cl64b_ReadEPNS_16Fm24cl64bContextEtPht)
                  000066c8    0000021c     board_imu.o (.text._ZN5board20Board_ImuSpiBurstIcmEjh)
                  000068e4    00000208     oled_ssd1306.o (.text._ZN7drivers22OledSsd1306_DrawStringEPNS_18OledSsd1306ContextEhhPKc)
                  00006aec    000001e0     ina219.o (.text._ZN7drivers17Ina219_RecoverBusEPNS_13Ina219ContextE)
                  00006ccc    000001e0     fm24cl64b.o (.text._ZN7drivers20Fm24cl64b_RecoverBusEPNS_16Fm24cl64bContextE)
                  00006eac    000001d0     fm24cl64b.o (.text._ZN7drivers15Fm24cl64b_WriteEPNS_16Fm24cl64bContextEtPKht)
                  0000707c    000001d0     i2c_diag.o (.text._ZN7drivers18I2cDiag_RecoverBusEPKNS_16I2cDiagBusConfigE)
                  0000724c    000001c8     i2c_diag.o (.text._ZN7drivers17I2cDiag_WriteReg8EPKNS_16I2cDiagBusConfigEhhPKht)
                  00007414    000001b0     scheduler.o (.text._ZN8services13Scheduler_RunEv)
                  000075c4    000001a4     ina219.o (.text._ZN7drivers12_GLOBAL__N_120ReadRegisterInternalEPNS_13Ina219ContextEhPt)
                  00007768    000001a0     app_shell.o (.text._ZN3app12_GLOBAL__N_123PrintMotorPositionBlockERKNS0_18MotorProtocolFrameE)
                  00007908    00000188     i2c_diag.o (.text._ZN7drivers20I2cDiag_ProbeAddressEPKNS_16I2cDiagBusConfigEh)
                  00007a90    00000170     app_shell.o (.text._ZN3app12_GLOBAL__N_113ParseI2cRangeEiPKPKchPhS5_)
                  00007c00    00000170     oled_ssd1306.o (.text._ZN7drivers23OledSsd1306_DrawCheckerEPNS_18OledSsd1306ContextE)
                  00007d70    00000164     board_i2c_bus.o (.text._ZN5board16Board_I2cBusFindEPKc)
                  00007ed4    00000150     app_shell.o (.text._ZN3app12_GLOBAL__N_115PrintMotorUsageEv)
                  00008024    00000148     app_shell.o (.text._ZN3app12_GLOBAL__N_114PrintI2cStatusEPKN7drivers16I2cDiagBusConfigE)
                  0000816c    00000140     debug_uart.o (.text._ZN8services21DebugUart_WriteUInt32Ej)
                  000082ac    0000013c     app_shell.o (.text._ZN3app12_GLOBAL__N_110I2cScanBusEPKN7drivers16I2cDiagBusConfigEhhb)
                  000083e8    00000138     app_shell.o (.text._ZN3app25AppShell_RegisterCommandsEv)
                  00008520    00000120     ina219.o (.text._ZN7drivers12_GLOBAL__N_121WriteRegisterInternalEPNS_13Ina219ContextEht)
                  00008640    00000108     app_shell.o (.text._ZN3app12_GLOBAL__N_119PrintMotorFrameDataEPKcRKNS0_18MotorProtocolFrameE)
                  00008748    00000100     shell.o (.text._ZN8services10Shell_InitEv)
                  00008848    000000f8     app_shell.o (.text._ZN3app12_GLOBAL__N_110ParseInt32EPKciiPi)
                  00008940    000000ec     ti_msp_dl_config.o (.text.SYSCFG_DL_GPIO_init)
                  00008a2c    000000e0     app_shell.o (.text._ZN3app12_GLOBAL__N_110LedCommandEiPKPKc)
                  00008b0c    000000e0     app_shell.o (.text._ZN3app12_GLOBAL__N_113BuzzerCommandEiPKPKc)
                  00008bec    000000e0     scheduler.o (.text._ZN8services17Scheduler_AddTaskEPKcPFvvEjjPh)
                  00008ccc    000000d4     shell.o (.text._ZN8services21Shell_RegisterCommandEPKcS1_PFviPKS1_E)
                  00008da0    000000d0     app_shell.o (.text._ZN3app12_GLOBAL__N_121PrintMotorEncoderLineEPKcRKNS0_18MotorProtocolFrameE)
                  00008e70    000000c8     board_imu.o (.text._ZN5board25Board_Lis3mdlReadRegisterEhPh)
                  00008f38    000000c8     ina219.o (.text._ZN7drivers11Ina219_InitEPNS_13Ina219ContextEPKNS_12Ina219ConfigE)
                  00009000    000000c8     lora.o (.text._ZN7drivers14LoraUart_WriteEPNS_15LoraUartContextEPKht)
                  000090c8    000000c8     motor_driver_uart.o (.text._ZN7drivers21MotorDriverUart_WriteEPNS_22MotorDriverUartContextEPKht)
                  00009190    000000c4     board_imu.o (.text._ZN5board26Board_Icm45686ReadRegisterEhPh)
                  00009254    000000c0     board_imu.o (.text._ZN5board23Board_Lis3mdlReadWhoAmIEPh)
                  00009314    000000b8     ina219.o (.text._ZN7drivers12_GLOBAL__N_113ReleaseI2cBusEPKNS_12Ina219ConfigE)
                  000093cc    000000b8     i2c_diag.o (.text._ZN7drivers12_GLOBAL__N_113ReleaseI2cBusEPKNS_16I2cDiagBusConfigE)
                  00009484    000000b4     oled_ssd1306.o (.text._ZN7drivers16OledSsd1306_InitEPNS_18OledSsd1306ContextEPKNS_17OledSsd1306ConfigE)
                  00009538    000000b4     motor_driver_uart.o (.text._ZN7drivers20MotorDriverUart_InitEPNS_22MotorDriverUartContextEPKNS_21MotorDriverUartConfigE)
                  000095ec    000000b0     app_shell.o (.text._ZN3app12_GLOBAL__N_110WriteHex32Ej)
                  0000969c    000000b0     scheduler.o (.text._ZN8services14Scheduler_InitEv)
                  0000974c    000000ac     app_shell.o (.text._ZN3app12_GLOBAL__N_110PwmCommandEiPKPKc)
                  000097f8    000000a4     app_shell.o (.text._ZN3app12_GLOBAL__N_118PrintMotorRpmBlockERKNS0_18MotorProtocolFrameE)
                  0000989c    000000a4     fm24cl64b.o (.text._ZN7drivers18Fm24cl64b_SelfTestEPNS_16Fm24cl64bContextEt)
                  00009940    000000a2     libclang_rt.builtins.a : udivmoddi4.S.obj (.text)
                  000099e2    0000009c     app_shell.o (.text._ZN3app12_GLOBAL__N_111ParseUint32EPKcjPj)
                  00009a7e    00000002     startup_mspm0g351x_ticlang.o (.text.Default_Handler)
                  00009a80    0000009c     board_imu.o (.text._ZN5board19Board_ImuSetSpiModeEh)
                  00009b1c    0000009a     libc.a : memcpy16.S.obj (.text:memcpy)
                  00009bb6    00000002     board.o (.text._ZN5board14Board_LateInitEv)
                  00009bb8    00000098     motor_driver_uart.o (.text._ZN7drivers29MotorDriverUart_ClearRxBufferEPNS_22MotorDriverUartContextE)
                  00009c50    00000094     oled_ssd1306.o (.text._ZN7drivers12_GLOBAL__N_113WriteRepeatedEPNS_18OledSsd1306ContextEh)
                  00009ce4    00000094     lora.o (.text._ZN7drivers18LoraUart_WriteByteEPNS_15LoraUartContextEh)
                  00009d78    00000094     motor_driver_uart.o (.text._ZN7drivers25MotorDriverUart_WriteByteEPNS_22MotorDriverUartContextEh)
                  00009e0c    00000094     shell.o (.text._ZN8services13Shell_ProcessEv)
                  00009ea0    00000092     ina219.o (.text._ZN7drivers23Ina219_ReadRawRegistersEPNS_13Ina219ContextEPNS_18Ina219RawRegistersE)
                  00009f32    0000008a     app_shell.o (.text._ZN3app12_GLOBAL__N_121MotorReadCountsPerRevEbPj)
                  00009fbc    00000088     ti_msp_dl_config.o (.text.SYSCFG_DL_DEBUG_UART_init)
                  0000a044    00000088     ti_msp_dl_config.o (.text.SYSCFG_DL_LORA_UART_init)
                  0000a0cc    00000088     ti_msp_dl_config.o (.text.SYSCFG_DL_MOTOR_UART_init)
                  0000a154    00000084     lora.o (.text._ZN7drivers13LoraUart_InitEPNS_15LoraUartContextEPKNS_14LoraUartConfigE)
                  0000a1d8    0000007e     app_shell.o (.text._ZN3app12_GLOBAL__N_113LoraWriteArgsEiPKPKcbPt)
                  0000a256    0000007e     app_shell.o (.text._ZN3app12_GLOBAL__N_114MotorWriteArgsEiPKPKcbPt)
                  0000a2d4    0000007c     ti_msp_dl_config.o (.text.SYSCFG_DL_initPower)
                  0000a350    0000007c     lora.o (.text._ZN7drivers19LoraUart_IrqHandlerEPNS_15LoraUartContextE)
                  0000a3cc    0000007c     libc.a : copy_decompress_lzss.c.obj (.text:decompress:lzss)
                  0000a448    00000078     app_shell.o (.text._ZN3app12_GLOBAL__N_130PrintMotorPositionControlBlockERKNS0_18MotorProtocolFrameE)
                  0000a4c0    00000074     app_shell.o (.text._ZN3app12_GLOBAL__N_118PrintMotorPidBlockERKNS0_18MotorProtocolFrameE)
                  0000a534    00000074     ina219.o (.text._ZN7drivers22Ina219_ReadMeasurementEPNS_13Ina219ContextEPNS_17Ina219MeasurementE)
                  0000a5a8    0000006c     debug_uart.o (.text.UART3_IRQHandler)
                  0000a614    0000006c     motor_driver_uart.o (.text._ZN7drivers26MotorDriverUart_IrqHandlerEPNS_22MotorDriverUartContextE)
                  0000a680    0000006c     debug_uart.o (.text._ZN8services21DebugUart_WriteStringEPKc)
                  0000a6ec    00000068     app_shell.o (.text._ZN3app12_GLOBAL__N_113PrintImuUsageEv)
                  0000a754    00000068     app_shell.o (.text._ZN3app12_GLOBAL__N_116PrintIna219UsageEv)
                  0000a7bc    00000068     app_shell.o (.text._ZN3app12_GLOBAL__N_121PrintMotorConfigBlockERKNS0_18MotorProtocolFrameE)
                  0000a824    00000066     app_shell.o (.text._ZN3app12_GLOBAL__N_121MotorReadEncoderCountEbPi)
                  0000a88a    00000002     log.o (.text._ZN8services8Log_InitEv)
                  0000a88c    00000064     app_shell.o (.text._ZN3app12_GLOBAL__N_110WriteHex16Et)
                  0000a8f0    00000064     app_shell.o (.text._ZN3app12_GLOBAL__N_127PrintMotorPositionPidFieldsEPKh)
                  0000a954    00000064     board_imu.o (.text._ZN5board22Board_ImuGetLineStatusEPNS_18BoardImuLineStatusE)
                  0000a9b8    00000064     fm24cl64b.o (.text._ZN7drivers14Fm24cl64b_InitEPNS_16Fm24cl64bContextEPKNS_15Fm24cl64bConfigE)
                  0000aa1c    00000062     libc.a : memset16.S.obj (.text:memset)
                  0000aa7e    00000002     libclang_rt.builtins.a : aeabi_div0.c.obj (.text.__aeabi_idiv0)
                  0000aa80    00000060     app_shell.o (.text._ZN3app12_GLOBAL__N_113PrintI2cUsageEv)
                  0000aae0    00000060     app_shell.o (.text._ZN3app12_GLOBAL__N_114PrintOledUsageEv)
                  0000ab40    00000060     lora.o (.text._ZN7drivers22LoraUart_ClearRxBufferEPNS_15LoraUartContextE)
                  0000aba0    0000005e     driverlib.a : dl_i2c.o (.text.DL_I2C_fillControllerTXFIFO)
                  0000abfe    0000005e     button.o (.text._ZN7drivers13Button_UpdateEPNS_13ButtonContextEj)
                  0000ac5c    0000005c     board_oled.o (.text._ZN5board22Board_OledGetBusStatusEPjPbS1_)
                  0000acb8    00000058     ina219.o (.text._ZN7drivers17Ina219_SetAddressEPNS_13Ina219ContextEh)
                  0000ad10    00000058     i2c_diag.o (.text._ZN7drivers20I2cDiag_GetBusStatusEPKNS_16I2cDiagBusConfigEPNS_16I2cDiagBusStatusE)
                  0000ad68    00000056     oled_ssd1306.o (.text._ZN7drivers21OledSsd1306_SetInvertEPNS_18OledSsd1306ContextEb)
                  0000adbe    00000056     oled_ssd1306.o (.text._ZN7drivers24OledSsd1306_SetDisplayOnEPNS_18OledSsd1306ContextEb)
                  0000ae14    00000054     ti_msp_dl_config.o (.text.SYSCFG_DL_MOTOR_I2C_init)
                  0000ae68    00000054     ti_msp_dl_config.o (.text.SYSCFG_DL_SENSOR_I2C_init)
                  0000aebc    00000054     app_shell.o (.text._ZN3app12_GLOBAL__N_114PrintLoraUsageEv)
                  0000af10    00000054     debug_uart.o (.text._ZN8services14DebugUart_InitEv)
                  0000af64    00000052     empty_cpp.o (.text.main)
                  0000afb6    00000002     libclang_rt.builtins.a : aeabi_div0.c.obj (.text.__aeabi_ldiv0)
                  0000afb8    00000050     board_ina219.o (.text._ZN5board16Board_Ina219InitEv)
                  0000b008    00000050     board_imu.o (.text._ZN5board27Board_ImuSetChipSelectDebugEbbbb)
                  0000b058    0000004c     ti_msp_dl_config.o (.text.SYSCFG_DL_IMU_SPI_init)
                  0000b0a4    00000048     driverlib.a : dl_uart.o (.text.DL_UART_init)
                  0000b0ec    00000048     board_fram.o (.text._ZN5board22Board_FramGetBusStatusEPjPbS1_)
                  0000b134    00000048     board_ina219.o (.text._ZN5board24Board_Ina219GetBusStatusEPjPbS1_)
                  0000b17c    00000048     debug_uart.o (.text._ZN8services18DebugUart_ReadByteEPh)
                  0000b1c4    00000044     driverlib.a : dl_spi.o (.text.DL_SPI_init)
                  0000b208    00000044     board_imu.o (.text._ZN5board13Board_ImuInitEv)
                  0000b24c    00000044     ina219.o (.text._ZN7drivers19Ina219_GetBusStatusEPNS_13Ina219ContextEPNS_15Ina219BusStatusE)
                  0000b290    00000044     fm24cl64b.o (.text._ZN7drivers22Fm24cl64b_GetBusStatusEPNS_16Fm24cl64bContextEPNS_18Fm24cl64bBusStatusE)
                  0000b2d4    00000040     ti_msp_dl_config.o (.text.SYSCFG_DL_init)
                  0000b314    00000040     app_shell.o (.text._ZN3app12_GLOBAL__N_114PrintFramUsageEv)
                  0000b354    00000040     app_shell.o (.text._ZN3app12_GLOBAL__N_114VersionCommandEiPKPKc)
                  0000b394    00000040     lora.o (.text._ZN7drivers17LoraUart_ReadByteEPNS_15LoraUartContextEPh)
                  0000b3d4    00000040     motor_driver_uart.o (.text._ZN7drivers24MotorDriverUart_ReadByteEPNS_22MotorDriverUartContextEPh)
                  0000b414    00000040     libclang_rt.builtins.a : aeabi_uidivmod.S.obj (.text)
                  0000b454    0000003e     button.o (.text._ZN7drivers11Button_InitEPNS_13ButtonContextEPKNS_12ButtonConfigE)
                  0000b492    0000003e     libclang_rt.builtins.a : divmoddi4.c.obj (.text.__divmoddi4)
                  0000b4d0    0000003c     driverlib.a : dl_i2c.o (.text.DL_I2C_flushControllerTXFIFO)
                  0000b50c    0000003c     app_shell.o (.text._ZN3app12_GLOBAL__N_19WriteHex8Eh)
                  0000b548    0000003c     board_button.o (.text._ZN5board17Board_ButtonsInitEv)
                  0000b584    0000003c     ina219.o (.text._ZN7drivers23Ina219_ConfigureDefaultEPNS_13Ina219ContextE)
                  0000b5c0    0000003c     libc.a : autoinit.c.obj (.text:__TI_auto_init_nobinit_nopinit)
                  0000b5fc    0000003a     oled_ssd1306.o (.text._ZN7drivers17OledSsd1306_ClearEPNS_18OledSsd1306ContextE)
                  0000b636    00000002     --HOLE-- [fill = 0]
                  0000b638    0000003a     libclang_rt.builtins.a : muldsi3.S.obj (.text)
                  0000b672    00000002     --HOLE-- [fill = 0]
                  0000b674    00000038     buzzer.o (.text._ZN7drivers11Buzzer_InitEPNS_13BuzzerContextEPKNS_12BuzzerConfigE)
                  0000b6ac    00000038     button.o (.text._ZN7drivers14Button_ReadRawEPNS_13ButtonContextEPb)
                  0000b6e4    00000038     oled_ssd1306.o (.text._ZN7drivers16OledSsd1306_FillEPNS_18OledSsd1306ContextEh)
                  0000b71c    00000038     ina219.o (.text._ZN7drivers19Ina219_ProbeAddressEPNS_13Ina219ContextEhPt)
                  0000b754    00000038     led.o (.text._ZN7drivers8Led_InitEPNS_10LedContextEPKNS_9LedConfigE)
                  0000b78c    00000038     time.o (.text._ZN8services9Time_InitEv)
                  0000b7c4    00000036     oled_ssd1306.o (.text._ZN7drivers19OledSsd1306_IsReadyEPKNS_18OledSsd1306ContextE)
                  0000b7fa    00000002     --HOLE-- [fill = 0]
                  0000b7fc    00000034     app_shell.o (.text._ZN3app12_GLOBAL__N_126PrintMotorPositionPidBlockERKNS0_18MotorProtocolFrameE)
                  0000b830    00000034     app_main.o (.text._ZN3app8App_InitEv)
                  0000b864    00000034     board_button.o (.text._ZN5board19Board_ButtonsUpdateEj)
                  0000b898    00000030     driverlib.a : dl_i2c.o (.text.DL_I2C_flushControllerRXFIFO)
                  0000b8c8    00000030                 : dl_uart.o (.text.DL_UART_transmitDataBlocking)
                  0000b8f8    00000030     ti_msp_dl_config.o (.text.SYSCFG_DL_SYSCTL_init)
                  0000b928    00000030     app_shell.o (.text._ZN3app12_GLOBAL__N_115WriteStatusLineEPKcN7drivers12DriverStatusE)
                  0000b958    00000030     buzzer.o (.text._ZN7drivers10Buzzer_OffEPNS_13BuzzerContextE)
                  0000b988    00000030     i2c_diag.o (.text._ZN7drivers12_GLOBAL__N_118CheckTransferErrorEP8I2C_Regs)
                  0000b9b8    00000030     led.o (.text._ZN7drivers6Led_OnEPNS_10LedContextE)
                  0000b9e8    00000030     led.o (.text._ZN7drivers7Led_OffEPNS_10LedContextE)
                  0000ba18    00000030     buzzer.o (.text._ZN7drivers9Buzzer_OnEPNS_13BuzzerContextE)
                  0000ba48    0000002e     ina219.o (.text._ZN7drivers19Ina219_ReadRegisterEPNS_13Ina219ContextEhPt)
                  0000ba76    00000002     --HOLE-- [fill = 0]
                  0000ba78    0000002c     board_oled.o (.text._ZN5board15Board_OledProbeEv)
                  0000baa4    0000002c     ina219.o (.text._ZN7drivers20Ina219_WriteRegisterEPNS_13Ina219ContextEht)
                  0000bad0    0000002c     lora.o (.text._ZN7drivers28LoraUart_GetControllerStatusEPKNS_15LoraUartContextEPj)
                  0000bafc    0000002c     motor_driver_uart.o (.text._ZN7drivers35MotorDriverUart_GetControllerStatusEPKNS_22MotorDriverUartContextEPj)
                  0000bb28    0000002a     ina219.o (.text._ZN7drivers12Ina219_ResetEPNS_13Ina219ContextE)
                  0000bb52    0000002a     lora.o (.text._ZN7drivers23LoraUart_GetRxAvailableEPKNS_15LoraUartContextE)
                  0000bb7c    0000002a     motor_driver_uart.o (.text._ZN7drivers30MotorDriverUart_GetRxAvailableEPKNS_22MotorDriverUartContextE)
                  0000bba6    00000002     --HOLE-- [fill = 0]
                  0000bba8    00000028     app_shell.o (.text._ZN3app12_GLOBAL__N_112ResetCommandEiPKPKc)
                  0000bbd0    00000028     board.o (.text._ZN5board10Board_InitEv)
                  0000bbf8    00000028     board_lora.o (.text._ZN5board14Board_LoraInitEv)
                  0000bc20    00000028     board_motor_driver.o (.text._ZN5board21Board_MotorDriverInitEv)
                  0000bc48    00000028     libc.a : boot_cortex_m.c.obj (.text:_c_int00_noargs)
                  0000bc70    00000026     driverlib.a : dl_i2c.o (.text.DL_I2C_setClockConfig)
                  0000bc96    00000002     --HOLE-- [fill = 0]
                  0000bc98    00000024     app_shell.o (.text._ZN3app12_GLOBAL__N_110WriteInt32Ei)
                  0000bcbc    00000024     time.o (.text._ZN8services12Time_DelayMsEj)
                  0000bce0    00000024     libclang_rt.builtins.a : muldi3.S.obj (.text)
                  0000bd04    00000022     button.o (.text._ZN7drivers17Button_WasPressedEPNS_13ButtonContextE)
                  0000bd26    00000022     button.o (.text._ZN7drivers18Button_WasReleasedEPNS_13ButtonContextE)
                  0000bd48    00000020     board_oled.o (.text._ZN5board14Board_OledInitEv)
                  0000bd68    0000001e     ina219.o (.text._ZN7drivers17Ina219_GetAddressEPKNS_13Ina219ContextE)
                  0000bd86    0000001e     ina219.o (.text._ZN7drivers21Ina219_GetCalibrationEPKNS_13Ina219ContextE)
                  0000bda4    0000001e     libclang_rt.builtins.a : ashldi3.S.obj (.text)
                  0000bdc2    00000002     --HOLE-- [fill = 0]
                  0000bdc4    0000001c     driverlib.a : dl_spi.o (.text.DL_SPI_receiveDataCheck8)
                  0000bde0    0000001c                 : dl_spi.o (.text.DL_SPI_transmitDataCheck8)
                  0000bdfc    0000001c     app_main.o (.text._ZN3app7App_RunEv)
                  0000be18    0000001c     board_button.o (.text._ZN5board19Board_ButtonReadRawENS_13BoardButtonIdEPb)
                  0000be34    0000001c     board_button.o (.text._ZN5board21Board_ButtonIsPressedENS_13BoardButtonIdE)
                  0000be50    0000001c     board_button.o (.text._ZN5board22Board_ButtonWasPressedENS_13BoardButtonIdE)
                  0000be6c    0000001c     board_button.o (.text._ZN5board23Board_ButtonWasReleasedENS_13BoardButtonIdE)
                  0000be88    0000001c     ina219.o (.text._ZN7drivers14Ina219_IsReadyEPKNS_13Ina219ContextE)
                  0000bea4    0000001c     fm24cl64b.o (.text._ZN7drivers17Fm24cl64b_IsReadyEPKNS_16Fm24cl64bContextE)
                  0000bec0    0000001c     debug_uart.o (.text._ZN8services19DebugUart_WriteCharEc)
                  0000bedc    0000001a     button.o (.text._ZN7drivers16Button_IsPressedEPKNS_13ButtonContextE)
                  0000bef6    00000002     --HOLE-- [fill = 0]
                  0000bef8    0000001a     libclang_rt.builtins.a : aeabi_memset.S.obj (.text)
                  0000bf12    00000002     --HOLE-- [fill = 0]
                  0000bf14    00000018     board_i2c_bus.o (.text._ZN5board15Board_I2cBusGetEj)
                  0000bf2c    00000018     board_button.o (.text._ZN5board19Board_ButtonGetNameENS_13BoardButtonIdE)
                  0000bf44    00000018     lora.o (.text._ZN7drivers20LoraUart_GetBaudrateEPKNS_15LoraUartContextE)
                  0000bf5c    00000018     motor_driver_uart.o (.text._ZN7drivers27MotorDriverUart_GetBaudrateEPKNS_22MotorDriverUartContextE)
                  0000bf74    00000016     app_main.o (.text._ZN12_GLOBAL__N_118App_ButtonScanTaskEv)
                  0000bf8a    00000016     led.o (.text._ZN7drivers11Led_IsReadyEPKNS_10LedContextE)
                  0000bfa0    00000016     buzzer.o (.text._ZN7drivers14Buzzer_IsReadyEPKNS_13BuzzerContextE)
                  0000bfb6    00000016     lora.o (.text._ZN7drivers16LoraUart_IsReadyEPKNS_15LoraUartContextE)
                  0000bfcc    00000016     motor_driver_uart.o (.text._ZN7drivers23MotorDriverUart_IsReadyEPKNS_22MotorDriverUartContextE)
                  0000bfe2    00000016     libc.a : copy_zero_init.c.obj (.text:decompress:ZI:__TI_zero_init_nomemset)
                  0000bff8    00000014     board_fram.o (.text._ZN5board14Board_FramInitEv)
                  0000c00c    00000014     board_fram.o (.text._ZN5board14Board_FramReadEtPht)
                  0000c020    00000014     board_lora.o (.text._ZN5board15Board_LoraWriteEPKht)
                  0000c034    00000014     board_buzzer.o (.text._ZN5board16Board_BuzzerInitEv)
                  0000c048    00000014     board_fram.o (.text._ZN5board18Board_FramReadByteEtPh)
                  0000c05c    00000014     board_fram.o (.text._ZN5board18Board_FramSelfTestEv)
                  0000c070    00000014     board_fram.o (.text._ZN5board19Board_FramWriteByteEth)
                  0000c084    00000014     board_oled.o (.text._ZN5board19Board_OledWriteTextEhhPKc)
                  0000c098    00000014     board_led.o (.text._ZN5board19Board_StatusLedInitEv)
                  0000c0ac    00000014     board_motor_driver.o (.text._ZN5board22Board_MotorDriverWriteEPKht)
                  0000c0c0    00000014     board_ina219.o (.text._ZN5board24Board_Ina219ProbeAddressEhPt)
                  0000c0d4    00000014     board_ina219.o (.text._ZN5board24Board_Ina219ReadRegisterEhPt)
                  0000c0e8    00000014     board_ina219.o (.text._ZN5board25Board_Ina219WriteRegisterEht)
                  0000c0fc    00000014     fm24cl64b.o (.text._ZN7drivers19Fm24cl64b_WriteByteEPNS_16Fm24cl64bContextEth)
                  0000c110    00000014     shell.o (.text._ZN8services15Shell_WriteLineEPKc)
                  0000c124    00000014     libclang_rt.builtins.a : aeabi_ldivmod.S.obj (.text)
                  0000c138    00000012     driverlib.a : dl_spi.o (.text.DL_SPI_setClockConfig)
                  0000c14a    00000012                 : dl_uart.o (.text.DL_UART_setClockConfig)
                  0000c15c    00000012     libc.a : copy_decompress_none.c.obj (.text:decompress:none)
                  0000c16e    00000002     --HOLE-- [fill = 0]
                  0000c170    00000010     time.o (.text.SysTick_Handler)
                  0000c180    00000010     board_lora.o (.text.UART0_IRQHandler)
                  0000c190    00000010     board_motor_driver.o (.text.UART1_IRQHandler)
                  0000c1a0    00000010     app_shell.o (.text._ZN3app12_GLOBAL__N_110AdcCommandEiPKPKc)
                  0000c1b0    00000010     board_buzzer.o (.text._ZN5board14Board_BuzzerOnEv)
                  0000c1c0    00000010     board_oled.o (.text._ZN5board14Board_OledFillEh)
                  0000c1d0    00000010     board_buzzer.o (.text._ZN5board15Board_BuzzerOffEv)
                  0000c1e0    00000010     board_oled.o (.text._ZN5board15Board_OledClearEv)
                  0000c1f0    00000010     board_fram.o (.text._ZN5board17Board_FramIsReadyEv)
                  0000c200    00000010     board_ina219.o (.text._ZN5board17Board_Ina219ResetEv)
                  0000c210    00000010     board_lora.o (.text._ZN5board17Board_LoraIsReadyEv)
                  0000c220    00000010     board_oled.o (.text._ZN5board17Board_OledIsReadyEv)
                  0000c230    00000010     board_led.o (.text._ZN5board17Board_StatusLedOnEv)
                  0000c240    00000010     board_lora.o (.text._ZN5board18Board_LoraReadByteEPh)
                  0000c250    00000010     board_led.o (.text._ZN5board18Board_StatusLedOffEv)
                  0000c260    00000010     board_buzzer.o (.text._ZN5board19Board_BuzzerIsReadyEv)
                  0000c270    00000010     board_ina219.o (.text._ZN5board19Board_Ina219IsReadyEv)
                  0000c280    00000010     board_lora.o (.text._ZN5board19Board_LoraWriteByteEh)
                  0000c290    00000010     board_oled.o (.text._ZN5board19Board_OledSetInvertEb)
                  0000c2a0    00000010     board_fram.o (.text._ZN5board20Board_FramRecoverBusEv)
                  0000c2b0    00000010     board_lora.o (.text._ZN5board21Board_LoraGetBaudrateEv)
                  0000c2c0    00000010     board_oled.o (.text._ZN5board21Board_OledTestPatternEv)
                  0000c2d0    00000010     board_ina219.o (.text._ZN5board22Board_Ina219GetAddressEv)
                  0000c2e0    00000010     board_ina219.o (.text._ZN5board22Board_Ina219RecoverBusEv)
                  0000c2f0    00000010     board_ina219.o (.text._ZN5board22Board_Ina219SetAddressEh)
                  0000c300    00000010     board_oled.o (.text._ZN5board22Board_OledSetDisplayOnEb)
                  0000c310    00000010     board_led.o (.text._ZN5board22Board_StatusLedIsReadyEv)
                  0000c320    00000010     board_ina219.o (.text._ZN5board23Board_Ina219CalibrationEv)
                  0000c330    00000010     board_lora.o (.text._ZN5board23Board_LoraClearRxBufferEv)
                  0000c340    00000010     board_lora.o (.text._ZN5board24Board_LoraGetRxAvailableEv)
                  0000c350    00000010     board_motor_driver.o (.text._ZN5board24Board_MotorDriverIsReadyEv)
                  0000c360    00000010     board_motor_driver.o (.text._ZN5board25Board_MotorDriverReadByteEPh)
                  0000c370    00000010     board_motor_driver.o (.text._ZN5board26Board_MotorDriverWriteByteEh)
                  0000c380    00000010     board_ina219.o (.text._ZN5board27Board_Ina219ReadMeasurementEPN7drivers17Ina219MeasurementE)
                  0000c390    00000010     board_lora.o (.text._ZN5board27Board_LoraGetRxDroppedCountEv)
                  0000c3a0    00000010     board_ina219.o (.text._ZN5board28Board_Ina219ConfigureDefaultEv)
                  0000c3b0    00000010     board_ina219.o (.text._ZN5board28Board_Ina219ReadRawRegistersEPN7drivers18Ina219RawRegistersE)
                  0000c3c0    00000010     board_motor_driver.o (.text._ZN5board28Board_MotorDriverGetBaudrateEv)
                  0000c3d0    00000010     board_lora.o (.text._ZN5board29Board_LoraGetControllerStatusEPj)
                  0000c3e0    00000010     board_motor_driver.o (.text._ZN5board30Board_MotorDriverClearRxBufferEv)
                  0000c3f0    00000010     board_motor_driver.o (.text._ZN5board31Board_MotorDriverGetRxAvailableEv)
                  0000c400    00000010     board_motor_driver.o (.text._ZN5board34Board_MotorDriverGetRxDroppedCountEv)
                  0000c410    00000010     board_motor_driver.o (.text._ZN5board36Board_MotorDriverGetControllerStatusEPj)
                  0000c420    00000010     fault.o (.text._ZN8services9Fault_SetENS_9FaultCodeE)
                  0000c430    0000000c     board_oled.o (.text._ZN5board15Board_OledWidthEv)
                  0000c43c    0000000c     board_imu.o (.text._ZN5board16Board_ImuIsReadyEv)
                  0000c448    0000000c     board_oled.o (.text._ZN5board16Board_OledHeightEv)
                  0000c454    0000000c     board_oled.o (.text._ZN5board17Board_OledAddressEv)
                  0000c460    0000000c     lora.o (.text._ZN7drivers26LoraUart_GetRxDroppedCountEPKNS_15LoraUartContextE)
                  0000c46c    0000000c     motor_driver_uart.o (.text._ZN7drivers33MotorDriverUart_GetRxDroppedCountEPKNS_22MotorDriverUartContextE)
                  0000c478    0000000c     fault.o (.text._ZN8services10Fault_InitEv)
                  0000c484    0000000c     time.o (.text._ZN8services11Time_MillisEv)
                  0000c490    0000000c     debug_uart.o (.text._ZN8services17DebugUart_IsReadyEv)
                  0000c49c    0000000c     fault.o (.text._ZN8services9Fault_GetEv)
                  0000c4a8    0000000a     driverlib.a : dl_common.o (.text.DL_Common_delayCycles)
                  0000c4b2    0000000a     fm24cl64b.o (.text._ZN7drivers18Fm24cl64b_ReadByteEPNS_16Fm24cl64bContextEtPh)
                  0000c4bc    00000008     shell.o (.text._ZN8services15Shell_WriteCharEc)
                  0000c4c4    00000008     shell.o (.text._ZN8services17Shell_WriteStringEPKc)
                  0000c4cc    00000008     shell.o (.text._ZN8services17Shell_WriteUInt32Ej)
                  0000c4d4    00000008     libclang_rt.builtins.a : aeabi_memcpy.S.obj (.text)
                  0000c4dc    00000006     board_fram.o (.text._ZN5board23Board_FramCapacityBytesEv)
                  0000c4e2    00000006     libc.a : exit.c.obj (.text:abort)
                  0000c4e8    00000004     libsysbm.a : hostexit.c.obj (.text.HOSTexit)
                  0000c4ec    00000004     startup_mspm0g351x_ticlang.o (.text.Reset_Handler)
                  0000c4f0    00000010     libc.a : boot_cortex_m.c.obj (.tramp._c_int00_noargs.1)
                  0000c500    00000004     board_i2c_bus.o (.text._ZN5board17Board_I2cBusCountEv)
                  0000c504    00000004     libc.a : pre_init.c.obj (.text._system_pre_init)

.cinit     0    0000e0f0    00000038     
                  0000e0f0    00000011     (.cinit..data.load) [load image, compression = lzss]
                  0000e101    00000003     --HOLE-- [fill = 0]
                  0000e104    0000000c     (__TI_handler_table)
                  0000e110    00000008     (.cinit..bss.load) [load image, compression = zero_init]
                  0000e118    00000010     (__TI_cinit_table)

.rodata    0    0000c510    00001be0     
                  0000c510    000001e0     oled_ssd1306.o (.rodata._ZN7drivers12_GLOBAL__N_18kFont5x7E)
                  0000c6f0    00000100     app_shell.o (.rodata..L.crctable)
                  0000c7f0    000000b0     board_i2c_bus.o (.rodata._ZN5board12_GLOBAL__N_110g_i2cBusesE)
                  0000c8a0    00000045     app_shell.o (.rodata.str1.2354522874658768371.1)
                  0000c8e5    00000044     app_shell.o (.rodata.str1.9469166005307157086.1)
                  0000c929    00000043     app_shell.o (.rodata.str1.17814141777586519065.1)
                  0000c96c    00000040     app_shell.o (.rodata.str1.15776769504895676854.1)
                  0000c9ac    00000039     app_shell.o (.rodata.str1.1222417806814152126.1)
                  0000c9e5    00000039     app_shell.o (.rodata.str1.14683574465395229248.1)
                  0000ca1e    00000002     app_shell.o (.rodata._ZZN3app12_GLOBAL__N_112MotorCommandEiPKPKcE11kTargetZero)
                  0000ca20    00000038     board_ina219.o (.rodata._ZN5boardL14g_ina219ConfigE)
                  0000ca58    00000035     app_shell.o (.rodata.str1.14384267027075031912.1)
                  0000ca8d    00000034     app_shell.o (.rodata.str1.15233515076766056445.1)
                  0000cac1    00000003     shell.o (.rodata.str1.10427229796524742636.1)
                  0000cac4    00000030     board_button.o (.rodata._ZN5board12_GLOBAL__N_115g_buttonConfigsE)
                  0000caf4    00000030     app_shell.o (.rodata.str1.13305312957799781956.1)
                  0000cb24    00000030     app_shell.o (.rodata.str1.9210286441137644766.1)
                  0000cb54    0000002e     app_shell.o (.rodata.str1.444886150797460539.1)
                  0000cb82    0000002e     app_shell.o (.rodata.str1.9705620893505900.1)
                  0000cbb0    0000002c     board_fram.o (.rodata._ZN5boardL12g_framConfigE)
                  0000cbdc    0000002c     app_shell.o (.rodata.str1.4334110622959027977.1)
                  0000cc08    0000002b     app_shell.o (.rodata.str1.6064720514220957747.1)
                  0000cc33    0000002a     app_shell.o (.rodata.str1.12202420964197988914.1)
                  0000cc5d    0000002a     app_shell.o (.rodata.str1.7122307362297942762.1)
                  0000cc87    00000026     shell.o (.rodata.str1.6901712316327456926.1)
                  0000ccad    00000020     app_shell.o (.rodata.str1.16227620492999702623.1)
                  0000cccd    00000020     app_shell.o (.rodata.str1.9307362830757344490.1)
                  0000cced    0000001f     app_shell.o (.rodata.str1.14891418699318862133.1)
                  0000cd0c    0000001f     app_shell.o (.rodata.str1.16899430920103358112.1)
                  0000cd2b    0000001f     app_shell.o (.rodata.str1.7579154775923007786.1)
                  0000cd4a    0000001f     app_shell.o (.rodata.str1.871335262082007188.1)
                  0000cd69    0000001e     app_shell.o (.rodata.str1.15434941628325917383.1)
                  0000cd87    0000001e     app_shell.o (.rodata.str1.228054200419340106.1)
                  0000cda5    0000001d     app_shell.o (.rodata.str1.10491446739592751644.1)
                  0000cdc2    0000001d     app_shell.o (.rodata.str1.14205965562906606532.1)
                  0000cddf    0000001d     app_shell.o (.rodata.str1.14986749233794120341.1)
                  0000cdfc    0000001d     app_shell.o (.rodata.str1.16354136421054348586.1)
                  0000ce19    0000001d     app_shell.o (.rodata.str1.2888160770863374914.1)
                  0000ce36    0000001d     app_shell.o (.rodata.str1.5915467744016243284.1)
                  0000ce53    0000001d     app_shell.o (.rodata.str1.7863986223166603054.1)
                  0000ce70    0000001c     app_shell.o (.rodata..Lswitch.table._ZN3app12_GLOBAL__N_115WriteStatusLineEPKcN7drivers12DriverStatusE)
                  0000ce8c    0000001c     app_shell.o (.rodata.str1.10063100725489470447.1)
                  0000cea8    0000001c     app_shell.o (.rodata.str1.2128407216864987192.1)
                  0000cec4    0000001c     app_shell.o (.rodata.str1.3256265506082810711.1)
                  0000cee0    0000001b     app_shell.o (.rodata.str1.13046583378940816508.1)
                  0000cefb    0000001b     app_shell.o (.rodata.str1.1654390679581727887.1)
                  0000cf16    0000001b     app_shell.o (.rodata.str1.18334646164448261171.1)
                  0000cf31    0000001b     app_shell.o (.rodata.str1.7962567377737770511.1)
                  0000cf4c    0000001b     app_shell.o (.rodata.str1.8636089934477309606.1)
                  0000cf67    0000001b     app_shell.o (.rodata.str1.8934507472916618446.1)
                  0000cf82    0000001b     app_shell.o (.rodata.str1.9141388473721648320.1)
                  0000cf9d    0000001a     app_shell.o (.rodata.str1.14082473703337987432.1)
                  0000cfb7    0000001a     app_shell.o (.rodata.str1.14280360640269665673.1)
                  0000cfd1    0000001a     app_shell.o (.rodata.str1.6622852920864620103.1)
                  0000cfeb    00000019     app_shell.o (.rodata.str1.13905551555577476806.1)
                  0000d004    00000019     app_shell.o (.rodata.str1.14241588195389562460.1)
                  0000d01d    00000019     app_shell.o (.rodata.str1.17942500811997078001.1)
                  0000d036    00000019     app_shell.o (.rodata.str1.7323251101578629502.1)
                  0000d04f    00000001     app_shell.o (.rodata._ZZN3app12_GLOBAL__N_112MotorCommandEiPKPKcE18kResetBothEncoders)
                  0000d050    00000018     oled_ssd1306.o (.rodata..L__const._ZN7drivers16OledSsd1306_InitEPNS_18OledSsd1306ContextEPKNS_17OledSsd1306ConfigE.init_commands)
                  0000d068    00000018     app_shell.o (.rodata..Lswitch.table._ZN3app12_GLOBAL__N_114PrintI2cStatusEPKN7drivers16I2cDiagBusConfigE)
                  0000d080    00000018     board_lora.o (.rodata._ZN5boardL12g_loraConfigE)
                  0000d098    00000018     board_motor_driver.o (.rodata._ZN5boardL19g_motorDriverConfigE)
                  0000d0b0    00000018     app_shell.o (.rodata.str1.12957799291655329777.1)
                  0000d0c8    00000018     app_shell.o (.rodata.str1.16954485173288524775.1)
                  0000d0e0    00000018     app_shell.o (.rodata.str1.4465720126653824720.1)
                  0000d0f8    00000018     app_shell.o (.rodata.str1.6449272601156908614.1)
                  0000d110    00000018     app_shell.o (.rodata.str1.7523381390121946373.1)
                  0000d128    00000018     app_shell.o (.rodata.str1.7612592787831263617.1)
                  0000d140    00000018     app_shell.o (.rodata.str1.860288802755812513.1)
                  0000d158    00000017     app_shell.o (.rodata.str1.13456686701278321828.1)
                  0000d16f    00000017     app_shell.o (.rodata.str1.16682001306138638370.1)
                  0000d186    00000017     shell.o (.rodata.str1.5680428239841774557.1)
                  0000d19d    00000017     app_shell.o (.rodata.str1.868716187015188771.1)
                  0000d1b4    00000017     app_shell.o (.rodata.str1.8859821711474065235.1)
                  0000d1cb    00000016     app_shell.o (.rodata.str1.12185306449572332681.1)
                  0000d1e1    00000016     app_shell.o (.rodata.str1.1642163497366634869.1)
                  0000d1f7    00000016     app_shell.o (.rodata.str1.17269466629117989041.1)
                  0000d20d    00000016     app_shell.o (.rodata.str1.626618899871332695.1)
                  0000d223    00000016     app_shell.o (.rodata.str1.8756111863556889466.1)
                  0000d239    00000015     app_shell.o (.rodata.str1.1117190944701632139.1)
                  0000d24e    00000015     app_shell.o (.rodata.str1.12082892960889789793.1)
                  0000d263    00000015     app_shell.o (.rodata.str1.13157479058689081212.1)
                  0000d278    00000015     app_shell.o (.rodata.str1.15385430944853875839.1)
                  0000d28d    00000015     app_shell.o (.rodata.str1.16330407060470052804.1)
                  0000d2a2    00000015     app_shell.o (.rodata.str1.2994156742980555940.1)
                  0000d2b7    00000015     app_shell.o (.rodata.str1.3993449766649777392.1)
                  0000d2cc    00000015     app_shell.o (.rodata.str1.4190646769514731288.1)
                  0000d2e1    00000015     app_shell.o (.rodata.str1.5164433326538179767.1)
                  0000d2f6    00000015     app_shell.o (.rodata.str1.9018689912544847403.1)
                  0000d30b    00000014     app_shell.o (.rodata.str1.10045272382687720110.1)
                  0000d31f    00000014     app_shell.o (.rodata.str1.15451653635542139434.1)
                  0000d333    00000014     app_shell.o (.rodata.str1.8807521281183353111.1)
                  0000d347    00000013     app_shell.o (.rodata.str1.13247589138198607459.1)
                  0000d35a    00000013     app_shell.o (.rodata.str1.13354450145327234839.1)
                  0000d36d    00000013     app_shell.o (.rodata.str1.15616611124726231738.1)
                  0000d380    00000013     app_shell.o (.rodata.str1.2900415078221183578.1)
                  0000d393    00000013     app_shell.o (.rodata.str1.8602760754867183125.1)
                  0000d3a6    00000012     app_shell.o (.rodata.str1.10112150257581002706.1)
                  0000d3b8    00000012     app_shell.o (.rodata.str1.1218180957705702538.1)
                  0000d3ca    00000012     app_shell.o (.rodata.str1.12395812238841081648.1)
                  0000d3dc    00000012     app_shell.o (.rodata.str1.1695784342961477721.1)
                  0000d3ee    00000012     app_shell.o (.rodata.str1.17079496693311907377.1)
                  0000d400    00000012     app_shell.o (.rodata.str1.17949724605236455182.1)
                  0000d412    00000012     app_shell.o (.rodata.str1.2027963614161212499.1)
                  0000d424    00000012     app_shell.o (.rodata.str1.3587876751327453651.1)
                  0000d436    00000012     app_shell.o (.rodata.str1.5640218363402806195.1)
                  0000d448    00000012     app_shell.o (.rodata.str1.6394054571282083081.1)
                  0000d45a    00000012     app_shell.o (.rodata.str1.6756868286634741853.1)
                  0000d46c    00000012     shell.o (.rodata.str1.8246939600463437344.1)
                  0000d47e    00000011     app_shell.o (.rodata.str1.11325690732168652611.1)
                  0000d48f    00000011     app_shell.o (.rodata.str1.13071761163155843764.1)
                  0000d4a0    00000011     app_shell.o (.rodata.str1.14008062965805295334.1)
                  0000d4b1    00000011     app_shell.o (.rodata.str1.14827416709503782844.1)
                  0000d4c2    00000011     app_shell.o (.rodata.str1.15645525071624774828.1)
                  0000d4d3    00000011     app_shell.o (.rodata.str1.1715960982390498022.1)
                  0000d4e4    00000011     app_shell.o (.rodata.str1.18057142085415363861.1)
                  0000d4f5    00000011     app_shell.o (.rodata.str1.6333935326310285001.1)
                  0000d506    00000011     app_shell.o (.rodata.str1.7267978533840413714.1)
                  0000d517    00000010     app_shell.o (.rodata.str1.10218881960771275491.1)
                  0000d527    00000010     app_shell.o (.rodata.str1.14223157730264656398.1)
                  0000d537    00000010     app_shell.o (.rodata.str1.15403383602945839188.1)
                  0000d547    00000010     app_shell.o (.rodata.str1.16234102244779358492.1)
                  0000d557    00000010     app_shell.o (.rodata.str1.16608939394091912599.1)
                  0000d567    00000010     app_shell.o (.rodata.str1.17149590331237407959.1)
                  0000d577    00000010     app_shell.o (.rodata.str1.2208679373137722540.1)
                  0000d587    00000010     app_shell.o (.rodata.str1.3134304214227531536.1)
                  0000d597    00000010     app_shell.o (.rodata.str1.4392945030196501414.1)
                  0000d5a7    00000010     app_shell.o (.rodata.str1.4754765727316804258.1)
                  0000d5b7    00000010     app_shell.o (.rodata.str1.6351667589775284342.1)
                  0000d5c7    00000010     app_shell.o (.rodata.str1.6411710860483804230.1)
                  0000d5d7    00000010     app_shell.o (.rodata.str1.6446933695614087048.1)
                  0000d5e7    00000010     app_shell.o (.rodata.str1.6578158171544725696.1)
                  0000d5f7    00000010     app_shell.o (.rodata.str1.8509687067808380963.1)
                  0000d607    0000000f     app_shell.o (.rodata.str1.11922244342622017285.1)
                  0000d616    0000000f     app_shell.o (.rodata.str1.12036585828892915957.1)
                  0000d625    0000000f     app_shell.o (.rodata.str1.12583477948311004516.1)
                  0000d634    0000000f     app_shell.o (.rodata.str1.13323525510459860336.1)
                  0000d643    0000000f     app_shell.o (.rodata.str1.14665588872345235888.1)
                  0000d652    0000000f     app_shell.o (.rodata.str1.15195419684703654944.1)
                  0000d661    0000000f     app_shell.o (.rodata.str1.15453031427744251291.1)
                  0000d670    0000000f     app_shell.o (.rodata.str1.15706013027452160776.1)
                  0000d67f    0000000f     app_shell.o (.rodata.str1.16800956331689080151.1)
                  0000d68e    0000000f     app_shell.o (.rodata.str1.16835946644515092483.1)
                  0000d69d    0000000f     app_shell.o (.rodata.str1.2885732806516245146.1)
                  0000d6ac    0000000f     app_shell.o (.rodata.str1.2963890733414402023.1)
                  0000d6bb    0000000f     app_shell.o (.rodata.str1.3879560646291831357.1)
                  0000d6ca    0000000f     app_shell.o (.rodata.str1.4203577644585159315.1)
                  0000d6d9    0000000f     app_shell.o (.rodata.str1.6725838405751831500.1)
                  0000d6e8    0000000f     app_shell.o (.rodata.str1.6741221679932540615.1)
                  0000d6f7    0000000f     app_shell.o (.rodata.str1.7717429345810212474.1)
                  0000d706    0000000f     app_shell.o (.rodata.str1.7923626403509450708.1)
                  0000d715    0000000f     app_shell.o (.rodata.str1.7988978544830785654.1)
                  0000d724    0000000f     app_shell.o (.rodata.str1.8175931356486144895.1)
                  0000d733    0000000f     app_shell.o (.rodata.str1.8497090786602423890.1)
                  0000d742    0000000e     app_shell.o (.rodata.str1.10018306225359911921.1)
                  0000d750    0000000e     app_shell.o (.rodata.str1.10256891727475852015.1)
                  0000d75e    0000000e     app_shell.o (.rodata.str1.107782727556153465.1)
                  0000d76c    0000000e     app_shell.o (.rodata.str1.11085599432999950484.1)
                  0000d77a    0000000e     app_shell.o (.rodata.str1.11747346528919543944.1)
                  0000d788    0000000e     app_shell.o (.rodata.str1.1207053347194752072.1)
                  0000d796    0000000e     app_shell.o (.rodata.str1.12681352959443149009.1)
                  0000d7a4    0000000e     app_shell.o (.rodata.str1.13513309088777963189.1)
                  0000d7b2    0000000e     app_shell.o (.rodata.str1.13923183189790686887.1)
                  0000d7c0    0000000e     app_shell.o (.rodata.str1.14152514258843500131.1)
                  0000d7ce    0000000e     app_shell.o (.rodata.str1.1418877803505809098.1)
                  0000d7dc    0000000e     app_shell.o (.rodata.str1.16192519054485599172.1)
                  0000d7ea    0000000e     app_shell.o (.rodata.str1.16556295950709461880.1)
                  0000d7f8    0000000e     app_shell.o (.rodata.str1.16606383977969570013.1)
                  0000d806    0000000e     app_shell.o (.rodata.str1.16738014180672278497.1)
                  0000d814    0000000e     app_shell.o (.rodata.str1.16920742144462411612.1)
                  0000d822    0000000e     app_shell.o (.rodata.str1.17796269336985765740.1)
                  0000d830    0000000e     app_shell.o (.rodata.str1.3030045481369325523.1)
                  0000d83e    0000000e     app_shell.o (.rodata.str1.5123905964118624653.1)
                  0000d84c    0000000e     app_shell.o (.rodata.str1.5549424804698209806.1)
                  0000d85a    0000000e     app_shell.o (.rodata.str1.8778837135027269807.1)
                  0000d868    0000000e     app_shell.o (.rodata.str1.8793534488315853255.1)
                  0000d876    0000000d     app_shell.o (.rodata.str1.1047053269920726699.1)
                  0000d883    0000000d     app_shell.o (.rodata.str1.10673636489446728236.1)
                  0000d890    0000000d     app_shell.o (.rodata.str1.10851017352621485976.1)
                  0000d89d    0000000d     app_shell.o (.rodata.str1.11012206428812069270.1)
                  0000d8aa    0000000d     app_shell.o (.rodata.str1.11810056576553604146.1)
                  0000d8b7    0000000d     app_shell.o (.rodata.str1.12144774989780088692.1)
                  0000d8c4    0000000d     app_shell.o (.rodata.str1.13204140776596746875.1)
                  0000d8d1    0000000d     app_shell.o (.rodata.str1.13438288695896508174.1)
                  0000d8de    0000000d     app_shell.o (.rodata.str1.14047439488698303500.1)
                  0000d8eb    0000000d     app_shell.o (.rodata.str1.14613035533147221857.1)
                  0000d8f8    0000000d     app_shell.o (.rodata.str1.14623014954758015065.1)
                  0000d905    0000000d     app_shell.o (.rodata.str1.14677212197102816015.1)
                  0000d912    0000000d     app_shell.o (.rodata.str1.16906130264434024515.1)
                  0000d91f    0000000d     app_shell.o (.rodata.str1.17563913066770742391.1)
                  0000d92c    0000000d     app_shell.o (.rodata.str1.17876943342118536213.1)
                  0000d939    0000000d     app_shell.o (.rodata.str1.17894747200582054988.1)
                  0000d946    0000000d     app_shell.o (.rodata.str1.17946445462908322557.1)
                  0000d953    0000000d     app_shell.o (.rodata.str1.1886428569580364902.1)
                  0000d960    0000000d     app_shell.o (.rodata.str1.2831129786622658843.1)
                  0000d96d    0000000d     app_shell.o (.rodata.str1.289627103221730650.1)
                  0000d97a    0000000d     app_shell.o (.rodata.str1.3266044674648287831.1)
                  0000d987    0000000d     app_shell.o (.rodata.str1.4364833213939746011.1)
                  0000d994    0000000d     app_shell.o (.rodata.str1.4542404440653722632.1)
                  0000d9a1    0000000d     app_shell.o (.rodata.str1.4906473829960206720.1)
                  0000d9ae    0000000d     app_shell.o (.rodata.str1.5407661000085889072.1)
                  0000d9bb    0000000d     app_shell.o (.rodata.str1.5515999138927817340.1)
                  0000d9c8    0000000d     app_shell.o (.rodata.str1.6213986015100719150.1)
                  0000d9d5    0000000d     app_shell.o (.rodata.str1.6963926815691589692.1)
                  0000d9e2    0000000d     app_shell.o (.rodata.str1.699895553008956456.1)
                  0000d9ef    0000000d     app_shell.o (.rodata.str1.7652650349062231201.1)
                  0000d9fc    0000000d     app_shell.o (.rodata.str1.7858154358613116398.1)
                  0000da09    0000000d     app_shell.o (.rodata.str1.8767742179201719121.1)
                  0000da16    0000000d     app_shell.o (.rodata.str1.8867909630182175989.1)
                  0000da23    0000000d     app_shell.o (.rodata.str1.8963702969112686911.1)
                  0000da30    0000000d     app_shell.o (.rodata.str1.906066569443847875.1)
                  0000da3d    00000003     app_shell.o (.rodata.str1.11698549779809542857.1)
                  0000da40    0000000c     board_button.o (.rodata..Lswitch.table._ZN5board19Board_ButtonGetNameENS_13BoardButtonIdE)
                  0000da4c    0000000c     board_imu.o (.rodata..Lswitch.table._ZN5board19Board_ImuSetSpiModeEh)
                  0000da58    0000000c     board_buzzer.o (.rodata._ZN5boardL14g_buzzerConfigE)
                  0000da64    0000000c     board_led.o (.rodata._ZN5boardL17g_statusLedConfigE)
                  0000da70    0000000c     app_shell.o (.rodata.str1.11066750309610323631.1)
                  0000da7c    0000000c     app_shell.o (.rodata.str1.11327417708772392390.1)
                  0000da88    0000000c     app_shell.o (.rodata.str1.11515932757094173050.1)
                  0000da94    0000000c     app_shell.o (.rodata.str1.12080946370607717659.1)
                  0000daa0    0000000c     app_shell.o (.rodata.str1.12139680495649507277.1)
                  0000daac    0000000c     app_shell.o (.rodata.str1.12164603244115374595.1)
                  0000dab8    0000000c     app_shell.o (.rodata.str1.13030721149427952655.1)
                  0000dac4    0000000c     app_shell.o (.rodata.str1.13507390935846511250.1)
                  0000dad0    0000000c     app_shell.o (.rodata.str1.13760472749468428784.1)
                  0000dadc    0000000c     app_shell.o (.rodata.str1.14355953386558495977.1)
                  0000dae8    0000000c     app_shell.o (.rodata.str1.14648361161363975803.1)
                  0000daf4    0000000c     app_shell.o (.rodata.str1.15271578700424090375.1)
                  0000db00    0000000c     app_shell.o (.rodata.str1.15520279574724480647.1)
                  0000db0c    0000000c     app_shell.o (.rodata.str1.15890787717468802715.1)
                  0000db18    0000000c     app_shell.o (.rodata.str1.15957297692044786119.1)
                  0000db24    0000000c     app_shell.o (.rodata.str1.16458884249986146812.1)
                  0000db30    0000000c     app_shell.o (.rodata.str1.17029008240216598945.1)
                  0000db3c    0000000c     app_shell.o (.rodata.str1.18027752678067221043.1)
                  0000db48    0000000c     app_shell.o (.rodata.str1.18243883703027276797.1)
                  0000db54    0000000c     app_shell.o (.rodata.str1.1983276796565948189.1)
                  0000db60    0000000c     app_shell.o (.rodata.str1.232704503142678858.1)
                  0000db6c    0000000c     app_shell.o (.rodata.str1.264036748927759168.1)
                  0000db78    0000000c     app_shell.o (.rodata.str1.4179493015675024832.1)
                  0000db84    0000000c     app_shell.o (.rodata.str1.4218503564476151687.1)
                  0000db90    0000000c     app_shell.o (.rodata.str1.5191515299446853227.1)
                  0000db9c    0000000c     app_shell.o (.rodata.str1.551504573030492924.1)
                  0000dba8    0000000c     app_shell.o (.rodata.str1.6219487071531100932.1)
                  0000dbb4    0000000c     app_shell.o (.rodata.str1.6357824671205653470.1)
                  0000dbc0    0000000c     app_shell.o (.rodata.str1.7743837333376801574.1)
                  0000dbcc    0000000c     app_shell.o (.rodata.str1.7863334761919578676.1)
                  0000dbd8    0000000c     app_shell.o (.rodata.str1.7940456731757887554.1)
                  0000dbe4    0000000c     app_shell.o (.rodata.str1.8569159511768566713.1)
                  0000dbf0    0000000c     app_shell.o (.rodata.str1.9081962557253678714.1)
                  0000dbfc    0000000c     app_shell.o (.rodata.str1.9340981210136901086.1)
                  0000dc08    0000000b     app_shell.o (.rodata.str1.10855919650491312362.1)
                  0000dc13    0000000b     app_shell.o (.rodata.str1.11139999694760206320.1)
                  0000dc1e    0000000b     app_shell.o (.rodata.str1.11208828733426745331.1)
                  0000dc29    0000000b     app_shell.o (.rodata.str1.13245102848535749030.1)
                  0000dc34    0000000b     app_shell.o (.rodata.str1.13442463908107530774.1)
                  0000dc3f    0000000b     app_shell.o (.rodata.str1.15250642606891514023.1)
                  0000dc4a    0000000b     app_shell.o (.rodata.str1.15397327130298834941.1)
                  0000dc55    0000000b     app_shell.o (.rodata.str1.16079002699872141978.1)
                  0000dc60    0000000b     app_shell.o (.rodata.str1.17124062935232563653.1)
                  0000dc6b    0000000b     app_shell.o (.rodata.str1.17414183638713165213.1)
                  0000dc76    0000000b     app_shell.o (.rodata.str1.1982875910071538061.1)
                  0000dc81    0000000b     app_shell.o (.rodata.str1.2575300681215869353.1)
                  0000dc8c    0000000b     app_shell.o (.rodata.str1.4993949747219772545.1)
                  0000dc97    0000000b     app_shell.o (.rodata.str1.5909738732761903070.1)
                  0000dca2    0000000b     app_shell.o (.rodata.str1.738127925484632372.1)
                  0000dcad    0000000b     app_shell.o (.rodata.str1.7536280090074249547.1)
                  0000dcb8    0000000b     app_shell.o (.rodata.str1.9315764513386952153.1)
                  0000dcc3    00000001     app_shell.o (.rodata.str1.12775857017664274056.1)
                  0000dcc4    0000000a     ti_msp_dl_config.o (.rodata.gDEBUG_UARTConfig)
                  0000dcce    0000000a     ti_msp_dl_config.o (.rodata.gIMU_SPI_config)
                  0000dcd8    0000000a     ti_msp_dl_config.o (.rodata.gLORA_UARTConfig)
                  0000dce2    0000000a     ti_msp_dl_config.o (.rodata.gMOTOR_UARTConfig)
                  0000dcec    0000000a     app_shell.o (.rodata.str1.10761430618072912911.1)
                  0000dcf6    0000000a     app_shell.o (.rodata.str1.11903828385650032657.1)
                  0000dd00    0000000a     app_shell.o (.rodata.str1.13772462829107236127.1)
                  0000dd0a    0000000a     app_shell.o (.rodata.str1.14039278806392033347.1)
                  0000dd14    0000000a     app_shell.o (.rodata.str1.16167065860645901179.1)
                  0000dd1e    0000000a     shell.o (.rodata.str1.17922515892264497723.1)
                  0000dd28    0000000a     app_shell.o (.rodata.str1.1818528395550233868.1)
                  0000dd32    0000000a     app_shell.o (.rodata.str1.296188832848622959.1)
                  0000dd3c    0000000a     app_shell.o (.rodata.str1.4126815238888174570.1)
                  0000dd46    0000000a     app_shell.o (.rodata.str1.6141924026740255213.1)
                  0000dd50    00000009     app_shell.o (.rodata.str1.10195084751130023350.1)
                  0000dd59    00000009     app_shell.o (.rodata.str1.17348661065144809008.1)
                  0000dd62    00000009     app_shell.o (.rodata.str1.2160470991696560517.1)
                  0000dd6b    00000009     app_shell.o (.rodata.str1.5652790780262836254.1)
                  0000dd74    00000009     app_shell.o (.rodata.str1.7078129644076030331.1)
                  0000dd7d    00000009     app_shell.o (.rodata.str1.9039581054213484543.1)
                  0000dd86    00000008     board_button.o (.rodata.str1.10963450802004053816.1)
                  0000dd8e    00000008     app_shell.o (.rodata.str1.11335294061225285764.1)
                  0000dd96    00000008     app_shell.o (.rodata.str1.11627215746227218045.1)
                  0000dd9e    00000008     app_shell.o (.rodata.str1.141740382680400416.1)
                  0000dda6    00000008     app_shell.o (.rodata.str1.14399694733058290430.1)
                  0000ddae    00000008     app_shell.o (.rodata.str1.1666417036609286127.1)
                  0000ddb6    00000008     app_shell.o (.rodata.str1.17082220688523197928.1)
                  0000ddbe    00000008     board_button.o (.rodata.str1.17681505947258605906.1)
                  0000ddc6    00000008     app_shell.o (.rodata.str1.18064870084815154193.1)
                  0000ddce    00000008     board_button.o (.rodata.str1.18240515884718476655.1)
                  0000ddd6    00000008     app_main.o (.rodata.str1.1839410120130765391.1)
                  0000ddde    00000008     app_shell.o (.rodata.str1.2292235750072059597.1)
                  0000dde6    00000008     app_shell.o (.rodata.str1.2319085888762997156.1)
                  0000ddee    00000008     app_shell.o (.rodata.str1.3590894685082263268.1)
                  0000ddf6    00000008     board_button.o (.rodata.str1.5952028417427413650.1)
                  0000ddfe    00000008     app_shell.o (.rodata.str1.6410197886599512152.1)
                  0000de06    00000008     app_shell.o (.rodata.str1.7493624433185208732.1)
                  0000de0e    00000008     app_shell.o (.rodata.str1.8567835230344529755.1)
                  0000de16    00000008     app_shell.o (.rodata.str1.9082118575882053516.1)
                  0000de1e    00000008     app_shell.o (.rodata.str1.9376739677351878210.1)
                  0000de26    00000008     app_shell.o (.rodata.str1.9555053908608242801.1)
                  0000de2e    00000008     app_shell.o (.rodata.str1.9993995378713752655.1)
                  0000de36    00000007     app_shell.o (.rodata.str1.10665909939688505188.1)
                  0000de3d    00000007     app_shell.o (.rodata.str1.11774507841365577078.1)
                  0000de44    00000007     app_shell.o (.rodata.str1.13029328624899454496.1)
                  0000de4b    00000007     app_shell.o (.rodata.str1.1349469432826125676.1)
                  0000de52    00000007     app_shell.o (.rodata.str1.13993368087264210023.1)
                  0000de59    00000007     app_shell.o (.rodata.str1.1420893864952581301.1)
                  0000de60    00000007     app_shell.o (.rodata.str1.15409376994933409736.1)
                  0000de67    00000007     board_i2c_bus.o (.rodata.str1.16708140756708996588.1)
                  0000de6e    00000007     app_shell.o (.rodata.str1.16821001261222486393.1)
                  0000de75    00000007     app_shell.o (.rodata.str1.17353931100524941225.1)
                  0000de7c    00000007     app_shell.o (.rodata.str1.18269279803075602796.1)
                  0000de83    00000007     app_shell.o (.rodata.str1.2370428100076675559.1)
                  0000de8a    00000007     app_shell.o (.rodata.str1.2686006007855973365.1)
                  0000de91    00000007     app_shell.o (.rodata.str1.27965927919619260.1)
                  0000de98    00000007     app_shell.o (.rodata.str1.3892416308557052197.1)
                  0000de9f    00000007     app_shell.o (.rodata.str1.4561355912026728236.1)
                  0000dea6    00000007     app_shell.o (.rodata.str1.5770566940880199477.1)
                  0000dead    00000007     app_shell.o (.rodata.str1.6032807723822315695.1)
                  0000deb4    00000007     app_shell.o (.rodata.str1.671945175647755142.1)
                  0000debb    00000007     app_shell.o (.rodata.str1.7207923708610531365.1)
                  0000dec2    00000007     app_shell.o (.rodata.str1.7950140236767125311.1)
                  0000dec9    00000007     app_shell.o (.rodata.str1.8270660343300337824.1)
                  0000ded0    00000007     app_shell.o (.rodata.str1.8406640635343907673.1)
                  0000ded7    00000007     app_shell.o (.rodata.str1.9017255012489828088.1)
                  0000dede    00000007     app_shell.o (.rodata.str1.9051984071380436030.1)
                  0000dee5    00000007     app_shell.o (.rodata.str1.9055250215258332321.1)
                  0000deec    00000006     app_shell.o (.rodata._ZZN3app12_GLOBAL__N_111LoraCommandEiPKPKcE9kTestData)
                  0000def2    00000006     app_shell.o (.rodata._ZZN3app12_GLOBAL__N_112MotorCommandEiPKPKcE9kTestData)
                  0000def8    00000006     app_shell.o (.rodata.str1.10091040128680290456.1)
                  0000defe    00000006     app_shell.o (.rodata.str1.10465369967917398799.1)
                  0000df04    00000006     board_i2c_bus.o (.rodata.str1.11524751692591293752.1)
                  0000df0a    00000006     app_shell.o (.rodata.str1.11627259167888876947.1)
                  0000df10    00000006     app_shell.o (.rodata.str1.13643216153024045165.1)
                  0000df16    00000006     app_shell.o (.rodata.str1.15728559335418606553.1)
                  0000df1c    00000006     app_shell.o (.rodata.str1.16368304853068341593.1)
                  0000df22    00000006     app_shell.o (.rodata.str1.16714929730437686203.1)
                  0000df28    00000006     app_shell.o (.rodata.str1.16751110918939779405.1)
                  0000df2e    00000006     app_shell.o (.rodata.str1.17956949396116821687.1)
                  0000df34    00000006     app_shell.o (.rodata.str1.18173995716001367913.1)
                  0000df3a    00000006     app_shell.o (.rodata.str1.3012107245209823623.1)
                  0000df40    00000006     app_shell.o (.rodata.str1.347170334538847339.1)
                  0000df46    00000006     app_shell.o (.rodata.str1.4138401803328556999.1)
                  0000df4c    00000006     app_shell.o (.rodata.str1.4215151899724944882.1)
                  0000df52    00000006     app_shell.o (.rodata.str1.5376205643164354286.1)
                  0000df58    00000006     app_shell.o (.rodata.str1.5531439754045694522.1)
                  0000df5e    00000006     app_shell.o (.rodata.str1.560197181004569561.1)
                  0000df64    00000006     app_shell.o (.rodata.str1.5716603645884478871.1)
                  0000df6a    00000006     app_shell.o (.rodata.str1.587364518894469847.1)
                  0000df70    00000006     app_shell.o (.rodata.str1.7836821320996295404.1)
                  0000df76    00000006     app_shell.o (.rodata.str1.7850322238517394535.1)
                  0000df7c    00000006     app_shell.o (.rodata.str1.795459456749244188.1)
                  0000df82    00000006     app_shell.o (.rodata.str1.8150600325345066189.1)
                  0000df88    00000006     app_shell.o (.rodata.str1.8435392788517128360.1)
                  0000df8e    00000006     app_shell.o (.rodata.str1.8573948346423057931.1)
                  0000df94    00000006     app_shell.o (.rodata.str1.9167415978045996327.1)
                  0000df9a    00000006     app_shell.o (.rodata.str1.931795180867172166.1)
                  0000dfa0    00000005     app_shell.o (.rodata.str1.10240434636320304394.1)
                  0000dfa5    00000005     app_shell.o (.rodata.str1.11537518471689317164.1)
                  0000dfaa    00000005     app_shell.o (.rodata.str1.11836969374611347342.1)
                  0000dfaf    00000005     app_shell.o (.rodata.str1.12588545937538655288.1)
                  0000dfb4    00000005     app_shell.o (.rodata.str1.12824201010631389445.1)
                  0000dfb9    00000005     app_shell.o (.rodata.str1.13640432584226954899.1)
                  0000dfbe    00000005     board_oled.o (.rodata.str1.13692234466500257678.1)
                  0000dfc3    00000005     app_shell.o (.rodata.str1.14031660303973722868.1)
                  0000dfc8    00000005     app_shell.o (.rodata.str1.14445045882516821416.1)
                  0000dfcd    00000005     app_shell.o (.rodata.str1.14639049301600042713.1)
                  0000dfd2    00000005     app_shell.o (.rodata.str1.14936188070685842994.1)
                  0000dfd7    00000005     app_shell.o (.rodata.str1.16216038010955657616.1)
                  0000dfdc    00000005     app_shell.o (.rodata.str1.16249557628706834344.1)
                  0000dfe1    00000005     app_shell.o (.rodata.str1.16498859227700835022.1)
                  0000dfe6    00000005     shell.o (.rodata.str1.17405053739148516019.1)
                  0000dfeb    00000005     board_i2c_bus.o (.rodata.str1.17771965703026024685.1)
                  0000dff0    00000005     app_shell.o (.rodata.str1.18076126304851181080.1)
                  0000dff5    00000005     app_shell.o (.rodata.str1.18221696243336245540.1)
                  0000dffa    00000005     app_shell.o (.rodata.str1.2112829382197544942.1)
                  0000dfff    00000005     app_shell.o (.rodata.str1.2767916714829989116.1)
                  0000e004    00000005     app_shell.o (.rodata.str1.3345426052653886543.1)
                  0000e009    00000005     app_shell.o (.rodata.str1.4641291215374644332.1)
                  0000e00e    00000005     app_shell.o (.rodata.str1.4654016994079693252.1)
                  0000e013    00000005     app_shell.o (.rodata.str1.4875989240936630559.1)
                  0000e018    00000005     app_shell.o (.rodata.str1.5557692366192543561.1)
                  0000e01d    00000005     app_shell.o (.rodata.str1.638712236475948105.1)
                  0000e022    00000005     app_shell.o (.rodata.str1.6951946783319408118.1)
                  0000e027    00000005     app_shell.o (.rodata.str1.8287504627243269121.1)
                  0000e02c    00000005     app_shell.o (.rodata.str1.8730301986016609910.1)
                  0000e031    00000005     app_shell.o (.rodata.str1.8913484995449839833.1)
                  0000e036    00000005     app_shell.o (.rodata.str1.9144633642026494361.1)
                  0000e03b    00000005     board_i2c_bus.o (.rodata.str1.921716939602878081.1)
                  0000e040    00000005     app_shell.o (.rodata.str1.9805525145790407866.1)
                  0000e045    00000004     app_shell.o (.rodata.str1.11187590877126870748.1)
                  0000e049    00000004     app_shell.o (.rodata.str1.1223882822645374465.1)
                  0000e04d    00000004     app_shell.o (.rodata.str1.1431720735396876446.1)
                  0000e051    00000004     app_shell.o (.rodata.str1.1451090849677487530.1)
                  0000e055    00000004     app_shell.o (.rodata.str1.15536306115837748184.1)
                  0000e059    00000004     app_shell.o (.rodata.str1.16423083052983990348.1)
                  0000e05d    00000004     app_shell.o (.rodata.str1.16815118733797554419.1)
                  0000e061    00000004     app_shell.o (.rodata.str1.2672312858105111990.1)
                  0000e065    00000004     app_shell.o (.rodata.str1.2942266741242204019.1)
                  0000e069    00000004     app_shell.o (.rodata.str1.3688985272902551570.1)
                  0000e06d    00000004     app_shell.o (.rodata.str1.3791812099772881164.1)
                  0000e071    00000004     app_shell.o (.rodata.str1.3801014448936389230.1)
                  0000e075    00000004     app_shell.o (.rodata.str1.4465400818469226320.1)
                  0000e079    00000004     app_shell.o (.rodata.str1.5000143241413183010.1)
                  0000e07d    00000004     app_shell.o (.rodata.str1.5263001642383835309.1)
                  0000e081    00000004     app_shell.o (.rodata.str1.5301191676092148263.1)
                  0000e085    00000004     app_shell.o (.rodata.str1.5612542551564952699.1)
                  0000e089    00000004     app_shell.o (.rodata.str1.5998451886276286134.1)
                  0000e08d    00000004     app_shell.o (.rodata.str1.5998459121093071997.1)
                  0000e091    00000004     app_shell.o (.rodata.str1.7212684690809077353.1)
                  0000e095    00000004     shell.o (.rodata.str1.7348818734176781284.1)
                  0000e099    00000004     app_shell.o (.rodata.str1.8035528561561339514.1)
                  0000e09d    00000004     app_shell.o (.rodata.str1.8103717083034249282.1)
                  0000e0a1    00000004     shell.o (.rodata.str1.8954516873856363469.1)
                  0000e0a5    00000004     app_shell.o (.rodata.str1.9244822838137428263.1)
                  0000e0a9    00000004     app_shell.o (.rodata.str1.9307220092008964426.1)
                  0000e0ad    00000004     app_shell.o (.rodata.str1.9708937098353321336.1)
                  0000e0b1    00000003     app_shell.o (.rodata.str1.13324323091560154661.1)
                  0000e0b4    00000003     app_shell.o (.rodata.str1.13626453309717720227.1)
                  0000e0b7    00000003     app_shell.o (.rodata.str1.15176035481894813218.1)
                  0000e0ba    00000003     app_shell.o (.rodata.str1.15304479756170702175.1)
                  0000e0bd    00000003     app_shell.o (.rodata.str1.15816476343860600217.1)
                  0000e0c0    00000003     shell.o (.rodata.str1.4282230880151502975.1)
                  0000e0c3    00000003     app_shell.o (.rodata.str1.6822338819583971375.1)
                  0000e0c6    00000003     app_shell.o (.rodata.str1.7571154574660953324.1)
                  0000e0c9    00000003     shell.o (.rodata.str1.8508895379925972626.1)
                  0000e0cc    00000003     app_shell.o (.rodata.str1.97227345183721019.1)
                  0000e0cf    00000002     app_shell.o (.rodata._ZZN3app12_GLOBAL__N_112MotorCommandEiPKPKcE7kM1Stop)
                  0000e0d1    00000002     app_shell.o (.rodata._ZZN3app12_GLOBAL__N_112MotorCommandEiPKPKcE7kM2Stop)
                  0000e0d3    00000002     ti_msp_dl_config.o (.rodata.gDEBUG_UARTClockConfig)
                  0000e0d5    00000002     ti_msp_dl_config.o (.rodata.gIMU_SPI_clockConfig)
                  0000e0d7    00000002     ti_msp_dl_config.o (.rodata.gLORA_UARTClockConfig)
                  0000e0d9    00000002     ti_msp_dl_config.o (.rodata.gMOTOR_I2CClockConfig)
                  0000e0db    00000002     ti_msp_dl_config.o (.rodata.gMOTOR_UARTClockConfig)
                  0000e0dd    00000002     ti_msp_dl_config.o (.rodata.gSENSOR_I2CClockConfig)
                  0000e0df    00000002     app_shell.o (.rodata.str1.10756110055158838206.1)
                  0000e0e1    00000002     app_shell.o (.rodata.str1.14678420154468417691.1)
                  0000e0e3    00000002     app_shell.o (.rodata.str1.15885433143163248817.1)
                  0000e0e5    00000002     app_shell.o (.rodata.str1.2029421846019890511.1)
                  0000e0e7    00000002     app_shell.o (.rodata.str1.5848672442950545206.1)
                  0000e0e9    00000002     app_shell.o (.rodata.str1.8674441817985872181.1)
                  0000e0eb    00000005     --HOLE-- [fill = 0]

.init_array 
*          0    00000000    00000000     UNINITIALIZED

.binit     0    00000000    00000000     

.bss       0    20200000    00000338     UNINITIALIZED
                  20200000    00000100     board_lora.o (.bss._ZN5boardL14g_loraRxBufferE)
                  20200100    00000100     board_motor_driver.o (.bss._ZN5boardL21g_motorDriverRxBufferE)
                  20200200    00000080     debug_uart.o (.bss._ZN8services12_GLOBAL__N_110g_rxBufferE)
                  20200280    00000060     shell.o (.bss._ZN8services12_GLOBAL__N_112g_lineBufferE)
                  202002e0    00000030     (.common:gDEBUG_UARTBackup)
                  20200310    00000028     (.common:gIMU_SPIBackup)

.data      0    20200338    0000028e     UNINITIALIZED
                  20200338    00000100     shell.o (.data._ZN8services12_GLOBAL__N_110g_commandsE)
                  20200438    000000f0     scheduler.o (.data._ZN8servicesL7g_tasksE)
                  20200528    00000030     board_button.o (.data._ZN5board12_GLOBAL__N_116g_buttonContextsE)
                  20200558    00000010     board_lora.o (.data._ZN5boardL13g_loraContextE)
                  20200568    00000010     board_motor_driver.o (.data._ZN5boardL20g_motorDriverContextE)
                  20200578    00000008     app_main.o (.data._ZN3appL10g_appStateE)
                  20200580    00000008     board_oled.o (.data._ZN5board12_GLOBAL__N_112g_oledConfigE)
                  20200588    00000008     board_oled.o (.data._ZN5board12_GLOBAL__N_113g_oledContextE)
                  20200590    00000008     board_fram.o (.data._ZN5boardL13g_framContextE)
                  20200598    00000008     board_buzzer.o (.data._ZN5boardL15g_buzzerContextE)
                  202005a0    00000008     board_ina219.o (.data._ZN5boardL15g_ina219ContextE)
                  202005a8    00000008     board_led.o (.data._ZN5boardL18g_statusLedContextE)
                  202005b0    00000004     shell.o (.data._ZN8services12_GLOBAL__N_112g_lineLengthE)
                  202005b4    00000004     debug_uart.o (.data._ZN8services12_GLOBAL__N_116g_rxDroppedCountE)
                  202005b8    00000004     time.o (.data._ZN8servicesL8g_millisE)
                  202005bc    00000002     debug_uart.o (.data._ZN8services12_GLOBAL__N_18g_rxHeadE)
                  202005be    00000002     debug_uart.o (.data._ZN8services12_GLOBAL__N_18g_rxTailE)
                  202005c0    00000001     app_shell.o (.data._ZN3app12_GLOBAL__N_116g_motorTransportE)
                  202005c1    00000001     app_shell.o (.data._ZN3app12_GLOBAL__N_117g_motorI2cAddressE)
                  202005c2    00000001     board_imu.o (.data._ZN5board12_GLOBAL__N_110g_imuReadyE)
                  202005c3    00000001     shell.o (.data._ZN8services12_GLOBAL__N_114g_ignoreNextLfE)
                  202005c4    00000001     debug_uart.o (.data._ZN8services12_GLOBAL__N_116g_debugUartReadyE)
                  202005c5    00000001     fault.o (.data._ZN8servicesL11g_faultCodeE)

.stack     0    2020ff00    00000100     UNINITIALIZED
                  2020ff00    00000004     libc.a : boot_cortex_m.c.obj (.stack)
                  2020ff04    000000fc     --HOLE--

__llvm_prf_cnts 
[...]
0000b059  SYSCFG_DL_IMU_SPI_init                                                                      
0000b0a5  DL_UART_init                                                                                
0000b0ed  _ZN5board22Board_FramGetBusStatusEPjPbS1_                                                   
0000b135  _ZN5board24Board_Ina219GetBusStatusEPjPbS1_                                                 
0000b17d  _ZN8services18DebugUart_ReadByteEPh                                                         
0000b1c5  DL_SPI_init                                                                                 
0000b209  _ZN5board13Board_ImuInitEv                                                                  
0000b24d  _ZN7drivers19Ina219_GetBusStatusEPNS_13Ina219ContextEPNS_15Ina219BusStatusE                 
0000b291  _ZN7drivers22Fm24cl64b_GetBusStatusEPNS_16Fm24cl64bContextEPNS_18Fm24cl64bBusStatusE        
0000b2d5  SYSCFG_DL_init                                                                              
0000b395  _ZN7drivers17LoraUart_ReadByteEPNS_15LoraUartContextEPh                                     
0000b3d5  _ZN7drivers24MotorDriverUart_ReadByteEPNS_22MotorDriverUartContextEPh                       
0000b415  __aeabi_uidiv                                                                               
0000b415  __aeabi_uidivmod                                                                            
0000b455  _ZN7drivers11Button_InitEPNS_13ButtonContextEPKNS_12ButtonConfigE                           
0000b493  __divmoddi4                                                                                 
0000b4d1  DL_I2C_flushControllerTXFIFO                                                                
0000b549  _ZN5board17Board_ButtonsInitEv                                                              
0000b585  _ZN7drivers23Ina219_ConfigureDefaultEPNS_13Ina219ContextE                                   
0000b5c1  __TI_auto_init_nobinit_nopinit                                                              
0000b5fd  _ZN7drivers17OledSsd1306_ClearEPNS_18OledSsd1306ContextE                                    
0000b639  __muldsi3                                                                                   
0000b675  _ZN7drivers11Buzzer_InitEPNS_13BuzzerContextEPKNS_12BuzzerConfigE                           
0000b6ad  _ZN7drivers14Button_ReadRawEPNS_13ButtonContextEPb                                          
0000b6e5  _ZN7drivers16OledSsd1306_FillEPNS_18OledSsd1306ContextEh                                    
0000b71d  _ZN7drivers19Ina219_ProbeAddressEPNS_13Ina219ContextEhPt                                    
0000b755  _ZN7drivers8Led_InitEPNS_10LedContextEPKNS_9LedConfigE                                      
0000b78d  _ZN8services9Time_InitEv                                                                    
0000b7c5  _ZN7drivers19OledSsd1306_IsReadyEPKNS_18OledSsd1306ContextE                                 
0000b831  _ZN3app8App_InitEv                                                                          
0000b865  _ZN5board19Board_ButtonsUpdateEj                                                            
0000b899  DL_I2C_flushControllerRXFIFO                                                                
0000b8c9  DL_UART_transmitDataBlocking                                                                
0000b8f9  SYSCFG_DL_SYSCTL_init                                                                       
0000b959  _ZN7drivers10Buzzer_OffEPNS_13BuzzerContextE                                                
0000b9b9  _ZN7drivers6Led_OnEPNS_10LedContextE                                                        
0000b9e9  _ZN7drivers7Led_OffEPNS_10LedContextE                                                       
0000ba19  _ZN7drivers9Buzzer_OnEPNS_13BuzzerContextE                                                  
0000ba49  _ZN7drivers19Ina219_ReadRegisterEPNS_13Ina219ContextEhPt                                    
0000ba79  _ZN5board15Board_OledProbeEv                                                                
0000baa5  _ZN7drivers20Ina219_WriteRegisterEPNS_13Ina219ContextEht                                    
0000bad1  _ZN7drivers28LoraUart_GetControllerStatusEPKNS_15LoraUartContextEPj                         
0000bafd  _ZN7drivers35MotorDriverUart_GetControllerStatusEPKNS_22MotorDriverUartContextEPj           
0000bb29  _ZN7drivers12Ina219_ResetEPNS_13Ina219ContextE                                              
0000bb53  _ZN7drivers23LoraUart_GetRxAvailableEPKNS_15LoraUartContextE                                
0000bb7d  _ZN7drivers30MotorDriverUart_GetRxAvailableEPKNS_22MotorDriverUartContextE                  
0000bbd1  _ZN5board10Board_InitEv                                                                     
0000bbf9  _ZN5board14Board_LoraInitEv                                                                 
0000bc21  _ZN5board21Board_MotorDriverInitEv                                                          
0000bc49  _c_int00_noargs                                                                             
0000bc71  DL_I2C_setClockConfig                                                                       
0000bcbd  _ZN8services12Time_DelayMsEj                                                                
0000bce1  __aeabi_lmul                                                                                
0000bce1  __muldi3                                                                                    
0000bd05  _ZN7drivers17Button_WasPressedEPNS_13ButtonContextE                                         
0000bd27  _ZN7drivers18Button_WasReleasedEPNS_13ButtonContextE                                        
0000bd49  _ZN5board14Board_OledInitEv                                                                 
0000bd69  _ZN7drivers17Ina219_GetAddressEPKNS_13Ina219ContextE                                        
0000bd87  _ZN7drivers21Ina219_GetCalibrationEPKNS_13Ina219ContextE                                    
0000bda5  __aeabi_llsl                                                                                
0000bda5  __ashldi3                                                                                   
0000bdc5  DL_SPI_receiveDataCheck8                                                                    
0000bde1  DL_SPI_transmitDataCheck8                                                                   
0000bdfd  _ZN3app7App_RunEv                                                                           
0000be19  _ZN5board19Board_ButtonReadRawENS_13BoardButtonIdEPb                                        
0000be35  _ZN5board21Board_ButtonIsPressedENS_13BoardButtonIdE                                        
0000be51  _ZN5board22Board_ButtonWasPressedENS_13BoardButtonIdE                                       
0000be6d  _ZN5board23Board_ButtonWasReleasedENS_13BoardButtonIdE                                      
0000be89  _ZN7drivers14Ina219_IsReadyEPKNS_13Ina219ContextE                                           
0000bea5  _ZN7drivers17Fm24cl64b_IsReadyEPKNS_16Fm24cl64bContextE                                     
0000bec1  _ZN8services19DebugUart_WriteCharEc                                                         
0000bedd  _ZN7drivers16Button_IsPressedEPKNS_13ButtonContextE                                         
0000bef9  __aeabi_memset                                                                              
0000bef9  __aeabi_memset4                                                                             
0000bef9  __aeabi_memset8                                                                             
0000bf07  __aeabi_memclr                                                                              
0000bf07  __aeabi_memclr4                                                                             
0000bf07  __aeabi_memclr8                                                                             
0000bf15  _ZN5board15Board_I2cBusGetEj                                                                
0000bf2d  _ZN5board19Board_ButtonGetNameENS_13BoardButtonIdE                                          
0000bf45  _ZN7drivers20LoraUart_GetBaudrateEPKNS_15LoraUartContextE                                   
0000bf5d  _ZN7drivers27MotorDriverUart_GetBaudrateEPKNS_22MotorDriverUartContextE                     
0000bf8b  _ZN7drivers11Led_IsReadyEPKNS_10LedContextE                                                 
0000bfa1  _ZN7drivers14Buzzer_IsReadyEPKNS_13BuzzerContextE                                           
0000bfb7  _ZN7drivers16LoraUart_IsReadyEPKNS_15LoraUartContextE                                       
0000bfcd  _ZN7drivers23MotorDriverUart_IsReadyEPKNS_22MotorDriverUartContextE                         
0000bfe3  __TI_zero_init_nomemset                                                                     
0000bff9  _ZN5board14Board_FramInitEv                                                                 
0000c00d  _ZN5board14Board_FramReadEtPht                                                              
0000c021  _ZN5board15Board_LoraWriteEPKht                                                             
0000c035  _ZN5board16Board_BuzzerInitEv                                                               
0000c049  _ZN5board18Board_FramReadByteEtPh                                                           
0000c05d  _ZN5board18Board_FramSelfTestEv                                                             
0000c071  _ZN5board19Board_FramWriteByteEth                                                           
0000c085  _ZN5board19Board_OledWriteTextEhhPKc                                                        
0000c099  _ZN5board19Board_StatusLedInitEv                                                            
0000c0ad  _ZN5board22Board_MotorDriverWriteEPKht                                                      
0000c0c1  _ZN5board24Board_Ina219ProbeAddressEhPt                                                     
0000c0d5  _ZN5board24Board_Ina219ReadRegisterEhPt                                                     
0000c0e9  _ZN5board25Board_Ina219WriteRegisterEht                                                     
0000c0fd  _ZN7drivers19Fm24cl64b_WriteByteEPNS_16Fm24cl64bContextEth                                  
0000c111  _ZN8services15Shell_WriteLineEPKc                                                           
0000c125  __aeabi_ldivmod                                                                             
0000c139  DL_SPI_setClockConfig                                                                       
0000c14b  DL_UART_setClockConfig                                                                      
0000c15d  __TI_decompress_none                                                                        
0000c171  SysTick_Handler                                                                             
0000c181  UART0_IRQHandler                                                                            
0000c191  UART1_IRQHandler                                                                            
0000c1b1  _ZN5board14Board_BuzzerOnEv                                                                 
0000c1c1  _ZN5board14Board_OledFillEh                                                                 
0000c1d1  _ZN5board15Board_BuzzerOffEv                                                                
0000c1e1  _ZN5board15Board_OledClearEv                                                                
0000c1f1  _ZN5board17Board_FramIsReadyEv                                                              
0000c201  _ZN5board17Board_Ina219ResetEv                                                              
0000c211  _ZN5board17Board_LoraIsReadyEv                                                              
0000c221  _ZN5board17Board_OledIsReadyEv                                                              
0000c231  _ZN5board17Board_StatusLedOnEv                                                              
0000c241  _ZN5board18Board_LoraReadByteEPh                                                            
0000c251  _ZN5board18Board_StatusLedOffEv                                                             
0000c261  _ZN5board19Board_BuzzerIsReadyEv                                                            
0000c271  _ZN5board19Board_Ina219IsReadyEv                                                            
0000c281  _ZN5board19Board_LoraWriteByteEh                                                            
0000c291  _ZN5board19Board_OledSetInvertEb                                                            
0000c2a1  _ZN5board20Board_FramRecoverBusEv                                                           
0000c2b1  _ZN5board21Board_LoraGetBaudrateEv                                                          
0000c2c1  _ZN5board21Board_OledTestPatternEv                                                          
0000c2d1  _ZN5board22Board_Ina219GetAddressEv                                                         
0000c2e1  _ZN5board22Board_Ina219RecoverBusEv                                                         
0000c2f1  _ZN5board22Board_Ina219SetAddressEh                                                         
0000c301  _ZN5board22Board_OledSetDisplayOnEb                                                         
0000c311  _ZN5board22Board_StatusLedIsReadyEv                                                         
0000c321  _ZN5board23Board_Ina219CalibrationEv                                                        
0000c331  _ZN5board23Board_LoraClearRxBufferEv                                                        
0000c341  _ZN5board24Board_LoraGetRxAvailableEv                                                       
0000c351  _ZN5board24Board_MotorDriverIsReadyEv                                                       
0000c361  _ZN5board25Board_MotorDriverReadByteEPh                                                     
0000c371  _ZN5board26Board_MotorDriverWriteByteEh                                                     
0000c381  _ZN5board27Board_Ina219ReadMeasurementEPN7drivers17Ina219MeasurementE                       
0000c391  _ZN5board27Board_LoraGetRxDroppedCountEv                                                    
0000c3a1  _ZN5board28Board_Ina219ConfigureDefaultEv                                                   
0000c3b1  _ZN5board28Board_Ina219ReadRawRegistersEPN7drivers18Ina219RawRegistersE                     
0000c3c1  _ZN5board28Board_MotorDriverGetBaudrateEv                                                   
0000c3d1  _ZN5board29Board_LoraGetControllerStatusEPj                                                 
0000c3e1  _ZN5board30Board_MotorDriverClearRxBufferEv                                                 
0000c3f1  _ZN5board31Board_MotorDriverGetRxAvailableEv                                                
0000c401  _ZN5board34Board_MotorDriverGetRxDroppedCountEv                                             
0000c411  _ZN5board36Board_MotorDriverGetControllerStatusEPj                                          
0000c421  _ZN8services9Fault_SetENS_9FaultCodeE                                                       
0000c431  _ZN5board15Board_OledWidthEv                                                                
0000c43d  _ZN5board16Board_ImuIsReadyEv                                                               
0000c449  _ZN5board16Board_OledHeightEv                                                               
0000c455  _ZN5board17Board_OledAddressEv                                                              
0000c461  _ZN7drivers26LoraUart_GetRxDroppedCountEPKNS_15LoraUartContextE                             
0000c46d  _ZN7drivers33MotorDriverUart_GetRxDroppedCountEPKNS_22MotorDriverUartContextE               
0000c479  _ZN8services10Fault_InitEv                                                                  
0000c485  _ZN8services11Time_MillisEv                                                                 
0000c491  _ZN8services17DebugUart_IsReadyEv                                                           
0000c49d  _ZN8services9Fault_GetEv                                                                    
0000c4a9  DL_Common_delayCycles                                                                       
0000c4b3  _ZN7drivers18Fm24cl64b_ReadByteEPNS_16Fm24cl64bContextEtPh                                  
0000c4bd  _ZN8services15Shell_WriteCharEc                                                             
0000c4c5  _ZN8services17Shell_WriteStringEPKc                                                         
0000c4cd  _ZN8services17Shell_WriteUInt32Ej                                                           
0000c4d5  __aeabi_memcpy                                                                              
0000c4d5  __aeabi_memcpy4                                                                             
0000c4d5  __aeabi_memcpy8                                                                             
0000c4dd  _ZN5board23Board_FramCapacityBytesEv                                                        
0000c4e3  abort                                                                                       
0000c4e8  C$$EXIT                                                                                     
0000c4e9  HOSTexit                                                                                    
0000c4ed  Reset_Handler                                                                               
0000c501  _ZN5board17Board_I2cBusCountEv                                                              
0000c505  _system_pre_init                                                                            
0000e104  __TI_Handler_Table_Base                                                                     
0000e110  __TI_Handler_Table_Limit                                                                    
0000e118  __TI_CINIT_Base                                                                             
0000e128  __TI_CINIT_Limit                                                                            
0000e128  __TI_CINIT_Warm                                                                             
20200000  __start___llvm_prf_bits                                                                     
20200000  __start___llvm_prf_cnts                                                                     
20200000  __stop___llvm_prf_bits                                                                      
20200000  __stop___llvm_prf_cnts                                                                      
202002e0  gDEBUG_UARTBackup                                                                           
20200310  gIMU_SPIBackup                                                                              
2020ff00  __stack                                                                                     
20210000  __STACK_END                                                                                 
ffffffff  __TI_pprof_out_hndl                                                                         
ffffffff  __TI_prof_data_size                                                                         
ffffffff  __TI_prof_data_start                                                                        
ffffffff  __binit__                                                                                   
ffffffff  binit                                                                                       
UNDEFED   __mpu_init                                                                                  
UNDEFED   _system_post_cinit                                                                          

[312 symbols]
