******************************************************************************
            TI ARM Clang Linker PC v5.1.1                      
******************************************************************************
>> Linked Mon Jul  6 23:12:52 2026

OUTPUT FILE NAME:   <gugaPI.out>
ENTRY POINT SYMBOL: "_c_int00_noargs"  address: 0000c0a9


MEMORY CONFIGURATION

         name            origin    length      used     unused   attr    fill
----------------------  --------  ---------  --------  --------  ----  --------
  FLASH                 00000000   00080000  0000e680  00071980  R  X
  SRAM_BANK0            20200000   00010000  000006d6  0000f92a  RW X
  SRAM_BANK1            20210000   00010000  00000000  00010000  RW X
  BCR_CONFIG            41c00000   000000ff  00000000  000000ff  R   
  BSL_CONFIG            41c00100   00000080  00000000  00000080  R   
  DATA                  41d00000   00004000  00000000  00004000  R   


SEGMENT ALLOCATION MAP

run origin  load origin   length   init length attrs members
----------  ----------- ---------- ----------- ----- -------
00000000    00000000    0000c9d8   0000c9d8    r-x
  00000000    00000000    000000c0   000000c0    r-- .intvecs
  000000c0    000000c0    0000c918   0000c918    r-x .text
0000c9e0    0000c9e0    00001ca8   00001ca8    r--
  0000c9e0    0000c9e0    00001c70   00001c70    r-- .rodata
  0000e650    0000e650    00000038   00000038    r-- .cinit
20200000    20200000    000005d6   00000000    rw-
  20200000    20200000    00000338   00000000    rw- .bss
  20200338    20200338    0000029e   00000000    rw- .data
2020ff00    2020ff00    00000100   00000000    rw-
  2020ff00    2020ff00    00000100   00000000    rw- .stack


SECTION ALLOCATION MAP

 output                                  attributes/
section   page    origin      length       input sections
--------  ----  ----------  ----------   ----------------
.intvecs   0    00000000    000000c0     
                  00000000    000000c0     startup_mspm0g351x_ticlang.o (.intvecs)

.text      0    000000c0    0000c918     
                  000000c0    00001e04     app_shell.o (.text._ZN3app12_GLOBAL__N_112MotorCommandEiPKPKc)
                  00001ec4    00000a5c     app_shell.o (.text._ZN3app12_GLOBAL__N_110ImuCommandEiPKPKc)
                  00002920    000008c0     app_shell.o (.text._ZN3app12_GLOBAL__N_113Ina219CommandEiPKPKc)
                  000031e0    00000880     app_shell.o (.text._ZN3app12_GLOBAL__N_111LoraCommandEiPKPKc)
                  00003a60    00000830     app_shell.o (.text._ZN3app12_GLOBAL__N_111OledCommandEiPKPKc)
                  00004290    00000724     app_shell.o (.text._ZN3app12_GLOBAL__N_110I2cCommandEiPKPKc)
                  000049b4    00000474     shell.o (.text._ZN8services12_GLOBAL__N_113HandleLineEndEv)
                  00004e28    00000430     app_shell.o (.text._ZN3app12_GLOBAL__N_111FramCommandEiPKPKc)
                  00005258    000003f8     app_shell.o (.text._ZN3app12_GLOBAL__N_112MotorRequestEhhPKhhPNS0_18MotorProtocolFrameE)
                  00005650    00000328     app_shell.o (.text._ZN3app12_GLOBAL__N_110LedCommandEiPKPKc)
                  00005978    000002cc     board_imu.o (.text._ZN5board12_GLOBAL__N_123ReadRegisterWithCommandEhPh)
                  00005c44    00000284     board_imu.o (.text._ZN5board22Board_ImuWiggleSpiPinsEj)
                  00005ec8    00000268     i2c_diag.o (.text._ZN7drivers22I2cDiag_WriteReg8BlockEPKNS_16I2cDiagBusConfigEhhPKht)
                  00006130    00000238     i2c_diag.o (.text._ZN7drivers16I2cDiag_ReadReg8EPKNS_16I2cDiagBusConfigEhhPht)
                  00006368    00000234     board_imu.o (.text._ZN5board21Board_ImuSpiSampleIcmEhPhj)
                  0000659c    00000230     app_shell.o (.text._ZN3app12_GLOBAL__N_113ButtonCommandEiPKPKc)
                  000067cc    00000224     fm24cl64b.o (.text._ZN7drivers14Fm24cl64b_ReadEPNS_16Fm24cl64bContextEtPht)
                  000069f0    0000021c     board_imu.o (.text._ZN5board20Board_ImuSpiBurstIcmEjh)
                  00006c0c    00000208     oled_ssd1306.o (.text._ZN7drivers22OledSsd1306_DrawStringEPNS_18OledSsd1306ContextEhhPKc)
                  00006e14    000001e0     ina219.o (.text._ZN7drivers17Ina219_RecoverBusEPNS_13Ina219ContextE)
                  00006ff4    000001e0     fm24cl64b.o (.text._ZN7drivers20Fm24cl64b_RecoverBusEPNS_16Fm24cl64bContextE)
                  000071d4    000001d0     fm24cl64b.o (.text._ZN7drivers15Fm24cl64b_WriteEPNS_16Fm24cl64bContextEtPKht)
                  000073a4    000001d0     i2c_diag.o (.text._ZN7drivers18I2cDiag_RecoverBusEPKNS_16I2cDiagBusConfigE)
                  00007574    000001c8     i2c_diag.o (.text._ZN7drivers17I2cDiag_WriteReg8EPKNS_16I2cDiagBusConfigEhhPKht)
                  0000773c    000001b0     scheduler.o (.text._ZN8services13Scheduler_RunEv)
                  000078ec    000001a4     ina219.o (.text._ZN7drivers12_GLOBAL__N_120ReadRegisterInternalEPNS_13Ina219ContextEhPt)
                  00007a90    000001a0     app_shell.o (.text._ZN3app12_GLOBAL__N_123PrintMotorPositionBlockERKNS0_18MotorProtocolFrameE)
                  00007c30    00000188     i2c_diag.o (.text._ZN7drivers20I2cDiag_ProbeAddressEPKNS_16I2cDiagBusConfigEh)
                  00007db8    00000170     app_shell.o (.text._ZN3app12_GLOBAL__N_113ParseI2cRangeEiPKPKchPhS5_)
                  00007f28    00000170     oled_ssd1306.o (.text._ZN7drivers23OledSsd1306_DrawCheckerEPNS_18OledSsd1306ContextE)
                  00008098    00000164     board_i2c_bus.o (.text._ZN5board16Board_I2cBusFindEPKc)
                  000081fc    00000150     app_shell.o (.text._ZN3app12_GLOBAL__N_115PrintMotorUsageEv)
                  0000834c    00000148     app_shell.o (.text._ZN3app12_GLOBAL__N_114PrintI2cStatusEPKN7drivers16I2cDiagBusConfigE)
                  00008494    00000140     debug_uart.o (.text._ZN8services21DebugUart_WriteUInt32Ej)
                  000085d4    0000013c     app_shell.o (.text._ZN3app12_GLOBAL__N_110I2cScanBusEPKN7drivers16I2cDiagBusConfigEhhb)
                  00008710    00000138     app_shell.o (.text._ZN3app25AppShell_RegisterCommandsEv)
                  00008848    00000120     app_shell.o (.text._ZN3app12_GLOBAL__N_114ApplyLedActionEN5board10BoardLedIdEPKc)
                  00008968    00000120     ina219.o (.text._ZN7drivers12_GLOBAL__N_121WriteRegisterInternalEPNS_13Ina219ContextEht)
                  00008a88    00000108     app_shell.o (.text._ZN3app12_GLOBAL__N_119PrintMotorFrameDataEPKcRKNS0_18MotorProtocolFrameE)
                  00008b90    00000100     shell.o (.text._ZN8services10Shell_InitEv)
                  00008c90    000000fc     ti_msp_dl_config.o (.text.SYSCFG_DL_GPIO_init)
                  00008d8c    000000f8     app_shell.o (.text._ZN3app12_GLOBAL__N_110ParseInt32EPKciiPi)
                  00008e84    000000e0     app_shell.o (.text._ZN3app12_GLOBAL__N_113BuzzerCommandEiPKPKc)
                  00008f64    000000e0     scheduler.o (.text._ZN8services17Scheduler_AddTaskEPKcPFvvEjjPh)
                  00009044    000000d4     shell.o (.text._ZN8services21Shell_RegisterCommandEPKcS1_PFviPKS1_E)
                  00009118    000000d0     app_shell.o (.text._ZN3app12_GLOBAL__N_121PrintMotorEncoderLineEPKcRKNS0_18MotorProtocolFrameE)
                  000091e8    000000c8     board_imu.o (.text._ZN5board25Board_Lis3mdlReadRegisterEhPh)
                  000092b0    000000c8     ina219.o (.text._ZN7drivers11Ina219_InitEPNS_13Ina219ContextEPKNS_12Ina219ConfigE)
                  00009378    000000c8     lora.o (.text._ZN7drivers14LoraUart_WriteEPNS_15LoraUartContextEPKht)
                  00009440    000000c8     motor_driver_uart.o (.text._ZN7drivers21MotorDriverUart_WriteEPNS_22MotorDriverUartContextEPKht)
                  00009508    000000c4     board_imu.o (.text._ZN5board26Board_Icm45686ReadRegisterEhPh)
                  000095cc    000000c0     board_imu.o (.text._ZN5board23Board_Lis3mdlReadWhoAmIEPh)
                  0000968c    000000b8     ina219.o (.text._ZN7drivers12_GLOBAL__N_113ReleaseI2cBusEPKNS_12Ina219ConfigE)
                  00009744    000000b8     i2c_diag.o (.text._ZN7drivers12_GLOBAL__N_113ReleaseI2cBusEPKNS_16I2cDiagBusConfigE)
                  000097fc    000000b4     oled_ssd1306.o (.text._ZN7drivers16OledSsd1306_InitEPNS_18OledSsd1306ContextEPKNS_17OledSsd1306ConfigE)
                  000098b0    000000b4     motor_driver_uart.o (.text._ZN7drivers20MotorDriverUart_InitEPNS_22MotorDriverUartContextEPKNS_21MotorDriverUartConfigE)
                  00009964    000000b0     app_shell.o (.text._ZN3app12_GLOBAL__N_110WriteHex32Ej)
                  00009a14    000000b0     scheduler.o (.text._ZN8services14Scheduler_InitEv)
                  00009ac4    000000ac     app_shell.o (.text._ZN3app12_GLOBAL__N_110PwmCommandEiPKPKc)
                  00009b70    000000a4     app_shell.o (.text._ZN3app12_GLOBAL__N_118PrintMotorRpmBlockERKNS0_18MotorProtocolFrameE)
                  00009c14    000000a4     fm24cl64b.o (.text._ZN7drivers18Fm24cl64b_SelfTestEPNS_16Fm24cl64bContextEt)
                  00009cb8    000000a2     libclang_rt.builtins.a : udivmoddi4.S.obj (.text)
                  00009d5a    0000009c     app_shell.o (.text._ZN3app12_GLOBAL__N_111ParseUint32EPKcjPj)
                  00009df6    00000002     startup_mspm0g351x_ticlang.o (.text.Default_Handler)
                  00009df8    0000009c     board_imu.o (.text._ZN5board19Board_ImuSetSpiModeEh)
                  00009e94    0000009a     libc.a : memcpy16.S.obj (.text:memcpy)
                  00009f2e    00000002     board.o (.text._ZN5board14Board_LateInitEv)
                  00009f30    00000098     motor_driver_uart.o (.text._ZN7drivers29MotorDriverUart_ClearRxBufferEPNS_22MotorDriverUartContextE)
                  00009fc8    00000094     oled_ssd1306.o (.text._ZN7drivers12_GLOBAL__N_113WriteRepeatedEPNS_18OledSsd1306ContextEh)
                  0000a05c    00000094     lora.o (.text._ZN7drivers18LoraUart_WriteByteEPNS_15LoraUartContextEh)
                  0000a0f0    00000094     motor_driver_uart.o (.text._ZN7drivers25MotorDriverUart_WriteByteEPNS_22MotorDriverUartContextEh)
                  0000a184    00000094     shell.o (.text._ZN8services13Shell_ProcessEv)
                  0000a218    00000092     ina219.o (.text._ZN7drivers23Ina219_ReadRawRegistersEPNS_13Ina219ContextEPNS_18Ina219RawRegistersE)
                  0000a2aa    0000008a     app_shell.o (.text._ZN3app12_GLOBAL__N_121MotorReadCountsPerRevEbPj)
                  0000a334    00000088     ti_msp_dl_config.o (.text.SYSCFG_DL_DEBUG_UART_init)
                  0000a3bc    00000088     ti_msp_dl_config.o (.text.SYSCFG_DL_LORA_UART_init)
                  0000a444    00000088     ti_msp_dl_config.o (.text.SYSCFG_DL_MOTOR_UART_init)
                  0000a4cc    00000084     lora.o (.text._ZN7drivers13LoraUart_InitEPNS_15LoraUartContextEPKNS_14LoraUartConfigE)
                  0000a550    0000007e     app_shell.o (.text._ZN3app12_GLOBAL__N_113LoraWriteArgsEiPKPKcbPt)
                  0000a5ce    0000007e     app_shell.o (.text._ZN3app12_GLOBAL__N_114MotorWriteArgsEiPKPKcbPt)
                  0000a64c    0000007c     ti_msp_dl_config.o (.text.SYSCFG_DL_initPower)
                  0000a6c8    0000007c     lora.o (.text._ZN7drivers19LoraUart_IrqHandlerEPNS_15LoraUartContextE)
                  0000a744    0000007c     libc.a : copy_decompress_lzss.c.obj (.text:decompress:lzss)
                  0000a7c0    00000078     app_shell.o (.text._ZN3app12_GLOBAL__N_117WriteAllLedStatusEv)
                  0000a838    00000078     app_shell.o (.text._ZN3app12_GLOBAL__N_130PrintMotorPositionControlBlockERKNS0_18MotorProtocolFrameE)
                  0000a8b0    00000074     app_shell.o (.text._ZN3app12_GLOBAL__N_118PrintMotorPidBlockERKNS0_18MotorProtocolFrameE)
                  0000a924    00000074     ina219.o (.text._ZN7drivers22Ina219_ReadMeasurementEPNS_13Ina219ContextEPNS_17Ina219MeasurementE)
                  0000a998    0000006c     debug_uart.o (.text.UART3_IRQHandler)
                  0000aa04    0000006c     motor_driver_uart.o (.text._ZN7drivers26MotorDriverUart_IrqHandlerEPNS_22MotorDriverUartContextE)
                  0000aa70    0000006c     debug_uart.o (.text._ZN8services21DebugUart_WriteStringEPKc)
                  0000aadc    00000068     app_shell.o (.text._ZN3app12_GLOBAL__N_113PrintImuUsageEv)
                  0000ab44    00000068     app_shell.o (.text._ZN3app12_GLOBAL__N_116PrintIna219UsageEv)
                  0000abac    00000068     app_shell.o (.text._ZN3app12_GLOBAL__N_121PrintMotorConfigBlockERKNS0_18MotorProtocolFrameE)
                  0000ac14    00000066     app_shell.o (.text._ZN3app12_GLOBAL__N_121MotorReadEncoderCountEbPi)
                  0000ac7a    00000002     log.o (.text._ZN8services8Log_InitEv)
                  0000ac7c    00000064     app_shell.o (.text._ZN3app12_GLOBAL__N_110WriteHex16Et)
                  0000ace0    00000064     app_shell.o (.text._ZN3app12_GLOBAL__N_127PrintMotorPositionPidFieldsEPKh)
                  0000ad44    00000064     board_imu.o (.text._ZN5board22Board_ImuGetLineStatusEPNS_18BoardImuLineStatusE)
                  0000ada8    00000064     fm24cl64b.o (.text._ZN7drivers14Fm24cl64b_InitEPNS_16Fm24cl64bContextEPKNS_15Fm24cl64bConfigE)
                  0000ae0c    00000062     libc.a : memset16.S.obj (.text:memset)
                  0000ae6e    00000002     libclang_rt.builtins.a : aeabi_div0.c.obj (.text.__aeabi_idiv0)
                  0000ae70    00000060     app_shell.o (.text._ZN3app12_GLOBAL__N_113PrintI2cUsageEv)
                  0000aed0    00000060     app_shell.o (.text._ZN3app12_GLOBAL__N_114PrintOledUsageEv)
                  0000af30    00000060     lora.o (.text._ZN7drivers22LoraUart_ClearRxBufferEPNS_15LoraUartContextE)
                  0000af90    0000005e     driverlib.a : dl_i2c.o (.text.DL_I2C_fillControllerTXFIFO)
                  0000afee    0000005e     button.o (.text._ZN7drivers13Button_UpdateEPNS_13ButtonContextEj)
                  0000b04c    0000005c     board_oled.o (.text._ZN5board22Board_OledGetBusStatusEPjPbS1_)
                  0000b0a8    00000058     ina219.o (.text._ZN7drivers17Ina219_SetAddressEPNS_13Ina219ContextEh)
                  0000b100    00000058     i2c_diag.o (.text._ZN7drivers20I2cDiag_GetBusStatusEPKNS_16I2cDiagBusConfigEPNS_16I2cDiagBusStatusE)
                  0000b158    00000056     oled_ssd1306.o (.text._ZN7drivers21OledSsd1306_SetInvertEPNS_18OledSsd1306ContextEb)
                  0000b1ae    00000056     oled_ssd1306.o (.text._ZN7drivers24OledSsd1306_SetDisplayOnEPNS_18OledSsd1306ContextEb)
                  0000b204    00000054     ti_msp_dl_config.o (.text.SYSCFG_DL_MOTOR_I2C_init)
                  0000b258    00000054     ti_msp_dl_config.o (.text.SYSCFG_DL_SENSOR_I2C_init)
                  0000b2ac    00000054     app_shell.o (.text._ZN3app12_GLOBAL__N_114PrintLoraUsageEv)
                  0000b300    00000054     debug_uart.o (.text._ZN8services14DebugUart_InitEv)
                  0000b354    00000052     empty_cpp.o (.text.main)
                  0000b3a6    00000002     libclang_rt.builtins.a : aeabi_div0.c.obj (.text.__aeabi_ldiv0)
                  0000b3a8    00000050     board_ina219.o (.text._ZN5board16Board_Ina219InitEv)
                  0000b3f8    00000050     board_imu.o (.text._ZN5board27Board_ImuSetChipSelectDebugEbbbb)
                  0000b448    0000004c     ti_msp_dl_config.o (.text.SYSCFG_DL_IMU_SPI_init)
                  0000b494    00000048     driverlib.a : dl_uart.o (.text.DL_UART_init)
                  0000b4dc    00000048     board_fram.o (.text._ZN5board22Board_FramGetBusStatusEPjPbS1_)
                  0000b524    00000048     board_ina219.o (.text._ZN5board24Board_Ina219GetBusStatusEPjPbS1_)
                  0000b56c    00000048     debug_uart.o (.text._ZN8services18DebugUart_ReadByteEPh)
                  0000b5b4    00000044     driverlib.a : dl_spi.o (.text.DL_SPI_init)
                  0000b5f8    00000044     board_imu.o (.text._ZN5board13Board_ImuInitEv)
                  0000b63c    00000044     ina219.o (.text._ZN7drivers19Ina219_GetBusStatusEPNS_13Ina219ContextEPNS_15Ina219BusStatusE)
                  0000b680    00000044     fm24cl64b.o (.text._ZN7drivers22Fm24cl64b_GetBusStatusEPNS_16Fm24cl64bContextEPNS_18Fm24cl64bBusStatusE)
                  0000b6c4    00000040     ti_msp_dl_config.o (.text.SYSCFG_DL_init)
                  0000b704    00000040     app_shell.o (.text._ZN3app12_GLOBAL__N_114PrintFramUsageEv)
                  0000b744    00000040     app_shell.o (.text._ZN3app12_GLOBAL__N_114VersionCommandEiPKPKc)
                  0000b784    00000040     lora.o (.text._ZN7drivers17LoraUart_ReadByteEPNS_15LoraUartContextEPh)
                  0000b7c4    00000040     motor_driver_uart.o (.text._ZN7drivers24MotorDriverUart_ReadByteEPNS_22MotorDriverUartContextEPh)
                  0000b804    00000040     libclang_rt.builtins.a : aeabi_uidivmod.S.obj (.text)
                  0000b844    0000003e     button.o (.text._ZN7drivers11Button_InitEPNS_13ButtonContextEPKNS_12ButtonConfigE)
                  0000b882    0000003e     libclang_rt.builtins.a : divmoddi4.c.obj (.text.__divmoddi4)
                  0000b8c0    0000003c     driverlib.a : dl_i2c.o (.text.DL_I2C_flushControllerTXFIFO)
                  0000b8fc    0000003c     app_shell.o (.text._ZN3app12_GLOBAL__N_19WriteHex8Eh)
                  0000b938    0000003c     board_button.o (.text._ZN5board17Board_ButtonsInitEv)
                  0000b974    0000003c     board_led.o (.text._ZN5board19Board_StatusLedInitEv)
                  0000b9b0    0000003c     ina219.o (.text._ZN7drivers23Ina219_ConfigureDefaultEPNS_13Ina219ContextE)
                  0000b9ec    0000003c     libc.a : autoinit.c.obj (.text:__TI_auto_init_nobinit_nopinit)
                  0000ba28    0000003a     oled_ssd1306.o (.text._ZN7drivers17OledSsd1306_ClearEPNS_18OledSsd1306ContextE)
                  0000ba62    00000002     --HOLE-- [fill = 0]
                  0000ba64    0000003a     libclang_rt.builtins.a : muldsi3.S.obj (.text)
                  0000ba9e    00000002     --HOLE-- [fill = 0]
                  0000baa0    00000038     led.o (.text._ZN7drivers10Led_ToggleEPNS_10LedContextE)
                  0000bad8    00000038     buzzer.o (.text._ZN7drivers11Buzzer_InitEPNS_13BuzzerContextEPKNS_12BuzzerConfigE)
                  0000bb10    00000038     button.o (.text._ZN7drivers14Button_ReadRawEPNS_13ButtonContextEPb)
                  0000bb48    00000038     oled_ssd1306.o (.text._ZN7drivers16OledSsd1306_FillEPNS_18OledSsd1306ContextEh)
                  0000bb80    00000038     ina219.o (.text._ZN7drivers19Ina219_ProbeAddressEPNS_13Ina219ContextEhPt)
                  0000bbb8    00000038     led.o (.text._ZN7drivers8Led_InitEPNS_10LedContextEPKNS_9LedConfigE)
                  0000bbf0    00000038     time.o (.text._ZN8services9Time_InitEv)
                  0000bc28    00000036     oled_ssd1306.o (.text._ZN7drivers19OledSsd1306_IsReadyEPKNS_18OledSsd1306ContextE)
                  0000bc5e    00000002     --HOLE-- [fill = 0]
                  0000bc60    00000034     app_shell.o (.text._ZN3app12_GLOBAL__N_126PrintMotorPositionPidBlockERKNS0_18MotorProtocolFrameE)
                  0000bc94    00000034     app_main.o (.text._ZN3app8App_InitEv)
                  0000bcc8    00000034     board_button.o (.text._ZN5board19Board_ButtonsUpdateEj)
                  0000bcfc    00000030     driverlib.a : dl_i2c.o (.text.DL_I2C_flushControllerRXFIFO)
                  0000bd2c    00000030                 : dl_uart.o (.text.DL_UART_transmitDataBlocking)
                  0000bd5c    00000030     ti_msp_dl_config.o (.text.SYSCFG_DL_SYSCTL_init)
                  0000bd8c    00000030     app_shell.o (.text._ZN3app12_GLOBAL__N_115WriteStatusLineEPKcN7drivers12DriverStatusE)
                  0000bdbc    00000030     buzzer.o (.text._ZN7drivers10Buzzer_OffEPNS_13BuzzerContextE)
                  0000bdec    00000030     i2c_diag.o (.text._ZN7drivers12_GLOBAL__N_118CheckTransferErrorEP8I2C_Regs)
                  0000be1c    00000030     led.o (.text._ZN7drivers7Led_SetEPNS_10LedContextEb)
                  0000be4c    00000030     buzzer.o (.text._ZN7drivers9Buzzer_OnEPNS_13BuzzerContextE)
                  0000be7c    0000002e     ina219.o (.text._ZN7drivers19Ina219_ReadRegisterEPNS_13Ina219ContextEhPt)
                  0000beaa    00000002     --HOLE-- [fill = 0]
                  0000beac    0000002c     app_shell.o (.text._ZN3app12_GLOBAL__N_113PrintLedUsageEv)
                  0000bed8    0000002c     board_oled.o (.text._ZN5board15Board_OledProbeEv)
                  0000bf04    0000002c     ina219.o (.text._ZN7drivers20Ina219_WriteRegisterEPNS_13Ina219ContextEht)
                  0000bf30    0000002c     lora.o (.text._ZN7drivers28LoraUart_GetControllerStatusEPKNS_15LoraUartContextEPj)
                  0000bf5c    0000002c     motor_driver_uart.o (.text._ZN7drivers35MotorDriverUart_GetControllerStatusEPKNS_22MotorDriverUartContextEPj)
                  0000bf88    0000002a     ina219.o (.text._ZN7drivers12Ina219_ResetEPNS_13Ina219ContextE)
                  0000bfb2    0000002a     lora.o (.text._ZN7drivers23LoraUart_GetRxAvailableEPKNS_15LoraUartContextE)
                  0000bfdc    0000002a     motor_driver_uart.o (.text._ZN7drivers30MotorDriverUart_GetRxAvailableEPKNS_22MotorDriverUartContextE)
                  0000c006    00000002     --HOLE-- [fill = 0]
                  0000c008    00000028     app_shell.o (.text._ZN3app12_GLOBAL__N_112ResetCommandEiPKPKc)
                  0000c030    00000028     board.o (.text._ZN5board10Board_InitEv)
                  0000c058    00000028     board_lora.o (.text._ZN5board14Board_LoraInitEv)
                  0000c080    00000028     board_motor_driver.o (.text._ZN5board21Board_MotorDriverInitEv)
                  0000c0a8    00000028     libc.a : boot_cortex_m.c.obj (.text:_c_int00_noargs)
                  0000c0d0    00000026     driverlib.a : dl_i2c.o (.text.DL_I2C_setClockConfig)
                  0000c0f6    00000002     --HOLE-- [fill = 0]
                  0000c0f8    00000024     app_shell.o (.text._ZN3app12_GLOBAL__N_110WriteInt32Ei)
                  0000c11c    00000024     time.o (.text._ZN8services12Time_DelayMsEj)
                  0000c140    00000024     libclang_rt.builtins.a : muldi3.S.obj (.text)
                  0000c164    00000022     button.o (.text._ZN7drivers17Button_WasPressedEPNS_13ButtonContextE)
                  0000c186    00000022     button.o (.text._ZN7drivers18Button_WasReleasedEPNS_13ButtonContextE)
                  0000c1a8    00000020     board_led.o (.text._ZN5board13Board_LedIsOnENS_10BoardLedIdE)
                  0000c1c8    00000020     board_oled.o (.text._ZN5board14Board_OledInitEv)
                  0000c1e8    00000020     board_led.o (.text._ZN5board16Board_LedIsReadyENS_10BoardLedIdE)
                  0000c208    0000001e     ina219.o (.text._ZN7drivers17Ina219_GetAddressEPKNS_13Ina219ContextE)
                  0000c226    0000001e     ina219.o (.text._ZN7drivers21Ina219_GetCalibrationEPKNS_13Ina219ContextE)
                  0000c244    0000001e     libclang_rt.builtins.a : ashldi3.S.obj (.text)
                  0000c262    00000002     --HOLE-- [fill = 0]
                  0000c264    0000001c     driverlib.a : dl_spi.o (.text.DL_SPI_receiveDataCheck8)
                  0000c280    0000001c                 : dl_spi.o (.text.DL_SPI_transmitDataCheck8)
                  0000c29c    0000001c     app_main.o (.text._ZN3app7App_RunEv)
                  0000c2b8    0000001c     board_led.o (.text._ZN5board11Board_LedOnENS_10BoardLedIdE)
                  0000c2d4    0000001c     board_led.o (.text._ZN5board12Board_LedOffENS_10BoardLedIdE)
                  0000c2f0    0000001c     board_led.o (.text._ZN5board15Board_LedToggleENS_10BoardLedIdE)
                  0000c30c    0000001c     board_button.o (.text._ZN5board19Board_ButtonReadRawENS_13BoardButtonIdEPb)
                  0000c328    0000001c     board_button.o (.text._ZN5board21Board_ButtonIsPressedENS_13BoardButtonIdE)
                  0000c344    0000001c     board_button.o (.text._ZN5board22Board_ButtonWasPressedENS_13BoardButtonIdE)
                  0000c360    0000001c     board_button.o (.text._ZN5board23Board_ButtonWasReleasedENS_13BoardButtonIdE)
                  0000c37c    0000001c     ina219.o (.text._ZN7drivers14Ina219_IsReadyEPKNS_13Ina219ContextE)
                  0000c398    0000001c     fm24cl64b.o (.text._ZN7drivers17Fm24cl64b_IsReadyEPKNS_16Fm24cl64bContextE)
                  0000c3b4    0000001c     debug_uart.o (.text._ZN8services19DebugUart_WriteCharEc)
                  0000c3d0    0000001a     button.o (.text._ZN7drivers16Button_IsPressedEPKNS_13ButtonContextE)
                  0000c3ea    0000001a     led.o (.text._ZN7drivers8Led_IsOnEPKNS_10LedContextE)
                  0000c404    0000001a     libclang_rt.builtins.a : aeabi_memset.S.obj (.text)
                  0000c41e    00000002     --HOLE-- [fill = 0]
                  0000c420    00000018     board_i2c_bus.o (.text._ZN5board15Board_I2cBusGetEj)
                  0000c438    00000018     board_button.o (.text._ZN5board19Board_ButtonGetNameENS_13BoardButtonIdE)
                  0000c450    00000018     lora.o (.text._ZN7drivers20LoraUart_GetBaudrateEPKNS_15LoraUartContextE)
                  0000c468    00000018     motor_driver_uart.o (.text._ZN7drivers27MotorDriverUart_GetBaudrateEPKNS_22MotorDriverUartContextE)
                  0000c480    00000016     app_main.o (.text._ZN12_GLOBAL__N_118App_ButtonScanTaskEv)
                  0000c496    00000016     led.o (.text._ZN7drivers11Led_IsReadyEPKNS_10LedContextE)
                  0000c4ac    00000016     buzzer.o (.text._ZN7drivers14Buzzer_IsReadyEPKNS_13BuzzerContextE)
                  0000c4c2    00000016     lora.o (.text._ZN7drivers16LoraUart_IsReadyEPKNS_15LoraUartContextE)
                  0000c4d8    00000016     motor_driver_uart.o (.text._ZN7drivers23MotorDriverUart_IsReadyEPKNS_22MotorDriverUartContextE)
                  0000c4ee    00000016     libc.a : copy_zero_init.c.obj (.text:decompress:ZI:__TI_zero_init_nomemset)
                  0000c504    00000014     board_fram.o (.text._ZN5board14Board_FramInitEv)
                  0000c518    00000014     board_fram.o (.text._ZN5board14Board_FramReadEtPht)
                  0000c52c    00000014     board_lora.o (.text._ZN5board15Board_LoraWriteEPKht)
                  0000c540    00000014     board_buzzer.o (.text._ZN5board16Board_BuzzerInitEv)
                  0000c554    00000014     board_fram.o (.text._ZN5board18Board_FramReadByteEtPh)
                  0000c568    00000014     board_fram.o (.text._ZN5board18Board_FramSelfTestEv)
                  0000c57c    00000014     board_fram.o (.text._ZN5board19Board_FramWriteByteEth)
                  0000c590    00000014     board_oled.o (.text._ZN5board19Board_OledWriteTextEhhPKc)
                  0000c5a4    00000014     board_motor_driver.o (.text._ZN5board22Board_MotorDriverWriteEPKht)
                  0000c5b8    00000014     board_ina219.o (.text._ZN5board24Board_Ina219ProbeAddressEhPt)
                  0000c5cc    00000014     board_ina219.o (.text._ZN5board24Board_Ina219ReadRegisterEhPt)
                  0000c5e0    00000014     board_ina219.o (.text._ZN5board25Board_Ina219WriteRegisterEht)
                  0000c5f4    00000014     fm24cl64b.o (.text._ZN7drivers19Fm24cl64b_WriteByteEPNS_16Fm24cl64bContextEth)
                  0000c608    00000014     shell.o (.text._ZN8services15Shell_WriteLineEPKc)
                  0000c61c    00000014     libclang_rt.builtins.a : aeabi_ldivmod.S.obj (.text)
                  0000c630    00000012     driverlib.a : dl_spi.o (.text.DL_SPI_setClockConfig)
                  0000c642    00000012                 : dl_uart.o (.text.DL_UART_setClockConfig)
                  0000c654    00000012     libc.a : copy_decompress_none.c.obj (.text:decompress:none)
                  0000c666    00000002     --HOLE-- [fill = 0]
                  0000c668    00000010     time.o (.text.SysTick_Handler)
                  0000c678    00000010     board_lora.o (.text.UART0_IRQHandler)
                  0000c688    00000010     board_motor_driver.o (.text.UART1_IRQHandler)
                  0000c698    00000010     app_shell.o (.text._ZN3app12_GLOBAL__N_110AdcCommandEiPKPKc)
                  0000c6a8    00000010     board_buzzer.o (.text._ZN5board14Board_BuzzerOnEv)
                  0000c6b8    00000010     board_oled.o (.text._ZN5board14Board_OledFillEh)
                  0000c6c8    00000010     board_buzzer.o (.text._ZN5board15Board_BuzzerOffEv)
                  0000c6d8    00000010     board_oled.o (.text._ZN5board15Board_OledClearEv)
                  0000c6e8    00000010     board_fram.o (.text._ZN5board17Board_FramIsReadyEv)
                  0000c6f8    00000010     board_ina219.o (.text._ZN5board17Board_Ina219ResetEv)
                  0000c708    00000010     board_lora.o (.text._ZN5board17Board_LoraIsReadyEv)
                  0000c718    00000010     board_oled.o (.text._ZN5board17Board_OledIsReadyEv)
                  0000c728    00000010     board_lora.o (.text._ZN5board18Board_LoraReadByteEPh)
                  0000c738    00000010     board_buzzer.o (.text._ZN5board19Board_BuzzerIsReadyEv)
                  0000c748    00000010     board_ina219.o (.text._ZN5board19Board_Ina219IsReadyEv)
                  0000c758    00000010     board_lora.o (.text._ZN5board19Board_LoraWriteByteEh)
                  0000c768    00000010     board_oled.o (.text._ZN5board19Board_OledSetInvertEb)
                  0000c778    00000010     board_fram.o (.text._ZN5board20Board_FramRecoverBusEv)
                  0000c788    00000010     board_lora.o (.text._ZN5board21Board_LoraGetBaudrateEv)
                  0000c798    00000010     board_oled.o (.text._ZN5board21Board_OledTestPatternEv)
                  0000c7a8    00000010     board_ina219.o (.text._ZN5board22Board_Ina219GetAddressEv)
                  0000c7b8    00000010     board_ina219.o (.text._ZN5board22Board_Ina219RecoverBusEv)
                  0000c7c8    00000010     board_ina219.o (.text._ZN5board22Board_Ina219SetAddressEh)
                  0000c7d8    00000010     board_oled.o (.text._ZN5board22Board_OledSetDisplayOnEb)
                  0000c7e8    00000010     board_ina219.o (.text._ZN5board23Board_Ina219CalibrationEv)
                  0000c7f8    00000010     board_lora.o (.text._ZN5board23Board_LoraClearRxBufferEv)
                  0000c808    00000010     board_lora.o (.text._ZN5board24Board_LoraGetRxAvailableEv)
                  0000c818    00000010     board_motor_driver.o (.text._ZN5board24Board_MotorDriverIsReadyEv)
                  0000c828    00000010     board_motor_driver.o (.text._ZN5board25Board_MotorDriverReadByteEPh)
                  0000c838    00000010     board_motor_driver.o (.text._ZN5board26Board_MotorDriverWriteByteEh)
                  0000c848    00000010     board_ina219.o (.text._ZN5board27Board_Ina219ReadMeasurementEPN7drivers17Ina219MeasurementE)
                  0000c858    00000010     board_lora.o (.text._ZN5board27Board_LoraGetRxDroppedCountEv)
                  0000c868    00000010     board_ina219.o (.text._ZN5board28Board_Ina219ConfigureDefaultEv)
                  0000c878    00000010     board_ina219.o (.text._ZN5board28Board_Ina219ReadRawRegistersEPN7drivers18Ina219RawRegistersE)
                  0000c888    00000010     board_motor_driver.o (.text._ZN5board28Board_MotorDriverGetBaudrateEv)
                  0000c898    00000010     board_lora.o (.text._ZN5board29Board_LoraGetControllerStatusEPj)
                  0000c8a8    00000010     board_motor_driver.o (.text._ZN5board30Board_MotorDriverClearRxBufferEv)
                  0000c8b8    00000010     board_motor_driver.o (.text._ZN5board31Board_MotorDriverGetRxAvailableEv)
                  0000c8c8    00000010     board_motor_driver.o (.text._ZN5board34Board_MotorDriverGetRxDroppedCountEv)
                  0000c8d8    00000010     board_motor_driver.o (.text._ZN5board36Board_MotorDriverGetControllerStatusEPj)
                  0000c8e8    00000010     fault.o (.text._ZN8services9Fault_SetENS_9FaultCodeE)
                  0000c8f8    0000000c     board_oled.o (.text._ZN5board15Board_OledWidthEv)
                  0000c904    0000000c     board_imu.o (.text._ZN5board16Board_ImuIsReadyEv)
                  0000c910    0000000c     board_oled.o (.text._ZN5board16Board_OledHeightEv)
                  0000c91c    0000000c     board_oled.o (.text._ZN5board17Board_OledAddressEv)
                  0000c928    0000000c     lora.o (.text._ZN7drivers26LoraUart_GetRxDroppedCountEPKNS_15LoraUartContextE)
                  0000c934    0000000c     motor_driver_uart.o (.text._ZN7drivers33MotorDriverUart_GetRxDroppedCountEPKNS_22MotorDriverUartContextE)
                  0000c940    0000000c     fault.o (.text._ZN8services10Fault_InitEv)
                  0000c94c    0000000c     time.o (.text._ZN8services11Time_MillisEv)
                  0000c958    0000000c     debug_uart.o (.text._ZN8services17DebugUart_IsReadyEv)
                  0000c964    0000000c     fault.o (.text._ZN8services9Fault_GetEv)
                  0000c970    0000000a     driverlib.a : dl_common.o (.text.DL_Common_delayCycles)
                  0000c97a    0000000a     fm24cl64b.o (.text._ZN7drivers18Fm24cl64b_ReadByteEPNS_16Fm24cl64bContextEtPh)
                  0000c984    00000008     shell.o (.text._ZN8services15Shell_WriteCharEc)
                  0000c98c    00000008     shell.o (.text._ZN8services17Shell_WriteStringEPKc)
                  0000c994    00000008     shell.o (.text._ZN8services17Shell_WriteUInt32Ej)
                  0000c99c    00000008     libclang_rt.builtins.a : aeabi_memcpy.S.obj (.text)
                  0000c9a4    00000006     board_fram.o (.text._ZN5board23Board_FramCapacityBytesEv)
                  0000c9aa    00000006     libc.a : exit.c.obj (.text:abort)
                  0000c9b0    00000004     libsysbm.a : hostexit.c.obj (.text.HOSTexit)
                  0000c9b4    00000004     startup_mspm0g351x_ticlang.o (.text.Reset_Handler)
                  0000c9b8    00000010     libc.a : boot_cortex_m.c.obj (.tramp._c_int00_noargs.1)
                  0000c9c8    00000004     board_led.o (.text._ZN5board14Board_LedCountEv)
                  0000c9cc    00000004     board_i2c_bus.o (.text._ZN5board17Board_I2cBusCountEv)
                  0000c9d0    00000004     libc.a : pre_init.c.obj (.text._system_pre_init)
                  0000c9d4    00000004     --HOLE-- [fill = 0]

.cinit     0    0000e650    00000038     
                  0000e650    00000011     (.cinit..data.load) [load image, compression = lzss]
                  0000e661    00000003     --HOLE-- [fill = 0]
                  0000e664    0000000c     (__TI_handler_table)
                  0000e670    00000008     (.cinit..bss.load) [load image, compression = zero_init]
                  0000e678    00000010     (__TI_cinit_table)

.rodata    0    0000c9e0    00001c70     
                  0000c9e0    000001e0     oled_ssd1306.o (.rodata._ZN7drivers12_GLOBAL__N_18kFont5x7E)
                  0000cbc0    00000100     app_shell.o (.rodata..L.crctable)
                  0000ccc0    000000b0     board_i2c_bus.o (.rodata._ZN5board12_GLOBAL__N_110g_i2cBusesE)
                  0000cd70    00000045     app_shell.o (.rodata.str1.2354522874658768371.1)
                  0000cdb5    00000044     app_shell.o (.rodata.str1.6622852920864620103.1)
                  0000cdf9    00000043     app_shell.o (.rodata.str1.4334110622959027977.1)
                  0000ce3c    00000040     app_shell.o (.rodata.str1.16899430920103358112.1)
                  0000ce7c    00000039     app_shell.o (.rodata.str1.1222417806814152126.1)
                  0000ceb5    00000039     app_shell.o (.rodata.str1.14683574465395229248.1)
                  0000ceee    00000002     app_shell.o (.rodata._ZZN3app12_GLOBAL__N_112MotorCommandEiPKPKcE11kTargetZero)
                  0000cef0    00000038     board_ina219.o (.rodata._ZN5boardL14g_ina219ConfigE)
                  0000cf28    00000035     app_shell.o (.rodata.str1.14384267027075031912.1)
                  0000cf5d    00000034     app_shell.o (.rodata.str1.14665588872345235888.1)
                  0000cf91    00000033     app_shell.o (.rodata.str1.871335262082007188.1)
                  0000cfc4    00000030     board_button.o (.rodata._ZN5board12_GLOBAL__N_115g_buttonConfigsE)
                  0000cff4    00000030     app_shell.o (.rodata.str1.13305312957799781956.1)
                  0000d024    00000030     app_shell.o (.rodata.str1.9210286441137644766.1)
                  0000d054    0000002e     app_shell.o (.rodata.str1.264036748927759168.1)
                  0000d082    0000002e     app_shell.o (.rodata.str1.444886150797460539.1)
                  0000d0b0    0000002c     board_fram.o (.rodata._ZN5boardL12g_framConfigE)
                  0000d0dc    0000002c     app_shell.o (.rodata.str1.8756111863556889466.1)
                  0000d108    0000002b     app_shell.o (.rodata.str1.14039278806392033347.1)
                  0000d133    0000002a     app_shell.o (.rodata.str1.8270660343300337824.1)
                  0000d15d    0000002a     app_shell.o (.rodata.str1.8859821711474065235.1)
                  0000d187    00000026     shell.o (.rodata.str1.6901712316327456926.1)
                  0000d1ad    00000003     app_shell.o (.rodata.str1.10112150257581002706.1)
                  0000d1b0    00000024     board_led.o (.rodata._ZN5board12_GLOBAL__N_112g_ledConfigsE)
                  0000d1d4    00000023     app_shell.o (.rodata.str1.16330407060470052804.1)
                  0000d1f7    00000020     app_shell.o (.rodata.str1.5652790780262836254.1)
                  0000d217    00000020     app_shell.o (.rodata.str1.9307362830757344490.1)
                  0000d237    0000001f     app_shell.o (.rodata.str1.15616611124726231738.1)
                  0000d256    0000001f     app_shell.o (.rodata.str1.17414183638713165213.1)
                  0000d275    0000001f     app_shell.o (.rodata.str1.2160470991696560517.1)
                  0000d294    0000001f     app_shell.o (.rodata.str1.3587876751327453651.1)
                  0000d2b3    0000001e     app_shell.o (.rodata.str1.15434941628325917383.1)
                  0000d2d1    0000001e     app_shell.o (.rodata.str1.9749413079945087756.1)
                  0000d2ef    0000001d     app_shell.o (.rodata.str1.1218180957705702538.1)
                  0000d30c    0000001d     app_shell.o (.rodata.str1.12957799291655329777.1)
                  0000d329    0000001d     app_shell.o (.rodata.str1.14205965562906606532.1)
                  0000d346    0000001d     app_shell.o (.rodata.str1.15304479756170702175.1)
                  0000d363    0000001d     app_shell.o (.rodata.str1.15957297692044786119.1)
                  0000d380    0000001d     app_shell.o (.rodata.str1.289627103221730650.1)
                  0000d39d    0000001d     app_shell.o (.rodata.str1.4875989240936630559.1)
                  0000d3ba    00000002     app_shell.o (.rodata._ZZN3app12_GLOBAL__N_112MotorCommandEiPKPKcE7kM1Stop)
                  0000d3bc    0000001c     app_shell.o (.rodata..Lswitch.table._ZN3app12_GLOBAL__N_115WriteStatusLineEPKcN7drivers12DriverStatusE)
                  0000d3d8    0000001c     app_shell.o (.rodata.str1.12082892960889789793.1)
                  0000d3f4    0000001c     app_shell.o (.rodata.str1.141740382680400416.1)
                  0000d410    0000001c     app_shell.o (.rodata.str1.15631921964184120084.1)
                  0000d42c    0000001b     app_shell.o (.rodata.str1.11537518471689317164.1)
                  0000d447    0000001b     app_shell.o (.rodata.str1.16498859227700835022.1)
                  0000d462    0000001b     app_shell.o (.rodata.str1.3256265506082810711.1)
                  0000d47d    0000001b     app_shell.o (.rodata.str1.6032807723822315695.1)
                  0000d498    0000001b     app_shell.o (.rodata.str1.6756868286634741853.1)
                  0000d4b3    0000001b     app_shell.o (.rodata.str1.699895553008956456.1)
                  0000d4ce    0000001b     app_shell.o (.rodata.str1.7858154358613116398.1)
                  0000d4e9    0000001a     app_shell.o (.rodata.str1.15451653635542139434.1)
                  0000d503    0000001a     app_shell.o (.rodata.str1.4190646769514731288.1)
                  0000d51d    0000001a     app_shell.o (.rodata.str1.868716187015188771.1)
                  0000d537    00000019     app_shell.o (.rodata.str1.12775857017664274056.1)
                  0000d550    00000019     app_shell.o (.rodata.str1.1666417036609286127.1)
                  0000d569    00000019     app_shell.o (.rodata.str1.5515999138927817340.1)
                  0000d582    00000019     app_shell.o (.rodata.str1.5612542551564952699.1)
                  0000d59b    00000001     app_shell.o (.rodata._ZZN3app12_GLOBAL__N_112MotorCommandEiPKPKcE18kResetBothEncoders)
                  0000d59c    00000018     oled_ssd1306.o (.rodata..L__const._ZN7drivers16OledSsd1306_InitEPNS_18OledSsd1306ContextEPKNS_17OledSsd1306ConfigE.init_commands)
                  0000d5b4    00000018     app_shell.o (.rodata..Lswitch.table._ZN3app12_GLOBAL__N_110LedCommandEiPKPKc)
                  0000d5cc    00000018     app_shell.o (.rodata..Lswitch.table._ZN3app12_GLOBAL__N_114PrintI2cStatusEPKN7drivers16I2cDiagBusConfigE)
                  0000d5e4    00000018     board_lora.o (.rodata._ZN5boardL12g_loraConfigE)
                  0000d5fc    00000018     board_motor_driver.o (.rodata._ZN5boardL19g_motorDriverConfigE)
                  0000d614    00000018     app_shell.o (.rodata.str1.10240434636320304394.1)
                  0000d62c    00000018     app_shell.o (.rodata.str1.11012206428812069270.1)
                  0000d644    00000018     app_shell.o (.rodata.str1.13513309088777963189.1)
                  0000d65c    00000018     app_shell.o (.rodata.str1.14986749233794120341.1)
                  0000d674    00000018     app_shell.o (.rodata.str1.16714929730437686203.1)
                  0000d68c    00000018     app_shell.o (.rodata.str1.4542404440653722632.1)
                  0000d6a4    00000018     app_shell.o (.rodata.str1.4993949747219772545.1)
                  0000d6bc    00000017     app_shell.o (.rodata.str1.13030721149427952655.1)
                  0000d6d3    00000017     app_shell.o (.rodata.str1.18064870084815154193.1)
                  0000d6ea    00000017     app_shell.o (.rodata.str1.3801014448936389230.1)
                  0000d701    00000017     shell.o (.rodata.str1.5680428239841774557.1)
                  0000d718    00000017     app_shell.o (.rodata.str1.7717429345810212474.1)
                  0000d72f    00000016     app_shell.o (.rodata.str1.14008062965805295334.1)
                  0000d745    00000016     app_shell.o (.rodata.str1.16079002699872141978.1)
                  0000d75b    00000016     app_shell.o (.rodata.str1.3012107245209823623.1)
                  0000d771    00000016     app_shell.o (.rodata.str1.6578158171544725696.1)
                  0000d787    00000016     app_shell.o (.rodata.str1.9315764513386952153.1)
                  0000d79d    00000015     app_shell.o (.rodata.str1.13071761163155843764.1)
                  0000d7b2    00000015     app_shell.o (.rodata.str1.14152514258843500131.1)
                  0000d7c7    00000015     app_shell.o (.rodata.str1.14677212197102816015.1)
                  0000d7dc    00000015     app_shell.o (.rodata.str1.16192519054485599172.1)
                  0000d7f1    00000015     app_shell.o (.rodata.str1.18269279803075602796.1)
                  0000d806    00000015     app_shell.o (.rodata.str1.2370428100076675559.1)
                  0000d81b    00000015     app_shell.o (.rodata.str1.671945175647755142.1)
                  0000d830    00000015     app_shell.o (.rodata.str1.8730301986016609910.1)
                  0000d845    00000015     app_shell.o (.rodata.str1.8807521281183353111.1)
                  0000d85a    00000015     app_shell.o (.rodata.str1.9018689912544847403.1)
                  0000d86f    00000014     app_shell.o (.rodata.str1.2888160770863374914.1)
                  0000d883    00000014     app_shell.o (.rodata.str1.347170334538847339.1)
                  0000d897    00000014     app_shell.o (.rodata.str1.8778837135027269807.1)
                  0000d8ab    00000013     app_shell.o (.rodata.str1.12202420964197988914.1)
                  0000d8be    00000013     app_shell.o (.rodata.str1.13905551555577476806.1)
                  0000d8d1    00000013     app_shell.o (.rodata.str1.16835946644515092483.1)
                  0000d8e4    00000013     app_shell.o (.rodata.str1.4906473829960206720.1)
                  0000d8f7    00000013     app_shell.o (.rodata.str1.8602760754867183125.1)
                  0000d90a    00000012     app_shell.o (.rodata.str1.10898729738530409555.1)
                  0000d91c    00000012     app_shell.o (.rodata.str1.12984249117936450029.1)
                  0000d92e    00000012     app_shell.o (.rodata.str1.18027752678067221043.1)
                  0000d940    00000012     app_shell.o (.rodata.str1.18076126304851181080.1)
                  0000d952    00000012     app_shell.o (.rodata.str1.4215151899724944882.1)
                  0000d964    00000012     app_shell.o (.rodata.str1.4218503564476151687.1)
                  0000d976    00000012     app_shell.o (.rodata.str1.551504573030492924.1)
                  0000d988    00000012     app_shell.o (.rodata.str1.6219487071531100932.1)
                  0000d99a    00000012     shell.o (.rodata.str1.8246939600463437344.1)
                  0000d9ac    00000012     app_shell.o (.rodata.str1.931795180867172166.1)
                  0000d9be    00000012     app_shell.o (.rodata.str1.9993995378713752655.1)
                  0000d9d0    00000011     app_shell.o (.rodata.str1.11627259167888876947.1)
                  0000d9e1    00000011     app_shell.o (.rodata.str1.13438288695896508174.1)
                  0000d9f2    00000011     app_shell.o (.rodata.str1.2128407216864987192.1)
                  0000da03    00000011     app_shell.o (.rodata.str1.296188832848622959.1)
                  0000da14    00000011     app_shell.o (.rodata.str1.4203577644585159315.1)
                  0000da25    00000011     app_shell.o (.rodata.str1.5263001642383835309.1)
                  0000da36    00000011     app_shell.o (.rodata.str1.5848672442950545206.1)
                  0000da47    00000011     app_shell.o (.rodata.str1.6822338819583971375.1)
                  0000da58    00000011     app_shell.o (.rodata.str1.9144633642026494361.1)
                  0000da69    00000010     app_shell.o (.rodata.str1.10465369967917398799.1)
                  0000da79    00000010     app_shell.o (.rodata.str1.1047053269920726699.1)
                  0000da89    00000010     app_shell.o (.rodata.str1.12164603244115374595.1)
                  0000da99    00000010     app_shell.o (.rodata.str1.13442463908107530774.1)
                  0000daa9    00000010     app_shell.o (.rodata.str1.14623014954758015065.1)
                  0000dab9    00000010     app_shell.o (.rodata.str1.15885433143163248817.1)
                  0000dac9    00000010     app_shell.o (.rodata.str1.16920742144462411612.1)
                  0000dad9    00000010     app_shell.o (.rodata.str1.2686006007855973365.1)
                  0000dae9    00000010     app_shell.o (.rodata.str1.2831129786622658843.1)
                  0000daf9    00000010     app_shell.o (.rodata.str1.3266044674648287831.1)
                  0000db09    00000010     app_shell.o (.rodata.str1.5376205643164354286.1)
                  0000db19    00000010     app_shell.o (.rodata.str1.626618899871332695.1)
                  0000db29    00000010     app_shell.o (.rodata.str1.8573948346423057931.1)
                  0000db39    00000010     app_shell.o (.rodata.str1.8674441817985872181.1)
                  0000db49    00000010     app_shell.o (.rodata.str1.8767742179201719121.1)
                  0000db59    0000000f     app_shell.o (.rodata.str1.1207053347194752072.1)
                  0000db68    0000000f     app_shell.o (.rodata.str1.12395812238841081648.1)
                  0000db77    0000000f     app_shell.o (.rodata.str1.13247589138198607459.1)
                  0000db86    0000000f     app_shell.o (.rodata.str1.13760472749468428784.1)
                  0000db95    0000000f     app_shell.o (.rodata.str1.15397327130298834941.1)
                  0000dba4    0000000f     app_shell.o (.rodata.str1.15409376994933409736.1)
                  0000dbb3    0000000f     app_shell.o (.rodata.str1.16423083052983990348.1)
                  0000dbc2    0000000f     app_shell.o (.rodata.str1.18221696243336245540.1)
                  0000dbd1    0000000f     app_shell.o (.rodata.str1.1886428569580364902.1)
                  0000dbe0    0000000f     app_shell.o (.rodata.str1.3892416308557052197.1)
                  0000dbef    0000000f     app_shell.o (.rodata.str1.4126815238888174570.1)
                  0000dbfe    0000000f     app_shell.o (.rodata.str1.5000143241413183010.1)
                  0000dc0d    0000000f     app_shell.o (.rodata.str1.5998451886276286134.1)
                  0000dc1c    0000000f     app_shell.o (.rodata.str1.7122307362297942762.1)
                  0000dc2b    0000000f     app_shell.o (.rodata.str1.8406640635343907673.1)
                  0000dc3a    0000000f     app_shell.o (.rodata.str1.8509687067808380963.1)
                  0000dc49    0000000f     app_shell.o (.rodata.str1.8934507472916618446.1)
                  0000dc58    0000000f     app_shell.o (.rodata.str1.9039581054213484543.1)
                  0000dc67    0000000f     app_shell.o (.rodata.str1.9244822838137428263.1)
                  0000dc76    0000000f     app_shell.o (.rodata.str1.9705620893505900.1)
                  0000dc85    0000000e     app_shell.o (.rodata.str1.10091040128680290456.1)
                  0000dc93    0000000e     app_shell.o (.rodata.str1.10256891727475852015.1)
                  0000dca1    0000000e     app_shell.o (.rodata.str1.12139680495649507277.1)
                  0000dcaf    0000000e     app_shell.o (.rodata.str1.13157479058689081212.1)
                  0000dcbd    0000000e     app_shell.o (.rodata.str1.1349469432826125676.1)
                  0000dccb    0000000e     app_shell.o (.rodata.str1.13507390935846511250.1)
                  0000dcd9    0000000e     app_shell.o (.rodata.str1.14082473703337987432.1)
                  0000dce7    0000000e     app_shell.o (.rodata.str1.1420893864952581301.1)
                  0000dcf5    0000000e     app_shell.o (.rodata.str1.1451090849677487530.1)
                  0000dd03    0000000e     app_shell.o (.rodata.str1.14648361161363975803.1)
                  0000dd11    0000000e     app_shell.o (.rodata.str1.14891418699318862133.1)
                  0000dd1f    0000000e     app_shell.o (.rodata.str1.6141924026740255213.1)
                  0000dd2d    0000000e     app_shell.o (.rodata.str1.6411710860483804230.1)
                  0000dd3b    0000000e     app_shell.o (.rodata.str1.7523381390121946373.1)
                  0000dd49    0000000e     app_shell.o (.rodata.str1.7579154775923007786.1)
                  0000dd57    0000000e     app_shell.o (.rodata.str1.7850322238517394535.1)
                  0000dd65    0000000e     app_shell.o (.rodata.str1.7863334761919578676.1)
                  0000dd73    0000000e     app_shell.o (.rodata.str1.8497090786602423890.1)
                  0000dd81    0000000e     app_shell.o (.rodata.str1.860288802755812513.1)
                  0000dd8f    0000000e     app_shell.o (.rodata.str1.8867909630182175989.1)
                  0000dd9d    0000000e     app_shell.o (.rodata.str1.9376739677351878210.1)
                  0000ddab    0000000e     app_shell.o (.rodata.str1.9805525145790407866.1)
                  0000ddb9    0000000d     app_shell.o (.rodata.str1.10195084751130023350.1)
                  0000ddc6    0000000d     app_shell.o (.rodata.str1.10756110055158838206.1)
                  0000ddd3    0000000d     app_shell.o (.rodata.str1.11139999694760206320.1)
                  0000dde0    0000000d     app_shell.o (.rodata.str1.11187590877126870748.1)
                  0000dded    0000000d     app_shell.o (.rodata.str1.11208828733426745331.1)
                  0000ddfa    0000000d     app_shell.o (.rodata.str1.11627215746227218045.1)
                  0000de07    0000000d     app_shell.o (.rodata.str1.12080946370607717659.1)
                  0000de14    0000000d     app_shell.o (.rodata.str1.13456686701278321828.1)
                  0000de21    0000000d     app_shell.o (.rodata.str1.14223157730264656398.1)
                  0000de2e    0000000d     app_shell.o (.rodata.str1.15233515076766056445.1)
                  0000de3b    0000000d     app_shell.o (.rodata.str1.15536306115837748184.1)
                  0000de48    0000000d     app_shell.o (.rodata.str1.15645525071624774828.1)
                  0000de55    0000000d     app_shell.o (.rodata.str1.15718131002869739432.1)
                  0000de62    0000000d     app_shell.o (.rodata.str1.16167065860645901179.1)
                  0000de6f    0000000d     app_shell.o (.rodata.str1.16227620492999702623.1)
                  0000de7c    0000000d     app_shell.o (.rodata.str1.1642163497366634869.1)
                  0000de89    0000000d     app_shell.o (.rodata.str1.17353931100524941225.1)
                  0000de96    0000000d     app_shell.o (.rodata.str1.17894747200582054988.1)
                  0000dea3    0000000d     app_shell.o (.rodata.str1.18334646164448261171.1)
                  0000deb0    0000000d     app_shell.o (.rodata.str1.1983276796565948189.1)
                  0000debd    0000000d     app_shell.o (.rodata.str1.3879560646291831357.1)
                  0000deca    0000000d     app_shell.o (.rodata.str1.3993449766649777392.1)
                  0000ded7    0000000d     app_shell.o (.rodata.str1.4392945030196501414.1)
                  0000dee4    0000000d     app_shell.o (.rodata.str1.4754765727316804258.1)
                  0000def1    0000000d     app_shell.o (.rodata.str1.5164433326538179767.1)
                  0000defe    0000000d     app_shell.o (.rodata.str1.5407661000085889072.1)
                  0000df0b    0000000d     app_shell.o (.rodata.str1.5915467744016243284.1)
                  0000df18    0000000d     app_shell.o (.rodata.str1.5998459121093071997.1)
                  0000df25    0000000d     app_shell.o (.rodata.str1.6357824671205653470.1)
                  0000df32    0000000d     app_shell.o (.rodata.str1.7267978533840413714.1)
                  0000df3f    0000000d     app_shell.o (.rodata.str1.7536280090074249547.1)
                  0000df4c    0000000d     app_shell.o (.rodata.str1.7923626403509450708.1)
                  0000df59    0000000d     app_shell.o (.rodata.str1.8035528561561339514.1)
                  0000df66    0000000d     app_shell.o (.rodata.str1.8636089934477309606.1)
                  0000df73    0000000d     app_shell.o (.rodata.str1.9017255012489828088.1)
                  0000df80    0000000d     app_shell.o (.rodata.str1.9081962557253678714.1)
                  0000df8d    00000003     shell.o (.rodata.str1.10427229796524742636.1)
                  0000df90    0000000c     board_button.o (.rodata..Lswitch.table._ZN5board19Board_ButtonGetNameENS_13BoardButtonIdE)
                  0000df9c    0000000c     board_imu.o (.rodata..Lswitch.table._ZN5board19Board_ImuSetSpiModeEh)
                  0000dfa8    0000000c     board_buzzer.o (.rodata._ZN5boardL14g_buzzerConfigE)
                  0000dfb4    0000000c     app_shell.o (.rodata.str1.10018306225359911921.1)
                  0000dfc0    0000000c     app_shell.o (.rodata.str1.10491446739592751644.1)
                  0000dfcc    0000000c     app_shell.o (.rodata.str1.107782727556153465.1)
                  0000dfd8    0000000c     app_shell.o (.rodata.str1.10855919650491312362.1)
                  0000dfe4    0000000c     app_shell.o (.rodata.str1.11325690732168652611.1)
                  0000dff0    0000000c     app_shell.o (.rodata.str1.11698549779809542857.1)
                  0000dffc    0000000c     app_shell.o (.rodata.str1.12036585828892915957.1)
                  0000e008    0000000c     app_shell.o (.rodata.str1.13204140776596746875.1)
                  0000e014    0000000c     app_shell.o (.rodata.str1.13354450145327234839.1)
                  0000e020    0000000c     app_shell.o (.rodata.str1.15195419684703654944.1)
                  0000e02c    0000000c     app_shell.o (.rodata.str1.15403383602945839188.1)
                  0000e038    0000000c     app_shell.o (.rodata.str1.15706013027452160776.1)
                  0000e044    0000000c     app_shell.o (.rodata.str1.15728559335418606553.1)
                  0000e050    0000000c     app_shell.o (.rodata.str1.15776769504895676854.1)
                  0000e05c    0000000c     app_shell.o (.rodata.str1.16815118733797554419.1)
                  0000e068    0000000c     app_shell.o (.rodata.str1.16906130264434024515.1)
                  0000e074    0000000c     app_shell.o (.rodata.str1.17029008240216598945.1)
                  0000e080    0000000c     app_shell.o (.rodata.str1.17124062935232563653.1)
                  0000e08c    0000000c     app_shell.o (.rodata.str1.17149590331237407959.1)
                  0000e098    0000000c     app_shell.o (.rodata.str1.1715960982390498022.1)
                  0000e0a4    0000000c     app_shell.o (.rodata.str1.17814141777586519065.1)
                  0000e0b0    0000000c     app_shell.o (.rodata.str1.18057142085415363861.1)
                  0000e0bc    0000000c     app_shell.o (.rodata.str1.1818528395550233868.1)
                  0000e0c8    0000000c     app_shell.o (.rodata.str1.18243883703027276797.1)
                  0000e0d4    0000000c     app_shell.o (.rodata.str1.232704503142678858.1)
                  0000e0e0    0000000c     app_shell.o (.rodata.str1.2767916714829989116.1)
                  0000e0ec    0000000c     app_shell.o (.rodata.str1.2885732806516245146.1)
                  0000e0f8    0000000c     app_shell.o (.rodata.str1.3030045481369325523.1)
                  0000e104    0000000c     app_shell.o (.rodata.str1.5549424804698209806.1)
                  0000e110    0000000c     app_shell.o (.rodata.str1.560197181004569561.1)
                  0000e11c    0000000c     app_shell.o (.rodata.str1.6741221679932540615.1)
                  0000e128    0000000c     app_shell.o (.rodata.str1.8435392788517128360.1)
                  0000e134    0000000c     app_shell.o (.rodata.str1.9082118575882053516.1)
                  0000e140    0000000c     app_shell.o (.rodata.str1.9469166005307157086.1)
                  0000e14c    0000000b     app_shell.o (.rodata.str1.13245102848535749030.1)
                  0000e157    0000000b     app_shell.o (.rodata.str1.13323525510459860336.1)
                  0000e162    0000000b     app_shell.o (.rodata.str1.13772462829107236127.1)
                  0000e16d    0000000b     app_shell.o (.rodata.str1.1431720735396876446.1)
                  0000e178    0000000b     app_shell.o (.rodata.str1.14355953386558495977.1)
                  0000e183    0000000b     app_shell.o (.rodata.str1.14936188070685842994.1)
                  0000e18e    0000000b     app_shell.o (.rodata.str1.15271578700424090375.1)
                  0000e199    0000000b     app_shell.o (.rodata.str1.1654390679581727887.1)
                  0000e1a4    0000000b     app_shell.o (.rodata.str1.17269466629117989041.1)
                  0000e1af    0000000b     app_shell.o (.rodata.str1.17348661065144809008.1)
                  0000e1ba    0000000b     app_shell.o (.rodata.str1.17956949396116821687.1)
                  0000e1c5    0000000b     app_shell.o (.rodata.str1.2575300681215869353.1)
                  0000e1d0    0000000b     app_shell.o (.rodata.str1.3134304214227531536.1)
                  0000e1db    0000000b     app_shell.o (.rodata.str1.5557692366192543561.1)
                  0000e1e6    0000000b     app_shell.o (.rodata.str1.6064720514220957747.1)
                  0000e1f1    0000000b     app_shell.o (.rodata.str1.6213986015100719150.1)
                  0000e1fc    0000000b     app_shell.o (.rodata.str1.9555053908608242801.1)
                  0000e207    00000001     app_shell.o (.rodata.str1.4364833213939746011.1)
                  0000e208    0000000a     ti_msp_dl_config.o (.rodata.gDEBUG_UARTConfig)
                  0000e212    0000000a     ti_msp_dl_config.o (.rodata.gIMU_SPI_config)
                  0000e21c    0000000a     ti_msp_dl_config.o (.rodata.gLORA_UARTConfig)
                  0000e226    0000000a     ti_msp_dl_config.o (.rodata.gMOTOR_UARTConfig)
                  0000e230    0000000a     app_shell.o (.rodata.str1.11515932757094173050.1)
                  0000e23a    0000000a     app_shell.o (.rodata.str1.13626453309717720227.1)
                  0000e244    0000000a     app_shell.o (.rodata.str1.16682001306138638370.1)
                  0000e24e    0000000a     app_shell.o (.rodata.str1.16800956331689080151.1)
                  0000e258    0000000a     app_shell.o (.rodata.str1.17082220688523197928.1)
                  0000e262    0000000a     shell.o (.rodata.str1.17922515892264497723.1)
                  0000e26c    0000000a     app_shell.o (.rodata.str1.228054200419340106.1)
                  0000e276    0000000a     app_shell.o (.rodata.str1.3345426052653886543.1)
                  0000e280    0000000a     app_shell.o (.rodata.str1.5640218363402806195.1)
                  0000e28a    0000000a     app_shell.o (.rodata.str1.8793534488315853255.1)
                  0000e294    0000000a     app_shell.o (.rodata.str1.9340981210136901086.1)
                  0000e29e    00000009     app_shell.o (.rodata.str1.10673636489446728236.1)
                  0000e2a7    00000009     app_shell.o (.rodata.str1.14613035533147221857.1)
                  0000e2b0    00000009     app_shell.o (.rodata.str1.16556295950709461880.1)
                  0000e2b9    00000009     app_shell.o (.rodata.str1.4465720126653824720.1)
                  0000e2c2    00000009     app_shell.o (.rodata.str1.7988978544830785654.1)
                  0000e2cb    00000009     app_shell.o (.rodata.str1.906066569443847875.1)
                  0000e2d4    00000008     app_shell.o (.rodata.str1.10045272382687720110.1)
                  0000e2dc    00000008     app_shell.o (.rodata.str1.10063100725489470447.1)
                  0000e2e4    00000008     board_button.o (.rodata.str1.10963450802004053816.1)
                  0000e2ec    00000008     app_shell.o (.rodata.str1.11335294061225285764.1)
                  0000e2f4    00000008     app_shell.o (.rodata.str1.11810056576553604146.1)
                  0000e2fc    00000008     app_shell.o (.rodata.str1.1418877803505809098.1)
                  0000e304    00000008     app_shell.o (.rodata.str1.15385430944853875839.1)
                  0000e30c    00000008     app_shell.o (.rodata.str1.15453031427744251291.1)
                  0000e314    00000008     app_shell.o (.rodata.str1.15520279574724480647.1)
                  0000e31c    00000008     board_button.o (.rodata.str1.17681505947258605906.1)
                  0000e324    00000008     app_shell.o (.rodata.str1.17942500811997078001.1)
                  0000e32c    00000008     board_button.o (.rodata.str1.18240515884718476655.1)
                  0000e334    00000008     app_main.o (.rodata.str1.1839410120130765391.1)
                  0000e33c    00000008     app_shell.o (.rodata.str1.3590894685082263268.1)
                  0000e344    00000008     app_shell.o (.rodata.str1.4179493015675024832.1)
                  0000e34c    00000008     app_shell.o (.rodata.str1.4654016994079693252.1)
                  0000e354    00000008     board_button.o (.rodata.str1.5952028417427413650.1)
                  0000e35c    00000008     app_shell.o (.rodata.str1.6446933695614087048.1)
                  0000e364    00000008     app_shell.o (.rodata.str1.7950140236767125311.1)
                  0000e36c    00000008     app_shell.o (.rodata.str1.795459456749244188.1)
                  0000e374    00000008     app_shell.o (.rodata.str1.8150600325345066189.1)
                  0000e37c    00000008     app_shell.o (.rodata.str1.97227345183721019.1)
                  0000e384    00000007     app_shell.o (.rodata.str1.11066750309610323631.1)
                  0000e38b    00000007     app_shell.o (.rodata.str1.11774507841365577078.1)
                  0000e392    00000007     app_shell.o (.rodata.str1.12144774989780088692.1)
                  0000e399    00000007     app_shell.o (.rodata.str1.12588545937538655288.1)
                  0000e3a0    00000007     app_shell.o (.rodata.str1.13029328624899454496.1)
                  0000e3a7    00000007     app_shell.o (.rodata.str1.13923183189790686887.1)
                  0000e3ae    00000007     app_shell.o (.rodata.str1.13993368087264210023.1)
                  0000e3b5    00000007     app_shell.o (.rodata.str1.14241588195389562460.1)
                  0000e3bc    00000007     app_shell.o (.rodata.str1.14639049301600042713.1)
                  0000e3c3    00000007     app_shell.o (.rodata.str1.16354136421054348586.1)
                  0000e3ca    00000007     app_shell.o (.rodata.str1.16368304853068341593.1)
                  0000e3d1    00000007     board_i2c_bus.o (.rodata.str1.16708140756708996588.1)
                  0000e3d8    00000007     app_shell.o (.rodata.str1.17949724605236455182.1)
                  0000e3df    00000007     app_shell.o (.rodata.str1.18173995716001367913.1)
                  0000e3e6    00000007     app_shell.o (.rodata.str1.2027963614161212499.1)
                  0000e3ed    00000007     app_shell.o (.rodata.str1.2112829382197544942.1)
                  0000e3f4    00000007     app_shell.o (.rodata.str1.2292235750072059597.1)
                  0000e3fb    00000007     app_shell.o (.rodata.str1.2319085888762997156.1)
                  0000e402    00000007     app_shell.o (.rodata.str1.27965927919619260.1)
                  0000e409    00000007     app_shell.o (.rodata.str1.2942266741242204019.1)
                  0000e410    00000007     app_shell.o (.rodata.str1.3791812099772881164.1)
                  0000e417    00000007     app_shell.o (.rodata.str1.7207923708610531365.1)
                  0000e41e    00000007     app_shell.o (.rodata.str1.738127925484632372.1)
                  0000e425    00000007     app_shell.o (.rodata.str1.7652650349062231201.1)
                  0000e42c    00000007     app_shell.o (.rodata.str1.7836821320996295404.1)
                  0000e433    00000007     app_shell.o (.rodata.str1.8963702969112686911.1)
                  0000e43a    00000006     app_shell.o (.rodata._ZZN3app12_GLOBAL__N_111LoraCommandEiPKPKcE9kTestData)
                  0000e440    00000006     app_shell.o (.rodata._ZZN3app12_GLOBAL__N_112MotorCommandEiPKPKcE9kTestData)
                  0000e446    00000006     app_shell.o (.rodata.str1.10665909939688505188.1)
                  0000e44c    00000006     app_shell.o (.rodata.str1.10851017352621485976.1)
                  0000e452    00000006     app_shell.o (.rodata.str1.1117190944701632139.1)
                  0000e458    00000006     board_i2c_bus.o (.rodata.str1.11524751692591293752.1)
                  0000e45e    00000006     app_shell.o (.rodata.str1.11747346528919543944.1)
                  0000e464    00000006     app_shell.o (.rodata.str1.13046583378940816508.1)
                  0000e46a    00000006     app_shell.o (.rodata.str1.14047439488698303500.1)
                  0000e470    00000006     app_shell.o (.rodata.str1.14280360640269665673.1)
                  0000e476    00000006     app_shell.o (.rodata.str1.14399694733058290430.1)
                  0000e47c    00000006     app_shell.o (.rodata.str1.15250642606891514023.1)
                  0000e482    00000006     app_shell.o (.rodata.str1.15890787717468802715.1)
                  0000e488    00000006     app_shell.o (.rodata.str1.16216038010955657616.1)
                  0000e48e    00000006     app_shell.o (.rodata.str1.16234102244779358492.1)
                  0000e494    00000006     app_shell.o (.rodata.str1.16458884249986146812.1)
                  0000e49a    00000006     app_shell.o (.rodata.str1.16738014180672278497.1)
                  0000e4a0    00000006     app_shell.o (.rodata.str1.1982875910071538061.1)
                  0000e4a6    00000006     app_shell.o (.rodata.str1.2208679373137722540.1)
                  0000e4ac    00000006     app_shell.o (.rodata.str1.2900415078221183578.1)
                  0000e4b2    00000006     app_shell.o (.rodata.str1.5716603645884478871.1)
                  0000e4b8    00000006     app_shell.o (.rodata.str1.587364518894469847.1)
                  0000e4be    00000006     app_shell.o (.rodata.str1.5909738732761903070.1)
                  0000e4c4    00000006     app_shell.o (.rodata.str1.6410197886599512152.1)
                  0000e4ca    00000006     app_shell.o (.rodata.str1.6449272601156908614.1)
                  0000e4d0    00000006     app_shell.o (.rodata.str1.6725838405751831500.1)
                  0000e4d6    00000006     app_shell.o (.rodata.str1.7612592787831263617.1)
                  0000e4dc    00000006     app_shell.o (.rodata.str1.8175931356486144895.1)
                  0000e4e2    00000006     app_shell.o (.rodata.str1.8913484995449839833.1)
                  0000e4e8    00000006     app_shell.o (.rodata.str1.9051984071380436030.1)
                  0000e4ee    00000006     app_shell.o (.rodata.str1.9167415978045996327.1)
                  0000e4f4    00000005     app_shell.o (.rodata.str1.11085599432999950484.1)
                  0000e4f9    00000005     app_shell.o (.rodata.str1.12583477948311004516.1)
                  0000e4fe    00000005     app_shell.o (.rodata.str1.13640432584226954899.1)
                  0000e503    00000005     board_oled.o (.rodata.str1.13692234466500257678.1)
                  0000e508    00000005     app_shell.o (.rodata.str1.14445045882516821416.1)
                  0000e50d    00000005     app_shell.o (.rodata.str1.14827416709503782844.1)
                  0000e512    00000005     app_shell.o (.rodata.str1.15176035481894813218.1)
                  0000e517    00000005     app_shell.o (.rodata.str1.15816476343860600217.1)
                  0000e51c    00000005     app_shell.o (.rodata.str1.16606383977969570013.1)
                  0000e521    00000005     app_shell.o (.rodata.str1.16608939394091912599.1)
                  0000e526    00000005     app_shell.o (.rodata.str1.16954485173288524775.1)
                  0000e52b    00000005     app_shell.o (.rodata.str1.17079496693311907377.1)
                  0000e530    00000005     shell.o (.rodata.str1.17405053739148516019.1)
                  0000e535    00000005     app_shell.o (.rodata.str1.17563913066770742391.1)
                  0000e53a    00000005     board_i2c_bus.o (.rodata.str1.17771965703026024685.1)
                  0000e53f    00000005     app_shell.o (.rodata.str1.17796269336985765740.1)
                  0000e544    00000005     app_shell.o (.rodata.str1.17876943342118536213.1)
                  0000e549    00000005     app_shell.o (.rodata.str1.2963890733414402023.1)
                  0000e54e    00000005     app_shell.o (.rodata.str1.4561355912026728236.1)
                  0000e553    00000005     app_shell.o (.rodata.str1.4641291215374644332.1)
                  0000e558    00000005     app_shell.o (.rodata.str1.5191515299446853227.1)
                  0000e55d    00000005     app_shell.o (.rodata.str1.5531439754045694522.1)
                  0000e562    00000005     app_shell.o (.rodata.str1.6351667589775284342.1)
                  0000e567    00000005     app_shell.o (.rodata.str1.6951946783319408118.1)
                  0000e56c    00000005     app_shell.o (.rodata.str1.6963926815691589692.1)
                  0000e571    00000005     app_shell.o (.rodata.str1.7078129644076030331.1)
                  0000e576    00000005     app_shell.o (.rodata.str1.7323251101578629502.1)
                  0000e57b    00000005     app_shell.o (.rodata.str1.7493624433185208732.1)
                  0000e580    00000005     app_shell.o (.rodata.str1.7743837333376801574.1)
                  0000e585    00000005     app_shell.o (.rodata.str1.7863986223166603054.1)
                  0000e58a    00000005     app_shell.o (.rodata.str1.7940456731757887554.1)
                  0000e58f    00000005     app_shell.o (.rodata.str1.7962567377737770511.1)
                  0000e594    00000005     app_shell.o (.rodata.str1.8567835230344529755.1)
                  0000e599    00000005     board_i2c_bus.o (.rodata.str1.921716939602878081.1)
                  0000e59e    00000004     app_shell.o (.rodata.str1.10218881960771275491.1)
                  0000e5a2    00000004     app_shell.o (.rodata.str1.10761430618072912911.1)
                  0000e5a6    00000004     app_shell.o (.rodata.str1.11836969374611347342.1)
                  0000e5aa    00000004     app_shell.o (.rodata.str1.11922244342622017285.1)
                  0000e5ae    00000004     app_shell.o (.rodata.str1.12185306449572332681.1)
                  0000e5b2    00000004     app_shell.o (.rodata.str1.1223882822645374465.1)
                  0000e5b6    00000004     app_shell.o (.rodata.str1.16249557628706834344.1)
                  0000e5ba    00000004     app_shell.o (.rodata.str1.16821001261222486393.1)
                  0000e5be    00000004     app_shell.o (.rodata.str1.1695784342961477721.1)
                  0000e5c2    00000004     app_shell.o (.rodata.str1.17946445462908322557.1)
                  0000e5c6    00000004     app_shell.o (.rodata.str1.2672312858105111990.1)
                  0000e5ca    00000004     app_shell.o (.rodata.str1.2994156742980555940.1)
                  0000e5ce    00000004     app_shell.o (.rodata.str1.3688985272902551570.1)
                  0000e5d2    00000004     app_shell.o (.rodata.str1.4138401803328556999.1)
                  0000e5d6    00000004     app_shell.o (.rodata.str1.4465400818469226320.1)
                  0000e5da    00000004     app_shell.o (.rodata.str1.5301191676092148263.1)
                  0000e5de    00000004     app_shell.o (.rodata.str1.5770566940880199477.1)
                  0000e5e2    00000004     app_shell.o (.rodata.str1.6394054571282083081.1)
                  0000e5e6    00000004     app_shell.o (.rodata.str1.7212684690809077353.1)
                  0000e5ea    00000004     shell.o (.rodata.str1.7348818734176781284.1)
                  0000e5ee    00000004     app_shell.o (.rodata.str1.7571154574660953324.1)
                  0000e5f2    00000004     app_shell.o (.rodata.str1.8287504627243269121.1)
                  0000e5f6    00000004     app_shell.o (.rodata.str1.8569159511768566713.1)
                  0000e5fa    00000004     shell.o (.rodata.str1.8954516873856363469.1)
                  0000e5fe    00000004     app_shell.o (.rodata.str1.9055250215258332321.1)
                  0000e602    00000004     app_shell.o (.rodata.str1.9141388473721648320.1)
                  0000e606    00000004     app_shell.o (.rodata.str1.9307220092008964426.1)
                  0000e60a    00000004     app_shell.o (.rodata.str1.9708937098353321336.1)
                  0000e60e    00000003     app_shell.o (.rodata.str1.11327417708772392390.1)
                  0000e611    00000003     app_shell.o (.rodata.str1.11903828385650032657.1)
                  0000e614    00000003     app_shell.o (.rodata.str1.13324323091560154661.1)
                  0000e617    00000003     app_shell.o (.rodata.str1.14031660303973722868.1)
                  0000e61a    00000003     app_shell.o (.rodata.str1.16751110918939779405.1)
                  0000e61d    00000003     shell.o (.rodata.str1.4282230880151502975.1)
                  0000e620    00000003     app_shell.o (.rodata.str1.5123905964118624653.1)
                  0000e623    00000003     app_shell.o (.rodata.str1.6333935326310285001.1)
                  0000e626    00000003     app_shell.o (.rodata.str1.8103717083034249282.1)
                  0000e629    00000003     shell.o (.rodata.str1.8508895379925972626.1)
                  0000e62c    00000002     app_shell.o (.rodata._ZZN3app12_GLOBAL__N_112MotorCommandEiPKPKcE7kM2Stop)
                  0000e62e    00000002     ti_msp_dl_config.o (.rodata.gDEBUG_UARTClockConfig)
                  0000e630    00000002     ti_msp_dl_config.o (.rodata.gIMU_SPI_clockConfig)
                  0000e632    00000002     ti_msp_dl_config.o (.rodata.gLORA_UARTClockConfig)
                  0000e634    00000002     ti_msp_dl_config.o (.rodata.gMOTOR_I2CClockConfig)
                  0000e636    00000002     ti_msp_dl_config.o (.rodata.gMOTOR_UARTClockConfig)
                  0000e638    00000002     ti_msp_dl_config.o (.rodata.gSENSOR_I2CClockConfig)
                  0000e63a    00000002     app_shell.o (.rodata.str1.12681352959443149009.1)
                  0000e63c    00000002     app_shell.o (.rodata.str1.12824201010631389445.1)
                  0000e63e    00000002     app_shell.o (.rodata.str1.13643216153024045165.1)
                  0000e640    00000002     app_shell.o (.rodata.str1.14678420154468417691.1)
                  0000e642    00000002     app_shell.o (.rodata.str1.2029421846019890511.1)
                  0000e644    00000002     app_shell.o (.rodata.str1.638712236475948105.1)
                  0000e646    0000000a     --HOLE-- [fill = 0]

.init_array 
*          0    00000000    00000000     UNINITIALIZED

.binit     0    00000000    00000000     

.bss       0    20200000    00000338     UNINITIALIZED
                  20200000    00000100     board_lora.o (.bss._ZN5boardL14g_loraRxBufferE)
                  20200100    00000100     board_motor_driver.o (.bss._ZN5boardL21g_motorDriverRxBufferE)
                  20200200    00000080     debug_uart.o (.bss._ZN8services12_GLOBAL__N_110g_rxBufferE)
                  20200280    00000060     shell.o (.bss._ZN8services12_GLOBAL__N_112g_lineBufferE)
                  202002e0    00000030     (.common:gDEBUG_UARTBackup)
                  20200310    00000028     (.common:gIMU_SPIBackup)

.data      0    20200338    0000029e     UNINITIALIZED
                  20200338    00000100     shell.o (.data._ZN8services12_GLOBAL__N_110g_commandsE)
                  20200438    000000f0     scheduler.o (.data._ZN8servicesL7g_tasksE)
                  20200528    00000030     board_button.o (.data._ZN5board12_GLOBAL__N_116g_buttonContextsE)
                  20200558    00000018     board_led.o (.data._ZN5board12_GLOBAL__N_113g_ledContextsE)
                  20200570    00000010     board_lora.o (.data._ZN5boardL13g_loraContextE)
                  20200580    00000010     board_motor_driver.o (.data._ZN5boardL20g_motorDriverContextE)
                  20200590    00000008     app_main.o (.data._ZN3appL10g_appStateE)
                  20200598    00000008     board_oled.o (.data._ZN5board12_GLOBAL__N_112g_oledConfigE)
                  202005a0    00000008     board_oled.o (.data._ZN5board12_GLOBAL__N_113g_oledContextE)
                  202005a8    00000008     board_fram.o (.data._ZN5boardL13g_framContextE)
                  202005b0    00000008     board_buzzer.o (.data._ZN5boardL15g_buzzerContextE)
[...]
0000b56d  _ZN8services18DebugUart_ReadByteEPh                                                         
0000b5b5  DL_SPI_init                                                                                 
0000b5f9  _ZN5board13Board_ImuInitEv                                                                  
0000b63d  _ZN7drivers19Ina219_GetBusStatusEPNS_13Ina219ContextEPNS_15Ina219BusStatusE                 
0000b681  _ZN7drivers22Fm24cl64b_GetBusStatusEPNS_16Fm24cl64bContextEPNS_18Fm24cl64bBusStatusE        
0000b6c5  SYSCFG_DL_init                                                                              
0000b785  _ZN7drivers17LoraUart_ReadByteEPNS_15LoraUartContextEPh                                     
0000b7c5  _ZN7drivers24MotorDriverUart_ReadByteEPNS_22MotorDriverUartContextEPh                       
0000b805  __aeabi_uidiv                                                                               
0000b805  __aeabi_uidivmod                                                                            
0000b845  _ZN7drivers11Button_InitEPNS_13ButtonContextEPKNS_12ButtonConfigE                           
0000b883  __divmoddi4                                                                                 
0000b8c1  DL_I2C_flushControllerTXFIFO                                                                
0000b939  _ZN5board17Board_ButtonsInitEv                                                              
0000b975  _ZN5board19Board_StatusLedInitEv                                                            
0000b9b1  _ZN7drivers23Ina219_ConfigureDefaultEPNS_13Ina219ContextE                                   
0000b9ed  __TI_auto_init_nobinit_nopinit                                                              
0000ba29  _ZN7drivers17OledSsd1306_ClearEPNS_18OledSsd1306ContextE                                    
0000ba65  __muldsi3                                                                                   
0000baa1  _ZN7drivers10Led_ToggleEPNS_10LedContextE                                                   
0000bad9  _ZN7drivers11Buzzer_InitEPNS_13BuzzerContextEPKNS_12BuzzerConfigE                           
0000bb11  _ZN7drivers14Button_ReadRawEPNS_13ButtonContextEPb                                          
0000bb49  _ZN7drivers16OledSsd1306_FillEPNS_18OledSsd1306ContextEh                                    
0000bb81  _ZN7drivers19Ina219_ProbeAddressEPNS_13Ina219ContextEhPt                                    
0000bbb9  _ZN7drivers8Led_InitEPNS_10LedContextEPKNS_9LedConfigE                                      
0000bbf1  _ZN8services9Time_InitEv                                                                    
0000bc29  _ZN7drivers19OledSsd1306_IsReadyEPKNS_18OledSsd1306ContextE                                 
0000bc95  _ZN3app8App_InitEv                                                                          
0000bcc9  _ZN5board19Board_ButtonsUpdateEj                                                            
0000bcfd  DL_I2C_flushControllerRXFIFO                                                                
0000bd2d  DL_UART_transmitDataBlocking                                                                
0000bd5d  SYSCFG_DL_SYSCTL_init                                                                       
0000bdbd  _ZN7drivers10Buzzer_OffEPNS_13BuzzerContextE                                                
0000be1d  _ZN7drivers7Led_SetEPNS_10LedContextEb                                                      
0000be4d  _ZN7drivers9Buzzer_OnEPNS_13BuzzerContextE                                                  
0000be7d  _ZN7drivers19Ina219_ReadRegisterEPNS_13Ina219ContextEhPt                                    
0000bed9  _ZN5board15Board_OledProbeEv                                                                
0000bf05  _ZN7drivers20Ina219_WriteRegisterEPNS_13Ina219ContextEht                                    
0000bf31  _ZN7drivers28LoraUart_GetControllerStatusEPKNS_15LoraUartContextEPj                         
0000bf5d  _ZN7drivers35MotorDriverUart_GetControllerStatusEPKNS_22MotorDriverUartContextEPj           
0000bf89  _ZN7drivers12Ina219_ResetEPNS_13Ina219ContextE                                              
0000bfb3  _ZN7drivers23LoraUart_GetRxAvailableEPKNS_15LoraUartContextE                                
0000bfdd  _ZN7drivers30MotorDriverUart_GetRxAvailableEPKNS_22MotorDriverUartContextE                  
0000c031  _ZN5board10Board_InitEv                                                                     
0000c059  _ZN5board14Board_LoraInitEv                                                                 
0000c081  _ZN5board21Board_MotorDriverInitEv                                                          
0000c0a9  _c_int00_noargs                                                                             
0000c0d1  DL_I2C_setClockConfig                                                                       
0000c11d  _ZN8services12Time_DelayMsEj                                                                
0000c141  __aeabi_lmul                                                                                
0000c141  __muldi3                                                                                    
0000c165  _ZN7drivers17Button_WasPressedEPNS_13ButtonContextE                                         
0000c187  _ZN7drivers18Button_WasReleasedEPNS_13ButtonContextE                                        
0000c1a9  _ZN5board13Board_LedIsOnENS_10BoardLedIdE                                                   
0000c1c9  _ZN5board14Board_OledInitEv                                                                 
0000c1e9  _ZN5board16Board_LedIsReadyENS_10BoardLedIdE                                                
0000c209  _ZN7drivers17Ina219_GetAddressEPKNS_13Ina219ContextE                                        
0000c227  _ZN7drivers21Ina219_GetCalibrationEPKNS_13Ina219ContextE                                    
0000c245  __aeabi_llsl                                                                                
0000c245  __ashldi3                                                                                   
0000c265  DL_SPI_receiveDataCheck8                                                                    
0000c281  DL_SPI_transmitDataCheck8                                                                   
0000c29d  _ZN3app7App_RunEv                                                                           
0000c2b9  _ZN5board11Board_LedOnENS_10BoardLedIdE                                                     
0000c2d5  _ZN5board12Board_LedOffENS_10BoardLedIdE                                                    
0000c2f1  _ZN5board15Board_LedToggleENS_10BoardLedIdE                                                 
0000c30d  _ZN5board19Board_ButtonReadRawENS_13BoardButtonIdEPb                                        
0000c329  _ZN5board21Board_ButtonIsPressedENS_13BoardButtonIdE                                        
0000c345  _ZN5board22Board_ButtonWasPressedENS_13BoardButtonIdE                                       
0000c361  _ZN5board23Board_ButtonWasReleasedENS_13BoardButtonIdE                                      
0000c37d  _ZN7drivers14Ina219_IsReadyEPKNS_13Ina219ContextE                                           
0000c399  _ZN7drivers17Fm24cl64b_IsReadyEPKNS_16Fm24cl64bContextE                                     
0000c3b5  _ZN8services19DebugUart_WriteCharEc                                                         
0000c3d1  _ZN7drivers16Button_IsPressedEPKNS_13ButtonContextE                                         
0000c3eb  _ZN7drivers8Led_IsOnEPKNS_10LedContextE                                                     
0000c405  __aeabi_memset                                                                              
0000c405  __aeabi_memset4                                                                             
0000c405  __aeabi_memset8                                                                             
0000c413  __aeabi_memclr                                                                              
0000c413  __aeabi_memclr4                                                                             
0000c413  __aeabi_memclr8                                                                             
0000c421  _ZN5board15Board_I2cBusGetEj                                                                
0000c439  _ZN5board19Board_ButtonGetNameENS_13BoardButtonIdE                                          
0000c451  _ZN7drivers20LoraUart_GetBaudrateEPKNS_15LoraUartContextE                                   
0000c469  _ZN7drivers27MotorDriverUart_GetBaudrateEPKNS_22MotorDriverUartContextE                     
0000c497  _ZN7drivers11Led_IsReadyEPKNS_10LedContextE                                                 
0000c4ad  _ZN7drivers14Buzzer_IsReadyEPKNS_13BuzzerContextE                                           
0000c4c3  _ZN7drivers16LoraUart_IsReadyEPKNS_15LoraUartContextE                                       
0000c4d9  _ZN7drivers23MotorDriverUart_IsReadyEPKNS_22MotorDriverUartContextE                         
0000c4ef  __TI_zero_init_nomemset                                                                     
0000c505  _ZN5board14Board_FramInitEv                                                                 
0000c519  _ZN5board14Board_FramReadEtPht                                                              
0000c52d  _ZN5board15Board_LoraWriteEPKht                                                             
0000c541  _ZN5board16Board_BuzzerInitEv                                                               
0000c555  _ZN5board18Board_FramReadByteEtPh                                                           
0000c569  _ZN5board18Board_FramSelfTestEv                                                             
0000c57d  _ZN5board19Board_FramWriteByteEth                                                           
0000c591  _ZN5board19Board_OledWriteTextEhhPKc                                                        
0000c5a5  _ZN5board22Board_MotorDriverWriteEPKht                                                      
0000c5b9  _ZN5board24Board_Ina219ProbeAddressEhPt                                                     
0000c5cd  _ZN5board24Board_Ina219ReadRegisterEhPt                                                     
0000c5e1  _ZN5board25Board_Ina219WriteRegisterEht                                                     
0000c5f5  _ZN7drivers19Fm24cl64b_WriteByteEPNS_16Fm24cl64bContextEth                                  
0000c609  _ZN8services15Shell_WriteLineEPKc                                                           
0000c61d  __aeabi_ldivmod                                                                             
0000c631  DL_SPI_setClockConfig                                                                       
0000c643  DL_UART_setClockConfig                                                                      
0000c655  __TI_decompress_none                                                                        
0000c669  SysTick_Handler                                                                             
0000c679  UART0_IRQHandler                                                                            
0000c689  UART1_IRQHandler                                                                            
0000c6a9  _ZN5board14Board_BuzzerOnEv                                                                 
0000c6b9  _ZN5board14Board_OledFillEh                                                                 
0000c6c9  _ZN5board15Board_BuzzerOffEv                                                                
0000c6d9  _ZN5board15Board_OledClearEv                                                                
0000c6e9  _ZN5board17Board_FramIsReadyEv                                                              
0000c6f9  _ZN5board17Board_Ina219ResetEv                                                              
0000c709  _ZN5board17Board_LoraIsReadyEv                                                              
0000c719  _ZN5board17Board_OledIsReadyEv                                                              
0000c729  _ZN5board18Board_LoraReadByteEPh                                                            
0000c739  _ZN5board19Board_BuzzerIsReadyEv                                                            
0000c749  _ZN5board19Board_Ina219IsReadyEv                                                            
0000c759  _ZN5board19Board_LoraWriteByteEh                                                            
0000c769  _ZN5board19Board_OledSetInvertEb                                                            
0000c779  _ZN5board20Board_FramRecoverBusEv                                                           
0000c789  _ZN5board21Board_LoraGetBaudrateEv                                                          
0000c799  _ZN5board21Board_OledTestPatternEv                                                          
0000c7a9  _ZN5board22Board_Ina219GetAddressEv                                                         
0000c7b9  _ZN5board22Board_Ina219RecoverBusEv                                                         
0000c7c9  _ZN5board22Board_Ina219SetAddressEh                                                         
0000c7d9  _ZN5board22Board_OledSetDisplayOnEb                                                         
0000c7e9  _ZN5board23Board_Ina219CalibrationEv                                                        
0000c7f9  _ZN5board23Board_LoraClearRxBufferEv                                                        
0000c809  _ZN5board24Board_LoraGetRxAvailableEv                                                       
0000c819  _ZN5board24Board_MotorDriverIsReadyEv                                                       
0000c829  _ZN5board25Board_MotorDriverReadByteEPh                                                     
0000c839  _ZN5board26Board_MotorDriverWriteByteEh                                                     
0000c849  _ZN5board27Board_Ina219ReadMeasurementEPN7drivers17Ina219MeasurementE                       
0000c859  _ZN5board27Board_LoraGetRxDroppedCountEv                                                    
0000c869  _ZN5board28Board_Ina219ConfigureDefaultEv                                                   
0000c879  _ZN5board28Board_Ina219ReadRawRegistersEPN7drivers18Ina219RawRegistersE                     
0000c889  _ZN5board28Board_MotorDriverGetBaudrateEv                                                   
0000c899  _ZN5board29Board_LoraGetControllerStatusEPj                                                 
0000c8a9  _ZN5board30Board_MotorDriverClearRxBufferEv                                                 
0000c8b9  _ZN5board31Board_MotorDriverGetRxAvailableEv                                                
0000c8c9  _ZN5board34Board_MotorDriverGetRxDroppedCountEv                                             
0000c8d9  _ZN5board36Board_MotorDriverGetControllerStatusEPj                                          
0000c8e9  _ZN8services9Fault_SetENS_9FaultCodeE                                                       
0000c8f9  _ZN5board15Board_OledWidthEv                                                                
0000c905  _ZN5board16Board_ImuIsReadyEv                                                               
0000c911  _ZN5board16Board_OledHeightEv                                                               
0000c91d  _ZN5board17Board_OledAddressEv                                                              
0000c929  _ZN7drivers26LoraUart_GetRxDroppedCountEPKNS_15LoraUartContextE                             
0000c935  _ZN7drivers33MotorDriverUart_GetRxDroppedCountEPKNS_22MotorDriverUartContextE               
0000c941  _ZN8services10Fault_InitEv                                                                  
0000c94d  _ZN8services11Time_MillisEv                                                                 
0000c959  _ZN8services17DebugUart_IsReadyEv                                                           
0000c965  _ZN8services9Fault_GetEv                                                                    
0000c971  DL_Common_delayCycles                                                                       
0000c97b  _ZN7drivers18Fm24cl64b_ReadByteEPNS_16Fm24cl64bContextEtPh                                  
0000c985  _ZN8services15Shell_WriteCharEc                                                             
0000c98d  _ZN8services17Shell_WriteStringEPKc                                                         
0000c995  _ZN8services17Shell_WriteUInt32Ej                                                           
0000c99d  __aeabi_memcpy                                                                              
0000c99d  __aeabi_memcpy4                                                                             
0000c99d  __aeabi_memcpy8                                                                             
0000c9a5  _ZN5board23Board_FramCapacityBytesEv                                                        
0000c9ab  abort                                                                                       
0000c9b0  C$$EXIT                                                                                     
0000c9b1  HOSTexit                                                                                    
0000c9b5  Reset_Handler                                                                               
0000c9c9  _ZN5board14Board_LedCountEv                                                                 
0000c9cd  _ZN5board17Board_I2cBusCountEv                                                              
0000c9d1  _system_pre_init                                                                            
0000e664  __TI_Handler_Table_Base                                                                     
0000e670  __TI_Handler_Table_Limit                                                                    
0000e678  __TI_CINIT_Base                                                                             
0000e688  __TI_CINIT_Limit                                                                            
0000e688  __TI_CINIT_Warm                                                                             
20200000  __start___llvm_prf_bits                                                                     
20200000  __start___llvm_prf_cnts                                                                     
20200000  __stop___llvm_prf_bits                                                                      
20200000  __stop___llvm_prf_cnts                                                                      
202002e0  gDEBUG_UARTBackup                                                                           
20200310  gIMU_SPIBackup                                                                              
2020ff00  __stack                                                                                     
20210000  __STACK_END                                                                                 
ffffffff  __TI_pprof_out_hndl                                                                         
ffffffff  __TI_prof_data_size                                                                         
ffffffff  __TI_prof_data_start                                                                        
ffffffff  __binit__                                                                                   
ffffffff  binit                                                                                       
UNDEFED   __mpu_init                                                                                  
UNDEFED   _system_post_cinit                                                                          

[316 symbols]
