******************************************************************************
            TI ARM Clang Linker PC v5.1.1                      
******************************************************************************
>> Linked Tue Jun 30 15:15:27 2026

OUTPUT FILE NAME:   <gugaPI.out>
ENTRY POINT SYMBOL: "_c_int00_noargs"  address: 000013ed


MEMORY CONFIGURATION

         name            origin    length      used     unused   attr    fill
----------------------  --------  ---------  --------  --------  ----  --------
  FLASH                 00000000   00080000  00001888  0007e778  R  X
  SRAM_BANK0            20200000   00010000  000003bb  0000fc45  RW X
  SRAM_BANK1            20210000   00010000  00000000  00010000  RW X
  BCR_CONFIG            41c00000   000000ff  00000000  000000ff  R   
  BSL_CONFIG            41c00100   00000080  00000000  00000080  R   
  DATA                  41d00000   00004000  00000000  00004000  R   


SEGMENT ALLOCATION MAP

run origin  load origin   length   init length attrs members
----------  ----------- ---------- ----------- ----- -------
00000000    00000000    00001888   00001888    r-x
  00000000    00000000    000000c0   000000c0    r-- .intvecs
  000000c0    000000c0    00001548   00001548    r-x .text
  00001608    00001608    00000250   00000250    r-- .rodata
  00001858    00001858    00000030   00000030    r-- .cinit
20200000    20200000    000002bb   00000000    rw-
  20200000    20200000    000001db   00000000    rw- .data
  202001db    202001db    000000e0   00000000    rw- .bss
2020ff00    2020ff00    00000100   00000000    rw-
  2020ff00    2020ff00    00000100   00000000    rw- .stack


SECTION ALLOCATION MAP

 output                                  attributes/
section   page    origin      length       input sections
--------  ----  ----------  ----------   ----------------
.intvecs   0    00000000    000000c0     
                  00000000    000000c0     startup_mspm0g351x_ticlang.o (.intvecs)

.text      0    000000c0    00001548     
                  000000c0    00000410     shell.o (.text._ZN8services12_GLOBAL__N_113HandleLineEndEv)
                  000004d0    000001b0     scheduler.o (.text._ZN8services13Scheduler_RunEv)
                  00000680    00000140     debug_uart.o (.text._ZN8services21DebugUart_WriteUInt32Ej)
                  000007c0    000000e0     app_shell.o (.text._ZN3app12_GLOBAL__N_110LedCommandEiPKPKc)
                  000008a0    000000e0     app_shell.o (.text._ZN3app12_GLOBAL__N_113BuzzerCommandEiPKPKc)
                  00000980    000000c8     shell.o (.text._ZN8services10Shell_InitEv)
                  00000a48    000000b0     scheduler.o (.text._ZN8services14Scheduler_InitEv)
                  00000af8    000000a4     shell.o (.text._ZN8services21Shell_RegisterCommandEPKcS1_PFviPKS1_E)
                  00000b9c    0000009a     libc.a : memcpy16.S.obj (.text:memcpy)
                  00000c36    00000002     startup_mspm0g351x_ticlang.o (.text.Default_Handler)
                  00000c38    00000094     shell.o (.text._ZN8services13Shell_ProcessEv)
                  00000ccc    00000088     ti_msp_dl_config.o (.text.SYSCFG_DL_DEBUG_UART_init)
                  00000d54    00000088     app_shell.o (.text._ZN3app25AppShell_RegisterCommandsEv)
                  00000ddc    0000007c     libc.a : copy_decompress_lzss.c.obj (.text:decompress:lzss)
                  00000e58    0000006c     debug_uart.o (.text.UART5_IRQHandler)
                  00000ec4    0000006c     debug_uart.o (.text._ZN8services21DebugUart_WriteStringEPKc)
                  00000f30    0000005c     app_shell.o (.text._ZN3app12_GLOBAL__N_110PwmCommandEiPKPKc)
                  00000f8c    00000054     debug_uart.o (.text._ZN8services14DebugUart_InitEv)
                  00000fe0    00000052     empty_cpp.o (.text.main)
                  00001032    00000002     board.o (.text._ZN5board14Board_LateInitEv)
                  00001034    00000048     driverlib.a : dl_uart.o (.text.DL_UART_init)
                  0000107c    00000048     debug_uart.o (.text._ZN8services18DebugUart_ReadByteEPh)
                  000010c4    00000040     ti_msp_dl_config.o (.text.SYSCFG_DL_initPower)
                  00001104    00000040     app_shell.o (.text._ZN3app12_GLOBAL__N_114VersionCommandEiPKPKc)
                  00001144    00000040     libclang_rt.builtins.a : aeabi_uidivmod.S.obj (.text)
                  00001184    0000003c     ti_msp_dl_config.o (.text.SYSCFG_DL_GPIO_init)
                  000011c0    0000003c     libc.a : autoinit.c.obj (.text:__TI_auto_init_nobinit_nopinit)
                  000011fc    00000038     buzzer.o (.text._ZN7drivers11Buzzer_InitEPNS_13BuzzerContextEPKNS_12BuzzerConfigE)
                  00001234    00000038     led.o (.text._ZN7drivers8Led_InitEPNS_10LedContextEPKNS_9LedConfigE)
                  0000126c    00000038     time.o (.text._ZN8services9Time_InitEv)
                  000012a4    00000030     driverlib.a : dl_uart.o (.text.DL_UART_transmitDataBlocking)
                  000012d4    00000030     ti_msp_dl_config.o (.text.SYSCFG_DL_SYSCTL_init)
                  00001304    00000030     buzzer.o (.text._ZN7drivers10Buzzer_OffEPNS_13BuzzerContextE)
                  00001334    00000030     led.o (.text._ZN7drivers6Led_OnEPNS_10LedContextE)
                  00001364    00000030     led.o (.text._ZN7drivers7Led_OffEPNS_10LedContextE)
                  00001394    00000030     buzzer.o (.text._ZN7drivers9Buzzer_OnEPNS_13BuzzerContextE)
                  000013c4    00000028     app_shell.o (.text._ZN3app12_GLOBAL__N_112ResetCommandEiPKPKc)
                  000013ec    00000028     libc.a : boot_cortex_m.c.obj (.text:_c_int00_noargs)
                  00001414    0000001c     app_main.o (.text._ZN3app7App_RunEv)
                  00001430    0000001c     debug_uart.o (.text._ZN8services19DebugUart_WriteCharEc)
                  0000144c    00000016     led.o (.text._ZN7drivers11Led_IsReadyEPKNS_10LedContextE)
                  00001462    00000016     buzzer.o (.text._ZN7drivers14Buzzer_IsReadyEPKNS_13BuzzerContextE)
                  00001478    00000016     libc.a : copy_zero_init.c.obj (.text:decompress:ZI:__TI_zero_init_nomemset)
                  0000148e    00000014     ti_msp_dl_config.o (.text.SYSCFG_DL_init)
                  000014a2    00000002     log.o (.text._ZN8services8Log_InitEv)
                  000014a4    00000014     board_buzzer.o (.text._ZN5board16Board_BuzzerInitEv)
                  000014b8    00000014     board_led.o (.text._ZN5board19Board_StatusLedInitEv)
                  000014cc    00000014     shell.o (.text._ZN8services15Shell_WriteLineEPKc)
                  000014e0    00000012     driverlib.a : dl_uart.o (.text.DL_UART_setClockConfig)
                  000014f2    00000012     libc.a : copy_decompress_none.c.obj (.text:decompress:none)
                  00001504    00000010     time.o (.text.SysTick_Handler)
                  00001514    00000010     app_shell.o (.text._ZN3app12_GLOBAL__N_110AdcCommandEiPKPKc)
                  00001524    00000010     app_main.o (.text._ZN3app8App_InitEv)
                  00001534    00000010     board_buzzer.o (.text._ZN5board14Board_BuzzerOnEv)
                  00001544    00000010     board_buzzer.o (.text._ZN5board15Board_BuzzerOffEv)
                  00001554    00000010     board_led.o (.text._ZN5board17Board_StatusLedOnEv)
                  00001564    00000010     board_led.o (.text._ZN5board18Board_StatusLedOffEv)
                  00001574    00000010     board_buzzer.o (.text._ZN5board19Board_BuzzerIsReadyEv)
                  00001584    00000010     board_led.o (.text._ZN5board22Board_StatusLedIsReadyEv)
                  00001594    0000000c     board.o (.text._ZN5board10Board_InitEv)
                  000015a0    0000000c     fault.o (.text._ZN8services10Fault_InitEv)
                  000015ac    0000000c     time.o (.text._ZN8services11Time_MillisEv)
                  000015b8    0000000c     debug_uart.o (.text._ZN8services17DebugUart_IsReadyEv)
                  000015c4    0000000c     fault.o (.text._ZN8services9Fault_GetEv)
                  000015d0    0000000a     driverlib.a : dl_common.o (.text.DL_Common_delayCycles)
                  000015da    00000008     shell.o (.text._ZN8services17Shell_WriteStringEPKc)
                  000015e2    00000008     shell.o (.text._ZN8services17Shell_WriteUInt32Ej)
                  000015ea    00000002     libclang_rt.builtins.a : aeabi_div0.c.obj (.text.__aeabi_idiv0)
                  000015ec    00000008                            : aeabi_memcpy.S.obj (.text)
                  000015f4    00000006     libc.a : exit.c.obj (.text:abort)
                  000015fa    00000004     libsysbm.a : hostexit.c.obj (.text.HOSTexit)
                  000015fe    00000004     startup_mspm0g351x_ticlang.o (.text.Reset_Handler)
                  00001602    00000004     libc.a : pre_init.c.obj (.text._system_pre_init)
                  00001606    00000002     --HOLE-- [fill = 0]

.cinit     0    00001858    00000030     
                  00001858    0000000c     (__TI_handler_table)
                  00001864    00000009     (.cinit..data.load) [load image, compression = lzss]
                  0000186d    00000003     --HOLE-- [fill = 0]
                  00001870    00000008     (.cinit..bss.load) [load image, compression = zero_init]
                  00001878    00000010     (__TI_cinit_table)

.rodata    0    00001608    00000250     
                  00001608    00000026     shell.o (.rodata.str1.6901712316327456926.1)
                  0000162e    00000020     app_shell.o (.rodata.str1.2354522874658768371.1)
                  0000164e    0000001f     app_shell.o (.rodata.str1.871335262082007188.1)
                  0000166d    0000001e     app_shell.o (.rodata.str1.15434941628325917383.1)
                  0000168b    0000001e     app_shell.o (.rodata.str1.7207923708610531365.1)
                  000016a9    0000001d     app_shell.o (.rodata.str1.14205965562906606532.1)
                  000016c6    0000001c     app_shell.o (.rodata.str1.13993368087264210023.1)
                  000016e2    00000017     shell.o (.rodata.str1.5680428239841774557.1)
                  000016f9    00000015     app_shell.o (.rodata.str1.4465400818469226320.1)
                  0000170e    00000015     app_shell.o (.rodata.str1.8602760754867183125.1)
                  00001723    00000012     app_shell.o (.rodata.str1.13245102848535749030.1)
                  00001735    00000012     app_shell.o (.rodata.str1.2029421846019890511.1)
                  00001747    00000012     app_shell.o (.rodata.str1.6951946783319408118.1)
                  00001759    00000012     shell.o (.rodata.str1.8246939600463437344.1)
                  0000176b    00000012     app_shell.o (.rodata.str1.9018689912544847403.1)
                  0000177d    0000000f     app_shell.o (.rodata.str1.13305312957799781956.1)
                  0000178c    0000000e     app_shell.o (.rodata.str1.10256891727475852015.1)
                  0000179a    0000000d     app_shell.o (.rodata.str1.14683574465395229248.1)
                  000017a7    00000001     --HOLE-- [fill = 0]
                  000017a8    0000000c     board_buzzer.o (.rodata._ZN5boardL14g_buzzerConfigE)
                  000017b4    0000000c     board_led.o (.rodata._ZN5boardL17g_statusLedConfigE)
                  000017c0    0000000b     app_shell.o (.rodata.str1.14445045882516821416.1)
                  000017cb    0000000b     app_shell.o (.rodata.str1.9307362830757344490.1)
                  000017d6    0000000a     ti_msp_dl_config.o (.rodata.gDEBUG_UARTConfig)
                  000017e0    0000000a     shell.o (.rodata.str1.17922515892264497723.1)
                  000017ea    0000000a     app_shell.o (.rodata.str1.9708937098353321336.1)
                  000017f4    00000008     app_shell.o (.rodata.str1.11335294061225285764.1)
                  000017fc    00000008     app_shell.o (.rodata.str1.1222417806814152126.1)
                  00001804    00000007     app_shell.o (.rodata.str1.13029328624899454496.1)
                  0000180b    00000007     app_shell.o (.rodata.str1.27965927919619260.1)
                  00001812    00000007     app_shell.o (.rodata.str1.444886150797460539.1)
                  00001819    00000007     app_shell.o (.rodata.str1.9210286441137644766.1)
                  00001820    00000006     app_shell.o (.rodata.str1.587364518894469847.1)
                  00001826    00000005     shell.o (.rodata.str1.17405053739148516019.1)
                  0000182b    00000004     app_shell.o (.rodata.str1.11774507841365577078.1)
                  0000182f    00000004     app_shell.o (.rodata.str1.1223882822645374465.1)
                  00001833    00000004     app_shell.o (.rodata.str1.13640432584226954899.1)
                  00001837    00000004     app_shell.o (.rodata.str1.3688985272902551570.1)
                  0000183b    00000004     shell.o (.rodata.str1.7348818734176781284.1)
                  0000183f    00000004     shell.o (.rodata.str1.8954516873856363469.1)
                  00001843    00000003     shell.o (.rodata.str1.10427229796524742636.1)
                  00001846    00000003     shell.o (.rodata.str1.4282230880151502975.1)
                  00001849    00000003     app_shell.o (.rodata.str1.5716603645884478871.1)
                  0000184c    00000003     app_shell.o (.rodata.str1.7212684690809077353.1)
                  0000184f    00000003     shell.o (.rodata.str1.8508895379925972626.1)
                  00001852    00000002     ti_msp_dl_config.o (.rodata.gDEBUG_UARTClockConfig)
                  00001854    00000002     app_shell.o (.rodata.str1.14384267027075031912.1)
                  00001856    00000002     --HOLE-- [fill = 0]

.init_array 
*          0    00000000    00000000     UNINITIALIZED

.binit     0    00000000    00000000     

.data      0    20200000    000001db     UNINITIALIZED
                  20200000    000000f0     scheduler.o (.data._ZN8servicesL7g_tasksE)
                  202000f0    000000c0     shell.o (.data._ZN8services12_GLOBAL__N_110g_commandsE)
                  202001b0    00000008     app_main.o (.data._ZN3appL10g_appStateE)
                  202001b8    00000008     board_buzzer.o (.data._ZN5boardL15g_buzzerContextE)
                  202001c0    00000008     board_led.o (.data._ZN5boardL18g_statusLedContextE)
                  202001c8    00000004     shell.o (.data._ZN8services12_GLOBAL__N_112g_lineLengthE)
                  202001cc    00000004     debug_uart.o (.data._ZN8services12_GLOBAL__N_116g_rxDroppedCountE)
                  202001d0    00000004     time.o (.data._ZN8servicesL8g_millisE)
                  202001d4    00000002     debug_uart.o (.data._ZN8services12_GLOBAL__N_18g_rxHeadE)
                  202001d6    00000002     debug_uart.o (.data._ZN8services12_GLOBAL__N_18g_rxTailE)
                  202001d8    00000001     shell.o (.data._ZN8services12_GLOBAL__N_114g_ignoreNextLfE)
                  202001d9    00000001     debug_uart.o (.data._ZN8services12_GLOBAL__N_116g_debugUartReadyE)
                  202001da    00000001     fault.o (.data._ZN8servicesL11g_faultCodeE)

.bss       0    202001db    000000e0     UNINITIALIZED
                  202001db    00000080     debug_uart.o (.bss._ZN8services12_GLOBAL__N_110g_rxBufferE)
                  2020025b    00000060     shell.o (.bss._ZN8services12_GLOBAL__N_112g_lineBufferE)

.stack     0    2020ff00    00000100     UNINITIALIZED
                  2020ff00    00000004     libc.a : boot_cortex_m.c.obj (.stack)
                  2020ff04    000000fc     --HOLE--

__llvm_prf_cnts 
*          0    20200000    00000000     UNINITIALIZED

__llvm_prf_bits 
*          0    20200000    00000000     UNINITIALIZED

MODULE SUMMARY

       Module                         code   ro data   rw data
       ------                         ----   -------   -------
    .\
       ti_msp_dl_config.o             328    12        0      
       startup_mspm0g351x_ticlang.o   6      192       0      
       empty_cpp.o                    82     0         0      
    +--+------------------------------+------+---------+---------+
       Total:                         416    204       0      
                                                              
    .\app\
       app_shell.o                    796    442       0      
       app_main.o                     44     0         8      
    +--+------------------------------+------+---------+---------+
       Total:                         840    442       8      
                                                              
    .\board\
       board_buzzer.o                 68     12        8      
       board_led.o                    68     12        8      
       board.o                        14     0         0      
    +--+------------------------------+------+---------+---------+
       Total:                         150    24        16     
                                                              
    .\drivers\buzzer\
       buzzer.o                       174    0         0      
    +--+------------------------------+------+---------+---------+
       Total:                         174    0         0      
                                                              
    .\drivers\led\
       led.o                          174    0         0      
    +--+------------------------------+------+---------+---------+
       Total:                         174    0         0      
                                                              
    .\services\
       shell.o                        1588   111       293    
       debug_uart.o                   732    0         137    
       scheduler.o                    608    0         240    
       time.o                         84     0         4      
       fault.o                        24     0         1      
       log.o                          2      0         0      
    +--+------------------------------+------+---------+---------+
       Total:                         3038   111       675    
                                                              
    C:/ti/mspm0_sdk_2_10_00_04/source/ti/driverlib/lib/ticlang/m0p/mspm0gx51x/driverlib.a
       dl_uart.o                      138    0         0      
       dl_common.o                    10     0         0      
    +--+------------------------------+------+---------+---------+
       Total:                         148    0         0      
                                                              
    C:\ti\ccs2100\ccs\tools\compiler\ti-cgt-armllvm_5.1.1.LTS\lib\armv6m-ti-none-eabi/c/libc.a
       memcpy16.S.obj                 154    0         0      
       copy_decompress_lzss.c.obj     124    0         0      
       autoinit.c.obj                 60     0         0      
       boot_cortex_m.c.obj            40     0         0      
       copy_zero_init.c.obj           22     0         0      
       copy_decompress_none.c.obj     18     0         0      
       exit.c.obj                     6      0         0      
       pre_init.c.obj                 4      0         0      
    +--+------------------------------+------+---------+---------+
       Total:                         428    0         0      
                                                              
    C:\ti\ccs2100\ccs\tools\compiler\ti-cgt-armllvm_5.1.1.LTS\lib\armv6m-ti-none-eabi/c/libsysbm.a
       hostexit.c.obj                 4      0         0      
    +--+------------------------------+------+---------+---------+
       Total:                         4      0         0      
                                                              
    C:\ti\ccs2100\ccs\tools\compiler\ti-cgt-armllvm_5.1.1.LTS\lib\armv6m-ti-none-eabi/libclang_rt.builtins.a
       aeabi_uidivmod.S.obj           64     0         0      
       aeabi_memcpy.S.obj             8      0         0      
       aeabi_div0.c.obj               2      0         0      
    +--+------------------------------+------+---------+---------+
       Total:                         74     0         0      
                                                              
       Stack:                         0      0         256    
       Linker Generated:              0      45        0      
    +--+------------------------------+------+---------+---------+
       Grand Total:                   5446   826       955    


LINKER GENERATED COPY TABLES

__TI_cinit_table @ 00001878 records: 2, size/record: 8, table size: 16
	.data: load addr=00001864, load size=00000009 bytes, run addr=20200000, run size=000001db bytes, compression=lzss
	.bss: load addr=00001870, load size=00000008 bytes, run addr=202001db, run size=000000e0 bytes, compression=zero_init


LINKER GENERATED HANDLER TABLE

__TI_handler_table @ 00001858 records: 3, size/record: 4, table size: 12
	index: 0, handler: __TI_decompress_lzss
	index: 1, handler: __TI_decompress_none
	index: 2, handler: __TI_zero_init


GLOBAL SYMBOLS: SORTED ALPHABETICALLY BY Name 

address   name                                                             
-------   ----                                                             
00000c37  ADC0_IRQHandler                                                  
00000c37  ADC1_IRQHandler                                                  
00000c37  AESADV_IRQHandler                                                
000015fa  C$$EXIT                                                          
00000c37  CANFD0_IRQHandler                                                
00000c37  CANFD1_IRQHandler                                                
00000c37  DAC0_IRQHandler                                                  
000015d1  DL_Common_delayCycles                                            
00001035  DL_UART_init                                                     
000014e1  DL_UART_setClockConfig                                           
000012a5  DL_UART_transmitDataBlocking                                     
00000c37  DMA_IRQHandler                                                   
00000c37  Default_Handler                                                  
00000c37  GROUP0_IRQHandler                                                
00000c37  GROUP1_IRQHandler                                                
000015fb  HOSTexit                                                         
00000c37  HardFault_Handler                                                
00000c37  I2C0_IRQHandler                                                  
00000c37  I2C1_IRQHandler                                                  
00000c37  I2C2_IRQHandler                                                  
00000c37  LFSS_IRQHandler                                                  
00000c37  NMI_Handler                                                      
00000c37  PendSV_Handler                                                   
000015ff  Reset_Handler                                                    
00000c37  SPI0_IRQHandler                                                  
00000c37  SPI1_IRQHandler                                                  
00000c37  SPI2_IRQHandler                                                  
00000c37  SVC_Handler                                                      
00000ccd  SYSCFG_DL_DEBUG_UART_init                                        
00001185  SYSCFG_DL_GPIO_init                                              
000012d5  SYSCFG_DL_SYSCTL_init                                            
0000148f  SYSCFG_DL_init                                                   
000010c5  SYSCFG_DL_initPower                                              
00001505  SysTick_Handler                                                  
00000c37  TIMA0_IRQHandler                                                 
00000c37  TIMA1_IRQHandler                                                 
00000c37  TIMG0_IRQHandler                                                 
00000c37  TIMG12_IRQHandler                                                
00000c37  TIMG14_IRQHandler                                                
00000c37  TIMG6_IRQHandler                                                 
00000c37  TIMG7_IRQHandler                                                 
00000c37  TIMG8_IRQHandler                                                 
00000c37  TIMG9_IRQHandler                                                 
00000c37  UART0_IRQHandler                                                 
00000c37  UART1_IRQHandler                                                 
00000c37  UART3_IRQHandler                                                 
00000c37  UART4_IRQHandler                                                 
00000e59  UART5_IRQHandler                                                 
00000c37  UART6_IRQHandler                                                 
00000c37  UART7_IRQHandler                                                 
00000d55  _ZN3app25AppShell_RegisterCommandsEv                             
00001415  _ZN3app7App_RunEv                                                
00001525  _ZN3app8App_InitEv                                               
00001595  _ZN5board10Board_InitEv                                          
00001535  _ZN5board14Board_BuzzerOnEv                                      
00001033  _ZN5board14Board_LateInitEv                                      
00001545  _ZN5board15Board_BuzzerOffEv                                     
000014a5  _ZN5board16Board_BuzzerInitEv                                    
00001555  _ZN5board17Board_StatusLedOnEv                                   
00001565  _ZN5board18Board_StatusLedOffEv                                  
00001575  _ZN5board19Board_BuzzerIsReadyEv                                 
000014b9  _ZN5board19Board_StatusLedInitEv                                 
00001585  _ZN5board22Board_StatusLedIsReadyEv                              
00001305  _ZN7drivers10Buzzer_OffEPNS_13BuzzerContextE                     
000011fd  _ZN7drivers11Buzzer_InitEPNS_13BuzzerContextEPKNS_12BuzzerConfigE
0000144d  _ZN7drivers11Led_IsReadyEPKNS_10LedContextE                      
00001463  _ZN7drivers14Buzzer_IsReadyEPKNS_13BuzzerContextE                
00001335  _ZN7drivers6Led_OnEPNS_10LedContextE                             
00001365  _ZN7drivers7Led_OffEPNS_10LedContextE                            
00001235  _ZN7drivers8Led_InitEPNS_10LedContextEPKNS_9LedConfigE           
00001395  _ZN7drivers9Buzzer_OnEPNS_13BuzzerContextE                       
000015a1  _ZN8services10Fault_InitEv                                       
00000981  _ZN8services10Shell_InitEv                                       
000015ad  _ZN8services11Time_MillisEv                                      
000004d1  _ZN8services13Scheduler_RunEv                                    
00000c39  _ZN8services13Shell_ProcessEv                                    
00000f8d  _ZN8services14DebugUart_InitEv                                   
00000a49  _ZN8services14Scheduler_InitEv                                   
000014cd  _ZN8services15Shell_WriteLineEPKc                                
000015b9  _ZN8services17DebugUart_IsReadyEv                                
000015db  _ZN8services17Shell_WriteStringEPKc                              
000015e3  _ZN8services17Shell_WriteUInt32Ej                                
0000107d  _ZN8services18DebugUart_ReadByteEPh                              
00001431  _ZN8services19DebugUart_WriteCharEc                              
00000ec5  _ZN8services21DebugUart_WriteStringEPKc                          
00000681  _ZN8services21DebugUart_WriteUInt32Ej                            
00000af9  _ZN8services21Shell_RegisterCommandEPKcS1_PFviPKS1_E             
000014a3  _ZN8services8Log_InitEv                                          
000015c5  _ZN8services9Fault_GetEv                                         
0000126d  _ZN8services9Time_InitEv                                         
20210000  __STACK_END                                                      
00000100  __STACK_SIZE                                                     
00000000  __TI_ATRegion0_region_sz                                         
00000000  __TI_ATRegion0_src_addr                                          
00000000  __TI_ATRegion0_trg_addr                                          
00000000  __TI_ATRegion1_region_sz                                         
00000000  __TI_ATRegion1_src_addr                                          
00000000  __TI_ATRegion1_trg_addr                                          
00000000  __TI_ATRegion2_region_sz                                         
00000000  __TI_ATRegion2_src_addr                                          
00000000  __TI_ATRegion2_trg_addr                                          
00001878  __TI_CINIT_Base                                                  
00001888  __TI_CINIT_Limit                                                 
00001888  __TI_CINIT_Warm                                                  
00001858  __TI_Handler_Table_Base                                          
00001864  __TI_Handler_Table_Limit                                         
000011c1  __TI_auto_init_nobinit_nopinit                                   
00000ddd  __TI_decompress_lzss                                             
000014f3  __TI_decompress_none                                             
ffffffff  __TI_pprof_out_hndl                                              
ffffffff  __TI_prof_data_size                                              
ffffffff  __TI_prof_data_start                                             
00000000  __TI_static_base__                                               
00001479  __TI_zero_init_nomemset                                          
000015eb  __aeabi_idiv0                                                    
000015ed  __aeabi_memcpy                                                   
000015ed  __aeabi_memcpy4                                                  
000015ed  __aeabi_memcpy8                                                  
00001145  __aeabi_uidiv                                                    
00001145  __aeabi_uidivmod                                                 
ffffffff  __binit__                                                        
UNDEFED   __mpu_init                                                       
2020ff00  __stack                                                          
20200000  __start___llvm_prf_bits                                          
20200000  __start___llvm_prf_cnts                                          
20200000  __stop___llvm_prf_bits                                           
20200000  __stop___llvm_prf_cnts                                           
000013ed  _c_int00_noargs                                                  
UNDEFED   _system_post_cinit                                               
00001603  _system_pre_init                                                 
000015f5  abort                                                            
ffffffff  binit                                                            
00000000  interruptVectors                                                 
00000fe1  main                                                             
00000b9d  memcpy                                                           


GLOBAL SYMBOLS: SORTED BY Symbol Address 

address   name                                                             
-------   ----                                                             
00000000  __TI_ATRegion0_region_sz                                         
00000000  __TI_ATRegion0_src_addr                                          
00000000  __TI_ATRegion0_trg_addr                                          
00000000  __TI_ATRegion1_region_sz                                         
00000000  __TI_ATRegion1_src_addr                                          
00000000  __TI_ATRegion1_trg_addr                                          
00000000  __TI_ATRegion2_region_sz                                         
00000000  __TI_ATRegion2_src_addr                                          
00000000  __TI_ATRegion2_trg_addr                                          
00000000  __TI_static_base__                                               
00000000  interruptVectors                                                 
00000100  __STACK_SIZE                                                     
000004d1  _ZN8services13Scheduler_RunEv                                    
00000681  _ZN8services21DebugUart_WriteUInt32Ej                            
00000981  _ZN8services10Shell_InitEv                                       
00000a49  _ZN8services14Scheduler_InitEv                                   
00000af9  _ZN8services21Shell_RegisterCommandEPKcS1_PFviPKS1_E             
00000b9d  memcpy                                                           
00000c37  ADC0_IRQHandler                                                  
00000c37  ADC1_IRQHandler                                                  
00000c37  AESADV_IRQHandler                                                
00000c37  CANFD0_IRQHandler                                                
00000c37  CANFD1_IRQHandler                                                
00000c37  DAC0_IRQHandler                                                  
00000c37  DMA_IRQHandler                                                   
00000c37  Default_Handler                                                  
00000c37  GROUP0_IRQHandler                                                
00000c37  GROUP1_IRQHandler                                                
00000c37  HardFault_Handler                                                
00000c37  I2C0_IRQHandler                                                  
00000c37  I2C1_IRQHandler                                                  
00000c37  I2C2_IRQHandler                                                  
00000c37  LFSS_IRQHandler                                                  
00000c37  NMI_Handler                                                      
00000c37  PendSV_Handler                                                   
00000c37  SPI0_IRQHandler                                                  
00000c37  SPI1_IRQHandler                                                  
00000c37  SPI2_IRQHandler                                                  
00000c37  SVC_Handler                                                      
00000c37  TIMA0_IRQHandler                                                 
00000c37  TIMA1_IRQHandler                                                 
00000c37  TIMG0_IRQHandler                                                 
00000c37  TIMG12_IRQHandler                                                
00000c37  TIMG14_IRQHandler                                                
00000c37  TIMG6_IRQHandler                                                 
00000c37  TIMG7_IRQHandler                                                 
00000c37  TIMG8_IRQHandler                                                 
00000c37  TIMG9_IRQHandler                                                 
00000c37  UART0_IRQHandler                                                 
00000c37  UART1_IRQHandler                                                 
00000c37  UART3_IRQHandler                                                 
00000c37  UART4_IRQHandler                                                 
00000c37  UART6_IRQHandler                                                 
00000c37  UART7_IRQHandler                                                 
00000c39  _ZN8services13Shell_ProcessEv                                    
00000ccd  SYSCFG_DL_DEBUG_UART_init                                        
00000d55  _ZN3app25AppShell_RegisterCommandsEv                             
00000ddd  __TI_decompress_lzss                                             
00000e59  UART5_IRQHandler                                                 
00000ec5  _ZN8services21DebugUart_WriteStringEPKc                          
00000f8d  _ZN8services14DebugUart_InitEv                                   
00000fe1  main                                                             
00001033  _ZN5board14Board_LateInitEv                                      
00001035  DL_UART_init                                                     
0000107d  _ZN8services18DebugUart_ReadByteEPh                              
000010c5  SYSCFG_DL_initPower                                              
00001145  __aeabi_uidiv                                                    
00001145  __aeabi_uidivmod                                                 
00001185  SYSCFG_DL_GPIO_init                                              
000011c1  __TI_auto_init_nobinit_nopinit                                   
000011fd  _ZN7drivers11Buzzer_InitEPNS_13BuzzerContextEPKNS_12BuzzerConfigE
00001235  _ZN7drivers8Led_InitEPNS_10LedContextEPKNS_9LedConfigE           
0000126d  _ZN8services9Time_InitEv                                         
000012a5  DL_UART_transmitDataBlocking                                     
000012d5  SYSCFG_DL_SYSCTL_init                                            
00001305  _ZN7drivers10Buzzer_OffEPNS_13BuzzerContextE                     
00001335  _ZN7drivers6Led_OnEPNS_10LedContextE                             
00001365  _ZN7drivers7Led_OffEPNS_10LedContextE                            
00001395  _ZN7drivers9Buzzer_OnEPNS_13BuzzerContextE                       
000013ed  _c_int00_noargs                                                  
00001415  _ZN3app7App_RunEv                                                
00001431  _ZN8services19DebugUart_WriteCharEc                              
0000144d  _ZN7drivers11Led_IsReadyEPKNS_10LedContextE                      
00001463  _ZN7drivers14Buzzer_IsReadyEPKNS_13BuzzerContextE                
00001479  __TI_zero_init_nomemset                                          
0000148f  SYSCFG_DL_init                                                   
000014a3  _ZN8services8Log_InitEv                                          
000014a5  _ZN5board16Board_BuzzerInitEv                                    
000014b9  _ZN5board19Board_StatusLedInitEv                                 
000014cd  _ZN8services15Shell_WriteLineEPKc                                
000014e1  DL_UART_setClockConfig                                           
000014f3  __TI_decompress_none                                             
00001505  SysTick_Handler                                                  
00001525  _ZN3app8App_InitEv                                               
00001535  _ZN5board14Board_BuzzerOnEv                                      
00001545  _ZN5board15Board_BuzzerOffEv                                     
00001555  _ZN5board17Board_StatusLedOnEv                                   
00001565  _ZN5board18Board_StatusLedOffEv                                  
00001575  _ZN5board19Board_BuzzerIsReadyEv                                 
00001585  _ZN5board22Board_StatusLedIsReadyEv                              
00001595  _ZN5board10Board_InitEv                                          
000015a1  _ZN8services10Fault_InitEv                                       
000015ad  _ZN8services11Time_MillisEv                                      
000015b9  _ZN8services17DebugUart_IsReadyEv                                
000015c5  _ZN8services9Fault_GetEv                                         
000015d1  DL_Common_delayCycles                                            
000015db  _ZN8services17Shell_WriteStringEPKc                              
000015e3  _ZN8services17Shell_WriteUInt32Ej                                
000015eb  __aeabi_idiv0                                                    
000015ed  __aeabi_memcpy                                                   
000015ed  __aeabi_memcpy4                                                  
000015ed  __aeabi_memcpy8                                                  
000015f5  abort                                                            
000015fa  C$$EXIT                                                          
000015fb  HOSTexit                                                         
000015ff  Reset_Handler                                                    
00001603  _system_pre_init                                                 
00001858  __TI_Handler_Table_Base                                          
00001864  __TI_Handler_Table_Limit                                         
00001878  __TI_CINIT_Base                                                  
00001888  __TI_CINIT_Limit                                                 
00001888  __TI_CINIT_Warm                                                  
20200000  __start___llvm_prf_bits                                          
20200000  __start___llvm_prf_cnts                                          
20200000  __stop___llvm_prf_bits                                           
20200000  __stop___llvm_prf_cnts                                           
2020ff00  __stack                                                          
20210000  __STACK_END                                                      
ffffffff  __TI_pprof_out_hndl                                              
ffffffff  __TI_prof_data_size                                              
ffffffff  __TI_prof_data_start                                             
ffffffff  __binit__                                                        
ffffffff  binit                                                            
UNDEFED   __mpu_init                                                       
UNDEFED   _system_post_cinit                                               

[135 symbols]
