******************************************************************************
            TI ARM Clang Linker PC v5.1.1                      
******************************************************************************
>> Linked Wed Jul  8 16:01:03 2026

OUTPUT FILE NAME:   <gugaPI.out>
ENTRY POINT SYMBOL: "_c_int00_noargs"  address: 00010619


MEMORY CONFIGURATION

         name            origin    length      used     unused   attr    fill
----------------------  --------  ---------  --------  --------  ----  --------
  FLASH                 00000000   00080000  00012f18  0006d0e8  R  X
  SRAM_BANK0            20200000   00010000  00000707  0000f8f9  RW X
  SRAM_BANK1            20210000   00010000  00000000  00010000  RW X
  BCR_CONFIG            41c00000   000000ff  00000000  000000ff  R   
  BSL_CONFIG            41c00100   00000080  00000000  00000080  R   
  DATA                  41d00000   00004000  00000000  00004000  R   


SEGMENT ALLOCATION MAP

run origin  load origin   length   init length attrs members
----------  ----------- ---------- ----------- ----- -------
00000000    00000000    00010f98   00010f98    r-x
  00000000    00000000    000000c0   000000c0    r-- .intvecs
  000000c0    000000c0    00010ed8   00010ed8    r-x .text
00010fa0    00010fa0    00001f80   00001f80    r--
  00010fa0    00010fa0    00001f30   00001f30    r-- .rodata
  00012ed0    00012ed0    00000050   00000050    r-- .cinit
20200000    20200000    00000607   00000000    rw-
  20200000    20200000    00000338   00000000    rw- .bss
  20200338    20200338    000002cf   00000000    rw- .data
2020ff00    2020ff00    00000100   00000000    rw-
  2020ff00    2020ff00    00000100   00000000    rw- .stack


SECTION ALLOCATION MAP

 output                                  attributes/
section   page    origin      length       input sections
--------  ----  ----------  ----------   ----------------
.intvecs   0    00000000    000000c0     
                  00000000    000000c0     startup_mspm0g351x_ticlang.o (.intvecs)

.text      0    000000c0    00010ed8     
                  000000c0    00001be0     app_shell.o (.text._ZN3app12_GLOBAL__N_112MotorCommandEiPKPKc)
                  00001ca0    00000b40     app_shell.o (.text._ZN3app12_GLOBAL__N_112Gy931CommandEiPKPKc)
                  000027e0    00000b14     app_shell.o (.text._ZN3app12_GLOBAL__N_113Ina219CommandEiPKPKc)
                  000032f4    00000a5c     app_shell.o (.text._ZN3app12_GLOBAL__N_110ImuCommandEiPKPKc)
                  00003d50    00000990     app_shell.o (.text._ZN3app19motor_driver_client12ReceiveFrameEPNS0_5FrameE)
                  000046e0    00000978     app_shell.o (.text._ZN3app12_GLOBAL__N_123Ina219OledUpdateDisplayEv)
                  00005058    00000880     app_shell.o (.text._ZN3app12_GLOBAL__N_111LoraCommandEiPKPKc)
                  000058d8    00000830     app_shell.o (.text._ZN3app12_GLOBAL__N_111OledCommandEiPKPKc)
                  00006108    00000724     app_shell.o (.text._ZN3app12_GLOBAL__N_110I2cCommandEiPKPKc)
                  0000682c    00000474     shell.o (.text._ZN8services12_GLOBAL__N_113HandleLineEndEv)
                  00006ca0    00000430     app_shell.o (.text._ZN3app12_GLOBAL__N_111FramCommandEiPKPKc)
                  000070d0    000003dc     app_shell.o (.text._ZN3app12_GLOBAL__N_122Gy931OledUpdateDisplayEv)
                  000074ac    00000360     soft_i2c.o (.text._ZN7drivers16SoftI2c_ReadReg8EPNS_14SoftI2cContextEhhPht)
                  0000780c    00000328     app_shell.o (.text._ZN3app12_GLOBAL__N_110LedCommandEiPKPKc)
                  00007b34    000002cc     board_imu.o (.text._ZN5board12_GLOBAL__N_123ReadRegisterWithCommandEhPh)
                  00007e00    00000284     board_imu.o (.text._ZN5board22Board_ImuWiggleSpiPinsEj)
                  00008084    00000268     i2c_diag.o (.text._ZN7drivers22I2cDiag_WriteReg8BlockEPKNS_16I2cDiagBusConfigEhhPKht)
                  000082ec    00000248     soft_i2c.o (.text._ZN7drivers18SoftI2c_RecoverBusEPNS_14SoftI2cContextE)
                  00008534    00000238     i2c_diag.o (.text._ZN7drivers16I2cDiag_ReadReg8EPKNS_16I2cDiagBusConfigEhhPht)
                  0000876c    00000234     board_imu.o (.text._ZN5board21Board_ImuSpiSampleIcmEhPhj)
                  000089a0    00000230     app_shell.o (.text._ZN3app12_GLOBAL__N_113ButtonCommandEiPKPKc)
                  00008bd0    00000224     fm24cl64b.o (.text._ZN7drivers14Fm24cl64b_ReadEPNS_16Fm24cl64bContextEtPht)
                  00008df4    0000021c     board_imu.o (.text._ZN5board20Board_ImuSpiBurstIcmEjh)
                  00009010    00000208     oled_ssd1306.o (.text._ZN7drivers22OledSsd1306_DrawStringEPNS_18OledSsd1306ContextEhhPKc)
                  00009218    000001e0     app_shell.o (.text._ZN3app12_GLOBAL__N_123Gy931OledWriteAngleLineEhPKci)
                  000093f8    000001e0     ina219.o (.text._ZN7drivers17Ina219_RecoverBusEPNS_13Ina219ContextE)
                  000095d8    000001e0     fm24cl64b.o (.text._ZN7drivers20Fm24cl64b_RecoverBusEPNS_16Fm24cl64bContextE)
                  000097b8    000001dc     gy931.o (.text._ZN7drivers16Gy931_ReadSampleEPNS_12Gy931ContextEPNS_11Gy931SampleE)
                  00009994    000001d0     fm24cl64b.o (.text._ZN7drivers15Fm24cl64b_WriteEPNS_16Fm24cl64bContextEtPKht)
                  00009b64    000001d0     i2c_diag.o (.text._ZN7drivers18I2cDiag_RecoverBusEPKNS_16I2cDiagBusConfigE)
                  00009d34    000001c8     i2c_diag.o (.text._ZN7drivers17I2cDiag_WriteReg8EPKNS_16I2cDiagBusConfigEhhPKht)
                  00009efc    000001b0     app_shell.o (.text._ZN3app19motor_driver_client4StopEPNS0_6ClientEPNS0_10StopResultE)
                  0000a0ac    000001b0     scheduler.o (.text._ZN8services13Scheduler_RunEv)
                  0000a25c    000001a4     ina219.o (.text._ZN7drivers12_GLOBAL__N_120ReadRegisterInternalEPNS_13Ina219ContextEhPt)
                  0000a400    00000188     i2c_diag.o (.text._ZN7drivers20I2cDiag_ProbeAddressEPKNS_16I2cDiagBusConfigEh)
                  0000a588    00000180     app_shell.o (.text._ZN3app19motor_driver_client15SetCountsPerRevEPNS0_6ClientEjj)
                  0000a708    00000174     app_shell.o (.text._ZN3app12_GLOBAL__N_123WriteSignedVector3MilliEPKcPKiS2_)
                  0000a87c    00000170     app_shell.o (.text._ZN3app12_GLOBAL__N_113ParseI2cRangeEiPKPKchPhS5_)
                  0000a9ec    00000170     oled_ssd1306.o (.text._ZN7drivers23OledSsd1306_DrawCheckerEPNS_18OledSsd1306ContextE)
                  0000ab5c    00000166     app_shell.o (.text._ZN3app19motor_driver_client19SetPositionRelativeEPNS0_6ClientEbiPNS0_12MotionResultE)
                  0000acc2    00000002     startup_mspm0g351x_ticlang.o (.text.Default_Handler)
                  0000acc4    00000164     board_i2c_bus.o (.text._ZN5board16Board_I2cBusFindEPKc)
                  0000ae28    00000150     app_shell.o (.text._ZN3app12_GLOBAL__N_115PrintMotorUsageEv)
                  0000af78    00000150     app_shell.o (.text._ZN3app25AppShell_RegisterCommandsEv)
                  0000b0c8    00000148     app_shell.o (.text._ZN3app12_GLOBAL__N_114PrintI2cStatusEPKN7drivers16I2cDiagBusConfigE)
                  0000b210    00000140     debug_uart.o (.text._ZN8services21DebugUart_WriteUInt32Ej)
                  0000b350    0000013c     app_shell.o (.text._ZN3app12_GLOBAL__N_110I2cScanBusEPKN7drivers16I2cDiagBusConfigEhhb)
                  0000b48c    0000013c     app_shell.o (.text._ZN3app12_GLOBAL__N_123PrintMotorPositionBlockERKNS_19motor_driver_client12PositionDataE)
                  0000b5c8    00000126     gy931.o (.text._ZN7drivers22Gy931_ReadRawRegistersEPNS_12Gy931ContextEhPsh)
                  0000b6ee    00000002     board.o (.text._ZN5board14Board_LateInitEv)
                  0000b6f0    00000120     app_shell.o (.text._ZN3app12_GLOBAL__N_114ApplyLedActionEN5board10BoardLedIdEPKc)
                  0000b810    00000120     ina219.o (.text._ZN7drivers12_GLOBAL__N_121WriteRegisterInternalEPNS_13Ina219ContextEht)
                  0000b930    00000118     ti_msp_dl_config.o (.text.SYSCFG_DL_GPIO_init)
                  0000ba48    00000108     app_shell.o (.text._ZN3app12_GLOBAL__N_119PrintMotorFrameDataEPKcRKNS_19motor_driver_client5FrameE)
                  0000bb50    00000104     soft_i2c.o (.text._ZN7drivers12_GLOBAL__N_19WriteByteEPKNS_13SoftI2cConfigEh)
                  0000bc54    00000100     shell.o (.text._ZN8services10Shell_InitEv)
                  0000bd54    000000fc     app_shell.o (.text._ZN3app12_GLOBAL__N_119Gy931OledSetEnabledEb)
                  0000be50    000000fc     app_shell.o (.text._ZN3app12_GLOBAL__N_120Ina219OledSetEnabledEb)
                  0000bf4c    000000f8     app_shell.o (.text._ZN3app12_GLOBAL__N_110ParseInt32EPKciiPi)
                  0000c044    000000f4     soft_i2c.o (.text._ZN7drivers12_GLOBAL__N_110BeginWriteEPKNS_13SoftI2cConfigEh)
                  0000c138    000000f0     gy931.o (.text._ZN7drivers16Gy931_ReadAnglesEPNS_12Gy931ContextEPNS_11Gy931AnglesE)
                  0000c228    000000ee     app_shell.o (.text._ZN3app19motor_driver_client11SetPositionEPNS0_6ClientEbiPNS0_12MotionResultE)
                  0000c316    00000002     log.o (.text._ZN8services8Log_InitEv)
                  0000c318    000000e0     app_shell.o (.text._ZN3app12_GLOBAL__N_113BuzzerCommandEiPKPKc)
                  0000c3f8    000000e0     scheduler.o (.text._ZN8services17Scheduler_AddTaskEPKcPFvvEjjPh)
                  0000c4d8    000000d8     app_shell.o (.text._ZN3app19motor_driver_client13ResetEncodersEPNS0_6ClientE)
                  0000c5b0    000000d6     app_shell.o (.text._ZN3app19motor_driver_client17SetPositionCountsEPNS0_6ClientEbiPNS0_12MotionResultE)
                  0000c686    00000002     libclang_rt.builtins.a : aeabi_div0.c.obj (.text.__aeabi_idiv0)
                  0000c688    000000d4     shell.o (.text._ZN8services21Shell_RegisterCommandEPKcS1_PFviPKS1_E)
                  0000c75c    000000d0     app_shell.o (.text._ZN3app19motor_driver_client8SetSpeedEPNS0_6ClientEbtbPNS0_12MotionResultE)
                  0000c82c    000000ce     app_shell.o (.text._ZN3app19motor_driver_client12ReadPositionEPNS0_6ClientEPNS0_12PositionDataE)
                  0000c8fa    00000002     libclang_rt.builtins.a : aeabi_div0.c.obj (.text.__aeabi_ldiv0)
                  0000c8fc    000000c8     app_shell.o (.text._ZN3app19motor_driver_client13ReadRegistersEPNS0_6ClientEhhPNS0_5FrameE)
                  0000c9c4    000000c8     board_imu.o (.text._ZN5board25Board_Lis3mdlReadRegisterEhPh)
                  0000ca8c    000000c8     ina219.o (.text._ZN7drivers11Ina219_InitEPNS_13Ina219ContextEPKNS_12Ina219ConfigE)
                  0000cb54    000000c8     lora.o (.text._ZN7drivers14LoraUart_WriteEPNS_15LoraUartContextEPKht)
                  0000cc1c    000000c8     motor_driver_uart.o (.text._ZN7drivers21MotorDriverUart_WriteEPNS_22MotorDriverUartContextEPKht)
                  0000cce4    000000c4     app_shell.o (.text._ZN3app19motor_driver_client14WriteRegistersEPNS0_6ClientEhPKhhPNS0_5FrameE)
                  0000cda8    000000c4     board_imu.o (.text._ZN5board26Board_Icm45686ReadRegisterEhPh)
                  0000ce6c    000000c0     board_imu.o (.text._ZN5board23Board_Lis3mdlReadWhoAmIEPh)
                  0000cf2c    000000bc     soft_i2c.o (.text._ZN7drivers20SoftI2c_ProbeAddressEPNS_14SoftI2cContextEh)
                  0000cfe8    000000b8     app_shell.o (.text._ZN3app19motor_driver_client4PingEPNS0_6ClientEPb)
                  0000d0a0    000000b8     ina219.o (.text._ZN7drivers12_GLOBAL__N_113ReleaseI2cBusEPKNS_12Ina219ConfigE)
                  0000d158    000000b8     i2c_diag.o (.text._ZN7drivers12_GLOBAL__N_113ReleaseI2cBusEPKNS_16I2cDiagBusConfigE)
                  0000d210    000000b4     oled_ssd1306.o (.text._ZN7drivers16OledSsd1306_InitEPNS_18OledSsd1306ContextEPKNS_17OledSsd1306ConfigE)
                  0000d2c4    000000b4     motor_driver_uart.o (.text._ZN7drivers20MotorDriverUart_InitEPNS_22MotorDriverUartContextEPKNS_21MotorDriverUartConfigE)
                  0000d378    000000b0     app_shell.o (.text._ZN3app12_GLOBAL__N_110WriteHex32Ej)
                  0000d428    000000b0     scheduler.o (.text._ZN8services14Scheduler_InitEv)
                  0000d4d8    000000ac     app_shell.o (.text._ZN3app12_GLOBAL__N_110PwmCommandEiPKPKc)
                  0000d584    000000a4     fm24cl64b.o (.text._ZN7drivers18Fm24cl64b_SelfTestEPNS_16Fm24cl64bContextEt)
                  0000d628    000000a2     libclang_rt.builtins.a : udivmoddi4.S.obj (.text)
                  0000d6ca    0000009c     app_shell.o (.text._ZN3app12_GLOBAL__N_111ParseUint32EPKcjPj)
                  0000d766    00000002     --HOLE-- [fill = 0]
                  0000d768    0000009c     board_imu.o (.text._ZN5board19Board_ImuSetSpiModeEh)
                  0000d804    0000009a     libc.a : memcpy16.S.obj (.text:memcpy)
                  0000d89e    00000002     --HOLE-- [fill = 0]
                  0000d8a0    00000098     app_shell.o (.text._ZN3app12_GLOBAL__N_121PrintMotorEncoderLineEPKcRKNS_19motor_driver_client11EncoderDataE)
                  0000d938    00000098     app_shell.o (.text._ZN3app19motor_driver_client9SendFrameEhhPKhh)
                  0000d9d0    00000098     motor_driver_uart.o (.text._ZN7drivers29MotorDriverUart_ClearRxBufferEPNS_22MotorDriverUartContextE)
                  0000da68    00000094     oled_ssd1306.o (.text._ZN7drivers12_GLOBAL__N_113WriteRepeatedEPNS_18OledSsd1306ContextEh)
                  0000dafc    00000094     lora.o (.text._ZN7drivers18LoraUart_WriteByteEPNS_15LoraUartContextEh)
                  0000db90    00000094     motor_driver_uart.o (.text._ZN7drivers25MotorDriverUart_WriteByteEPNS_22MotorDriverUartContextEh)
                  0000dc24    00000094     shell.o (.text._ZN8services13Shell_ProcessEv)
                  0000dcb8    00000092     ina219.o (.text._ZN7drivers23Ina219_ReadRawRegistersEPNS_13Ina219ContextEPNS_18Ina219RawRegistersE)
                  0000dd4a    00000002     --HOLE-- [fill = 0]
                  0000dd4c    00000088     ti_msp_dl_config.o (.text.SYSCFG_DL_DEBUG_UART_init)
                  0000ddd4    00000088     ti_msp_dl_config.o (.text.SYSCFG_DL_LORA_UART_init)
                  0000de5c    00000088     ti_msp_dl_config.o (.text.SYSCFG_DL_MOTOR_UART_init)
                  0000dee4    00000088     app_shell.o (.text._ZN3app19motor_driver_client4HoldEPNS0_6ClientEbPNS0_12MotionResultE)
                  0000df6c    00000084     lora.o (.text._ZN7drivers13LoraUart_InitEPNS_15LoraUartContextEPKNS_14LoraUartConfigE)
                  0000dff0    00000080     app_shell.o (.text._ZN3app12_GLOBAL__N_115WriteFixedMilliEi)
                  0000e070    00000080     soft_i2c.o (.text._ZN7drivers12SoftI2c_InitEPNS_14SoftI2cContextEPKNS_13SoftI2cConfigE)
                  0000e0f0    0000007e     app_shell.o (.text._ZN3app12_GLOBAL__N_113LoraWriteArgsEiPKPKcbPt)
                  0000e16e    0000007e     app_shell.o (.text._ZN3app12_GLOBAL__N_114MotorWriteArgsEiPKPKcbPt)
                  0000e1ec    0000007e     app_shell.o (.text._ZN3app19motor_driver_client11ReadEncoderEPNS0_6ClientEbPNS0_11EncoderDataE)
                  0000e26a    00000002     --HOLE-- [fill = 0]
                  0000e26c    0000007c     ti_msp_dl_config.o (.text.SYSCFG_DL_initPower)
                  0000e2e8    0000007c     lora.o (.text._ZN7drivers19LoraUart_IrqHandlerEPNS_15LoraUartContextE)
                  0000e364    0000007c     libc.a : copy_decompress_lzss.c.obj (.text:decompress:lzss)
                  0000e3e0    00000078     app_shell.o (.text._ZN3app12_GLOBAL__N_117WriteAllLedStatusEv)
                  0000e458    00000078     app_shell.o (.text._ZN3app12_GLOBAL__N_118PrintMotorRpmBlockERKNS_19motor_driver_client7RpmDataE)
                  0000e4d0    00000074     app_shell.o (.text._ZN3app12_GLOBAL__N_116PrintIna219UsageEv)
                  0000e544    00000074     app_shell.o (.text._ZN3app19motor_driver_client6SetRunEPNS0_6ClientEbhbPNS0_12MotionResultE)
                  0000e5b8    00000074     app_shell.o (.text._ZN3app19motor_driver_client8SetBrakeEPNS0_6ClientEbPNS0_12MotionResultE)
                  0000e62c    00000074     soft_i2c.o (.text._ZN7drivers12_GLOBAL__N_113StopConditionEPKNS_13SoftI2cConfigE)
                  0000e6a0    00000074     ina219.o (.text._ZN7drivers22Ina219_ReadMeasurementEPNS_13Ina219ContextEPNS_17Ina219MeasurementE)
                  0000e714    00000070     app_shell.o (.text._ZN3app19motor_driver_client16ReadCountsPerRevEPNS0_6ClientEPNS0_12CountsPerRevE)
                  0000e784    0000006c     debug_uart.o (.text.UART3_IRQHandler)
                  0000e7f0    0000006c     app_shell.o (.text._ZN3app19motor_driver_client7ReadRpmEPNS0_6ClientEPNS0_7RpmDataE)
                  0000e85c    0000006c     board_gy931.o (.text._ZN5board27Board_Gy931ReadRawRegistersEhPsh)
                  0000e8c8    0000006c     motor_driver_uart.o (.text._ZN7drivers26MotorDriverUart_IrqHandlerEPNS_22MotorDriverUartContextE)
                  0000e934    0000006c     debug_uart.o (.text._ZN8services21DebugUart_WriteStringEPKc)
                  0000e9a0    0000006a     app_shell.o (.text._ZN3app19motor_driver_client8SetCoastEPNS0_6ClientEbPNS0_12MotionResultE)
                  0000ea0a    00000002     --HOLE-- [fill = 0]
                  0000ea0c    00000068     app_shell.o (.text._ZN3app12_GLOBAL__N_113PrintImuUsageEv)
                  0000ea74    00000068     app_shell.o (.text._ZN3app12_GLOBAL__N_115PrintGy931UsageEv)
                  0000eadc    00000064     app_shell.o (.text._ZN3app12_GLOBAL__N_110WriteHex16Et)
                  0000eb40    00000064     board_imu.o (.text._ZN5board22Board_ImuGetLineStatusEPNS_18BoardImuLineStatusE)
                  0000eba4    00000064     fm24cl64b.o (.text._ZN7drivers14Fm24cl64b_InitEPNS_16Fm24cl64bContextEPKNS_15Fm24cl64bConfigE)
                  0000ec08    00000062     libc.a : memset16.S.obj (.text:memset)
                  0000ec6a    00000002     --HOLE-- [fill = 0]
                  0000ec6c    00000060     app_shell.o (.text._ZN3app12_GLOBAL__N_113PrintI2cUsageEv)
                  0000eccc    00000060     app_shell.o (.text._ZN3app12_GLOBAL__N_114PrintOledUsageEv)
                  0000ed2c    00000060     app_shell.o (.text._ZN3app12_GLOBAL__N_118PrintMotorPidBlockERKNS_19motor_driver_client8SpeedPidE)
                  0000ed8c    00000060     lora.o (.text._ZN7drivers22LoraUart_ClearRxBufferEPNS_15LoraUartContextE)
                  0000edec    0000005e     driverlib.a : dl_i2c.o (.text.DL_I2C_fillControllerTXFIFO)
                  0000ee4a    0000005e     app_shell.o (.text._ZN3app19motor_driver_client19ReadPositionControlEPNS0_6ClientEPNS0_15PositionControlE)
                  0000eea8    0000005e     app_shell.o (.text._ZN3app19motor_driver_client8ReadInfoEPNS0_6ClientEPNS0_10DeviceInfoE)
                  0000ef06    0000005e     button.o (.text._ZN7drivers13Button_UpdateEPNS_13ButtonContextEj)
                  0000ef64    0000005c     app_shell.o (.text._ZN3app12_GLOBAL__N_130PrintMotorPositionControlBlockERKNS_19motor_driver_client15PositionControlE)
                  0000efc0    0000005c     board_gy931.o (.text._ZN5board21Board_Gy931ReadAnglesEPN7drivers11Gy931AnglesE)
                  0000f01c    0000005c     board_gy931.o (.text._ZN5board21Board_Gy931ReadSampleEPN7drivers11Gy931SampleE)
                  0000f078    0000005c     board_oled.o (.text._ZN5board22Board_OledGetBusStatusEPjPbS1_)
                  0000f0d4    0000005a     soft_i2c.o (.text._ZN7drivers20SoftI2c_GetBusStatusEPKNS_14SoftI2cContextEPNS_16SoftI2cBusStatusE)
                  0000f12e    00000002     --HOLE-- [fill = 0]
                  0000f130    00000058     app_shell.o (.text._ZN3app12_GLOBAL__N_127PrintMotorPositionPidFieldsERKNS_19motor_driver_client11PositionPidE)
                  0000f188    00000058     app_shell.o (.text._ZN3app19motor_driver_client15ReadPositionPidEPNS0_6ClientEPNS0_11PositionPidE)
                  0000f1e0    00000058     app_shell.o (.text._ZN3app19motor_driver_client7ReadPidEPNS0_6ClientEPNS0_8SpeedPidE)
                  0000f238    00000058     ina219.o (.text._ZN7drivers17Ina219_SetAddressEPNS_13Ina219ContextEh)
                  0000f290    00000058     i2c_diag.o (.text._ZN7drivers20I2cDiag_GetBusStatusEPKNS_16I2cDiagBusConfigEPNS_16I2cDiagBusStatusE)
                  0000f2e8    00000056     oled_ssd1306.o (.text._ZN7drivers21OledSsd1306_SetInvertEPNS_18OledSsd1306ContextEb)
                  0000f33e    00000056     oled_ssd1306.o (.text._ZN7drivers24OledSsd1306_SetDisplayOnEPNS_18OledSsd1306ContextEb)
                  0000f394    00000054     ti_msp_dl_config.o (.text.SYSCFG_DL_MOTOR_I2C_init)
                  0000f3e8    00000054     ti_msp_dl_config.o (.text.SYSCFG_DL_SENSOR_I2C_init)
                  0000f43c    00000054     app_shell.o (.text._ZN3app12_GLOBAL__N_114PrintLoraUsageEv)
                  0000f490    00000054     debug_uart.o (.text._ZN8services14DebugUart_InitEv)
                  0000f4e4    00000052     empty_cpp.o (.text.main)
                  0000f536    00000002     --HOLE-- [fill = 0]
                  0000f538    00000050     board_ina219.o (.text._ZN5board16Board_Ina219InitEv)
                  0000f588    00000050     board_gy931.o (.text._ZN5board23Board_Gy931GetBusStatusEPbS0_)
                  0000f5d8    00000050     board_imu.o (.text._ZN5board27Board_ImuSetChipSelectDebugEbbbb)
                  0000f628    0000004c     ti_msp_dl_config.o (.text.SYSCFG_DL_IMU_SPI_init)
                  0000f674    0000004c     board_gy931.o (.text._ZN5board15Board_Gy931InitEv)
                  0000f6c0    0000004c     board_gy931.o (.text._ZN5board21Board_Gy931SetAddressEh)
                  0000f70c    00000048     driverlib.a : dl_uart.o (.text.DL_UART_init)
                  0000f754    00000048     board_gy931.o (.text._ZN5board16Board_Gy931ProbeEv)
                  0000f79c    00000048     board_fram.o (.text._ZN5board22Board_FramGetBusStatusEPjPbS1_)
                  0000f7e4    00000048     board_ina219.o (.text._ZN5board24Board_Ina219GetBusStatusEPjPbS1_)
                  0000f82c    00000048     gy931.o (.text._ZN7drivers10Gy931_InitEPNS_12Gy931ContextEPKNS_11Gy931ConfigE)
                  0000f874    00000048     debug_uart.o (.text._ZN8services18DebugUart_ReadByteEPh)
                  0000f8bc    00000044     driverlib.a : dl_spi.o (.text.DL_SPI_init)
                  0000f900    00000044     board_imu.o (.text._ZN5board13Board_ImuInitEv)
                  0000f944    00000044     ina219.o (.text._ZN7drivers19Ina219_GetBusStatusEPNS_13Ina219ContextEPNS_15Ina219BusStatusE)
                  0000f988    00000044     fm24cl64b.o (.text._ZN7drivers22Fm24cl64b_GetBusStatusEPNS_16Fm24cl64bContextEPNS_18Fm24cl64bBusStatusE)
                  0000f9cc    00000040     ti_msp_dl_config.o (.text.SYSCFG_DL_init)
                  0000fa0c    00000040     app_shell.o (.text._ZN3app12_GLOBAL__N_114PrintFramUsageEv)
                  0000fa4c    00000040     app_shell.o (.text._ZN3app12_GLOBAL__N_114VersionCommandEiPKPKc)
                  0000fa8c    00000040     app_shell.o (.text._ZN3app19motor_driver_client14SetPositionPidEPNS0_6ClientEPKhh)
                  0000facc    00000040     app_shell.o (.text._ZN3app19motor_driver_client18SetPositionControlEPNS0_6ClientEPKhh)
                  0000fb0c    00000040     app_shell.o (.text._ZN3app19motor_driver_client6SetPidEPNS0_6ClientEPKhh)
                  0000fb4c    00000040     lora.o (.text._ZN7drivers17LoraUart_ReadByteEPNS_15LoraUartContextEPh)
                  0000fb8c    00000040     motor_driver_uart.o (.text._ZN7drivers24MotorDriverUart_ReadByteEPNS_22MotorDriverUartContextEPh)
                  0000fbcc    00000040     libclang_rt.builtins.a : aeabi_uidivmod.S.obj (.text)
                  0000fc0c    0000003e     button.o (.text._ZN7drivers11Button_InitEPNS_13ButtonContextEPKNS_12ButtonConfigE)
                  0000fc4a    0000003e     libclang_rt.builtins.a : divmoddi4.c.obj (.text.__divmoddi4)
                  0000fc88    0000003c     driverlib.a : dl_i2c.o (.text.DL_I2C_flushControllerTXFIFO)
                  0000fcc4    0000003c     app_shell.o (.text._ZN3app12_GLOBAL__N_19WriteHex8Eh)
                  0000fd00    0000003c     board_button.o (.text._ZN5board17Board_ButtonsInitEv)
                  0000fd3c    0000003c     board_led.o (.text._ZN5board19Board_StatusLedInitEv)
                  0000fd78    0000003c     gy931.o (.text._ZN7drivers11Gy931_ProbeEPNS_12Gy931ContextE)
                  0000fdb4    0000003c     gy931.o (.text._ZN7drivers13Gy931_IsReadyEPKNS_12Gy931ContextE)
                  0000fdf0    0000003c     ina219.o (.text._ZN7drivers23Ina219_ConfigureDefaultEPNS_13Ina219ContextE)
                  0000fe2c    0000003c     libc.a : autoinit.c.obj (.text:__TI_auto_init_nobinit_nopinit)
                  0000fe68    0000003a     soft_i2c.o (.text._ZN7drivers15SoftI2c_IsReadyEPKNS_14SoftI2cContextE)
                  0000fea2    0000003a     oled_ssd1306.o (.text._ZN7drivers17OledSsd1306_ClearEPNS_18OledSsd1306ContextE)
                  0000fedc    0000003a     libclang_rt.builtins.a : muldsi3.S.obj (.text)
                  0000ff16    00000002     --HOLE-- [fill = 0]
                  0000ff18    00000038     board_gy931.o (.text._ZN5board23Board_Gy931ProbeAddressEh)
                  0000ff50    00000038     led.o (.text._ZN7drivers10Led_ToggleEPNS_10LedContextE)
                  0000ff88    00000038     buzzer.o (.text._ZN7drivers11Buzzer_InitEPNS_13BuzzerContextEPKNS_12BuzzerConfigE)
                  0000ffc0    00000038     button.o (.text._ZN7drivers14Button_ReadRawEPNS_13ButtonContextEPb)
                  0000fff8    00000038     oled_ssd1306.o (.text._ZN7drivers16OledSsd1306_FillEPNS_18OledSsd1306ContextEh)
                  00010030    00000038     ina219.o (.text._ZN7drivers19Ina219_ProbeAddressEPNS_13Ina219ContextEhPt)
                  00010068    00000038     led.o (.text._ZN7drivers8Led_InitEPNS_10LedContextEPKNS_9LedConfigE)
                  000100a0    00000038     time.o (.text._ZN8services9Time_InitEv)
                  000100d8    00000036     oled_ssd1306.o (.text._ZN7drivers19OledSsd1306_IsReadyEPKNS_18OledSsd1306ContextE)
                  0001010e    00000002     --HOLE-- [fill = 0]
                  00010110    00000034     app_shell.o (.text._ZN3app12_GLOBAL__N_113Gy931OledTaskEv)
                  00010144    00000034     app_shell.o (.text._ZN3app12_GLOBAL__N_114Ina219OledTaskEv)
                  00010178    00000034     app_main.o (.text._ZN3app8App_InitEv)
                  000101ac    00000034     board_button.o (.text._ZN5board19Board_ButtonsUpdateEj)
                  000101e0    00000030     driverlib.a : dl_i2c.o (.text.DL_I2C_flushControllerRXFIFO)
                  00010210    00000030                 : dl_uart.o (.text.DL_UART_transmitDataBlocking)
                  00010240    00000030     ti_msp_dl_config.o (.text.SYSCFG_DL_SYSCTL_init)
                  00010270    00000030     app_shell.o (.text._ZN3app12_GLOBAL__N_115WriteStatusLineEPKcN7drivers12DriverStatusE)
                  000102a0    00000030     app_shell.o (.text._ZN3app12_GLOBAL__N_121PrintMotorConfigBlockERKNS_19motor_driver_client12CountsPerRevE)
                  000102d0    00000030     buzzer.o (.text._ZN7drivers10Buzzer_OffEPNS_13BuzzerContextE)
                  00010300    00000030     i2c_diag.o (.text._ZN7drivers12_GLOBAL__N_118CheckTransferErrorEP8I2C_Regs)
                  00010330    00000030     led.o (.text._ZN7drivers7Led_SetEPNS_10LedContextEb)
                  00010360    00000030     buzzer.o (.text._ZN7drivers9Buzzer_OnEPNS_13BuzzerContextE)
                  00010390    0000002e     ina219.o (.text._ZN7drivers19Ina219_ReadRegisterEPNS_13Ina219ContextEhPt)
                  000103be    00000002     --HOLE-- [fill = 0]
                  000103c0    0000002c     app_shell.o (.text._ZN3app12_GLOBAL__N_113PrintLedUsageEv)
                  000103ec    0000002c     board.o (.text._ZN5board10Board_InitEv)
                  00010418    0000002c     board_oled.o (.text._ZN5board15Board_OledProbeEv)
                  00010444    0000002c     board_gy931.o (.text._ZN5board21Board_Gy931RecoverBusEv)
                  00010470    0000002c     ina219.o (.text._ZN7drivers20Ina219_WriteRegisterEPNS_13Ina219ContextEht)
                  0001049c    0000002c     lora.o (.text._ZN7drivers28LoraUart_GetControllerStatusEPKNS_15LoraUartContextEPj)
                  000104c8    0000002c     motor_driver_uart.o (.text._ZN7drivers35MotorDriverUart_GetControllerStatusEPKNS_22MotorDriverUartContextEPj)
                  000104f4    0000002c     scheduler.o (.text._ZN8services20Scheduler_EnableTaskEhb)
                  00010520    0000002a     ina219.o (.text._ZN7drivers12Ina219_ResetEPNS_13Ina219ContextE)
                  0001054a    0000002a     lora.o (.text._ZN7drivers23LoraUart_GetRxAvailableEPKNS_15LoraUartContextE)
                  00010574    0000002a     motor_driver_uart.o (.text._ZN7drivers30MotorDriverUart_GetRxAvailableEPKNS_22MotorDriverUartContextE)
                  0001059e    00000002     --HOLE-- [fill = 0]
                  000105a0    00000028     app_shell.o (.text._ZN3app12_GLOBAL__N_112ResetCommandEiPKPKc)
                  000105c8    00000028     board_lora.o (.text._ZN5board14Board_LoraInitEv)
                  000105f0    00000028     board_motor_driver.o (.text._ZN5board21Board_MotorDriverInitEv)
                  00010618    00000028     libc.a : boot_cortex_m.c.obj (.text:_c_int00_noargs)
                  00010640    00000026     driverlib.a : dl_i2c.o (.text.DL_I2C_setClockConfig)
                  00010666    00000002     --HOLE-- [fill = 0]
                  00010668    00000024     app_shell.o (.text._ZN3app12_GLOBAL__N_110WriteInt32Ei)
                  0001068c    00000024     time.o (.text._ZN8services12Time_DelayMsEj)
                  000106b0    00000024     libclang_rt.builtins.a : muldi3.S.obj (.text)
                  000106d4    00000022     button.o (.text._ZN7drivers17Button_WasPressedEPNS_13ButtonContextE)
                  000106f6    00000022     button.o (.text._ZN7drivers18Button_WasReleasedEPNS_13ButtonContextE)
                  00010718    00000020     app_shell.o (.text._ZN3app12_GLOBAL__N_126PrintMotorPositionPidBlockERKNS_19motor_driver_client11PositionPidE)
                  00010738    00000020     board_led.o (.text._ZN5board13Board_LedIsOnENS_10BoardLedIdE)
                  00010758    00000020     board_oled.o (.text._ZN5board14Board_OledInitEv)
                  00010778    00000020     board_led.o (.text._ZN5board16Board_LedIsReadyENS_10BoardLedIdE)
                  00010798    0000001e     ina219.o (.text._ZN7drivers17Ina219_GetAddressEPKNS_13Ina219ContextE)
                  000107b6    0000001e     ina219.o (.text._ZN7drivers21Ina219_GetCalibrationEPKNS_13Ina219ContextE)
                  000107d4    0000001e     libclang_rt.builtins.a : ashldi3.S.obj (.text)
                  000107f2    00000002     --HOLE-- [fill = 0]
                  000107f4    0000001c     driverlib.a : dl_spi.o (.text.DL_SPI_receiveDataCheck8)
                  00010810    0000001c                 : dl_spi.o (.text.DL_SPI_transmitDataCheck8)
                  0001082c    0000001c     app_main.o (.text._ZN3app7App_RunEv)
                  00010848    0000001c     board_led.o (.text._ZN5board11Board_LedOnENS_10BoardLedIdE)
                  00010864    0000001c     board_led.o (.text._ZN5board12Board_LedOffENS_10BoardLedIdE)
                  00010880    0000001c     board_led.o (.text._ZN5board15Board_LedToggleENS_10BoardLedIdE)
                  0001089c    0000001c     board_button.o (.text._ZN5board19Board_ButtonReadRawENS_13BoardButtonIdEPb)
                  000108b8    0000001c     board_button.o (.text._ZN5board21Board_ButtonIsPressedENS_13BoardButtonIdE)
                  000108d4    0000001c     board_button.o (.text._ZN5board22Board_ButtonWasPressedENS_13BoardButtonIdE)
                  000108f0    0000001c     board_button.o (.text._ZN5board23Board_ButtonWasReleasedENS_13BoardButtonIdE)
                  0001090c    0000001c     ina219.o (.text._ZN7drivers14Ina219_IsReadyEPKNS_13Ina219ContextE)
                  00010928    0000001c     fm24cl64b.o (.text._ZN7drivers17Fm24cl64b_IsReadyEPKNS_16Fm24cl64bContextE)
                  00010944    0000001c     debug_uart.o (.text._ZN8services19DebugUart_WriteCharEc)
                  00010960    0000001a     button.o (.text._ZN7drivers16Button_IsPressedEPKNS_13ButtonContextE)
                  0001097a    0000001a     led.o (.text._ZN7drivers8Led_IsOnEPKNS_10LedContextE)
                  00010994    0000001a     libclang_rt.builtins.a : aeabi_memset.S.obj (.text)
                  000109ae    00000002     --HOLE-- [fill = 0]
                  000109b0    00000018     board_i2c_bus.o (.text._ZN5board15Board_I2cBusGetEj)
                  000109c8    00000018     board_button.o (.text._ZN5board19Board_ButtonGetNameENS_13BoardButtonIdE)
                  000109e0    00000018     lora.o (.text._ZN7drivers20LoraUart_GetBaudrateEPKNS_15LoraUartContextE)
                  000109f8    00000018     motor_driver_uart.o (.text._ZN7drivers27MotorDriverUart_GetBaudrateEPKNS_22MotorDriverUartContextE)
                  00010a10    00000018     time.o (.text._ZN8services15Time_HasElapsedEjj)
                  00010a28    00000016     app_main.o (.text._ZN12_GLOBAL__N_118App_ButtonScanTaskEv)
                  00010a3e    00000016     led.o (.text._ZN7drivers11Led_IsReadyEPKNS_10LedContextE)
                  00010a54    00000016     buzzer.o (.text._ZN7drivers14Buzzer_IsReadyEPKNS_13BuzzerContextE)
                  00010a6a    00000016     lora.o (.text._ZN7drivers16LoraUart_IsReadyEPKNS_15LoraUartContextE)
                  00010a80    00000016     motor_driver_uart.o (.text._ZN7drivers23MotorDriverUart_IsReadyEPKNS_22MotorDriverUartContextE)
                  00010a96    00000016     libc.a : copy_zero_init.c.obj (.text:decompress:ZI:__TI_zero_init_nomemset)
                  00010aac    00000014     board_fram.o (.text._ZN5board14Board_FramInitEv)
                  00010ac0    00000014     board_fram.o (.text._ZN5board14Board_FramReadEtPht)
                  00010ad4    00000014     board_lora.o (.text._ZN5board15Board_LoraWriteEPKht)
                  00010ae8    00000014     board_buzzer.o (.text._ZN5board16Board_BuzzerInitEv)
                  00010afc    00000014     board_fram.o (.text._ZN5board18Board_FramReadByteEtPh)
                  00010b10    00000014     board_fram.o (.text._ZN5board18Board_FramSelfTestEv)
                  00010b24    00000014     board_fram.o (.text._ZN5board19Board_FramWriteByteEth)
                  00010b38    00000014     board_oled.o (.text._ZN5board19Board_OledWriteTextEhhPKc)
                  00010b4c    00000014     board_motor_driver.o (.text._ZN5board22Board_MotorDriverWriteEPKht)
                  00010b60    00000014     board_ina219.o (.text._ZN5board24Board_Ina219ProbeAddressEhPt)
                  00010b74    00000014     board_ina219.o (.text._ZN5board24Board_Ina219ReadRegisterEhPt)
                  00010b88    00000014     board_ina219.o (.text._ZN5board25Board_Ina219WriteRegisterEht)
                  00010b9c    00000014     fm24cl64b.o (.text._ZN7drivers19Fm24cl64b_WriteByteEPNS_16Fm24cl64bContextEth)
                  00010bb0    00000014     shell.o (.text._ZN8services15Shell_WriteLineEPKc)
                  00010bc4    00000014     libclang_rt.builtins.a : aeabi_ldivmod.S.obj (.text)
                  00010bd8    00000012     driverlib.a : dl_spi.o (.text.DL_SPI_setClockConfig)
                  00010bea    00000012                 : dl_uart.o (.text.DL_UART_setClockConfig)
                  00010bfc    00000012     libc.a : copy_decompress_none.c.obj (.text:decompress:none)
                  00010c0e    00000002     --HOLE-- [fill = 0]
                  00010c10    00000010     time.o (.text.SysTick_Handler)
                  00010c20    00000010     board_lora.o (.text.UART0_IRQHandler)
                  00010c30    00000010     board_motor_driver.o (.text.UART1_IRQHandler)
                  00010c40    00000010     app_shell.o (.text._ZN3app12_GLOBAL__N_110AdcCommandEiPKPKc)
                  00010c50    00000010     board_buzzer.o (.text._ZN5board14Board_BuzzerOnEv)
                  00010c60    00000010     board_oled.o (.text._ZN5board14Board_OledFillEh)
                  00010c70    00000010     board_buzzer.o (.text._ZN5board15Board_BuzzerOffEv)
                  00010c80    00000010     board_oled.o (.text._ZN5board15Board_OledClearEv)
                  00010c90    00000010     board_fram.o (.text._ZN5board17Board_FramIsReadyEv)
                  00010ca0    00000010     board_ina219.o (.text._ZN5board17Board_Ina219ResetEv)
                  00010cb0    00000010     board_lora.o (.text._ZN5board17Board_LoraIsReadyEv)
                  00010cc0    00000010     board_oled.o (.text._ZN5board17Board_OledIsReadyEv)
                  00010cd0    00000010     board_gy931.o (.text._ZN5board18Board_Gy931IsReadyEv)
                  00010ce0    00000010     board_lora.o (.text._ZN5board18Board_LoraReadByteEPh)
                  00010cf0    00000010     board_buzzer.o (.text._ZN5board19Board_BuzzerIsReadyEv)
                  00010d00    00000010     board_ina219.o (.text._ZN5board19Board_Ina219IsReadyEv)
                  00010d10    00000010     board_lora.o (.text._ZN5board19Board_LoraWriteByteEh)
                  00010d20    00000010     board_oled.o (.text._ZN5board19Board_OledSetInvertEb)
                  00010d30    00000010     board_fram.o (.text._ZN5board20Board_FramRecoverBusEv)
                  00010d40    00000010     board_lora.o (.text._ZN5board21Board_LoraGetBaudrateEv)
                  00010d50    00000010     board_oled.o (.text._ZN5board21Board_OledTestPatternEv)
                  00010d60    00000010     board_ina219.o (.text._ZN5board22Board_Ina219GetAddressEv)
                  00010d70    00000010     board_ina219.o (.text._ZN5board22Board_Ina219RecoverBusEv)
                  00010d80    00000010     board_ina219.o (.text._ZN5board22Board_Ina219SetAddressEh)
                  00010d90    00000010     board_oled.o (.text._ZN5board22Board_OledSetDisplayOnEb)
                  00010da0    00000010     board_ina219.o (.text._ZN5board23Board_Ina219CalibrationEv)
                  00010db0    00000010     board_lora.o (.text._ZN5board23Board_LoraClearRxBufferEv)
                  00010dc0    00000010     board_lora.o (.text._ZN5board24Board_LoraGetRxAvailableEv)
                  00010dd0    00000010     board_motor_driver.o (.text._ZN5board24Board_MotorDriverIsReadyEv)
                  00010de0    00000010     board_motor_driver.o (.text._ZN5board25Board_MotorDriverReadByteEPh)
                  00010df0    00000010     board_motor_driver.o (.text._ZN5board26Board_MotorDriverWriteByteEh)
                  00010e00    00000010     board_ina219.o (.text._ZN5board27Board_Ina219ReadMeasurementEPN7drivers17Ina219MeasurementE)
                  00010e10    00000010     board_lora.o (.text._ZN5board27Board_LoraGetRxDroppedCountEv)
                  00010e20    00000010     board_ina219.o (.text._ZN5board28Board_Ina219ConfigureDefaultEv)
                  00010e30    00000010     board_ina219.o (.text._ZN5board28Board_Ina219ReadRawRegistersEPN7drivers18Ina219RawRegistersE)
                  00010e40    00000010     board_motor_driver.o (.text._ZN5board28Board_MotorDriverGetBaudrateEv)
                  00010e50    00000010     board_lora.o (.text._ZN5board29Board_LoraGetControllerStatusEPj)
                  00010e60    00000010     board_motor_driver.o (.text._ZN5board30Board_MotorDriverClearRxBufferEv)
                  00010e70    00000010     board_motor_driver.o (.text._ZN5board31Board_MotorDriverGetRxAvailableEv)
                  00010e80    00000010     board_motor_driver.o (.text._ZN5board34Board_MotorDriverGetRxDroppedCountEv)
                  00010e90    00000010     board_motor_driver.o (.text._ZN5board36Board_MotorDriverGetControllerStatusEPj)
                  00010ea0    00000010     fault.o (.text._ZN8services9Fault_SetENS_9FaultCodeE)
                  00010eb0    0000000c     board_oled.o (.text._ZN5board15Board_OledWidthEv)
                  00010ebc    0000000c     board_imu.o (.text._ZN5board16Board_ImuIsReadyEv)
                  00010ec8    0000000c     board_oled.o (.text._ZN5board16Board_OledHeightEv)
                  00010ed4    0000000c     board_oled.o (.text._ZN5board17Board_OledAddressEv)
                  00010ee0    0000000c     board_gy931.o (.text._ZN5board18Board_Gy931AddressEv)
                  00010eec    0000000c     lora.o (.text._ZN7drivers26LoraUart_GetRxDroppedCountEPKNS_15LoraUartContextE)
                  00010ef8    0000000c     motor_driver_uart.o (.text._ZN7drivers33MotorDriverUart_GetRxDroppedCountEPKNS_22MotorDriverUartContextE)
                  00010f04    0000000c     fault.o (.text._ZN8services10Fault_InitEv)
                  00010f10    0000000c     time.o (.text._ZN8services11Time_MillisEv)
                  00010f1c    0000000c     debug_uart.o (.text._ZN8services17DebugUart_IsReadyEv)
                  00010f28    0000000c     fault.o (.text._ZN8services9Fault_GetEv)
                  00010f34    0000000a     driverlib.a : dl_common.o (.text.DL_Common_delayCycles)
                  00010f3e    0000000a     fm24cl64b.o (.text._ZN7drivers18Fm24cl64b_ReadByteEPNS_16Fm24cl64bContextEtPh)
                  00010f48    00000008     shell.o (.text._ZN8services15Shell_WriteCharEc)
                  00010f50    00000008     shell.o (.text._ZN8services17Shell_WriteStringEPKc)
                  00010f58    00000008     shell.o (.text._ZN8services17Shell_WriteUInt32Ej)
                  00010f60    00000008     libclang_rt.builtins.a : aeabi_memcpy.S.obj (.text)
                  00010f68    00000006     board_fram.o (.text._ZN5board23Board_FramCapacityBytesEv)
                  00010f6e    00000006     libc.a : exit.c.obj (.text:abort)
                  00010f74    00000004     libsysbm.a : hostexit.c.obj (.text.HOSTexit)
                  00010f78    00000004     startup_mspm0g351x_ticlang.o (.text.Reset_Handler)
                  00010f7c    00000010     libc.a : boot_cortex_m.c.obj (.tramp._c_int00_noargs.1)
                  00010f8c    00000004     board_led.o (.text._ZN5board14Board_LedCountEv)
                  00010f90    00000004     board_i2c_bus.o (.text._ZN5board17Board_I2cBusCountEv)
                  00010f94    00000004     libc.a : pre_init.c.obj (.text._system_pre_init)

.cinit     0    00012ed0    00000050     
                  00012ed0    00000025     (.cinit..data.load) [load image, compression = lzss]
                  00012ef5    00000003     --HOLE-- [fill = 0]
                  00012ef8    0000000c     (__TI_handler_table)
                  00012f04    00000008     (.cinit..bss.load) [load image, compression = zero_init]
                  00012f0c    00000010     (__TI_cinit_table)
                  00012f1c    00000004     --HOLE-- [fill = 0]

.rodata    0    00010fa0    00001f30     
                  00010fa0    000001e0     oled_ssd1306.o (.rodata._ZN7drivers12_GLOBAL__N_18kFont5x7E)
                  00011180    00000100     app_shell.o (.rodata..L.crctable)
                  00011280    000000b0     board_i2c_bus.o (.rodata._ZN5board12_GLOBAL__N_110g_i2cBusesE)
                  00011330    00000045     app_shell.o (.rodata.str1.2354522874658768371.1)
                  00011375    00000044     app_shell.o (.rodata.str1.9749413079945087756.1)
                  000113b9    00000043     app_shell.o (.rodata.str1.10898729738530409555.1)
                  000113fc    00000040     app_shell.o (.rodata.str1.10112150257581002706.1)
                  0001143c    0000003b     app_shell.o (.rodata.str1.14683574465395229248.1)
                  00011477    0000003a     app_shell.o (.rodata.str1.14384267027075031912.1)
                  000114b1    00000039     app_shell.o (.rodata.str1.13305312957799781956.1)
                  000114ea    00000039     app_shell.o (.rodata.str1.9018689912544847403.1)
                  00011523    00000001     app_shell.o (.rodata._ZZN3app19motor_driver_client13ResetEncodersEPNS0_6ClientEE18kResetBothEncoders)
                  00011524    00000038     board_ina219.o (.rodata._ZN5boardL14g_ina219ConfigE)
                  0001155c    00000037     app_shell.o (.rodata.str1.9017255012489828088.1)
                  00011593    00000035     app_shell.o (.rodata.str1.9315764513386952153.1)
                  000115c8    00000034     app_shell.o (.rodata.str1.228054200419340106.1)
                  000115fc    00000033     app_shell.o (.rodata.str1.871335262082007188.1)
                  0001162f    00000001     app_shell.o (.rodata.str1.2174065761012631512.1)
                  00011630    00000030     board_button.o (.rodata._ZN5board12_GLOBAL__N_115g_buttonConfigsE)
                  00011660    00000030     app_shell.o (.rodata.str1.444886150797460539.1)
                  00011690    00000030     app_shell.o (.rodata.str1.9210286441137644766.1)
                  000116c0    0000002e     app_shell.o (.rodata.str1.1222417806814152126.1)
                  000116ee    0000002e     app_shell.o (.rodata.str1.16608939394091912599.1)
                  0001171c    0000002c     board_fram.o (.rodata._ZN5boardL12g_framConfigE)
                  00011748    0000002c     app_shell.o (.rodata.str1.11695941591751426527.1)
                  00011774    0000002b     app_shell.o (.rodata.str1.13516618514429956117.1)
                  0001179f    0000002a     app_shell.o (.rodata.str1.16030027069547225168.1)
                  000117c9    0000002a     app_shell.o (.rodata.str1.7598868572271513517.1)
                  000117f3    00000026     shell.o (.rodata.str1.6901712316327456926.1)
                  00011819    00000003     shell.o (.rodata.str1.10427229796524742636.1)
                  0001181c    00000024     board_led.o (.rodata._ZN5board12_GLOBAL__N_112g_ledConfigsE)
                  00011840    00000023     app_shell.o (.rodata.str1.11903828385650032657.1)
                  00011863    00000001     --HOLE-- [fill = 0]
                  00011864    00000020     board_gy931.o (.rodata._ZN5board12_GLOBAL__N_116g_gy931I2cConfigE)
                  00011884    00000020     app_shell.o (.rodata.str1.14008062965805295334.1)
                  000118a4    00000020     app_shell.o (.rodata.str1.2029421846019890511.1)
                  000118c4    00000020     app_shell.o (.rodata.str1.8103717083034249282.1)
                  000118e4    0000001f     app_shell.o (.rodata.str1.15631921964184120084.1)
                  00011903    0000001f     app_shell.o (.rodata.str1.18076126304851181080.1)
                  00011922    0000001f     app_shell.o (.rodata.str1.5909738732761903070.1)
                  00011941    0000001f     app_shell.o (.rodata.str1.5998459121093071997.1)
                  00011960    0000001e     app_shell.o (.rodata.str1.15434941628325917383.1)
                  0001197e    0000001e     app_shell.o (.rodata.str1.16762259460103771346.1)
                  0001199c    0000001d     app_shell.o (.rodata.str1.1218180957705702538.1)
                  000119b9    0000001d     app_shell.o (.rodata.str1.14205965562906606532.1)
                  000119d6    0000001d     app_shell.o (.rodata.str1.15271578700424090375.1)
                  000119f3    0000001d     app_shell.o (.rodata.str1.16002955380413704612.1)
                  00011a10    0000001d     app_shell.o (.rodata.str1.17560467775276443071.1)
                  00011a2d    0000001d     app_shell.o (.rodata.str1.3261447141251759136.1)
                  00011a4a    0000001d     app_shell.o (.rodata.str1.9510743962955489881.1)
                  00011a67    00000001     --HOLE-- [fill = 0]
                  00011a68    0000001c     app_shell.o (.rodata..Lswitch.table._ZN3app12_GLOBAL__N_115WriteStatusLineEPKcN7drivers12DriverStatusE)
                  00011a84    0000001c     app_shell.o (.rodata.str1.10465369967917398799.1)
                  00011aa0    0000001c     app_shell.o (.rodata.str1.15890787717468802715.1)
                  00011abc    0000001c     app_shell.o (.rodata.str1.18352946289163076249.1)
                  00011ad8    0000001b     app_shell.o (.rodata.str1.10453793674332237457.1)
                  00011af3    0000001b     app_shell.o (.rodata.str1.11085599432999950484.1)
                  00011b0e    0000001b     app_shell.o (.rodata.str1.16368304853068341593.1)
                  00011b29    0000001b     app_shell.o (.rodata.str1.4830991237564729075.1)
                  00011b44    0000001b     app_shell.o (.rodata.str1.6732668152964995079.1)
                  00011b5f    0000001a     app_shell.o (.rodata.str1.11537518471689317164.1)
                  00011b79    0000001a     app_shell.o (.rodata.str1.7612592787831263617.1)
                  00011b93    0000001a     app_shell.o (.rodata.str1.8573948346423057931.1)
                  00011bad    0000001a     app_shell.o (.rodata.str1.9771379453730038237.1)
                  00011bc7    00000019     app_shell.o (.rodata.str1.18321780392631004131.1)
                  00011be0    00000019     app_shell.o (.rodata.str1.3407110844134482865.1)
                  00011bf9    00000019     app_shell.o (.rodata.str1.4218503564476151687.1)
                  00011c12    00000019     app_shell.o (.rodata.str1.5164433326538179767.1)
                  00011c2b    00000001     --HOLE-- [fill = 0]
                  00011c2c    00000018     oled_ssd1306.o (.rodata..L__const._ZN7drivers16OledSsd1306_InitEPNS_18OledSsd1306ContextEPKNS_17OledSsd1306ConfigE.init_commands)
                  00011c44    00000018     app_shell.o (.rodata..Lswitch.table._ZN3app12_GLOBAL__N_110LedCommandEiPKPKc)
                  00011c5c    00000018     app_shell.o (.rodata..Lswitch.table._ZN3app12_GLOBAL__N_114PrintI2cStatusEPKN7drivers16I2cDiagBusConfigE)
                  00011c74    00000018     board_lora.o (.rodata._ZN5boardL12g_loraConfigE)
                  00011c8c    00000018     board_motor_driver.o (.rodata._ZN5boardL19g_motorDriverConfigE)
                  00011ca4    00000018     app_shell.o (.rodata.str1.12395812238841081648.1)
                  00011cbc    00000018     app_shell.o (.rodata.str1.14233940187144292863.1)
                  00011cd4    00000018     app_shell.o (.rodata.str1.5191515299446853227.1)
                  00011cec    00000017     app_shell.o (.rodata.str1.2888160770863374914.1)
                  00011d03    00000017     app_shell.o (.rodata.str1.4718301332189448330.1)
                  00011d1a    00000017     shell.o (.rodata.str1.5680428239841774557.1)
                  00011d31    00000017     app_shell.o (.rodata.str1.6985088606437959035.1)
                  00011d48    00000016     app_shell.o (.rodata.str1.1047053269920726699.1)
                  00011d5e    00000016     app_shell.o (.rodata.str1.13204140776596746875.1)
                  00011d74    00000016     app_shell.o (.rodata.str1.3801014448936389230.1)
                  00011d8a    00000016     app_shell.o (.rodata.str1.7850322238517394535.1)
                  00011da0    00000016     app_shell.o (.rodata.str1.9330511253547015856.1)
                  00011db6    00000015     app_shell.o (.rodata.str1.1117190944701632139.1)
                  00011dcb    00000015     app_shell.o (.rodata.str1.14280360640269665673.1)
                  00011de0    00000015     app_shell.o (.rodata.str1.14648361161363975803.1)
                  00011df5    00000015     app_shell.o (.rodata.str1.15409376994933409736.1)
                  00011e0a    00000015     app_shell.o (.rodata.str1.16403652897496990845.1)
                  00011e1f    00000015     app_shell.o (.rodata.str1.16434931421802318348.1)
                  00011e34    00000015     app_shell.o (.rodata.str1.17082220688523197928.1)
                  00011e49    00000015     app_shell.o (.rodata.str1.1982875910071538061.1)
                  00011e5e    00000015     app_shell.o (.rodata.str1.6032807723822315695.1)
                  00011e73    00000015     app_shell.o (.rodata.str1.9307362830757344490.1)
                  00011e88    00000015     app_shell.o (.rodata.str1.9555053908608242801.1)
                  00011e9d    00000014     app_shell.o (.rodata.str1.13513309088777963189.1)
                  00011eb1    00000014     app_shell.o (.rodata.str1.1370999210712480726.1)
                  00011ec5    00000014     app_shell.o (.rodata.str1.16227620492999702623.1)
                  00011ed9    00000014     app_shell.o (.rodata.str1.2575300681215869353.1)
                  00011eed    00000014     app_shell.o (.rodata.str1.603491450591505373.1)
                  00011f01    00000013     app_shell.o (.rodata.str1.141740382680400416.1)
                  00011f14    00000013     app_shell.o (.rodata.str1.14613035533147221857.1)
                  00011f27    00000013     app_shell.o (.rodata.str1.15536306115837748184.1)
                  00011f3a    00000013     app_shell.o (.rodata.str1.17828083914467509567.1)
                  00011f4d    00000013     app_shell.o (.rodata.str1.8602760754867183125.1)
                  00011f60    00000013     app_shell.o (.rodata.str1.9620275128409837831.1)
                  00011f73    00000012     app_shell.o (.rodata.str1.10594942368384070832.1)
                  00011f85    00000012     app_shell.o (.rodata.str1.12080946370607717659.1)
                  00011f97    00000012     app_shell.o (.rodata.str1.1349469432826125676.1)
                  00011fa9    00000012     app_shell.o (.rodata.str1.13905551555577476806.1)
                  00011fbb    00000012     app_shell.o (.rodata.str1.15304479756170702175.1)
                  00011fcd    00000012     app_shell.o (.rodata.str1.15645525071624774828.1)
                  00011fdf    00000012     app_shell.o (.rodata.str1.2128407216864987192.1)
                  00011ff1    00000012     app_shell.o (.rodata.str1.2703608743373828131.1)
                  00012003    00000012     app_shell.o (.rodata.str1.3134304214227531536.1)
                  00012015    00000012     app_shell.o (.rodata.str1.3185920080334599345.1)
                  00012027    00000012     app_shell.o (.rodata.str1.4906473829960206720.1)
                  00012039    00000012     shell.o (.rodata.str1.8246939600463437344.1)
                  0001204b    00000012     app_shell.o (.rodata.str1.8635314900416989314.1)
                  0001205d    00000011     app_shell.o (.rodata.str1.12144774989780088692.1)
                  0001206e    00000011     app_shell.o (.rodata.str1.13643216153024045165.1)
                  0001207f    00000011     app_shell.o (.rodata.str1.13760472749468428784.1)
                  00012090    00000011     app_shell.o (.rodata.str1.15233515076766056445.1)
                  000120a1    00000011     app_shell.o (.rodata.str1.16751110918939779405.1)
                  000120b2    00000011     app_shell.o (.rodata.str1.2831129786622658843.1)
                  000120c3    00000011     app_shell.o (.rodata.str1.347170334538847339.1)
                  000120d4    00000011     app_shell.o (.rodata.str1.5640218363402806195.1)
                  000120e5    00000011     app_shell.o (.rodata.str1.6578158171544725696.1)
                  000120f6    00000011     app_shell.o (.rodata.str1.7962567377737770511.1)
                  00012107    00000011     app_shell.o (.rodata.str1.8509687067808380963.1)
                  00012118    00000011     app_shell.o (.rodata.str1.8567835230344529755.1)
                  00012129    00000010     app_shell.o (.rodata.str1.12588545937538655288.1)
                  00012139    00000010     app_shell.o (.rodata.str1.12824201010631389445.1)
                  00012149    00000010     app_shell.o (.rodata.str1.14623014954758015065.1)
                  00012159    00000010     app_shell.o (.rodata.str1.16249557628706834344.1)
                  00012169    00000010     app_shell.o (.rodata.str1.16738014180672278497.1)
                  00012179    00000010     app_shell.o (.rodata.str1.16920742144462411612.1)
                  00012189    00000010     app_shell.o (.rodata.str1.17269466629117989041.1)
                  00012199    00000010     app_shell.o (.rodata.str1.1818528395550233868.1)
                  000121a9    00000010     app_shell.o (.rodata.str1.18221696243336245540.1)
                  000121b9    00000010     app_shell.o (.rodata.str1.6141924026740255213.1)
                  000121c9    00000010     app_shell.o (.rodata.str1.638712236475948105.1)
                  000121d9    00000010     app_shell.o (.rodata.str1.7078129644076030331.1)
                  000121e9    00000010     app_shell.o (.rodata.str1.7836821320996295404.1)
                  000121f9    00000010     app_shell.o (.rodata.str1.7858154358613116398.1)
                  00012209    00000010     app_shell.o (.rodata.str1.7863986223166603054.1)
                  00012219    00000010     app_shell.o (.rodata.str1.8150600325345066189.1)
                  00012229    00000010     app_shell.o (.rodata.str1.8406640635343907673.1)
                  00012239    0000000f     app_shell.o (.rodata.str1.10491446739592751644.1)
                  00012248    0000000f     app_shell.o (.rodata.str1.11836969374611347342.1)
                  00012257    0000000f     app_shell.o (.rodata.str1.1207053347194752072.1)
                  00012266    0000000f     app_shell.o (.rodata.str1.12139680495649507277.1)
                  00012275    0000000f     app_shell.o (.rodata.str1.12202420964197988914.1)
                  00012284    0000000f     app_shell.o (.rodata.str1.12984249117936450029.1)
                  00012293    0000000f     app_shell.o (.rodata.str1.15520279574724480647.1)
                  000122a2    0000000f     app_shell.o (.rodata.str1.15718131002869739432.1)
                  000122b1    0000000f     app_shell.o (.rodata.str1.16216038010955657616.1)
                  000122c0    0000000f     app_shell.o (.rodata.str1.17942500811997078001.1)
                  000122cf    0000000f     app_shell.o (.rodata.str1.18064870084815154193.1)
                  000122de    0000000f     app_shell.o (.rodata.str1.18269279803075602796.1)
                  000122ed    0000000f     app_shell.o (.rodata.str1.2160470991696560517.1)
                  000122fc    0000000f     app_shell.o (.rodata.str1.289627103221730650.1)
                  0001230b    0000000f     app_shell.o (.rodata.str1.4179493015675024832.1)
                  0001231a    0000000f     app_shell.o (.rodata.str1.4875989240936630559.1)
                  00012329    0000000f     app_shell.o (.rodata.str1.5770566940880199477.1)
                  00012338    0000000f     app_shell.o (.rodata.str1.699895553008956456.1)
                  00012347    0000000f     app_shell.o (.rodata.str1.7523381390121946373.1)
                  00012356    0000000f     app_shell.o (.rodata.str1.8035528561561339514.1)
                  00012365    0000000f     app_shell.o (.rodata.str1.9144633642026494361.1)
                  00012374    0000000f     app_shell.o (.rodata.str1.9244822838137428263.1)
                  00012383    0000000f     app_shell.o (.rodata.str1.9805525145790407866.1)
                  00012392    0000000e     app_shell.o (.rodata.str1.10256891727475852015.1)
                  000123a0    0000000e     app_shell.o (.rodata.str1.11810056576553604146.1)
                  000123ae    0000000e     app_shell.o (.rodata.str1.14399694733058290430.1)
                  000123bc    0000000e     app_shell.o (.rodata.str1.15243759629067864478.1)
                  000123ca    0000000e     app_shell.o (.rodata.str1.15385430944853875839.1)
                  000123d8    0000000e     app_shell.o (.rodata.str1.15885433143163248817.1)
                  000123e6    0000000e     app_shell.o (.rodata.str1.16458884249986146812.1)
                  000123f4    0000000e     app_shell.o (.rodata.str1.17124062935232563653.1)
                  00012402    0000000e     app_shell.o (.rodata.str1.17149590331237407959.1)
                  00012410    0000000e     app_shell.o (.rodata.str1.17946445462908322557.1)
                  0001241e    0000000e     app_shell.o (.rodata.str1.18243883703027276797.1)
                  0001242c    0000000e     app_shell.o (.rodata.str1.2672312858105111990.1)
                  0001243a    0000000e     app_shell.o (.rodata.str1.2961690588144940041.1)
                  00012448    0000000e     app_shell.o (.rodata.str1.4190646769514731288.1)
                  00012456    0000000e     app_shell.o (.rodata.str1.560197181004569561.1)
                  00012464    0000000e     app_shell.o (.rodata.str1.5915467744016243284.1)
                  00012472    0000000e     app_shell.o (.rodata.str1.6064720514220957747.1)
                  00012480    0000000e     app_shell.o (.rodata.str1.6213986015100719150.1)
                  0001248e    0000000e     app_shell.o (.rodata.str1.626618899871332695.1)
                  0001249c    0000000e     app_shell.o (.rodata.str1.6333935326310285001.1)
                  000124aa    0000000e     app_shell.o (.rodata.str1.6394054571282083081.1)
                  000124b8    0000000e     app_shell.o (.rodata.str1.7940456731757887554.1)
                  000124c6    0000000e     app_shell.o (.rodata.str1.7950140236767125311.1)
                  000124d4    0000000e     app_shell.o (.rodata.str1.7988978544830785654.1)
                  000124e2    0000000e     app_shell.o (.rodata.str1.867258927394270769.1)
                  000124f0    0000000e     app_shell.o (.rodata.str1.8767742179201719121.1)
                  000124fe    0000000e     app_shell.o (.rodata.str1.8807521281183353111.1)
                  0001250c    0000000d     app_shell.o (.rodata.str1.10045272382687720110.1)
                  00012519    0000000d     app_shell.o (.rodata.str1.11187590877126870748.1)
                  00012526    0000000d     app_shell.o (.rodata.str1.11698549779809542857.1)
                  00012533    0000000d     app_shell.o (.rodata.str1.11747346528919543944.1)
                  00012540    0000000d     app_shell.o (.rodata.str1.11922244342622017285.1)
                  0001254d    0000000d     app_shell.o (.rodata.str1.12185306449572332681.1)
                  0001255a    0000000d     app_shell.o (.rodata.str1.12775857017664274056.1)
                  00012567    0000000d     app_shell.o (.rodata.str1.13030721149427952655.1)
                  00012574    0000000d     app_shell.o (.rodata.str1.13354450145327234839.1)
                  00012581    0000000d     app_shell.o (.rodata.str1.13837654594440465327.1)
                  0001258e    0000000d     app_shell.o (.rodata.str1.14039278806392033347.1)
                  0001259b    0000000d     app_shell.o (.rodata.str1.14152514258843500131.1)
                  000125a8    0000000d     app_shell.o (.rodata.str1.1420893864952581301.1)
                  000125b5    0000000d     app_shell.o (.rodata.str1.14891418699318862133.1)
                  000125c2    0000000d     app_shell.o (.rodata.str1.15176035481894813218.1)
                  000125cf    0000000d     app_shell.o (.rodata.str1.1642163497366634869.1)
                  000125dc    0000000d     app_shell.o (.rodata.str1.16682001306138638370.1)
                  000125e9    0000000d     app_shell.o (.rodata.str1.16821001261222486393.1)
                  000125f6    0000000d     app_shell.o (.rodata.str1.16835946644515092483.1)
                  00012603    0000000d     app_shell.o (.rodata.str1.17353931100524941225.1)
                  00012610    0000000d     app_shell.o (.rodata.str1.18173995716001367913.1)
                  0001261d    0000000d     app_shell.o (.rodata.str1.2767916714829989116.1)
                  0001262a    0000000d     app_shell.o (.rodata.str1.3012107245209823623.1)
                  00012637    0000000d     app_shell.o (.rodata.str1.3266044674648287831.1)
                  00012644    0000000d     app_shell.o (.rodata.str1.3587876751327453651.1)
                  00012651    0000000d     app_shell.o (.rodata.str1.3879560646291831357.1)
                  0001265e    0000000d     app_shell.o (.rodata.str1.4203577644585159315.1)
                  0001266b    0000000d     app_shell.o (.rodata.str1.4334110622959027977.1)
                  00012678    0000000d     app_shell.o (.rodata.str1.4641291215374644332.1)
                  00012685    0000000d     app_shell.o (.rodata.str1.4754765727316804258.1)
                  00012692    0000000d     app_shell.o (.rodata.str1.5123905964118624653.1)
                  0001269f    0000000d     app_shell.o (.rodata.str1.5183699985835163329.1)
                  000126ac    0000000d     app_shell.o (.rodata.str1.5558565371248379366.1)
                  000126b9    0000000d     app_shell.o (.rodata.str1.5763226748955673020.1)
                  000126c6    0000000d     app_shell.o (.rodata.str1.6446933695614087048.1)
                  000126d3    0000000d     app_shell.o (.rodata.str1.6622852920864620103.1)
                  000126e0    0000000d     app_shell.o (.rodata.str1.6963926815691589692.1)
                  000126ed    0000000d     app_shell.o (.rodata.str1.7536280090074249547.1)
                  000126fa    0000000d     app_shell.o (.rodata.str1.7652650349062231201.1)
                  00012707    0000000d     app_shell.o (.rodata.str1.7717429345810212474.1)
                  00012714    0000000d     app_shell.o (.rodata.str1.8934507472916618446.1)
                  00012721    0000000d     app_shell.o (.rodata.str1.9613508491485191367.1)
                  0001272e    0000000d     app_shell.o (.rodata.str1.9914841333937594294.1)
                  0001273b    00000001     --HOLE-- [fill = 0]
                  0001273c    0000000c     board_button.o (.rodata..Lswitch.table._ZN5board19Board_ButtonGetNameENS_13BoardButtonIdE)
                  00012748    0000000c     board_imu.o (.rodata..Lswitch.table._ZN5board19Board_ImuSetSpiModeEh)
                  00012754    0000000c     board_buzzer.o (.rodata._ZN5boardL14g_buzzerConfigE)
                  00012760    0000000c     app_shell.o (.rodata.str1.10063100725489470447.1)
                  0001276c    0000000c     app_shell.o (.rodata.str1.10323271120540767551.1)
                  00012778    0000000c     app_shell.o (.rodata.str1.10756110055158838206.1)
                  00012784    0000000c     app_shell.o (.rodata.str1.11012206428812069270.1)
                  00012790    0000000c     app_shell.o (.rodata.str1.11627259167888876947.1)
                  0001279c    0000000c     app_shell.o (.rodata.str1.12681352959443149009.1)
                  000127a8    0000000c     app_shell.o (.rodata.str1.13923183189790686887.1)
                  000127b4    0000000c     app_shell.o (.rodata.str1.14082473703337987432.1)
                  000127c0    0000000c     app_shell.o (.rodata.str1.14223157730264656398.1)
                  000127cc    0000000c     app_shell.o (.rodata.str1.1451090849677487530.1)
                  000127d8    0000000c     app_shell.o (.rodata.str1.14986749233794120341.1)
                  000127e4    0000000c     app_shell.o (.rodata.str1.15474659119954869462.1)
                  000127f0    0000000c     app_shell.o (.rodata.str1.15706013027452160776.1)
                  000127fc    0000000c     app_shell.o (.rodata.str1.15816476343860600217.1)
                  00012808    0000000c     app_shell.o (.rodata.str1.15957297692044786119.1)
                  00012814    0000000c     app_shell.o (.rodata.str1.16192519054485599172.1)
                  00012820    0000000c     app_shell.o (.rodata.str1.16606383977969570013.1)
                  0001282c    0000000c     app_shell.o (.rodata.str1.16800956331689080151.1)
                  00012838    0000000c     app_shell.o (.rodata.str1.16815118733797554419.1)
                  00012844    0000000c     app_shell.o (.rodata.str1.17348661065144809008.1)
                  00012850    0000000c     app_shell.o (.rodata.str1.17796269336985765740.1)
                  0001285c    0000000c     app_shell.o (.rodata.str1.17949724605236455182.1)
                  00012868    0000000c     app_shell.o (.rodata.str1.2686006007855973365.1)
                  00012874    0000000c     app_shell.o (.rodata.str1.3590894685082263268.1)
                  00012880    0000000c     app_shell.o (.rodata.str1.3797254539615626137.1)
                  0001288c    0000000c     app_shell.o (.rodata.str1.4126815238888174570.1)
                  00012898    0000000c     app_shell.o (.rodata.str1.4138401803328556999.1)
                  000128a4    0000000c     app_shell.o (.rodata.str1.4364833213939746011.1)
                  000128b0    0000000c     app_shell.o (.rodata.str1.4542404440653722632.1)
                  000128bc    0000000c     app_shell.o (.rodata.str1.4561355912026728236.1)
                  000128c8    0000000c     app_shell.o (.rodata.str1.6351667589775284342.1)
                  000128d4    0000000c     app_shell.o (.rodata.str1.6756868286634741853.1)
                  000128e0    0000000c     app_shell.o (.rodata.str1.7323251101578629502.1)
                  000128ec    0000000c     app_shell.o (.rodata.str1.7571154574660953324.1)
                  000128f8    0000000c     app_shell.o (.rodata.str1.8270660343300337824.1)
                  00012904    0000000c     app_shell.o (.rodata.str1.860288802755812513.1)
                  00012910    0000000c     app_shell.o (.rodata.str1.8674441817985872181.1)
                  0001291c    0000000c     app_shell.o (.rodata.str1.9039581054213484543.1)
                  00012928    0000000c     app_shell.o (.rodata.str1.9993995378713752655.1)
                  00012934    0000000b     app_shell.o (.rodata.str1.10655198733228341824.1)
                  0001293f    0000000b     app_shell.o (.rodata.str1.11066750309610323631.1)
                  0001294a    0000000b     app_shell.o (.rodata.str1.11417636334450101405.1)
                  00012955    0000000b     app_shell.o (.rodata.str1.12165419393892591306.1)
                  00012960    0000000b     app_shell.o (.rodata.str1.12583477948311004516.1)
                  0001296b    0000000b     app_shell.o (.rodata.str1.13324323091560154661.1)
                  00012976    0000000b     app_shell.o (.rodata.str1.16954485173288524775.1)
                  00012981    0000000b     app_shell.o (.rodata.str1.18027752678067221043.1)
                  0001298c    0000000b     app_shell.o (.rodata.str1.2900415078221183578.1)
                  00012997    0000000b     app_shell.o (.rodata.str1.307130865115015209.1)
                  000129a2    0000000b     app_shell.o (.rodata.str1.4581240687132052572.1)
                  000129ad    0000000b     app_shell.o (.rodata.str1.4765282673395706663.1)
                  000129b8    0000000b     app_shell.o (.rodata.str1.5612542551564952699.1)
                  000129c3    0000000b     app_shell.o (.rodata.str1.6357824671205653470.1)
                  000129ce    0000000b     app_shell.o (.rodata.str1.671945175647755142.1)
                  000129d9    0000000b     app_shell.o (.rodata.str1.6725838405751831500.1)
                  000129e4    0000000b     app_shell.o (.rodata.str1.8793534488315853255.1)
                  000129ef    0000000b     app_shell.o (.rodata.str1.9055250215258332321.1)
                  000129fa    0000000a     ti_msp_dl_config.o (.rodata.gDEBUG_UARTConfig)
                  00012a04    0000000a     ti_msp_dl_config.o (.rodata.gIMU_SPI_config)
                  00012a0e    0000000a     ti_msp_dl_config.o (.rodata.gLORA_UARTConfig)
                  00012a18    0000000a     ti_msp_dl_config.o (.rodata.gMOTOR_UARTConfig)
                  00012a22    0000000a     app_shell.o (.rodata.str1.10315330772167196409.1)
                  00012a2c    0000000a     app_shell.o (.rodata.str1.12164603244115374595.1)
                  00012a36    0000000a     app_shell.o (.rodata.str1.13046583378940816508.1)
                  00012a40    0000000a     app_shell.o (.rodata.str1.14639049301600042713.1)
                  00012a4a    0000000a     app_shell.o (.rodata.str1.15616611124726231738.1)
                  00012a54    0000000a     app_shell.o (.rodata.str1.16354136421054348586.1)
                  00012a5e    0000000a     shell.o (.rodata.str1.17922515892264497723.1)
                  00012a68    0000000a     app_shell.o (.rodata.str1.2112829382197544942.1)
                  00012a72    0000000a     app_shell.o (.rodata.str1.2208679373137722540.1)
                  00012a7c    0000000a     app_shell.o (.rodata.str1.2885732806516245146.1)
                  00012a86    0000000a     app_shell.o (.rodata.str1.2942266741242204019.1)
                  00012a90    0000000a     app_shell.o (.rodata.str1.4373942943625881212.1)
                  00012a9a    0000000a     app_shell.o (.rodata.str1.9376739677351878210.1)
                  00012aa4    00000009     app_shell.o (.rodata.str1.10091040128680290456.1)
                  00012aad    00000009     app_shell.o (.rodata.str1.14827416709503782844.1)
                  00012ab6    00000009     app_shell.o (.rodata.str1.16423083052983990348.1)
                  00012abf    00000009     app_shell.o (.rodata.str1.18334646164448261171.1)
                  00012ac8    00000009     app_shell.o (.rodata.str1.2994156742980555940.1)
                  00012ad1    00000009     app_shell.o (.rodata.str1.8515655798636656221.1)
                  00012ada    00000009     app_shell.o (.rodata.str1.906066569443847875.1)
                  00012ae3    00000008     app_shell.o (.rodata.str1.10218881960771275491.1)
                  00012aeb    00000008     app_shell.o (.rodata.str1.10855919650491312362.1)
                  00012af3    00000008     board_button.o (.rodata.str1.10963450802004053816.1)
                  00012afb    00000008     app_shell.o (.rodata.str1.11325690732168652611.1)
                  00012b03    00000008     app_shell.o (.rodata.str1.11327417708772392390.1)
                  00012b0b    00000008     app_shell.o (.rodata.str1.11335294061225285764.1)
                  00012b13    00000008     app_shell.o (.rodata.str1.13456686701278321828.1)
                  00012b1b    00000008     app_shell.o (.rodata.str1.13507390935846511250.1)
                  00012b23    00000008     app_shell.o (.rodata.str1.1567959520594633527.1)
                  00012b2b    00000008     app_shell.o (.rodata.str1.16899430920103358112.1)
                  00012b33    00000008     app_shell.o (.rodata.str1.17029008240216598945.1)
                  00012b3b    00000008     app_shell.o (.rodata.str1.1715960982390498022.1)
                  00012b43    00000008     app_shell.o (.rodata.str1.1735606048226007486.1)
                  00012b4b    00000008     board_button.o (.rodata.str1.17681505947258605906.1)
                  00012b53    00000008     app_shell.o (.rodata.str1.18057142085415363861.1)
                  00012b5b    00000008     board_button.o (.rodata.str1.18240515884718476655.1)
                  00012b63    00000008     app_main.o (.rodata.str1.1839410120130765391.1)
                  00012b6b    00000008     app_shell.o (.rodata.str1.1920446765128684034.1)
                  00012b73    00000008     app_shell.o (.rodata.str1.4235466395725798433.1)
                  00012b7b    00000008     app_shell.o (.rodata.str1.5848672442950545206.1)
                  00012b83    00000008     board_button.o (.rodata.str1.5952028417427413650.1)
                  00012b8b    00000008     app_shell.o (.rodata.str1.868716187015188771.1)
                  00012b93    00000008     app_shell.o (.rodata.str1.8867909630182175989.1)
                  00012b9b    00000008     app_shell.o (.rodata.str1.97227345183721019.1)
                  00012ba3    00000007     app_shell.o (.rodata.str1.10240434636320304394.1)
                  00012baa    00000007     app_shell.o (.rodata.str1.11774507841365577078.1)
                  00012bb1    00000007     app_shell.o (.rodata.str1.13029328624899454496.1)
                  00012bb8    00000007     app_shell.o (.rodata.str1.13071761163155843764.1)
                  00012bbf    00000007     app_shell.o (.rodata.str1.13245102848535749030.1)
                  00012bc6    00000007     app_shell.o (.rodata.str1.13626453309717720227.1)
                  00012bcd    00000007     app_shell.o (.rodata.str1.15363985378575080056.1)
                  00012bd4    00000007     app_shell.o (.rodata.str1.15451653635542139434.1)
                  00012bdb    00000007     app_shell.o (.rodata.str1.15776769504895676854.1)
                  00012be2    00000007     app_shell.o (.rodata.str1.16079002699872141978.1)
                  00012be9    00000007     app_shell.o (.rodata.str1.16330407060470052804.1)
                  00012bf0    00000007     board_i2c_bus.o (.rodata.str1.16708140756708996588.1)
                  00012bf7    00000007     app_shell.o (.rodata.str1.16714929730437686203.1)
                  00012bfe    00000007     app_shell.o (.rodata.str1.1695784342961477721.1)
                  00012c05    00000007     app_shell.o (.rodata.str1.17563913066770742391.1)
                  00012c0c    00000007     app_shell.o (.rodata.str1.17894747200582054988.1)
                  00012c13    00000007     app_shell.o (.rodata.str1.2370428100076675559.1)
                  00012c1a    00000007     app_shell.o (.rodata.str1.27965927919619260.1)
                  00012c21    00000007     app_shell.o (.rodata.str1.296188832848622959.1)
                  00012c28    00000007     app_shell.o (.rodata.str1.3791812099772881164.1)
                  00012c2f    00000007     app_shell.o (.rodata.str1.4654016994079693252.1)
                  00012c36    00000007     app_shell.o (.rodata.str1.5000143241413183010.1)
                  00012c3d    00000007     app_shell.o (.rodata.str1.5263001642383835309.1)
                  00012c44    00000007     app_shell.o (.rodata.str1.5407661000085889072.1)
                  00012c4b    00000007     app_shell.o (.rodata.str1.5557692366192543561.1)
                  00012c52    00000007     app_shell.o (.rodata.str1.5998451886276286134.1)
                  00012c59    00000007     app_shell.o (.rodata.str1.6219487071531100932.1)
                  00012c60    00000007     app_shell.o (.rodata.str1.6410197886599512152.1)
                  00012c67    00000007     app_shell.o (.rodata.str1.8435392788517128360.1)
                  00012c6e    00000007     app_shell.o (.rodata.str1.8859821711474065235.1)
                  00012c75    00000007     app_shell.o (.rodata.str1.8913484995449839833.1)
                  00012c7c    00000007     app_shell.o (.rodata.str1.9141388473721648320.1)
                  00012c83    00000006     app_shell.o (.rodata._ZZN3app12_GLOBAL__N_111LoraCommandEiPKPKcE9kTestData)
                  00012c89    00000006     app_shell.o (.rodata._ZZN3app12_GLOBAL__N_112MotorCommandEiPKPKcE9kTestData)
                  00012c8f    00000006     app_shell.o (.rodata.str1.10214528574276002300.1)
                  00012c95    00000006     board_i2c_bus.o (.rodata.str1.11524751692591293752.1)
                  00012c9b    00000006     app_shell.o (.rodata.str1.11563976360612832870.1)
                  00012ca1    00000006     app_shell.o (.rodata.str1.11627215746227218045.1)
                  00012ca7    00000006     app_shell.o (.rodata.str1.12082892960889789793.1)
[...]
0000fc0d  _ZN7drivers11Button_InitEPNS_13ButtonContextEPKNS_12ButtonConfigE                           
0000fc4b  __divmoddi4                                                                                 
0000fc89  DL_I2C_flushControllerTXFIFO                                                                
0000fd01  _ZN5board17Board_ButtonsInitEv                                                              
0000fd3d  _ZN5board19Board_StatusLedInitEv                                                            
0000fd79  _ZN7drivers11Gy931_ProbeEPNS_12Gy931ContextE                                                
0000fdb5  _ZN7drivers13Gy931_IsReadyEPKNS_12Gy931ContextE                                             
0000fdf1  _ZN7drivers23Ina219_ConfigureDefaultEPNS_13Ina219ContextE                                   
0000fe2d  __TI_auto_init_nobinit_nopinit                                                              
0000fe69  _ZN7drivers15SoftI2c_IsReadyEPKNS_14SoftI2cContextE                                         
0000fea3  _ZN7drivers17OledSsd1306_ClearEPNS_18OledSsd1306ContextE                                    
0000fedd  __muldsi3                                                                                   
0000ff19  _ZN5board23Board_Gy931ProbeAddressEh                                                        
0000ff51  _ZN7drivers10Led_ToggleEPNS_10LedContextE                                                   
0000ff89  _ZN7drivers11Buzzer_InitEPNS_13BuzzerContextEPKNS_12BuzzerConfigE                           
0000ffc1  _ZN7drivers14Button_ReadRawEPNS_13ButtonContextEPb                                          
0000fff9  _ZN7drivers16OledSsd1306_FillEPNS_18OledSsd1306ContextEh                                    
00010031  _ZN7drivers19Ina219_ProbeAddressEPNS_13Ina219ContextEhPt                                    
00010069  _ZN7drivers8Led_InitEPNS_10LedContextEPKNS_9LedConfigE                                      
000100a1  _ZN8services9Time_InitEv                                                                    
000100d9  _ZN7drivers19OledSsd1306_IsReadyEPKNS_18OledSsd1306ContextE                                 
00010179  _ZN3app8App_InitEv                                                                          
000101ad  _ZN5board19Board_ButtonsUpdateEj                                                            
000101e1  DL_I2C_flushControllerRXFIFO                                                                
00010211  DL_UART_transmitDataBlocking                                                                
00010241  SYSCFG_DL_SYSCTL_init                                                                       
000102d1  _ZN7drivers10Buzzer_OffEPNS_13BuzzerContextE                                                
00010331  _ZN7drivers7Led_SetEPNS_10LedContextEb                                                      
00010361  _ZN7drivers9Buzzer_OnEPNS_13BuzzerContextE                                                  
00010391  _ZN7drivers19Ina219_ReadRegisterEPNS_13Ina219ContextEhPt                                    
000103ed  _ZN5board10Board_InitEv                                                                     
00010419  _ZN5board15Board_OledProbeEv                                                                
00010445  _ZN5board21Board_Gy931RecoverBusEv                                                          
00010471  _ZN7drivers20Ina219_WriteRegisterEPNS_13Ina219ContextEht                                    
0001049d  _ZN7drivers28LoraUart_GetControllerStatusEPKNS_15LoraUartContextEPj                         
000104c9  _ZN7drivers35MotorDriverUart_GetControllerStatusEPKNS_22MotorDriverUartContextEPj           
000104f5  _ZN8services20Scheduler_EnableTaskEhb                                                       
00010521  _ZN7drivers12Ina219_ResetEPNS_13Ina219ContextE                                              
0001054b  _ZN7drivers23LoraUart_GetRxAvailableEPKNS_15LoraUartContextE                                
00010575  _ZN7drivers30MotorDriverUart_GetRxAvailableEPKNS_22MotorDriverUartContextE                  
000105c9  _ZN5board14Board_LoraInitEv                                                                 
000105f1  _ZN5board21Board_MotorDriverInitEv                                                          
00010619  _c_int00_noargs                                                                             
00010641  DL_I2C_setClockConfig                                                                       
0001068d  _ZN8services12Time_DelayMsEj                                                                
000106b1  __aeabi_lmul                                                                                
000106b1  __muldi3                                                                                    
000106d5  _ZN7drivers17Button_WasPressedEPNS_13ButtonContextE                                         
000106f7  _ZN7drivers18Button_WasReleasedEPNS_13ButtonContextE                                        
00010739  _ZN5board13Board_LedIsOnENS_10BoardLedIdE                                                   
00010759  _ZN5board14Board_OledInitEv                                                                 
00010779  _ZN5board16Board_LedIsReadyENS_10BoardLedIdE                                                
00010799  _ZN7drivers17Ina219_GetAddressEPKNS_13Ina219ContextE                                        
000107b7  _ZN7drivers21Ina219_GetCalibrationEPKNS_13Ina219ContextE                                    
000107d5  __aeabi_llsl                                                                                
000107d5  __ashldi3                                                                                   
000107f5  DL_SPI_receiveDataCheck8                                                                    
00010811  DL_SPI_transmitDataCheck8                                                                   
0001082d  _ZN3app7App_RunEv                                                                           
00010849  _ZN5board11Board_LedOnENS_10BoardLedIdE                                                     
00010865  _ZN5board12Board_LedOffENS_10BoardLedIdE                                                    
00010881  _ZN5board15Board_LedToggleENS_10BoardLedIdE                                                 
0001089d  _ZN5board19Board_ButtonReadRawENS_13BoardButtonIdEPb                                        
000108b9  _ZN5board21Board_ButtonIsPressedENS_13BoardButtonIdE                                        
000108d5  _ZN5board22Board_ButtonWasPressedENS_13BoardButtonIdE                                       
000108f1  _ZN5board23Board_ButtonWasReleasedENS_13BoardButtonIdE                                      
0001090d  _ZN7drivers14Ina219_IsReadyEPKNS_13Ina219ContextE                                           
00010929  _ZN7drivers17Fm24cl64b_IsReadyEPKNS_16Fm24cl64bContextE                                     
00010945  _ZN8services19DebugUart_WriteCharEc                                                         
00010961  _ZN7drivers16Button_IsPressedEPKNS_13ButtonContextE                                         
0001097b  _ZN7drivers8Led_IsOnEPKNS_10LedContextE                                                     
00010995  __aeabi_memset                                                                              
00010995  __aeabi_memset4                                                                             
00010995  __aeabi_memset8                                                                             
000109a3  __aeabi_memclr                                                                              
000109a3  __aeabi_memclr4                                                                             
000109a3  __aeabi_memclr8                                                                             
000109b1  _ZN5board15Board_I2cBusGetEj                                                                
000109c9  _ZN5board19Board_ButtonGetNameENS_13BoardButtonIdE                                          
000109e1  _ZN7drivers20LoraUart_GetBaudrateEPKNS_15LoraUartContextE                                   
000109f9  _ZN7drivers27MotorDriverUart_GetBaudrateEPKNS_22MotorDriverUartContextE                     
00010a11  _ZN8services15Time_HasElapsedEjj                                                            
00010a3f  _ZN7drivers11Led_IsReadyEPKNS_10LedContextE                                                 
00010a55  _ZN7drivers14Buzzer_IsReadyEPKNS_13BuzzerContextE                                           
00010a6b  _ZN7drivers16LoraUart_IsReadyEPKNS_15LoraUartContextE                                       
00010a81  _ZN7drivers23MotorDriverUart_IsReadyEPKNS_22MotorDriverUartContextE                         
00010a97  __TI_zero_init_nomemset                                                                     
00010aad  _ZN5board14Board_FramInitEv                                                                 
00010ac1  _ZN5board14Board_FramReadEtPht                                                              
00010ad5  _ZN5board15Board_LoraWriteEPKht                                                             
00010ae9  _ZN5board16Board_BuzzerInitEv                                                               
00010afd  _ZN5board18Board_FramReadByteEtPh                                                           
00010b11  _ZN5board18Board_FramSelfTestEv                                                             
00010b25  _ZN5board19Board_FramWriteByteEth                                                           
00010b39  _ZN5board19Board_OledWriteTextEhhPKc                                                        
00010b4d  _ZN5board22Board_MotorDriverWriteEPKht                                                      
00010b61  _ZN5board24Board_Ina219ProbeAddressEhPt                                                     
00010b75  _ZN5board24Board_Ina219ReadRegisterEhPt                                                     
00010b89  _ZN5board25Board_Ina219WriteRegisterEht                                                     
00010b9d  _ZN7drivers19Fm24cl64b_WriteByteEPNS_16Fm24cl64bContextEth                                  
00010bb1  _ZN8services15Shell_WriteLineEPKc                                                           
00010bc5  __aeabi_ldivmod                                                                             
00010bd9  DL_SPI_setClockConfig                                                                       
00010beb  DL_UART_setClockConfig                                                                      
00010bfd  __TI_decompress_none                                                                        
00010c11  SysTick_Handler                                                                             
00010c21  UART0_IRQHandler                                                                            
00010c31  UART1_IRQHandler                                                                            
00010c51  _ZN5board14Board_BuzzerOnEv                                                                 
00010c61  _ZN5board14Board_OledFillEh                                                                 
00010c71  _ZN5board15Board_BuzzerOffEv                                                                
00010c81  _ZN5board15Board_OledClearEv                                                                
00010c91  _ZN5board17Board_FramIsReadyEv                                                              
00010ca1  _ZN5board17Board_Ina219ResetEv                                                              
00010cb1  _ZN5board17Board_LoraIsReadyEv                                                              
00010cc1  _ZN5board17Board_OledIsReadyEv                                                              
00010cd1  _ZN5board18Board_Gy931IsReadyEv                                                             
00010ce1  _ZN5board18Board_LoraReadByteEPh                                                            
00010cf1  _ZN5board19Board_BuzzerIsReadyEv                                                            
00010d01  _ZN5board19Board_Ina219IsReadyEv                                                            
00010d11  _ZN5board19Board_LoraWriteByteEh                                                            
00010d21  _ZN5board19Board_OledSetInvertEb                                                            
00010d31  _ZN5board20Board_FramRecoverBusEv                                                           
00010d41  _ZN5board21Board_LoraGetBaudrateEv                                                          
00010d51  _ZN5board21Board_OledTestPatternEv                                                          
00010d61  _ZN5board22Board_Ina219GetAddressEv                                                         
00010d71  _ZN5board22Board_Ina219RecoverBusEv                                                         
00010d81  _ZN5board22Board_Ina219SetAddressEh                                                         
00010d91  _ZN5board22Board_OledSetDisplayOnEb                                                         
00010da1  _ZN5board23Board_Ina219CalibrationEv                                                        
00010db1  _ZN5board23Board_LoraClearRxBufferEv                                                        
00010dc1  _ZN5board24Board_LoraGetRxAvailableEv                                                       
00010dd1  _ZN5board24Board_MotorDriverIsReadyEv                                                       
00010de1  _ZN5board25Board_MotorDriverReadByteEPh                                                     
00010df1  _ZN5board26Board_MotorDriverWriteByteEh                                                     
00010e01  _ZN5board27Board_Ina219ReadMeasurementEPN7drivers17Ina219MeasurementE                       
00010e11  _ZN5board27Board_LoraGetRxDroppedCountEv                                                    
00010e21  _ZN5board28Board_Ina219ConfigureDefaultEv                                                   
00010e31  _ZN5board28Board_Ina219ReadRawRegistersEPN7drivers18Ina219RawRegistersE                     
00010e41  _ZN5board28Board_MotorDriverGetBaudrateEv                                                   
00010e51  _ZN5board29Board_LoraGetControllerStatusEPj                                                 
00010e61  _ZN5board30Board_MotorDriverClearRxBufferEv                                                 
00010e71  _ZN5board31Board_MotorDriverGetRxAvailableEv                                                
00010e81  _ZN5board34Board_MotorDriverGetRxDroppedCountEv                                             
00010e91  _ZN5board36Board_MotorDriverGetControllerStatusEPj                                          
00010ea1  _ZN8services9Fault_SetENS_9FaultCodeE                                                       
00010eb1  _ZN5board15Board_OledWidthEv                                                                
00010ebd  _ZN5board16Board_ImuIsReadyEv                                                               
00010ec9  _ZN5board16Board_OledHeightEv                                                               
00010ed5  _ZN5board17Board_OledAddressEv                                                              
00010ee1  _ZN5board18Board_Gy931AddressEv                                                             
00010eed  _ZN7drivers26LoraUart_GetRxDroppedCountEPKNS_15LoraUartContextE                             
00010ef9  _ZN7drivers33MotorDriverUart_GetRxDroppedCountEPKNS_22MotorDriverUartContextE               
00010f05  _ZN8services10Fault_InitEv                                                                  
00010f11  _ZN8services11Time_MillisEv                                                                 
00010f1d  _ZN8services17DebugUart_IsReadyEv                                                           
00010f29  _ZN8services9Fault_GetEv                                                                    
00010f35  DL_Common_delayCycles                                                                       
00010f3f  _ZN7drivers18Fm24cl64b_ReadByteEPNS_16Fm24cl64bContextEtPh                                  
00010f49  _ZN8services15Shell_WriteCharEc                                                             
00010f51  _ZN8services17Shell_WriteStringEPKc                                                         
00010f59  _ZN8services17Shell_WriteUInt32Ej                                                           
00010f61  __aeabi_memcpy                                                                              
00010f61  __aeabi_memcpy4                                                                             
00010f61  __aeabi_memcpy8                                                                             
00010f69  _ZN5board23Board_FramCapacityBytesEv                                                        
00010f6f  abort                                                                                       
00010f74  C$$EXIT                                                                                     
00010f75  HOSTexit                                                                                    
00010f79  Reset_Handler                                                                               
00010f8d  _ZN5board14Board_LedCountEv                                                                 
00010f91  _ZN5board17Board_I2cBusCountEv                                                              
00010f95  _system_pre_init                                                                            
00011523  _ZZN3app19motor_driver_client13ResetEncodersEPNS0_6ClientEE18kResetBothEncoders             
00012ef8  __TI_Handler_Table_Base                                                                     
00012f04  __TI_Handler_Table_Limit                                                                    
00012f0c  __TI_CINIT_Base                                                                             
00012f1c  __TI_CINIT_Limit                                                                            
00012f1c  __TI_CINIT_Warm                                                                             
20200000  __start___llvm_prf_bits                                                                     
20200000  __start___llvm_prf_cnts                                                                     
20200000  __stop___llvm_prf_bits                                                                      
20200000  __stop___llvm_prf_cnts                                                                      
202002e0  gDEBUG_UARTBackup                                                                           
20200310  gIMU_SPIBackup                                                                              
2020ff00  __stack                                                                                     
20210000  __STACK_END                                                                                 
ffffffff  __TI_pprof_out_hndl                                                                         
ffffffff  __TI_prof_data_size                                                                         
ffffffff  __TI_prof_data_start                                                                        
ffffffff  __binit__                                                                                   
ffffffff  binit                                                                                       
UNDEFED   __mpu_init                                                                                  
UNDEFED   _system_post_cinit                                                                          

[369 symbols]
