******************************************************************************
            TI ARM Clang Linker PC v5.1.1                      
******************************************************************************
>> Linked Wed Jul  8 16:53:06 2026

OUTPUT FILE NAME:   <gugaPI.out>
ENTRY POINT SYMBOL: "_c_int00_noargs"  address: 000123b9


MEMORY CONFIGURATION

         name            origin    length      used     unused   attr    fill
----------------------  --------  ---------  --------  --------  ----  --------
  FLASH                 00000000   00080000  00015718  0006a8e8  R  X
  SRAM_BANK0            20200000   00010000  000007a5  0000f85b  RW X
  SRAM_BANK1            20210000   00010000  00000000  00010000  RW X
  BCR_CONFIG            41c00000   000000ff  00000000  000000ff  R   
  BSL_CONFIG            41c00100   00000080  00000000  00000080  R   
  DATA                  41d00000   00004000  00000000  00004000  R   


SEGMENT ALLOCATION MAP

run origin  load origin   length   init length attrs members
----------  ----------- ---------- ----------- ----- -------
00000000    00000000    00015718   00015718    r-x
  00000000    00000000    000000c0   000000c0    r-- .intvecs
  000000c0    000000c0    00012cc0   00012cc0    r-x .text
  00012d80    00012d80    00002930   00002930    r-- .rodata
  000156b0    000156b0    00000068   00000068    r-- .cinit
20200000    20200000    000006a8   00000000    rw-
  20200000    20200000    0000036d   00000000    rw- .data
  20200370    20200370    00000338   00000000    rw- .bss
2020ff00    2020ff00    00000100   00000000    rw-
  2020ff00    2020ff00    00000100   00000000    rw- .stack


SECTION ALLOCATION MAP

 output                                  attributes/
section   page    origin      length       input sections
--------  ----  ----------  ----------   ----------------
.intvecs   0    00000000    000000c0     
                  00000000    000000c0     startup_mspm0g351x_ticlang.o (.intvecs)

.text      0    000000c0    00012cc0     
                  000000c0    00001bec     app_shell.o (.text._ZN3app12_GLOBAL__N_112MotorCommandEiPKPKc)
                  00001cac    00000b40     app_shell.o (.text._ZN3app12_GLOBAL__N_112Gy931CommandEiPKPKc)
                  000027ec    00000b14     app_shell.o (.text._ZN3app12_GLOBAL__N_113Ina219CommandEiPKPKc)
                  00003300    00000a5c     app_shell.o (.text._ZN3app12_GLOBAL__N_110ImuCommandEiPKPKc)
                  00003d5c    00000990     app_shell.o (.text._ZN3app19motor_driver_client12ReceiveFrameEPNS0_5FrameE)
                  000046ec    00000978     app_shell.o (.text._ZN3app12_GLOBAL__N_123Ina219OledUpdateDisplayEv)
                  00005064    00000880     app_shell.o (.text._ZN3app12_GLOBAL__N_111LoraCommandEiPKPKc)
                  000058e4    00000830     app_shell.o (.text._ZN3app12_GLOBAL__N_111OledCommandEiPKPKc)
                  00006114    00000724     app_shell.o (.text._ZN3app12_GLOBAL__N_110I2cCommandEiPKPKc)
                  00006838    00000548     config_store.o (.text._ZN3app16ConfigStore_LoadEv)
                  00006d80    000004cc     app_shell.o (.text._ZN3app12_GLOBAL__N_112ParamCommandEiPKPKc)
                  0000724c    000004a8     config_store.o (.text._ZN3app15ConfigStore_SetEPKci)
                  000076f4    00000474     shell.o (.text._ZN8services12_GLOBAL__N_113HandleLineEndEv)
                  00007b68    00000430     app_shell.o (.text._ZN3app12_GLOBAL__N_111FramCommandEiPKPKc)
                  00007f98    000003dc     app_shell.o (.text._ZN3app12_GLOBAL__N_122Gy931OledUpdateDisplayEv)
                  00008374    00000394     app_shell.o (.text._ZN3app12_GLOBAL__N_114ChassisCommandEiPKPKc)
                  00008708    00000360     soft_i2c.o (.text._ZN7drivers16SoftI2c_ReadReg8EPNS_14SoftI2cContextEhhPht)
                  00008a68    00000328     app_shell.o (.text._ZN3app12_GLOBAL__N_110LedCommandEiPKPKc)
                  00008d90    000002cc     board_imu.o (.text._ZN5board12_GLOBAL__N_123ReadRegisterWithCommandEhPh)
                  0000905c    00000284     board_imu.o (.text._ZN5board22Board_ImuWiggleSpiPinsEj)
                  000092e0    00000268     i2c_diag.o (.text._ZN7drivers22I2cDiag_WriteReg8BlockEPKNS_16I2cDiagBusConfigEhhPKht)
                  00009548    00000258     config_store.o (.text._ZN3app20ConfigStore_GetValueEPKcPiS2_S2_)
                  000097a0    00000248     soft_i2c.o (.text._ZN7drivers18SoftI2c_RecoverBusEPNS_14SoftI2cContextE)
                  000099e8    00000238     i2c_diag.o (.text._ZN7drivers16I2cDiag_ReadReg8EPKNS_16I2cDiagBusConfigEhhPht)
                  00009c20    00000234     board_imu.o (.text._ZN5board21Board_ImuSpiSampleIcmEhPhj)
                  00009e54    00000230     app_shell.o (.text._ZN3app12_GLOBAL__N_113ButtonCommandEiPKPKc)
                  0000a084    00000224     fm24cl64b.o (.text._ZN7drivers14Fm24cl64b_ReadEPNS_16Fm24cl64bContextEtPht)
                  0000a2a8    0000021c     board_imu.o (.text._ZN5board20Board_ImuSpiBurstIcmEjh)
                  0000a4c4    00000208     oled_ssd1306.o (.text._ZN7drivers22OledSsd1306_DrawStringEPNS_18OledSsd1306ContextEhhPKc)
                  0000a6cc    00000200     chassis.o (.text._ZN3app19Chassis_SetVelocityEii)
                  0000a8cc    000001e0     app_shell.o (.text._ZN3app12_GLOBAL__N_123Gy931OledWriteAngleLineEhPKci)
                  0000aaac    000001e0     ina219.o (.text._ZN7drivers17Ina219_RecoverBusEPNS_13Ina219ContextE)
                  0000ac8c    000001e0     fm24cl64b.o (.text._ZN7drivers20Fm24cl64b_RecoverBusEPNS_16Fm24cl64bContextE)
                  0000ae6c    000001dc     gy931.o (.text._ZN7drivers16Gy931_ReadSampleEPNS_12Gy931ContextEPNS_11Gy931SampleE)
                  0000b048    000001d0     fm24cl64b.o (.text._ZN7drivers15Fm24cl64b_WriteEPNS_16Fm24cl64bContextEtPKht)
                  0000b218    000001d0     i2c_diag.o (.text._ZN7drivers18I2cDiag_RecoverBusEPKNS_16I2cDiagBusConfigE)
                  0000b3e8    000001c8     i2c_diag.o (.text._ZN7drivers17I2cDiag_WriteReg8EPKNS_16I2cDiagBusConfigEhhPKht)
                  0000b5b0    000001b0     app_shell.o (.text._ZN3app19motor_driver_client4StopEPNS0_6ClientEPNS0_10StopResultE)
                  0000b760    000001b0     scheduler.o (.text._ZN8services13Scheduler_RunEv)
                  0000b910    000001a4     ina219.o (.text._ZN7drivers12_GLOBAL__N_120ReadRegisterInternalEPNS_13Ina219ContextEhPt)
                  0000bab4    00000194     config_store.o (.text._ZN3app16ConfigStore_SaveEv)
                  0000bc48    00000188     i2c_diag.o (.text._ZN7drivers20I2cDiag_ProbeAddressEPKNS_16I2cDiagBusConfigEh)
                  0000bdd0    00000180     app_shell.o (.text._ZN3app19motor_driver_client15SetCountsPerRevEPNS0_6ClientEjj)
                  0000bf50    0000017c     app_shell.o (.text._ZN3app25AppShell_RegisterCommandsEv)
                  0000c0cc    00000174     app_shell.o (.text._ZN3app12_GLOBAL__N_123WriteSignedVector3MilliEPKcPKiS2_)
                  0000c240    00000170     app_shell.o (.text._ZN3app12_GLOBAL__N_113ParseI2cRangeEiPKPKchPhS5_)
                  0000c3b0    00000170     oled_ssd1306.o (.text._ZN7drivers23OledSsd1306_DrawCheckerEPNS_18OledSsd1306ContextE)
                  0000c520    00000166     app_shell.o (.text._ZN3app19motor_driver_client19SetPositionRelativeEPNS0_6ClientEbiPNS0_12MotionResultE)
                  0000c686    00000002     startup_mspm0g351x_ticlang.o (.text.Default_Handler)
                  0000c688    00000164     board_i2c_bus.o (.text._ZN5board16Board_I2cBusFindEPKc)
                  0000c7ec    00000150     app_shell.o (.text._ZN3app12_GLOBAL__N_115PrintMotorUsageEv)
                  0000c93c    00000148     app_shell.o (.text._ZN3app12_GLOBAL__N_114PrintI2cStatusEPKN7drivers16I2cDiagBusConfigE)
                  0000ca84    00000140     debug_uart.o (.text._ZN8services21DebugUart_WriteUInt32Ej)
                  0000cbc4    0000013c     app_shell.o (.text._ZN3app12_GLOBAL__N_110I2cScanBusEPKN7drivers16I2cDiagBusConfigEhhb)
                  0000cd00    0000013c     app_shell.o (.text._ZN3app12_GLOBAL__N_123PrintMotorPositionBlockERKNS_19motor_driver_client12PositionDataE)
                  0000ce3c    00000130     chassis.o (.text._ZN3app14Chassis_UpdateEv)
                  0000cf6c    00000126     gy931.o (.text._ZN7drivers22Gy931_ReadRawRegistersEPNS_12Gy931ContextEhPsh)
                  0000d092    00000002     board.o (.text._ZN5board14Board_LateInitEv)
                  0000d094    00000120     app_shell.o (.text._ZN3app12_GLOBAL__N_114ApplyLedActionEN5board10BoardLedIdEPKc)
                  0000d1b4    00000120     ina219.o (.text._ZN7drivers12_GLOBAL__N_121WriteRegisterInternalEPNS_13Ina219ContextEht)
                  0000d2d4    00000118     ti_msp_dl_config.o (.text.SYSCFG_DL_GPIO_init)
                  0000d3ec    00000108     app_shell.o (.text._ZN3app12_GLOBAL__N_119PrintMotorFrameDataEPKcRKNS_19motor_driver_client5FrameE)
                  0000d4f4    00000104     soft_i2c.o (.text._ZN7drivers12_GLOBAL__N_19WriteByteEPKNS_13SoftI2cConfigEh)
                  0000d5f8    00000100     app_shell.o (.text._ZN3app12_GLOBAL__N_110ParseInt32EPKciiPi)
                  0000d6f8    00000100     shell.o (.text._ZN8services10Shell_InitEv)
                  0000d7f8    000000fc     app_shell.o (.text._ZN3app12_GLOBAL__N_119Gy931OledSetEnabledEb)
                  0000d8f4    000000fc     app_shell.o (.text._ZN3app12_GLOBAL__N_120Ina219OledSetEnabledEb)
                  0000d9f0    000000f4     soft_i2c.o (.text._ZN7drivers12_GLOBAL__N_110BeginWriteEPKNS_13SoftI2cConfigEh)
                  0000dae4    000000f0     gy931.o (.text._ZN7drivers16Gy931_ReadAnglesEPNS_12Gy931ContextEPNS_11Gy931AnglesE)
                  0000dbd4    000000ee     app_shell.o (.text._ZN3app19motor_driver_client11SetPositionEPNS0_6ClientEbiPNS0_12MotionResultE)
                  0000dcc2    00000002     log.o (.text._ZN8services8Log_InitEv)
                  0000dcc4    000000e0     app_shell.o (.text._ZN3app12_GLOBAL__N_113BuzzerCommandEiPKPKc)
                  0000dda4    000000e0     scheduler.o (.text._ZN8services17Scheduler_AddTaskEPKcPFvvEjjPh)
                  0000de84    000000d8     app_shell.o (.text._ZN3app19motor_driver_client13ResetEncodersEPNS0_6ClientE)
                  0000df5c    000000d6     app_shell.o (.text._ZN3app19motor_driver_client17SetPositionCountsEPNS0_6ClientEbiPNS0_12MotionResultE)
                  0000e032    00000002     libclang_rt.builtins.a : aeabi_div0.c.obj (.text.__aeabi_idiv0)
                  0000e034    000000d4     app_shell.o (.text._ZN3app12_GLOBAL__N_122PrintChassisWheelStateEPKcRKNS_17ChassisWheelStateE)
                  0000e108    000000d4     shell.o (.text._ZN8services21Shell_RegisterCommandEPKcS1_PFviPKS1_E)
                  0000e1dc    000000d0     app_shell.o (.text._ZN3app19motor_driver_client8SetSpeedEPNS0_6ClientEbtbPNS0_12MotionResultE)
                  0000e2ac    000000ce     app_shell.o (.text._ZN3app19motor_driver_client12ReadPositionEPNS0_6ClientEPNS0_12PositionDataE)
                  0000e37a    00000002     libclang_rt.builtins.a : aeabi_div0.c.obj (.text.__aeabi_ldiv0)
                  0000e37c    000000c8     app_shell.o (.text._ZN3app19motor_driver_client13ReadRegistersEPNS0_6ClientEhhPNS0_5FrameE)
                  0000e444    000000c8     board_imu.o (.text._ZN5board25Board_Lis3mdlReadRegisterEhPh)
                  0000e50c    000000c8     ina219.o (.text._ZN7drivers11Ina219_InitEPNS_13Ina219ContextEPKNS_12Ina219ConfigE)
                  0000e5d4    000000c8     lora.o (.text._ZN7drivers14LoraUart_WriteEPNS_15LoraUartContextEPKht)
                  0000e69c    000000c8     motor_driver_uart.o (.text._ZN7drivers21MotorDriverUart_WriteEPNS_22MotorDriverUartContextEPKht)
                  0000e764    000000c4     app_shell.o (.text._ZN3app19motor_driver_client14WriteRegistersEPNS0_6ClientEhPKhhPNS0_5FrameE)
                  0000e828    000000c4     board_imu.o (.text._ZN5board26Board_Icm45686ReadRegisterEhPh)
                  0000e8ec    000000c0     board_imu.o (.text._ZN5board23Board_Lis3mdlReadWhoAmIEPh)
                  0000e9ac    000000bc     soft_i2c.o (.text._ZN7drivers20SoftI2c_ProbeAddressEPNS_14SoftI2cContextEh)
                  0000ea68    000000b8     app_shell.o (.text._ZN3app19motor_driver_client4PingEPNS0_6ClientEPb)
                  0000eb20    000000b8     ina219.o (.text._ZN7drivers12_GLOBAL__N_113ReleaseI2cBusEPKNS_12Ina219ConfigE)
                  0000ebd8    000000b8     i2c_diag.o (.text._ZN7drivers12_GLOBAL__N_113ReleaseI2cBusEPKNS_16I2cDiagBusConfigE)
                  0000ec90    000000b4     oled_ssd1306.o (.text._ZN7drivers16OledSsd1306_InitEPNS_18OledSsd1306ContextEPKNS_17OledSsd1306ConfigE)
                  0000ed44    000000b4     motor_driver_uart.o (.text._ZN7drivers20MotorDriverUart_InitEPNS_22MotorDriverUartContextEPKNS_21MotorDriverUartConfigE)
                  0000edf8    000000b0     app_shell.o (.text._ZN3app12_GLOBAL__N_110WriteHex32Ej)
                  0000eea8    000000b0     chassis.o (.text._ZN3app12_GLOBAL__N_114SetOneWheelRpmEbi)
                  0000ef58    000000b0     scheduler.o (.text._ZN8services14Scheduler_InitEv)
                  0000f008    000000ac     app_shell.o (.text._ZN3app12_GLOBAL__N_110PwmCommandEiPKPKc)
                  0000f0b4    000000a8     app_shell.o (.text._ZN3app12_GLOBAL__N_114PrintParamLineEPKc)
                  0000f15c    000000a4     fm24cl64b.o (.text._ZN7drivers18Fm24cl64b_SelfTestEPNS_16Fm24cl64bContextEt)
                  0000f200    000000a2     libclang_rt.builtins.a : udivmoddi4.S.obj (.text)
                  0000f2a2    0000009c     app_shell.o (.text._ZN3app12_GLOBAL__N_111ParseUint32EPKcjPj)
                  0000f33e    00000002     --HOLE-- [fill = 0]
                  0000f340    0000009c     board_imu.o (.text._ZN5board19Board_ImuSetSpiModeEh)
                  0000f3dc    0000009a     libc.a : memcpy16.S.obj (.text:memcpy)
                  0000f476    00000002     --HOLE-- [fill = 0]
                  0000f478    00000098     app_shell.o (.text._ZN3app12_GLOBAL__N_121PrintMotorEncoderLineEPKcRKNS_19motor_driver_client11EncoderDataE)
                  0000f510    00000098     app_shell.o (.text._ZN3app19motor_driver_client9SendFrameEhhPKhh)
                  0000f5a8    00000098     motor_driver_uart.o (.text._ZN7drivers29MotorDriverUart_ClearRxBufferEPNS_22MotorDriverUartContextE)
                  0000f640    00000094     chassis.o (.text._ZN3app19Chassis_SetWheelRpmEii)
                  0000f6d4    00000094     oled_ssd1306.o (.text._ZN7drivers12_GLOBAL__N_113WriteRepeatedEPNS_18OledSsd1306ContextEh)
                  0000f768    00000094     lora.o (.text._ZN7drivers18LoraUart_WriteByteEPNS_15LoraUartContextEh)
                  0000f7fc    00000094     motor_driver_uart.o (.text._ZN7drivers25MotorDriverUart_WriteByteEPNS_22MotorDriverUartContextEh)
                  0000f890    00000094     shell.o (.text._ZN8services13Shell_ProcessEv)
                  0000f924    00000092     ina219.o (.text._ZN7drivers23Ina219_ReadRawRegistersEPNS_13Ina219ContextEPNS_18Ina219RawRegistersE)
                  0000f9b6    00000002     --HOLE-- [fill = 0]
                  0000f9b8    00000088     ti_msp_dl_config.o (.text.SYSCFG_DL_DEBUG_UART_init)
                  0000fa40    00000088     ti_msp_dl_config.o (.text.SYSCFG_DL_LORA_UART_init)
                  0000fac8    00000088     ti_msp_dl_config.o (.text.SYSCFG_DL_MOTOR_UART_init)
                  0000fb50    00000088     app_shell.o (.text._ZN3app19motor_driver_client4HoldEPNS0_6ClientEbPNS0_12MotionResultE)
                  0000fbd8    00000084     lora.o (.text._ZN7drivers13LoraUart_InitEPNS_15LoraUartContextEPKNS_14LoraUartConfigE)
                  0000fc5c    00000080     app_shell.o (.text._ZN3app12_GLOBAL__N_115WriteFixedMilliEi)
                  0000fcdc    00000080     soft_i2c.o (.text._ZN7drivers12SoftI2c_InitEPNS_14SoftI2cContextEPKNS_13SoftI2cConfigE)
                  0000fd5c    0000007e     app_shell.o (.text._ZN3app12_GLOBAL__N_113LoraWriteArgsEiPKPKcbPt)
                  0000fdda    0000007e     app_shell.o (.text._ZN3app12_GLOBAL__N_114MotorWriteArgsEiPKPKcbPt)
                  0000fe58    0000007e     app_shell.o (.text._ZN3app19motor_driver_client11ReadEncoderEPNS0_6ClientEbPNS0_11EncoderDataE)
                  0000fed6    00000002     --HOLE-- [fill = 0]
                  0000fed8    0000007c     ti_msp_dl_config.o (.text.SYSCFG_DL_initPower)
                  0000ff54    0000007c     lora.o (.text._ZN7drivers19LoraUart_IrqHandlerEPNS_15LoraUartContextE)
                  0000ffd0    0000007c     libc.a : copy_decompress_lzss.c.obj (.text:decompress:lzss)
                  0001004c    00000078     app_shell.o (.text._ZN3app12_GLOBAL__N_117WriteAllLedStatusEv)
                  000100c4    00000078     app_shell.o (.text._ZN3app12_GLOBAL__N_118PrintMotorRpmBlockERKNS_19motor_driver_client7RpmDataE)
                  0001013c    00000074     app_shell.o (.text._ZN3app12_GLOBAL__N_116PrintIna219UsageEv)
                  000101b0    00000074     app_shell.o (.text._ZN3app19motor_driver_client6SetRunEPNS0_6ClientEbhbPNS0_12MotionResultE)
                  00010224    00000074     app_shell.o (.text._ZN3app19motor_driver_client8SetBrakeEPNS0_6ClientEbPNS0_12MotionResultE)
                  00010298    00000074     soft_i2c.o (.text._ZN7drivers12_GLOBAL__N_113StopConditionEPKNS_13SoftI2cConfigE)
                  0001030c    00000074     ina219.o (.text._ZN7drivers22Ina219_ReadMeasurementEPNS_13Ina219ContextEPNS_17Ina219MeasurementE)
                  00010380    00000070     app_shell.o (.text._ZN3app19motor_driver_client16ReadCountsPerRevEPNS0_6ClientEPNS0_12CountsPerRevE)
                  000103f0    0000006c     debug_uart.o (.text.UART3_IRQHandler)
                  0001045c    0000006c     app_shell.o (.text._ZN3app19motor_driver_client7ReadRpmEPNS0_6ClientEPNS0_7RpmDataE)
                  000104c8    0000006c     board_gy931.o (.text._ZN5board27Board_Gy931ReadRawRegistersEhPsh)
                  00010534    0000006c     motor_driver_uart.o (.text._ZN7drivers26MotorDriverUart_IrqHandlerEPNS_22MotorDriverUartContextE)
                  000105a0    0000006c     debug_uart.o (.text._ZN8services21DebugUart_WriteStringEPKc)
                  0001060c    0000006a     app_shell.o (.text._ZN3app19motor_driver_client8SetCoastEPNS0_6ClientEbPNS0_12MotionResultE)
                  00010676    00000002     --HOLE-- [fill = 0]
                  00010678    00000068     app_shell.o (.text._ZN3app12_GLOBAL__N_113PrintImuUsageEv)
                  000106e0    00000068     app_shell.o (.text._ZN3app12_GLOBAL__N_115PrintGy931UsageEv)
                  00010748    00000064     app_shell.o (.text._ZN3app12_GLOBAL__N_110WriteHex16Et)
                  000107ac    00000064     board_imu.o (.text._ZN5board22Board_ImuGetLineStatusEPNS_18BoardImuLineStatusE)
                  00010810    00000064     fm24cl64b.o (.text._ZN7drivers14Fm24cl64b_InitEPNS_16Fm24cl64bContextEPKNS_15Fm24cl64bConfigE)
                  00010874    00000062     libc.a : memset16.S.obj (.text:memset)
                  000108d6    00000002     --HOLE-- [fill = 0]
                  000108d8    00000060     app_shell.o (.text._ZN3app12_GLOBAL__N_113PrintI2cUsageEv)
                  00010938    00000060     app_shell.o (.text._ZN3app12_GLOBAL__N_114PrintOledUsageEv)
                  00010998    00000060     app_shell.o (.text._ZN3app12_GLOBAL__N_118PrintMotorPidBlockERKNS_19motor_driver_client8SpeedPidE)
                  000109f8    00000060     lora.o (.text._ZN7drivers22LoraUart_ClearRxBufferEPNS_15LoraUartContextE)
                  00010a58    0000005e     driverlib.a : dl_i2c.o (.text.DL_I2C_fillControllerTXFIFO)
                  00010ab6    0000005e     app_shell.o (.text._ZN3app19motor_driver_client19ReadPositionControlEPNS0_6ClientEPNS0_15PositionControlE)
                  00010b14    0000005e     app_shell.o (.text._ZN3app19motor_driver_client8ReadInfoEPNS0_6ClientEPNS0_10DeviceInfoE)
                  00010b72    0000005e     button.o (.text._ZN7drivers13Button_UpdateEPNS_13ButtonContextEj)
                  00010bd0    0000005c     app_shell.o (.text._ZN3app12_GLOBAL__N_130PrintMotorPositionControlBlockERKNS_19motor_driver_client15PositionControlE)
                  00010c2c    0000005c     board_gy931.o (.text._ZN5board21Board_Gy931ReadAnglesEPN7drivers11Gy931AnglesE)
                  00010c88    0000005c     board_gy931.o (.text._ZN5board21Board_Gy931ReadSampleEPN7drivers11Gy931SampleE)
                  00010ce4    0000005c     board_oled.o (.text._ZN5board22Board_OledGetBusStatusEPjPbS1_)
                  00010d40    0000005a     soft_i2c.o (.text._ZN7drivers20SoftI2c_GetBusStatusEPKNS_14SoftI2cContextEPNS_16SoftI2cBusStatusE)
                  00010d9a    00000002     --HOLE-- [fill = 0]
                  00010d9c    00000058     app_shell.o (.text._ZN3app12_GLOBAL__N_127PrintMotorPositionPidFieldsERKNS_19motor_driver_client11PositionPidE)
                  00010df4    00000058     app_shell.o (.text._ZN3app19motor_driver_client15ReadPositionPidEPNS0_6ClientEPNS0_11PositionPidE)
                  00010e4c    00000058     app_shell.o (.text._ZN3app19motor_driver_client7ReadPidEPNS0_6ClientEPNS0_8SpeedPidE)
                  00010ea4    00000058     config_store.o (.text._ZN3app25ConfigStore_ResetDefaultsEv)
                  00010efc    00000058     ina219.o (.text._ZN7drivers17Ina219_SetAddressEPNS_13Ina219ContextEh)
                  00010f54    00000058     i2c_diag.o (.text._ZN7drivers20I2cDiag_GetBusStatusEPKNS_16I2cDiagBusConfigEPNS_16I2cDiagBusStatusE)
                  00010fac    00000056     oled_ssd1306.o (.text._ZN7drivers21OledSsd1306_SetInvertEPNS_18OledSsd1306ContextEb)
                  00011002    00000056     oled_ssd1306.o (.text._ZN7drivers24OledSsd1306_SetDisplayOnEPNS_18OledSsd1306ContextEb)
                  00011058    00000054     ti_msp_dl_config.o (.text.SYSCFG_DL_MOTOR_I2C_init)
                  000110ac    00000054     ti_msp_dl_config.o (.text.SYSCFG_DL_SENSOR_I2C_init)
                  00011100    00000054     app_shell.o (.text._ZN3app12_GLOBAL__N_114PrintLoraUsageEv)
                  00011154    00000054     debug_uart.o (.text._ZN8services14DebugUart_InitEv)
                  000111a8    00000052     empty_cpp.o (.text.main)
                  000111fa    00000002     --HOLE-- [fill = 0]
                  000111fc    00000050     board_ina219.o (.text._ZN5board16Board_Ina219InitEv)
                  0001124c    00000050     board_gy931.o (.text._ZN5board23Board_Gy931GetBusStatusEPbS0_)
                  0001129c    00000050     board_imu.o (.text._ZN5board27Board_ImuSetChipSelectDebugEbbbb)
                  000112ec    0000004c     ti_msp_dl_config.o (.text.SYSCFG_DL_IMU_SPI_init)
                  00011338    0000004c     app_shell.o (.text._ZN3app12_GLOBAL__N_115PrintParamUsageEv)
                  00011384    0000004c     board_gy931.o (.text._ZN5board15Board_Gy931InitEv)
                  000113d0    0000004c     board_gy931.o (.text._ZN5board21Board_Gy931SetAddressEh)
                  0001141c    00000048     driverlib.a : dl_uart.o (.text.DL_UART_init)
                  00011464    00000048     chassis.o (.text._ZN3app12Chassis_InitEv)
                  000114ac    00000048     board_gy931.o (.text._ZN5board16Board_Gy931ProbeEv)
                  000114f4    00000048     board_fram.o (.text._ZN5board22Board_FramGetBusStatusEPjPbS1_)
                  0001153c    00000048     board_ina219.o (.text._ZN5board24Board_Ina219GetBusStatusEPjPbS1_)
                  00011584    00000048     gy931.o (.text._ZN7drivers10Gy931_InitEPNS_12Gy931ContextEPKNS_11Gy931ConfigE)
                  000115cc    00000048     debug_uart.o (.text._ZN8services18DebugUart_ReadByteEPh)
                  00011614    00000044     driverlib.a : dl_spi.o (.text.DL_SPI_init)
                  00011658    00000044     board_imu.o (.text._ZN5board13Board_ImuInitEv)
                  0001169c    00000044     ina219.o (.text._ZN7drivers19Ina219_GetBusStatusEPNS_13Ina219ContextEPNS_15Ina219BusStatusE)
                  000116e0    00000044     fm24cl64b.o (.text._ZN7drivers22Fm24cl64b_GetBusStatusEPNS_16Fm24cl64bContextEPNS_18Fm24cl64bBusStatusE)
                  00011724    00000040     ti_msp_dl_config.o (.text.SYSCFG_DL_init)
                  00011764    00000040     app_shell.o (.text._ZN3app12_GLOBAL__N_114PrintFramUsageEv)
                  000117a4    00000040     app_shell.o (.text._ZN3app12_GLOBAL__N_114VersionCommandEiPKPKc)
                  000117e4    00000040     app_shell.o (.text._ZN3app19motor_driver_client14SetPositionPidEPNS0_6ClientEPKhh)
                  00011824    00000040     app_shell.o (.text._ZN3app19motor_driver_client18SetPositionControlEPNS0_6ClientEPKhh)
                  00011864    00000040     app_shell.o (.text._ZN3app19motor_driver_client6SetPidEPNS0_6ClientEPKhh)
                  000118a4    00000040     app_main.o (.text._ZN3app8App_InitEv)
                  000118e4    00000040     lora.o (.text._ZN7drivers17LoraUart_ReadByteEPNS_15LoraUartContextEPh)
                  00011924    00000040     motor_driver_uart.o (.text._ZN7drivers24MotorDriverUart_ReadByteEPNS_22MotorDriverUartContextEPh)
                  00011964    00000040     libclang_rt.builtins.a : aeabi_uidivmod.S.obj (.text)
                  000119a4    0000003e     button.o (.text._ZN7drivers11Button_InitEPNS_13ButtonContextEPKNS_12ButtonConfigE)
                  000119e2    0000003e     libclang_rt.builtins.a : divmoddi4.c.obj (.text.__divmoddi4)
                  00011a20    0000003c     driverlib.a : dl_i2c.o (.text.DL_I2C_flushControllerTXFIFO)
                  00011a5c    0000003c     chassis.o (.text._ZN3app12Chassis_StopEv)
                  00011a98    0000003c     app_shell.o (.text._ZN3app12_GLOBAL__N_19WriteHex8Eh)
                  00011ad4    0000003c     board_button.o (.text._ZN5board17Board_ButtonsInitEv)
                  00011b10    0000003c     board_led.o (.text._ZN5board19Board_StatusLedInitEv)
                  00011b4c    0000003c     gy931.o (.text._ZN7drivers11Gy931_ProbeEPNS_12Gy931ContextE)
                  00011b88    0000003c     gy931.o (.text._ZN7drivers13Gy931_IsReadyEPKNS_12Gy931ContextE)
                  00011bc4    0000003c     ina219.o (.text._ZN7drivers23Ina219_ConfigureDefaultEPNS_13Ina219ContextE)
                  00011c00    0000003c     libc.a : autoinit.c.obj (.text:__TI_auto_init_nobinit_nopinit)
                  00011c3c    0000003a     soft_i2c.o (.text._ZN7drivers15SoftI2c_IsReadyEPKNS_14SoftI2cContextE)
                  00011c76    0000003a     oled_ssd1306.o (.text._ZN7drivers17OledSsd1306_ClearEPNS_18OledSsd1306ContextE)
                  00011cb0    0000003a     libclang_rt.builtins.a : muldsi3.S.obj (.text)
                  00011cea    00000002     --HOLE-- [fill = 0]
                  00011cec    00000038     board_gy931.o (.text._ZN5board23Board_Gy931ProbeAddressEh)
                  00011d24    00000038     led.o (.text._ZN7drivers10Led_ToggleEPNS_10LedContextE)
                  00011d5c    00000038     buzzer.o (.text._ZN7drivers11Buzzer_InitEPNS_13BuzzerContextEPKNS_12BuzzerConfigE)
                  00011d94    00000038     button.o (.text._ZN7drivers14Button_ReadRawEPNS_13ButtonContextEPb)
                  00011dcc    00000038     oled_ssd1306.o (.text._ZN7drivers16OledSsd1306_FillEPNS_18OledSsd1306ContextEh)
                  00011e04    00000038     ina219.o (.text._ZN7drivers19Ina219_ProbeAddressEPNS_13Ina219ContextEhPt)
                  00011e3c    00000038     led.o (.text._ZN7drivers8Led_InitEPNS_10LedContextEPKNS_9LedConfigE)
                  00011e74    00000038     time.o (.text._ZN8services9Time_InitEv)
                  00011eac    00000036     oled_ssd1306.o (.text._ZN7drivers19OledSsd1306_IsReadyEPKNS_18OledSsd1306ContextE)
                  00011ee2    00000002     --HOLE-- [fill = 0]
                  00011ee4    00000034     app_shell.o (.text._ZN3app12_GLOBAL__N_113Gy931OledTaskEv)
                  00011f18    00000034     app_shell.o (.text._ZN3app12_GLOBAL__N_114Ina219OledTaskEv)
                  00011f4c    00000034     board_button.o (.text._ZN5board19Board_ButtonsUpdateEj)
                  00011f80    00000030     driverlib.a : dl_i2c.o (.text.DL_I2C_flushControllerRXFIFO)
                  00011fb0    00000030                 : dl_uart.o (.text.DL_UART_transmitDataBlocking)
                  00011fe0    00000030     ti_msp_dl_config.o (.text.SYSCFG_DL_SYSCTL_init)
                  00012010    00000030     app_shell.o (.text._ZN3app12_GLOBAL__N_115WriteStatusLineEPKcN7drivers12DriverStatusE)
                  00012040    00000030     app_shell.o (.text._ZN3app12_GLOBAL__N_121PrintMotorConfigBlockERKNS_19motor_driver_client12CountsPerRevE)
                  00012070    00000030     buzzer.o (.text._ZN7drivers10Buzzer_OffEPNS_13BuzzerContextE)
                  000120a0    00000030     i2c_diag.o (.text._ZN7drivers12_GLOBAL__N_118CheckTransferErrorEP8I2C_Regs)
                  000120d0    00000030     led.o (.text._ZN7drivers7Led_SetEPNS_10LedContextEb)
                  00012100    00000030     buzzer.o (.text._ZN7drivers9Buzzer_OnEPNS_13BuzzerContextE)
                  00012130    0000002e     ina219.o (.text._ZN7drivers19Ina219_ReadRegisterEPNS_13Ina219ContextEhPt)
                  0001215e    00000002     --HOLE-- [fill = 0]
                  00012160    0000002c     app_shell.o (.text._ZN3app12_GLOBAL__N_113PrintLedUsageEv)
                  0001218c    0000002c     board.o (.text._ZN5board10Board_InitEv)
                  000121b8    0000002c     board_oled.o (.text._ZN5board15Board_OledProbeEv)
                  000121e4    0000002c     board_gy931.o (.text._ZN5board21Board_Gy931RecoverBusEv)
                  00012210    0000002c     ina219.o (.text._ZN7drivers20Ina219_WriteRegisterEPNS_13Ina219ContextEht)
                  0001223c    0000002c     lora.o (.text._ZN7drivers28LoraUart_GetControllerStatusEPKNS_15LoraUartContextEPj)
                  00012268    0000002c     motor_driver_uart.o (.text._ZN7drivers35MotorDriverUart_GetControllerStatusEPKNS_22MotorDriverUartContextEPj)
                  00012294    0000002c     scheduler.o (.text._ZN8services20Scheduler_EnableTaskEhb)
                  000122c0    0000002a     ina219.o (.text._ZN7drivers12Ina219_ResetEPNS_13Ina219ContextE)
                  000122ea    0000002a     lora.o (.text._ZN7drivers23LoraUart_GetRxAvailableEPKNS_15LoraUartContextE)
                  00012314    0000002a     motor_driver_uart.o (.text._ZN7drivers30MotorDriverUart_GetRxAvailableEPKNS_22MotorDriverUartContextE)
                  0001233e    00000002     --HOLE-- [fill = 0]
                  00012340    00000028     app_shell.o (.text._ZN3app12_GLOBAL__N_112ResetCommandEiPKPKc)
                  00012368    00000028     board_lora.o (.text._ZN5board14Board_LoraInitEv)
                  00012390    00000028     board_motor_driver.o (.text._ZN5board21Board_MotorDriverInitEv)
                  000123b8    00000028     libc.a : boot_cortex_m.c.obj (.text:_c_int00_noargs)
                  000123e0    00000026     driverlib.a : dl_i2c.o (.text.DL_I2C_setClockConfig)
                  00012406    00000002     --HOLE-- [fill = 0]
                  00012408    00000024     app_shell.o (.text._ZN3app12_GLOBAL__N_110WriteInt32Ei)
                  0001242c    00000024     time.o (.text._ZN8services12Time_DelayMsEj)
                  00012450    00000024     libclang_rt.builtins.a : muldi3.S.obj (.text)
                  00012474    00000022     button.o (.text._ZN7drivers17Button_WasPressedEPNS_13ButtonContextE)
                  00012496    00000022     button.o (.text._ZN7drivers18Button_WasReleasedEPNS_13ButtonContextE)
                  000124b8    00000020     app_shell.o (.text._ZN3app12_GLOBAL__N_126PrintMotorPositionPidBlockERKNS_19motor_driver_client11PositionPidE)
                  000124d8    00000020     board_led.o (.text._ZN5board13Board_LedIsOnENS_10BoardLedIdE)
                  000124f8    00000020     board_oled.o (.text._ZN5board14Board_OledInitEv)
                  00012518    00000020     board_led.o (.text._ZN5board16Board_LedIsReadyENS_10BoardLedIdE)
                  00012538    0000001e     ina219.o (.text._ZN7drivers17Ina219_GetAddressEPKNS_13Ina219ContextE)
                  00012556    0000001e     ina219.o (.text._ZN7drivers21Ina219_GetCalibrationEPKNS_13Ina219ContextE)
                  00012574    0000001e     libclang_rt.builtins.a : ashldi3.S.obj (.text)
                  00012592    00000002     --HOLE-- [fill = 0]
                  00012594    0000001c     driverlib.a : dl_spi.o (.text.DL_SPI_receiveDataCheck8)
                  000125b0    0000001c                 : dl_spi.o (.text.DL_SPI_transmitDataCheck8)
                  000125cc    0000001c     app_main.o (.text._ZN3app7App_RunEv)
                  000125e8    0000001c     board_led.o (.text._ZN5board11Board_LedOnENS_10BoardLedIdE)
                  00012604    0000001c     board_led.o (.text._ZN5board12Board_LedOffENS_10BoardLedIdE)
                  00012620    0000001c     board_led.o (.text._ZN5board15Board_LedToggleENS_10BoardLedIdE)
                  0001263c    0000001c     board_button.o (.text._ZN5board19Board_ButtonReadRawENS_13BoardButtonIdEPb)
                  00012658    0000001c     board_button.o (.text._ZN5board21Board_ButtonIsPressedENS_13BoardButtonIdE)
                  00012674    0000001c     board_button.o (.text._ZN5board22Board_ButtonWasPressedENS_13BoardButtonIdE)
                  00012690    0000001c     board_button.o (.text._ZN5board23Board_ButtonWasReleasedENS_13BoardButtonIdE)
                  000126ac    0000001c     ina219.o (.text._ZN7drivers14Ina219_IsReadyEPKNS_13Ina219ContextE)
                  000126c8    0000001c     fm24cl64b.o (.text._ZN7drivers17Fm24cl64b_IsReadyEPKNS_16Fm24cl64bContextE)
                  000126e4    0000001c     debug_uart.o (.text._ZN8services19DebugUart_WriteCharEc)
                  00012700    0000001a     button.o (.text._ZN7drivers16Button_IsPressedEPKNS_13ButtonContextE)
                  0001271a    0000001a     led.o (.text._ZN7drivers8Led_IsOnEPKNS_10LedContextE)
                  00012734    0000001a     libclang_rt.builtins.a : aeabi_memset.S.obj (.text)
                  0001274e    00000002     --HOLE-- [fill = 0]
                  00012750    00000018     board_i2c_bus.o (.text._ZN5board15Board_I2cBusGetEj)
                  00012768    00000018     board_button.o (.text._ZN5board19Board_ButtonGetNameENS_13BoardButtonIdE)
                  00012780    00000018     lora.o (.text._ZN7drivers20LoraUart_GetBaudrateEPKNS_15LoraUartContextE)
                  00012798    00000018     motor_driver_uart.o (.text._ZN7drivers27MotorDriverUart_GetBaudrateEPKNS_22MotorDriverUartContextE)
                  000127b0    00000018     time.o (.text._ZN8services15Time_HasElapsedEjj)
                  000127c8    00000016     app_main.o (.text._ZN12_GLOBAL__N_118App_ButtonScanTaskEv)
                  000127de    00000016     led.o (.text._ZN7drivers11Led_IsReadyEPKNS_10LedContextE)
                  000127f4    00000016     buzzer.o (.text._ZN7drivers14Buzzer_IsReadyEPKNS_13BuzzerContextE)
                  0001280a    00000016     lora.o (.text._ZN7drivers16LoraUart_IsReadyEPKNS_15LoraUartContextE)
                  00012820    00000016     motor_driver_uart.o (.text._ZN7drivers23MotorDriverUart_IsReadyEPKNS_22MotorDriverUartContextE)
                  00012836    00000016     libc.a : copy_zero_init.c.obj (.text:decompress:ZI:__TI_zero_init_nomemset)
                  0001284c    00000014     config_store.o (.text._ZN3app21ConfigStore_ParamNameEh)
                  00012860    00000014     board_fram.o (.text._ZN5board14Board_FramInitEv)
                  00012874    00000014     board_fram.o (.text._ZN5board14Board_FramReadEtPht)
                  00012888    00000014     board_fram.o (.text._ZN5board15Board_FramWriteEtPKht)
                  0001289c    00000014     board_lora.o (.text._ZN5board15Board_LoraWriteEPKht)
                  000128b0    00000014     board_buzzer.o (.text._ZN5board16Board_BuzzerInitEv)
                  000128c4    00000014     board_fram.o (.text._ZN5board18Board_FramReadByteEtPh)
                  000128d8    00000014     board_fram.o (.text._ZN5board18Board_FramSelfTestEv)
                  000128ec    00000014     board_fram.o (.text._ZN5board19Board_FramWriteByteEth)
                  00012900    00000014     board_oled.o (.text._ZN5board19Board_OledWriteTextEhhPKc)
                  00012914    00000014     board_motor_driver.o (.text._ZN5board22Board_MotorDriverWriteEPKht)
                  00012928    00000014     board_ina219.o (.text._ZN5board24Board_Ina219ProbeAddressEhPt)
                  0001293c    00000014     board_ina219.o (.text._ZN5board24Board_Ina219ReadRegisterEhPt)
                  00012950    00000014     board_ina219.o (.text._ZN5board25Board_Ina219WriteRegisterEht)
                  00012964    00000014     fm24cl64b.o (.text._ZN7drivers19Fm24cl64b_WriteByteEPNS_16Fm24cl64bContextEth)
                  00012978    00000014     shell.o (.text._ZN8services15Shell_WriteLineEPKc)
                  0001298c    00000014     libclang_rt.builtins.a : aeabi_ldivmod.S.obj (.text)
                  000129a0    00000012     driverlib.a : dl_spi.o (.text.DL_SPI_setClockConfig)
                  000129b2    00000012                 : dl_uart.o (.text.DL_UART_setClockConfig)
                  000129c4    00000012     libc.a : copy_decompress_none.c.obj (.text:decompress:none)
                  000129d6    00000002     --HOLE-- [fill = 0]
                  000129d8    00000010     time.o (.text.SysTick_Handler)
                  000129e8    00000010     board_lora.o (.text.UART0_IRQHandler)
                  000129f8    00000010     board_motor_driver.o (.text.UART1_IRQHandler)
                  00012a08    00000010     app_shell.o (.text._ZN3app12_GLOBAL__N_110AdcCommandEiPKPKc)
                  00012a18    00000010     board_buzzer.o (.text._ZN5board14Board_BuzzerOnEv)
                  00012a28    00000010     board_oled.o (.text._ZN5board14Board_OledFillEh)
                  00012a38    00000010     board_buzzer.o (.text._ZN5board15Board_BuzzerOffEv)
                  00012a48    00000010     board_oled.o (.text._ZN5board15Board_OledClearEv)
                  00012a58    00000010     board_fram.o (.text._ZN5board17Board_FramIsReadyEv)
                  00012a68    00000010     board_ina219.o (.text._ZN5board17Board_Ina219ResetEv)
                  00012a78    00000010     board_lora.o (.text._ZN5board17Board_LoraIsReadyEv)
                  00012a88    00000010     board_oled.o (.text._ZN5board17Board_OledIsReadyEv)
                  00012a98    00000010     board_gy931.o (.text._ZN5board18Board_Gy931IsReadyEv)
                  00012aa8    00000010     board_lora.o (.text._ZN5board18Board_LoraReadByteEPh)
                  00012ab8    00000010     board_buzzer.o (.text._ZN5board19Board_BuzzerIsReadyEv)
                  00012ac8    00000010     board_ina219.o (.text._ZN5board19Board_Ina219IsReadyEv)
                  00012ad8    00000010     board_lora.o (.text._ZN5board19Board_LoraWriteByteEh)
                  00012ae8    00000010     board_oled.o (.text._ZN5board19Board_OledSetInvertEb)
                  00012af8    00000010     board_fram.o (.text._ZN5board20Board_FramRecoverBusEv)
                  00012b08    00000010     board_lora.o (.text._ZN5board21Board_LoraGetBaudrateEv)
                  00012b18    00000010     board_oled.o (.text._ZN5board21Board_OledTestPatternEv)
                  00012b28    00000010     board_ina219.o (.text._ZN5board22Board_Ina219GetAddressEv)
                  00012b38    00000010     board_ina219.o (.text._ZN5board22Board_Ina219RecoverBusEv)
                  00012b48    00000010     board_ina219.o (.text._ZN5board22Board_Ina219SetAddressEh)
                  00012b58    00000010     board_oled.o (.text._ZN5board22Board_OledSetDisplayOnEb)
                  00012b68    00000010     board_ina219.o (.text._ZN5board23Board_Ina219CalibrationEv)
                  00012b78    00000010     board_lora.o (.text._ZN5board23Board_LoraClearRxBufferEv)
                  00012b88    00000010     board_lora.o (.text._ZN5board24Board_LoraGetRxAvailableEv)
                  00012b98    00000010     board_motor_driver.o (.text._ZN5board24Board_MotorDriverIsReadyEv)
                  00012ba8    00000010     board_motor_driver.o (.text._ZN5board25Board_MotorDriverReadByteEPh)
                  00012bb8    00000010     board_motor_driver.o (.text._ZN5board26Board_MotorDriverWriteByteEh)
                  00012bc8    00000010     board_ina219.o (.text._ZN5board27Board_Ina219ReadMeasurementEPN7drivers17Ina219MeasurementE)
                  00012bd8    00000010     board_lora.o (.text._ZN5board27Board_LoraGetRxDroppedCountEv)
                  00012be8    00000010     board_ina219.o (.text._ZN5board28Board_Ina219ConfigureDefaultEv)
                  00012bf8    00000010     board_ina219.o (.text._ZN5board28Board_Ina219ReadRawRegistersEPN7drivers18Ina219RawRegistersE)
                  00012c08    00000010     board_motor_driver.o (.text._ZN5board28Board_MotorDriverGetBaudrateEv)
                  00012c18    00000010     board_lora.o (.text._ZN5board29Board_LoraGetControllerStatusEPj)
                  00012c28    00000010     board_motor_driver.o (.text._ZN5board30Board_MotorDriverClearRxBufferEv)
                  00012c38    00000010     board_motor_driver.o (.text._ZN5board31Board_MotorDriverGetRxAvailableEv)
                  00012c48    00000010     board_motor_driver.o (.text._ZN5board34Board_MotorDriverGetRxDroppedCountEv)
                  00012c58    00000010     board_motor_driver.o (.text._ZN5board36Board_MotorDriverGetControllerStatusEPj)
                  00012c68    00000010     fault.o (.text._ZN8services9Fault_SetENS_9FaultCodeE)
                  00012c78    0000000c     board_oled.o (.text._ZN5board15Board_OledWidthEv)
                  00012c84    0000000c     board_imu.o (.text._ZN5board16Board_ImuIsReadyEv)
                  00012c90    0000000c     board_oled.o (.text._ZN5board16Board_OledHeightEv)
                  00012c9c    0000000c     board_oled.o (.text._ZN5board17Board_OledAddressEv)
                  00012ca8    0000000c     board_gy931.o (.text._ZN5board18Board_Gy931AddressEv)
                  00012cb4    0000000c     lora.o (.text._ZN7drivers26LoraUart_GetRxDroppedCountEPKNS_15LoraUartContextE)
                  00012cc0    0000000c     motor_driver_uart.o (.text._ZN7drivers33MotorDriverUart_GetRxDroppedCountEPKNS_22MotorDriverUartContextE)
                  00012ccc    0000000c     fault.o (.text._ZN8services10Fault_InitEv)
                  00012cd8    0000000c     time.o (.text._ZN8services11Time_MillisEv)
                  00012ce4    0000000c     debug_uart.o (.text._ZN8services17DebugUart_IsReadyEv)
                  00012cf0    0000000c     fault.o (.text._ZN8services9Fault_GetEv)
                  00012cfc    0000000a     driverlib.a : dl_common.o (.text.DL_Common_delayCycles)
                  00012d06    0000000a     fm24cl64b.o (.text._ZN7drivers18Fm24cl64b_ReadByteEPNS_16Fm24cl64bContextEtPh)
                  00012d10    00000008     config_store.o (.text._ZN3app15ConfigStore_GetEv)
                  00012d18    00000008     chassis.o (.text._ZN3app16Chassis_GetStateEv)
                  00012d20    00000008     config_store.o (.text._ZN3app21ConfigStore_GetStatusEv)
                  00012d28    00000008     shell.o (.text._ZN8services15Shell_WriteCharEc)
                  00012d30    00000008     shell.o (.text._ZN8services17Shell_WriteStringEPKc)
                  00012d38    00000008     shell.o (.text._ZN8services17Shell_WriteUInt32Ej)
                  00012d40    00000008     libclang_rt.builtins.a : aeabi_memcpy.S.obj (.text)
                  00012d48    00000006     board_fram.o (.text._ZN5board23Board_FramCapacityBytesEv)
                  00012d4e    00000006     libc.a : exit.c.obj (.text:abort)
                  00012d54    00000004     libsysbm.a : hostexit.c.obj (.text.HOSTexit)
                  00012d58    00000004     startup_mspm0g351x_ticlang.o (.text.Reset_Handler)
                  00012d5c    00000010     libc.a : boot_cortex_m.c.obj (.tramp._c_int00_noargs.1)
                  00012d6c    00000004     config_store.o (.text._ZN3app22ConfigStore_ParamCountEv)
                  00012d70    00000004     board_led.o (.text._ZN5board14Board_LedCountEv)
                  00012d74    00000004     board_i2c_bus.o (.text._ZN5board17Board_I2cBusCountEv)
                  00012d78    00000004     libc.a : pre_init.c.obj (.text._system_pre_init)
                  00012d7c    00000004     --HOLE-- [fill = 0]

.cinit     0    000156b0    00000068     
                  000156b0    00000041     (.cinit..data.load) [load image, compression = lzss]
                  000156f1    00000003     --HOLE-- [fill = 0]
                  000156f4    0000000c     (__TI_handler_table)
                  00015700    00000008     (.cinit..bss.load) [load image, compression = zero_init]
                  00015708    00000010     (__TI_cinit_table)

.rodata    0    00012d80    00002930     
                  00012d80    00000400     config_store.o (.rodata..L.crctable)
                  00013180    000001e0     oled_ssd1306.o (.rodata._ZN7drivers12_GLOBAL__N_18kFont5x7E)
                  00013360    00000180     config_store.o (.rodata._ZN3app12_GLOBAL__N_117kParamDescriptorsE)
                  000134e0    00000100     app_shell.o (.rodata..L.crctable)
                  000135e0    000000b0     board_i2c_bus.o (.rodata._ZN5board12_GLOBAL__N_110g_i2cBusesE)
                  00013690    00000045     app_shell.o (.rodata.str1.2354522874658768371.1)
                  000136d5    00000044     app_shell.o (.rodata.str1.10765756584264170646.1)
                  00013719    00000043     app_shell.o (.rodata.str1.6250143692566116756.1)
                  0001375c    00000040     app_shell.o (.rodata.str1.16002955380413704612.1)
                  0001379c    0000003f     app_shell.o (.rodata.str1.9307362830757344490.1)
                  000137db    0000003b     app_shell.o (.rodata.str1.13305312957799781956.1)
                  00013816    0000003a     app_shell.o (.rodata.str1.9210286441137644766.1)
                  00013850    00000039     app_shell.o (.rodata.str1.2029421846019890511.1)
                  00013889    00000039     app_shell.o (.rodata.str1.444886150797460539.1)
                  000138c2    00000002     ti_msp_dl_config.o (.rodata.gDEBUG_UARTClockConfig)
                  000138c4    00000038     board_ina219.o (.rodata._ZN5boardL14g_ina219ConfigE)
                  000138fc    00000037     app_shell.o (.rodata.str1.1695784342961477721.1)
                  00013933    00000035     app_shell.o (.rodata.str1.1983276796565948189.1)
                  00013968    00000034     app_shell.o (.rodata.str1.8515655798636656221.1)
                  0001399c    00000033     app_shell.o (.rodata.str1.871335262082007188.1)
                  000139cf    00000001     app_shell.o (.rodata._ZZN3app19motor_driver_client13ResetEncodersEPNS0_6ClientEE18kResetBothEncoders)
                  000139d0    00000030     board_button.o (.rodata._ZN5board12_GLOBAL__N_115g_buttonConfigsE)
                  00013a00    00000030     app_shell.o (.rodata.str1.1222417806814152126.1)
                  00013a30    00000030     app_shell.o (.rodata.str1.14683574465395229248.1)
                  00013a60    0000002e     app_shell.o (.rodata.str1.2112829382197544942.1)
                  00013a8e    0000002e     app_shell.o (.rodata.str1.9018689912544847403.1)
                  00013abc    0000002d     app_shell.o (.rodata.str1.15586260887364424134.1)
                  00013ae9    00000003     shell.o (.rodata.str1.10427229796524742636.1)
                  00013aec    0000002c     board_fram.o (.rodata._ZN5boardL12g_framConfigE)
                  00013b18    0000002c     app_shell.o (.rodata.str1.9914841333937594294.1)
                  00013b44    0000002b     app_shell.o (.rodata.str1.17219850762613485852.1)
                  00013b6f    0000002a     app_shell.o (.rodata.str1.4584059769797829508.1)
                  00013b99    0000002a     app_shell.o (.rodata.str1.9613508491485191367.1)
                  00013bc3    00000027     app_shell.o (.rodata.str1.10399184169238940547.1)
                  00013bea    00000027     app_shell.o (.rodata.str1.14384267027075031912.1)
                  00013c11    00000026     shell.o (.rodata.str1.6901712316327456926.1)
                  00013c37    00000001     app_shell.o (.rodata.str1.2556158338242340190.1)
                  00013c38    00000024     board_led.o (.rodata._ZN5board12_GLOBAL__N_112g_ledConfigsE)
                  00013c5c    00000023     app_shell.o (.rodata.str1.3590894685082263268.1)
                  00013c7f    00000001     --HOLE-- [fill = 0]
                  00013c80    00000020     board_gy931.o (.rodata._ZN5board12_GLOBAL__N_116g_gy931I2cConfigE)
                  00013ca0    00000020     app_shell.o (.rodata.str1.12395812238841081648.1)
                  00013cc0    00000020     app_shell.o (.rodata.str1.16423083052983990348.1)
                  00013ce0    00000020     app_shell.o (.rodata.str1.5407661000085889072.1)
                  00013d00    0000001f     app_shell.o (.rodata.str1.12689837511127178451.1)
                  00013d1f    0000001f     app_shell.o (.rodata.str1.14613035533147221857.1)
                  00013d3e    0000001f     app_shell.o (.rodata.str1.14648361161363975803.1)
                  00013d5d    0000001f     app_shell.o (.rodata.str1.7078129644076030331.1)
                  00013d7c    0000001e     app_shell.o (.rodata.str1.15434941628325917383.1)
                  00013d9a    0000001e     app_shell.o (.rodata.str1.18150999503394594367.1)
                  00013db8    0000001d     app_shell.o (.rodata.str1.10898729738530409555.1)
                  00013dd5    0000001d     app_shell.o (.rodata.str1.14205965562906606532.1)
                  00013df2    0000001d     app_shell.o (.rodata.str1.3218378721581701344.1)
                  00013e0f    0000001d     app_shell.o (.rodata.str1.4830991237564729075.1)
                  00013e2c    0000001d     app_shell.o (.rodata.str1.5661974456178807691.1)
                  00013e49    0000001d     app_shell.o (.rodata.str1.7535482591133560768.1)
                  00013e66    0000001d     app_shell.o (.rodata.str1.9330511253547015856.1)
                  00013e83    00000001     --HOLE-- [fill = 0]
                  00013e84    0000001c     app_shell.o (.rodata..Lswitch.table._ZN3app12_GLOBAL__N_115WriteStatusLineEPKcN7drivers12DriverStatusE)
                  00013ea0    0000001c     app_shell.o (.rodata.str1.2034895498426947182.1)
                  00013ebc    0000001c     app_shell.o (.rodata.str1.4561355912026728236.1)
                  00013ed8    0000001c     app_shell.o (.rodata.str1.5915467744016243284.1)
                  00013ef4    0000001b     app_shell.o (.rodata.str1.11988425272379929349.1)
                  00013f0f    0000001b     app_shell.o (.rodata.str1.17828083914467509567.1)
                  00013f2a    0000001b     app_shell.o (.rodata.str1.5763226748955673020.1)
                  00013f45    0000001b     app_shell.o (.rodata.str1.8287504627243269121.1)
                  00013f60    0000001b     app_shell.o (.rodata.str1.8406640635343907673.1)
                  00013f7b    0000001b     app_shell.o (.rodata.str1.931795180867172166.1)
                  00013f96    0000001a     app_shell.o (.rodata.str1.1047053269920726699.1)
                  00013fb0    0000001a     config_store.o (.rodata.str1.12033219760783693721.1)
                  00013fca    0000001a     app_shell.o (.rodata.str1.4364833213939746011.1)
                  00013fe4    0000001a     app_shell.o (.rodata.str1.6732668152964995079.1)
                  00013ffe    0000001a     app_shell.o (.rodata.str1.8963702969112686911.1)
                  00014018    00000019     app_shell.o (.rodata.str1.11364370692028555065.1)
                  00014031    00000019     app_shell.o (.rodata.str1.11515932757094173050.1)
                  0001404a    00000019     app_shell.o (.rodata.str1.15453031427744251291.1)
                  00014063    00000019     app_shell.o (.rodata.str1.3797254539615626137.1)
                  0001407c    00000018     oled_ssd1306.o (.rodata..L__const._ZN7drivers16OledSsd1306_InitEPNS_18OledSsd1306ContextEPKNS_17OledSsd1306ConfigE.init_commands)
                  00014094    00000018     app_shell.o (.rodata..Lswitch.table._ZN3app12_GLOBAL__N_110LedCommandEiPKPKc)
                  000140ac    00000018     app_shell.o (.rodata..Lswitch.table._ZN3app12_GLOBAL__N_114ChassisCommandEiPKPKc)
                  000140c4    00000018     app_shell.o (.rodata..Lswitch.table._ZN3app12_GLOBAL__N_114PrintI2cStatusEPKN7drivers16I2cDiagBusConfigE)
                  000140dc    00000018     board_lora.o (.rodata._ZN5boardL12g_loraConfigE)
                  000140f4    00000018     board_motor_driver.o (.rodata._ZN5boardL19g_motorDriverConfigE)
                  0001410c    00000018     app_shell.o (.rodata.str1.12984249117936450029.1)
                  00014124    00000018     app_shell.o (.rodata.str1.18064870084815154193.1)
                  0001413c    00000018     app_shell.o (.rodata.str1.4373942943625881212.1)
                  00014154    00000017     app_shell.o (.rodata.str1.4581240687132052572.1)
                  0001416b    00000017     app_shell.o (.rodata.str1.4718301332189448330.1)
                  00014182    00000017     app_shell.o (.rodata.str1.4765282673395706663.1)
                  00014199    00000017     shell.o (.rodata.str1.5680428239841774557.1)
                  000141b0    00000017     app_shell.o (.rodata.str1.9910804097406052719.1)
                  000141c7    00000016     config_store.o (.rodata.str1.11392457666285366609.1)
                  000141dd    00000016     app_shell.o (.rodata.str1.12144774989780088692.1)
                  000141f3    00000016     app_shell.o (.rodata.str1.13204140776596746875.1)
                  00014209    00000016     app_shell.o (.rodata.str1.13513309088777963189.1)
                  0001421f    00000016     app_shell.o (.rodata.str1.699895553008956456.1)
                  00014235    00000016     app_shell.o (.rodata.str1.8635314900416989314.1)
                  0001424b    00000015     app_shell.o (.rodata.str1.10112150257581002706.1)
                  00014260    00000015     app_shell.o (.rodata.str1.10655198733228341824.1)
                  00014275    00000015     app_shell.o (.rodata.str1.11809445933227703494.1)
                  0001428a    00000015     app_shell.o (.rodata.str1.12165419393892591306.1)
                  0001429f    00000015     app_shell.o (.rodata.str1.13993368087264210023.1)
                  000142b4    00000015     app_shell.o (.rodata.str1.14355953386558495977.1)
                  000142c9    00000015     app_shell.o (.rodata.str1.15233515076766056445.1)
                  000142de    00000015     app_shell.o (.rodata.str1.15957297692044786119.1)
                  000142f3    00000015     config_store.o (.rodata.str1.17439377310877603789.1)
                  00014308    00000015     config_store.o (.rodata.str1.17460830964141532537.1)
                  0001431d    00000015     app_shell.o (.rodata.str1.2767916714829989116.1)
                  00014332    00000015     config_store.o (.rodata.str1.6020816126973889502.1)
                  00014347    00000015     app_shell.o (.rodata.str1.7717429345810212474.1)
                  0001435c    00000015     config_store.o (.rodata.str1.7855644257009699570.1)
                  00014371    00000015     app_shell.o (.rodata.str1.7950140236767125311.1)
                  00014386    00000015     config_store.o (.rodata.str1.8760345401795888346.1)
                  0001439b    00000015     app_shell.o (.rodata.str1.9993995378713752655.1)
                  000143b0    00000014     config_store.o (.rodata.str1.10150284861949655031.1)
                  000143c4    00000014     app_shell.o (.rodata.str1.11810056576553604146.1)
                  000143d8    00000014     config_store.o (.rodata.str1.14046477834994395825.1)
                  000143ec    00000014     config_store.o (.rodata.str1.16396527236185789208.1)
                  00014400    00000014     app_shell.o (.rodata.str1.1735606048226007486.1)
                  00014414    00000014     config_store.o (.rodata.str1.3725611125351957354.1)
                  00014428    00000014     config_store.o (.rodata.str1.439253798699179061.1)
                  0001443c    00000014     app_shell.o (.rodata.str1.6429102455957669569.1)
                  00014450    00000014     app_shell.o (.rodata.str1.7858154358613116398.1)
                  00014464    00000014     app_shell.o (.rodata.str1.9749413079945087756.1)
                  00014478    00000013     app_shell.o (.rodata.str1.11325690732168652611.1)
                  0001448b    00000013     app_shell.o (.rodata.str1.16079002699872141978.1)
                  0001449e    00000013     app_shell.o (.rodata.str1.16835946644515092483.1)
                  000144b1    00000013     app_shell.o (.rodata.str1.2355494237171943752.1)
                  000144c4    00000013     app_shell.o (.rodata.str1.486096689455371503.1)
                  000144d7    00000013     app_shell.o (.rodata.str1.6741221679932540615.1)
                  000144ea    00000013     app_shell.o (.rodata.str1.8602760754867183125.1)
                  000144fd    00000012     app_shell.o (.rodata.str1.11880935390437614102.1)
                  0001450f    00000012     app_shell.o (.rodata.str1.12139680495649507277.1)
                  00014521    00000012     app_shell.o (.rodata.str1.12185306449572332681.1)
                  00014533    00000012     app_shell.o (.rodata.str1.14689973629795250186.1)
                  00014545    00000012     app_shell.o (.rodata.str1.16556295950709461880.1)
                  00014557    00000012     app_shell.o (.rodata.str1.1920446765128684034.1)
                  00014569    00000012     app_shell.o (.rodata.str1.2174065761012631512.1)
                  0001457b    00000012     app_shell.o (.rodata.str1.2509688030770190454.1)
                  0001458d    00000012     app_shell.o (.rodata.str1.3256265506082810711.1)
                  0001459f    00000012     app_shell.o (.rodata.str1.6141924026740255213.1)
                  000145b1    00000012     app_shell.o (.rodata.str1.7267978533840413714.1)
                  000145c3    00000012     shell.o (.rodata.str1.8246939600463437344.1)
                  000145d5    00000012     app_shell.o (.rodata.str1.9055250215258332321.1)
                  000145e7    00000011     config_store.o (.rodata.str1.10230824036256239097.1)
                  000145f8    00000011     app_shell.o (.rodata.str1.10942142601811546277.1)
                  00014609    00000011     app_shell.o (.rodata.str1.11187590877126870748.1)
                  0001461a    00000011     app_shell.o (.rodata.str1.12824201010631389445.1)
                  0001462b    00000011     app_shell.o (.rodata.str1.13030721149427952655.1)
                  0001463c    00000011     app_shell.o (.rodata.str1.14399694733058290430.1)
                  0001464d    00000011     app_shell.o (.rodata.str1.15176035481894813218.1)
                  0001465e    00000011     app_shell.o (.rodata.str1.15718131002869739432.1)
                  0001466f    00000011     app_shell.o (.rodata.str1.2575300681215869353.1)
                  00014680    00000011     app_shell.o (.rodata.str1.289627103221730650.1)
                  00014691    00000011     app_shell.o (.rodata.str1.3030045481369325523.1)
                  000146a2    00000011     app_shell.o (.rodata.str1.457134685058795777.1)
                  000146b3    00000011     app_shell.o (.rodata.str1.5183699985835163329.1)
                  000146c4    00000011     app_shell.o (.rodata.str1.671945175647755142.1)
                  000146d5    00000011     app_shell.o (.rodata.str1.860288802755812513.1)
                  000146e6    00000011     app_shell.o (.rodata.str1.8778837135027269807.1)
                  000146f7    00000010     app_shell.o (.rodata.str1.10045272382687720110.1)
                  00014707    00000010     app_shell.o (.rodata.str1.10063100725489470447.1)
                  00014717    00000010     app_shell.o (.rodata.str1.10594942368384070832.1)
                  00014727    00000010     app_shell.o (.rodata.str1.10673636489446728236.1)
                  00014737    00000010     app_shell.o (.rodata.str1.11208828733426745331.1)
                  00014747    00000010     app_shell.o (.rodata.str1.13643216153024045165.1)
                  00014757    00000010     app_shell.o (.rodata.str1.1420893864952581301.1)
                  00014767    00000010     app_shell.o (.rodata.str1.1431720735396876446.1)
                  00014777    00000010     app_shell.o (.rodata.str1.16368304853068341593.1)
                  00014787    00000010     app_shell.o (.rodata.str1.16458884249986146812.1)
                  00014797    00000010     app_shell.o (.rodata.str1.2686006007855973365.1)
                  000147a7    00000010     app_shell.o (.rodata.str1.4542404440653722632.1)
                  000147b7    00000010     config_store.o (.rodata.str1.5276595031501217099.1)
                  000147c7    00000010     app_shell.o (.rodata.str1.5515999138927817340.1)
                  000147d7    00000010     app_shell.o (.rodata.str1.5531439754045694522.1)
                  000147e7    00000010     app_shell.o (.rodata.str1.6357824671205653470.1)
                  000147f7    00000010     app_shell.o (.rodata.str1.738127925484632372.1)
                  00014807    00000010     app_shell.o (.rodata.str1.7863986223166603054.1)
                  00014817    00000010     app_shell.o (.rodata.str1.9620275128409837831.1)
                  00014827    00000010     app_shell.o (.rodata.str1.97227345183721019.1)
                  00014837    0000000f     app_shell.o (.rodata.str1.10240434636320304394.1)
                  00014846    0000000f     app_shell.o (.rodata.str1.10676024008785630941.1)
                  00014855    0000000f     app_shell.o (.rodata.str1.11627259167888876947.1)
                  00014864    0000000f     app_shell.o (.rodata.str1.13071761163155843764.1)
                  00014873    0000000f     app_shell.o (.rodata.str1.13760472749468428784.1)
                  00014882    0000000f     app_shell.o (.rodata.str1.15271578700424090375.1)
                  00014891    0000000f     app_shell.o (.rodata.str1.15616611124726231738.1)
                  000148a0    0000000f     config_store.o (.rodata.str1.15852422492383229417.1)
                  000148af    0000000f     app_shell.o (.rodata.str1.16762259460103771346.1)
                  000148be    0000000f     app_shell.o (.rodata.str1.17079496693311907377.1)
                  000148cd    0000000f     config_store.o (.rodata.str1.17906242668176345138.1)
                  000148dc    0000000f     app_shell.o (.rodata.str1.1818528395550233868.1)
                  000148eb    0000000f     app_shell.o (.rodata.str1.18199392941174819197.1)
                  000148fa    0000000f     app_shell.o (.rodata.str1.2370428100076675559.1)
                  00014909    0000000f     app_shell.o (.rodata.str1.2831129786622658843.1)
                  00014918    0000000f     app_shell.o (.rodata.str1.2961690588144940041.1)
                  00014927    0000000f     app_shell.o (.rodata.str1.4641291215374644332.1)
                  00014936    0000000f     app_shell.o (.rodata.str1.4906473829960206720.1)
                  00014945    0000000f     app_shell.o (.rodata.str1.5263001642383835309.1)
                  00014954    0000000f     app_shell.o (.rodata.str1.551504573030492924.1)
                  00014963    0000000f     app_shell.o (.rodata.str1.5640218363402806195.1)
                  00014972    0000000f     app_shell.o (.rodata.str1.638712236475948105.1)
                  00014981    0000000f     app_shell.o (.rodata.str1.6756868286634741853.1)
                  00014990    0000000f     app_shell.o (.rodata.str1.6985088606437959035.1)
                  0001499f    0000000f     app_shell.o (.rodata.str1.7536280090074249547.1)
                  000149ae    0000000f     config_store.o (.rodata.str1.756060086756481603.1)
                  000149bd    0000000f     app_shell.o (.rodata.str1.7743837333376801574.1)
                  000149cc    0000000f     app_shell.o (.rodata.str1.8567835230344529755.1)
                  000149db    0000000f     app_shell.o (.rodata.str1.8767742179201719121.1)
                  000149ea    0000000f     app_shell.o (.rodata.str1.9167415978045996327.1)
                  000149f9    0000000e     app_shell.o (.rodata.str1.10256891727475852015.1)
                  00014a07    0000000e     app_shell.o (.rodata.str1.10453793674332237457.1)
                  00014a15    0000000e     app_shell.o (.rodata.str1.107782727556153465.1)
                  00014a23    0000000e     app_shell.o (.rodata.str1.11085599432999950484.1)
                  00014a31    0000000e     app_shell.o (.rodata.str1.11417636334450101405.1)
                  00014a3f    0000000e     app_shell.o (.rodata.str1.12164603244115374595.1)
                  00014a4d    0000000e     app_shell.o (.rodata.str1.13442463908107530774.1)
                  00014a5b    0000000e     app_shell.o (.rodata.str1.13801472938381369419.1)
                  00014a69    0000000e     app_shell.o (.rodata.str1.13905551555577476806.1)
                  00014a77    0000000e     config_store.o (.rodata.str1.14135675076917525159.1)
                  00014a85    0000000e     app_shell.o (.rodata.str1.14223157730264656398.1)
                  00014a93    0000000e     app_shell.o (.rodata.str1.15170798190507263349.1)
                  00014aa1    0000000e     app_shell.o (.rodata.str1.15250642606891514023.1)
                  00014aaf    0000000e     app_shell.o (.rodata.str1.15631921964184120084.1)
                  00014abd    0000000e     app_shell.o (.rodata.str1.15728559335418606553.1)
                  00014acb    0000000e     app_shell.o (.rodata.str1.16800956331689080151.1)
                  00014ad9    0000000e     app_shell.o (.rodata.str1.17348661065144809008.1)
                  00014ae7    0000000e     app_shell.o (.rodata.str1.17876943342118536213.1)
                  00014af5    0000000e     app_shell.o (.rodata.str1.18269279803075602796.1)
                  00014b03    0000000e     app_shell.o (.rodata.str1.2160470991696560517.1)
                  00014b11    0000000e     app_shell.o (.rodata.str1.307130865115015209.1)
                  00014b1f    0000000e     app_shell.o (.rodata.str1.4179493015675024832.1)
                  00014b2d    0000000e     app_shell.o (.rodata.str1.5123905964118624653.1)
                  00014b3b    0000000e     app_shell.o (.rodata.str1.5372235894363256449.1)
                  00014b49    0000000e     app_shell.o (.rodata.str1.6213986015100719150.1)
                  00014b57    0000000e     app_shell.o (.rodata.str1.6411710860483804230.1)
                  00014b65    0000000e     app_shell.o (.rodata.str1.6784117614563954040.1)
                  00014b73    0000000e     app_shell.o (.rodata.str1.7571154574660953324.1)
                  00014b81    0000000e     app_shell.o (.rodata.str1.8674441817985872181.1)
                  00014b8f    0000000e     app_shell.o (.rodata.str1.9144633642026494361.1)
                  00014b9d    0000000e     app_shell.o (.rodata.str1.9307220092008964426.1)
                  00014bab    0000000e     app_shell.o (.rodata.str1.9315764513386952153.1)
                  00014bb9    0000000e     app_shell.o (.rodata.str1.9771379453730038237.1)
                  00014bc7    0000000d     app_shell.o (.rodata.str1.10491446739592751644.1)
                  00014bd4    0000000d     app_shell.o (.rodata.str1.10756110055158838206.1)
                  00014be1    0000000d     app_shell.o (.rodata.str1.11066750309610323631.1)
                  00014bee    0000000d     app_shell.o (.rodata.str1.11139999694760206320.1)
                  00014bfb    0000000d     app_shell.o (.rodata.str1.11627215746227218045.1)
                  00014c08    0000000d     app_shell.o (.rodata.str1.11695941591751426527.1)
                  00014c15    0000000d     app_shell.o (.rodata.str1.1207053347194752072.1)
                  00014c22    0000000d     app_shell.o (.rodata.str1.12171028956779732402.1)
                  00014c2f    0000000d     app_shell.o (.rodata.str1.12583477948311004516.1)
                  00014c3c    0000000d     app_shell.o (.rodata.str1.13456686701278321828.1)
                  00014c49    0000000d     app_shell.o (.rodata.str1.14031660303973722868.1)
                  00014c56    0000000d     app_shell.o (.rodata.str1.14241588195389562460.1)
                  00014c63    0000000d     app_shell.o (.rodata.str1.15243759629067864478.1)
                  00014c70    0000000d     app_shell.o (.rodata.str1.15645525071624774828.1)
                  00014c7d    0000000d     app_shell.o (.rodata.str1.15890787717468802715.1)
                  00014c8a    0000000d     app_shell.o (.rodata.str1.16030027069547225168.1)
                  00014c97    0000000d     app_shell.o (.rodata.str1.16954485173288524775.1)
                  00014ca4    0000000d     app_shell.o (.rodata.str1.17563913066770742391.1)
                  00014cb1    0000000d     app_shell.o (.rodata.str1.17894747200582054988.1)
                  00014cbe    0000000d     app_shell.o (.rodata.str1.17946445462908322557.1)
                  00014ccb    0000000d     app_shell.o (.rodata.str1.18321780392631004131.1)
                  00014cd8    0000000d     app_shell.o (.rodata.str1.3012107245209823623.1)
                  00014ce5    0000000d     app_shell.o (.rodata.str1.3408180322678171874.1)
                  00014cf2    0000000d     app_shell.o (.rodata.str1.347170334538847339.1)
                  00014cff    0000000d     app_shell.o (.rodata.str1.3775892609595549761.1)
                  00014d0c    0000000d     app_shell.o (.rodata.str1.3791812099772881164.1)
                  00014d19    0000000d     app_shell.o (.rodata.str1.3879560646291831357.1)
                  00014d26    0000000d     app_shell.o (.rodata.str1.3892416308557052197.1)
                  00014d33    0000000d     app_shell.o (.rodata.str1.3931913316430279012.1)
                  00014d40    0000000d     app_shell.o (.rodata.str1.4203577644585159315.1)
                  00014d4d    0000000d     app_shell.o (.rodata.str1.5164433326538179767.1)
                  00014d5a    0000000d     app_shell.o (.rodata.str1.5376205643164354286.1)
                  00014d67    0000000d     app_shell.o (.rodata.str1.560197181004569561.1)
                  00014d74    0000000d     app_shell.o (.rodata.str1.603491450591505373.1)
                  00014d81    0000000d     app_shell.o (.rodata.str1.6990210706562570998.1)
                  00014d8e    0000000d     app_shell.o (.rodata.str1.7323251101578629502.1)
                  00014d9b    0000000d     app_shell.o (.rodata.str1.7523381390121946373.1)
                  00014da8    0000000d     app_shell.o (.rodata.str1.7598868572271513517.1)
                  00014db5    0000000d     app_shell.o (.rodata.str1.7612592787831263617.1)
                  00014dc2    0000000d     app_shell.o (.rodata.str1.7850322238517394535.1)
                  00014dcf    0000000d     app_shell.o (.rodata.str1.7923626403509450708.1)
                  00014ddc    0000000d     app_shell.o (.rodata.str1.8035528561561339514.1)
                  00014de9    0000000d     app_shell.o (.rodata.str1.8497090786602423890.1)
                  00014df6    0000000d     app_shell.o (.rodata.str1.8509687067808380963.1)
                  00014e03    0000000d     app_shell.o (.rodata.str1.867258927394270769.1)
                  00014e10    0000000d     app_shell.o (.rodata.str1.868716187015188771.1)
                  00014e1d    0000000d     app_shell.o (.rodata.str1.906066569443847875.1)
                  00014e2a    0000000d     app_shell.o (.rodata.str1.9244822838137428263.1)
                  00014e37    0000000d     app_shell.o (.rodata.str1.9340981210136901086.1)
                  00014e44    0000000d     app_shell.o (.rodata.str1.9510743962955489881.1)
                  00014e51    00000003     app_shell.o (.rodata.str1.12202420964197988914.1)
                  00014e54    0000000c     board_button.o (.rodata..Lswitch.table._ZN5board19Board_ButtonGetNameENS_13BoardButtonIdE)
                  00014e60    0000000c     board_imu.o (.rodata..Lswitch.table._ZN5board19Board_ImuSetSpiModeEh)
                  00014e6c    0000000c     board_buzzer.o (.rodata._ZN5boardL14g_buzzerConfigE)
                  00014e78    0000000c     app_shell.o (.rodata.str1.10214528574276002300.1)
                  00014e84    0000000c     app_shell.o (.rodata.str1.10218881960771275491.1)
                  00014e90    0000000c     app_shell.o (.rodata.str1.10315330772167196409.1)
                  00014e9c    0000000c     app_shell.o (.rodata.str1.10686345719893916156.1)
                  00014ea8    0000000c     config_store.o (.rodata.str1.11187368836135200185.1)
                  00014eb4    0000000c     app_shell.o (.rodata.str1.11537518471689317164.1)
                  00014ec0    0000000c     app_shell.o (.rodata.str1.12588545937538655288.1)
                  00014ecc    0000000c     app_shell.o (.rodata.str1.12740913980015652509.1)
                  00014ed8    0000000c     app_shell.o (.rodata.str1.13507390935846511250.1)
                  00014ee4    0000000c     app_shell.o (.rodata.str1.1370999210712480726.1)
                  00014ef0    0000000c     app_shell.o (.rodata.str1.13772462829107236127.1)
                  00014efc    0000000c     app_shell.o (.rodata.str1.13837654594440465327.1)
                  00014f08    0000000c     app_shell.o (.rodata.str1.13923183189790686887.1)
                  00014f14    0000000c     app_shell.o (.rodata.str1.14233940187144292863.1)
                  00014f20    0000000c     app_shell.o (.rodata.str1.14639049301600042713.1)
                  00014f2c    0000000c     app_shell.o (.rodata.str1.14891418699318862133.1)
                  00014f38    0000000c     app_shell.o (.rodata.str1.15397327130298834941.1)
                  00014f44    0000000c     config_store.o (.rodata.str1.15686160682059732547.1)
                  00014f50    0000000c     app_shell.o (.rodata.str1.16234102244779358492.1)
                  00014f5c    0000000c     app_shell.o (.rodata.str1.16354136421054348586.1)
                  00014f68    0000000c     app_shell.o (.rodata.str1.16403652897496990845.1)
                  00014f74    0000000c     app_shell.o (.rodata.str1.16434931421802318348.1)
                  00014f80    0000000c     app_shell.o (.rodata.str1.1654390679581727887.1)
                  00014f8c    0000000c     app_shell.o (.rodata.str1.1666417036609286127.1)
                  00014f98    0000000c     app_shell.o (.rodata.str1.17124062935232563653.1)
                  00014fa4    0000000c     app_shell.o (.rodata.str1.17269466629117989041.1)
                  00014fb0    0000000c     config_store.o (.rodata.str1.18351778878402045207.1)
                  00014fbc    0000000c     app_shell.o (.rodata.str1.1886428569580364902.1)
                  00014fc8    0000000c     app_shell.o (.rodata.str1.1982875910071538061.1)
                  00014fd4    0000000c     app_shell.o (.rodata.str1.2672312858105111990.1)
                  00014fe0    0000000c     app_shell.o (.rodata.str1.4126815238888174570.1)
                  00014fec    0000000c     app_shell.o (.rodata.str1.4190646769514731288.1)
                  00014ff8    0000000c     app_shell.o (.rodata.str1.4215151899724944882.1)
                  00015004    0000000c     app_shell.o (.rodata.str1.4334110622959027977.1)
                  00015010    0000000c     app_shell.o (.rodata.str1.4392945030196501414.1)
                  0001501c    0000000c     app_shell.o (.rodata.str1.4654016994079693252.1)
                  00015028    0000000c     app_shell.o (.rodata.str1.5652790780262836254.1)
                  00015034    0000000c     app_shell.o (.rodata.str1.6351667589775284342.1)
                  00015040    0000000c     app_shell.o (.rodata.str1.6578158171544725696.1)
                  0001504c    0000000c     app_shell.o (.rodata.str1.7940456731757887554.1)
                  00015058    0000000c     app_shell.o (.rodata.str1.8934507472916618446.1)
                  00015064    0000000c     app_shell.o (.rodata.str1.9024521824633140134.1)
                  00015070    0000000c     app_shell.o (.rodata.str1.9081962557253678714.1)
                  0001507c    0000000c     app_shell.o (.rodata.str1.9082118575882053516.1)
                  00015088    0000000b     app_shell.o (.rodata.str1.10091040128680290456.1)
                  00015093    0000000b     app_shell.o (.rodata.str1.10465369967917398799.1)
                  0001509e    0000000b     app_shell.o (.rodata.str1.11698549779809542857.1)
                  000150a9    0000000b     app_shell.o (.rodata.str1.11886110321540570233.1)
                  000150b4    0000000b     app_shell.o (.rodata.str1.13626453309717720227.1)
                  000150bf    0000000b     app_shell.o (.rodata.str1.13884664080836546401.1)
                  000150ca    0000000b     app_shell.o (.rodata.str1.15191095550199914221.1)
                  000150d5    0000000b     app_shell.o (.rodata.str1.15385430944853875839.1)
                  000150e0    0000000b     app_shell.o (.rodata.str1.15776769504895676854.1)
                  000150eb    0000000b     app_shell.o (.rodata.str1.16906130264434024515.1)
                  000150f6    0000000b     app_shell.o (.rodata.str1.17560467775276443071.1)
                  00015101    0000000b     app_shell.o (.rodata.str1.17814141777586519065.1)
                  0001510c    0000000b     app_shell.o (.rodata.str1.18334646164448261171.1)
                  00015117    0000000b     app_shell.o (.rodata.str1.3185920080334599345.1)
                  00015122    0000000b     app_shell.o (.rodata.str1.3993449766649777392.1)
                  0001512d    0000000b     app_shell.o (.rodata.str1.3993930801943470712.1)
                  00015138    0000000b     app_shell.o (.rodata.str1.4722871664019758228.1)
                  00015143    0000000b     app_shell.o (.rodata.str1.5998451886276286134.1)
                  0001514e    0000000b     app_shell.o (.rodata.str1.7863334761919578676.1)
                  00015159    0000000b     app_shell.o (.rodata.str1.9391809367291156356.1)
                  00015164    0000000a     ti_msp_dl_config.o (.rodata.gDEBUG_UARTConfig)
                  0001516e    0000000a     ti_msp_dl_config.o (.rodata.gIMU_SPI_config)
                  00015178    0000000a     ti_msp_dl_config.o (.rodata.gLORA_UARTConfig)
                  00015182    0000000a     ti_msp_dl_config.o (.rodata.gMOTOR_UARTConfig)
                  0001518c    0000000a     app_shell.o (.rodata.str1.11836969374611347342.1)
                  00015196    0000000a     app_shell.o (.rodata.str1.11903828385650032657.1)
[...]
00011b4d  _ZN7drivers11Gy931_ProbeEPNS_12Gy931ContextE                                                
00011b89  _ZN7drivers13Gy931_IsReadyEPKNS_12Gy931ContextE                                             
00011bc5  _ZN7drivers23Ina219_ConfigureDefaultEPNS_13Ina219ContextE                                   
00011c01  __TI_auto_init_nobinit_nopinit                                                              
00011c3d  _ZN7drivers15SoftI2c_IsReadyEPKNS_14SoftI2cContextE                                         
00011c77  _ZN7drivers17OledSsd1306_ClearEPNS_18OledSsd1306ContextE                                    
00011cb1  __muldsi3                                                                                   
00011ced  _ZN5board23Board_Gy931ProbeAddressEh                                                        
00011d25  _ZN7drivers10Led_ToggleEPNS_10LedContextE                                                   
00011d5d  _ZN7drivers11Buzzer_InitEPNS_13BuzzerContextEPKNS_12BuzzerConfigE                           
00011d95  _ZN7drivers14Button_ReadRawEPNS_13ButtonContextEPb                                          
00011dcd  _ZN7drivers16OledSsd1306_FillEPNS_18OledSsd1306ContextEh                                    
00011e05  _ZN7drivers19Ina219_ProbeAddressEPNS_13Ina219ContextEhPt                                    
00011e3d  _ZN7drivers8Led_InitEPNS_10LedContextEPKNS_9LedConfigE                                      
00011e75  _ZN8services9Time_InitEv                                                                    
00011ead  _ZN7drivers19OledSsd1306_IsReadyEPKNS_18OledSsd1306ContextE                                 
00011f4d  _ZN5board19Board_ButtonsUpdateEj                                                            
00011f81  DL_I2C_flushControllerRXFIFO                                                                
00011fb1  DL_UART_transmitDataBlocking                                                                
00011fe1  SYSCFG_DL_SYSCTL_init                                                                       
00012071  _ZN7drivers10Buzzer_OffEPNS_13BuzzerContextE                                                
000120d1  _ZN7drivers7Led_SetEPNS_10LedContextEb                                                      
00012101  _ZN7drivers9Buzzer_OnEPNS_13BuzzerContextE                                                  
00012131  _ZN7drivers19Ina219_ReadRegisterEPNS_13Ina219ContextEhPt                                    
0001218d  _ZN5board10Board_InitEv                                                                     
000121b9  _ZN5board15Board_OledProbeEv                                                                
000121e5  _ZN5board21Board_Gy931RecoverBusEv                                                          
00012211  _ZN7drivers20Ina219_WriteRegisterEPNS_13Ina219ContextEht                                    
0001223d  _ZN7drivers28LoraUart_GetControllerStatusEPKNS_15LoraUartContextEPj                         
00012269  _ZN7drivers35MotorDriverUart_GetControllerStatusEPKNS_22MotorDriverUartContextEPj           
00012295  _ZN8services20Scheduler_EnableTaskEhb                                                       
000122c1  _ZN7drivers12Ina219_ResetEPNS_13Ina219ContextE                                              
000122eb  _ZN7drivers23LoraUart_GetRxAvailableEPKNS_15LoraUartContextE                                
00012315  _ZN7drivers30MotorDriverUart_GetRxAvailableEPKNS_22MotorDriverUartContextE                  
00012369  _ZN5board14Board_LoraInitEv                                                                 
00012391  _ZN5board21Board_MotorDriverInitEv                                                          
000123b9  _c_int00_noargs                                                                             
000123e1  DL_I2C_setClockConfig                                                                       
0001242d  _ZN8services12Time_DelayMsEj                                                                
00012451  __aeabi_lmul                                                                                
00012451  __muldi3                                                                                    
00012475  _ZN7drivers17Button_WasPressedEPNS_13ButtonContextE                                         
00012497  _ZN7drivers18Button_WasReleasedEPNS_13ButtonContextE                                        
000124d9  _ZN5board13Board_LedIsOnENS_10BoardLedIdE                                                   
000124f9  _ZN5board14Board_OledInitEv                                                                 
00012519  _ZN5board16Board_LedIsReadyENS_10BoardLedIdE                                                
00012539  _ZN7drivers17Ina219_GetAddressEPKNS_13Ina219ContextE                                        
00012557  _ZN7drivers21Ina219_GetCalibrationEPKNS_13Ina219ContextE                                    
00012575  __aeabi_llsl                                                                                
00012575  __ashldi3                                                                                   
00012595  DL_SPI_receiveDataCheck8                                                                    
000125b1  DL_SPI_transmitDataCheck8                                                                   
000125cd  _ZN3app7App_RunEv                                                                           
000125e9  _ZN5board11Board_LedOnENS_10BoardLedIdE                                                     
00012605  _ZN5board12Board_LedOffENS_10BoardLedIdE                                                    
00012621  _ZN5board15Board_LedToggleENS_10BoardLedIdE                                                 
0001263d  _ZN5board19Board_ButtonReadRawENS_13BoardButtonIdEPb                                        
00012659  _ZN5board21Board_ButtonIsPressedENS_13BoardButtonIdE                                        
00012675  _ZN5board22Board_ButtonWasPressedENS_13BoardButtonIdE                                       
00012691  _ZN5board23Board_ButtonWasReleasedENS_13BoardButtonIdE                                      
000126ad  _ZN7drivers14Ina219_IsReadyEPKNS_13Ina219ContextE                                           
000126c9  _ZN7drivers17Fm24cl64b_IsReadyEPKNS_16Fm24cl64bContextE                                     
000126e5  _ZN8services19DebugUart_WriteCharEc                                                         
00012701  _ZN7drivers16Button_IsPressedEPKNS_13ButtonContextE                                         
0001271b  _ZN7drivers8Led_IsOnEPKNS_10LedContextE                                                     
00012735  __aeabi_memset                                                                              
00012735  __aeabi_memset4                                                                             
00012735  __aeabi_memset8                                                                             
00012743  __aeabi_memclr                                                                              
00012743  __aeabi_memclr4                                                                             
00012743  __aeabi_memclr8                                                                             
00012751  _ZN5board15Board_I2cBusGetEj                                                                
00012769  _ZN5board19Board_ButtonGetNameENS_13BoardButtonIdE                                          
00012781  _ZN7drivers20LoraUart_GetBaudrateEPKNS_15LoraUartContextE                                   
00012799  _ZN7drivers27MotorDriverUart_GetBaudrateEPKNS_22MotorDriverUartContextE                     
000127b1  _ZN8services15Time_HasElapsedEjj                                                            
000127df  _ZN7drivers11Led_IsReadyEPKNS_10LedContextE                                                 
000127f5  _ZN7drivers14Buzzer_IsReadyEPKNS_13BuzzerContextE                                           
0001280b  _ZN7drivers16LoraUart_IsReadyEPKNS_15LoraUartContextE                                       
00012821  _ZN7drivers23MotorDriverUart_IsReadyEPKNS_22MotorDriverUartContextE                         
00012837  __TI_zero_init_nomemset                                                                     
0001284d  _ZN3app21ConfigStore_ParamNameEh                                                            
00012861  _ZN5board14Board_FramInitEv                                                                 
00012875  _ZN5board14Board_FramReadEtPht                                                              
00012889  _ZN5board15Board_FramWriteEtPKht                                                            
0001289d  _ZN5board15Board_LoraWriteEPKht                                                             
000128b1  _ZN5board16Board_BuzzerInitEv                                                               
000128c5  _ZN5board18Board_FramReadByteEtPh                                                           
000128d9  _ZN5board18Board_FramSelfTestEv                                                             
000128ed  _ZN5board19Board_FramWriteByteEth                                                           
00012901  _ZN5board19Board_OledWriteTextEhhPKc                                                        
00012915  _ZN5board22Board_MotorDriverWriteEPKht                                                      
00012929  _ZN5board24Board_Ina219ProbeAddressEhPt                                                     
0001293d  _ZN5board24Board_Ina219ReadRegisterEhPt                                                     
00012951  _ZN5board25Board_Ina219WriteRegisterEht                                                     
00012965  _ZN7drivers19Fm24cl64b_WriteByteEPNS_16Fm24cl64bContextEth                                  
00012979  _ZN8services15Shell_WriteLineEPKc                                                           
0001298d  __aeabi_ldivmod                                                                             
000129a1  DL_SPI_setClockConfig                                                                       
000129b3  DL_UART_setClockConfig                                                                      
000129c5  __TI_decompress_none                                                                        
000129d9  SysTick_Handler                                                                             
000129e9  UART0_IRQHandler                                                                            
000129f9  UART1_IRQHandler                                                                            
00012a19  _ZN5board14Board_BuzzerOnEv                                                                 
00012a29  _ZN5board14Board_OledFillEh                                                                 
00012a39  _ZN5board15Board_BuzzerOffEv                                                                
00012a49  _ZN5board15Board_OledClearEv                                                                
00012a59  _ZN5board17Board_FramIsReadyEv                                                              
00012a69  _ZN5board17Board_Ina219ResetEv                                                              
00012a79  _ZN5board17Board_LoraIsReadyEv                                                              
00012a89  _ZN5board17Board_OledIsReadyEv                                                              
00012a99  _ZN5board18Board_Gy931IsReadyEv                                                             
00012aa9  _ZN5board18Board_LoraReadByteEPh                                                            
00012ab9  _ZN5board19Board_BuzzerIsReadyEv                                                            
00012ac9  _ZN5board19Board_Ina219IsReadyEv                                                            
00012ad9  _ZN5board19Board_LoraWriteByteEh                                                            
00012ae9  _ZN5board19Board_OledSetInvertEb                                                            
00012af9  _ZN5board20Board_FramRecoverBusEv                                                           
00012b09  _ZN5board21Board_LoraGetBaudrateEv                                                          
00012b19  _ZN5board21Board_OledTestPatternEv                                                          
00012b29  _ZN5board22Board_Ina219GetAddressEv                                                         
00012b39  _ZN5board22Board_Ina219RecoverBusEv                                                         
00012b49  _ZN5board22Board_Ina219SetAddressEh                                                         
00012b59  _ZN5board22Board_OledSetDisplayOnEb                                                         
00012b69  _ZN5board23Board_Ina219CalibrationEv                                                        
00012b79  _ZN5board23Board_LoraClearRxBufferEv                                                        
00012b89  _ZN5board24Board_LoraGetRxAvailableEv                                                       
00012b99  _ZN5board24Board_MotorDriverIsReadyEv                                                       
00012ba9  _ZN5board25Board_MotorDriverReadByteEPh                                                     
00012bb9  _ZN5board26Board_MotorDriverWriteByteEh                                                     
00012bc9  _ZN5board27Board_Ina219ReadMeasurementEPN7drivers17Ina219MeasurementE                       
00012bd9  _ZN5board27Board_LoraGetRxDroppedCountEv                                                    
00012be9  _ZN5board28Board_Ina219ConfigureDefaultEv                                                   
00012bf9  _ZN5board28Board_Ina219ReadRawRegistersEPN7drivers18Ina219RawRegistersE                     
00012c09  _ZN5board28Board_MotorDriverGetBaudrateEv                                                   
00012c19  _ZN5board29Board_LoraGetControllerStatusEPj                                                 
00012c29  _ZN5board30Board_MotorDriverClearRxBufferEv                                                 
00012c39  _ZN5board31Board_MotorDriverGetRxAvailableEv                                                
00012c49  _ZN5board34Board_MotorDriverGetRxDroppedCountEv                                             
00012c59  _ZN5board36Board_MotorDriverGetControllerStatusEPj                                          
00012c69  _ZN8services9Fault_SetENS_9FaultCodeE                                                       
00012c79  _ZN5board15Board_OledWidthEv                                                                
00012c85  _ZN5board16Board_ImuIsReadyEv                                                               
00012c91  _ZN5board16Board_OledHeightEv                                                               
00012c9d  _ZN5board17Board_OledAddressEv                                                              
00012ca9  _ZN5board18Board_Gy931AddressEv                                                             
00012cb5  _ZN7drivers26LoraUart_GetRxDroppedCountEPKNS_15LoraUartContextE                             
00012cc1  _ZN7drivers33MotorDriverUart_GetRxDroppedCountEPKNS_22MotorDriverUartContextE               
00012ccd  _ZN8services10Fault_InitEv                                                                  
00012cd9  _ZN8services11Time_MillisEv                                                                 
00012ce5  _ZN8services17DebugUart_IsReadyEv                                                           
00012cf1  _ZN8services9Fault_GetEv                                                                    
00012cfd  DL_Common_delayCycles                                                                       
00012d07  _ZN7drivers18Fm24cl64b_ReadByteEPNS_16Fm24cl64bContextEtPh                                  
00012d11  _ZN3app15ConfigStore_GetEv                                                                  
00012d19  _ZN3app16Chassis_GetStateEv                                                                 
00012d21  _ZN3app21ConfigStore_GetStatusEv                                                            
00012d29  _ZN8services15Shell_WriteCharEc                                                             
00012d31  _ZN8services17Shell_WriteStringEPKc                                                         
00012d39  _ZN8services17Shell_WriteUInt32Ej                                                           
00012d41  __aeabi_memcpy                                                                              
00012d41  __aeabi_memcpy4                                                                             
00012d41  __aeabi_memcpy8                                                                             
00012d49  _ZN5board23Board_FramCapacityBytesEv                                                        
00012d4f  abort                                                                                       
00012d54  C$$EXIT                                                                                     
00012d55  HOSTexit                                                                                    
00012d59  Reset_Handler                                                                               
00012d6d  _ZN3app22ConfigStore_ParamCountEv                                                           
00012d71  _ZN5board14Board_LedCountEv                                                                 
00012d75  _ZN5board17Board_I2cBusCountEv                                                              
00012d79  _system_pre_init                                                                            
000139cf  _ZZN3app19motor_driver_client13ResetEncodersEPNS0_6ClientEE18kResetBothEncoders             
000156f4  __TI_Handler_Table_Base                                                                     
00015700  __TI_Handler_Table_Limit                                                                    
00015708  __TI_CINIT_Base                                                                             
00015718  __TI_CINIT_Limit                                                                            
00015718  __TI_CINIT_Warm                                                                             
20200000  __start___llvm_prf_bits                                                                     
20200000  __start___llvm_prf_cnts                                                                     
20200000  __stop___llvm_prf_bits                                                                      
20200000  __stop___llvm_prf_cnts                                                                      
20200650  gDEBUG_UARTBackup                                                                           
20200680  gIMU_SPIBackup                                                                              
2020ff00  __stack                                                                                     
20210000  __STACK_END                                                                                 
ffffffff  __TI_pprof_out_hndl                                                                         
ffffffff  __TI_prof_data_size                                                                         
ffffffff  __TI_prof_data_start                                                                        
ffffffff  __binit__                                                                                   
ffffffff  binit                                                                                       
UNDEFED   __mpu_init                                                                                  
UNDEFED   _system_post_cinit                                                                          

[385 symbols]
