******************************************************************************
            TI ARM Clang Linker PC v5.1.1                      
******************************************************************************
>> Linked Mon Jul  6 03:52:36 2026

OUTPUT FILE NAME:   <gugaPI.out>
ENTRY POINT SYMBOL: "_c_int00_noargs"  address: 0000a3a1


MEMORY CONFIGURATION

         name            origin    length      used     unused   attr    fill
----------------------  --------  ---------  --------  --------  ----  --------
  FLASH                 00000000   00080000  0000c2b8  00073d48  R  X
  SRAM_BANK0            20200000   00010000  00000684  0000f97c  RW X
  SRAM_BANK1            20210000   00010000  00000000  00010000  RW X
  BCR_CONFIG            41c00000   000000ff  00000000  000000ff  R   
  BSL_CONFIG            41c00100   00000080  00000000  00000080  R   
  DATA                  41d00000   00004000  00000000  00004000  R   


SEGMENT ALLOCATION MAP

run origin  load origin   length   init length attrs members
----------  ----------- ---------- ----------- ----- -------
00000000    00000000    0000ab98   0000ab98    r-x
  00000000    00000000    000000c0   000000c0    r-- .intvecs
  000000c0    000000c0    0000aad8   0000aad8    r-x .text
0000aba0    0000aba0    00001720   00001720    r--
  0000aba0    0000aba0    000016f0   000016f0    r-- .rodata
  0000c290    0000c290    00000030   00000030    r-- .cinit
20200000    20200000    00000584   00000000    rw-
  20200000    20200000    00000308   00000000    rw- .bss
  20200308    20200308    0000027c   00000000    rw- .data
2020ff00    2020ff00    00000100   00000000    rw-
  2020ff00    2020ff00    00000100   00000000    rw- .stack


SECTION ALLOCATION MAP

 output                                  attributes/
section   page    origin      length       input sections
--------  ----  ----------  ----------   ----------------
.intvecs   0    00000000    000000c0     
                  00000000    000000c0     startup_mspm0g351x_ticlang.o (.intvecs)

.text      0    000000c0    0000aad8     
                  000000c0    000019cc     app_shell.o (.text._ZN3app12_GLOBAL__N_112MotorCommandEiPKPKc)
                  00001a8c    00000a5c     app_shell.o (.text._ZN3app12_GLOBAL__N_110ImuCommandEiPKPKc)
                  000024e8    000008c0     app_shell.o (.text._ZN3app12_GLOBAL__N_113Ina219CommandEiPKPKc)
                  00002da8    00000880     app_shell.o (.text._ZN3app12_GLOBAL__N_111LoraCommandEiPKPKc)
                  00003628    00000724     app_shell.o (.text._ZN3app12_GLOBAL__N_110I2cCommandEiPKPKc)
                  00003d4c    00000474     shell.o (.text._ZN8services12_GLOBAL__N_113HandleLineEndEv)
                  000041c0    00000430     app_shell.o (.text._ZN3app12_GLOBAL__N_111FramCommandEiPKPKc)
                  000045f0    00000334     app_shell.o (.text._ZN3app12_GLOBAL__N_112MotorRequestEhhPKhhPNS0_18MotorProtocolFrameE)
                  00004924    000002cc     board_imu.o (.text._ZN5board12_GLOBAL__N_123ReadRegisterWithCommandEhPh)
                  00004bf0    00000284     board_imu.o (.text._ZN5board22Board_ImuWiggleSpiPinsEj)
                  00004e74    00000238     i2c_diag.o (.text._ZN7drivers16I2cDiag_ReadReg8EPKNS_16I2cDiagBusConfigEhhPht)
                  000050ac    00000234     board_imu.o (.text._ZN5board21Board_ImuSpiSampleIcmEhPhj)
                  000052e0    00000230     app_shell.o (.text._ZN3app12_GLOBAL__N_113ButtonCommandEiPKPKc)
                  00005510    00000224     fm24cl64b.o (.text._ZN7drivers14Fm24cl64b_ReadEPNS_16Fm24cl64bContextEtPht)
                  00005734    0000021c     board_imu.o (.text._ZN5board20Board_ImuSpiBurstIcmEjh)
                  00005950    000001e0     ina219.o (.text._ZN7drivers17Ina219_RecoverBusEPNS_13Ina219ContextE)
                  00005b30    000001e0     fm24cl64b.o (.text._ZN7drivers20Fm24cl64b_RecoverBusEPNS_16Fm24cl64bContextE)
                  00005d10    000001d0     fm24cl64b.o (.text._ZN7drivers15Fm24cl64b_WriteEPNS_16Fm24cl64bContextEtPKht)
                  00005ee0    000001d0     i2c_diag.o (.text._ZN7drivers18I2cDiag_RecoverBusEPKNS_16I2cDiagBusConfigE)
                  000060b0    000001c8     i2c_diag.o (.text._ZN7drivers17I2cDiag_WriteReg8EPKNS_16I2cDiagBusConfigEhhPKht)
                  00006278    000001b0     scheduler.o (.text._ZN8services13Scheduler_RunEv)
                  00006428    000001a4     ina219.o (.text._ZN7drivers12_GLOBAL__N_120ReadRegisterInternalEPNS_13Ina219ContextEhPt)
                  000065cc    00000188     i2c_diag.o (.text._ZN7drivers20I2cDiag_ProbeAddressEPKNS_16I2cDiagBusConfigEh)
                  00006754    00000170     app_shell.o (.text._ZN3app12_GLOBAL__N_113ParseI2cRangeEiPKPKchPhS5_)
                  000068c4    00000148     app_shell.o (.text._ZN3app12_GLOBAL__N_114PrintI2cStatusEPKN7drivers16I2cDiagBusConfigE)
                  00006a0c    00000148     app_shell.o (.text._ZN3app12_GLOBAL__N_123PrintMotorPositionBlockERKNS0_18MotorProtocolFrameE)
                  00006b54    00000140     debug_uart.o (.text._ZN8services21DebugUart_WriteUInt32Ej)
                  00006c94    0000013c     app_shell.o (.text._ZN3app12_GLOBAL__N_110I2cScanBusEPKN7drivers16I2cDiagBusConfigEhhb)
                  00006dd0    00000128     app_shell.o (.text._ZN3app12_GLOBAL__N_115PrintMotorUsageEv)
                  00006ef8    00000124     app_shell.o (.text._ZN3app25AppShell_RegisterCommandsEv)
                  0000701c    00000120     ina219.o (.text._ZN7drivers12_GLOBAL__N_121WriteRegisterInternalEPNS_13Ina219ContextEht)
                  0000713c    00000108     app_shell.o (.text._ZN3app12_GLOBAL__N_119PrintMotorFrameDataEPKcRKNS0_18MotorProtocolFrameE)
                  00007244    00000100     shell.o (.text._ZN8services10Shell_InitEv)
                  00007344    000000fc     ti_msp_dl_config.o (.text.SYSCFG_DL_GPIO_init)
                  00007440    000000f8     app_shell.o (.text._ZN3app12_GLOBAL__N_110ParseInt32EPKciiPi)
                  00007538    000000e0     app_shell.o (.text._ZN3app12_GLOBAL__N_110LedCommandEiPKPKc)
                  00007618    000000e0     app_shell.o (.text._ZN3app12_GLOBAL__N_113BuzzerCommandEiPKPKc)
                  000076f8    000000e0     scheduler.o (.text._ZN8services17Scheduler_AddTaskEPKcPFvvEjjPh)
                  000077d8    000000d4     shell.o (.text._ZN8services21Shell_RegisterCommandEPKcS1_PFviPKS1_E)
                  000078ac    000000d0     app_shell.o (.text._ZN3app12_GLOBAL__N_121PrintMotorEncoderLineEPKcRKNS0_18MotorProtocolFrameE)
                  0000797c    000000c8     board_imu.o (.text._ZN5board25Board_Lis3mdlReadRegisterEhPh)
                  00007a44    000000c8     ina219.o (.text._ZN7drivers11Ina219_InitEPNS_13Ina219ContextEPKNS_12Ina219ConfigE)
                  00007b0c    000000c8     lora.o (.text._ZN7drivers14LoraUart_WriteEPNS_15LoraUartContextEPKht)
                  00007bd4    000000c8     motor_driver_uart.o (.text._ZN7drivers21MotorDriverUart_WriteEPNS_22MotorDriverUartContextEPKht)
                  00007c9c    000000c4     board_imu.o (.text._ZN5board26Board_Icm45686ReadRegisterEhPh)
                  00007d60    000000c0     board_imu.o (.text._ZN5board23Board_Lis3mdlReadWhoAmIEPh)
                  00007e20    000000b8     ina219.o (.text._ZN7drivers12_GLOBAL__N_113ReleaseI2cBusEPKNS_12Ina219ConfigE)
                  00007ed8    000000b8     i2c_diag.o (.text._ZN7drivers12_GLOBAL__N_113ReleaseI2cBusEPKNS_16I2cDiagBusConfigE)
                  00007f90    000000b4     motor_driver_uart.o (.text._ZN7drivers20MotorDriverUart_InitEPNS_22MotorDriverUartContextEPKNS_21MotorDriverUartConfigE)
                  00008044    000000b0     app_shell.o (.text._ZN3app12_GLOBAL__N_110WriteHex32Ej)
                  000080f4    000000b0     board_i2c_bus.o (.text._ZN5board16Board_I2cBusFindEPKc)
                  000081a4    000000b0     scheduler.o (.text._ZN8services14Scheduler_InitEv)
                  00008254    000000ac     app_shell.o (.text._ZN3app12_GLOBAL__N_110PwmCommandEiPKPKc)
                  00008300    000000a4     app_shell.o (.text._ZN3app12_GLOBAL__N_118PrintMotorRpmBlockERKNS0_18MotorProtocolFrameE)
                  000083a4    000000a4     fm24cl64b.o (.text._ZN7drivers18Fm24cl64b_SelfTestEPNS_16Fm24cl64bContextEt)
                  00008448    000000a2     libclang_rt.builtins.a : udivmoddi4.S.obj (.text)
                  000084ea    0000009c     app_shell.o (.text._ZN3app12_GLOBAL__N_111ParseUint32EPKcjPj)
                  00008586    00000002     startup_mspm0g351x_ticlang.o (.text.Default_Handler)
                  00008588    0000009c     board_imu.o (.text._ZN5board19Board_ImuSetSpiModeEh)
                  00008624    0000009a     libc.a : memcpy16.S.obj (.text:memcpy)
                  000086be    00000002     board.o (.text._ZN5board14Board_LateInitEv)
                  000086c0    00000098     motor_driver_uart.o (.text._ZN7drivers29MotorDriverUart_ClearRxBufferEPNS_22MotorDriverUartContextE)
                  00008758    00000094     lora.o (.text._ZN7drivers18LoraUart_WriteByteEPNS_15LoraUartContextEh)
                  000087ec    00000094     motor_driver_uart.o (.text._ZN7drivers25MotorDriverUart_WriteByteEPNS_22MotorDriverUartContextEh)
                  00008880    00000094     shell.o (.text._ZN8services13Shell_ProcessEv)
                  00008914    00000092     ina219.o (.text._ZN7drivers23Ina219_ReadRawRegistersEPNS_13Ina219ContextEPNS_18Ina219RawRegistersE)
                  000089a6    0000008a     app_shell.o (.text._ZN3app12_GLOBAL__N_121MotorReadCountsPerRevEbPj)
                  00008a30    00000088     ti_msp_dl_config.o (.text.SYSCFG_DL_DEBUG_UART_init)
                  00008ab8    00000088     ti_msp_dl_config.o (.text.SYSCFG_DL_LORA_UART_init)
                  00008b40    00000088     ti_msp_dl_config.o (.text.SYSCFG_DL_MOTOR_UART_init)
                  00008bc8    00000084     lora.o (.text._ZN7drivers13LoraUart_InitEPNS_15LoraUartContextEPKNS_14LoraUartConfigE)
                  00008c4c    0000007e     app_shell.o (.text._ZN3app12_GLOBAL__N_113LoraWriteArgsEiPKPKcbPt)
                  00008cca    0000007e     app_shell.o (.text._ZN3app12_GLOBAL__N_114MotorWriteArgsEiPKPKcbPt)
                  00008d48    0000007c     ti_msp_dl_config.o (.text.SYSCFG_DL_initPower)
                  00008dc4    0000007c     lora.o (.text._ZN7drivers19LoraUart_IrqHandlerEPNS_15LoraUartContextE)
                  00008e40    0000007c     libc.a : copy_decompress_lzss.c.obj (.text:decompress:lzss)
                  00008ebc    00000074     app_shell.o (.text._ZN3app12_GLOBAL__N_118PrintMotorPidBlockERKNS0_18MotorProtocolFrameE)
                  00008f30    00000074     ina219.o (.text._ZN7drivers22Ina219_ReadMeasurementEPNS_13Ina219ContextEPNS_17Ina219MeasurementE)
                  00008fa4    0000006c     debug_uart.o (.text.UART5_IRQHandler)
                  00009010    0000006c     motor_driver_uart.o (.text._ZN7drivers26MotorDriverUart_IrqHandlerEPNS_22MotorDriverUartContextE)
                  0000907c    0000006c     debug_uart.o (.text._ZN8services21DebugUart_WriteStringEPKc)
                  000090e8    00000068     app_shell.o (.text._ZN3app12_GLOBAL__N_113PrintImuUsageEv)
                  00009150    00000068     app_shell.o (.text._ZN3app12_GLOBAL__N_116PrintIna219UsageEv)
                  000091b8    00000068     app_shell.o (.text._ZN3app12_GLOBAL__N_121PrintMotorConfigBlockERKNS0_18MotorProtocolFrameE)
                  00009220    00000066     app_shell.o (.text._ZN3app12_GLOBAL__N_121MotorReadEncoderCountEbPi)
                  00009286    00000002     log.o (.text._ZN8services8Log_InitEv)
                  00009288    00000064     app_shell.o (.text._ZN3app12_GLOBAL__N_110WriteHex16Et)
                  000092ec    00000064     app_shell.o (.text._ZN3app12_GLOBAL__N_127PrintMotorPositionPidFieldsEPKh)
                  00009350    00000064     board_imu.o (.text._ZN5board22Board_ImuGetLineStatusEPNS_18BoardImuLineStatusE)
                  000093b4    00000064     fm24cl64b.o (.text._ZN7drivers14Fm24cl64b_InitEPNS_16Fm24cl64bContextEPKNS_15Fm24cl64bConfigE)
                  00009418    00000062     libc.a : memset16.S.obj (.text:memset)
                  0000947a    00000002     libclang_rt.builtins.a : aeabi_div0.c.obj (.text.__aeabi_idiv0)
                  0000947c    00000060     app_shell.o (.text._ZN3app12_GLOBAL__N_113PrintI2cUsageEv)
                  000094dc    00000060     lora.o (.text._ZN7drivers22LoraUart_ClearRxBufferEPNS_15LoraUartContextE)
                  0000953c    0000005e     driverlib.a : dl_i2c.o (.text.DL_I2C_fillControllerTXFIFO)
                  0000959a    0000005e     button.o (.text._ZN7drivers13Button_UpdateEPNS_13ButtonContextEj)
                  000095f8    00000058     ina219.o (.text._ZN7drivers17Ina219_SetAddressEPNS_13Ina219ContextEh)
                  00009650    00000058     i2c_diag.o (.text._ZN7drivers20I2cDiag_GetBusStatusEPKNS_16I2cDiagBusConfigEPNS_16I2cDiagBusStatusE)
                  000096a8    00000054     ti_msp_dl_config.o (.text.SYSCFG_DL_FRAM_I2C_init)
                  000096fc    00000054     ti_msp_dl_config.o (.text.SYSCFG_DL_INA219_I2C_init)
                  00009750    00000054     app_shell.o (.text._ZN3app12_GLOBAL__N_114PrintLoraUsageEv)
                  000097a4    00000054     debug_uart.o (.text._ZN8services14DebugUart_InitEv)
                  000097f8    00000052     empty_cpp.o (.text.main)
                  0000984a    00000002     libclang_rt.builtins.a : aeabi_div0.c.obj (.text.__aeabi_ldiv0)
                  0000984c    00000050     board_ina219.o (.text._ZN5board16Board_Ina219InitEv)
                  0000989c    00000050     board_imu.o (.text._ZN5board27Board_ImuSetChipSelectDebugEbbbb)
                  000098ec    0000004c     ti_msp_dl_config.o (.text.SYSCFG_DL_IMU_SPI_init)
                  00009938    00000048     driverlib.a : dl_uart.o (.text.DL_UART_init)
                  00009980    00000048     board_fram.o (.text._ZN5board22Board_FramGetBusStatusEPjPbS1_)
                  000099c8    00000048     board_ina219.o (.text._ZN5board24Board_Ina219GetBusStatusEPjPbS1_)
                  00009a10    00000048     debug_uart.o (.text._ZN8services18DebugUart_ReadByteEPh)
                  00009a58    00000044     driverlib.a : dl_spi.o (.text.DL_SPI_init)
                  00009a9c    00000044     board_imu.o (.text._ZN5board13Board_ImuInitEv)
                  00009ae0    00000044     ina219.o (.text._ZN7drivers19Ina219_GetBusStatusEPNS_13Ina219ContextEPNS_15Ina219BusStatusE)
                  00009b24    00000044     fm24cl64b.o (.text._ZN7drivers22Fm24cl64b_GetBusStatusEPNS_16Fm24cl64bContextEPNS_18Fm24cl64bBusStatusE)
                  00009b68    00000040     app_shell.o (.text._ZN3app12_GLOBAL__N_114PrintFramUsageEv)
                  00009ba8    00000040     app_shell.o (.text._ZN3app12_GLOBAL__N_114VersionCommandEiPKPKc)
                  00009be8    00000040     lora.o (.text._ZN7drivers17LoraUart_ReadByteEPNS_15LoraUartContextEPh)
                  00009c28    00000040     motor_driver_uart.o (.text._ZN7drivers24MotorDriverUart_ReadByteEPNS_22MotorDriverUartContextEPh)
                  00009c68    00000040     libclang_rt.builtins.a : aeabi_uidivmod.S.obj (.text)
                  00009ca8    0000003e     button.o (.text._ZN7drivers11Button_InitEPNS_13ButtonContextEPKNS_12ButtonConfigE)
                  00009ce6    0000003e     libclang_rt.builtins.a : divmoddi4.c.obj (.text.__divmoddi4)
                  00009d24    0000003c     driverlib.a : dl_i2c.o (.text.DL_I2C_flushControllerTXFIFO)
                  00009d60    0000003c     app_shell.o (.text._ZN3app12_GLOBAL__N_19WriteHex8Eh)
                  00009d9c    0000003c     board_button.o (.text._ZN5board17Board_ButtonsInitEv)
                  00009dd8    0000003c     ina219.o (.text._ZN7drivers23Ina219_ConfigureDefaultEPNS_13Ina219ContextE)
                  00009e14    0000003c     libc.a : autoinit.c.obj (.text:__TI_auto_init_nobinit_nopinit)
                  00009e50    0000003a     libclang_rt.builtins.a : muldsi3.S.obj (.text)
                  00009e8a    00000002     --HOLE-- [fill = 0]
                  00009e8c    00000038     buzzer.o (.text._ZN7drivers11Buzzer_InitEPNS_13BuzzerContextEPKNS_12BuzzerConfigE)
                  00009ec4    00000038     button.o (.text._ZN7drivers14Button_ReadRawEPNS_13ButtonContextEPb)
                  00009efc    00000038     ina219.o (.text._ZN7drivers19Ina219_ProbeAddressEPNS_13Ina219ContextEhPt)
                  00009f34    00000038     led.o (.text._ZN7drivers8Led_InitEPNS_10LedContextEPKNS_9LedConfigE)
                  00009f6c    00000038     time.o (.text._ZN8services9Time_InitEv)
                  00009fa4    00000034     ti_msp_dl_config.o (.text.SYSCFG_DL_init)
                  00009fd8    00000034     app_shell.o (.text._ZN3app12_GLOBAL__N_126PrintMotorPositionPidBlockERKNS0_18MotorProtocolFrameE)
                  0000a00c    00000034     app_main.o (.text._ZN3app8App_InitEv)
                  0000a040    00000034     board_button.o (.text._ZN5board19Board_ButtonsUpdateEj)
                  0000a074    00000030     driverlib.a : dl_i2c.o (.text.DL_I2C_flushControllerRXFIFO)
                  0000a0a4    00000030                 : dl_uart.o (.text.DL_UART_transmitDataBlocking)
                  0000a0d4    00000030     ti_msp_dl_config.o (.text.SYSCFG_DL_SYSCTL_init)
                  0000a104    00000030     app_shell.o (.text._ZN3app12_GLOBAL__N_115WriteStatusLineEPKcN7drivers12DriverStatusE)
                  0000a134    00000030     buzzer.o (.text._ZN7drivers10Buzzer_OffEPNS_13BuzzerContextE)
                  0000a164    00000030     led.o (.text._ZN7drivers6Led_OnEPNS_10LedContextE)
                  0000a194    00000030     led.o (.text._ZN7drivers7Led_OffEPNS_10LedContextE)
                  0000a1c4    00000030     buzzer.o (.text._ZN7drivers9Buzzer_OnEPNS_13BuzzerContextE)
                  0000a1f4    0000002e     ina219.o (.text._ZN7drivers19Ina219_ReadRegisterEPNS_13Ina219ContextEhPt)
                  0000a222    0000002c     ina219.o (.text._ZN7drivers20Ina219_WriteRegisterEPNS_13Ina219ContextEht)
                  0000a24e    00000002     --HOLE-- [fill = 0]
                  0000a250    0000002c     lora.o (.text._ZN7drivers28LoraUart_GetControllerStatusEPKNS_15LoraUartContextEPj)
                  0000a27c    0000002c     motor_driver_uart.o (.text._ZN7drivers35MotorDriverUart_GetControllerStatusEPKNS_22MotorDriverUartContextEPj)
                  0000a2a8    0000002a     ina219.o (.text._ZN7drivers12Ina219_ResetEPNS_13Ina219ContextE)
                  0000a2d2    0000002a     lora.o (.text._ZN7drivers23LoraUart_GetRxAvailableEPKNS_15LoraUartContextE)
                  0000a2fc    0000002a     motor_driver_uart.o (.text._ZN7drivers30MotorDriverUart_GetRxAvailableEPKNS_22MotorDriverUartContextE)
                  0000a326    00000002     --HOLE-- [fill = 0]
                  0000a328    00000028     app_shell.o (.text._ZN3app12_GLOBAL__N_112ResetCommandEiPKPKc)
                  0000a350    00000028     board_lora.o (.text._ZN5board14Board_LoraInitEv)
                  0000a378    00000028     board_motor_driver.o (.text._ZN5board21Board_MotorDriverInitEv)
                  0000a3a0    00000028     libc.a : boot_cortex_m.c.obj (.text:_c_int00_noargs)
                  0000a3c8    00000026     driverlib.a : dl_i2c.o (.text.DL_I2C_setClockConfig)
                  0000a3ee    00000002     --HOLE-- [fill = 0]
                  0000a3f0    00000024     app_shell.o (.text._ZN3app12_GLOBAL__N_110WriteInt32Ei)
                  0000a414    00000024     board.o (.text._ZN5board10Board_InitEv)
                  0000a438    00000024     libclang_rt.builtins.a : muldi3.S.obj (.text)
                  0000a45c    00000022     button.o (.text._ZN7drivers17Button_WasPressedEPNS_13ButtonContextE)
                  0000a47e    00000022     button.o (.text._ZN7drivers18Button_WasReleasedEPNS_13ButtonContextE)
                  0000a4a0    0000001e     ina219.o (.text._ZN7drivers17Ina219_GetAddressEPKNS_13Ina219ContextE)
                  0000a4be    0000001e     ina219.o (.text._ZN7drivers21Ina219_GetCalibrationEPKNS_13Ina219ContextE)
                  0000a4dc    0000001e     libclang_rt.builtins.a : ashldi3.S.obj (.text)
                  0000a4fa    00000002     --HOLE-- [fill = 0]
                  0000a4fc    0000001c     driverlib.a : dl_spi.o (.text.DL_SPI_receiveDataCheck8)
                  0000a518    0000001c                 : dl_spi.o (.text.DL_SPI_transmitDataCheck8)
                  0000a534    0000001c     app_main.o (.text._ZN3app7App_RunEv)
                  0000a550    0000001c     board_button.o (.text._ZN5board19Board_ButtonReadRawENS_13BoardButtonIdEPb)
                  0000a56c    0000001c     board_button.o (.text._ZN5board21Board_ButtonIsPressedENS_13BoardButtonIdE)
                  0000a588    0000001c     board_button.o (.text._ZN5board22Board_ButtonWasPressedENS_13BoardButtonIdE)
                  0000a5a4    0000001c     board_button.o (.text._ZN5board23Board_ButtonWasReleasedENS_13BoardButtonIdE)
                  0000a5c0    0000001c     ina219.o (.text._ZN7drivers14Ina219_IsReadyEPKNS_13Ina219ContextE)
                  0000a5dc    0000001c     fm24cl64b.o (.text._ZN7drivers17Fm24cl64b_IsReadyEPKNS_16Fm24cl64bContextE)
                  0000a5f8    0000001c     debug_uart.o (.text._ZN8services19DebugUart_WriteCharEc)
                  0000a614    0000001a     button.o (.text._ZN7drivers16Button_IsPressedEPKNS_13ButtonContextE)
                  0000a62e    00000002     --HOLE-- [fill = 0]
                  0000a630    0000001a     libclang_rt.builtins.a : aeabi_memset.S.obj (.text)
                  0000a64a    00000002     --HOLE-- [fill = 0]
                  0000a64c    00000018     board_i2c_bus.o (.text._ZN5board15Board_I2cBusGetEj)
                  0000a664    00000018     board_button.o (.text._ZN5board19Board_ButtonGetNameENS_13BoardButtonIdE)
                  0000a67c    00000018     lora.o (.text._ZN7drivers20LoraUart_GetBaudrateEPKNS_15LoraUartContextE)
                  0000a694    00000018     motor_driver_uart.o (.text._ZN7drivers27MotorDriverUart_GetBaudrateEPKNS_22MotorDriverUartContextE)
                  0000a6ac    00000016     app_main.o (.text._ZN12_GLOBAL__N_118App_ButtonScanTaskEv)
                  0000a6c2    00000016     led.o (.text._ZN7drivers11Led_IsReadyEPKNS_10LedContextE)
                  0000a6d8    00000016     buzzer.o (.text._ZN7drivers14Buzzer_IsReadyEPKNS_13BuzzerContextE)
                  0000a6ee    00000016     lora.o (.text._ZN7drivers16LoraUart_IsReadyEPKNS_15LoraUartContextE)
                  0000a704    00000016     motor_driver_uart.o (.text._ZN7drivers23MotorDriverUart_IsReadyEPKNS_22MotorDriverUartContextE)
                  0000a71a    00000016     libc.a : copy_zero_init.c.obj (.text:decompress:ZI:__TI_zero_init_nomemset)
                  0000a730    00000014     board_fram.o (.text._ZN5board14Board_FramInitEv)
                  0000a744    00000014     board_fram.o (.text._ZN5board14Board_FramReadEtPht)
                  0000a758    00000014     board_lora.o (.text._ZN5board15Board_LoraWriteEPKht)
                  0000a76c    00000014     board_buzzer.o (.text._ZN5board16Board_BuzzerInitEv)
                  0000a780    00000014     board_fram.o (.text._ZN5board18Board_FramReadByteEtPh)
                  0000a794    00000014     board_fram.o (.text._ZN5board18Board_FramSelfTestEv)
                  0000a7a8    00000014     board_fram.o (.text._ZN5board19Board_FramWriteByteEth)
                  0000a7bc    00000014     board_led.o (.text._ZN5board19Board_StatusLedInitEv)
                  0000a7d0    00000014     board_motor_driver.o (.text._ZN5board22Board_MotorDriverWriteEPKht)
                  0000a7e4    00000014     board_ina219.o (.text._ZN5board24Board_Ina219ProbeAddressEhPt)
                  0000a7f8    00000014     board_ina219.o (.text._ZN5board24Board_Ina219ReadRegisterEhPt)
                  0000a80c    00000014     board_ina219.o (.text._ZN5board25Board_Ina219WriteRegisterEht)
                  0000a820    00000014     fm24cl64b.o (.text._ZN7drivers19Fm24cl64b_WriteByteEPNS_16Fm24cl64bContextEth)
                  0000a834    00000014     shell.o (.text._ZN8services15Shell_WriteLineEPKc)
                  0000a848    00000014     libclang_rt.builtins.a : aeabi_ldivmod.S.obj (.text)
                  0000a85c    00000012     driverlib.a : dl_spi.o (.text.DL_SPI_setClockConfig)
                  0000a86e    00000012                 : dl_uart.o (.text.DL_UART_setClockConfig)
                  0000a880    00000012     libc.a : copy_decompress_none.c.obj (.text:decompress:none)
                  0000a892    00000002     --HOLE-- [fill = 0]
                  0000a894    00000010     time.o (.text.SysTick_Handler)
                  0000a8a4    00000010     board_lora.o (.text.UART0_IRQHandler)
                  0000a8b4    00000010     board_motor_driver.o (.text.UART1_IRQHandler)
                  0000a8c4    00000010     app_shell.o (.text._ZN3app12_GLOBAL__N_110AdcCommandEiPKPKc)
                  0000a8d4    00000010     board_buzzer.o (.text._ZN5board14Board_BuzzerOnEv)
                  0000a8e4    00000010     board_buzzer.o (.text._ZN5board15Board_BuzzerOffEv)
                  0000a8f4    00000010     board_fram.o (.text._ZN5board17Board_FramIsReadyEv)
                  0000a904    00000010     board_ina219.o (.text._ZN5board17Board_Ina219ResetEv)
                  0000a914    00000010     board_lora.o (.text._ZN5board17Board_LoraIsReadyEv)
                  0000a924    00000010     board_led.o (.text._ZN5board17Board_StatusLedOnEv)
                  0000a934    00000010     board_lora.o (.text._ZN5board18Board_LoraReadByteEPh)
                  0000a944    00000010     board_led.o (.text._ZN5board18Board_StatusLedOffEv)
                  0000a954    00000010     board_buzzer.o (.text._ZN5board19Board_BuzzerIsReadyEv)
                  0000a964    00000010     board_ina219.o (.text._ZN5board19Board_Ina219IsReadyEv)
                  0000a974    00000010     board_lora.o (.text._ZN5board19Board_LoraWriteByteEh)
                  0000a984    00000010     board_fram.o (.text._ZN5board20Board_FramRecoverBusEv)
                  0000a994    00000010     board_lora.o (.text._ZN5board21Board_LoraGetBaudrateEv)
                  0000a9a4    00000010     board_ina219.o (.text._ZN5board22Board_Ina219GetAddressEv)
                  0000a9b4    00000010     board_ina219.o (.text._ZN5board22Board_Ina219RecoverBusEv)
                  0000a9c4    00000010     board_ina219.o (.text._ZN5board22Board_Ina219SetAddressEh)
                  0000a9d4    00000010     board_led.o (.text._ZN5board22Board_StatusLedIsReadyEv)
                  0000a9e4    00000010     board_ina219.o (.text._ZN5board23Board_Ina219CalibrationEv)
                  0000a9f4    00000010     board_lora.o (.text._ZN5board23Board_LoraClearRxBufferEv)
                  0000aa04    00000010     board_lora.o (.text._ZN5board24Board_LoraGetRxAvailableEv)
                  0000aa14    00000010     board_motor_driver.o (.text._ZN5board24Board_MotorDriverIsReadyEv)
                  0000aa24    00000010     board_motor_driver.o (.text._ZN5board25Board_MotorDriverReadByteEPh)
                  0000aa34    00000010     board_motor_driver.o (.text._ZN5board26Board_MotorDriverWriteByteEh)
                  0000aa44    00000010     board_ina219.o (.text._ZN5board27Board_Ina219ReadMeasurementEPN7drivers17Ina219MeasurementE)
                  0000aa54    00000010     board_lora.o (.text._ZN5board27Board_LoraGetRxDroppedCountEv)
                  0000aa64    00000010     board_ina219.o (.text._ZN5board28Board_Ina219ConfigureDefaultEv)
                  0000aa74    00000010     board_ina219.o (.text._ZN5board28Board_Ina219ReadRawRegistersEPN7drivers18Ina219RawRegistersE)
                  0000aa84    00000010     board_motor_driver.o (.text._ZN5board28Board_MotorDriverGetBaudrateEv)
                  0000aa94    00000010     board_lora.o (.text._ZN5board29Board_LoraGetControllerStatusEPj)
                  0000aaa4    00000010     board_motor_driver.o (.text._ZN5board30Board_MotorDriverClearRxBufferEv)
                  0000aab4    00000010     board_motor_driver.o (.text._ZN5board31Board_MotorDriverGetRxAvailableEv)
                  0000aac4    00000010     board_motor_driver.o (.text._ZN5board34Board_MotorDriverGetRxDroppedCountEv)
                  0000aad4    00000010     board_motor_driver.o (.text._ZN5board36Board_MotorDriverGetControllerStatusEPj)
                  0000aae4    00000010     fault.o (.text._ZN8services9Fault_SetENS_9FaultCodeE)
                  0000aaf4    0000000c     board_imu.o (.text._ZN5board16Board_ImuIsReadyEv)
                  0000ab00    0000000c     lora.o (.text._ZN7drivers26LoraUart_GetRxDroppedCountEPKNS_15LoraUartContextE)
                  0000ab0c    0000000c     motor_driver_uart.o (.text._ZN7drivers33MotorDriverUart_GetRxDroppedCountEPKNS_22MotorDriverUartContextE)
                  0000ab18    0000000c     fault.o (.text._ZN8services10Fault_InitEv)
                  0000ab24    0000000c     time.o (.text._ZN8services11Time_MillisEv)
                  0000ab30    0000000c     debug_uart.o (.text._ZN8services17DebugUart_IsReadyEv)
                  0000ab3c    0000000c     fault.o (.text._ZN8services9Fault_GetEv)
                  0000ab48    0000000a     driverlib.a : dl_common.o (.text.DL_Common_delayCycles)
                  0000ab52    0000000a     fm24cl64b.o (.text._ZN7drivers18Fm24cl64b_ReadByteEPNS_16Fm24cl64bContextEtPh)
                  0000ab5c    00000008     shell.o (.text._ZN8services15Shell_WriteCharEc)
                  0000ab64    00000008     shell.o (.text._ZN8services17Shell_WriteStringEPKc)
                  0000ab6c    00000008     shell.o (.text._ZN8services17Shell_WriteUInt32Ej)
                  0000ab74    00000008     libclang_rt.builtins.a : aeabi_memcpy.S.obj (.text)
                  0000ab7c    00000006     board_fram.o (.text._ZN5board23Board_FramCapacityBytesEv)
                  0000ab82    00000006     libc.a : exit.c.obj (.text:abort)
                  0000ab88    00000004     libsysbm.a : hostexit.c.obj (.text.HOSTexit)
                  0000ab8c    00000004     startup_mspm0g351x_ticlang.o (.text.Reset_Handler)
                  0000ab90    00000004     board_i2c_bus.o (.text._ZN5board17Board_I2cBusCountEv)
                  0000ab94    00000004     libc.a : pre_init.c.obj (.text._system_pre_init)

.cinit     0    0000c290    00000030     
                  0000c290    0000000c     (__TI_handler_table)
                  0000c29c    00000009     (.cinit..data.load) [load image, compression = lzss]
                  0000c2a5    00000003     --HOLE-- [fill = 0]
                  0000c2a8    00000008     (.cinit..bss.load) [load image, compression = zero_init]
                  0000c2b0    00000010     (__TI_cinit_table)

.rodata    0    0000aba0    000016f0     
                  0000aba0    00000100     app_shell.o (.rodata..L.crctable)
                  0000aca0    00000058     board_i2c_bus.o (.rodata._ZN5board12_GLOBAL__N_110g_i2cBusesE)
                  0000acf8    00000045     app_shell.o (.rodata.str1.2354522874658768371.1)
                  0000ad3d    00000044     app_shell.o (.rodata.str1.3801014448936389230.1)
                  0000ad81    00000040     app_shell.o (.rodata.str1.15176035481894813218.1)
                  0000adc1    00000039     app_shell.o (.rodata.str1.444886150797460539.1)
                  0000adfa    00000039     app_shell.o (.rodata.str1.9210286441137644766.1)
                  0000ae33    00000001     app_shell.o (.rodata._ZZN3app12_GLOBAL__N_112MotorCommandEiPKPKcE18kResetBothEncoders)
                  0000ae34    00000038     board_ina219.o (.rodata._ZN5boardL14g_ina219ConfigE)
                  0000ae6c    00000035     app_shell.o (.rodata.str1.14384267027075031912.1)
                  0000aea1    00000034     app_shell.o (.rodata.str1.17946445462908322557.1)
                  0000aed5    00000031     app_shell.o (.rodata.str1.13305312957799781956.1)
                  0000af06    00000002     app_shell.o (.rodata._ZZN3app12_GLOBAL__N_112MotorCommandEiPKPKcE11kTargetZero)
                  0000af08    00000030     board_button.o (.rodata._ZN5board12_GLOBAL__N_115g_buttonConfigsE)
                  0000af38    00000030     app_shell.o (.rodata.str1.14683574465395229248.1)
                  0000af68    0000002c     board_fram.o (.rodata._ZN5boardL12g_framConfigE)
                  0000af94    0000002c     app_shell.o (.rodata.str1.16249557628706834344.1)
                  0000afc0    0000002b     app_shell.o (.rodata.str1.6449272601156908614.1)
                  0000afeb    0000002a     app_shell.o (.rodata.str1.14280360640269665673.1)
                  0000b015    0000002a     app_shell.o (.rodata.str1.14986749233794120341.1)
                  0000b03f    00000026     shell.o (.rodata.str1.6901712316327456926.1)
                  0000b065    00000020     app_shell.o (.rodata.str1.1431720735396876446.1)
                  0000b085    00000020     app_shell.o (.rodata.str1.9018689912544847403.1)
                  0000b0a5    0000001f     app_shell.o (.rodata.str1.11187590877126870748.1)
                  0000b0c4    0000001f     app_shell.o (.rodata.str1.5998459121093071997.1)
                  0000b0e3    0000001f     app_shell.o (.rodata.str1.8175931356486144895.1)
                  0000b102    0000001f     app_shell.o (.rodata.str1.871335262082007188.1)
                  0000b121    0000001e     app_shell.o (.rodata.str1.15434941628325917383.1)
                  0000b13f    0000001e     app_shell.o (.rodata.str1.7962567377737770511.1)
                  0000b15d    0000001d     app_shell.o (.rodata.str1.14205965562906606532.1)
                  0000b17a    0000001d     app_shell.o (.rodata.str1.1983276796565948189.1)
                  0000b197    0000001d     app_shell.o (.rodata.str1.5915467744016243284.1)
                  0000b1b4    0000001d     app_shell.o (.rodata.str1.8103717083034249282.1)
                  0000b1d1    0000001d     app_shell.o (.rodata.str1.8807521281183353111.1)
                  0000b1ee    0000001d     app_shell.o (.rodata.str1.9039581054213484543.1)
                  0000b20b    00000001     app_shell.o (.rodata.str1.16192519054485599172.1)
                  0000b20c    0000001c     app_shell.o (.rodata..Lswitch.table._ZN3app12_GLOBAL__N_115WriteStatusLineEPKcN7drivers12DriverStatusE)
                  0000b228    0000001c     app_shell.o (.rodata.str1.11208828733426745331.1)
                  0000b244    0000001c     app_shell.o (.rodata.str1.14047439488698303500.1)
                  0000b260    0000001c     app_shell.o (.rodata.str1.16920742144462411612.1)
                  0000b27c    0000001b     app_shell.o (.rodata.str1.10491446739592751644.1)
                  0000b297    0000001b     app_shell.o (.rodata.str1.15776769504895676854.1)
                  0000b2b2    0000001b     app_shell.o (.rodata.str1.2208679373137722540.1)
                  0000b2cd    0000001b     app_shell.o (.rodata.str1.2885732806516245146.1)
                  0000b2e8    0000001b     app_shell.o (.rodata.str1.6446933695614087048.1)
                  0000b303    0000001b     app_shell.o (.rodata.str1.9081962557253678714.1)
                  0000b31e    0000001a     app_shell.o (.rodata.str1.1117190944701632139.1)
                  0000b338    0000001a     app_shell.o (.rodata.str1.5640218363402806195.1)
                  0000b352    0000001a     app_shell.o (.rodata.str1.7571154574660953324.1)
                  0000b36c    00000019     app_shell.o (.rodata.str1.13442463908107530774.1)
                  0000b385    00000019     app_shell.o (.rodata.str1.15385430944853875839.1)
                  0000b39e    00000019     app_shell.o (.rodata.str1.16354136421054348586.1)
                  0000b3b7    00000001     --HOLE-- [fill = 0]
                  0000b3b8    00000018     app_shell.o (.rodata..Lswitch.table._ZN3app12_GLOBAL__N_114PrintI2cStatusEPKN7drivers16I2cDiagBusConfigE)
                  0000b3d0    00000018     board_lora.o (.rodata._ZN5boardL12g_loraConfigE)
                  0000b3e8    00000018     board_motor_driver.o (.rodata._ZN5boardL19g_motorDriverConfigE)
                  0000b400    00000018     app_shell.o (.rodata.str1.13204140776596746875.1)
                  0000b418    00000018     app_shell.o (.rodata.str1.13456686701278321828.1)
                  0000b430    00000018     app_shell.o (.rodata.str1.15645525071624774828.1)
                  0000b448    00000018     app_shell.o (.rodata.str1.16423083052983990348.1)
                  0000b460    00000018     app_shell.o (.rodata.str1.2994156742980555940.1)
                  0000b478    00000018     app_shell.o (.rodata.str1.6357824671205653470.1)
                  0000b490    00000018     app_shell.o (.rodata.str1.6411710860483804230.1)
                  0000b4a8    00000017     app_shell.o (.rodata.str1.13071761163155843764.1)
                  0000b4bf    00000017     app_shell.o (.rodata.str1.15451653635542139434.1)
                  0000b4d6    00000017     app_shell.o (.rodata.str1.3345426052653886543.1)
                  0000b4ed    00000017     shell.o (.rodata.str1.5680428239841774557.1)
                  0000b504    00000016     app_shell.o (.rodata.str1.1349469432826125676.1)
                  0000b51a    00000016     app_shell.o (.rodata.str1.14891418699318862133.1)
                  0000b530    00000016     app_shell.o (.rodata.str1.1642163497366634869.1)
                  0000b546    00000016     app_shell.o (.rodata.str1.16954485173288524775.1)
                  0000b55c    00000016     app_shell.o (.rodata.str1.8287504627243269121.1)
                  0000b572    00000015     app_shell.o (.rodata.str1.11066750309610323631.1)
                  0000b587    00000015     app_shell.o (.rodata.str1.1222417806814152126.1)
                  0000b59c    00000015     app_shell.o (.rodata.str1.14031660303973722868.1)
                  0000b5b1    00000015     app_shell.o (.rodata.str1.15453031427744251291.1)
                  0000b5c6    00000015     app_shell.o (.rodata.str1.16227620492999702623.1)
                  0000b5db    00000015     app_shell.o (.rodata.str1.17348661065144809008.1)
                  0000b5f0    00000015     app_shell.o (.rodata.str1.2942266741242204019.1)
                  0000b605    00000015     app_shell.o (.rodata.str1.5612542551564952699.1)
                  0000b61a    00000015     app_shell.o (.rodata.str1.8497090786602423890.1)
                  0000b62f    00000014     app_shell.o (.rodata.str1.1047053269920726699.1)
                  0000b643    00000014     app_shell.o (.rodata.str1.3993449766649777392.1)
                  0000b657    00000014     app_shell.o (.rodata.str1.551504573030492924.1)
                  0000b66b    00000013     app_shell.o (.rodata.str1.6394054571282083081.1)
                  0000b67e    00000013     app_shell.o (.rodata.str1.8602760754867183125.1)
                  0000b691    00000013     app_shell.o (.rodata.str1.860288802755812513.1)
                  0000b6a4    00000013     app_shell.o (.rodata.str1.8767742179201719121.1)
                  0000b6b7    00000013     app_shell.o (.rodata.str1.9055250215258332321.1)
                  0000b6ca    00000012     app_shell.o (.rodata.str1.107782727556153465.1)
                  0000b6dc    00000012     app_shell.o (.rodata.str1.11627215746227218045.1)
                  0000b6ee    00000012     app_shell.o (.rodata.str1.13046583378940816508.1)
                  0000b700    00000012     app_shell.o (.rodata.str1.13324323091560154661.1)
                  0000b712    00000012     app_shell.o (.rodata.str1.16606383977969570013.1)
                  0000b724    00000012     app_shell.o (.rodata.str1.4465720126653824720.1)
                  0000b736    00000012     app_shell.o (.rodata.str1.560197181004569561.1)
                  0000b748    00000012     app_shell.o (.rodata.str1.7579154775923007786.1)
                  0000b75a    00000012     app_shell.o (.rodata.str1.8035528561561339514.1)
                  0000b76c    00000012     shell.o (.rodata.str1.8246939600463437344.1)
                  0000b77e    00000012     app_shell.o (.rodata.str1.8509687067808380963.1)
                  0000b790    00000011     app_shell.o (.rodata.str1.11627259167888876947.1)
                  0000b7a1    00000011     app_shell.o (.rodata.str1.12036585828892915957.1)
                  0000b7b2    00000011     app_shell.o (.rodata.str1.14613035533147221857.1)
                  0000b7c3    00000011     app_shell.o (.rodata.str1.14677212197102816015.1)
                  0000b7d4    00000011     app_shell.o (.rodata.str1.16368304853068341593.1)
                  0000b7e5    00000011     app_shell.o (.rodata.str1.6578158171544725696.1)
                  0000b7f6    00000011     app_shell.o (.rodata.str1.7950140236767125311.1)
                  0000b807    00000011     app_shell.o (.rodata.str1.8793534488315853255.1)
                  0000b818    00000011     app_shell.o (.rodata.str1.9307220092008964426.1)
                  0000b829    00000010     app_shell.o (.rodata.str1.11085599432999950484.1)
                  0000b839    00000010     app_shell.o (.rodata.str1.13323525510459860336.1)
                  0000b849    00000010     app_shell.o (.rodata.str1.14827416709503782844.1)
                  0000b859    00000010     app_shell.o (.rodata.str1.15520279574724480647.1)
                  0000b869    00000010     app_shell.o (.rodata.str1.16821001261222486393.1)
                  0000b879    00000010     app_shell.o (.rodata.str1.17029008240216598945.1)
                  0000b889    00000010     app_shell.o (.rodata.str1.2319085888762997156.1)
                  0000b899    00000010     app_shell.o (.rodata.str1.264036748927759168.1)
                  0000b8a9    00000010     app_shell.o (.rodata.str1.4561355912026728236.1)
                  0000b8b9    00000010     app_shell.o (.rodata.str1.6219487071531100932.1)
                  0000b8c9    00000010     app_shell.o (.rodata.str1.7923626403509450708.1)
                  0000b8d9    00000010     app_shell.o (.rodata.str1.795459456749244188.1)
                  0000b8e9    00000010     app_shell.o (.rodata.str1.8963702969112686911.1)
                  0000b8f9    00000010     app_shell.o (.rodata.str1.9141388473721648320.1)
                  0000b909    00000010     app_shell.o (.rodata.str1.9244822838137428263.1)
                  0000b919    0000000f     app_shell.o (.rodata.str1.10855919650491312362.1)
                  0000b928    0000000f     app_shell.o (.rodata.str1.11747346528919543944.1)
                  0000b937    0000000f     app_shell.o (.rodata.str1.12164603244115374595.1)
                  0000b946    0000000f     app_shell.o (.rodata.str1.14241588195389562460.1)
                  0000b955    0000000f     app_shell.o (.rodata.str1.17876943342118536213.1)
                  0000b964    0000000f     app_shell.o (.rodata.str1.1818528395550233868.1)
                  0000b973    0000000f     app_shell.o (.rodata.str1.3134304214227531536.1)
                  0000b982    0000000f     app_shell.o (.rodata.str1.3256265506082810711.1)
                  0000b991    0000000f     app_shell.o (.rodata.str1.3879560646291831357.1)
                  0000b9a0    0000000f     app_shell.o (.rodata.str1.4392945030196501414.1)
                  0000b9af    0000000f     app_shell.o (.rodata.str1.5407661000085889072.1)
                  0000b9be    0000000f     app_shell.o (.rodata.str1.5531439754045694522.1)
                  0000b9cd    0000000f     app_shell.o (.rodata.str1.671945175647755142.1)
                  0000b9dc    0000000f     app_shell.o (.rodata.str1.6822338819583971375.1)
                  0000b9eb    0000000f     app_shell.o (.rodata.str1.7267978533840413714.1)
                  0000b9fa    0000000f     app_shell.o (.rodata.str1.8573948346423057931.1)
                  0000ba09    0000000f     app_shell.o (.rodata.str1.9051984071380436030.1)
                  0000ba18    0000000e     app_shell.o (.rodata.str1.10256891727475852015.1)
                  0000ba26    0000000e     app_shell.o (.rodata.str1.11903828385650032657.1)
                  0000ba34    0000000e     app_shell.o (.rodata.str1.14082473703337987432.1)
                  0000ba42    0000000e     app_shell.o (.rodata.str1.14152514258843500131.1)
                  0000ba50    0000000e     app_shell.o (.rodata.str1.1451090849677487530.1)
                  0000ba5e    0000000e     app_shell.o (.rodata.str1.14648361161363975803.1)
                  0000ba6c    0000000e     app_shell.o (.rodata.str1.15403383602945839188.1)
                  0000ba7a    0000000e     app_shell.o (.rodata.str1.16815118733797554419.1)
                  0000ba88    0000000e     app_shell.o (.rodata.str1.17894747200582054988.1)
                  0000ba96    0000000e     app_shell.o (.rodata.str1.18027752678067221043.1)
                  0000baa4    0000000e     app_shell.o (.rodata.str1.232704503142678858.1)
                  0000bab2    0000000e     app_shell.o (.rodata.str1.2900415078221183578.1)
                  0000bac0    0000000e     app_shell.o (.rodata.str1.5998451886276286134.1)
                  0000bace    0000000e     app_shell.o (.rodata.str1.626618899871332695.1)
                  0000badc    0000000e     app_shell.o (.rodata.str1.6725838405751831500.1)
                  0000baea    0000000e     app_shell.o (.rodata.str1.6756868286634741853.1)
                  0000baf8    0000000e     app_shell.o (.rodata.str1.7078129644076030331.1)
                  0000bb06    0000000e     app_shell.o (.rodata.str1.8569159511768566713.1)
                  0000bb14    0000000e     app_shell.o (.rodata.str1.9167415978045996327.1)
                  0000bb22    0000000d     app_shell.o (.rodata.str1.10761430618072912911.1)
                  0000bb2f    0000000d     app_shell.o (.rodata.str1.10851017352621485976.1)
                  0000bb3c    0000000d     app_shell.o (.rodata.str1.11325690732168652611.1)
                  0000bb49    0000000d     app_shell.o (.rodata.str1.12082892960889789793.1)
                  0000bb56    0000000d     app_shell.o (.rodata.str1.12824201010631389445.1)
                  0000bb63    0000000d     app_shell.o (.rodata.str1.13438288695896508174.1)
                  0000bb70    0000000d     app_shell.o (.rodata.str1.13760472749468428784.1)
                  0000bb7d    0000000d     app_shell.o (.rodata.str1.13993368087264210023.1)
                  0000bb8a    0000000d     app_shell.o (.rodata.str1.1420893864952581301.1)
                  0000bb97    0000000d     app_shell.o (.rodata.str1.14678420154468417691.1)
                  0000bba4    0000000d     app_shell.o (.rodata.str1.15195419684703654944.1)
                  0000bbb1    0000000d     app_shell.o (.rodata.str1.15397327130298834941.1)
                  0000bbbe    0000000d     app_shell.o (.rodata.str1.16608939394091912599.1)
                  0000bbcb    0000000d     app_shell.o (.rodata.str1.16751110918939779405.1)
                  0000bbd8    0000000d     app_shell.o (.rodata.str1.16835946644515092483.1)
                  0000bbe5    0000000d     app_shell.o (.rodata.str1.16899430920103358112.1)
                  0000bbf2    0000000d     app_shell.o (.rodata.str1.17563913066770742391.1)
                  0000bbff    0000000d     app_shell.o (.rodata.str1.18076126304851181080.1)
                  0000bc0c    0000000d     app_shell.o (.rodata.str1.2370428100076675559.1)
                  0000bc19    0000000d     app_shell.o (.rodata.str1.2686006007855973365.1)
                  0000bc26    0000000d     app_shell.o (.rodata.str1.296188832848622959.1)
                  0000bc33    0000000d     app_shell.o (.rodata.str1.3791812099772881164.1)
                  0000bc40    0000000d     app_shell.o (.rodata.str1.4203577644585159315.1)
                  0000bc4d    0000000d     app_shell.o (.rodata.str1.4906473829960206720.1)
                  0000bc5a    0000000d     app_shell.o (.rodata.str1.5000143241413183010.1)
                  0000bc67    0000000d     app_shell.o (.rodata.str1.5770566940880199477.1)
                  0000bc74    0000000d     app_shell.o (.rodata.str1.5848672442950545206.1)
                  0000bc81    0000000d     app_shell.o (.rodata.str1.7523381390121946373.1)
                  0000bc8e    0000000d     app_shell.o (.rodata.str1.7850322238517394535.1)
                  0000bc9b    0000000d     app_shell.o (.rodata.str1.9082118575882053516.1)
                  0000bca8    0000000d     app_shell.o (.rodata.str1.9469166005307157086.1)
                  0000bcb5    0000000d     app_shell.o (.rodata.str1.9705620893505900.1)
                  0000bcc2    00000002     app_shell.o (.rodata._ZZN3app12_GLOBAL__N_112MotorCommandEiPKPKcE7kM1Stop)
                  0000bcc4    0000000c     board_button.o (.rodata..Lswitch.table._ZN5board19Board_ButtonGetNameENS_13BoardButtonIdE)
                  0000bcd0    0000000c     board_imu.o (.rodata..Lswitch.table._ZN5board19Board_ImuSetSpiModeEh)
                  0000bcdc    0000000c     board_buzzer.o (.rodata._ZN5boardL14g_buzzerConfigE)
                  0000bce8    0000000c     board_led.o (.rodata._ZN5boardL17g_statusLedConfigE)
                  0000bcf4    0000000c     app_shell.o (.rodata.str1.10465369967917398799.1)
                  0000bd00    0000000c     app_shell.o (.rodata.str1.11698549779809542857.1)
                  0000bd0c    0000000c     app_shell.o (.rodata.str1.11810056576553604146.1)
                  0000bd18    0000000c     app_shell.o (.rodata.str1.12185306449572332681.1)
                  0000bd24    0000000c     app_shell.o (.rodata.str1.12588545937538655288.1)
                  0000bd30    0000000c     app_shell.o (.rodata.str1.12681352959443149009.1)
                  0000bd3c    0000000c     app_shell.o (.rodata.str1.13157479058689081212.1)
                  0000bd48    0000000c     app_shell.o (.rodata.str1.13507390935846511250.1)
                  0000bd54    0000000c     app_shell.o (.rodata.str1.13513309088777963189.1)
                  0000bd60    0000000c     app_shell.o (.rodata.str1.14008062965805295334.1)
                  0000bd6c    0000000c     app_shell.o (.rodata.str1.15409376994933409736.1)
                  0000bd78    0000000c     app_shell.o (.rodata.str1.15536306115837748184.1)
                  0000bd84    0000000c     app_shell.o (.rodata.str1.15706013027452160776.1)
                  0000bd90    0000000c     app_shell.o (.rodata.str1.16682001306138638370.1)
                  0000bd9c    0000000c     app_shell.o (.rodata.str1.17149590331237407959.1)
                  0000bda8    0000000c     app_shell.o (.rodata.str1.1715960982390498022.1)
                  0000bdb4    0000000c     app_shell.o (.rodata.str1.17414183638713165213.1)
                  0000bdc0    0000000c     app_shell.o (.rodata.str1.2292235750072059597.1)
                  0000bdcc    0000000c     app_shell.o (.rodata.str1.3590894685082263268.1)
                  0000bdd8    0000000c     app_shell.o (.rodata.str1.3892416308557052197.1)
                  0000bde4    0000000c     app_shell.o (.rodata.str1.4190646769514731288.1)
                  0000bdf0    0000000c     app_shell.o (.rodata.str1.4993949747219772545.1)
                  0000bdfc    0000000c     app_shell.o (.rodata.str1.5164433326538179767.1)
                  0000be08    0000000c     app_shell.o (.rodata.str1.5263001642383835309.1)
                  0000be14    0000000c     app_shell.o (.rodata.str1.699895553008956456.1)
                  0000be20    0000000c     app_shell.o (.rodata.str1.8150600325345066189.1)
                  0000be2c    0000000c     app_shell.o (.rodata.str1.97227345183721019.1)
                  0000be38    0000000b     app_shell.o (.rodata.str1.12144774989780088692.1)
                  0000be43    0000000b     app_shell.o (.rodata.str1.12957799291655329777.1)
                  0000be4e    0000000b     app_shell.o (.rodata.str1.13905551555577476806.1)
                  0000be59    0000000b     app_shell.o (.rodata.str1.13923183189790686887.1)
                  0000be64    0000000b     app_shell.o (.rodata.str1.1666417036609286127.1)
                  0000be6f    0000000b     app_shell.o (.rodata.str1.16738014180672278497.1)
                  0000be7a    0000000b     app_shell.o (.rodata.str1.1695784342961477721.1)
                  0000be85    0000000b     app_shell.o (.rodata.str1.18243883703027276797.1)
                  0000be90    0000000b     app_shell.o (.rodata.str1.3587876751327453651.1)
                  0000be9b    0000000b     app_shell.o (.rodata.str1.7207923708610531365.1)
                  0000bea6    0000000b     app_shell.o (.rodata.str1.738127925484632372.1)
                  0000beb1    0000000b     app_shell.o (.rodata.str1.7652650349062231201.1)
                  0000bebc    0000000b     app_shell.o (.rodata.str1.868716187015188771.1)
                  0000bec7    00000001     --HOLE-- [fill = 0]
                  0000bec8    0000000a     ti_msp_dl_config.o (.rodata.gDEBUG_UARTConfig)
                  0000bed2    0000000a     ti_msp_dl_config.o (.rodata.gIMU_SPI_config)
                  0000bedc    0000000a     ti_msp_dl_config.o (.rodata.gLORA_UARTConfig)
                  0000bee6    0000000a     ti_msp_dl_config.o (.rodata.gMOTOR_UARTConfig)
                  0000bef0    0000000a     app_shell.o (.rodata.str1.10240434636320304394.1)
                  0000befa    0000000a     app_shell.o (.rodata.str1.13772462829107236127.1)
                  0000bf04    0000000a     app_shell.o (.rodata.str1.16167065860645901179.1)
                  0000bf0e    0000000a     app_shell.o (.rodata.str1.16216038010955657616.1)
                  0000bf18    0000000a     app_shell.o (.rodata.str1.16330407060470052804.1)
                  0000bf22    0000000a     app_shell.o (.rodata.str1.17814141777586519065.1)
                  0000bf2c    0000000a     shell.o (.rodata.str1.17922515892264497723.1)
                  0000bf36    0000000a     app_shell.o (.rodata.str1.18173995716001367913.1)
                  0000bf40    0000000a     app_shell.o (.rodata.str1.4218503564476151687.1)
                  0000bf4a    00000009     app_shell.o (.rodata.str1.11515932757094173050.1)
                  0000bf53    00000009     app_shell.o (.rodata.str1.13247589138198607459.1)
                  0000bf5c    00000009     app_shell.o (.rodata.str1.2672312858105111990.1)
                  0000bf65    00000009     app_shell.o (.rodata.str1.5123905964118624653.1)
                  0000bf6e    00000009     app_shell.o (.rodata.str1.5376205643164354286.1)
                  0000bf77    00000009     app_shell.o (.rodata.str1.9017255012489828088.1)
                  0000bf80    00000008     app_shell.o (.rodata.str1.10665909939688505188.1)
                  0000bf88    00000008     board_button.o (.rodata.str1.10963450802004053816.1)
                  0000bf90    00000008     app_shell.o (.rodata.str1.11327417708772392390.1)
                  0000bf98    00000008     app_shell.o (.rodata.str1.11335294061225285764.1)
                  0000bfa0    00000008     app_shell.o (.rodata.str1.14639049301600042713.1)
                  0000bfa8    00000008     app_shell.o (.rodata.str1.16714929730437686203.1)
                  0000bfb0    00000008     app_shell.o (.rodata.str1.17082220688523197928.1)
                  0000bfb8    00000008     board_button.o (.rodata.str1.17681505947258605906.1)
                  0000bfc0    00000008     board_button.o (.rodata.str1.18240515884718476655.1)
                  0000bfc8    00000008     app_main.o (.rodata.str1.1839410120130765391.1)
                  0000bfd0    00000008     app_shell.o (.rodata.str1.2128407216864987192.1)
                  0000bfd8    00000008     app_shell.o (.rodata.str1.289627103221730650.1)
                  0000bfe0    00000008     app_shell.o (.rodata.str1.5549424804698209806.1)
                  0000bfe8    00000008     board_button.o (.rodata.str1.5952028417427413650.1)
                  0000bff0    00000008     app_shell.o (.rodata.str1.6213986015100719150.1)
                  0000bff8    00000008     app_shell.o (.rodata.str1.7717429345810212474.1)
                  0000c000    00000008     app_shell.o (.rodata.str1.8730301986016609910.1)
                  0000c008    00000008     app_shell.o (.rodata.str1.8756111863556889466.1)
                  0000c010    00000008     app_shell.o (.rodata.str1.8778837135027269807.1)
                  0000c018    00000008     app_shell.o (.rodata.str1.9555053908608242801.1)
                  0000c020    00000007     app_shell.o (.rodata.str1.10673636489446728236.1)
                  0000c027    00000007     app_shell.o (.rodata.str1.11774507841365577078.1)
                  0000c02e    00000007     app_shell.o (.rodata.str1.11922244342622017285.1)
                  0000c035    00000007     app_shell.o (.rodata.str1.12080946370607717659.1)
                  0000c03c    00000007     app_shell.o (.rodata.str1.13029328624899454496.1)
                  0000c043    00000007     app_shell.o (.rodata.str1.15816476343860600217.1)
                  0000c04a    00000007     board_i2c_bus.o (.rodata.str1.17771965703026024685.1)
                  0000c051    00000007     app_shell.o (.rodata.str1.2029421846019890511.1)
                  0000c058    00000007     app_shell.o (.rodata.str1.2112829382197544942.1)
                  0000c05f    00000007     app_shell.o (.rodata.str1.27965927919619260.1)
                  0000c066    00000007     app_shell.o (.rodata.str1.2831129786622658843.1)
                  0000c06d    00000007     app_shell.o (.rodata.str1.2963890733414402023.1)
                  0000c074    00000007     app_shell.o (.rodata.str1.4334110622959027977.1)
                  0000c07b    00000007     app_shell.o (.rodata.str1.4875989240936630559.1)
                  0000c082    00000007     app_shell.o (.rodata.str1.5515999138927817340.1)
                  0000c089    00000007     app_shell.o (.rodata.str1.6741221679932540615.1)
                  0000c090    00000007     app_shell.o (.rodata.str1.7988978544830785654.1)
                  0000c097    00000007     app_shell.o (.rodata.str1.9315764513386952153.1)
                  0000c09e    00000007     app_shell.o (.rodata.str1.931795180867172166.1)
                  0000c0a5    00000007     app_shell.o (.rodata.str1.9376739677351878210.1)
                  0000c0ac    00000007     app_shell.o (.rodata.str1.9708937098353321336.1)
                  0000c0b3    00000006     app_shell.o (.rodata._ZZN3app12_GLOBAL__N_111LoraCommandEiPKPKcE9kTestData)
                  0000c0b9    00000006     app_shell.o (.rodata._ZZN3app12_GLOBAL__N_112MotorCommandEiPKPKcE9kTestData)
                  0000c0bf    00000006     app_shell.o (.rodata.str1.10018306225359911921.1)
                  0000c0c5    00000006     app_shell.o (.rodata.str1.13643216153024045165.1)
                  0000c0cb    00000006     app_shell.o (.rodata.str1.14223157730264656398.1)
                  0000c0d1    00000006     app_shell.o (.rodata.str1.14355953386558495977.1)
                  0000c0d7    00000006     app_shell.o (.rodata.str1.15233515076766056445.1)
                  0000c0dd    00000006     app_shell.o (.rodata.str1.15890787717468802715.1)
                  0000c0e3    00000006     app_shell.o (.rodata.str1.15957297692044786119.1)
                  0000c0e9    00000006     app_shell.o (.rodata.str1.16079002699872141978.1)
                  0000c0ef    00000006     app_shell.o (.rodata.str1.16234102244779358492.1)
                  0000c0f5    00000006     app_shell.o (.rodata.str1.16556295950709461880.1)
                  0000c0fb    00000006     app_shell.o (.rodata.str1.17353931100524941225.1)
                  0000c101    00000006     app_shell.o (.rodata.str1.17942500811997078001.1)
                  0000c107    00000006     app_shell.o (.rodata.str1.1886428569580364902.1)
                  0000c10d    00000006     app_shell.o (.rodata.str1.3266044674648287831.1)
                  0000c113    00000006     app_shell.o (.rodata.str1.4126815238888174570.1)
                  0000c119    00000006     app_shell.o (.rodata.str1.4138401803328556999.1)
                  0000c11f    00000006     app_shell.o (.rodata.str1.4542404440653722632.1)
                  0000c125    00000006     app_shell.o (.rodata.str1.587364518894469847.1)
                  0000c12b    00000006     app_shell.o (.rodata.str1.5909738732761903070.1)
                  0000c131    00000006     app_shell.o (.rodata.str1.6351667589775284342.1)
                  0000c137    00000006     app_shell.o (.rodata.str1.6622852920864620103.1)
                  0000c13d    00000006     app_shell.o (.rodata.str1.6951946783319408118.1)
                  0000c143    00000006     app_shell.o (.rodata.str1.7122307362297942762.1)
                  0000c149    00000006     app_shell.o (.rodata.str1.8674441817985872181.1)
                  0000c14f    00000006     app_shell.o (.rodata.str1.8859821711474065235.1)
                  0000c155    00000006     app_shell.o (.rodata.str1.9144633642026494361.1)
                  0000c15b    00000006     app_shell.o (.rodata.str1.9805525145790407866.1)
                  0000c161    00000005     app_shell.o (.rodata.str1.10218881960771275491.1)
                  0000c166    00000005     board_i2c_bus.o (.rodata.str1.11524751692591293752.1)
                  0000c16b    00000005     app_shell.o (.rodata.str1.12395812238841081648.1)
                  0000c170    00000005     app_shell.o (.rodata.str1.12583477948311004516.1)
                  0000c175    00000005     app_shell.o (.rodata.str1.13030721149427952655.1)
                  0000c17a    00000005     app_shell.o (.rodata.str1.13640432584226954899.1)
                  0000c17f    00000005     app_shell.o (.rodata.str1.14665588872345235888.1)
                  0000c184    00000005     app_shell.o (.rodata.str1.15616611124726231738.1)
                  0000c189    00000005     app_shell.o (.rodata.str1.15885433143163248817.1)
                  0000c18e    00000005     app_shell.o (.rodata.str1.16906130264434024515.1)
                  0000c193    00000005     shell.o (.rodata.str1.17405053739148516019.1)
                  0000c198    00000005     app_shell.o (.rodata.str1.17796269336985765740.1)
                  0000c19d    00000005     app_shell.o (.rodata.str1.18064870084815154193.1)
                  0000c1a2    00000005     app_shell.o (.rodata.str1.18221696243336245540.1)
                  0000c1a7    00000005     app_shell.o (.rodata.str1.18269279803075602796.1)
                  0000c1ac    00000005     app_shell.o (.rodata.str1.18334646164448261171.1)
                  0000c1b1    00000005     app_shell.o (.rodata.str1.2160470991696560517.1)
                  0000c1b6    00000005     app_shell.o (.rodata.str1.3012107245209823623.1)
                  0000c1bb    00000005     app_shell.o (.rodata.str1.4179493015675024832.1)
                  0000c1c0    00000005     app_shell.o (.rodata.str1.4754765727316804258.1)
                  0000c1c5    00000005     app_shell.o (.rodata.str1.5557692366192543561.1)
                  0000c1ca    00000005     app_shell.o (.rodata.str1.5652790780262836254.1)
                  0000c1cf    00000005     app_shell.o (.rodata.str1.6333935326310285001.1)
                  0000c1d4    00000005     app_shell.o (.rodata.str1.7212684690809077353.1)
                  0000c1d9    00000005     app_shell.o (.rodata.str1.8934507472916618446.1)
                  0000c1de    00000005     app_shell.o (.rodata.str1.906066569443847875.1)
                  0000c1e3    00000004     app_shell.o (.rodata.str1.10195084751130023350.1)
                  0000c1e7    00000004     app_shell.o (.rodata.str1.10756110055158838206.1)
                  0000c1eb    00000004     app_shell.o (.rodata.str1.1207053347194752072.1)
                  0000c1ef    00000004     app_shell.o (.rodata.str1.12139680495649507277.1)
                  0000c1f3    00000004     app_shell.o (.rodata.str1.1223882822645374465.1)
                  0000c1f7    00000004     app_shell.o (.rodata.str1.13626453309717720227.1)
                  0000c1fb    00000004     app_shell.o (.rodata.str1.141740382680400416.1)
                  0000c1ff    00000004     app_shell.o (.rodata.str1.14445045882516821416.1)
                  0000c203    00000004     app_shell.o (.rodata.str1.14623014954758015065.1)
                  0000c207    00000004     app_shell.o (.rodata.str1.16800956331689080151.1)
                  0000c20b    00000004     app_shell.o (.rodata.str1.17269466629117989041.1)
                  0000c20f    00000004     app_shell.o (.rodata.str1.2767916714829989116.1)
                  0000c213    00000004     app_shell.o (.rodata.str1.3030045481369325523.1)
                  0000c217    00000004     app_shell.o (.rodata.str1.3688985272902551570.1)
                  0000c21b    00000004     app_shell.o (.rodata.str1.4465400818469226320.1)
                  0000c21f    00000004     app_shell.o (.rodata.str1.4641291215374644332.1)
                  0000c223    00000004     app_shell.o (.rodata.str1.5716603645884478871.1)
                  0000c227    00000004     app_shell.o (.rodata.str1.6410197886599512152.1)
                  0000c22b    00000004     shell.o (.rodata.str1.7348818734176781284.1)
                  0000c22f    00000004     app_shell.o (.rodata.str1.7493624433185208732.1)
                  0000c233    00000004     app_shell.o (.rodata.str1.7612592787831263617.1)
                  0000c237    00000004     app_shell.o (.rodata.str1.7743837333376801574.1)
                  0000c23b    00000004     app_shell.o (.rodata.str1.7940456731757887554.1)
                  0000c23f    00000004     app_shell.o (.rodata.str1.8406640635343907673.1)
                  0000c243    00000004     app_shell.o (.rodata.str1.8435392788517128360.1)
                  0000c247    00000004     shell.o (.rodata.str1.8954516873856363469.1)
                  0000c24b    00000003     shell.o (.rodata.str1.10427229796524742636.1)
                  0000c24e    00000003     app_shell.o (.rodata.str1.11836969374611347342.1)
                  0000c251    00000003     app_shell.o (.rodata.str1.13245102848535749030.1)
                  0000c254    00000003     app_shell.o (.rodata.str1.1418877803505809098.1)
                  0000c257    00000003     app_shell.o (.rodata.str1.2027963614161212499.1)
                  0000c25a    00000003     app_shell.o (.rodata.str1.347170334538847339.1)
                  0000c25d    00000003     shell.o (.rodata.str1.4282230880151502975.1)
                  0000c260    00000003     app_shell.o (.rodata.str1.5301191676092148263.1)
                  0000c263    00000003     app_shell.o (.rodata.str1.638712236475948105.1)
                  0000c266    00000003     app_shell.o (.rodata.str1.6963926815691589692.1)
                  0000c269    00000003     app_shell.o (.rodata.str1.7863334761919578676.1)
                  0000c26c    00000003     shell.o (.rodata.str1.8508895379925972626.1)
                  0000c26f    00000002     app_shell.o (.rodata._ZZN3app12_GLOBAL__N_112MotorCommandEiPKPKcE7kM2Stop)
                  0000c271    00000002     ti_msp_dl_config.o (.rodata.gDEBUG_UARTClockConfig)
                  0000c273    00000002     ti_msp_dl_config.o (.rodata.gFRAM_I2CClockConfig)
                  0000c275    00000002     ti_msp_dl_config.o (.rodata.gIMU_SPI_clockConfig)
                  0000c277    00000002     ti_msp_dl_config.o (.rodata.gINA219_I2CClockConfig)
                  0000c279    00000002     ti_msp_dl_config.o (.rodata.gLORA_UARTClockConfig)
                  0000c27b    00000002     ti_msp_dl_config.o (.rodata.gMOTOR_UARTClockConfig)
                  0000c27d    00000002     app_shell.o (.rodata.str1.10091040128680290456.1)
                  0000c27f    00000002     app_shell.o (.rodata.str1.16458884249986146812.1)
                  0000c281    00000002     app_shell.o (.rodata.str1.18057142085415363861.1)
                  0000c283    00000002     app_shell.o (.rodata.str1.8867909630182175989.1)
                  0000c285    00000002     app_shell.o (.rodata.str1.9307362830757344490.1)
                  0000c287    00000009     --HOLE-- [fill = 0]

.init_array 
*          0    00000000    00000000     UNINITIALIZED

.binit     0    00000000    00000000     

.bss       0    20200000    00000308     UNINITIALIZED
                  20200000    00000100     board_lora.o (.bss._ZN5boardL14g_loraRxBufferE)
                  20200100    00000100     board_motor_driver.o (.bss._ZN5boardL21g_motorDriverRxBufferE)
                  20200200    00000080     debug_uart.o (.bss._ZN8services12_GLOBAL__N_110g_rxBufferE)
                  20200280    00000060     shell.o (.bss._ZN8services12_GLOBAL__N_112g_lineBufferE)
                  202002e0    00000028     (.common:gIMU_SPIBackup)

.data      0    20200308    0000027c     UNINITIALIZED
                  20200308    00000100     shell.o (.data._ZN8services12_GLOBAL__N_110g_commandsE)
                  20200408    000000f0     scheduler.o (.data._ZN8servicesL7g_tasksE)
                  202004f8    00000030     board_button.o (.data._ZN5board12_GLOBAL__N_116g_buttonContextsE)
                  20200528    00000010     board_lora.o (.data._ZN5boardL13g_loraContextE)
                  20200538    00000010     board_motor_driver.o (.data._ZN5boardL20g_motorDriverContextE)
                  20200548    00000008     app_main.o (.data._ZN3appL10g_appStateE)
                  20200550    00000008     board_fram.o (.data._ZN5boardL13g_framContextE)
                  20200558    00000008     board_buzzer.o (.data._ZN5boardL15g_buzzerContextE)
                  20200560    00000008     board_ina219.o (.data._ZN5boardL15g_ina219ContextE)
                  20200568    00000008     board_led.o (.data._ZN5boardL18g_statusLedContextE)
                  20200570    00000004     shell.o (.data._ZN8services12_GLOBAL__N_112g_lineLengthE)
                  20200574    00000004     debug_uart.o (.data._ZN8services12_GLOBAL__N_116g_rxDroppedCountE)
                  20200578    00000004     time.o (.data._ZN8servicesL8g_millisE)
                  2020057c    00000002     debug_uart.o (.data._ZN8services12_GLOBAL__N_18g_rxHeadE)
                  2020057e    00000002     debug_uart.o (.data._ZN8services12_GLOBAL__N_18g_rxTailE)
                  20200580    00000001     board_imu.o (.data._ZN5board12_GLOBAL__N_110g_imuReadyE)
                  20200581    00000001     shell.o (.data._ZN8services12_GLOBAL__N_114g_ignoreNextLfE)
                  20200582    00000001     debug_uart.o (.data._ZN8services12_GLOBAL__N_116g_debugUartReadyE)
                  20200583    00000001     fault.o (.data._ZN8servicesL11g_faultCodeE)

.stack     0    2020ff00    00000100     UNINITIALIZED
                  2020ff00    00000004     libc.a : boot_cortex_m.c.obj (.stack)
                  2020ff04    000000fc     --HOLE--

__llvm_prf_cnts 
*          0    20200000    00000000     UNINITIALIZED

__llvm_prf_bits 
*          0    20200000    00000000     UNINITIALIZED

MODULE SUMMARY

       Module                         code    ro data   rw data
       ------                         ----    -------   -------
    .\
       ti_msp_dl_config.o             1128    52        40     
       startup_mspm0g351x_ticlang.o   6       192       0      
       empty_cpp.o                    82      0         0      
    +--+------------------------------+-------+---------+---------+
       Total:                         1216    244       40     
                                                               
    .\app\
       app_shell.o                    23396   5314      0      
       app_main.o                     102     8         8      
    +--+------------------------------+-------+---------+---------+
       Total:                         23498   5322      8      
                                                               
    .\board\
       board_imu.o                    3468    12        1      
       board_lora.o                   204     24        272    
       board_motor_driver.o           204     24        272    
       board_ina219.o                 356     56        8      
       board_button.o                 248     92        48     
       board_i2c_bus.o                204     100       0      
       board_fram.o                   210     44        8      
       board_buzzer.o                 68      12        8      
       board_led.o                    68      12        8      
       board.o                        38      0         0      
    +--+------------------------------+-------+---------+---------+
       Total:                         5068    376       625    
                                                               
    .\drivers\button\
       button.o                       306     0         0      
    +--+------------------------------+-------+---------+---------+
       Total:                         306     0         0      
                                                               
    .\drivers\buzzer\
       buzzer.o                       174     0         0      
    +--+------------------------------+-------+---------+---------+
       Total:                         174     0         0      
                                                               
    .\drivers\fm24cl64b\
       fm24cl64b.o                    1882    0         0      
    +--+------------------------------+-------+---------+---------+
       Total:                         1882    0         0      
                                                               
    .\drivers\i2c_diag\
       i2c_diag.o                     2152    0         0      
    +--+------------------------------+-------+---------+---------+
       Total:                         2152    0         0      
                                                               
    .\drivers\ina219\
       ina219.o                       2326    0         0      
    +--+------------------------------+-------+---------+---------+
       Total:                         2326    0         0      
                                                               
    .\drivers\led\
       led.o                          174     0         0      
    +--+------------------------------+-------+---------+---------+
       Total:                         174     0         0      
                                                               
    .\drivers\lora\
       lora.o                         908     0         0      
    +--+------------------------------+-------+---------+---------+
       Total:                         908     0         0      
                                                               
    .\drivers\motor_driver\
       motor_driver_uart.o            996     0         0      
    +--+------------------------------+-------+---------+---------+
       Total:                         996     0         0      
                                                               
    .\services\
       shell.o                        1800    111       357    
       scheduler.o                    832     0         240    
       debug_uart.o                   732     0         137    
       time.o                         84      0         4      
       fault.o                        40      0         1      
       log.o                          2       0         0      
    +--+------------------------------+-------+---------+---------+
       Total:                         3490    111       739    
                                                               
    C:/ti/mspm0_sdk_2_10_00_04/source/ti/driverlib/lib/ticlang/m0p/mspm0gx51x/driverlib.a
       dl_i2c.o                       240     0         0      
       dl_spi.o                       142     0         0      
       dl_uart.o                      138     0         0      
       dl_common.o                    10      0         0      
    +--+------------------------------+-------+---------+---------+
       Total:                         530     0         0      
                                                               
    C:\ti\ccs2100\ccs\tools\compiler\ti-cgt-armllvm_5.1.1.LTS\lib\armv6m-ti-none-eabi/c/libc.a
       memcpy16.S.obj                 154     0         0      
       copy_decompress_lzss.c.obj     124     0         0      
       memset16.S.obj                 98      0         0      
       autoinit.c.obj                 60      0         0      
       boot_cortex_m.c.obj            40      0         0      
       copy_zero_init.c.obj           22      0         0      
       copy_decompress_none.c.obj     18      0         0      
       exit.c.obj                     6       0         0      
       pre_init.c.obj                 4       0         0      
    +--+------------------------------+-------+---------+---------+
       Total:                         526     0         0      
                                                               
    C:\ti\ccs2100\ccs\tools\compiler\ti-cgt-armllvm_5.1.1.LTS\lib\armv6m-ti-none-eabi/c/libsysbm.a
       hostexit.c.obj                 4       0         0      
    +--+------------------------------+-------+---------+---------+
       Total:                         4       0         0      
                                                               
    C:\ti\ccs2100\ccs\tools\compiler\ti-cgt-armllvm_5.1.1.LTS\lib\armv6m-ti-none-eabi/libclang_rt.builtins.a
       udivmoddi4.S.obj               162     0         0      
       aeabi_uidivmod.S.obj           64      0         0      
       divmoddi4.c.obj                62      0         0      
       muldsi3.S.obj                  58      0         0      
       muldi3.S.obj                   36      0         0      
       ashldi3.S.obj                  30      0         0      
       aeabi_memset.S.obj             26      0         0      
       aeabi_ldivmod.S.obj            20      0         0      
       aeabi_memcpy.S.obj             8       0         0      
       aeabi_div0.c.obj               4       0         0      
    +--+------------------------------+-------+---------+---------+
       Total:                         470     0         0      
                                                               
       Stack:                         0       0         256    
       Linker Generated:              0       45        0      
    +--+------------------------------+-------+---------+---------+
       Grand Total:                   43720   6098      1668   


LINKER GENERATED COPY TABLES

__TI_cinit_table @ 0000c2b0 records: 2, size/record: 8, table size: 16
	.data: load addr=0000c29c, load size=00000009 bytes, run addr=20200308, run size=0000027c bytes, compression=lzss
	.bss: load addr=0000c2a8, load size=00000008 bytes, run addr=20200000, run size=00000308 bytes, compression=zero_init


LINKER GENERATED HANDLER TABLE

__TI_handler_table @ 0000c290 records: 3, size/record: 4, table size: 12
	index: 0, handler: __TI_decompress_lzss
	index: 1, handler: __TI_decompress_none
	index: 2, handler: __TI_zero_init


GLOBAL SYMBOLS: SORTED ALPHABETICALLY BY Name 

address   name                                                                                        
[...]
00009287  _ZN8services8Log_InitEv                                                                     
00009351  _ZN5board22Board_ImuGetLineStatusEPNS_18BoardImuLineStatusE                                 
000093b5  _ZN7drivers14Fm24cl64b_InitEPNS_16Fm24cl64bContextEPKNS_15Fm24cl64bConfigE                  
00009419  memset                                                                                      
0000947b  __aeabi_idiv0                                                                               
000094dd  _ZN7drivers22LoraUart_ClearRxBufferEPNS_15LoraUartContextE                                  
0000953d  DL_I2C_fillControllerTXFIFO                                                                 
0000959b  _ZN7drivers13Button_UpdateEPNS_13ButtonContextEj                                            
000095f9  _ZN7drivers17Ina219_SetAddressEPNS_13Ina219ContextEh                                        
00009651  _ZN7drivers20I2cDiag_GetBusStatusEPKNS_16I2cDiagBusConfigEPNS_16I2cDiagBusStatusE           
000096a9  SYSCFG_DL_FRAM_I2C_init                                                                     
000096fd  SYSCFG_DL_INA219_I2C_init                                                                   
000097a5  _ZN8services14DebugUart_InitEv                                                              
000097f9  main                                                                                        
0000984b  __aeabi_ldiv0                                                                               
0000984d  _ZN5board16Board_Ina219InitEv                                                               
0000989d  _ZN5board27Board_ImuSetChipSelectDebugEbbbb                                                 
000098ed  SYSCFG_DL_IMU_SPI_init                                                                      
00009939  DL_UART_init                                                                                
00009981  _ZN5board22Board_FramGetBusStatusEPjPbS1_                                                   
000099c9  _ZN5board24Board_Ina219GetBusStatusEPjPbS1_                                                 
00009a11  _ZN8services18DebugUart_ReadByteEPh                                                         
00009a59  DL_SPI_init                                                                                 
00009a9d  _ZN5board13Board_ImuInitEv                                                                  
00009ae1  _ZN7drivers19Ina219_GetBusStatusEPNS_13Ina219ContextEPNS_15Ina219BusStatusE                 
00009b25  _ZN7drivers22Fm24cl64b_GetBusStatusEPNS_16Fm24cl64bContextEPNS_18Fm24cl64bBusStatusE        
00009be9  _ZN7drivers17LoraUart_ReadByteEPNS_15LoraUartContextEPh                                     
00009c29  _ZN7drivers24MotorDriverUart_ReadByteEPNS_22MotorDriverUartContextEPh                       
00009c69  __aeabi_uidiv                                                                               
00009c69  __aeabi_uidivmod                                                                            
00009ca9  _ZN7drivers11Button_InitEPNS_13ButtonContextEPKNS_12ButtonConfigE                           
00009ce7  __divmoddi4                                                                                 
00009d25  DL_I2C_flushControllerTXFIFO                                                                
00009d9d  _ZN5board17Board_ButtonsInitEv                                                              
00009dd9  _ZN7drivers23Ina219_ConfigureDefaultEPNS_13Ina219ContextE                                   
00009e15  __TI_auto_init_nobinit_nopinit                                                              
00009e51  __muldsi3                                                                                   
00009e8d  _ZN7drivers11Buzzer_InitEPNS_13BuzzerContextEPKNS_12BuzzerConfigE                           
00009ec5  _ZN7drivers14Button_ReadRawEPNS_13ButtonContextEPb                                          
00009efd  _ZN7drivers19Ina219_ProbeAddressEPNS_13Ina219ContextEhPt                                    
00009f35  _ZN7drivers8Led_InitEPNS_10LedContextEPKNS_9LedConfigE                                      
00009f6d  _ZN8services9Time_InitEv                                                                    
00009fa5  SYSCFG_DL_init                                                                              
0000a00d  _ZN3app8App_InitEv                                                                          
0000a041  _ZN5board19Board_ButtonsUpdateEj                                                            
0000a075  DL_I2C_flushControllerRXFIFO                                                                
0000a0a5  DL_UART_transmitDataBlocking                                                                
0000a0d5  SYSCFG_DL_SYSCTL_init                                                                       
0000a135  _ZN7drivers10Buzzer_OffEPNS_13BuzzerContextE                                                
0000a165  _ZN7drivers6Led_OnEPNS_10LedContextE                                                        
0000a195  _ZN7drivers7Led_OffEPNS_10LedContextE                                                       
0000a1c5  _ZN7drivers9Buzzer_OnEPNS_13BuzzerContextE                                                  
0000a1f5  _ZN7drivers19Ina219_ReadRegisterEPNS_13Ina219ContextEhPt                                    
0000a223  _ZN7drivers20Ina219_WriteRegisterEPNS_13Ina219ContextEht                                    
0000a251  _ZN7drivers28LoraUart_GetControllerStatusEPKNS_15LoraUartContextEPj                         
0000a27d  _ZN7drivers35MotorDriverUart_GetControllerStatusEPKNS_22MotorDriverUartContextEPj           
0000a2a9  _ZN7drivers12Ina219_ResetEPNS_13Ina219ContextE                                              
0000a2d3  _ZN7drivers23LoraUart_GetRxAvailableEPKNS_15LoraUartContextE                                
0000a2fd  _ZN7drivers30MotorDriverUart_GetRxAvailableEPKNS_22MotorDriverUartContextE                  
0000a351  _ZN5board14Board_LoraInitEv                                                                 
0000a379  _ZN5board21Board_MotorDriverInitEv                                                          
0000a3a1  _c_int00_noargs                                                                             
0000a3c9  DL_I2C_setClockConfig                                                                       
0000a415  _ZN5board10Board_InitEv                                                                     
0000a439  __aeabi_lmul                                                                                
0000a439  __muldi3                                                                                    
0000a45d  _ZN7drivers17Button_WasPressedEPNS_13ButtonContextE                                         
0000a47f  _ZN7drivers18Button_WasReleasedEPNS_13ButtonContextE                                        
0000a4a1  _ZN7drivers17Ina219_GetAddressEPKNS_13Ina219ContextE                                        
0000a4bf  _ZN7drivers21Ina219_GetCalibrationEPKNS_13Ina219ContextE                                    
0000a4dd  __aeabi_llsl                                                                                
0000a4dd  __ashldi3                                                                                   
0000a4fd  DL_SPI_receiveDataCheck8                                                                    
0000a519  DL_SPI_transmitDataCheck8                                                                   
0000a535  _ZN3app7App_RunEv                                                                           
0000a551  _ZN5board19Board_ButtonReadRawENS_13BoardButtonIdEPb                                        
0000a56d  _ZN5board21Board_ButtonIsPressedENS_13BoardButtonIdE                                        
0000a589  _ZN5board22Board_ButtonWasPressedENS_13BoardButtonIdE                                       
0000a5a5  _ZN5board23Board_ButtonWasReleasedENS_13BoardButtonIdE                                      
0000a5c1  _ZN7drivers14Ina219_IsReadyEPKNS_13Ina219ContextE                                           
0000a5dd  _ZN7drivers17Fm24cl64b_IsReadyEPKNS_16Fm24cl64bContextE                                     
0000a5f9  _ZN8services19DebugUart_WriteCharEc                                                         
0000a615  _ZN7drivers16Button_IsPressedEPKNS_13ButtonContextE                                         
0000a631  __aeabi_memset                                                                              
0000a631  __aeabi_memset4                                                                             
0000a631  __aeabi_memset8                                                                             
0000a63f  __aeabi_memclr                                                                              
0000a63f  __aeabi_memclr4                                                                             
0000a63f  __aeabi_memclr8                                                                             
0000a64d  _ZN5board15Board_I2cBusGetEj                                                                
0000a665  _ZN5board19Board_ButtonGetNameENS_13BoardButtonIdE                                          
0000a67d  _ZN7drivers20LoraUart_GetBaudrateEPKNS_15LoraUartContextE                                   
0000a695  _ZN7drivers27MotorDriverUart_GetBaudrateEPKNS_22MotorDriverUartContextE                     
0000a6c3  _ZN7drivers11Led_IsReadyEPKNS_10LedContextE                                                 
0000a6d9  _ZN7drivers14Buzzer_IsReadyEPKNS_13BuzzerContextE                                           
0000a6ef  _ZN7drivers16LoraUart_IsReadyEPKNS_15LoraUartContextE                                       
0000a705  _ZN7drivers23MotorDriverUart_IsReadyEPKNS_22MotorDriverUartContextE                         
0000a71b  __TI_zero_init_nomemset                                                                     
0000a731  _ZN5board14Board_FramInitEv                                                                 
0000a745  _ZN5board14Board_FramReadEtPht                                                              
0000a759  _ZN5board15Board_LoraWriteEPKht                                                             
0000a76d  _ZN5board16Board_BuzzerInitEv                                                               
0000a781  _ZN5board18Board_FramReadByteEtPh                                                           
0000a795  _ZN5board18Board_FramSelfTestEv                                                             
0000a7a9  _ZN5board19Board_FramWriteByteEth                                                           
0000a7bd  _ZN5board19Board_StatusLedInitEv                                                            
0000a7d1  _ZN5board22Board_MotorDriverWriteEPKht                                                      
0000a7e5  _ZN5board24Board_Ina219ProbeAddressEhPt                                                     
0000a7f9  _ZN5board24Board_Ina219ReadRegisterEhPt                                                     
0000a80d  _ZN5board25Board_Ina219WriteRegisterEht                                                     
0000a821  _ZN7drivers19Fm24cl64b_WriteByteEPNS_16Fm24cl64bContextEth                                  
0000a835  _ZN8services15Shell_WriteLineEPKc                                                           
0000a849  __aeabi_ldivmod                                                                             
0000a85d  DL_SPI_setClockConfig                                                                       
0000a86f  DL_UART_setClockConfig                                                                      
0000a881  __TI_decompress_none                                                                        
0000a895  SysTick_Handler                                                                             
0000a8a5  UART0_IRQHandler                                                                            
0000a8b5  UART1_IRQHandler                                                                            
0000a8d5  _ZN5board14Board_BuzzerOnEv                                                                 
0000a8e5  _ZN5board15Board_BuzzerOffEv                                                                
0000a8f5  _ZN5board17Board_FramIsReadyEv                                                              
0000a905  _ZN5board17Board_Ina219ResetEv                                                              
0000a915  _ZN5board17Board_LoraIsReadyEv                                                              
0000a925  _ZN5board17Board_StatusLedOnEv                                                              
0000a935  _ZN5board18Board_LoraReadByteEPh                                                            
0000a945  _ZN5board18Board_StatusLedOffEv                                                             
0000a955  _ZN5board19Board_BuzzerIsReadyEv                                                            
0000a965  _ZN5board19Board_Ina219IsReadyEv                                                            
0000a975  _ZN5board19Board_LoraWriteByteEh                                                            
0000a985  _ZN5board20Board_FramRecoverBusEv                                                           
0000a995  _ZN5board21Board_LoraGetBaudrateEv                                                          
0000a9a5  _ZN5board22Board_Ina219GetAddressEv                                                         
0000a9b5  _ZN5board22Board_Ina219RecoverBusEv                                                         
0000a9c5  _ZN5board22Board_Ina219SetAddressEh                                                         
0000a9d5  _ZN5board22Board_StatusLedIsReadyEv                                                         
0000a9e5  _ZN5board23Board_Ina219CalibrationEv                                                        
0000a9f5  _ZN5board23Board_LoraClearRxBufferEv                                                        
0000aa05  _ZN5board24Board_LoraGetRxAvailableEv                                                       
0000aa15  _ZN5board24Board_MotorDriverIsReadyEv                                                       
0000aa25  _ZN5board25Board_MotorDriverReadByteEPh                                                     
0000aa35  _ZN5board26Board_MotorDriverWriteByteEh                                                     
0000aa45  _ZN5board27Board_Ina219ReadMeasurementEPN7drivers17Ina219MeasurementE                       
0000aa55  _ZN5board27Board_LoraGetRxDroppedCountEv                                                    
0000aa65  _ZN5board28Board_Ina219ConfigureDefaultEv                                                   
0000aa75  _ZN5board28Board_Ina219ReadRawRegistersEPN7drivers18Ina219RawRegistersE                     
0000aa85  _ZN5board28Board_MotorDriverGetBaudrateEv                                                   
0000aa95  _ZN5board29Board_LoraGetControllerStatusEPj                                                 
0000aaa5  _ZN5board30Board_MotorDriverClearRxBufferEv                                                 
0000aab5  _ZN5board31Board_MotorDriverGetRxAvailableEv                                                
0000aac5  _ZN5board34Board_MotorDriverGetRxDroppedCountEv                                             
0000aad5  _ZN5board36Board_MotorDriverGetControllerStatusEPj                                          
0000aae5  _ZN8services9Fault_SetENS_9FaultCodeE                                                       
0000aaf5  _ZN5board16Board_ImuIsReadyEv                                                               
0000ab01  _ZN7drivers26LoraUart_GetRxDroppedCountEPKNS_15LoraUartContextE                             
0000ab0d  _ZN7drivers33MotorDriverUart_GetRxDroppedCountEPKNS_22MotorDriverUartContextE               
0000ab19  _ZN8services10Fault_InitEv                                                                  
0000ab25  _ZN8services11Time_MillisEv                                                                 
0000ab31  _ZN8services17DebugUart_IsReadyEv                                                           
0000ab3d  _ZN8services9Fault_GetEv                                                                    
0000ab49  DL_Common_delayCycles                                                                       
0000ab53  _ZN7drivers18Fm24cl64b_ReadByteEPNS_16Fm24cl64bContextEtPh                                  
0000ab5d  _ZN8services15Shell_WriteCharEc                                                             
0000ab65  _ZN8services17Shell_WriteStringEPKc                                                         
0000ab6d  _ZN8services17Shell_WriteUInt32Ej                                                           
0000ab75  __aeabi_memcpy                                                                              
0000ab75  __aeabi_memcpy4                                                                             
0000ab75  __aeabi_memcpy8                                                                             
0000ab7d  _ZN5board23Board_FramCapacityBytesEv                                                        
0000ab83  abort                                                                                       
0000ab88  C$$EXIT                                                                                     
0000ab89  HOSTexit                                                                                    
0000ab8d  Reset_Handler                                                                               
0000ab91  _ZN5board17Board_I2cBusCountEv                                                              
0000ab95  _system_pre_init                                                                            
0000c290  __TI_Handler_Table_Base                                                                     
0000c29c  __TI_Handler_Table_Limit                                                                    
0000c2b0  __TI_CINIT_Base                                                                             
0000c2c0  __TI_CINIT_Limit                                                                            
0000c2c0  __TI_CINIT_Warm                                                                             
20200000  __start___llvm_prf_bits                                                                     
20200000  __start___llvm_prf_cnts                                                                     
20200000  __stop___llvm_prf_bits                                                                      
20200000  __stop___llvm_prf_cnts                                                                      
202002e0  gIMU_SPIBackup                                                                              
2020ff00  __stack                                                                                     
20210000  __STACK_END                                                                                 
ffffffff  __TI_pprof_out_hndl                                                                         
ffffffff  __TI_prof_data_size                                                                         
ffffffff  __TI_prof_data_start                                                                        
ffffffff  __binit__                                                                                   
ffffffff  binit                                                                                       
UNDEFED   __mpu_init                                                                                  
UNDEFED   _system_post_cinit                                                                          

[288 symbols]
