******************************************************************************
            TI ARM Clang Linker PC v5.1.1                      
******************************************************************************
>> Linked Sun Jul  5 03:25:02 2026

OUTPUT FILE NAME:   <gugaPI.out>
ENTRY POINT SYMBOL: "_c_int00_noargs"  address: 00008ca5


MEMORY CONFIGURATION

         name            origin    length      used     unused   attr    fill
----------------------  --------  ---------  --------  --------  ----  --------
  FLASH                 00000000   00080000  0000a688  00075978  R  X
  SRAM_BANK0            20200000   00010000  00000684  0000f97c  RW X
  SRAM_BANK1            20210000   00010000  00000000  00010000  RW X
  BCR_CONFIG            41c00000   000000ff  00000000  000000ff  R   
  BSL_CONFIG            41c00100   00000080  00000000  00000080  R   
  DATA                  41d00000   00004000  00000000  00004000  R   


SEGMENT ALLOCATION MAP

run origin  load origin   length   init length attrs members
----------  ----------- ---------- ----------- ----- -------
00000000    00000000    00009448   00009448    r-x
  00000000    00000000    000000c0   000000c0    r-- .intvecs
  000000c0    000000c0    00009388   00009388    r-x .text
00009450    00009450    00001240   00001240    r--
  00009450    00009450    00001210   00001210    r-- .rodata
  0000a660    0000a660    00000030   00000030    r-- .cinit
20200000    20200000    00000584   00000000    rw-
  20200000    20200000    00000308   00000000    rw- .bss
  20200308    20200308    0000027c   00000000    rw- .data
2020ff00    2020ff00    00000100   00000000    rw-
  2020ff00    2020ff00    00000100   00000000    rw- .stack


SECTION ALLOCATION MAP

 output                                  attributes/
section   page    origin      length       input sections
--------  ----  ----------  ----------   ----------------
.intvecs   0    00000000    000000c0     
                  00000000    000000c0     startup_mspm0g351x_ticlang.o (.intvecs)

.text      0    000000c0    00009388     
                  000000c0    00000f1c     app_shell.o (.text._ZN3app12_GLOBAL__N_112MotorCommandEiPKPKc)
                  00000fdc    0000090c     app_shell.o (.text._ZN3app12_GLOBAL__N_110ImuCommandEiPKPKc)
                  000018e8    000008c0     app_shell.o (.text._ZN3app12_GLOBAL__N_113Ina219CommandEiPKPKc)
                  000021a8    00000880     app_shell.o (.text._ZN3app12_GLOBAL__N_111LoraCommandEiPKPKc)
                  00002a28    00000724     app_shell.o (.text._ZN3app12_GLOBAL__N_110I2cCommandEiPKPKc)
                  0000314c    00000474     shell.o (.text._ZN8services12_GLOBAL__N_113HandleLineEndEv)
                  000035c0    00000430     app_shell.o (.text._ZN3app12_GLOBAL__N_111FramCommandEiPKPKc)
                  000039f0    0000032c     app_shell.o (.text._ZN3app12_GLOBAL__N_112MotorRequestEhhPKhhPNS0_18MotorProtocolFrameE)
                  00003d1c    000002cc     board_imu.o (.text._ZN5board12_GLOBAL__N_123ReadRegisterWithCommandEhPh)
                  00003fe8    00000284     board_imu.o (.text._ZN5board22Board_ImuWiggleSpiPinsEj)
                  0000426c    00000238     i2c_diag.o (.text._ZN7drivers16I2cDiag_ReadReg8EPKNS_16I2cDiagBusConfigEhhPht)
                  000044a4    00000230     app_shell.o (.text._ZN3app12_GLOBAL__N_113ButtonCommandEiPKPKc)
                  000046d4    00000224     fm24cl64b.o (.text._ZN7drivers14Fm24cl64b_ReadEPNS_16Fm24cl64bContextEtPht)
                  000048f8    0000021c     board_imu.o (.text._ZN5board20Board_ImuSpiBurstIcmEjh)
                  00004b14    000001e0     ina219.o (.text._ZN7drivers17Ina219_RecoverBusEPNS_13Ina219ContextE)
                  00004cf4    000001e0     fm24cl64b.o (.text._ZN7drivers20Fm24cl64b_RecoverBusEPNS_16Fm24cl64bContextE)
                  00004ed4    000001d0     fm24cl64b.o (.text._ZN7drivers15Fm24cl64b_WriteEPNS_16Fm24cl64bContextEtPKht)
                  000050a4    000001d0     i2c_diag.o (.text._ZN7drivers18I2cDiag_RecoverBusEPKNS_16I2cDiagBusConfigE)
                  00005274    000001c8     i2c_diag.o (.text._ZN7drivers17I2cDiag_WriteReg8EPKNS_16I2cDiagBusConfigEhhPKht)
                  0000543c    000001b0     scheduler.o (.text._ZN8services13Scheduler_RunEv)
                  000055ec    000001a4     ina219.o (.text._ZN7drivers12_GLOBAL__N_120ReadRegisterInternalEPNS_13Ina219ContextEhPt)
                  00005790    00000188     i2c_diag.o (.text._ZN7drivers20I2cDiag_ProbeAddressEPKNS_16I2cDiagBusConfigEh)
                  00005918    00000170     app_shell.o (.text._ZN3app12_GLOBAL__N_113ParseI2cRangeEiPKPKchPhS5_)
                  00005a88    00000148     app_shell.o (.text._ZN3app12_GLOBAL__N_114PrintI2cStatusEPKN7drivers16I2cDiagBusConfigE)
                  00005bd0    00000140     debug_uart.o (.text._ZN8services21DebugUart_WriteUInt32Ej)
                  00005d10    0000013c     app_shell.o (.text._ZN3app12_GLOBAL__N_110I2cScanBusEPKN7drivers16I2cDiagBusConfigEhhb)
                  00005e4c    00000124     app_shell.o (.text._ZN3app25AppShell_RegisterCommandsEv)
                  00005f70    00000120     ina219.o (.text._ZN7drivers12_GLOBAL__N_121WriteRegisterInternalEPNS_13Ina219ContextEht)
                  00006090    00000108     app_shell.o (.text._ZN3app12_GLOBAL__N_119PrintMotorFrameDataEPKcRKNS0_18MotorProtocolFrameE)
                  00006198    00000100     shell.o (.text._ZN8services10Shell_InitEv)
                  00006298    000000fc     ti_msp_dl_config.o (.text.SYSCFG_DL_GPIO_init)
                  00006394    000000e0     app_shell.o (.text._ZN3app12_GLOBAL__N_110LedCommandEiPKPKc)
                  00006474    000000e0     app_shell.o (.text._ZN3app12_GLOBAL__N_113BuzzerCommandEiPKPKc)
                  00006554    000000e0     scheduler.o (.text._ZN8services17Scheduler_AddTaskEPKcPFvvEjjPh)
                  00006634    000000d4     shell.o (.text._ZN8services21Shell_RegisterCommandEPKcS1_PFviPKS1_E)
                  00006708    000000c8     ina219.o (.text._ZN7drivers11Ina219_InitEPNS_13Ina219ContextEPKNS_12Ina219ConfigE)
                  000067d0    000000c8     lora.o (.text._ZN7drivers14LoraUart_WriteEPNS_15LoraUartContextEPKht)
                  00006898    000000c8     motor_driver_uart.o (.text._ZN7drivers21MotorDriverUart_WriteEPNS_22MotorDriverUartContextEPKht)
                  00006960    000000b8     ina219.o (.text._ZN7drivers12_GLOBAL__N_113ReleaseI2cBusEPKNS_12Ina219ConfigE)
                  00006a18    000000b8     i2c_diag.o (.text._ZN7drivers12_GLOBAL__N_113ReleaseI2cBusEPKNS_16I2cDiagBusConfigE)
                  00006ad0    000000b0     app_shell.o (.text._ZN3app12_GLOBAL__N_110WriteHex32Ej)
                  00006b80    000000b0     board_i2c_bus.o (.text._ZN5board16Board_I2cBusFindEPKc)
                  00006c30    000000b0     scheduler.o (.text._ZN8services14Scheduler_InitEv)
                  00006ce0    000000ac     app_shell.o (.text._ZN3app12_GLOBAL__N_110PwmCommandEiPKPKc)
                  00006d8c    000000a4     fm24cl64b.o (.text._ZN7drivers18Fm24cl64b_SelfTestEPNS_16Fm24cl64bContextEt)
                  00006e30    0000009c     app_shell.o (.text._ZN3app12_GLOBAL__N_111ParseUint32EPKcjPj)
                  00006ecc    0000009c     app_shell.o (.text._ZN3app12_GLOBAL__N_115PrintMotorUsageEv)
                  00006f68    0000009c     board_imu.o (.text._ZN5board19Board_ImuSetSpiModeEh)
                  00007004    0000009a     libc.a : memcpy16.S.obj (.text:memcpy)
                  0000709e    00000002     startup_mspm0g351x_ticlang.o (.text.Default_Handler)
                  000070a0    00000094     lora.o (.text._ZN7drivers18LoraUart_WriteByteEPNS_15LoraUartContextEh)
                  00007134    00000094     motor_driver_uart.o (.text._ZN7drivers25MotorDriverUart_WriteByteEPNS_22MotorDriverUartContextEh)
                  000071c8    00000094     shell.o (.text._ZN8services13Shell_ProcessEv)
                  0000725c    00000092     ina219.o (.text._ZN7drivers23Ina219_ReadRawRegistersEPNS_13Ina219ContextEPNS_18Ina219RawRegistersE)
                  000072ee    00000002     board.o (.text._ZN5board14Board_LateInitEv)
                  000072f0    00000090     board_imu.o (.text._ZN5board23Board_Lis3mdlReadWhoAmIEPh)
                  00007380    00000090     board_imu.o (.text._ZN5board25Board_Lis3mdlReadRegisterEhPh)
                  00007410    0000008c     board_imu.o (.text._ZN5board26Board_Icm45686ReadRegisterEhPh)
                  0000749c    00000088     ti_msp_dl_config.o (.text.SYSCFG_DL_DEBUG_UART_init)
                  00007524    00000088     ti_msp_dl_config.o (.text.SYSCFG_DL_LORA_UART_init)
                  000075ac    00000088     ti_msp_dl_config.o (.text.SYSCFG_DL_MOTOR_UART_init)
                  00007634    00000084     lora.o (.text._ZN7drivers13LoraUart_InitEPNS_15LoraUartContextEPKNS_14LoraUartConfigE)
                  000076b8    00000084     motor_driver_uart.o (.text._ZN7drivers20MotorDriverUart_InitEPNS_22MotorDriverUartContextEPKNS_21MotorDriverUartConfigE)
                  0000773c    0000007e     app_shell.o (.text._ZN3app12_GLOBAL__N_113LoraWriteArgsEiPKPKcbPt)
                  000077ba    0000007e     app_shell.o (.text._ZN3app12_GLOBAL__N_114MotorWriteArgsEiPKPKcbPt)
                  00007838    0000007c     ti_msp_dl_config.o (.text.SYSCFG_DL_initPower)
                  000078b4    0000007c     lora.o (.text._ZN7drivers19LoraUart_IrqHandlerEPNS_15LoraUartContextE)
                  00007930    0000007c     motor_driver_uart.o (.text._ZN7drivers26MotorDriverUart_IrqHandlerEPNS_22MotorDriverUartContextE)
                  000079ac    0000007c     libc.a : copy_decompress_lzss.c.obj (.text:decompress:lzss)
                  00007a28    00000074     ina219.o (.text._ZN7drivers22Ina219_ReadMeasurementEPNS_13Ina219ContextEPNS_17Ina219MeasurementE)
                  00007a9c    0000006c     debug_uart.o (.text.UART5_IRQHandler)
                  00007b08    0000006c     debug_uart.o (.text._ZN8services21DebugUart_WriteStringEPKc)
                  00007b74    00000068     app_shell.o (.text._ZN3app12_GLOBAL__N_116PrintIna219UsageEv)
                  00007bdc    00000064     app_shell.o (.text._ZN3app12_GLOBAL__N_110WriteHex16Et)
                  00007c40    00000064     board_imu.o (.text._ZN5board22Board_ImuGetLineStatusEPNS_18BoardImuLineStatusE)
                  00007ca4    00000064     fm24cl64b.o (.text._ZN7drivers14Fm24cl64b_InitEPNS_16Fm24cl64bContextEPKNS_15Fm24cl64bConfigE)
                  00007d08    00000062     libc.a : memset16.S.obj (.text:memset)
                  00007d6a    00000002     log.o (.text._ZN8services8Log_InitEv)
                  00007d6c    00000060     app_shell.o (.text._ZN3app12_GLOBAL__N_113PrintI2cUsageEv)
                  00007dcc    00000060     app_shell.o (.text._ZN3app12_GLOBAL__N_113PrintImuUsageEv)
                  00007e2c    00000060     lora.o (.text._ZN7drivers22LoraUart_ClearRxBufferEPNS_15LoraUartContextE)
                  00007e8c    00000060     motor_driver_uart.o (.text._ZN7drivers29MotorDriverUart_ClearRxBufferEPNS_22MotorDriverUartContextE)
                  00007eec    0000005e     driverlib.a : dl_i2c.o (.text.DL_I2C_fillControllerTXFIFO)
                  00007f4a    0000005e     button.o (.text._ZN7drivers13Button_UpdateEPNS_13ButtonContextEj)
                  00007fa8    00000058     ina219.o (.text._ZN7drivers17Ina219_SetAddressEPNS_13Ina219ContextEh)
                  00008000    00000058     i2c_diag.o (.text._ZN7drivers20I2cDiag_GetBusStatusEPKNS_16I2cDiagBusConfigEPNS_16I2cDiagBusStatusE)
                  00008058    00000054     ti_msp_dl_config.o (.text.SYSCFG_DL_FRAM_I2C_init)
                  000080ac    00000054     ti_msp_dl_config.o (.text.SYSCFG_DL_INA219_I2C_init)
                  00008100    00000054     app_shell.o (.text._ZN3app12_GLOBAL__N_114PrintLoraUsageEv)
                  00008154    00000054     debug_uart.o (.text._ZN8services14DebugUart_InitEv)
                  000081a8    00000052     empty_cpp.o (.text.main)
                  000081fa    00000002     libclang_rt.builtins.a : aeabi_div0.c.obj (.text.__aeabi_idiv0)
                  000081fc    00000050     board_ina219.o (.text._ZN5board16Board_Ina219InitEv)
                  0000824c    00000050     board_imu.o (.text._ZN5board27Board_ImuSetChipSelectDebugEbbbb)
                  0000829c    0000004c     ti_msp_dl_config.o (.text.SYSCFG_DL_IMU_SPI_init)
                  000082e8    00000048     driverlib.a : dl_uart.o (.text.DL_UART_init)
                  00008330    00000048     board_fram.o (.text._ZN5board22Board_FramGetBusStatusEPjPbS1_)
                  00008378    00000048     board_ina219.o (.text._ZN5board24Board_Ina219GetBusStatusEPjPbS1_)
                  000083c0    00000048     debug_uart.o (.text._ZN8services18DebugUart_ReadByteEPh)
                  00008408    00000044     driverlib.a : dl_spi.o (.text.DL_SPI_init)
                  0000844c    00000044     board_imu.o (.text._ZN5board13Board_ImuInitEv)
                  00008490    00000044     ina219.o (.text._ZN7drivers19Ina219_GetBusStatusEPNS_13Ina219ContextEPNS_15Ina219BusStatusE)
                  000084d4    00000044     fm24cl64b.o (.text._ZN7drivers22Fm24cl64b_GetBusStatusEPNS_16Fm24cl64bContextEPNS_18Fm24cl64bBusStatusE)
                  00008518    00000040     app_shell.o (.text._ZN3app12_GLOBAL__N_114PrintFramUsageEv)
                  00008558    00000040     app_shell.o (.text._ZN3app12_GLOBAL__N_114VersionCommandEiPKPKc)
                  00008598    00000040     lora.o (.text._ZN7drivers17LoraUart_ReadByteEPNS_15LoraUartContextEPh)
                  000085d8    00000040     motor_driver_uart.o (.text._ZN7drivers24MotorDriverUart_ReadByteEPNS_22MotorDriverUartContextEPh)
                  00008618    00000040     libclang_rt.builtins.a : aeabi_uidivmod.S.obj (.text)
                  00008658    0000003e     button.o (.text._ZN7drivers11Button_InitEPNS_13ButtonContextEPKNS_12ButtonConfigE)
                  00008696    00000002     --HOLE-- [fill = 0]
                  00008698    0000003c     driverlib.a : dl_i2c.o (.text.DL_I2C_flushControllerTXFIFO)
                  000086d4    0000003c     app_shell.o (.text._ZN3app12_GLOBAL__N_19WriteHex8Eh)
                  00008710    0000003c     board_button.o (.text._ZN5board17Board_ButtonsInitEv)
                  0000874c    0000003c     ina219.o (.text._ZN7drivers23Ina219_ConfigureDefaultEPNS_13Ina219ContextE)
                  00008788    0000003c     libc.a : autoinit.c.obj (.text:__TI_auto_init_nobinit_nopinit)
                  000087c4    00000038     buzzer.o (.text._ZN7drivers11Buzzer_InitEPNS_13BuzzerContextEPKNS_12BuzzerConfigE)
                  000087fc    00000038     button.o (.text._ZN7drivers14Button_ReadRawEPNS_13ButtonContextEPb)
                  00008834    00000038     ina219.o (.text._ZN7drivers19Ina219_ProbeAddressEPNS_13Ina219ContextEhPt)
                  0000886c    00000038     led.o (.text._ZN7drivers8Led_InitEPNS_10LedContextEPKNS_9LedConfigE)
                  000088a4    00000038     time.o (.text._ZN8services9Time_InitEv)
                  000088dc    00000034     ti_msp_dl_config.o (.text.SYSCFG_DL_init)
                  00008910    00000034     app_main.o (.text._ZN3app8App_InitEv)
                  00008944    00000034     board_button.o (.text._ZN5board19Board_ButtonsUpdateEj)
                  00008978    00000030     driverlib.a : dl_i2c.o (.text.DL_I2C_flushControllerRXFIFO)
                  000089a8    00000030                 : dl_uart.o (.text.DL_UART_transmitDataBlocking)
                  000089d8    00000030     ti_msp_dl_config.o (.text.SYSCFG_DL_SYSCTL_init)
                  00008a08    00000030     app_shell.o (.text._ZN3app12_GLOBAL__N_115WriteStatusLineEPKcN7drivers12DriverStatusE)
                  00008a38    00000030     buzzer.o (.text._ZN7drivers10Buzzer_OffEPNS_13BuzzerContextE)
                  00008a68    00000030     led.o (.text._ZN7drivers6Led_OnEPNS_10LedContextE)
                  00008a98    00000030     led.o (.text._ZN7drivers7Led_OffEPNS_10LedContextE)
                  00008ac8    00000030     buzzer.o (.text._ZN7drivers9Buzzer_OnEPNS_13BuzzerContextE)
                  00008af8    0000002e     ina219.o (.text._ZN7drivers19Ina219_ReadRegisterEPNS_13Ina219ContextEhPt)
                  00008b26    0000002c     ina219.o (.text._ZN7drivers20Ina219_WriteRegisterEPNS_13Ina219ContextEht)
                  00008b52    00000002     --HOLE-- [fill = 0]
                  00008b54    0000002c     lora.o (.text._ZN7drivers28LoraUart_GetControllerStatusEPKNS_15LoraUartContextEPj)
                  00008b80    0000002c     motor_driver_uart.o (.text._ZN7drivers35MotorDriverUart_GetControllerStatusEPKNS_22MotorDriverUartContextEPj)
                  00008bac    0000002a     ina219.o (.text._ZN7drivers12Ina219_ResetEPNS_13Ina219ContextE)
                  00008bd6    0000002a     lora.o (.text._ZN7drivers23LoraUart_GetRxAvailableEPKNS_15LoraUartContextE)
                  00008c00    0000002a     motor_driver_uart.o (.text._ZN7drivers30MotorDriverUart_GetRxAvailableEPKNS_22MotorDriverUartContextE)
                  00008c2a    00000002     --HOLE-- [fill = 0]
                  00008c2c    00000028     app_shell.o (.text._ZN3app12_GLOBAL__N_112ResetCommandEiPKPKc)
                  00008c54    00000028     board_lora.o (.text._ZN5board14Board_LoraInitEv)
                  00008c7c    00000028     board_motor_driver.o (.text._ZN5board21Board_MotorDriverInitEv)
                  00008ca4    00000028     libc.a : boot_cortex_m.c.obj (.text:_c_int00_noargs)
                  00008ccc    00000026     driverlib.a : dl_i2c.o (.text.DL_I2C_setClockConfig)
                  00008cf2    00000002     --HOLE-- [fill = 0]
                  00008cf4    00000024     app_shell.o (.text._ZN3app12_GLOBAL__N_110WriteInt32Ei)
                  00008d18    00000024     board.o (.text._ZN5board10Board_InitEv)
                  00008d3c    00000022     button.o (.text._ZN7drivers17Button_WasPressedEPNS_13ButtonContextE)
                  00008d5e    00000022     button.o (.text._ZN7drivers18Button_WasReleasedEPNS_13ButtonContextE)
                  00008d80    0000001e     ina219.o (.text._ZN7drivers17Ina219_GetAddressEPKNS_13Ina219ContextE)
                  00008d9e    0000001e     ina219.o (.text._ZN7drivers21Ina219_GetCalibrationEPKNS_13Ina219ContextE)
                  00008dbc    0000001c     driverlib.a : dl_spi.o (.text.DL_SPI_receiveDataCheck8)
                  00008dd8    0000001c                 : dl_spi.o (.text.DL_SPI_transmitDataCheck8)
                  00008df4    0000001c     app_main.o (.text._ZN3app7App_RunEv)
                  00008e10    0000001c     board_button.o (.text._ZN5board19Board_ButtonReadRawENS_13BoardButtonIdEPb)
                  00008e2c    0000001c     board_button.o (.text._ZN5board21Board_ButtonIsPressedENS_13BoardButtonIdE)
                  00008e48    0000001c     board_button.o (.text._ZN5board22Board_ButtonWasPressedENS_13BoardButtonIdE)
                  00008e64    0000001c     board_button.o (.text._ZN5board23Board_ButtonWasReleasedENS_13BoardButtonIdE)
                  00008e80    0000001c     ina219.o (.text._ZN7drivers14Ina219_IsReadyEPKNS_13Ina219ContextE)
                  00008e9c    0000001c     fm24cl64b.o (.text._ZN7drivers17Fm24cl64b_IsReadyEPKNS_16Fm24cl64bContextE)
                  00008eb8    0000001c     debug_uart.o (.text._ZN8services19DebugUart_WriteCharEc)
                  00008ed4    0000001a     button.o (.text._ZN7drivers16Button_IsPressedEPKNS_13ButtonContextE)
                  00008eee    00000002     --HOLE-- [fill = 0]
                  00008ef0    0000001a     libclang_rt.builtins.a : aeabi_memset.S.obj (.text)
                  00008f0a    00000002     --HOLE-- [fill = 0]
                  00008f0c    00000018     board_i2c_bus.o (.text._ZN5board15Board_I2cBusGetEj)
                  00008f24    00000018     board_button.o (.text._ZN5board19Board_ButtonGetNameENS_13BoardButtonIdE)
                  00008f3c    00000018     lora.o (.text._ZN7drivers20LoraUart_GetBaudrateEPKNS_15LoraUartContextE)
                  00008f54    00000018     motor_driver_uart.o (.text._ZN7drivers27MotorDriverUart_GetBaudrateEPKNS_22MotorDriverUartContextE)
                  00008f6c    00000016     app_main.o (.text._ZN12_GLOBAL__N_118App_ButtonScanTaskEv)
                  00008f82    00000016     led.o (.text._ZN7drivers11Led_IsReadyEPKNS_10LedContextE)
                  00008f98    00000016     buzzer.o (.text._ZN7drivers14Buzzer_IsReadyEPKNS_13BuzzerContextE)
                  00008fae    00000016     lora.o (.text._ZN7drivers16LoraUart_IsReadyEPKNS_15LoraUartContextE)
                  00008fc4    00000016     motor_driver_uart.o (.text._ZN7drivers23MotorDriverUart_IsReadyEPKNS_22MotorDriverUartContextE)
                  00008fda    00000016     libc.a : copy_zero_init.c.obj (.text:decompress:ZI:__TI_zero_init_nomemset)
                  00008ff0    00000014     board_fram.o (.text._ZN5board14Board_FramInitEv)
                  00009004    00000014     board_fram.o (.text._ZN5board14Board_FramReadEtPht)
                  00009018    00000014     board_lora.o (.text._ZN5board15Board_LoraWriteEPKht)
                  0000902c    00000014     board_buzzer.o (.text._ZN5board16Board_BuzzerInitEv)
                  00009040    00000014     board_fram.o (.text._ZN5board18Board_FramReadByteEtPh)
                  00009054    00000014     board_fram.o (.text._ZN5board18Board_FramSelfTestEv)
                  00009068    00000014     board_fram.o (.text._ZN5board19Board_FramWriteByteEth)
                  0000907c    00000014     board_led.o (.text._ZN5board19Board_StatusLedInitEv)
                  00009090    00000014     board_motor_driver.o (.text._ZN5board22Board_MotorDriverWriteEPKht)
                  000090a4    00000014     board_ina219.o (.text._ZN5board24Board_Ina219ProbeAddressEhPt)
                  000090b8    00000014     board_ina219.o (.text._ZN5board24Board_Ina219ReadRegisterEhPt)
                  000090cc    00000014     board_ina219.o (.text._ZN5board25Board_Ina219WriteRegisterEht)
                  000090e0    00000014     fm24cl64b.o (.text._ZN7drivers19Fm24cl64b_WriteByteEPNS_16Fm24cl64bContextEth)
                  000090f4    00000014     shell.o (.text._ZN8services15Shell_WriteLineEPKc)
                  00009108    00000012     driverlib.a : dl_spi.o (.text.DL_SPI_setClockConfig)
                  0000911a    00000012                 : dl_uart.o (.text.DL_UART_setClockConfig)
                  0000912c    00000012     libc.a : copy_decompress_none.c.obj (.text:decompress:none)
                  0000913e    00000002     --HOLE-- [fill = 0]
                  00009140    00000010     time.o (.text.SysTick_Handler)
                  00009150    00000010     board_lora.o (.text.UART0_IRQHandler)
                  00009160    00000010     board_motor_driver.o (.text.UART1_IRQHandler)
                  00009170    00000010     app_shell.o (.text._ZN3app12_GLOBAL__N_110AdcCommandEiPKPKc)
                  00009180    00000010     board_buzzer.o (.text._ZN5board14Board_BuzzerOnEv)
                  00009190    00000010     board_buzzer.o (.text._ZN5board15Board_BuzzerOffEv)
                  000091a0    00000010     board_fram.o (.text._ZN5board17Board_FramIsReadyEv)
                  000091b0    00000010     board_ina219.o (.text._ZN5board17Board_Ina219ResetEv)
                  000091c0    00000010     board_lora.o (.text._ZN5board17Board_LoraIsReadyEv)
                  000091d0    00000010     board_led.o (.text._ZN5board17Board_StatusLedOnEv)
                  000091e0    00000010     board_lora.o (.text._ZN5board18Board_LoraReadByteEPh)
                  000091f0    00000010     board_led.o (.text._ZN5board18Board_StatusLedOffEv)
                  00009200    00000010     board_buzzer.o (.text._ZN5board19Board_BuzzerIsReadyEv)
                  00009210    00000010     board_ina219.o (.text._ZN5board19Board_Ina219IsReadyEv)
                  00009220    00000010     board_lora.o (.text._ZN5board19Board_LoraWriteByteEh)
                  00009230    00000010     board_fram.o (.text._ZN5board20Board_FramRecoverBusEv)
                  00009240    00000010     board_lora.o (.text._ZN5board21Board_LoraGetBaudrateEv)
                  00009250    00000010     board_ina219.o (.text._ZN5board22Board_Ina219GetAddressEv)
                  00009260    00000010     board_ina219.o (.text._ZN5board22Board_Ina219RecoverBusEv)
                  00009270    00000010     board_ina219.o (.text._ZN5board22Board_Ina219SetAddressEh)
                  00009280    00000010     board_led.o (.text._ZN5board22Board_StatusLedIsReadyEv)
                  00009290    00000010     board_ina219.o (.text._ZN5board23Board_Ina219CalibrationEv)
                  000092a0    00000010     board_lora.o (.text._ZN5board23Board_LoraClearRxBufferEv)
                  000092b0    00000010     board_lora.o (.text._ZN5board24Board_LoraGetRxAvailableEv)
                  000092c0    00000010     board_motor_driver.o (.text._ZN5board24Board_MotorDriverIsReadyEv)
                  000092d0    00000010     board_motor_driver.o (.text._ZN5board25Board_MotorDriverReadByteEPh)
                  000092e0    00000010     board_motor_driver.o (.text._ZN5board26Board_MotorDriverWriteByteEh)
                  000092f0    00000010     board_ina219.o (.text._ZN5board27Board_Ina219ReadMeasurementEPN7drivers17Ina219MeasurementE)
                  00009300    00000010     board_lora.o (.text._ZN5board27Board_LoraGetRxDroppedCountEv)
                  00009310    00000010     board_ina219.o (.text._ZN5board28Board_Ina219ConfigureDefaultEv)
                  00009320    00000010     board_ina219.o (.text._ZN5board28Board_Ina219ReadRawRegistersEPN7drivers18Ina219RawRegistersE)
                  00009330    00000010     board_motor_driver.o (.text._ZN5board28Board_MotorDriverGetBaudrateEv)
                  00009340    00000010     board_lora.o (.text._ZN5board29Board_LoraGetControllerStatusEPj)
                  00009350    00000010     board_motor_driver.o (.text._ZN5board30Board_MotorDriverClearRxBufferEv)
                  00009360    00000010     board_motor_driver.o (.text._ZN5board31Board_MotorDriverGetRxAvailableEv)
                  00009370    00000010     board_motor_driver.o (.text._ZN5board34Board_MotorDriverGetRxDroppedCountEv)
                  00009380    00000010     board_motor_driver.o (.text._ZN5board36Board_MotorDriverGetControllerStatusEPj)
                  00009390    00000010     fault.o (.text._ZN8services9Fault_SetENS_9FaultCodeE)
                  000093a0    0000000c     board_imu.o (.text._ZN5board16Board_ImuIsReadyEv)
                  000093ac    0000000c     lora.o (.text._ZN7drivers26LoraUart_GetRxDroppedCountEPKNS_15LoraUartContextE)
                  000093b8    0000000c     motor_driver_uart.o (.text._ZN7drivers33MotorDriverUart_GetRxDroppedCountEPKNS_22MotorDriverUartContextE)
                  000093c4    0000000c     fault.o (.text._ZN8services10Fault_InitEv)
                  000093d0    0000000c     time.o (.text._ZN8services11Time_MillisEv)
                  000093dc    0000000c     debug_uart.o (.text._ZN8services17DebugUart_IsReadyEv)
                  000093e8    0000000c     fault.o (.text._ZN8services9Fault_GetEv)
                  000093f4    0000000a     driverlib.a : dl_common.o (.text.DL_Common_delayCycles)
                  000093fe    0000000a     fm24cl64b.o (.text._ZN7drivers18Fm24cl64b_ReadByteEPNS_16Fm24cl64bContextEtPh)
                  00009408    00000008     shell.o (.text._ZN8services15Shell_WriteCharEc)
                  00009410    00000008     shell.o (.text._ZN8services17Shell_WriteStringEPKc)
                  00009418    00000008     shell.o (.text._ZN8services17Shell_WriteUInt32Ej)
                  00009420    00000008     libclang_rt.builtins.a : aeabi_memcpy.S.obj (.text)
                  00009428    00000006     board_fram.o (.text._ZN5board23Board_FramCapacityBytesEv)
                  0000942e    00000006     libc.a : exit.c.obj (.text:abort)
                  00009434    00000004     libsysbm.a : hostexit.c.obj (.text.HOSTexit)
                  00009438    00000004     startup_mspm0g351x_ticlang.o (.text.Reset_Handler)
                  0000943c    00000004     board_i2c_bus.o (.text._ZN5board17Board_I2cBusCountEv)
                  00009440    00000004     libc.a : pre_init.c.obj (.text._system_pre_init)
                  00009444    00000004     --HOLE-- [fill = 0]

.cinit     0    0000a660    00000030     
                  0000a660    0000000c     (__TI_handler_table)
                  0000a66c    00000009     (.cinit..data.load) [load image, compression = lzss]
                  0000a675    00000003     --HOLE-- [fill = 0]
                  0000a678    00000008     (.cinit..bss.load) [load image, compression = zero_init]
                  0000a680    00000010     (__TI_cinit_table)

.rodata    0    00009450    00001210     
                  00009450    00000100     app_shell.o (.rodata..L.crctable)
                  00009550    00000058     board_i2c_bus.o (.rodata._ZN5board12_GLOBAL__N_110g_i2cBusesE)
                  000095a8    00000045     app_shell.o (.rodata.str1.2354522874658768371.1)
                  000095ed    00000039     app_shell.o (.rodata.str1.444886150797460539.1)
                  00009626    00000039     app_shell.o (.rodata.str1.9210286441137644766.1)
                  0000965f    00000001     app_shell.o (.rodata.str1.17946445462908322557.1)
                  00009660    00000038     board_ina219.o (.rodata._ZN5boardL14g_ina219ConfigE)
                  00009698    00000035     app_shell.o (.rodata.str1.14384267027075031912.1)
                  000096cd    00000031     app_shell.o (.rodata.str1.13305312957799781956.1)
                  000096fe    00000002     app_shell.o (.rodata._ZZN3app12_GLOBAL__N_112MotorCommandEiPKPKcE7kM1Stop)
                  00009700    00000030     board_button.o (.rodata._ZN5board12_GLOBAL__N_115g_buttonConfigsE)
                  00009730    00000030     app_shell.o (.rodata.str1.14683574465395229248.1)
                  00009760    0000002c     board_fram.o (.rodata._ZN5boardL12g_framConfigE)
                  0000978c    0000002b     app_shell.o (.rodata.str1.12588545937538655288.1)
                  000097b7    0000002a     app_shell.o (.rodata.str1.6963926815691589692.1)
                  000097e1    0000002a     app_shell.o (.rodata.str1.8509687067808380963.1)
                  0000980b    00000026     shell.o (.rodata.str1.6901712316327456926.1)
                  00009831    00000020     app_shell.o (.rodata.str1.9018689912544847403.1)
                  00009851    0000001f     app_shell.o (.rodata.str1.11208828733426745331.1)
                  00009870    0000001f     app_shell.o (.rodata.str1.13323525510459860336.1)
                  0000988f    0000001f     app_shell.o (.rodata.str1.8175931356486144895.1)
                  000098ae    0000001f     app_shell.o (.rodata.str1.871335262082007188.1)
                  000098cd    0000001e     app_shell.o (.rodata.str1.15434941628325917383.1)
                  000098eb    0000001e     app_shell.o (.rodata.str1.5998459121093071997.1)
                  00009909    0000001d     app_shell.o (.rodata.str1.14205965562906606532.1)
                  00009926    0000001d     app_shell.o (.rodata.str1.17149590331237407959.1)
                  00009943    0000001d     app_shell.o (.rodata.str1.3345426052653886543.1)
                  00009960    0000001d     app_shell.o (.rodata.str1.3791812099772881164.1)
                  0000997d    00000003     shell.o (.rodata.str1.10427229796524742636.1)
                  00009980    0000001c     app_shell.o (.rodata..Lswitch.table._ZN3app12_GLOBAL__N_115WriteStatusLineEPKcN7drivers12DriverStatusE)
                  0000999c    0000001c     app_shell.o (.rodata.str1.1117190944701632139.1)
                  000099b8    0000001c     app_shell.o (.rodata.str1.16920742144462411612.1)
                  000099d4    0000001c     app_shell.o (.rodata.str1.17894747200582054988.1)
                  000099f0    0000001b     app_shell.o (.rodata.str1.6446933695614087048.1)
                  00009a0b    0000001b     app_shell.o (.rodata.str1.9081962557253678714.1)
                  00009a26    0000001a     app_shell.o (.rodata.str1.11836969374611347342.1)
                  00009a40    0000001a     app_shell.o (.rodata.str1.15397327130298834941.1)
                  00009a5a    00000019     app_shell.o (.rodata.str1.10195084751130023350.1)
                  00009a73    00000019     app_shell.o (.rodata.str1.13760472749468428784.1)
                  00009a8c    00000019     app_shell.o (.rodata.str1.5652790780262836254.1)
                  00009aa5    00000003     app_shell.o (.rodata.str1.10465369967917398799.1)
                  00009aa8    00000018     app_shell.o (.rodata..Lswitch.table._ZN3app12_GLOBAL__N_114PrintI2cStatusEPKN7drivers16I2cDiagBusConfigE)
                  00009ac0    00000018     board_lora.o (.rodata._ZN5boardL12g_loraConfigE)
                  00009ad8    00000018     board_motor_driver.o (.rodata._ZN5boardL19g_motorDriverConfigE)
                  00009af0    00000018     app_shell.o (.rodata.str1.14082473703337987432.1)
                  00009b08    00000017     app_shell.o (.rodata.str1.17942500811997078001.1)
                  00009b1f    00000017     app_shell.o (.rodata.str1.4126815238888174570.1)
                  00009b36    00000017     shell.o (.rodata.str1.5680428239841774557.1)
                  00009b4d    00000016     app_shell.o (.rodata.str1.11325690732168652611.1)
                  00009b63    00000016     app_shell.o (.rodata.str1.13438288695896508174.1)
                  00009b79    00000016     app_shell.o (.rodata.str1.1349469432826125676.1)
                  00009b8f    00000016     app_shell.o (.rodata.str1.3266044674648287831.1)
                  00009ba5    00000016     app_shell.o (.rodata.str1.4641291215374644332.1)
                  00009bbb    00000015     app_shell.o (.rodata.str1.11187590877126870748.1)
                  00009bd0    00000015     app_shell.o (.rodata.str1.1222417806814152126.1)
                  00009be5    00000015     app_shell.o (.rodata.str1.2128407216864987192.1)
                  00009bfa    00000015     app_shell.o (.rodata.str1.2942266741242204019.1)
                  00009c0f    00000015     app_shell.o (.rodata.str1.8287504627243269121.1)
                  00009c24    00000014     app_shell.o (.rodata.str1.1818528395550233868.1)
                  00009c38    00000013     app_shell.o (.rodata.str1.6394054571282083081.1)
                  00009c4b    00000013     app_shell.o (.rodata.str1.8569159511768566713.1)
                  00009c5e    00000013     app_shell.o (.rodata.str1.8602760754867183125.1)
                  00009c71    00000013     app_shell.o (.rodata.str1.8767742179201719121.1)
                  00009c84    00000012     app_shell.o (.rodata.str1.107782727556153465.1)
                  00009c96    00000012     app_shell.o (.rodata.str1.11627215746227218045.1)
                  00009ca8    00000012     app_shell.o (.rodata.str1.13324323091560154661.1)
                  00009cba    00000012     app_shell.o (.rodata.str1.16682001306138638370.1)
                  00009ccc    00000012     app_shell.o (.rodata.str1.16751110918939779405.1)
                  00009cde    00000012     app_shell.o (.rodata.str1.560197181004569561.1)
                  00009cf0    00000012     app_shell.o (.rodata.str1.7579154775923007786.1)
                  00009d02    00000012     app_shell.o (.rodata.str1.8103717083034249282.1)
                  00009d14    00000012     shell.o (.rodata.str1.8246939600463437344.1)
                  00009d26    00000011     app_shell.o (.rodata.str1.10018306225359911921.1)
                  00009d37    00000011     app_shell.o (.rodata.str1.14613035533147221857.1)
                  00009d48    00000011     app_shell.o (.rodata.str1.16227620492999702623.1)
                  00009d59    00000011     app_shell.o (.rodata.str1.16368304853068341593.1)
                  00009d6a    00000011     app_shell.o (.rodata.str1.5515999138927817340.1)
                  00009d7b    00000011     app_shell.o (.rodata.str1.7571154574660953324.1)
                  00009d8c    00000011     app_shell.o (.rodata.str1.7950140236767125311.1)
                  00009d9d    00000011     app_shell.o (.rodata.str1.8793534488315853255.1)
                  00009dae    00000010     app_shell.o (.rodata.str1.11085599432999950484.1)
                  00009dbe    00000010     app_shell.o (.rodata.str1.1431720735396876446.1)
                  00009dce    00000010     app_shell.o (.rodata.str1.14827416709503782844.1)
                  00009dde    00000010     app_shell.o (.rodata.str1.15520279574724480647.1)
                  00009dee    00000010     app_shell.o (.rodata.str1.17029008240216598945.1)
                  00009dfe    00000010     app_shell.o (.rodata.str1.4993949747219772545.1)
                  00009e0e    00000010     app_shell.o (.rodata.str1.6219487071531100932.1)
                  00009e1e    00000010     app_shell.o (.rodata.str1.7923626403509450708.1)
                  00009e2e    00000010     app_shell.o (.rodata.str1.795459456749244188.1)
                  00009e3e    00000010     app_shell.o (.rodata.str1.8035528561561339514.1)
                  00009e4e    00000010     app_shell.o (.rodata.str1.9141388473721648320.1)
                  00009e5e    00000010     app_shell.o (.rodata.str1.9244822838137428263.1)
                  00009e6e    00000010     app_shell.o (.rodata.str1.9705620893505900.1)
                  00009e7e    0000000f     app_shell.o (.rodata.str1.12164603244115374595.1)
                  00009e8d    0000000f     app_shell.o (.rodata.str1.14241588195389562460.1)
                  00009e9c    0000000f     app_shell.o (.rodata.str1.15409376994933409736.1)
                  00009eab    0000000f     app_shell.o (.rodata.str1.17876943342118536213.1)
                  00009eba    0000000f     app_shell.o (.rodata.str1.3134304214227531536.1)
                  00009ec9    0000000f     app_shell.o (.rodata.str1.3256265506082810711.1)
                  00009ed8    0000000f     app_shell.o (.rodata.str1.3879560646291831357.1)
                  00009ee7    0000000f     app_shell.o (.rodata.str1.4392945030196501414.1)
                  00009ef6    0000000f     app_shell.o (.rodata.str1.5263001642383835309.1)
                  00009f05    0000000f     app_shell.o (.rodata.str1.5407661000085889072.1)
                  00009f14    0000000f     app_shell.o (.rodata.str1.7267978533840413714.1)
                  00009f23    0000000f     app_shell.o (.rodata.str1.9051984071380436030.1)
                  00009f32    0000000e     app_shell.o (.rodata.str1.10256891727475852015.1)
                  00009f40    0000000e     app_shell.o (.rodata.str1.11903828385650032657.1)
                  00009f4e    0000000e     app_shell.o (.rodata.str1.12036585828892915957.1)
                  00009f5c    0000000e     app_shell.o (.rodata.str1.13923183189790686887.1)
                  00009f6a    0000000e     app_shell.o (.rodata.str1.14008062965805295334.1)
                  00009f78    0000000e     app_shell.o (.rodata.str1.14677212197102816015.1)
                  00009f86    0000000e     app_shell.o (.rodata.str1.15403383602945839188.1)
                  00009f94    0000000e     app_shell.o (.rodata.str1.16815118733797554419.1)
                  00009fa2    0000000e     app_shell.o (.rodata.str1.2900415078221183578.1)
                  00009fb0    0000000e     app_shell.o (.rodata.str1.626618899871332695.1)
                  00009fbe    0000000e     app_shell.o (.rodata.str1.6725838405751831500.1)
                  00009fcc    0000000e     app_shell.o (.rodata.str1.6756868286634741853.1)
                  00009fda    0000000e     app_shell.o (.rodata.str1.7078129644076030331.1)
                  00009fe8    0000000e     app_shell.o (.rodata.str1.7493624433185208732.1)
                  00009ff6    0000000e     app_shell.o (.rodata.str1.7612592787831263617.1)
                  0000a004    0000000e     app_shell.o (.rodata.str1.8435392788517128360.1)
                  0000a012    0000000e     app_shell.o (.rodata.str1.9167415978045996327.1)
                  0000a020    0000000d     app_shell.o (.rodata.str1.10761430618072912911.1)
                  0000a02d    0000000d     app_shell.o (.rodata.str1.10851017352621485976.1)
                  0000a03a    0000000d     app_shell.o (.rodata.str1.10855919650491312362.1)
                  0000a047    0000000d     app_shell.o (.rodata.str1.12824201010631389445.1)
                  0000a054    0000000d     app_shell.o (.rodata.str1.13993368087264210023.1)
                  0000a061    0000000d     app_shell.o (.rodata.str1.1420893864952581301.1)
                  0000a06e    0000000d     app_shell.o (.rodata.str1.1451090849677487530.1)
                  0000a07b    0000000d     app_shell.o (.rodata.str1.14678420154468417691.1)
                  0000a088    0000000d     app_shell.o (.rodata.str1.15816476343860600217.1)
                  0000a095    0000000d     app_shell.o (.rodata.str1.1642163497366634869.1)
                  0000a0a2    0000000d     app_shell.o (.rodata.str1.16835946644515092483.1)
                  0000a0af    0000000d     app_shell.o (.rodata.str1.1715960982390498022.1)
                  0000a0bc    0000000d     app_shell.o (.rodata.str1.17353931100524941225.1)
                  0000a0c9    0000000d     app_shell.o (.rodata.str1.17414183638713165213.1)
                  0000a0d6    0000000d     app_shell.o (.rodata.str1.18076126304851181080.1)
                  0000a0e3    0000000d     app_shell.o (.rodata.str1.2319085888762997156.1)
                  0000a0f0    0000000d     app_shell.o (.rodata.str1.264036748927759168.1)
                  0000a0fd    0000000d     app_shell.o (.rodata.str1.3801014448936389230.1)
                  0000a10a    0000000d     app_shell.o (.rodata.str1.4190646769514731288.1)
                  0000a117    0000000d     app_shell.o (.rodata.str1.4203577644585159315.1)
                  0000a124    0000000d     app_shell.o (.rodata.str1.4906473829960206720.1)
                  0000a131    0000000d     app_shell.o (.rodata.str1.5000143241413183010.1)
                  0000a13e    0000000d     app_shell.o (.rodata.str1.5557692366192543561.1)
                  0000a14b    0000000d     app_shell.o (.rodata.str1.5848672442950545206.1)
                  0000a158    0000000d     app_shell.o (.rodata.str1.671945175647755142.1)
                  0000a165    0000000d     app_shell.o (.rodata.str1.7850322238517394535.1)
                  0000a172    0000000d     app_shell.o (.rodata.str1.9315764513386952153.1)
                  0000a17f    00000001     --HOLE-- [fill = 0]
                  0000a180    0000000c     board_button.o (.rodata..Lswitch.table._ZN5board19Board_ButtonGetNameENS_13BoardButtonIdE)
                  0000a18c    0000000c     board_imu.o (.rodata..Lswitch.table._ZN5board19Board_ImuSetSpiModeEh)
                  0000a198    0000000c     board_buzzer.o (.rodata._ZN5boardL14g_buzzerConfigE)
                  0000a1a4    0000000c     board_led.o (.rodata._ZN5boardL17g_statusLedConfigE)
                  0000a1b0    0000000c     app_shell.o (.rodata.str1.11515932757094173050.1)
                  0000a1bc    0000000c     app_shell.o (.rodata.str1.12080946370607717659.1)
                  0000a1c8    0000000c     app_shell.o (.rodata.str1.12681352959443149009.1)
                  0000a1d4    0000000c     app_shell.o (.rodata.str1.13507390935846511250.1)
                  0000a1e0    0000000c     app_shell.o (.rodata.str1.14355953386558495977.1)
                  0000a1ec    0000000c     app_shell.o (.rodata.str1.14891418699318862133.1)
                  0000a1f8    0000000c     app_shell.o (.rodata.str1.15536306115837748184.1)
                  0000a204    0000000c     app_shell.o (.rodata.str1.15645525071624774828.1)
                  0000a210    0000000c     app_shell.o (.rodata.str1.16167065860645901179.1)
                  0000a21c    0000000c     app_shell.o (.rodata.str1.16608939394091912599.1)
                  0000a228    0000000c     app_shell.o (.rodata.str1.2292235750072059597.1)
                  0000a234    0000000c     app_shell.o (.rodata.str1.3590894685082263268.1)
                  0000a240    0000000c     app_shell.o (.rodata.str1.3892416308557052197.1)
                  0000a24c    0000000c     app_shell.o (.rodata.str1.5301191676092148263.1)
                  0000a258    0000000c     app_shell.o (.rodata.str1.7652650349062231201.1)
                  0000a264    0000000c     app_shell.o (.rodata.str1.8150600325345066189.1)
                  0000a270    0000000c     app_shell.o (.rodata.str1.97227345183721019.1)
                  0000a27c    0000000b     app_shell.o (.rodata.str1.11627259167888876947.1)
                  0000a287    0000000b     app_shell.o (.rodata.str1.12144774989780088692.1)
                  0000a292    0000000b     app_shell.o (.rodata.str1.15706013027452160776.1)
                  0000a29d    0000000b     app_shell.o (.rodata.str1.16738014180672278497.1)
                  0000a2a8    0000000b     app_shell.o (.rodata.str1.18243883703027276797.1)
                  0000a2b3    0000000b     app_shell.o (.rodata.str1.2672312858105111990.1)
                  0000a2be    0000000b     app_shell.o (.rodata.str1.3587876751327453651.1)
                  0000a2c9    0000000b     app_shell.o (.rodata.str1.4754765727316804258.1)
                  0000a2d4    0000000b     app_shell.o (.rodata.str1.551504573030492924.1)
                  0000a2df    0000000b     app_shell.o (.rodata.str1.5998451886276286134.1)
                  0000a2ea    0000000b     app_shell.o (.rodata.str1.7207923708610531365.1)
                  0000a2f5    0000000b     app_shell.o (.rodata.str1.738127925484632372.1)
                  0000a300    0000000b     app_shell.o (.rodata.str1.8963702969112686911.1)
                  0000a30b    00000001     --HOLE-- [fill = 0]
                  0000a30c    0000000a     ti_msp_dl_config.o (.rodata.gDEBUG_UARTConfig)
                  0000a316    0000000a     ti_msp_dl_config.o (.rodata.gIMU_SPI_config)
                  0000a320    0000000a     ti_msp_dl_config.o (.rodata.gLORA_UARTConfig)
                  0000a32a    0000000a     ti_msp_dl_config.o (.rodata.gMOTOR_UARTConfig)
                  0000a334    0000000a     app_shell.o (.rodata.str1.11698549779809542857.1)
                  0000a33e    0000000a     app_shell.o (.rodata.str1.14031660303973722868.1)
                  0000a348    0000000a     app_shell.o (.rodata.str1.14639049301600042713.1)
                  0000a352    0000000a     app_shell.o (.rodata.str1.16216038010955657616.1)
                  0000a35c    0000000a     app_shell.o (.rodata.str1.16330407060470052804.1)
                  0000a366    0000000a     shell.o (.rodata.str1.17922515892264497723.1)
                  0000a370    0000000a     app_shell.o (.rodata.str1.18173995716001367913.1)
                  0000a37a    0000000a     app_shell.o (.rodata.str1.296188832848622959.1)
                  0000a384    00000009     app_shell.o (.rodata.str1.13247589138198607459.1)
                  0000a38d    00000009     app_shell.o (.rodata.str1.17348661065144809008.1)
                  0000a396    00000009     app_shell.o (.rodata.str1.2370428100076675559.1)
                  0000a39f    00000009     app_shell.o (.rodata.str1.5376205643164354286.1)
                  0000a3a8    00000009     app_shell.o (.rodata.str1.9017255012489828088.1)
                  0000a3b1    00000008     app_shell.o (.rodata.str1.10665909939688505188.1)
                  0000a3b9    00000008     board_button.o (.rodata.str1.10963450802004053816.1)
                  0000a3c1    00000008     app_shell.o (.rodata.str1.11327417708772392390.1)
                  0000a3c9    00000008     app_shell.o (.rodata.str1.11335294061225285764.1)
                  0000a3d1    00000008     app_shell.o (.rodata.str1.13442463908107530774.1)
                  0000a3d9    00000008     app_shell.o (.rodata.str1.14623014954758015065.1)
                  0000a3e1    00000008     app_shell.o (.rodata.str1.16821001261222486393.1)
                  0000a3e9    00000008     app_shell.o (.rodata.str1.17082220688523197928.1)
                  0000a3f1    00000008     board_button.o (.rodata.str1.17681505947258605906.1)
                  0000a3f9    00000008     board_button.o (.rodata.str1.18240515884718476655.1)
                  0000a401    00000008     app_main.o (.rodata.str1.1839410120130765391.1)
                  0000a409    00000008     app_shell.o (.rodata.str1.1983276796565948189.1)
                  0000a411    00000008     app_shell.o (.rodata.str1.232704503142678858.1)
                  0000a419    00000008     app_shell.o (.rodata.str1.5549424804698209806.1)
                  0000a421    00000008     board_button.o (.rodata.str1.5952028417427413650.1)
                  0000a429    00000008     app_shell.o (.rodata.str1.6213986015100719150.1)
                  0000a431    00000008     app_shell.o (.rodata.str1.8573948346423057931.1)
                  0000a439    00000008     app_shell.o (.rodata.str1.8730301986016609910.1)
                  0000a441    00000008     app_shell.o (.rodata.str1.9555053908608242801.1)
                  0000a449    00000007     app_shell.o (.rodata.str1.10673636489446728236.1)
                  0000a450    00000007     app_shell.o (.rodata.str1.11774507841365577078.1)
                  0000a457    00000007     app_shell.o (.rodata.str1.11810056576553604146.1)
                  0000a45e    00000007     app_shell.o (.rodata.str1.11922244342622017285.1)
                  0000a465    00000007     app_shell.o (.rodata.str1.13029328624899454496.1)
                  0000a46c    00000007     app_shell.o (.rodata.str1.13157479058689081212.1)
                  0000a473    00000007     app_shell.o (.rodata.str1.13772462829107236127.1)
                  0000a47a    00000007     app_shell.o (.rodata.str1.15176035481894813218.1)
                  0000a481    00000007     app_shell.o (.rodata.str1.1695784342961477721.1)
                  0000a488    00000007     board_i2c_bus.o (.rodata.str1.17771965703026024685.1)
                  0000a48f    00000007     app_shell.o (.rodata.str1.2029421846019890511.1)
                  0000a496    00000007     app_shell.o (.rodata.str1.27965927919619260.1)
                  0000a49d    00000007     app_shell.o (.rodata.str1.2831129786622658843.1)
                  0000a4a4    00000007     app_shell.o (.rodata.str1.2963890733414402023.1)
                  0000a4ab    00000007     app_shell.o (.rodata.str1.4561355912026728236.1)
                  0000a4b2    00000007     app_shell.o (.rodata.str1.6741221679932540615.1)
                  0000a4b9    00000007     app_shell.o (.rodata.str1.931795180867172166.1)
                  0000a4c0    00000007     app_shell.o (.rodata.str1.9376739677351878210.1)
                  0000a4c7    00000007     app_shell.o (.rodata.str1.9708937098353321336.1)
                  0000a4ce    00000006     app_shell.o (.rodata._ZZN3app12_GLOBAL__N_111LoraCommandEiPKPKcE9kTestData)
                  0000a4d4    00000006     app_shell.o (.rodata._ZZN3app12_GLOBAL__N_112MotorCommandEiPKPKcE9kTestData)
                  0000a4da    00000006     app_shell.o (.rodata.str1.11747346528919543944.1)
                  0000a4e0    00000006     app_shell.o (.rodata.str1.1207053347194752072.1)
                  0000a4e6    00000006     app_shell.o (.rodata.str1.12583477948311004516.1)
                  0000a4ec    00000006     app_shell.o (.rodata.str1.13643216153024045165.1)
                  0000a4f2    00000006     app_shell.o (.rodata.str1.14223157730264656398.1)
                  0000a4f8    00000006     app_shell.o (.rodata.str1.15890787717468802715.1)
                  0000a4fe    00000006     app_shell.o (.rodata.str1.16079002699872141978.1)
                  0000a504    00000006     app_shell.o (.rodata.str1.16234102244779358492.1)
                  0000a50a    00000006     app_shell.o (.rodata.str1.16423083052983990348.1)
                  0000a510    00000006     app_shell.o (.rodata.str1.16556295950709461880.1)
                  0000a516    00000006     app_shell.o (.rodata.str1.5612542551564952699.1)
                  0000a51c    00000006     app_shell.o (.rodata.str1.5640218363402806195.1)
                  0000a522    00000006     app_shell.o (.rodata.str1.587364518894469847.1)
                  0000a528    00000006     app_shell.o (.rodata.str1.5909738732761903070.1)
                  0000a52e    00000006     app_shell.o (.rodata.str1.6351667589775284342.1)
                  0000a534    00000006     app_shell.o (.rodata.str1.6951946783319408118.1)
                  0000a53a    00000006     app_shell.o (.rodata.str1.7863334761919578676.1)
                  0000a540    00000006     app_shell.o (.rodata.str1.7988978544830785654.1)
                  0000a546    00000006     app_shell.o (.rodata.str1.8674441817985872181.1)
                  0000a54c    00000006     app_shell.o (.rodata.str1.906066569443847875.1)
                  0000a552    00000006     app_shell.o (.rodata.str1.9082118575882053516.1)
                  0000a558    00000006     app_shell.o (.rodata.str1.9144633642026494361.1)
                  0000a55e    00000006     app_shell.o (.rodata.str1.9805525145790407866.1)
                  0000a564    00000005     app_shell.o (.rodata.str1.10218881960771275491.1)
                  0000a569    00000005     board_i2c_bus.o (.rodata.str1.11524751692591293752.1)
                  0000a56e    00000005     app_shell.o (.rodata.str1.12082892960889789793.1)
                  0000a573    00000005     app_shell.o (.rodata.str1.13640432584226954899.1)
                  0000a578    00000005     app_shell.o (.rodata.str1.15195419684703654944.1)
                  0000a57d    00000005     app_shell.o (.rodata.str1.15453031427744251291.1)
                  0000a582    00000005     app_shell.o (.rodata.str1.15885433143163248817.1)
                  0000a587    00000005     app_shell.o (.rodata.str1.16800956331689080151.1)
                  0000a58c    00000005     app_shell.o (.rodata.str1.16906130264434024515.1)
                  0000a591    00000005     shell.o (.rodata.str1.17405053739148516019.1)
                  0000a596    00000005     app_shell.o (.rodata.str1.17796269336985765740.1)
                  0000a59b    00000005     app_shell.o (.rodata.str1.18221696243336245540.1)
                  0000a5a0    00000005     app_shell.o (.rodata.str1.18269279803075602796.1)
                  0000a5a5    00000005     app_shell.o (.rodata.str1.2160470991696560517.1)
                  0000a5aa    00000005     app_shell.o (.rodata.str1.4138401803328556999.1)
                  0000a5af    00000005     app_shell.o (.rodata.str1.4179493015675024832.1)
                  0000a5b4    00000005     app_shell.o (.rodata.str1.4218503564476151687.1)
                  0000a5b9    00000005     app_shell.o (.rodata.str1.5770566940880199477.1)
                  0000a5be    00000005     app_shell.o (.rodata.str1.6578158171544725696.1)
                  0000a5c3    00000005     app_shell.o (.rodata.str1.7212684690809077353.1)
                  0000a5c8    00000005     app_shell.o (.rodata.str1.8934507472916618446.1)
                  0000a5cd    00000005     app_shell.o (.rodata.str1.9307220092008964426.1)
                  0000a5d2    00000004     app_shell.o (.rodata.str1.10756110055158838206.1)
                  0000a5d6    00000004     app_shell.o (.rodata.str1.12185306449572332681.1)
                  0000a5da    00000004     app_shell.o (.rodata.str1.1223882822645374465.1)
                  0000a5de    00000004     app_shell.o (.rodata.str1.13626453309717720227.1)
                  0000a5e2    00000004     app_shell.o (.rodata.str1.141740382680400416.1)
                  0000a5e6    00000004     app_shell.o (.rodata.str1.14445045882516821416.1)
                  0000a5ea    00000004     app_shell.o (.rodata.str1.17269466629117989041.1)
                  0000a5ee    00000004     app_shell.o (.rodata.str1.2112829382197544942.1)
                  0000a5f2    00000004     app_shell.o (.rodata.str1.2767916714829989116.1)
                  0000a5f6    00000004     app_shell.o (.rodata.str1.3030045481369325523.1)
                  0000a5fa    00000004     app_shell.o (.rodata.str1.3688985272902551570.1)
                  0000a5fe    00000004     app_shell.o (.rodata.str1.4465400818469226320.1)
                  0000a602    00000004     app_shell.o (.rodata.str1.5164433326538179767.1)
                  0000a606    00000004     app_shell.o (.rodata.str1.5716603645884478871.1)
                  0000a60a    00000004     app_shell.o (.rodata.str1.6333935326310285001.1)
                  0000a60e    00000004     app_shell.o (.rodata.str1.6410197886599512152.1)
                  0000a612    00000004     shell.o (.rodata.str1.7348818734176781284.1)
                  0000a616    00000004     app_shell.o (.rodata.str1.7743837333376801574.1)
                  0000a61a    00000004     app_shell.o (.rodata.str1.7940456731757887554.1)
                  0000a61e    00000004     app_shell.o (.rodata.str1.8406640635343907673.1)
                  0000a622    00000004     shell.o (.rodata.str1.8954516873856363469.1)
                  0000a626    00000003     app_shell.o (.rodata.str1.12139680495649507277.1)
                  0000a629    00000003     app_shell.o (.rodata.str1.13245102848535749030.1)
                  0000a62c    00000003     app_shell.o (.rodata.str1.1418877803505809098.1)
                  0000a62f    00000003     app_shell.o (.rodata.str1.17563913066770742391.1)
                  0000a632    00000003     app_shell.o (.rodata.str1.2027963614161212499.1)
                  0000a635    00000003     shell.o (.rodata.str1.4282230880151502975.1)
                  0000a638    00000003     app_shell.o (.rodata.str1.5531439754045694522.1)
                  0000a63b    00000003     app_shell.o (.rodata.str1.638712236475948105.1)
                  0000a63e    00000003     shell.o (.rodata.str1.8508895379925972626.1)
                  0000a641    00000002     app_shell.o (.rodata._ZZN3app12_GLOBAL__N_112MotorCommandEiPKPKcE7kM2Stop)
                  0000a643    00000002     ti_msp_dl_config.o (.rodata.gDEBUG_UARTClockConfig)
                  0000a645    00000002     ti_msp_dl_config.o (.rodata.gFRAM_I2CClockConfig)
                  0000a647    00000002     ti_msp_dl_config.o (.rodata.gIMU_SPI_clockConfig)
                  0000a649    00000002     ti_msp_dl_config.o (.rodata.gINA219_I2CClockConfig)
                  0000a64b    00000002     ti_msp_dl_config.o (.rodata.gLORA_UARTClockConfig)
                  0000a64d    00000002     ti_msp_dl_config.o (.rodata.gMOTOR_UARTClockConfig)
                  0000a64f    00000002     app_shell.o (.rodata.str1.10091040128680290456.1)
                  0000a651    00000002     app_shell.o (.rodata.str1.16458884249986146812.1)
                  0000a653    00000002     app_shell.o (.rodata.str1.18057142085415363861.1)
                  0000a655    00000002     app_shell.o (.rodata.str1.8867909630182175989.1)
                  0000a657    00000002     app_shell.o (.rodata.str1.9307362830757344490.1)
                  0000a659    00000007     --HOLE-- [fill = 0]

.init_array 
*          0    00000000    00000000     UNINITIALIZED

.binit     0    00000000    00000000     

.bss       0    20200000    00000308     UNINITIALIZED
                  20200000    00000100     board_lora.o (.bss._ZN5boardL14g_loraRxBufferE)
                  20200100    00000100     board_motor_driver.o (.bss._ZN5boardL21g_motorDriverRxBufferE)
                  20200200    00000080     debug_uart.o (.bss._ZN8services12_GLOBAL__N_110g_rxBufferE)
                  20200280    00000060     shell.o (.bss._ZN8services12_GLOBAL__N_112g_lineBufferE)
                  202002e0    00000028     (.common:gIMU_SPIBackup)

.data      0    20200308    0000027c     UNINITIALIZED
                  20200308    00000100     shell.o (.data._ZN8services12_GLOBAL__N_110g_commandsE)
                  20200408    000000f0     scheduler.o (.data._ZN8servicesL7g_tasksE)
                  202004f8    00000030     board_button.o (.data._ZN5board12_GLOBAL__N_116g_buttonContextsE)
                  20200528    00000010     board_lora.o (.data._ZN5boardL13g_loraContextE)
                  20200538    00000010     board_motor_driver.o (.data._ZN5boardL20g_motorDriverContextE)
                  20200548    00000008     app_main.o (.data._ZN3appL10g_appStateE)
                  20200550    00000008     board_fram.o (.data._ZN5boardL13g_framContextE)
                  20200558    00000008     board_buzzer.o (.data._ZN5boardL15g_buzzerContextE)
                  20200560    00000008     board_ina219.o (.data._ZN5boardL15g_ina219ContextE)
                  20200568    00000008     board_led.o (.data._ZN5boardL18g_statusLedContextE)
                  20200570    00000004     shell.o (.data._ZN8services12_GLOBAL__N_112g_lineLengthE)
                  20200574    00000004     debug_uart.o (.data._ZN8services12_GLOBAL__N_116g_rxDroppedCountE)
                  20200578    00000004     time.o (.data._ZN8servicesL8g_millisE)
                  2020057c    00000002     debug_uart.o (.data._ZN8services12_GLOBAL__N_18g_rxHeadE)
                  2020057e    00000002     debug_uart.o (.data._ZN8services12_GLOBAL__N_18g_rxTailE)
                  20200580    00000001     board_imu.o (.data._ZN5board12_GLOBAL__N_110g_imuReadyE)
                  20200581    00000001     shell.o (.data._ZN8services12_GLOBAL__N_114g_ignoreNextLfE)
                  20200582    00000001     debug_uart.o (.data._ZN8services12_GLOBAL__N_116g_debugUartReadyE)
                  20200583    00000001     fault.o (.data._ZN8servicesL11g_faultCodeE)

.stack     0    2020ff00    00000100     UNINITIALIZED
                  2020ff00    00000004     libc.a : boot_cortex_m.c.obj (.stack)
                  2020ff04    000000fc     --HOLE--

__llvm_prf_cnts 
*          0    20200000    00000000     UNINITIALIZED

__llvm_prf_bits 
*          0    20200000    00000000     UNINITIALIZED

MODULE SUMMARY

       Module                         code    ro data   rw data
       ------                         ----    -------   -------
    .\
       ti_msp_dl_config.o             1128    52        40     
       startup_mspm0g351x_ticlang.o   6       192       0      
       empty_cpp.o                    82      0         0      
    +--+------------------------------+-------+---------+---------+
       Total:                         1216    244       40     
                                                               
    .\app\
       app_shell.o                    18608   4068      0      
       app_main.o                     102     8         8      
    +--+------------------------------+-------+---------+---------+
       Total:                         18710   4076      8      
                                                               
    .\board\
       board_imu.o                    2744    12        1      
       board_lora.o                   204     24        272    
       board_motor_driver.o           204     24        272    
       board_ina219.o                 356     56        8      
       board_button.o                 248     92        48     
       board_i2c_bus.o                204     100       0      
       board_fram.o                   210     44        8      
       board_buzzer.o                 68      12        8      
       board_led.o                    68      12        8      
       board.o                        38      0         0      
    +--+------------------------------+-------+---------+---------+
       Total:                         4344    376       625    
                                                               
    .\drivers\button\
       button.o                       306     0         0      
    +--+------------------------------+-------+---------+---------+
       Total:                         306     0         0      
                                                               
    .\drivers\buzzer\
       buzzer.o                       174     0         0      
    +--+------------------------------+-------+---------+---------+
       Total:                         174     0         0      
                                                               
    .\drivers\fm24cl64b\
       fm24cl64b.o                    1882    0         0      
    +--+------------------------------+-------+---------+---------+
       Total:                         1882    0         0      
                                                               
    .\drivers\i2c_diag\
       i2c_diag.o                     2152    0         0      
    +--+------------------------------+-------+---------+---------+
       Total:                         2152    0         0      
                                                               
    .\drivers\ina219\
       ina219.o                       2326    0         0      
    +--+------------------------------+-------+---------+---------+
       Total:                         2326    0         0      
                                                               
    .\drivers\led\
       led.o                          174     0         0      
    +--+------------------------------+-------+---------+---------+
       Total:                         174     0         0      
                                                               
    .\drivers\lora\
       lora.o                         908     0         0      
    +--+------------------------------+-------+---------+---------+
       Total:                         908     0         0      
                                                               
    .\drivers\motor_driver\
       motor_driver_uart.o            908     0         0      
    +--+------------------------------+-------+---------+---------+
       Total:                         908     0         0      
                                                               
    .\services\
       shell.o                        1800    111       357    
       scheduler.o                    832     0         240    
       debug_uart.o                   732     0         137    
       time.o                         84      0         4      
       fault.o                        40      0         1      
       log.o                          2       0         0      
    +--+------------------------------+-------+---------+---------+
       Total:                         3490    111       739    
                                                               
    C:/ti/mspm0_sdk_2_10_00_04/source/ti/driverlib/lib/ticlang/m0p/mspm0gx51x/driverlib.a
       dl_i2c.o                       240     0         0      
       dl_spi.o                       142     0         0      
       dl_uart.o                      138     0         0      
       dl_common.o                    10      0         0      
    +--+------------------------------+-------+---------+---------+
       Total:                         530     0         0      
                                                               
    C:\ti\ccs2100\ccs\tools\compiler\ti-cgt-armllvm_5.1.1.LTS\lib\armv6m-ti-none-eabi/c/libc.a
       memcpy16.S.obj                 154     0         0      
       copy_decompress_lzss.c.obj     124     0         0      
       memset16.S.obj                 98      0         0      
       autoinit.c.obj                 60      0         0      
       boot_cortex_m.c.obj            40      0         0      
       copy_zero_init.c.obj           22      0         0      
       copy_decompress_none.c.obj     18      0         0      
       exit.c.obj                     6       0         0      
       pre_init.c.obj                 4       0         0      
    +--+------------------------------+-------+---------+---------+
       Total:                         526     0         0      
                                                               
    C:\ti\ccs2100\ccs\tools\compiler\ti-cgt-armllvm_5.1.1.LTS\lib\armv6m-ti-none-eabi/c/libsysbm.a
       hostexit.c.obj                 4       0         0      
    +--+------------------------------+-------+---------+---------+
       Total:                         4       0         0      
                                                               
    C:\ti\ccs2100\ccs\tools\compiler\ti-cgt-armllvm_5.1.1.LTS\lib\armv6m-ti-none-eabi/libclang_rt.builtins.a
       aeabi_uidivmod.S.obj           64      0         0      
       aeabi_memset.S.obj             26      0         0      
       aeabi_memcpy.S.obj             8       0         0      
       aeabi_div0.c.obj               2       0         0      
    +--+------------------------------+-------+---------+---------+
       Total:                         100     0         0      
                                                               
       Stack:                         0       0         256    
       Linker Generated:              0       45        0      
    +--+------------------------------+-------+---------+---------+
       Grand Total:                   37750   4852      1668   


LINKER GENERATED COPY TABLES

__TI_cinit_table @ 0000a680 records: 2, size/record: 8, table size: 16
	.data: load addr=0000a66c, load size=00000009 bytes, run addr=20200308, run size=0000027c bytes, compression=lzss
	.bss: load addr=0000a678, load size=00000008 bytes, run addr=20200000, run size=00000308 bytes, compression=zero_init


LINKER GENERATED HANDLER TABLE

__TI_handler_table @ 0000a660 records: 3, size/record: 4, table size: 12
	index: 0, handler: __TI_decompress_lzss
	index: 1, handler: __TI_decompress_none
	index: 2, handler: __TI_zero_init


GLOBAL SYMBOLS: SORTED ALPHABETICALLY BY Name 

address   name                                                                                        
-------   ----                                                                                        
0000709f  ADC0_IRQHandler                                                                             
0000709f  ADC1_IRQHandler                                                                             
0000709f  AESADV_IRQHandler                                                                           
00009434  C$$EXIT                                                                                     
0000709f  CANFD0_IRQHandler                                                                           
0000709f  CANFD1_IRQHandler                                                                           
0000709f  DAC0_IRQHandler                                                                             
000093f5  DL_Common_delayCycles                                                                       
00007eed  DL_I2C_fillControllerTXFIFO                                                                 
00008979  DL_I2C_flushControllerRXFIFO                                                                
00008699  DL_I2C_flushControllerTXFIFO                                                                
00008ccd  DL_I2C_setClockConfig                                                                       
00008409  DL_SPI_init                                                                                 
00008dbd  DL_SPI_receiveDataCheck8                                                                    
00009109  DL_SPI_setClockConfig                                                                       
00008dd9  DL_SPI_transmitDataCheck8                                                                   
000082e9  DL_UART_init                                                                                
0000911b  DL_UART_setClockConfig                                                                      
000089a9  DL_UART_transmitDataBlocking                                                                
0000709f  DMA_IRQHandler                                                                              
0000709f  Default_Handler                                                                             
0000709f  GROUP0_IRQHandler                                                                           
0000709f  GROUP1_IRQHandler                                                                           
00009435  HOSTexit                                                                                    
0000709f  HardFault_Handler                                                                           
0000709f  I2C0_IRQHandler                                                                             
0000709f  I2C1_IRQHandler                                                                             
0000709f  I2C2_IRQHandler                                                                             
0000709f  LFSS_IRQHandler                                                                             
0000709f  NMI_Handler                                                                                 
0000709f  PendSV_Handler                                                                              
00009439  Reset_Handler                                                                               
0000709f  SPI0_IRQHandler                                                                             
0000709f  SPI1_IRQHandler                                                                             
0000709f  SPI2_IRQHandler                                                                             
0000709f  SVC_Handler                                                                                 
0000749d  SYSCFG_DL_DEBUG_UART_init                                                                   
00008059  SYSCFG_DL_FRAM_I2C_init                                                                     
00006299  SYSCFG_DL_GPIO_init                                                                         
0000829d  SYSCFG_DL_IMU_SPI_init                                                                      
000080ad  SYSCFG_DL_INA219_I2C_init                                                                   
00007525  SYSCFG_DL_LORA_UART_init                                                                    
000075ad  SYSCFG_DL_MOTOR_UART_init                                                                   
000089d9  SYSCFG_DL_SYSCTL_init                                                                       
000088dd  SYSCFG_DL_init                                                                              
00007839  SYSCFG_DL_initPower                                                                         
00009141  SysTick_Handler                                                                             
0000709f  TIMA0_IRQHandler                                                                            
0000709f  TIMA1_IRQHandler                                                                            
0000709f  TIMG0_IRQHandler                                                                            
0000709f  TIMG12_IRQHandler                                                                           
0000709f  TIMG14_IRQHandler                                                                           
0000709f  TIMG6_IRQHandler                                                                            
0000709f  TIMG7_IRQHandler                                                                            
0000709f  TIMG8_IRQHandler                                                                            
0000709f  TIMG9_IRQHandler                                                                            
00009151  UART0_IRQHandler                                                                            
00009161  UART1_IRQHandler                                                                            
0000709f  UART3_IRQHandler                                                                            
0000709f  UART4_IRQHandler                                                                            
00007a9d  UART5_IRQHandler                                                                            
0000709f  UART6_IRQHandler                                                                            
0000709f  UART7_IRQHandler                                                                            
00005e4d  _ZN3app25AppShell_RegisterCommandsEv                                                        
00008df5  _ZN3app7App_RunEv                                                                           
00008911  _ZN3app8App_InitEv                                                                          
00008d19  _ZN5board10Board_InitEv                                                                     
0000844d  _ZN5board13Board_ImuInitEv                                                                  
00009181  _ZN5board14Board_BuzzerOnEv                                                                 
00008ff1  _ZN5board14Board_FramInitEv                                                                 
00009005  _ZN5board14Board_FramReadEtPht                                                              
000072ef  _ZN5board14Board_LateInitEv                                                                 
00008c55  _ZN5board14Board_LoraInitEv                                                                 
00009191  _ZN5board15Board_BuzzerOffEv                                                                
00008f0d  _ZN5board15Board_I2cBusGetEj                                                                
00009019  _ZN5board15Board_LoraWriteEPKht                                                             
0000902d  _ZN5board16Board_BuzzerInitEv                                                               
00006b81  _ZN5board16Board_I2cBusFindEPKc                                                             
000093a1  _ZN5board16Board_ImuIsReadyEv                                                               
000081fd  _ZN5board16Board_Ina219InitEv                                                               
00008711  _ZN5board17Board_ButtonsInitEv                                                              
000091a1  _ZN5board17Board_FramIsReadyEv                                                              
0000943d  _ZN5board17Board_I2cBusCountEv                                                              
000091b1  _ZN5board17Board_Ina219ResetEv                                                              
000091c1  _ZN5board17Board_LoraIsReadyEv                                                              
000091d1  _ZN5board17Board_StatusLedOnEv                                                              
00009041  _ZN5board18Board_FramReadByteEtPh                                                           
00009055  _ZN5board18Board_FramSelfTestEv                                                             
000091e1  _ZN5board18Board_LoraReadByteEPh                                                            
000091f1  _ZN5board18Board_StatusLedOffEv                                                             
[...]
00007839  SYSCFG_DL_initPower                                                                         
000078b5  _ZN7drivers19LoraUart_IrqHandlerEPNS_15LoraUartContextE                                     
00007931  _ZN7drivers26MotorDriverUart_IrqHandlerEPNS_22MotorDriverUartContextE                       
000079ad  __TI_decompress_lzss                                                                        
00007a29  _ZN7drivers22Ina219_ReadMeasurementEPNS_13Ina219ContextEPNS_17Ina219MeasurementE            
00007a9d  UART5_IRQHandler                                                                            
00007b09  _ZN8services21DebugUart_WriteStringEPKc                                                     
00007c41  _ZN5board22Board_ImuGetLineStatusEPNS_18BoardImuLineStatusE                                 
00007ca5  _ZN7drivers14Fm24cl64b_InitEPNS_16Fm24cl64bContextEPKNS_15Fm24cl64bConfigE                  
00007d09  memset                                                                                      
00007d6b  _ZN8services8Log_InitEv                                                                     
00007e2d  _ZN7drivers22LoraUart_ClearRxBufferEPNS_15LoraUartContextE                                  
00007e8d  _ZN7drivers29MotorDriverUart_ClearRxBufferEPNS_22MotorDriverUartContextE                    
00007eed  DL_I2C_fillControllerTXFIFO                                                                 
00007f4b  _ZN7drivers13Button_UpdateEPNS_13ButtonContextEj                                            
00007fa9  _ZN7drivers17Ina219_SetAddressEPNS_13Ina219ContextEh                                        
00008001  _ZN7drivers20I2cDiag_GetBusStatusEPKNS_16I2cDiagBusConfigEPNS_16I2cDiagBusStatusE           
00008059  SYSCFG_DL_FRAM_I2C_init                                                                     
000080ad  SYSCFG_DL_INA219_I2C_init                                                                   
00008155  _ZN8services14DebugUart_InitEv                                                              
000081a9  main                                                                                        
000081fb  __aeabi_idiv0                                                                               
000081fd  _ZN5board16Board_Ina219InitEv                                                               
0000824d  _ZN5board27Board_ImuSetChipSelectDebugEbbbb                                                 
0000829d  SYSCFG_DL_IMU_SPI_init                                                                      
000082e9  DL_UART_init                                                                                
00008331  _ZN5board22Board_FramGetBusStatusEPjPbS1_                                                   
00008379  _ZN5board24Board_Ina219GetBusStatusEPjPbS1_                                                 
000083c1  _ZN8services18DebugUart_ReadByteEPh                                                         
00008409  DL_SPI_init                                                                                 
0000844d  _ZN5board13Board_ImuInitEv                                                                  
00008491  _ZN7drivers19Ina219_GetBusStatusEPNS_13Ina219ContextEPNS_15Ina219BusStatusE                 
000084d5  _ZN7drivers22Fm24cl64b_GetBusStatusEPNS_16Fm24cl64bContextEPNS_18Fm24cl64bBusStatusE        
00008599  _ZN7drivers17LoraUart_ReadByteEPNS_15LoraUartContextEPh                                     
000085d9  _ZN7drivers24MotorDriverUart_ReadByteEPNS_22MotorDriverUartContextEPh                       
00008619  __aeabi_uidiv                                                                               
00008619  __aeabi_uidivmod                                                                            
00008659  _ZN7drivers11Button_InitEPNS_13ButtonContextEPKNS_12ButtonConfigE                           
00008699  DL_I2C_flushControllerTXFIFO                                                                
00008711  _ZN5board17Board_ButtonsInitEv                                                              
0000874d  _ZN7drivers23Ina219_ConfigureDefaultEPNS_13Ina219ContextE                                   
00008789  __TI_auto_init_nobinit_nopinit                                                              
000087c5  _ZN7drivers11Buzzer_InitEPNS_13BuzzerContextEPKNS_12BuzzerConfigE                           
000087fd  _ZN7drivers14Button_ReadRawEPNS_13ButtonContextEPb                                          
00008835  _ZN7drivers19Ina219_ProbeAddressEPNS_13Ina219ContextEhPt                                    
0000886d  _ZN7drivers8Led_InitEPNS_10LedContextEPKNS_9LedConfigE                                      
000088a5  _ZN8services9Time_InitEv                                                                    
000088dd  SYSCFG_DL_init                                                                              
00008911  _ZN3app8App_InitEv                                                                          
00008945  _ZN5board19Board_ButtonsUpdateEj                                                            
00008979  DL_I2C_flushControllerRXFIFO                                                                
000089a9  DL_UART_transmitDataBlocking                                                                
000089d9  SYSCFG_DL_SYSCTL_init                                                                       
00008a39  _ZN7drivers10Buzzer_OffEPNS_13BuzzerContextE                                                
00008a69  _ZN7drivers6Led_OnEPNS_10LedContextE                                                        
00008a99  _ZN7drivers7Led_OffEPNS_10LedContextE                                                       
00008ac9  _ZN7drivers9Buzzer_OnEPNS_13BuzzerContextE                                                  
00008af9  _ZN7drivers19Ina219_ReadRegisterEPNS_13Ina219ContextEhPt                                    
00008b27  _ZN7drivers20Ina219_WriteRegisterEPNS_13Ina219ContextEht                                    
00008b55  _ZN7drivers28LoraUart_GetControllerStatusEPKNS_15LoraUartContextEPj                         
00008b81  _ZN7drivers35MotorDriverUart_GetControllerStatusEPKNS_22MotorDriverUartContextEPj           
00008bad  _ZN7drivers12Ina219_ResetEPNS_13Ina219ContextE                                              
00008bd7  _ZN7drivers23LoraUart_GetRxAvailableEPKNS_15LoraUartContextE                                
00008c01  _ZN7drivers30MotorDriverUart_GetRxAvailableEPKNS_22MotorDriverUartContextE                  
00008c55  _ZN5board14Board_LoraInitEv                                                                 
00008c7d  _ZN5board21Board_MotorDriverInitEv                                                          
00008ca5  _c_int00_noargs                                                                             
00008ccd  DL_I2C_setClockConfig                                                                       
00008d19  _ZN5board10Board_InitEv                                                                     
00008d3d  _ZN7drivers17Button_WasPressedEPNS_13ButtonContextE                                         
00008d5f  _ZN7drivers18Button_WasReleasedEPNS_13ButtonContextE                                        
00008d81  _ZN7drivers17Ina219_GetAddressEPKNS_13Ina219ContextE                                        
00008d9f  _ZN7drivers21Ina219_GetCalibrationEPKNS_13Ina219ContextE                                    
00008dbd  DL_SPI_receiveDataCheck8                                                                    
00008dd9  DL_SPI_transmitDataCheck8                                                                   
00008df5  _ZN3app7App_RunEv                                                                           
00008e11  _ZN5board19Board_ButtonReadRawENS_13BoardButtonIdEPb                                        
00008e2d  _ZN5board21Board_ButtonIsPressedENS_13BoardButtonIdE                                        
00008e49  _ZN5board22Board_ButtonWasPressedENS_13BoardButtonIdE                                       
00008e65  _ZN5board23Board_ButtonWasReleasedENS_13BoardButtonIdE                                      
00008e81  _ZN7drivers14Ina219_IsReadyEPKNS_13Ina219ContextE                                           
00008e9d  _ZN7drivers17Fm24cl64b_IsReadyEPKNS_16Fm24cl64bContextE                                     
00008eb9  _ZN8services19DebugUart_WriteCharEc                                                         
00008ed5  _ZN7drivers16Button_IsPressedEPKNS_13ButtonContextE                                         
00008ef1  __aeabi_memset                                                                              
00008ef1  __aeabi_memset4                                                                             
00008ef1  __aeabi_memset8                                                                             
00008eff  __aeabi_memclr                                                                              
00008eff  __aeabi_memclr4                                                                             
00008eff  __aeabi_memclr8                                                                             
00008f0d  _ZN5board15Board_I2cBusGetEj                                                                
00008f25  _ZN5board19Board_ButtonGetNameENS_13BoardButtonIdE                                          
00008f3d  _ZN7drivers20LoraUart_GetBaudrateEPKNS_15LoraUartContextE                                   
00008f55  _ZN7drivers27MotorDriverUart_GetBaudrateEPKNS_22MotorDriverUartContextE                     
00008f83  _ZN7drivers11Led_IsReadyEPKNS_10LedContextE                                                 
00008f99  _ZN7drivers14Buzzer_IsReadyEPKNS_13BuzzerContextE                                           
00008faf  _ZN7drivers16LoraUart_IsReadyEPKNS_15LoraUartContextE                                       
00008fc5  _ZN7drivers23MotorDriverUart_IsReadyEPKNS_22MotorDriverUartContextE                         
00008fdb  __TI_zero_init_nomemset                                                                     
00008ff1  _ZN5board14Board_FramInitEv                                                                 
00009005  _ZN5board14Board_FramReadEtPht                                                              
00009019  _ZN5board15Board_LoraWriteEPKht                                                             
0000902d  _ZN5board16Board_BuzzerInitEv                                                               
00009041  _ZN5board18Board_FramReadByteEtPh                                                           
00009055  _ZN5board18Board_FramSelfTestEv                                                             
00009069  _ZN5board19Board_FramWriteByteEth                                                           
0000907d  _ZN5board19Board_StatusLedInitEv                                                            
00009091  _ZN5board22Board_MotorDriverWriteEPKht                                                      
000090a5  _ZN5board24Board_Ina219ProbeAddressEhPt                                                     
000090b9  _ZN5board24Board_Ina219ReadRegisterEhPt                                                     
000090cd  _ZN5board25Board_Ina219WriteRegisterEht                                                     
000090e1  _ZN7drivers19Fm24cl64b_WriteByteEPNS_16Fm24cl64bContextEth                                  
000090f5  _ZN8services15Shell_WriteLineEPKc                                                           
00009109  DL_SPI_setClockConfig                                                                       
0000911b  DL_UART_setClockConfig                                                                      
0000912d  __TI_decompress_none                                                                        
00009141  SysTick_Handler                                                                             
00009151  UART0_IRQHandler                                                                            
00009161  UART1_IRQHandler                                                                            
00009181  _ZN5board14Board_BuzzerOnEv                                                                 
00009191  _ZN5board15Board_BuzzerOffEv                                                                
000091a1  _ZN5board17Board_FramIsReadyEv                                                              
000091b1  _ZN5board17Board_Ina219ResetEv                                                              
000091c1  _ZN5board17Board_LoraIsReadyEv                                                              
000091d1  _ZN5board17Board_StatusLedOnEv                                                              
000091e1  _ZN5board18Board_LoraReadByteEPh                                                            
000091f1  _ZN5board18Board_StatusLedOffEv                                                             
00009201  _ZN5board19Board_BuzzerIsReadyEv                                                            
00009211  _ZN5board19Board_Ina219IsReadyEv                                                            
00009221  _ZN5board19Board_LoraWriteByteEh                                                            
00009231  _ZN5board20Board_FramRecoverBusEv                                                           
00009241  _ZN5board21Board_LoraGetBaudrateEv                                                          
00009251  _ZN5board22Board_Ina219GetAddressEv                                                         
00009261  _ZN5board22Board_Ina219RecoverBusEv                                                         
00009271  _ZN5board22Board_Ina219SetAddressEh                                                         
00009281  _ZN5board22Board_StatusLedIsReadyEv                                                         
00009291  _ZN5board23Board_Ina219CalibrationEv                                                        
000092a1  _ZN5board23Board_LoraClearRxBufferEv                                                        
000092b1  _ZN5board24Board_LoraGetRxAvailableEv                                                       
000092c1  _ZN5board24Board_MotorDriverIsReadyEv                                                       
000092d1  _ZN5board25Board_MotorDriverReadByteEPh                                                     
000092e1  _ZN5board26Board_MotorDriverWriteByteEh                                                     
000092f1  _ZN5board27Board_Ina219ReadMeasurementEPN7drivers17Ina219MeasurementE                       
00009301  _ZN5board27Board_LoraGetRxDroppedCountEv                                                    
00009311  _ZN5board28Board_Ina219ConfigureDefaultEv                                                   
00009321  _ZN5board28Board_Ina219ReadRawRegistersEPN7drivers18Ina219RawRegistersE                     
00009331  _ZN5board28Board_MotorDriverGetBaudrateEv                                                   
00009341  _ZN5board29Board_LoraGetControllerStatusEPj                                                 
00009351  _ZN5board30Board_MotorDriverClearRxBufferEv                                                 
00009361  _ZN5board31Board_MotorDriverGetRxAvailableEv                                                
00009371  _ZN5board34Board_MotorDriverGetRxDroppedCountEv                                             
00009381  _ZN5board36Board_MotorDriverGetControllerStatusEPj                                          
00009391  _ZN8services9Fault_SetENS_9FaultCodeE                                                       
000093a1  _ZN5board16Board_ImuIsReadyEv                                                               
000093ad  _ZN7drivers26LoraUart_GetRxDroppedCountEPKNS_15LoraUartContextE                             
000093b9  _ZN7drivers33MotorDriverUart_GetRxDroppedCountEPKNS_22MotorDriverUartContextE               
000093c5  _ZN8services10Fault_InitEv                                                                  
000093d1  _ZN8services11Time_MillisEv                                                                 
000093dd  _ZN8services17DebugUart_IsReadyEv                                                           
000093e9  _ZN8services9Fault_GetEv                                                                    
000093f5  DL_Common_delayCycles                                                                       
000093ff  _ZN7drivers18Fm24cl64b_ReadByteEPNS_16Fm24cl64bContextEtPh                                  
00009409  _ZN8services15Shell_WriteCharEc                                                             
00009411  _ZN8services17Shell_WriteStringEPKc                                                         
00009419  _ZN8services17Shell_WriteUInt32Ej                                                           
00009421  __aeabi_memcpy                                                                              
00009421  __aeabi_memcpy4                                                                             
00009421  __aeabi_memcpy8                                                                             
00009429  _ZN5board23Board_FramCapacityBytesEv                                                        
0000942f  abort                                                                                       
00009434  C$$EXIT                                                                                     
00009435  HOSTexit                                                                                    
00009439  Reset_Handler                                                                               
0000943d  _ZN5board17Board_I2cBusCountEv                                                              
00009441  _system_pre_init                                                                            
0000a660  __TI_Handler_Table_Base                                                                     
0000a66c  __TI_Handler_Table_Limit                                                                    
0000a680  __TI_CINIT_Base                                                                             
0000a690  __TI_CINIT_Limit                                                                            
0000a690  __TI_CINIT_Warm                                                                             
20200000  __start___llvm_prf_bits                                                                     
20200000  __start___llvm_prf_cnts                                                                     
20200000  __stop___llvm_prf_bits                                                                      
20200000  __stop___llvm_prf_cnts                                                                      
202002e0  gIMU_SPIBackup                                                                              
2020ff00  __stack                                                                                     
20210000  __STACK_END                                                                                 
ffffffff  __TI_pprof_out_hndl                                                                         
ffffffff  __TI_prof_data_size                                                                         
ffffffff  __TI_prof_data_start                                                                        
ffffffff  __binit__                                                                                   
ffffffff  binit                                                                                       
UNDEFED   __mpu_init                                                                                  
UNDEFED   _system_post_cinit                                                                          

[278 symbols]
