******************************************************************************
            TI ARM Clang Linker PC v5.1.1                      
******************************************************************************
>> Linked Sun Jul  5 02:56:37 2026

OUTPUT FILE NAME:   <gugaPI.out>
ENTRY POINT SYMBOL: "_c_int00_noargs"  address: 0000844d


MEMORY CONFIGURATION

         name            origin    length      used     unused   attr    fill
----------------------  --------  ---------  --------  --------  ----  --------
  FLASH                 00000000   00080000  00009db0  00076250  R  X
  SRAM_BANK0            20200000   00010000  00000684  0000f97c  RW X
  SRAM_BANK1            20210000   00010000  00000000  00010000  RW X
  BCR_CONFIG            41c00000   000000ff  00000000  000000ff  R   
  BSL_CONFIG            41c00100   00000080  00000000  00000080  R   
  DATA                  41d00000   00004000  00000000  00004000  R   


SEGMENT ALLOCATION MAP

run origin  load origin   length   init length attrs members
----------  ----------- ---------- ----------- ----- -------
00000000    00000000    00009db0   00009db0    r-x
  00000000    00000000    000000c0   000000c0    r-- .intvecs
  000000c0    000000c0    00008b50   00008b50    r-x .text
  00008c10    00008c10    00001170   00001170    r-- .rodata
  00009d80    00009d80    00000030   00000030    r-- .cinit
20200000    20200000    00000584   00000000    rw-
  20200000    20200000    00000308   00000000    rw- .bss
  20200308    20200308    0000027c   00000000    rw- .data
2020ff00    2020ff00    00000100   00000000    rw-
  2020ff00    2020ff00    00000100   00000000    rw- .stack


SECTION ALLOCATION MAP

 output                                  attributes/
section   page    origin      length       input sections
--------  ----  ----------  ----------   ----------------
.intvecs   0    00000000    000000c0     
                  00000000    000000c0     startup_mspm0g351x_ticlang.o (.intvecs)

.text      0    000000c0    00008b50     
                  000000c0    00000f1c     app_shell.o (.text._ZN3app12_GLOBAL__N_112MotorCommandEiPKPKc)
                  00000fdc    000008c0     app_shell.o (.text._ZN3app12_GLOBAL__N_113Ina219CommandEiPKPKc)
                  0000189c    00000880     app_shell.o (.text._ZN3app12_GLOBAL__N_111LoraCommandEiPKPKc)
                  0000211c    00000724     app_shell.o (.text._ZN3app12_GLOBAL__N_110I2cCommandEiPKPKc)
                  00002840    00000654     app_shell.o (.text._ZN3app12_GLOBAL__N_110ImuCommandEiPKPKc)
                  00002e94    00000474     shell.o (.text._ZN8services12_GLOBAL__N_113HandleLineEndEv)
                  00003308    00000430     app_shell.o (.text._ZN3app12_GLOBAL__N_111FramCommandEiPKPKc)
                  00003738    0000032c     app_shell.o (.text._ZN3app12_GLOBAL__N_112MotorRequestEhhPKhhPNS0_18MotorProtocolFrameE)
                  00003a64    000002cc     board_imu.o (.text._ZN5board12_GLOBAL__N_123ReadRegisterWithCommandEhPh)
                  00003d30    00000238     i2c_diag.o (.text._ZN7drivers16I2cDiag_ReadReg8EPKNS_16I2cDiagBusConfigEhhPht)
                  00003f68    00000230     app_shell.o (.text._ZN3app12_GLOBAL__N_113ButtonCommandEiPKPKc)
                  00004198    00000224     fm24cl64b.o (.text._ZN7drivers14Fm24cl64b_ReadEPNS_16Fm24cl64bContextEtPht)
                  000043bc    000001e0     ina219.o (.text._ZN7drivers17Ina219_RecoverBusEPNS_13Ina219ContextE)
                  0000459c    000001e0     fm24cl64b.o (.text._ZN7drivers20Fm24cl64b_RecoverBusEPNS_16Fm24cl64bContextE)
                  0000477c    000001d0     fm24cl64b.o (.text._ZN7drivers15Fm24cl64b_WriteEPNS_16Fm24cl64bContextEtPKht)
                  0000494c    000001d0     i2c_diag.o (.text._ZN7drivers18I2cDiag_RecoverBusEPKNS_16I2cDiagBusConfigE)
                  00004b1c    000001c8     i2c_diag.o (.text._ZN7drivers17I2cDiag_WriteReg8EPKNS_16I2cDiagBusConfigEhhPKht)
                  00004ce4    000001b0     scheduler.o (.text._ZN8services13Scheduler_RunEv)
                  00004e94    000001a4     ina219.o (.text._ZN7drivers12_GLOBAL__N_120ReadRegisterInternalEPNS_13Ina219ContextEhPt)
                  00005038    00000188     i2c_diag.o (.text._ZN7drivers20I2cDiag_ProbeAddressEPKNS_16I2cDiagBusConfigEh)
                  000051c0    00000170     app_shell.o (.text._ZN3app12_GLOBAL__N_113ParseI2cRangeEiPKPKchPhS5_)
                  00005330    00000148     app_shell.o (.text._ZN3app12_GLOBAL__N_114PrintI2cStatusEPKN7drivers16I2cDiagBusConfigE)
                  00005478    00000140     debug_uart.o (.text._ZN8services21DebugUart_WriteUInt32Ej)
                  000055b8    0000013c     app_shell.o (.text._ZN3app12_GLOBAL__N_110I2cScanBusEPKN7drivers16I2cDiagBusConfigEhhb)
                  000056f4    00000124     app_shell.o (.text._ZN3app25AppShell_RegisterCommandsEv)
                  00005818    00000120     ina219.o (.text._ZN7drivers12_GLOBAL__N_121WriteRegisterInternalEPNS_13Ina219ContextEht)
                  00005938    00000108     app_shell.o (.text._ZN3app12_GLOBAL__N_119PrintMotorFrameDataEPKcRKNS0_18MotorProtocolFrameE)
                  00005a40    00000100     shell.o (.text._ZN8services10Shell_InitEv)
                  00005b40    000000fc     ti_msp_dl_config.o (.text.SYSCFG_DL_GPIO_init)
                  00005c3c    000000e0     app_shell.o (.text._ZN3app12_GLOBAL__N_110LedCommandEiPKPKc)
                  00005d1c    000000e0     app_shell.o (.text._ZN3app12_GLOBAL__N_113BuzzerCommandEiPKPKc)
                  00005dfc    000000e0     scheduler.o (.text._ZN8services17Scheduler_AddTaskEPKcPFvvEjjPh)
                  00005edc    000000d4     shell.o (.text._ZN8services21Shell_RegisterCommandEPKcS1_PFviPKS1_E)
                  00005fb0    000000c8     ina219.o (.text._ZN7drivers11Ina219_InitEPNS_13Ina219ContextEPKNS_12Ina219ConfigE)
                  00006078    000000c8     lora.o (.text._ZN7drivers14LoraUart_WriteEPNS_15LoraUartContextEPKht)
                  00006140    000000c8     motor_driver_uart.o (.text._ZN7drivers21MotorDriverUart_WriteEPNS_22MotorDriverUartContextEPKht)
                  00006208    000000b8     ina219.o (.text._ZN7drivers12_GLOBAL__N_113ReleaseI2cBusEPKNS_12Ina219ConfigE)
                  000062c0    000000b8     i2c_diag.o (.text._ZN7drivers12_GLOBAL__N_113ReleaseI2cBusEPKNS_16I2cDiagBusConfigE)
                  00006378    000000b0     app_shell.o (.text._ZN3app12_GLOBAL__N_110WriteHex32Ej)
                  00006428    000000b0     board_i2c_bus.o (.text._ZN5board16Board_I2cBusFindEPKc)
                  000064d8    000000b0     scheduler.o (.text._ZN8services14Scheduler_InitEv)
                  00006588    000000ac     app_shell.o (.text._ZN3app12_GLOBAL__N_110PwmCommandEiPKPKc)
                  00006634    000000a4     fm24cl64b.o (.text._ZN7drivers18Fm24cl64b_SelfTestEPNS_16Fm24cl64bContextEt)
                  000066d8    0000009c     app_shell.o (.text._ZN3app12_GLOBAL__N_111ParseUint32EPKcjPj)
                  00006774    0000009c     app_shell.o (.text._ZN3app12_GLOBAL__N_115PrintMotorUsageEv)
                  00006810    0000009a     libc.a : memcpy16.S.obj (.text:memcpy)
                  000068aa    00000002     startup_mspm0g351x_ticlang.o (.text.Default_Handler)
                  000068ac    00000094     lora.o (.text._ZN7drivers18LoraUart_WriteByteEPNS_15LoraUartContextEh)
                  00006940    00000094     motor_driver_uart.o (.text._ZN7drivers25MotorDriverUart_WriteByteEPNS_22MotorDriverUartContextEh)
                  000069d4    00000094     shell.o (.text._ZN8services13Shell_ProcessEv)
                  00006a68    00000092     ina219.o (.text._ZN7drivers23Ina219_ReadRawRegistersEPNS_13Ina219ContextEPNS_18Ina219RawRegistersE)
                  00006afa    00000002     board.o (.text._ZN5board14Board_LateInitEv)
                  00006afc    00000090     board_imu.o (.text._ZN5board23Board_Lis3mdlReadWhoAmIEPh)
                  00006b8c    00000090     board_imu.o (.text._ZN5board25Board_Lis3mdlReadRegisterEhPh)
                  00006c1c    0000008c     board_imu.o (.text._ZN5board26Board_Icm45686ReadRegisterEhPh)
                  00006ca8    00000088     ti_msp_dl_config.o (.text.SYSCFG_DL_DEBUG_UART_init)
                  00006d30    00000088     ti_msp_dl_config.o (.text.SYSCFG_DL_LORA_UART_init)
                  00006db8    00000088     ti_msp_dl_config.o (.text.SYSCFG_DL_MOTOR_UART_init)
                  00006e40    00000084     lora.o (.text._ZN7drivers13LoraUart_InitEPNS_15LoraUartContextEPKNS_14LoraUartConfigE)
                  00006ec4    00000084     motor_driver_uart.o (.text._ZN7drivers20MotorDriverUart_InitEPNS_22MotorDriverUartContextEPKNS_21MotorDriverUartConfigE)
                  00006f48    0000007e     app_shell.o (.text._ZN3app12_GLOBAL__N_113LoraWriteArgsEiPKPKcbPt)
                  00006fc6    0000007e     app_shell.o (.text._ZN3app12_GLOBAL__N_114MotorWriteArgsEiPKPKcbPt)
                  00007044    0000007c     ti_msp_dl_config.o (.text.SYSCFG_DL_initPower)
                  000070c0    0000007c     lora.o (.text._ZN7drivers19LoraUart_IrqHandlerEPNS_15LoraUartContextE)
                  0000713c    0000007c     motor_driver_uart.o (.text._ZN7drivers26MotorDriverUart_IrqHandlerEPNS_22MotorDriverUartContextE)
                  000071b8    0000007c     libc.a : copy_decompress_lzss.c.obj (.text:decompress:lzss)
                  00007234    00000074     ina219.o (.text._ZN7drivers22Ina219_ReadMeasurementEPNS_13Ina219ContextEPNS_17Ina219MeasurementE)
                  000072a8    0000006c     debug_uart.o (.text.UART5_IRQHandler)
                  00007314    0000006c     debug_uart.o (.text._ZN8services21DebugUart_WriteStringEPKc)
                  00007380    00000068     app_shell.o (.text._ZN3app12_GLOBAL__N_116PrintIna219UsageEv)
                  000073e8    00000064     app_shell.o (.text._ZN3app12_GLOBAL__N_110WriteHex16Et)
                  0000744c    00000064     board_imu.o (.text._ZN5board22Board_ImuGetLineStatusEPNS_18BoardImuLineStatusE)
                  000074b0    00000064     fm24cl64b.o (.text._ZN7drivers14Fm24cl64b_InitEPNS_16Fm24cl64bContextEPKNS_15Fm24cl64bConfigE)
                  00007514    00000062     libc.a : memset16.S.obj (.text:memset)
                  00007576    00000002     log.o (.text._ZN8services8Log_InitEv)
                  00007578    00000060     app_shell.o (.text._ZN3app12_GLOBAL__N_113PrintI2cUsageEv)
                  000075d8    00000060     lora.o (.text._ZN7drivers22LoraUart_ClearRxBufferEPNS_15LoraUartContextE)
                  00007638    00000060     motor_driver_uart.o (.text._ZN7drivers29MotorDriverUart_ClearRxBufferEPNS_22MotorDriverUartContextE)
                  00007698    0000005e     driverlib.a : dl_i2c.o (.text.DL_I2C_fillControllerTXFIFO)
                  000076f6    0000005e     button.o (.text._ZN7drivers13Button_UpdateEPNS_13ButtonContextEj)
                  00007754    00000058     ina219.o (.text._ZN7drivers17Ina219_SetAddressEPNS_13Ina219ContextEh)
                  000077ac    00000058     i2c_diag.o (.text._ZN7drivers20I2cDiag_GetBusStatusEPKNS_16I2cDiagBusConfigEPNS_16I2cDiagBusStatusE)
                  00007804    00000054     ti_msp_dl_config.o (.text.SYSCFG_DL_FRAM_I2C_init)
                  00007858    00000054     ti_msp_dl_config.o (.text.SYSCFG_DL_INA219_I2C_init)
                  000078ac    00000054     app_shell.o (.text._ZN3app12_GLOBAL__N_114PrintLoraUsageEv)
                  00007900    00000054     debug_uart.o (.text._ZN8services14DebugUart_InitEv)
                  00007954    00000052     empty_cpp.o (.text.main)
                  000079a6    00000002     libclang_rt.builtins.a : aeabi_div0.c.obj (.text.__aeabi_idiv0)
                  000079a8    00000050     board_ina219.o (.text._ZN5board16Board_Ina219InitEv)
                  000079f8    00000050     board_imu.o (.text._ZN5board27Board_ImuSetChipSelectDebugEbbbb)
                  00007a48    0000004c     ti_msp_dl_config.o (.text.SYSCFG_DL_IMU_SPI_init)
                  00007a94    00000048     driverlib.a : dl_uart.o (.text.DL_UART_init)
                  00007adc    00000048     board_fram.o (.text._ZN5board22Board_FramGetBusStatusEPjPbS1_)
                  00007b24    00000048     board_ina219.o (.text._ZN5board24Board_Ina219GetBusStatusEPjPbS1_)
                  00007b6c    00000048     debug_uart.o (.text._ZN8services18DebugUart_ReadByteEPh)
                  00007bb4    00000044     driverlib.a : dl_spi.o (.text.DL_SPI_init)
                  00007bf8    00000044     ina219.o (.text._ZN7drivers19Ina219_GetBusStatusEPNS_13Ina219ContextEPNS_15Ina219BusStatusE)
                  00007c3c    00000044     fm24cl64b.o (.text._ZN7drivers22Fm24cl64b_GetBusStatusEPNS_16Fm24cl64bContextEPNS_18Fm24cl64bBusStatusE)
                  00007c80    00000040     app_shell.o (.text._ZN3app12_GLOBAL__N_113PrintImuUsageEv)
                  00007cc0    00000040     app_shell.o (.text._ZN3app12_GLOBAL__N_114PrintFramUsageEv)
                  00007d00    00000040     app_shell.o (.text._ZN3app12_GLOBAL__N_114VersionCommandEiPKPKc)
                  00007d40    00000040     lora.o (.text._ZN7drivers17LoraUart_ReadByteEPNS_15LoraUartContextEPh)
                  00007d80    00000040     motor_driver_uart.o (.text._ZN7drivers24MotorDriverUart_ReadByteEPNS_22MotorDriverUartContextEPh)
                  00007dc0    00000040     libclang_rt.builtins.a : aeabi_uidivmod.S.obj (.text)
                  00007e00    0000003e     button.o (.text._ZN7drivers11Button_InitEPNS_13ButtonContextEPKNS_12ButtonConfigE)
                  00007e3e    00000002     --HOLE-- [fill = 0]
                  00007e40    0000003c     driverlib.a : dl_i2c.o (.text.DL_I2C_flushControllerTXFIFO)
                  00007e7c    0000003c     app_shell.o (.text._ZN3app12_GLOBAL__N_19WriteHex8Eh)
                  00007eb8    0000003c     board_button.o (.text._ZN5board17Board_ButtonsInitEv)
                  00007ef4    0000003c     ina219.o (.text._ZN7drivers23Ina219_ConfigureDefaultEPNS_13Ina219ContextE)
                  00007f30    0000003c     libc.a : autoinit.c.obj (.text:__TI_auto_init_nobinit_nopinit)
                  00007f6c    00000038     buzzer.o (.text._ZN7drivers11Buzzer_InitEPNS_13BuzzerContextEPKNS_12BuzzerConfigE)
                  00007fa4    00000038     button.o (.text._ZN7drivers14Button_ReadRawEPNS_13ButtonContextEPb)
                  00007fdc    00000038     ina219.o (.text._ZN7drivers19Ina219_ProbeAddressEPNS_13Ina219ContextEhPt)
                  00008014    00000038     led.o (.text._ZN7drivers8Led_InitEPNS_10LedContextEPKNS_9LedConfigE)
                  0000804c    00000038     time.o (.text._ZN8services9Time_InitEv)
                  00008084    00000034     ti_msp_dl_config.o (.text.SYSCFG_DL_init)
                  000080b8    00000034     app_main.o (.text._ZN3app8App_InitEv)
                  000080ec    00000034     board_button.o (.text._ZN5board19Board_ButtonsUpdateEj)
                  00008120    00000030     driverlib.a : dl_i2c.o (.text.DL_I2C_flushControllerRXFIFO)
                  00008150    00000030                 : dl_uart.o (.text.DL_UART_transmitDataBlocking)
                  00008180    00000030     ti_msp_dl_config.o (.text.SYSCFG_DL_SYSCTL_init)
                  000081b0    00000030     app_shell.o (.text._ZN3app12_GLOBAL__N_115WriteStatusLineEPKcN7drivers12DriverStatusE)
                  000081e0    00000030     buzzer.o (.text._ZN7drivers10Buzzer_OffEPNS_13BuzzerContextE)
                  00008210    00000030     led.o (.text._ZN7drivers6Led_OnEPNS_10LedContextE)
                  00008240    00000030     led.o (.text._ZN7drivers7Led_OffEPNS_10LedContextE)
                  00008270    00000030     buzzer.o (.text._ZN7drivers9Buzzer_OnEPNS_13BuzzerContextE)
                  000082a0    0000002e     ina219.o (.text._ZN7drivers19Ina219_ReadRegisterEPNS_13Ina219ContextEhPt)
                  000082ce    0000002c     ina219.o (.text._ZN7drivers20Ina219_WriteRegisterEPNS_13Ina219ContextEht)
                  000082fa    00000002     --HOLE-- [fill = 0]
                  000082fc    0000002c     lora.o (.text._ZN7drivers28LoraUart_GetControllerStatusEPKNS_15LoraUartContextEPj)
                  00008328    0000002c     motor_driver_uart.o (.text._ZN7drivers35MotorDriverUart_GetControllerStatusEPKNS_22MotorDriverUartContextEPj)
                  00008354    0000002a     ina219.o (.text._ZN7drivers12Ina219_ResetEPNS_13Ina219ContextE)
                  0000837e    0000002a     lora.o (.text._ZN7drivers23LoraUart_GetRxAvailableEPKNS_15LoraUartContextE)
                  000083a8    0000002a     motor_driver_uart.o (.text._ZN7drivers30MotorDriverUart_GetRxAvailableEPKNS_22MotorDriverUartContextE)
                  000083d2    00000002     --HOLE-- [fill = 0]
                  000083d4    00000028     app_shell.o (.text._ZN3app12_GLOBAL__N_112ResetCommandEiPKPKc)
                  000083fc    00000028     board_lora.o (.text._ZN5board14Board_LoraInitEv)
                  00008424    00000028     board_motor_driver.o (.text._ZN5board21Board_MotorDriverInitEv)
                  0000844c    00000028     libc.a : boot_cortex_m.c.obj (.text:_c_int00_noargs)
                  00008474    00000026     driverlib.a : dl_i2c.o (.text.DL_I2C_setClockConfig)
                  0000849a    00000002     --HOLE-- [fill = 0]
                  0000849c    00000024     app_shell.o (.text._ZN3app12_GLOBAL__N_110WriteInt32Ei)
                  000084c0    00000024     board.o (.text._ZN5board10Board_InitEv)
                  000084e4    00000022     button.o (.text._ZN7drivers17Button_WasPressedEPNS_13ButtonContextE)
                  00008506    00000022     button.o (.text._ZN7drivers18Button_WasReleasedEPNS_13ButtonContextE)
                  00008528    00000020     board_imu.o (.text._ZN5board13Board_ImuInitEv)
                  00008548    0000001e     ina219.o (.text._ZN7drivers17Ina219_GetAddressEPKNS_13Ina219ContextE)
                  00008566    0000001e     ina219.o (.text._ZN7drivers21Ina219_GetCalibrationEPKNS_13Ina219ContextE)
                  00008584    0000001c     driverlib.a : dl_spi.o (.text.DL_SPI_receiveDataCheck8)
                  000085a0    0000001c                 : dl_spi.o (.text.DL_SPI_transmitDataCheck8)
                  000085bc    0000001c     app_main.o (.text._ZN3app7App_RunEv)
                  000085d8    0000001c     board_button.o (.text._ZN5board19Board_ButtonReadRawENS_13BoardButtonIdEPb)
                  000085f4    0000001c     board_button.o (.text._ZN5board21Board_ButtonIsPressedENS_13BoardButtonIdE)
                  00008610    0000001c     board_button.o (.text._ZN5board22Board_ButtonWasPressedENS_13BoardButtonIdE)
                  0000862c    0000001c     board_button.o (.text._ZN5board23Board_ButtonWasReleasedENS_13BoardButtonIdE)
                  00008648    0000001c     ina219.o (.text._ZN7drivers14Ina219_IsReadyEPKNS_13Ina219ContextE)
                  00008664    0000001c     fm24cl64b.o (.text._ZN7drivers17Fm24cl64b_IsReadyEPKNS_16Fm24cl64bContextE)
                  00008680    0000001c     debug_uart.o (.text._ZN8services19DebugUart_WriteCharEc)
                  0000869c    0000001a     button.o (.text._ZN7drivers16Button_IsPressedEPKNS_13ButtonContextE)
                  000086b6    00000002     --HOLE-- [fill = 0]
                  000086b8    0000001a     libclang_rt.builtins.a : aeabi_memset.S.obj (.text)
                  000086d2    00000002     --HOLE-- [fill = 0]
                  000086d4    00000018     board_i2c_bus.o (.text._ZN5board15Board_I2cBusGetEj)
                  000086ec    00000018     board_button.o (.text._ZN5board19Board_ButtonGetNameENS_13BoardButtonIdE)
                  00008704    00000018     lora.o (.text._ZN7drivers20LoraUart_GetBaudrateEPKNS_15LoraUartContextE)
                  0000871c    00000018     motor_driver_uart.o (.text._ZN7drivers27MotorDriverUart_GetBaudrateEPKNS_22MotorDriverUartContextE)
                  00008734    00000016     app_main.o (.text._ZN12_GLOBAL__N_118App_ButtonScanTaskEv)
                  0000874a    00000016     led.o (.text._ZN7drivers11Led_IsReadyEPKNS_10LedContextE)
                  00008760    00000016     buzzer.o (.text._ZN7drivers14Buzzer_IsReadyEPKNS_13BuzzerContextE)
                  00008776    00000016     lora.o (.text._ZN7drivers16LoraUart_IsReadyEPKNS_15LoraUartContextE)
                  0000878c    00000016     motor_driver_uart.o (.text._ZN7drivers23MotorDriverUart_IsReadyEPKNS_22MotorDriverUartContextE)
                  000087a2    00000016     libc.a : copy_zero_init.c.obj (.text:decompress:ZI:__TI_zero_init_nomemset)
                  000087b8    00000014     board_fram.o (.text._ZN5board14Board_FramInitEv)
                  000087cc    00000014     board_fram.o (.text._ZN5board14Board_FramReadEtPht)
                  000087e0    00000014     board_lora.o (.text._ZN5board15Board_LoraWriteEPKht)
                  000087f4    00000014     board_buzzer.o (.text._ZN5board16Board_BuzzerInitEv)
                  00008808    00000014     board_fram.o (.text._ZN5board18Board_FramReadByteEtPh)
                  0000881c    00000014     board_fram.o (.text._ZN5board18Board_FramSelfTestEv)
                  00008830    00000014     board_fram.o (.text._ZN5board19Board_FramWriteByteEth)
                  00008844    00000014     board_led.o (.text._ZN5board19Board_StatusLedInitEv)
                  00008858    00000014     board_motor_driver.o (.text._ZN5board22Board_MotorDriverWriteEPKht)
                  0000886c    00000014     board_ina219.o (.text._ZN5board24Board_Ina219ProbeAddressEhPt)
                  00008880    00000014     board_ina219.o (.text._ZN5board24Board_Ina219ReadRegisterEhPt)
                  00008894    00000014     board_ina219.o (.text._ZN5board25Board_Ina219WriteRegisterEht)
                  000088a8    00000014     fm24cl64b.o (.text._ZN7drivers19Fm24cl64b_WriteByteEPNS_16Fm24cl64bContextEth)
                  000088bc    00000014     shell.o (.text._ZN8services15Shell_WriteLineEPKc)
                  000088d0    00000012     driverlib.a : dl_spi.o (.text.DL_SPI_setClockConfig)
                  000088e2    00000012                 : dl_uart.o (.text.DL_UART_setClockConfig)
                  000088f4    00000012     libc.a : copy_decompress_none.c.obj (.text:decompress:none)
                  00008906    00000002     --HOLE-- [fill = 0]
                  00008908    00000010     time.o (.text.SysTick_Handler)
                  00008918    00000010     board_lora.o (.text.UART0_IRQHandler)
                  00008928    00000010     board_motor_driver.o (.text.UART1_IRQHandler)
                  00008938    00000010     app_shell.o (.text._ZN3app12_GLOBAL__N_110AdcCommandEiPKPKc)
                  00008948    00000010     board_buzzer.o (.text._ZN5board14Board_BuzzerOnEv)
                  00008958    00000010     board_buzzer.o (.text._ZN5board15Board_BuzzerOffEv)
                  00008968    00000010     board_fram.o (.text._ZN5board17Board_FramIsReadyEv)
                  00008978    00000010     board_ina219.o (.text._ZN5board17Board_Ina219ResetEv)
                  00008988    00000010     board_lora.o (.text._ZN5board17Board_LoraIsReadyEv)
                  00008998    00000010     board_led.o (.text._ZN5board17Board_StatusLedOnEv)
                  000089a8    00000010     board_lora.o (.text._ZN5board18Board_LoraReadByteEPh)
                  000089b8    00000010     board_led.o (.text._ZN5board18Board_StatusLedOffEv)
                  000089c8    00000010     board_buzzer.o (.text._ZN5board19Board_BuzzerIsReadyEv)
                  000089d8    00000010     board_ina219.o (.text._ZN5board19Board_Ina219IsReadyEv)
                  000089e8    00000010     board_lora.o (.text._ZN5board19Board_LoraWriteByteEh)
                  000089f8    00000010     board_fram.o (.text._ZN5board20Board_FramRecoverBusEv)
                  00008a08    00000010     board_lora.o (.text._ZN5board21Board_LoraGetBaudrateEv)
                  00008a18    00000010     board_ina219.o (.text._ZN5board22Board_Ina219GetAddressEv)
                  00008a28    00000010     board_ina219.o (.text._ZN5board22Board_Ina219RecoverBusEv)
                  00008a38    00000010     board_ina219.o (.text._ZN5board22Board_Ina219SetAddressEh)
                  00008a48    00000010     board_led.o (.text._ZN5board22Board_StatusLedIsReadyEv)
                  00008a58    00000010     board_ina219.o (.text._ZN5board23Board_Ina219CalibrationEv)
                  00008a68    00000010     board_lora.o (.text._ZN5board23Board_LoraClearRxBufferEv)
                  00008a78    00000010     board_lora.o (.text._ZN5board24Board_LoraGetRxAvailableEv)
                  00008a88    00000010     board_motor_driver.o (.text._ZN5board24Board_MotorDriverIsReadyEv)
                  00008a98    00000010     board_motor_driver.o (.text._ZN5board25Board_MotorDriverReadByteEPh)
                  00008aa8    00000010     board_motor_driver.o (.text._ZN5board26Board_MotorDriverWriteByteEh)
                  00008ab8    00000010     board_ina219.o (.text._ZN5board27Board_Ina219ReadMeasurementEPN7drivers17Ina219MeasurementE)
                  00008ac8    00000010     board_lora.o (.text._ZN5board27Board_LoraGetRxDroppedCountEv)
                  00008ad8    00000010     board_ina219.o (.text._ZN5board28Board_Ina219ConfigureDefaultEv)
                  00008ae8    00000010     board_ina219.o (.text._ZN5board28Board_Ina219ReadRawRegistersEPN7drivers18Ina219RawRegistersE)
                  00008af8    00000010     board_motor_driver.o (.text._ZN5board28Board_MotorDriverGetBaudrateEv)
                  00008b08    00000010     board_lora.o (.text._ZN5board29Board_LoraGetControllerStatusEPj)
                  00008b18    00000010     board_motor_driver.o (.text._ZN5board30Board_MotorDriverClearRxBufferEv)
                  00008b28    00000010     board_motor_driver.o (.text._ZN5board31Board_MotorDriverGetRxAvailableEv)
                  00008b38    00000010     board_motor_driver.o (.text._ZN5board34Board_MotorDriverGetRxDroppedCountEv)
                  00008b48    00000010     board_motor_driver.o (.text._ZN5board36Board_MotorDriverGetControllerStatusEPj)
                  00008b58    00000010     fault.o (.text._ZN8services9Fault_SetENS_9FaultCodeE)
                  00008b68    0000000c     board_imu.o (.text._ZN5board16Board_ImuIsReadyEv)
                  00008b74    0000000c     lora.o (.text._ZN7drivers26LoraUart_GetRxDroppedCountEPKNS_15LoraUartContextE)
                  00008b80    0000000c     motor_driver_uart.o (.text._ZN7drivers33MotorDriverUart_GetRxDroppedCountEPKNS_22MotorDriverUartContextE)
                  00008b8c    0000000c     fault.o (.text._ZN8services10Fault_InitEv)
                  00008b98    0000000c     time.o (.text._ZN8services11Time_MillisEv)
                  00008ba4    0000000c     debug_uart.o (.text._ZN8services17DebugUart_IsReadyEv)
                  00008bb0    0000000c     fault.o (.text._ZN8services9Fault_GetEv)
                  00008bbc    0000000a     driverlib.a : dl_common.o (.text.DL_Common_delayCycles)
                  00008bc6    0000000a     fm24cl64b.o (.text._ZN7drivers18Fm24cl64b_ReadByteEPNS_16Fm24cl64bContextEtPh)
                  00008bd0    00000008     shell.o (.text._ZN8services15Shell_WriteCharEc)
                  00008bd8    00000008     shell.o (.text._ZN8services17Shell_WriteStringEPKc)
                  00008be0    00000008     shell.o (.text._ZN8services17Shell_WriteUInt32Ej)
                  00008be8    00000008     libclang_rt.builtins.a : aeabi_memcpy.S.obj (.text)
                  00008bf0    00000006     board_fram.o (.text._ZN5board23Board_FramCapacityBytesEv)
                  00008bf6    00000006     libc.a : exit.c.obj (.text:abort)
                  00008bfc    00000004     libsysbm.a : hostexit.c.obj (.text.HOSTexit)
                  00008c00    00000004     startup_mspm0g351x_ticlang.o (.text.Reset_Handler)
                  00008c04    00000004     board_i2c_bus.o (.text._ZN5board17Board_I2cBusCountEv)
                  00008c08    00000004     libc.a : pre_init.c.obj (.text._system_pre_init)
                  00008c0c    00000004     --HOLE-- [fill = 0]

.cinit     0    00009d80    00000030     
                  00009d80    0000000c     (__TI_handler_table)
                  00009d8c    00000009     (.cinit..data.load) [load image, compression = lzss]
                  00009d95    00000003     --HOLE-- [fill = 0]
                  00009d98    00000008     (.cinit..bss.load) [load image, compression = zero_init]
                  00009da0    00000010     (__TI_cinit_table)

.rodata    0    00008c10    00001170     
                  00008c10    00000100     app_shell.o (.rodata..L.crctable)
                  00008d10    00000058     board_i2c_bus.o (.rodata._ZN5board12_GLOBAL__N_110g_i2cBusesE)
                  00008d68    00000045     app_shell.o (.rodata.str1.2354522874658768371.1)
                  00008dad    00000039     app_shell.o (.rodata.str1.444886150797460539.1)
                  00008de6    00000039     app_shell.o (.rodata.str1.9210286441137644766.1)
                  00008e1f    00000001     app_shell.o (.rodata.str1.15195419684703654944.1)
                  00008e20    00000038     board_ina219.o (.rodata._ZN5boardL14g_ina219ConfigE)
                  00008e58    00000035     app_shell.o (.rodata.str1.14384267027075031912.1)
                  00008e8d    00000031     app_shell.o (.rodata.str1.13305312957799781956.1)
                  00008ebe    00000002     app_shell.o (.rodata._ZZN3app12_GLOBAL__N_112MotorCommandEiPKPKcE7kM1Stop)
                  00008ec0    00000030     board_button.o (.rodata._ZN5board12_GLOBAL__N_115g_buttonConfigsE)
                  00008ef0    00000030     app_shell.o (.rodata.str1.14683574465395229248.1)
                  00008f20    0000002c     board_fram.o (.rodata._ZN5boardL12g_framConfigE)
                  00008f4c    0000002b     app_shell.o (.rodata.str1.12080946370607717659.1)
                  00008f77    0000002a     app_shell.o (.rodata.str1.5301191676092148263.1)
                  00008fa1    0000002a     app_shell.o (.rodata.str1.671945175647755142.1)
                  00008fcb    00000026     shell.o (.rodata.str1.6901712316327456926.1)
                  00008ff1    00000020     app_shell.o (.rodata.str1.9018689912544847403.1)
                  00009011    0000001f     app_shell.o (.rodata.str1.11810056576553604146.1)
                  00009030    0000001f     app_shell.o (.rodata.str1.8175931356486144895.1)
                  0000904f    0000001f     app_shell.o (.rodata.str1.871335262082007188.1)
                  0000906e    0000001e     app_shell.o (.rodata.str1.13760472749468428784.1)
                  0000908c    0000001e     app_shell.o (.rodata.str1.15434941628325917383.1)
                  000090aa    0000001d     app_shell.o (.rodata.str1.12139680495649507277.1)
                  000090c7    0000001d     app_shell.o (.rodata.str1.14205965562906606532.1)
                  000090e4    0000001d     app_shell.o (.rodata.str1.1983276796565948189.1)
                  00009101    0000001d     app_shell.o (.rodata.str1.232704503142678858.1)
                  0000911e    00000002     app_shell.o (.rodata._ZZN3app12_GLOBAL__N_112MotorCommandEiPKPKcE7kM2Stop)
                  00009120    0000001c     app_shell.o (.rodata..Lswitch.table._ZN3app12_GLOBAL__N_115WriteStatusLineEPKcN7drivers12DriverStatusE)
                  0000913c    0000001c     app_shell.o (.rodata.str1.10018306225359911921.1)
                  00009158    0000001c     app_shell.o (.rodata.str1.16920742144462411612.1)
                  00009174    0000001c     app_shell.o (.rodata.str1.17149590331237407959.1)
                  00009190    0000001b     app_shell.o (.rodata.str1.6446933695614087048.1)
                  000091ab    0000001b     app_shell.o (.rodata.str1.9081962557253678714.1)
                  000091c6    0000001a     app_shell.o (.rodata.str1.9315764513386952153.1)
                  000091e0    00000019     app_shell.o (.rodata.str1.3266044674648287831.1)
                  000091f9    00000019     app_shell.o (.rodata.str1.5263001642383835309.1)
                  00009212    00000019     app_shell.o (.rodata.str1.5998451886276286134.1)
                  0000922b    00000001     --HOLE-- [fill = 0]
                  0000922c    00000018     app_shell.o (.rodata..Lswitch.table._ZN3app12_GLOBAL__N_114PrintI2cStatusEPKN7drivers16I2cDiagBusConfigE)
                  00009244    00000018     board_lora.o (.rodata._ZN5boardL12g_loraConfigE)
                  0000925c    00000018     board_motor_driver.o (.rodata._ZN5boardL19g_motorDriverConfigE)
                  00009274    00000018     app_shell.o (.rodata.str1.16608939394091912599.1)
                  0000928c    00000017     app_shell.o (.rodata.str1.16167065860645901179.1)
                  000092a3    00000017     app_shell.o (.rodata.str1.4993949747219772545.1)
                  000092ba    00000017     shell.o (.rodata.str1.5680428239841774557.1)
                  000092d1    00000016     app_shell.o (.rodata.str1.1349469432826125676.1)
                  000092e7    00000016     app_shell.o (.rodata.str1.4218503564476151687.1)
                  000092fd    00000016     app_shell.o (.rodata.str1.7652650349062231201.1)
                  00009313    00000016     app_shell.o (.rodata.str1.8435392788517128360.1)
                  00009329    00000015     app_shell.o (.rodata.str1.12036585828892915957.1)
                  0000933e    00000015     app_shell.o (.rodata.str1.1222417806814152126.1)
                  00009353    00000015     app_shell.o (.rodata.str1.2942266741242204019.1)
                  00009368    00000015     app_shell.o (.rodata.str1.4138401803328556999.1)
                  0000937d    00000015     app_shell.o (.rodata.str1.5515999138927817340.1)
                  00009392    00000014     app_shell.o (.rodata.str1.16423083052983990348.1)
                  000093a6    00000013     app_shell.o (.rodata.str1.551504573030492924.1)
                  000093b9    00000013     app_shell.o (.rodata.str1.6394054571282083081.1)
                  000093cc    00000013     app_shell.o (.rodata.str1.8602760754867183125.1)
                  000093df    00000013     app_shell.o (.rodata.str1.8767742179201719121.1)
                  000093f2    00000012     app_shell.o (.rodata.str1.11627215746227218045.1)
                  00009404    00000012     app_shell.o (.rodata.str1.12588545937538655288.1)
                  00009416    00000012     app_shell.o (.rodata.str1.13324323091560154661.1)
                  00009428    00000012     app_shell.o (.rodata.str1.560197181004569561.1)
                  0000943a    00000012     app_shell.o (.rodata.str1.5770566940880199477.1)
                  0000944c    00000012     app_shell.o (.rodata.str1.7579154775923007786.1)
                  0000945e    00000012     shell.o (.rodata.str1.8246939600463437344.1)
                  00009470    00000012     app_shell.o (.rodata.str1.8509687067808380963.1)
                  00009482    00000011     app_shell.o (.rodata.str1.14613035533147221857.1)
                  00009493    00000011     app_shell.o (.rodata.str1.16368304853068341593.1)
                  000094a4    00000011     app_shell.o (.rodata.str1.4754765727316804258.1)
                  000094b5    00000011     app_shell.o (.rodata.str1.6741221679932540615.1)
                  000094c6    00000011     app_shell.o (.rodata.str1.7743837333376801574.1)
                  000094d7    00000011     app_shell.o (.rodata.str1.7923626403509450708.1)
                  000094e8    00000011     app_shell.o (.rodata.str1.7950140236767125311.1)
                  000094f9    00000011     app_shell.o (.rodata.str1.8793534488315853255.1)
                  0000950a    00000010     app_shell.o (.rodata.str1.107782727556153465.1)
                  0000951a    00000010     app_shell.o (.rodata.str1.11085599432999950484.1)
                  0000952a    00000010     app_shell.o (.rodata.str1.14827416709503782844.1)
                  0000953a    00000010     app_shell.o (.rodata.str1.15520279574724480647.1)
                  0000954a    00000010     app_shell.o (.rodata.str1.17029008240216598945.1)
                  0000955a    00000010     app_shell.o (.rodata.str1.264036748927759168.1)
                  0000956a    00000010     app_shell.o (.rodata.str1.296188832848622959.1)
                  0000957a    00000010     app_shell.o (.rodata.str1.6219487071531100932.1)
                  0000958a    00000010     app_shell.o (.rodata.str1.795459456749244188.1)
                  0000959a    00000010     app_shell.o (.rodata.str1.9082118575882053516.1)
                  000095aa    00000010     app_shell.o (.rodata.str1.9141388473721648320.1)
                  000095ba    00000010     app_shell.o (.rodata.str1.9244822838137428263.1)
                  000095ca    0000000f     app_shell.o (.rodata.str1.12164603244115374595.1)
                  000095d9    0000000f     app_shell.o (.rodata.str1.14031660303973722868.1)
                  000095e8    0000000f     app_shell.o (.rodata.str1.17269466629117989041.1)
                  000095f7    0000000f     app_shell.o (.rodata.str1.17876943342118536213.1)
                  00009606    0000000f     app_shell.o (.rodata.str1.3134304214227531536.1)
                  00009615    0000000f     app_shell.o (.rodata.str1.3256265506082810711.1)
                  00009624    0000000f     app_shell.o (.rodata.str1.3879560646291831357.1)
                  00009633    0000000f     app_shell.o (.rodata.str1.4392945030196501414.1)
                  00009642    0000000f     app_shell.o (.rodata.str1.5407661000085889072.1)
                  00009651    0000000f     app_shell.o (.rodata.str1.7267978533840413714.1)
                  00009660    0000000f     app_shell.o (.rodata.str1.9051984071380436030.1)
                  0000966f    0000000e     app_shell.o (.rodata.str1.10256891727475852015.1)
                  0000967d    0000000e     app_shell.o (.rodata.str1.10855919650491312362.1)
                  0000968b    0000000e     app_shell.o (.rodata.str1.11903828385650032657.1)
                  00009699    0000000e     app_shell.o (.rodata.str1.12185306449572332681.1)
                  000096a7    0000000e     app_shell.o (.rodata.str1.14355953386558495977.1)
                  000096b5    0000000e     app_shell.o (.rodata.str1.15403383602945839188.1)
                  000096c3    0000000e     app_shell.o (.rodata.str1.15816476343860600217.1)
                  000096d1    0000000e     app_shell.o (.rodata.str1.16815118733797554419.1)
                  000096df    0000000e     app_shell.o (.rodata.str1.16906130264434024515.1)
                  000096ed    0000000e     app_shell.o (.rodata.str1.2900415078221183578.1)
                  000096fb    0000000e     app_shell.o (.rodata.str1.5557692366192543561.1)
                  00009709    0000000e     app_shell.o (.rodata.str1.626618899871332695.1)
                  00009717    0000000e     app_shell.o (.rodata.str1.6725838405751831500.1)
                  00009725    0000000e     app_shell.o (.rodata.str1.6756868286634741853.1)
                  00009733    0000000e     app_shell.o (.rodata.str1.7078129644076030331.1)
                  00009741    0000000e     app_shell.o (.rodata.str1.7863334761919578676.1)
                  0000974f    0000000e     app_shell.o (.rodata.str1.9167415978045996327.1)
                  0000975d    0000000d     app_shell.o (.rodata.str1.10761430618072912911.1)
                  0000976a    0000000d     app_shell.o (.rodata.str1.12824201010631389445.1)
                  00009777    0000000d     app_shell.o (.rodata.str1.13157479058689081212.1)
                  00009784    0000000d     app_shell.o (.rodata.str1.13438288695896508174.1)
                  00009791    0000000d     app_shell.o (.rodata.str1.13993368087264210023.1)
                  0000979e    0000000d     app_shell.o (.rodata.str1.14008062965805295334.1)
                  000097ab    0000000d     app_shell.o (.rodata.str1.1420893864952581301.1)
                  000097b8    0000000d     app_shell.o (.rodata.str1.14241588195389562460.1)
                  000097c5    0000000d     app_shell.o (.rodata.str1.14623014954758015065.1)
                  000097d2    0000000d     app_shell.o (.rodata.str1.14678420154468417691.1)
                  000097df    0000000d     app_shell.o (.rodata.str1.15409376994933409736.1)
                  000097ec    0000000d     app_shell.o (.rodata.str1.16835946644515092483.1)
                  000097f9    0000000d     app_shell.o (.rodata.str1.17563913066770742391.1)
                  00009806    0000000d     app_shell.o (.rodata.str1.18076126304851181080.1)
                  00009813    0000000d     app_shell.o (.rodata.str1.18269279803075602796.1)
                  00009820    0000000d     app_shell.o (.rodata.str1.2319085888762997156.1)
                  0000982d    0000000d     app_shell.o (.rodata.str1.2672312858105111990.1)
                  0000983a    0000000d     app_shell.o (.rodata.str1.3791812099772881164.1)
                  00009847    0000000d     app_shell.o (.rodata.str1.4203577644585159315.1)
                  00009854    0000000d     app_shell.o (.rodata.str1.4906473829960206720.1)
                  00009861    0000000d     app_shell.o (.rodata.str1.5164433326538179767.1)
                  0000986e    0000000d     app_shell.o (.rodata.str1.5531439754045694522.1)
                  0000987b    0000000d     app_shell.o (.rodata.str1.5848672442950545206.1)
                  00009888    0000000d     app_shell.o (.rodata.str1.7612592787831263617.1)
                  00009895    0000000d     app_shell.o (.rodata.str1.7850322238517394535.1)
                  000098a2    0000000d     app_shell.o (.rodata.str1.8287504627243269121.1)
                  000098af    0000000d     app_shell.o (.rodata.str1.9705620893505900.1)
                  000098bc    0000000c     board_button.o (.rodata..Lswitch.table._ZN5board19Board_ButtonGetNameENS_13BoardButtonIdE)
                  000098c8    0000000c     board_buzzer.o (.rodata._ZN5boardL14g_buzzerConfigE)
                  000098d4    0000000c     board_led.o (.rodata._ZN5boardL17g_statusLedConfigE)
                  000098e0    0000000c     app_shell.o (.rodata.str1.11187590877126870748.1)
                  000098ec    0000000c     app_shell.o (.rodata.str1.1207053347194752072.1)
                  000098f8    0000000c     app_shell.o (.rodata.str1.12082892960889789793.1)
                  00009904    0000000c     app_shell.o (.rodata.str1.12681352959443149009.1)
                  00009910    0000000c     app_shell.o (.rodata.str1.13507390935846511250.1)
                  0000991c    0000000c     app_shell.o (.rodata.str1.15536306115837748184.1)
                  00009928    0000000c     app_shell.o (.rodata.str1.1715960982390498022.1)
                  00009934    0000000c     app_shell.o (.rodata.str1.17348661065144809008.1)
                  00009940    0000000c     app_shell.o (.rodata.str1.17414183638713165213.1)
                  0000994c    0000000c     app_shell.o (.rodata.str1.2292235750072059597.1)
                  00009958    0000000c     app_shell.o (.rodata.str1.3590894685082263268.1)
                  00009964    0000000c     app_shell.o (.rodata.str1.3892416308557052197.1)
                  00009970    0000000c     app_shell.o (.rodata.str1.5612542551564952699.1)
                  0000997c    0000000c     app_shell.o (.rodata.str1.5640218363402806195.1)
                  00009988    0000000c     app_shell.o (.rodata.str1.6333935326310285001.1)
                  00009994    0000000c     app_shell.o (.rodata.str1.8150600325345066189.1)
                  000099a0    0000000c     app_shell.o (.rodata.str1.97227345183721019.1)
                  000099ac    0000000b     app_shell.o (.rodata.str1.11325690732168652611.1)
                  000099b7    0000000b     app_shell.o (.rodata.str1.12144774989780088692.1)
                  000099c2    0000000b     app_shell.o (.rodata.str1.14677212197102816015.1)
                  000099cd    0000000b     app_shell.o (.rodata.str1.16738014180672278497.1)
                  000099d8    0000000b     app_shell.o (.rodata.str1.1695784342961477721.1)
                  000099e3    0000000b     app_shell.o (.rodata.str1.17353931100524941225.1)
                  000099ee    0000000b     app_shell.o (.rodata.str1.17942500811997078001.1)
                  000099f9    0000000b     app_shell.o (.rodata.str1.18243883703027276797.1)
                  00009a04    0000000b     app_shell.o (.rodata.str1.3587876751327453651.1)
                  00009a0f    0000000b     app_shell.o (.rodata.str1.4641291215374644332.1)
                  00009a1a    0000000b     app_shell.o (.rodata.str1.7207923708610531365.1)
                  00009a25    0000000b     app_shell.o (.rodata.str1.738127925484632372.1)
                  00009a30    0000000b     app_shell.o (.rodata.str1.9307220092008964426.1)
                  00009a3b    00000001     --HOLE-- [fill = 0]
                  00009a3c    0000000a     ti_msp_dl_config.o (.rodata.gDEBUG_UARTConfig)
                  00009a46    0000000a     ti_msp_dl_config.o (.rodata.gIMU_SPI_config)
                  00009a50    0000000a     ti_msp_dl_config.o (.rodata.gLORA_UARTConfig)
                  00009a5a    0000000a     ti_msp_dl_config.o (.rodata.gMOTOR_UARTConfig)
                  00009a64    0000000a     app_shell.o (.rodata.str1.11208828733426745331.1)
                  00009a6e    0000000a     app_shell.o (.rodata.str1.16330407060470052804.1)
                  00009a78    0000000a     app_shell.o (.rodata.str1.16821001261222486393.1)
                  00009a82    0000000a     shell.o (.rodata.str1.17922515892264497723.1)
                  00009a8c    0000000a     app_shell.o (.rodata.str1.18173995716001367913.1)
                  00009a96    0000000a     app_shell.o (.rodata.str1.2128407216864987192.1)
                  00009aa0    0000000a     app_shell.o (.rodata.str1.4190646769514731288.1)
                  00009aaa    0000000a     app_shell.o (.rodata.str1.5000143241413183010.1)
                  00009ab4    00000009     app_shell.o (.rodata.str1.13247589138198607459.1)
                  00009abd    00000009     app_shell.o (.rodata.str1.1451090849677487530.1)
                  00009ac6    00000009     app_shell.o (.rodata.str1.1642163497366634869.1)
                  00009acf    00000009     app_shell.o (.rodata.str1.5376205643164354286.1)
                  00009ad8    00000009     app_shell.o (.rodata.str1.9017255012489828088.1)
                  00009ae1    00000008     app_shell.o (.rodata.str1.10665909939688505188.1)
                  00009ae9    00000008     board_button.o (.rodata.str1.10963450802004053816.1)
                  00009af1    00000008     app_shell.o (.rodata.str1.11327417708772392390.1)
                  00009af9    00000008     app_shell.o (.rodata.str1.11335294061225285764.1)
                  00009b01    00000008     app_shell.o (.rodata.str1.12583477948311004516.1)
                  00009b09    00000008     app_shell.o (.rodata.str1.14891418699318862133.1)
                  00009b11    00000008     app_shell.o (.rodata.str1.17082220688523197928.1)
                  00009b19    00000008     board_button.o (.rodata.str1.17681505947258605906.1)
                  00009b21    00000008     app_shell.o (.rodata.str1.1818528395550233868.1)
                  00009b29    00000008     board_button.o (.rodata.str1.18240515884718476655.1)
                  00009b31    00000008     app_main.o (.rodata.str1.1839410120130765391.1)
                  00009b39    00000008     app_shell.o (.rodata.str1.5549424804698209806.1)
                  00009b41    00000008     board_button.o (.rodata.str1.5952028417427413650.1)
                  00009b49    00000008     app_shell.o (.rodata.str1.6213986015100719150.1)
                  00009b51    00000008     app_shell.o (.rodata.str1.7493624433185208732.1)
                  00009b59    00000008     app_shell.o (.rodata.str1.7988978544830785654.1)
                  00009b61    00000008     app_shell.o (.rodata.str1.8730301986016609910.1)
                  00009b69    00000008     app_shell.o (.rodata.str1.8963702969112686911.1)
                  00009b71    00000008     app_shell.o (.rodata.str1.9555053908608242801.1)
                  00009b79    00000007     app_shell.o (.rodata.str1.11774507841365577078.1)
                  00009b80    00000007     app_shell.o (.rodata.str1.11836969374611347342.1)
                  00009b87    00000007     app_shell.o (.rodata.str1.11922244342622017285.1)
                  00009b8e    00000007     app_shell.o (.rodata.str1.13029328624899454496.1)
                  00009b95    00000007     app_shell.o (.rodata.str1.15397327130298834941.1)
                  00009b9c    00000007     app_shell.o (.rodata.str1.15706013027452160776.1)
                  00009ba3    00000007     app_shell.o (.rodata.str1.16227620492999702623.1)
                  00009baa    00000007     app_shell.o (.rodata.str1.16800956331689080151.1)
                  00009bb1    00000007     board_i2c_bus.o (.rodata.str1.17771965703026024685.1)
                  00009bb8    00000007     app_shell.o (.rodata.str1.17796269336985765740.1)
                  00009bbf    00000007     app_shell.o (.rodata.str1.17894747200582054988.1)
                  00009bc6    00000007     app_shell.o (.rodata.str1.2029421846019890511.1)
                  00009bcd    00000007     app_shell.o (.rodata.str1.27965927919619260.1)
                  00009bd4    00000007     app_shell.o (.rodata.str1.2831129786622658843.1)
                  00009bdb    00000007     app_shell.o (.rodata.str1.2963890733414402023.1)
                  00009be2    00000007     app_shell.o (.rodata.str1.931795180867172166.1)
                  00009be9    00000007     app_shell.o (.rodata.str1.9376739677351878210.1)
                  00009bf0    00000007     app_shell.o (.rodata.str1.9708937098353321336.1)
                  00009bf7    00000006     app_shell.o (.rodata._ZZN3app12_GLOBAL__N_111LoraCommandEiPKPKcE9kTestData)
                  00009bfd    00000006     app_shell.o (.rodata._ZZN3app12_GLOBAL__N_112MotorCommandEiPKPKcE9kTestData)
                  00009c03    00000006     app_shell.o (.rodata.str1.10195084751130023350.1)
                  00009c09    00000006     app_shell.o (.rodata.str1.10851017352621485976.1)
                  00009c0f    00000006     app_shell.o (.rodata.str1.13323525510459860336.1)
                  00009c15    00000006     app_shell.o (.rodata.str1.13643216153024045165.1)
                  00009c1b    00000006     app_shell.o (.rodata.str1.13772462829107236127.1)
                  00009c21    00000006     app_shell.o (.rodata.str1.14223157730264656398.1)
                  00009c27    00000006     app_shell.o (.rodata.str1.15645525071624774828.1)
                  00009c2d    00000006     app_shell.o (.rodata.str1.15890787717468802715.1)
                  00009c33    00000006     app_shell.o (.rodata.str1.16079002699872141978.1)
                  00009c39    00000006     app_shell.o (.rodata.str1.16216038010955657616.1)
                  00009c3f    00000006     app_shell.o (.rodata.str1.16234102244779358492.1)
                  00009c45    00000006     app_shell.o (.rodata.str1.16556295950709461880.1)
                  00009c4b    00000006     app_shell.o (.rodata.str1.3345426052653886543.1)
                  00009c51    00000006     app_shell.o (.rodata.str1.587364518894469847.1)
                  00009c57    00000006     app_shell.o (.rodata.str1.5909738732761903070.1)
                  00009c5d    00000006     app_shell.o (.rodata.str1.6351667589775284342.1)
                  00009c63    00000006     app_shell.o (.rodata.str1.6951946783319408118.1)
                  00009c69    00000006     app_shell.o (.rodata.str1.7571154574660953324.1)
                  00009c6f    00000006     app_shell.o (.rodata.str1.8674441817985872181.1)
                  00009c75    00000006     app_shell.o (.rodata.str1.906066569443847875.1)
                  00009c7b    00000006     app_shell.o (.rodata.str1.9144633642026494361.1)
                  00009c81    00000006     app_shell.o (.rodata.str1.9805525145790407866.1)
                  00009c87    00000005     app_shell.o (.rodata.str1.10218881960771275491.1)
                  00009c8c    00000005     app_shell.o (.rodata.str1.10673636489446728236.1)
                  00009c91    00000005     board_i2c_bus.o (.rodata.str1.11524751692591293752.1)
                  00009c96    00000005     app_shell.o (.rodata.str1.11627259167888876947.1)
                  00009c9b    00000005     app_shell.o (.rodata.str1.11747346528919543944.1)
                  00009ca0    00000005     app_shell.o (.rodata.str1.13640432584226954899.1)
                  00009ca5    00000005     app_shell.o (.rodata.str1.13923183189790686887.1)
                  00009caa    00000005     app_shell.o (.rodata.str1.14082473703337987432.1)
                  00009caf    00000005     app_shell.o (.rodata.str1.1431720735396876446.1)
                  00009cb4    00000005     app_shell.o (.rodata.str1.15453031427744251291.1)
                  00009cb9    00000005     app_shell.o (.rodata.str1.15885433143163248817.1)
                  00009cbe    00000005     shell.o (.rodata.str1.17405053739148516019.1)
                  00009cc3    00000005     app_shell.o (.rodata.str1.18221696243336245540.1)
                  00009cc8    00000005     app_shell.o (.rodata.str1.2160470991696560517.1)
                  00009ccd    00000005     app_shell.o (.rodata.str1.4126815238888174570.1)
                  00009cd2    00000005     app_shell.o (.rodata.str1.4179493015675024832.1)
                  00009cd7    00000005     app_shell.o (.rodata.str1.5652790780262836254.1)
                  00009cdc    00000005     app_shell.o (.rodata.str1.6963926815691589692.1)
                  00009ce1    00000005     app_shell.o (.rodata.str1.7212684690809077353.1)
                  00009ce6    00000005     app_shell.o (.rodata.str1.8934507472916618446.1)
                  00009ceb    00000004     app_shell.o (.rodata.str1.10756110055158838206.1)
                  00009cef    00000004     app_shell.o (.rodata.str1.11515932757094173050.1)
                  00009cf3    00000004     app_shell.o (.rodata.str1.1223882822645374465.1)
                  00009cf7    00000004     app_shell.o (.rodata.str1.13626453309717720227.1)
                  00009cfb    00000004     app_shell.o (.rodata.str1.141740382680400416.1)
                  00009cff    00000004     app_shell.o (.rodata.str1.14445045882516821416.1)
                  00009d03    00000004     app_shell.o (.rodata.str1.14639049301600042713.1)
                  00009d07    00000004     app_shell.o (.rodata.str1.2112829382197544942.1)
                  00009d0b    00000004     app_shell.o (.rodata.str1.2767916714829989116.1)
                  00009d0f    00000004     app_shell.o (.rodata.str1.3030045481369325523.1)
                  00009d13    00000004     app_shell.o (.rodata.str1.3688985272902551570.1)
                  00009d17    00000004     app_shell.o (.rodata.str1.4465400818469226320.1)
                  00009d1b    00000004     app_shell.o (.rodata.str1.4561355912026728236.1)
                  00009d1f    00000004     app_shell.o (.rodata.str1.5716603645884478871.1)
                  00009d23    00000004     app_shell.o (.rodata.str1.6410197886599512152.1)
                  00009d27    00000004     app_shell.o (.rodata.str1.6578158171544725696.1)
                  00009d2b    00000004     shell.o (.rodata.str1.7348818734176781284.1)
                  00009d2f    00000004     app_shell.o (.rodata.str1.7940456731757887554.1)
                  00009d33    00000004     app_shell.o (.rodata.str1.8406640635343907673.1)
                  00009d37    00000004     shell.o (.rodata.str1.8954516873856363469.1)
                  00009d3b    00000003     shell.o (.rodata.str1.10427229796524742636.1)
                  00009d3e    00000003     app_shell.o (.rodata.str1.13245102848535749030.1)
                  00009d41    00000003     app_shell.o (.rodata.str1.13442463908107530774.1)
                  00009d44    00000003     app_shell.o (.rodata.str1.1418877803505809098.1)
                  00009d47    00000003     app_shell.o (.rodata.str1.2027963614161212499.1)
                  00009d4a    00000003     app_shell.o (.rodata.str1.2370428100076675559.1)
                  00009d4d    00000003     shell.o (.rodata.str1.4282230880151502975.1)
                  00009d50    00000003     app_shell.o (.rodata.str1.638712236475948105.1)
                  00009d53    00000003     app_shell.o (.rodata.str1.8035528561561339514.1)
                  00009d56    00000003     shell.o (.rodata.str1.8508895379925972626.1)
                  00009d59    00000003     app_shell.o (.rodata.str1.8569159511768566713.1)
                  00009d5c    00000002     ti_msp_dl_config.o (.rodata.gDEBUG_UARTClockConfig)
                  00009d5e    00000002     ti_msp_dl_config.o (.rodata.gFRAM_I2CClockConfig)
                  00009d60    00000002     ti_msp_dl_config.o (.rodata.gIMU_SPI_clockConfig)
                  00009d62    00000002     ti_msp_dl_config.o (.rodata.gINA219_I2CClockConfig)
                  00009d64    00000002     ti_msp_dl_config.o (.rodata.gLORA_UARTClockConfig)
                  00009d66    00000002     ti_msp_dl_config.o (.rodata.gMOTOR_UARTClockConfig)
                  00009d68    00000002     app_shell.o (.rodata.str1.10091040128680290456.1)
                  00009d6a    00000002     app_shell.o (.rodata.str1.16458884249986146812.1)
                  00009d6c    00000002     app_shell.o (.rodata.str1.18057142085415363861.1)
                  00009d6e    00000002     app_shell.o (.rodata.str1.8867909630182175989.1)
                  00009d70    00000002     app_shell.o (.rodata.str1.9307362830757344490.1)
                  00009d72    0000000e     --HOLE-- [fill = 0]

.init_array 
*          0    00000000    00000000     UNINITIALIZED

.binit     0    00000000    00000000     

.bss       0    20200000    00000308     UNINITIALIZED
                  20200000    00000100     board_lora.o (.bss._ZN5boardL14g_loraRxBufferE)
                  20200100    00000100     board_motor_driver.o (.bss._ZN5boardL21g_motorDriverRxBufferE)
                  20200200    00000080     debug_uart.o (.bss._ZN8services12_GLOBAL__N_110g_rxBufferE)
                  20200280    00000060     shell.o (.bss._ZN8services12_GLOBAL__N_112g_lineBufferE)
                  202002e0    00000028     (.common:gIMU_SPIBackup)

.data      0    20200308    0000027c     UNINITIALIZED
                  20200308    00000100     shell.o (.data._ZN8services12_GLOBAL__N_110g_commandsE)
                  20200408    000000f0     scheduler.o (.data._ZN8servicesL7g_tasksE)
                  202004f8    00000030     board_button.o (.data._ZN5board12_GLOBAL__N_116g_buttonContextsE)
                  20200528    00000010     board_lora.o (.data._ZN5boardL13g_loraContextE)
                  20200538    00000010     board_motor_driver.o (.data._ZN5boardL20g_motorDriverContextE)
                  20200548    00000008     app_main.o (.data._ZN3appL10g_appStateE)
                  20200550    00000008     board_fram.o (.data._ZN5boardL13g_framContextE)
                  20200558    00000008     board_buzzer.o (.data._ZN5boardL15g_buzzerContextE)
                  20200560    00000008     board_ina219.o (.data._ZN5boardL15g_ina219ContextE)
                  20200568    00000008     board_led.o (.data._ZN5boardL18g_statusLedContextE)
                  20200570    00000004     shell.o (.data._ZN8services12_GLOBAL__N_112g_lineLengthE)
                  20200574    00000004     debug_uart.o (.data._ZN8services12_GLOBAL__N_116g_rxDroppedCountE)
                  20200578    00000004     time.o (.data._ZN8servicesL8g_millisE)
                  2020057c    00000002     debug_uart.o (.data._ZN8services12_GLOBAL__N_18g_rxHeadE)
                  2020057e    00000002     debug_uart.o (.data._ZN8services12_GLOBAL__N_18g_rxTailE)
                  20200580    00000001     board_imu.o (.data._ZN5board12_GLOBAL__N_110g_imuReadyE)
                  20200581    00000001     shell.o (.data._ZN8services12_GLOBAL__N_114g_ignoreNextLfE)
                  20200582    00000001     debug_uart.o (.data._ZN8services12_GLOBAL__N_116g_debugUartReadyE)
                  20200583    00000001     fault.o (.data._ZN8servicesL11g_faultCodeE)

.stack     0    2020ff00    00000100     UNINITIALIZED
                  2020ff00    00000004     libc.a : boot_cortex_m.c.obj (.stack)
                  2020ff04    000000fc     --HOLE--

__llvm_prf_cnts 
*          0    20200000    00000000     UNINITIALIZED

__llvm_prf_bits 
*          0    20200000    00000000     UNINITIALIZED

MODULE SUMMARY

       Module                         code    ro data   rw data
       ------                         ----    -------   -------
    .\
       ti_msp_dl_config.o             1128    52        40     
       startup_mspm0g351x_ticlang.o   6       192       0      
       empty_cpp.o                    82      0         0      
    +--+------------------------------+-------+---------+---------+
       Total:                         1216    244       40     
                                                               
    .\app\
       app_shell.o                    17880   3913      0      
       app_main.o                     102     8         8      
    +--+------------------------------+-------+---------+---------+
       Total:                         17982   3921      8      
                                                               
    .\board\
       board_imu.o                    1368    0         1      
       board_lora.o                   204     24        272    
       board_motor_driver.o           204     24        272    
       board_ina219.o                 356     56        8      
       board_button.o                 248     92        48     
       board_i2c_bus.o                204     100       0      
       board_fram.o                   210     44        8      
       board_buzzer.o                 68      12        8      
       board_led.o                    68      12        8      
       board.o                        38      0         0      
    +--+------------------------------+-------+---------+---------+
       Total:                         2968    364       625    
                                                               
    .\drivers\button\
       button.o                       306     0         0      
    +--+------------------------------+-------+---------+---------+
       Total:                         306     0         0      
                                                               
    .\drivers\buzzer\
       buzzer.o                       174     0         0      
    +--+------------------------------+-------+---------+---------+
       Total:                         174     0         0      
                                                               
    .\drivers\fm24cl64b\
       fm24cl64b.o                    1882    0         0      
    +--+------------------------------+-------+---------+---------+
       Total:                         1882    0         0      
                                                               
    .\drivers\i2c_diag\
       i2c_diag.o                     2152    0         0      
    +--+------------------------------+-------+---------+---------+
       Total:                         2152    0         0      
                                                               
    .\drivers\ina219\
       ina219.o                       2326    0         0      
    +--+------------------------------+-------+---------+---------+
       Total:                         2326    0         0      
                                                               
    .\drivers\led\
       led.o                          174     0         0      
    +--+------------------------------+-------+---------+---------+
       Total:                         174     0         0      
                                                               
    .\drivers\lora\
       lora.o                         908     0         0      
    +--+------------------------------+-------+---------+---------+
       Total:                         908     0         0      
                                                               
    .\drivers\motor_driver\
       motor_driver_uart.o            908     0         0      
    +--+------------------------------+-------+---------+---------+
       Total:                         908     0         0      
                                                               
    .\services\
       shell.o                        1800    111       357    
       scheduler.o                    832     0         240    
       debug_uart.o                   732     0         137    
       time.o                         84      0         4      
       fault.o                        40      0         1      
       log.o                          2       0         0      
    +--+------------------------------+-------+---------+---------+
       Total:                         3490    111       739    
                                                               
    C:/ti/mspm0_sdk_2_10_00_04/source/ti/driverlib/lib/ticlang/m0p/mspm0gx51x/driverlib.a
       dl_i2c.o                       240     0         0      
       dl_spi.o                       142     0         0      
       dl_uart.o                      138     0         0      
       dl_common.o                    10      0         0      
    +--+------------------------------+-------+---------+---------+
       Total:                         530     0         0      
                                                               
    C:\ti\ccs2100\ccs\tools\compiler\ti-cgt-armllvm_5.1.1.LTS\lib\armv6m-ti-none-eabi/c/libc.a
       memcpy16.S.obj                 154     0         0      
       copy_decompress_lzss.c.obj     124     0         0      
       memset16.S.obj                 98      0         0      
       autoinit.c.obj                 60      0         0      
       boot_cortex_m.c.obj            40      0         0      
       copy_zero_init.c.obj           22      0         0      
       copy_decompress_none.c.obj     18      0         0      
       exit.c.obj                     6       0         0      
       pre_init.c.obj                 4       0         0      
    +--+------------------------------+-------+---------+---------+
       Total:                         526     0         0      
                                                               
    C:\ti\ccs2100\ccs\tools\compiler\ti-cgt-armllvm_5.1.1.LTS\lib\armv6m-ti-none-eabi/c/libsysbm.a
       hostexit.c.obj                 4       0         0      
    +--+------------------------------+-------+---------+---------+
       Total:                         4       0         0      
                                                               
    C:\ti\ccs2100\ccs\tools\compiler\ti-cgt-armllvm_5.1.1.LTS\lib\armv6m-ti-none-eabi/libclang_rt.builtins.a
       aeabi_uidivmod.S.obj           64      0         0      
       aeabi_memset.S.obj             26      0         0      
       aeabi_memcpy.S.obj             8       0         0      
       aeabi_div0.c.obj               2       0         0      
    +--+------------------------------+-------+---------+---------+
       Total:                         100     0         0      
                                                               
       Stack:                         0       0         256    
       Linker Generated:              0       45        0      
    +--+------------------------------+-------+---------+---------+
       Grand Total:                   35646   4685      1668   


LINKER GENERATED COPY TABLES

__TI_cinit_table @ 00009da0 records: 2, size/record: 8, table size: 16
	.data: load addr=00009d8c, load size=00000009 bytes, run addr=20200308, run size=0000027c bytes, compression=lzss
	.bss: load addr=00009d98, load size=00000008 bytes, run addr=20200000, run size=00000308 bytes, compression=zero_init


LINKER GENERATED HANDLER TABLE

__TI_handler_table @ 00009d80 records: 3, size/record: 4, table size: 12
	index: 0, handler: __TI_decompress_lzss
	index: 1, handler: __TI_decompress_none
	index: 2, handler: __TI_zero_init


GLOBAL SYMBOLS: SORTED ALPHABETICALLY BY Name 

address   name                                                                                        
-------   ----                                                                                        
000068ab  ADC0_IRQHandler                                                                             
000068ab  ADC1_IRQHandler                                                                             
000068ab  AESADV_IRQHandler                                                                           
00008bfc  C$$EXIT                                                                                     
000068ab  CANFD0_IRQHandler                                                                           
000068ab  CANFD1_IRQHandler                                                                           
000068ab  DAC0_IRQHandler                                                                             
00008bbd  DL_Common_delayCycles                                                                       
00007699  DL_I2C_fillControllerTXFIFO                                                                 
00008121  DL_I2C_flushControllerRXFIFO                                                                
00007e41  DL_I2C_flushControllerTXFIFO                                                                
00008475  DL_I2C_setClockConfig                                                                       
00007bb5  DL_SPI_init                                                                                 
00008585  DL_SPI_receiveDataCheck8                                                                    
000088d1  DL_SPI_setClockConfig                                                                       
000085a1  DL_SPI_transmitDataCheck8                                                                   
00007a95  DL_UART_init                                                                                
000088e3  DL_UART_setClockConfig                                                                      
00008151  DL_UART_transmitDataBlocking                                                                
000068ab  DMA_IRQHandler                                                                              
000068ab  Default_Handler                                                                             
000068ab  GROUP0_IRQHandler                                                                           
000068ab  GROUP1_IRQHandler                                                                           
00008bfd  HOSTexit                                                                                    
000068ab  HardFault_Handler                                                                           
000068ab  I2C0_IRQHandler                                                                             
000068ab  I2C1_IRQHandler                                                                             
000068ab  I2C2_IRQHandler                                                                             
000068ab  LFSS_IRQHandler                                                                             
000068ab  NMI_Handler                                                                                 
000068ab  PendSV_Handler                                                                              
00008c01  Reset_Handler                                                                               
000068ab  SPI0_IRQHandler                                                                             
000068ab  SPI1_IRQHandler                                                                             
000068ab  SPI2_IRQHandler                                                                             
000068ab  SVC_Handler                                                                                 
00006ca9  SYSCFG_DL_DEBUG_UART_init                                                                   
00007805  SYSCFG_DL_FRAM_I2C_init                                                                     
00005b41  SYSCFG_DL_GPIO_init                                                                         
00007a49  SYSCFG_DL_IMU_SPI_init                                                                      
00007859  SYSCFG_DL_INA219_I2C_init                                                                   
00006d31  SYSCFG_DL_LORA_UART_init                                                                    
00006db9  SYSCFG_DL_MOTOR_UART_init                                                                   
00008181  SYSCFG_DL_SYSCTL_init                                                                       
00008085  SYSCFG_DL_init                                                                              
00007045  SYSCFG_DL_initPower                                                                         
00008909  SysTick_Handler                                                                             
000068ab  TIMA0_IRQHandler                                                                            
000068ab  TIMA1_IRQHandler                                                                            
000068ab  TIMG0_IRQHandler                                                                            
000068ab  TIMG12_IRQHandler                                                                           
000068ab  TIMG14_IRQHandler                                                                           
000068ab  TIMG6_IRQHandler                                                                            
000068ab  TIMG7_IRQHandler                                                                            
000068ab  TIMG8_IRQHandler                                                                            
000068ab  TIMG9_IRQHandler                                                                            
00008919  UART0_IRQHandler                                                                            
00008929  UART1_IRQHandler                                                                            
000068ab  UART3_IRQHandler                                                                            
000068ab  UART4_IRQHandler                                                                            
000072a9  UART5_IRQHandler                                                                            
000068ab  UART6_IRQHandler                                                                            
000068ab  UART7_IRQHandler                                                                            
000056f5  _ZN3app25AppShell_RegisterCommandsEv                                                        
000085bd  _ZN3app7App_RunEv                                                                           
000080b9  _ZN3app8App_InitEv                                                                          
000084c1  _ZN5board10Board_InitEv                                                                     
00008529  _ZN5board13Board_ImuInitEv                                                                  
00008949  _ZN5board14Board_BuzzerOnEv                                                                 
000087b9  _ZN5board14Board_FramInitEv                                                                 
000087cd  _ZN5board14Board_FramReadEtPht                                                              
00006afb  _ZN5board14Board_LateInitEv                                                                 
000083fd  _ZN5board14Board_LoraInitEv                                                                 
00008959  _ZN5board15Board_BuzzerOffEv                                                                
000086d5  _ZN5board15Board_I2cBusGetEj                                                                
000087e1  _ZN5board15Board_LoraWriteEPKht                                                             
000087f5  _ZN5board16Board_BuzzerInitEv                                                               
00006429  _ZN5board16Board_I2cBusFindEPKc                                                             
00008b69  _ZN5board16Board_ImuIsReadyEv                                                               
000079a9  _ZN5board16Board_Ina219InitEv                                                               
00007eb9  _ZN5board17Board_ButtonsInitEv                                                              
00008969  _ZN5board17Board_FramIsReadyEv                                                              
00008c05  _ZN5board17Board_I2cBusCountEv                                                              
00008979  _ZN5board17Board_Ina219ResetEv                                                              
00008989  _ZN5board17Board_LoraIsReadyEv                                                              
00008999  _ZN5board17Board_StatusLedOnEv                                                              
00008809  _ZN5board18Board_FramReadByteEtPh                                                           
0000881d  _ZN5board18Board_FramSelfTestEv                                                             
000089a9  _ZN5board18Board_LoraReadByteEPh                                                            
000089b9  _ZN5board18Board_StatusLedOffEv                                                             
000086ed  _ZN5board19Board_ButtonGetNameENS_13BoardButtonIdE                                          
000085d9  _ZN5board19Board_ButtonReadRawENS_13BoardButtonIdEPb                                        
000080ed  _ZN5board19Board_ButtonsUpdateEj                                                            
000089c9  _ZN5board19Board_BuzzerIsReadyEv                                                            
00008831  _ZN5board19Board_FramWriteByteEth                                                           
000089d9  _ZN5board19Board_Ina219IsReadyEv                                                            
000089e9  _ZN5board19Board_LoraWriteByteEh                                                            
00008845  _ZN5board19Board_StatusLedInitEv                                                            
000089f9  _ZN5board20Board_FramRecoverBusEv                                                           
000085f5  _ZN5board21Board_ButtonIsPressedENS_13BoardButtonIdE                                        
00008a09  _ZN5board21Board_LoraGetBaudrateEv                                                          
00008425  _ZN5board21Board_MotorDriverInitEv                                                          
00008611  _ZN5board22Board_ButtonWasPressedENS_13BoardButtonIdE                                       
00007add  _ZN5board22Board_FramGetBusStatusEPjPbS1_                                                   
[...]
00007045  SYSCFG_DL_initPower                                                                         
000070c1  _ZN7drivers19LoraUart_IrqHandlerEPNS_15LoraUartContextE                                     
0000713d  _ZN7drivers26MotorDriverUart_IrqHandlerEPNS_22MotorDriverUartContextE                       
000071b9  __TI_decompress_lzss                                                                        
00007235  _ZN7drivers22Ina219_ReadMeasurementEPNS_13Ina219ContextEPNS_17Ina219MeasurementE            
000072a9  UART5_IRQHandler                                                                            
00007315  _ZN8services21DebugUart_WriteStringEPKc                                                     
0000744d  _ZN5board22Board_ImuGetLineStatusEPNS_18BoardImuLineStatusE                                 
000074b1  _ZN7drivers14Fm24cl64b_InitEPNS_16Fm24cl64bContextEPKNS_15Fm24cl64bConfigE                  
00007515  memset                                                                                      
00007577  _ZN8services8Log_InitEv                                                                     
000075d9  _ZN7drivers22LoraUart_ClearRxBufferEPNS_15LoraUartContextE                                  
00007639  _ZN7drivers29MotorDriverUart_ClearRxBufferEPNS_22MotorDriverUartContextE                    
00007699  DL_I2C_fillControllerTXFIFO                                                                 
000076f7  _ZN7drivers13Button_UpdateEPNS_13ButtonContextEj                                            
00007755  _ZN7drivers17Ina219_SetAddressEPNS_13Ina219ContextEh                                        
000077ad  _ZN7drivers20I2cDiag_GetBusStatusEPKNS_16I2cDiagBusConfigEPNS_16I2cDiagBusStatusE           
00007805  SYSCFG_DL_FRAM_I2C_init                                                                     
00007859  SYSCFG_DL_INA219_I2C_init                                                                   
00007901  _ZN8services14DebugUart_InitEv                                                              
00007955  main                                                                                        
000079a7  __aeabi_idiv0                                                                               
000079a9  _ZN5board16Board_Ina219InitEv                                                               
000079f9  _ZN5board27Board_ImuSetChipSelectDebugEbbbb                                                 
00007a49  SYSCFG_DL_IMU_SPI_init                                                                      
00007a95  DL_UART_init                                                                                
00007add  _ZN5board22Board_FramGetBusStatusEPjPbS1_                                                   
00007b25  _ZN5board24Board_Ina219GetBusStatusEPjPbS1_                                                 
00007b6d  _ZN8services18DebugUart_ReadByteEPh                                                         
00007bb5  DL_SPI_init                                                                                 
00007bf9  _ZN7drivers19Ina219_GetBusStatusEPNS_13Ina219ContextEPNS_15Ina219BusStatusE                 
00007c3d  _ZN7drivers22Fm24cl64b_GetBusStatusEPNS_16Fm24cl64bContextEPNS_18Fm24cl64bBusStatusE        
00007d41  _ZN7drivers17LoraUart_ReadByteEPNS_15LoraUartContextEPh                                     
00007d81  _ZN7drivers24MotorDriverUart_ReadByteEPNS_22MotorDriverUartContextEPh                       
00007dc1  __aeabi_uidiv                                                                               
00007dc1  __aeabi_uidivmod                                                                            
00007e01  _ZN7drivers11Button_InitEPNS_13ButtonContextEPKNS_12ButtonConfigE                           
00007e41  DL_I2C_flushControllerTXFIFO                                                                
00007eb9  _ZN5board17Board_ButtonsInitEv                                                              
00007ef5  _ZN7drivers23Ina219_ConfigureDefaultEPNS_13Ina219ContextE                                   
00007f31  __TI_auto_init_nobinit_nopinit                                                              
00007f6d  _ZN7drivers11Buzzer_InitEPNS_13BuzzerContextEPKNS_12BuzzerConfigE                           
00007fa5  _ZN7drivers14Button_ReadRawEPNS_13ButtonContextEPb                                          
00007fdd  _ZN7drivers19Ina219_ProbeAddressEPNS_13Ina219ContextEhPt                                    
00008015  _ZN7drivers8Led_InitEPNS_10LedContextEPKNS_9LedConfigE                                      
0000804d  _ZN8services9Time_InitEv                                                                    
00008085  SYSCFG_DL_init                                                                              
000080b9  _ZN3app8App_InitEv                                                                          
000080ed  _ZN5board19Board_ButtonsUpdateEj                                                            
00008121  DL_I2C_flushControllerRXFIFO                                                                
00008151  DL_UART_transmitDataBlocking                                                                
00008181  SYSCFG_DL_SYSCTL_init                                                                       
000081e1  _ZN7drivers10Buzzer_OffEPNS_13BuzzerContextE                                                
00008211  _ZN7drivers6Led_OnEPNS_10LedContextE                                                        
00008241  _ZN7drivers7Led_OffEPNS_10LedContextE                                                       
00008271  _ZN7drivers9Buzzer_OnEPNS_13BuzzerContextE                                                  
000082a1  _ZN7drivers19Ina219_ReadRegisterEPNS_13Ina219ContextEhPt                                    
000082cf  _ZN7drivers20Ina219_WriteRegisterEPNS_13Ina219ContextEht                                    
000082fd  _ZN7drivers28LoraUart_GetControllerStatusEPKNS_15LoraUartContextEPj                         
00008329  _ZN7drivers35MotorDriverUart_GetControllerStatusEPKNS_22MotorDriverUartContextEPj           
00008355  _ZN7drivers12Ina219_ResetEPNS_13Ina219ContextE                                              
0000837f  _ZN7drivers23LoraUart_GetRxAvailableEPKNS_15LoraUartContextE                                
000083a9  _ZN7drivers30MotorDriverUart_GetRxAvailableEPKNS_22MotorDriverUartContextE                  
000083fd  _ZN5board14Board_LoraInitEv                                                                 
00008425  _ZN5board21Board_MotorDriverInitEv                                                          
0000844d  _c_int00_noargs                                                                             
00008475  DL_I2C_setClockConfig                                                                       
000084c1  _ZN5board10Board_InitEv                                                                     
000084e5  _ZN7drivers17Button_WasPressedEPNS_13ButtonContextE                                         
00008507  _ZN7drivers18Button_WasReleasedEPNS_13ButtonContextE                                        
00008529  _ZN5board13Board_ImuInitEv                                                                  
00008549  _ZN7drivers17Ina219_GetAddressEPKNS_13Ina219ContextE                                        
00008567  _ZN7drivers21Ina219_GetCalibrationEPKNS_13Ina219ContextE                                    
00008585  DL_SPI_receiveDataCheck8                                                                    
000085a1  DL_SPI_transmitDataCheck8                                                                   
000085bd  _ZN3app7App_RunEv                                                                           
000085d9  _ZN5board19Board_ButtonReadRawENS_13BoardButtonIdEPb                                        
000085f5  _ZN5board21Board_ButtonIsPressedENS_13BoardButtonIdE                                        
00008611  _ZN5board22Board_ButtonWasPressedENS_13BoardButtonIdE                                       
0000862d  _ZN5board23Board_ButtonWasReleasedENS_13BoardButtonIdE                                      
00008649  _ZN7drivers14Ina219_IsReadyEPKNS_13Ina219ContextE                                           
00008665  _ZN7drivers17Fm24cl64b_IsReadyEPKNS_16Fm24cl64bContextE                                     
00008681  _ZN8services19DebugUart_WriteCharEc                                                         
0000869d  _ZN7drivers16Button_IsPressedEPKNS_13ButtonContextE                                         
000086b9  __aeabi_memset                                                                              
000086b9  __aeabi_memset4                                                                             
000086b9  __aeabi_memset8                                                                             
000086c7  __aeabi_memclr                                                                              
000086c7  __aeabi_memclr4                                                                             
000086c7  __aeabi_memclr8                                                                             
000086d5  _ZN5board15Board_I2cBusGetEj                                                                
000086ed  _ZN5board19Board_ButtonGetNameENS_13BoardButtonIdE                                          
00008705  _ZN7drivers20LoraUart_GetBaudrateEPKNS_15LoraUartContextE                                   
0000871d  _ZN7drivers27MotorDriverUart_GetBaudrateEPKNS_22MotorDriverUartContextE                     
0000874b  _ZN7drivers11Led_IsReadyEPKNS_10LedContextE                                                 
00008761  _ZN7drivers14Buzzer_IsReadyEPKNS_13BuzzerContextE                                           
00008777  _ZN7drivers16LoraUart_IsReadyEPKNS_15LoraUartContextE                                       
0000878d  _ZN7drivers23MotorDriverUart_IsReadyEPKNS_22MotorDriverUartContextE                         
000087a3  __TI_zero_init_nomemset                                                                     
000087b9  _ZN5board14Board_FramInitEv                                                                 
000087cd  _ZN5board14Board_FramReadEtPht                                                              
000087e1  _ZN5board15Board_LoraWriteEPKht                                                             
000087f5  _ZN5board16Board_BuzzerInitEv                                                               
00008809  _ZN5board18Board_FramReadByteEtPh                                                           
0000881d  _ZN5board18Board_FramSelfTestEv                                                             
00008831  _ZN5board19Board_FramWriteByteEth                                                           
00008845  _ZN5board19Board_StatusLedInitEv                                                            
00008859  _ZN5board22Board_MotorDriverWriteEPKht                                                      
0000886d  _ZN5board24Board_Ina219ProbeAddressEhPt                                                     
00008881  _ZN5board24Board_Ina219ReadRegisterEhPt                                                     
00008895  _ZN5board25Board_Ina219WriteRegisterEht                                                     
000088a9  _ZN7drivers19Fm24cl64b_WriteByteEPNS_16Fm24cl64bContextEth                                  
000088bd  _ZN8services15Shell_WriteLineEPKc                                                           
000088d1  DL_SPI_setClockConfig                                                                       
000088e3  DL_UART_setClockConfig                                                                      
000088f5  __TI_decompress_none                                                                        
00008909  SysTick_Handler                                                                             
00008919  UART0_IRQHandler                                                                            
00008929  UART1_IRQHandler                                                                            
00008949  _ZN5board14Board_BuzzerOnEv                                                                 
00008959  _ZN5board15Board_BuzzerOffEv                                                                
00008969  _ZN5board17Board_FramIsReadyEv                                                              
00008979  _ZN5board17Board_Ina219ResetEv                                                              
00008989  _ZN5board17Board_LoraIsReadyEv                                                              
00008999  _ZN5board17Board_StatusLedOnEv                                                              
000089a9  _ZN5board18Board_LoraReadByteEPh                                                            
000089b9  _ZN5board18Board_StatusLedOffEv                                                             
000089c9  _ZN5board19Board_BuzzerIsReadyEv                                                            
000089d9  _ZN5board19Board_Ina219IsReadyEv                                                            
000089e9  _ZN5board19Board_LoraWriteByteEh                                                            
000089f9  _ZN5board20Board_FramRecoverBusEv                                                           
00008a09  _ZN5board21Board_LoraGetBaudrateEv                                                          
00008a19  _ZN5board22Board_Ina219GetAddressEv                                                         
00008a29  _ZN5board22Board_Ina219RecoverBusEv                                                         
00008a39  _ZN5board22Board_Ina219SetAddressEh                                                         
00008a49  _ZN5board22Board_StatusLedIsReadyEv                                                         
00008a59  _ZN5board23Board_Ina219CalibrationEv                                                        
00008a69  _ZN5board23Board_LoraClearRxBufferEv                                                        
00008a79  _ZN5board24Board_LoraGetRxAvailableEv                                                       
00008a89  _ZN5board24Board_MotorDriverIsReadyEv                                                       
00008a99  _ZN5board25Board_MotorDriverReadByteEPh                                                     
00008aa9  _ZN5board26Board_MotorDriverWriteByteEh                                                     
00008ab9  _ZN5board27Board_Ina219ReadMeasurementEPN7drivers17Ina219MeasurementE                       
00008ac9  _ZN5board27Board_LoraGetRxDroppedCountEv                                                    
00008ad9  _ZN5board28Board_Ina219ConfigureDefaultEv                                                   
00008ae9  _ZN5board28Board_Ina219ReadRawRegistersEPN7drivers18Ina219RawRegistersE                     
00008af9  _ZN5board28Board_MotorDriverGetBaudrateEv                                                   
00008b09  _ZN5board29Board_LoraGetControllerStatusEPj                                                 
00008b19  _ZN5board30Board_MotorDriverClearRxBufferEv                                                 
00008b29  _ZN5board31Board_MotorDriverGetRxAvailableEv                                                
00008b39  _ZN5board34Board_MotorDriverGetRxDroppedCountEv                                             
00008b49  _ZN5board36Board_MotorDriverGetControllerStatusEPj                                          
00008b59  _ZN8services9Fault_SetENS_9FaultCodeE                                                       
00008b69  _ZN5board16Board_ImuIsReadyEv                                                               
00008b75  _ZN7drivers26LoraUart_GetRxDroppedCountEPKNS_15LoraUartContextE                             
00008b81  _ZN7drivers33MotorDriverUart_GetRxDroppedCountEPKNS_22MotorDriverUartContextE               
00008b8d  _ZN8services10Fault_InitEv                                                                  
00008b99  _ZN8services11Time_MillisEv                                                                 
00008ba5  _ZN8services17DebugUart_IsReadyEv                                                           
00008bb1  _ZN8services9Fault_GetEv                                                                    
00008bbd  DL_Common_delayCycles                                                                       
00008bc7  _ZN7drivers18Fm24cl64b_ReadByteEPNS_16Fm24cl64bContextEtPh                                  
00008bd1  _ZN8services15Shell_WriteCharEc                                                             
00008bd9  _ZN8services17Shell_WriteStringEPKc                                                         
00008be1  _ZN8services17Shell_WriteUInt32Ej                                                           
00008be9  __aeabi_memcpy                                                                              
00008be9  __aeabi_memcpy4                                                                             
00008be9  __aeabi_memcpy8                                                                             
00008bf1  _ZN5board23Board_FramCapacityBytesEv                                                        
00008bf7  abort                                                                                       
00008bfc  C$$EXIT                                                                                     
00008bfd  HOSTexit                                                                                    
00008c01  Reset_Handler                                                                               
00008c05  _ZN5board17Board_I2cBusCountEv                                                              
00008c09  _system_pre_init                                                                            
00009d80  __TI_Handler_Table_Base                                                                     
00009d8c  __TI_Handler_Table_Limit                                                                    
00009da0  __TI_CINIT_Base                                                                             
00009db0  __TI_CINIT_Limit                                                                            
00009db0  __TI_CINIT_Warm                                                                             
20200000  __start___llvm_prf_bits                                                                     
20200000  __start___llvm_prf_cnts                                                                     
20200000  __stop___llvm_prf_bits                                                                      
20200000  __stop___llvm_prf_cnts                                                                      
202002e0  gIMU_SPIBackup                                                                              
2020ff00  __stack                                                                                     
20210000  __STACK_END                                                                                 
ffffffff  __TI_pprof_out_hndl                                                                         
ffffffff  __TI_prof_data_size                                                                         
ffffffff  __TI_prof_data_start                                                                        
ffffffff  __binit__                                                                                   
ffffffff  binit                                                                                       
UNDEFED   __mpu_init                                                                                  
UNDEFED   _system_post_cinit                                                                          

[275 symbols]
