******************************************************************************
            TI ARM Clang Linker PC v5.1.1                      
******************************************************************************
>> Linked Sun Jul  5 03:04:08 2026

OUTPUT FILE NAME:   <gugaPI.out>
ENTRY POINT SYMBOL: "_c_int00_noargs"  address: 000087e1


MEMORY CONFIGURATION

         name            origin    length      used     unused   attr    fill
----------------------  --------  ---------  --------  --------  ----  --------
  FLASH                 00000000   00080000  0000a170  00075e90  R  X
  SRAM_BANK0            20200000   00010000  00000684  0000f97c  RW X
  SRAM_BANK1            20210000   00010000  00000000  00010000  RW X
  BCR_CONFIG            41c00000   000000ff  00000000  000000ff  R   
  BSL_CONFIG            41c00100   00000080  00000000  00000080  R   
  DATA                  41d00000   00004000  00000000  00004000  R   


SEGMENT ALLOCATION MAP

run origin  load origin   length   init length attrs members
----------  ----------- ---------- ----------- ----- -------
00000000    00000000    0000a170   0000a170    r-x
  00000000    00000000    000000c0   000000c0    r-- .intvecs
  000000c0    000000c0    00008ee0   00008ee0    r-x .text
  00008fa0    00008fa0    000011a0   000011a0    r-- .rodata
  0000a140    0000a140    00000030   00000030    r-- .cinit
20200000    20200000    00000584   00000000    rw-
  20200000    20200000    00000308   00000000    rw- .bss
  20200308    20200308    0000027c   00000000    rw- .data
2020ff00    2020ff00    00000100   00000000    rw-
  2020ff00    2020ff00    00000100   00000000    rw- .stack


SECTION ALLOCATION MAP

 output                                  attributes/
section   page    origin      length       input sections
--------  ----  ----------  ----------   ----------------
.intvecs   0    00000000    000000c0     
                  00000000    000000c0     startup_mspm0g351x_ticlang.o (.intvecs)

.text      0    000000c0    00008ee0     
                  000000c0    00000f1c     app_shell.o (.text._ZN3app12_GLOBAL__N_112MotorCommandEiPKPKc)
                  00000fdc    000008c0     app_shell.o (.text._ZN3app12_GLOBAL__N_113Ina219CommandEiPKPKc)
                  0000189c    00000880     app_shell.o (.text._ZN3app12_GLOBAL__N_111LoraCommandEiPKPKc)
                  0000211c    00000758     app_shell.o (.text._ZN3app12_GLOBAL__N_110ImuCommandEiPKPKc)
                  00002874    00000724     app_shell.o (.text._ZN3app12_GLOBAL__N_110I2cCommandEiPKPKc)
                  00002f98    00000474     shell.o (.text._ZN8services12_GLOBAL__N_113HandleLineEndEv)
                  0000340c    00000430     app_shell.o (.text._ZN3app12_GLOBAL__N_111FramCommandEiPKPKc)
                  0000383c    0000032c     app_shell.o (.text._ZN3app12_GLOBAL__N_112MotorRequestEhhPKhhPNS0_18MotorProtocolFrameE)
                  00003b68    000002cc     board_imu.o (.text._ZN5board12_GLOBAL__N_123ReadRegisterWithCommandEhPh)
                  00003e34    00000284     board_imu.o (.text._ZN5board22Board_ImuWiggleSpiPinsEj)
                  000040b8    00000238     i2c_diag.o (.text._ZN7drivers16I2cDiag_ReadReg8EPKNS_16I2cDiagBusConfigEhhPht)
                  000042f0    00000230     app_shell.o (.text._ZN3app12_GLOBAL__N_113ButtonCommandEiPKPKc)
                  00004520    00000224     fm24cl64b.o (.text._ZN7drivers14Fm24cl64b_ReadEPNS_16Fm24cl64bContextEtPht)
                  00004744    000001e0     ina219.o (.text._ZN7drivers17Ina219_RecoverBusEPNS_13Ina219ContextE)
                  00004924    000001e0     fm24cl64b.o (.text._ZN7drivers20Fm24cl64b_RecoverBusEPNS_16Fm24cl64bContextE)
                  00004b04    000001d0     fm24cl64b.o (.text._ZN7drivers15Fm24cl64b_WriteEPNS_16Fm24cl64bContextEtPKht)
                  00004cd4    000001d0     i2c_diag.o (.text._ZN7drivers18I2cDiag_RecoverBusEPKNS_16I2cDiagBusConfigE)
                  00004ea4    000001c8     i2c_diag.o (.text._ZN7drivers17I2cDiag_WriteReg8EPKNS_16I2cDiagBusConfigEhhPKht)
                  0000506c    000001b0     scheduler.o (.text._ZN8services13Scheduler_RunEv)
                  0000521c    000001a4     ina219.o (.text._ZN7drivers12_GLOBAL__N_120ReadRegisterInternalEPNS_13Ina219ContextEhPt)
                  000053c0    00000188     i2c_diag.o (.text._ZN7drivers20I2cDiag_ProbeAddressEPKNS_16I2cDiagBusConfigEh)
                  00005548    00000170     app_shell.o (.text._ZN3app12_GLOBAL__N_113ParseI2cRangeEiPKPKchPhS5_)
                  000056b8    00000148     app_shell.o (.text._ZN3app12_GLOBAL__N_114PrintI2cStatusEPKN7drivers16I2cDiagBusConfigE)
                  00005800    00000140     debug_uart.o (.text._ZN8services21DebugUart_WriteUInt32Ej)
                  00005940    0000013c     app_shell.o (.text._ZN3app12_GLOBAL__N_110I2cScanBusEPKN7drivers16I2cDiagBusConfigEhhb)
                  00005a7c    00000124     app_shell.o (.text._ZN3app25AppShell_RegisterCommandsEv)
                  00005ba0    00000120     ina219.o (.text._ZN7drivers12_GLOBAL__N_121WriteRegisterInternalEPNS_13Ina219ContextEht)
                  00005cc0    00000108     app_shell.o (.text._ZN3app12_GLOBAL__N_119PrintMotorFrameDataEPKcRKNS0_18MotorProtocolFrameE)
                  00005dc8    00000100     shell.o (.text._ZN8services10Shell_InitEv)
                  00005ec8    000000fc     ti_msp_dl_config.o (.text.SYSCFG_DL_GPIO_init)
                  00005fc4    000000e0     app_shell.o (.text._ZN3app12_GLOBAL__N_110LedCommandEiPKPKc)
                  000060a4    000000e0     app_shell.o (.text._ZN3app12_GLOBAL__N_113BuzzerCommandEiPKPKc)
                  00006184    000000e0     scheduler.o (.text._ZN8services17Scheduler_AddTaskEPKcPFvvEjjPh)
                  00006264    000000d4     shell.o (.text._ZN8services21Shell_RegisterCommandEPKcS1_PFviPKS1_E)
                  00006338    000000c8     ina219.o (.text._ZN7drivers11Ina219_InitEPNS_13Ina219ContextEPKNS_12Ina219ConfigE)
                  00006400    000000c8     lora.o (.text._ZN7drivers14LoraUart_WriteEPNS_15LoraUartContextEPKht)
                  000064c8    000000c8     motor_driver_uart.o (.text._ZN7drivers21MotorDriverUart_WriteEPNS_22MotorDriverUartContextEPKht)
                  00006590    000000b8     ina219.o (.text._ZN7drivers12_GLOBAL__N_113ReleaseI2cBusEPKNS_12Ina219ConfigE)
                  00006648    000000b8     i2c_diag.o (.text._ZN7drivers12_GLOBAL__N_113ReleaseI2cBusEPKNS_16I2cDiagBusConfigE)
                  00006700    000000b0     app_shell.o (.text._ZN3app12_GLOBAL__N_110WriteHex32Ej)
                  000067b0    000000b0     board_i2c_bus.o (.text._ZN5board16Board_I2cBusFindEPKc)
                  00006860    000000b0     scheduler.o (.text._ZN8services14Scheduler_InitEv)
                  00006910    000000ac     app_shell.o (.text._ZN3app12_GLOBAL__N_110PwmCommandEiPKPKc)
                  000069bc    000000a4     fm24cl64b.o (.text._ZN7drivers18Fm24cl64b_SelfTestEPNS_16Fm24cl64bContextEt)
                  00006a60    0000009c     app_shell.o (.text._ZN3app12_GLOBAL__N_111ParseUint32EPKcjPj)
                  00006afc    0000009c     app_shell.o (.text._ZN3app12_GLOBAL__N_115PrintMotorUsageEv)
                  00006b98    0000009a     libc.a : memcpy16.S.obj (.text:memcpy)
                  00006c32    00000002     startup_mspm0g351x_ticlang.o (.text.Default_Handler)
                  00006c34    00000094     lora.o (.text._ZN7drivers18LoraUart_WriteByteEPNS_15LoraUartContextEh)
                  00006cc8    00000094     motor_driver_uart.o (.text._ZN7drivers25MotorDriverUart_WriteByteEPNS_22MotorDriverUartContextEh)
                  00006d5c    00000094     shell.o (.text._ZN8services13Shell_ProcessEv)
                  00006df0    00000092     ina219.o (.text._ZN7drivers23Ina219_ReadRawRegistersEPNS_13Ina219ContextEPNS_18Ina219RawRegistersE)
                  00006e82    00000002     board.o (.text._ZN5board14Board_LateInitEv)
                  00006e84    00000090     board_imu.o (.text._ZN5board23Board_Lis3mdlReadWhoAmIEPh)
                  00006f14    00000090     board_imu.o (.text._ZN5board25Board_Lis3mdlReadRegisterEhPh)
                  00006fa4    0000008c     board_imu.o (.text._ZN5board26Board_Icm45686ReadRegisterEhPh)
                  00007030    00000088     ti_msp_dl_config.o (.text.SYSCFG_DL_DEBUG_UART_init)
                  000070b8    00000088     ti_msp_dl_config.o (.text.SYSCFG_DL_LORA_UART_init)
                  00007140    00000088     ti_msp_dl_config.o (.text.SYSCFG_DL_MOTOR_UART_init)
                  000071c8    00000084     lora.o (.text._ZN7drivers13LoraUart_InitEPNS_15LoraUartContextEPKNS_14LoraUartConfigE)
                  0000724c    00000084     motor_driver_uart.o (.text._ZN7drivers20MotorDriverUart_InitEPNS_22MotorDriverUartContextEPKNS_21MotorDriverUartConfigE)
                  000072d0    0000007e     app_shell.o (.text._ZN3app12_GLOBAL__N_113LoraWriteArgsEiPKPKcbPt)
                  0000734e    0000007e     app_shell.o (.text._ZN3app12_GLOBAL__N_114MotorWriteArgsEiPKPKcbPt)
                  000073cc    0000007c     ti_msp_dl_config.o (.text.SYSCFG_DL_initPower)
                  00007448    0000007c     lora.o (.text._ZN7drivers19LoraUart_IrqHandlerEPNS_15LoraUartContextE)
                  000074c4    0000007c     motor_driver_uart.o (.text._ZN7drivers26MotorDriverUart_IrqHandlerEPNS_22MotorDriverUartContextE)
                  00007540    0000007c     libc.a : copy_decompress_lzss.c.obj (.text:decompress:lzss)
                  000075bc    00000074     ina219.o (.text._ZN7drivers22Ina219_ReadMeasurementEPNS_13Ina219ContextEPNS_17Ina219MeasurementE)
                  00007630    0000006c     debug_uart.o (.text.UART5_IRQHandler)
                  0000769c    0000006c     debug_uart.o (.text._ZN8services21DebugUart_WriteStringEPKc)
                  00007708    00000068     app_shell.o (.text._ZN3app12_GLOBAL__N_116PrintIna219UsageEv)
                  00007770    00000064     app_shell.o (.text._ZN3app12_GLOBAL__N_110WriteHex16Et)
                  000077d4    00000064     board_imu.o (.text._ZN5board22Board_ImuGetLineStatusEPNS_18BoardImuLineStatusE)
                  00007838    00000064     fm24cl64b.o (.text._ZN7drivers14Fm24cl64b_InitEPNS_16Fm24cl64bContextEPKNS_15Fm24cl64bConfigE)
                  0000789c    00000062     libc.a : memset16.S.obj (.text:memset)
                  000078fe    00000002     log.o (.text._ZN8services8Log_InitEv)
                  00007900    00000060     app_shell.o (.text._ZN3app12_GLOBAL__N_113PrintI2cUsageEv)
                  00007960    00000060     lora.o (.text._ZN7drivers22LoraUart_ClearRxBufferEPNS_15LoraUartContextE)
                  000079c0    00000060     motor_driver_uart.o (.text._ZN7drivers29MotorDriverUart_ClearRxBufferEPNS_22MotorDriverUartContextE)
                  00007a20    0000005e     driverlib.a : dl_i2c.o (.text.DL_I2C_fillControllerTXFIFO)
                  00007a7e    0000005e     button.o (.text._ZN7drivers13Button_UpdateEPNS_13ButtonContextEj)
                  00007adc    00000058     ina219.o (.text._ZN7drivers17Ina219_SetAddressEPNS_13Ina219ContextEh)
                  00007b34    00000058     i2c_diag.o (.text._ZN7drivers20I2cDiag_GetBusStatusEPKNS_16I2cDiagBusConfigEPNS_16I2cDiagBusStatusE)
                  00007b8c    00000054     ti_msp_dl_config.o (.text.SYSCFG_DL_FRAM_I2C_init)
                  00007be0    00000054     ti_msp_dl_config.o (.text.SYSCFG_DL_INA219_I2C_init)
                  00007c34    00000054     app_shell.o (.text._ZN3app12_GLOBAL__N_114PrintLoraUsageEv)
                  00007c88    00000054     debug_uart.o (.text._ZN8services14DebugUart_InitEv)
                  00007cdc    00000052     empty_cpp.o (.text.main)
                  00007d2e    00000002     libclang_rt.builtins.a : aeabi_div0.c.obj (.text.__aeabi_idiv0)
                  00007d30    00000050     board_ina219.o (.text._ZN5board16Board_Ina219InitEv)
                  00007d80    00000050     board_imu.o (.text._ZN5board27Board_ImuSetChipSelectDebugEbbbb)
                  00007dd0    0000004c     ti_msp_dl_config.o (.text.SYSCFG_DL_IMU_SPI_init)
                  00007e1c    0000004c     app_shell.o (.text._ZN3app12_GLOBAL__N_113PrintImuUsageEv)
                  00007e68    00000048     driverlib.a : dl_uart.o (.text.DL_UART_init)
                  00007eb0    00000048     board_fram.o (.text._ZN5board22Board_FramGetBusStatusEPjPbS1_)
                  00007ef8    00000048     board_ina219.o (.text._ZN5board24Board_Ina219GetBusStatusEPjPbS1_)
                  00007f40    00000048     debug_uart.o (.text._ZN8services18DebugUart_ReadByteEPh)
                  00007f88    00000044     driverlib.a : dl_spi.o (.text.DL_SPI_init)
                  00007fcc    00000044     ina219.o (.text._ZN7drivers19Ina219_GetBusStatusEPNS_13Ina219ContextEPNS_15Ina219BusStatusE)
                  00008010    00000044     fm24cl64b.o (.text._ZN7drivers22Fm24cl64b_GetBusStatusEPNS_16Fm24cl64bContextEPNS_18Fm24cl64bBusStatusE)
                  00008054    00000040     app_shell.o (.text._ZN3app12_GLOBAL__N_114PrintFramUsageEv)
                  00008094    00000040     app_shell.o (.text._ZN3app12_GLOBAL__N_114VersionCommandEiPKPKc)
                  000080d4    00000040     lora.o (.text._ZN7drivers17LoraUart_ReadByteEPNS_15LoraUartContextEPh)
                  00008114    00000040     motor_driver_uart.o (.text._ZN7drivers24MotorDriverUart_ReadByteEPNS_22MotorDriverUartContextEPh)
                  00008154    00000040     libclang_rt.builtins.a : aeabi_uidivmod.S.obj (.text)
                  00008194    0000003e     button.o (.text._ZN7drivers11Button_InitEPNS_13ButtonContextEPKNS_12ButtonConfigE)
                  000081d2    00000002     --HOLE-- [fill = 0]
                  000081d4    0000003c     driverlib.a : dl_i2c.o (.text.DL_I2C_flushControllerTXFIFO)
                  00008210    0000003c     app_shell.o (.text._ZN3app12_GLOBAL__N_19WriteHex8Eh)
                  0000824c    0000003c     board_button.o (.text._ZN5board17Board_ButtonsInitEv)
                  00008288    0000003c     ina219.o (.text._ZN7drivers23Ina219_ConfigureDefaultEPNS_13Ina219ContextE)
                  000082c4    0000003c     libc.a : autoinit.c.obj (.text:__TI_auto_init_nobinit_nopinit)
                  00008300    00000038     buzzer.o (.text._ZN7drivers11Buzzer_InitEPNS_13BuzzerContextEPKNS_12BuzzerConfigE)
                  00008338    00000038     button.o (.text._ZN7drivers14Button_ReadRawEPNS_13ButtonContextEPb)
                  00008370    00000038     ina219.o (.text._ZN7drivers19Ina219_ProbeAddressEPNS_13Ina219ContextEhPt)
                  000083a8    00000038     led.o (.text._ZN7drivers8Led_InitEPNS_10LedContextEPKNS_9LedConfigE)
                  000083e0    00000038     time.o (.text._ZN8services9Time_InitEv)
                  00008418    00000034     ti_msp_dl_config.o (.text.SYSCFG_DL_init)
                  0000844c    00000034     app_main.o (.text._ZN3app8App_InitEv)
                  00008480    00000034     board_button.o (.text._ZN5board19Board_ButtonsUpdateEj)
                  000084b4    00000030     driverlib.a : dl_i2c.o (.text.DL_I2C_flushControllerRXFIFO)
                  000084e4    00000030                 : dl_uart.o (.text.DL_UART_transmitDataBlocking)
                  00008514    00000030     ti_msp_dl_config.o (.text.SYSCFG_DL_SYSCTL_init)
                  00008544    00000030     app_shell.o (.text._ZN3app12_GLOBAL__N_115WriteStatusLineEPKcN7drivers12DriverStatusE)
                  00008574    00000030     buzzer.o (.text._ZN7drivers10Buzzer_OffEPNS_13BuzzerContextE)
                  000085a4    00000030     led.o (.text._ZN7drivers6Led_OnEPNS_10LedContextE)
                  000085d4    00000030     led.o (.text._ZN7drivers7Led_OffEPNS_10LedContextE)
                  00008604    00000030     buzzer.o (.text._ZN7drivers9Buzzer_OnEPNS_13BuzzerContextE)
                  00008634    0000002e     ina219.o (.text._ZN7drivers19Ina219_ReadRegisterEPNS_13Ina219ContextEhPt)
                  00008662    0000002c     ina219.o (.text._ZN7drivers20Ina219_WriteRegisterEPNS_13Ina219ContextEht)
                  0000868e    00000002     --HOLE-- [fill = 0]
                  00008690    0000002c     lora.o (.text._ZN7drivers28LoraUart_GetControllerStatusEPKNS_15LoraUartContextEPj)
                  000086bc    0000002c     motor_driver_uart.o (.text._ZN7drivers35MotorDriverUart_GetControllerStatusEPKNS_22MotorDriverUartContextEPj)
                  000086e8    0000002a     ina219.o (.text._ZN7drivers12Ina219_ResetEPNS_13Ina219ContextE)
                  00008712    0000002a     lora.o (.text._ZN7drivers23LoraUart_GetRxAvailableEPKNS_15LoraUartContextE)
                  0000873c    0000002a     motor_driver_uart.o (.text._ZN7drivers30MotorDriverUart_GetRxAvailableEPKNS_22MotorDriverUartContextE)
                  00008766    00000002     --HOLE-- [fill = 0]
                  00008768    00000028     app_shell.o (.text._ZN3app12_GLOBAL__N_112ResetCommandEiPKPKc)
                  00008790    00000028     board_lora.o (.text._ZN5board14Board_LoraInitEv)
                  000087b8    00000028     board_motor_driver.o (.text._ZN5board21Board_MotorDriverInitEv)
                  000087e0    00000028     libc.a : boot_cortex_m.c.obj (.text:_c_int00_noargs)
                  00008808    00000026     driverlib.a : dl_i2c.o (.text.DL_I2C_setClockConfig)
                  0000882e    00000002     --HOLE-- [fill = 0]
                  00008830    00000024     app_shell.o (.text._ZN3app12_GLOBAL__N_110WriteInt32Ei)
                  00008854    00000024     board.o (.text._ZN5board10Board_InitEv)
                  00008878    00000022     button.o (.text._ZN7drivers17Button_WasPressedEPNS_13ButtonContextE)
                  0000889a    00000022     button.o (.text._ZN7drivers18Button_WasReleasedEPNS_13ButtonContextE)
                  000088bc    00000020     board_imu.o (.text._ZN5board13Board_ImuInitEv)
                  000088dc    0000001e     ina219.o (.text._ZN7drivers17Ina219_GetAddressEPKNS_13Ina219ContextE)
                  000088fa    0000001e     ina219.o (.text._ZN7drivers21Ina219_GetCalibrationEPKNS_13Ina219ContextE)
                  00008918    0000001c     driverlib.a : dl_spi.o (.text.DL_SPI_receiveDataCheck8)
                  00008934    0000001c                 : dl_spi.o (.text.DL_SPI_transmitDataCheck8)
                  00008950    0000001c     app_main.o (.text._ZN3app7App_RunEv)
                  0000896c    0000001c     board_button.o (.text._ZN5board19Board_ButtonReadRawENS_13BoardButtonIdEPb)
                  00008988    0000001c     board_button.o (.text._ZN5board21Board_ButtonIsPressedENS_13BoardButtonIdE)
                  000089a4    0000001c     board_button.o (.text._ZN5board22Board_ButtonWasPressedENS_13BoardButtonIdE)
                  000089c0    0000001c     board_button.o (.text._ZN5board23Board_ButtonWasReleasedENS_13BoardButtonIdE)
                  000089dc    0000001c     ina219.o (.text._ZN7drivers14Ina219_IsReadyEPKNS_13Ina219ContextE)
                  000089f8    0000001c     fm24cl64b.o (.text._ZN7drivers17Fm24cl64b_IsReadyEPKNS_16Fm24cl64bContextE)
                  00008a14    0000001c     debug_uart.o (.text._ZN8services19DebugUart_WriteCharEc)
                  00008a30    0000001a     button.o (.text._ZN7drivers16Button_IsPressedEPKNS_13ButtonContextE)
                  00008a4a    00000002     --HOLE-- [fill = 0]
                  00008a4c    0000001a     libclang_rt.builtins.a : aeabi_memset.S.obj (.text)
                  00008a66    00000002     --HOLE-- [fill = 0]
                  00008a68    00000018     board_i2c_bus.o (.text._ZN5board15Board_I2cBusGetEj)
                  00008a80    00000018     board_button.o (.text._ZN5board19Board_ButtonGetNameENS_13BoardButtonIdE)
                  00008a98    00000018     lora.o (.text._ZN7drivers20LoraUart_GetBaudrateEPKNS_15LoraUartContextE)
                  00008ab0    00000018     motor_driver_uart.o (.text._ZN7drivers27MotorDriverUart_GetBaudrateEPKNS_22MotorDriverUartContextE)
                  00008ac8    00000016     app_main.o (.text._ZN12_GLOBAL__N_118App_ButtonScanTaskEv)
                  00008ade    00000016     led.o (.text._ZN7drivers11Led_IsReadyEPKNS_10LedContextE)
                  00008af4    00000016     buzzer.o (.text._ZN7drivers14Buzzer_IsReadyEPKNS_13BuzzerContextE)
                  00008b0a    00000016     lora.o (.text._ZN7drivers16LoraUart_IsReadyEPKNS_15LoraUartContextE)
                  00008b20    00000016     motor_driver_uart.o (.text._ZN7drivers23MotorDriverUart_IsReadyEPKNS_22MotorDriverUartContextE)
                  00008b36    00000016     libc.a : copy_zero_init.c.obj (.text:decompress:ZI:__TI_zero_init_nomemset)
                  00008b4c    00000014     board_fram.o (.text._ZN5board14Board_FramInitEv)
                  00008b60    00000014     board_fram.o (.text._ZN5board14Board_FramReadEtPht)
                  00008b74    00000014     board_lora.o (.text._ZN5board15Board_LoraWriteEPKht)
                  00008b88    00000014     board_buzzer.o (.text._ZN5board16Board_BuzzerInitEv)
                  00008b9c    00000014     board_fram.o (.text._ZN5board18Board_FramReadByteEtPh)
                  00008bb0    00000014     board_fram.o (.text._ZN5board18Board_FramSelfTestEv)
                  00008bc4    00000014     board_fram.o (.text._ZN5board19Board_FramWriteByteEth)
                  00008bd8    00000014     board_led.o (.text._ZN5board19Board_StatusLedInitEv)
                  00008bec    00000014     board_motor_driver.o (.text._ZN5board22Board_MotorDriverWriteEPKht)
                  00008c00    00000014     board_ina219.o (.text._ZN5board24Board_Ina219ProbeAddressEhPt)
                  00008c14    00000014     board_ina219.o (.text._ZN5board24Board_Ina219ReadRegisterEhPt)
                  00008c28    00000014     board_ina219.o (.text._ZN5board25Board_Ina219WriteRegisterEht)
                  00008c3c    00000014     fm24cl64b.o (.text._ZN7drivers19Fm24cl64b_WriteByteEPNS_16Fm24cl64bContextEth)
                  00008c50    00000014     shell.o (.text._ZN8services15Shell_WriteLineEPKc)
                  00008c64    00000012     driverlib.a : dl_spi.o (.text.DL_SPI_setClockConfig)
                  00008c76    00000012                 : dl_uart.o (.text.DL_UART_setClockConfig)
                  00008c88    00000012     libc.a : copy_decompress_none.c.obj (.text:decompress:none)
                  00008c9a    00000002     --HOLE-- [fill = 0]
                  00008c9c    00000010     time.o (.text.SysTick_Handler)
                  00008cac    00000010     board_lora.o (.text.UART0_IRQHandler)
                  00008cbc    00000010     board_motor_driver.o (.text.UART1_IRQHandler)
                  00008ccc    00000010     app_shell.o (.text._ZN3app12_GLOBAL__N_110AdcCommandEiPKPKc)
                  00008cdc    00000010     board_buzzer.o (.text._ZN5board14Board_BuzzerOnEv)
                  00008cec    00000010     board_buzzer.o (.text._ZN5board15Board_BuzzerOffEv)
                  00008cfc    00000010     board_fram.o (.text._ZN5board17Board_FramIsReadyEv)
                  00008d0c    00000010     board_ina219.o (.text._ZN5board17Board_Ina219ResetEv)
                  00008d1c    00000010     board_lora.o (.text._ZN5board17Board_LoraIsReadyEv)
                  00008d2c    00000010     board_led.o (.text._ZN5board17Board_StatusLedOnEv)
                  00008d3c    00000010     board_lora.o (.text._ZN5board18Board_LoraReadByteEPh)
                  00008d4c    00000010     board_led.o (.text._ZN5board18Board_StatusLedOffEv)
                  00008d5c    00000010     board_buzzer.o (.text._ZN5board19Board_BuzzerIsReadyEv)
                  00008d6c    00000010     board_ina219.o (.text._ZN5board19Board_Ina219IsReadyEv)
                  00008d7c    00000010     board_lora.o (.text._ZN5board19Board_LoraWriteByteEh)
                  00008d8c    00000010     board_fram.o (.text._ZN5board20Board_FramRecoverBusEv)
                  00008d9c    00000010     board_lora.o (.text._ZN5board21Board_LoraGetBaudrateEv)
                  00008dac    00000010     board_ina219.o (.text._ZN5board22Board_Ina219GetAddressEv)
                  00008dbc    00000010     board_ina219.o (.text._ZN5board22Board_Ina219RecoverBusEv)
                  00008dcc    00000010     board_ina219.o (.text._ZN5board22Board_Ina219SetAddressEh)
                  00008ddc    00000010     board_led.o (.text._ZN5board22Board_StatusLedIsReadyEv)
                  00008dec    00000010     board_ina219.o (.text._ZN5board23Board_Ina219CalibrationEv)
                  00008dfc    00000010     board_lora.o (.text._ZN5board23Board_LoraClearRxBufferEv)
                  00008e0c    00000010     board_lora.o (.text._ZN5board24Board_LoraGetRxAvailableEv)
                  00008e1c    00000010     board_motor_driver.o (.text._ZN5board24Board_MotorDriverIsReadyEv)
                  00008e2c    00000010     board_motor_driver.o (.text._ZN5board25Board_MotorDriverReadByteEPh)
                  00008e3c    00000010     board_motor_driver.o (.text._ZN5board26Board_MotorDriverWriteByteEh)
                  00008e4c    00000010     board_ina219.o (.text._ZN5board27Board_Ina219ReadMeasurementEPN7drivers17Ina219MeasurementE)
                  00008e5c    00000010     board_lora.o (.text._ZN5board27Board_LoraGetRxDroppedCountEv)
                  00008e6c    00000010     board_ina219.o (.text._ZN5board28Board_Ina219ConfigureDefaultEv)
                  00008e7c    00000010     board_ina219.o (.text._ZN5board28Board_Ina219ReadRawRegistersEPN7drivers18Ina219RawRegistersE)
                  00008e8c    00000010     board_motor_driver.o (.text._ZN5board28Board_MotorDriverGetBaudrateEv)
                  00008e9c    00000010     board_lora.o (.text._ZN5board29Board_LoraGetControllerStatusEPj)
                  00008eac    00000010     board_motor_driver.o (.text._ZN5board30Board_MotorDriverClearRxBufferEv)
                  00008ebc    00000010     board_motor_driver.o (.text._ZN5board31Board_MotorDriverGetRxAvailableEv)
                  00008ecc    00000010     board_motor_driver.o (.text._ZN5board34Board_MotorDriverGetRxDroppedCountEv)
                  00008edc    00000010     board_motor_driver.o (.text._ZN5board36Board_MotorDriverGetControllerStatusEPj)
                  00008eec    00000010     fault.o (.text._ZN8services9Fault_SetENS_9FaultCodeE)
                  00008efc    0000000c     board_imu.o (.text._ZN5board16Board_ImuIsReadyEv)
                  00008f08    0000000c     lora.o (.text._ZN7drivers26LoraUart_GetRxDroppedCountEPKNS_15LoraUartContextE)
                  00008f14    0000000c     motor_driver_uart.o (.text._ZN7drivers33MotorDriverUart_GetRxDroppedCountEPKNS_22MotorDriverUartContextE)
                  00008f20    0000000c     fault.o (.text._ZN8services10Fault_InitEv)
                  00008f2c    0000000c     time.o (.text._ZN8services11Time_MillisEv)
                  00008f38    0000000c     debug_uart.o (.text._ZN8services17DebugUart_IsReadyEv)
                  00008f44    0000000c     fault.o (.text._ZN8services9Fault_GetEv)
                  00008f50    0000000a     driverlib.a : dl_common.o (.text.DL_Common_delayCycles)
                  00008f5a    0000000a     fm24cl64b.o (.text._ZN7drivers18Fm24cl64b_ReadByteEPNS_16Fm24cl64bContextEtPh)
                  00008f64    00000008     shell.o (.text._ZN8services15Shell_WriteCharEc)
                  00008f6c    00000008     shell.o (.text._ZN8services17Shell_WriteStringEPKc)
                  00008f74    00000008     shell.o (.text._ZN8services17Shell_WriteUInt32Ej)
                  00008f7c    00000008     libclang_rt.builtins.a : aeabi_memcpy.S.obj (.text)
                  00008f84    00000006     board_fram.o (.text._ZN5board23Board_FramCapacityBytesEv)
                  00008f8a    00000006     libc.a : exit.c.obj (.text:abort)
                  00008f90    00000004     libsysbm.a : hostexit.c.obj (.text.HOSTexit)
                  00008f94    00000004     startup_mspm0g351x_ticlang.o (.text.Reset_Handler)
                  00008f98    00000004     board_i2c_bus.o (.text._ZN5board17Board_I2cBusCountEv)
                  00008f9c    00000004     libc.a : pre_init.c.obj (.text._system_pre_init)

.cinit     0    0000a140    00000030     
                  0000a140    0000000c     (__TI_handler_table)
                  0000a14c    00000009     (.cinit..data.load) [load image, compression = lzss]
                  0000a155    00000003     --HOLE-- [fill = 0]
                  0000a158    00000008     (.cinit..bss.load) [load image, compression = zero_init]
                  0000a160    00000010     (__TI_cinit_table)

.rodata    0    00008fa0    000011a0     
                  00008fa0    00000100     app_shell.o (.rodata..L.crctable)
                  000090a0    00000058     board_i2c_bus.o (.rodata._ZN5board12_GLOBAL__N_110g_i2cBusesE)
                  000090f8    00000045     app_shell.o (.rodata.str1.2354522874658768371.1)
                  0000913d    00000039     app_shell.o (.rodata.str1.444886150797460539.1)
                  00009176    00000039     app_shell.o (.rodata.str1.9210286441137644766.1)
                  000091af    00000001     app_shell.o (.rodata.str1.1818528395550233868.1)
                  000091b0    00000038     board_ina219.o (.rodata._ZN5boardL14g_ina219ConfigE)
                  000091e8    00000035     app_shell.o (.rodata.str1.14384267027075031912.1)
                  0000921d    00000031     app_shell.o (.rodata.str1.13305312957799781956.1)
                  0000924e    00000002     app_shell.o (.rodata._ZZN3app12_GLOBAL__N_112MotorCommandEiPKPKcE7kM1Stop)
                  00009250    00000030     board_button.o (.rodata._ZN5board12_GLOBAL__N_115g_buttonConfigsE)
                  00009280    00000030     app_shell.o (.rodata.str1.14683574465395229248.1)
                  000092b0    0000002c     board_fram.o (.rodata._ZN5boardL12g_framConfigE)
                  000092dc    0000002b     app_shell.o (.rodata.str1.15195419684703654944.1)
                  00009307    0000002a     app_shell.o (.rodata.str1.16821001261222486393.1)
                  00009331    0000002a     app_shell.o (.rodata.str1.5263001642383835309.1)
                  0000935b    00000026     shell.o (.rodata.str1.6901712316327456926.1)
                  00009381    00000020     app_shell.o (.rodata.str1.9018689912544847403.1)
                  000093a1    0000001f     app_shell.o (.rodata.str1.671945175647755142.1)
                  000093c0    0000001f     app_shell.o (.rodata.str1.8175931356486144895.1)
                  000093df    0000001f     app_shell.o (.rodata.str1.871335262082007188.1)
                  000093fe    0000001e     app_shell.o (.rodata.str1.15434941628325917383.1)
                  0000941c    0000001e     app_shell.o (.rodata.str1.16682001306138638370.1)
                  0000943a    0000001d     app_shell.o (.rodata.str1.14205965562906606532.1)
                  00009457    0000001d     app_shell.o (.rodata.str1.15706013027452160776.1)
                  00009474    0000001d     app_shell.o (.rodata.str1.232704503142678858.1)
                  00009491    0000001d     app_shell.o (.rodata.str1.4993949747219772545.1)
                  000094ae    00000002     app_shell.o (.rodata._ZZN3app12_GLOBAL__N_112MotorCommandEiPKPKcE7kM2Stop)
                  000094b0    0000001c     app_shell.o (.rodata..Lswitch.table._ZN3app12_GLOBAL__N_115WriteStatusLineEPKcN7drivers12DriverStatusE)
                  000094cc    0000001c     app_shell.o (.rodata.str1.12036585828892915957.1)
                  000094e8    0000001c     app_shell.o (.rodata.str1.15176035481894813218.1)
                  00009504    0000001c     app_shell.o (.rodata.str1.16920742144462411612.1)
                  00009520    0000001b     app_shell.o (.rodata.str1.6446933695614087048.1)
                  0000953b    0000001b     app_shell.o (.rodata.str1.9081962557253678714.1)
                  00009556    0000001a     app_shell.o (.rodata.str1.264036748927759168.1)
                  00009570    0000001a     app_shell.o (.rodata.str1.8435392788517128360.1)
                  0000958a    00000019     app_shell.o (.rodata.str1.14891418699318862133.1)
                  000095a3    00000019     app_shell.o (.rodata.str1.3345426052653886543.1)
                  000095bc    00000019     app_shell.o (.rodata.str1.5770566940880199477.1)
                  000095d5    00000003     shell.o (.rodata.str1.10427229796524742636.1)
                  000095d8    00000018     app_shell.o (.rodata..Lswitch.table._ZN3app12_GLOBAL__N_114PrintI2cStatusEPKN7drivers16I2cDiagBusConfigE)
                  000095f0    00000018     board_lora.o (.rodata._ZN5boardL12g_loraConfigE)
                  00009608    00000018     board_motor_driver.o (.rodata._ZN5boardL19g_motorDriverConfigE)
                  00009620    00000018     app_shell.o (.rodata.str1.1715960982390498022.1)
                  00009638    00000017     app_shell.o (.rodata.str1.2319085888762997156.1)
                  0000964f    00000017     app_shell.o (.rodata.str1.5557692366192543561.1)
                  00009666    00000017     shell.o (.rodata.str1.5680428239841774557.1)
                  0000967d    00000016     app_shell.o (.rodata.str1.13323525510459860336.1)
                  00009693    00000016     app_shell.o (.rodata.str1.1349469432826125676.1)
                  000096a9    00000016     app_shell.o (.rodata.str1.15409376994933409736.1)
                  000096bf    00000016     app_shell.o (.rodata.str1.6333935326310285001.1)
                  000096d5    00000015     app_shell.o (.rodata.str1.1222417806814152126.1)
                  000096ea    00000015     app_shell.o (.rodata.str1.1451090849677487530.1)
                  000096ff    00000015     app_shell.o (.rodata.str1.2942266741242204019.1)
                  00009714    00000015     app_shell.o (.rodata.str1.4754765727316804258.1)
                  00009729    00000015     app_shell.o (.rodata.str1.5000143241413183010.1)
                  0000973e    00000014     app_shell.o (.rodata.str1.5301191676092148263.1)
                  00009752    00000013     app_shell.o (.rodata.str1.12080946370607717659.1)
                  00009765    00000013     app_shell.o (.rodata.str1.6394054571282083081.1)
                  00009778    00000013     app_shell.o (.rodata.str1.8602760754867183125.1)
                  0000978b    00000013     app_shell.o (.rodata.str1.8767742179201719121.1)
                  0000979e    00000012     app_shell.o (.rodata.str1.107782727556153465.1)
                  000097b0    00000012     app_shell.o (.rodata.str1.11627215746227218045.1)
                  000097c2    00000012     app_shell.o (.rodata.str1.11698549779809542857.1)
                  000097d4    00000012     app_shell.o (.rodata.str1.13324323091560154661.1)
                  000097e6    00000012     app_shell.o (.rodata.str1.17946445462908322557.1)
                  000097f8    00000012     app_shell.o (.rodata.str1.560197181004569561.1)
                  0000980a    00000012     app_shell.o (.rodata.str1.7579154775923007786.1)
                  0000981c    00000012     shell.o (.rodata.str1.8246939600463437344.1)
                  0000982e    00000012     app_shell.o (.rodata.str1.8569159511768566713.1)
                  00009840    00000011     app_shell.o (.rodata.str1.13923183189790686887.1)
                  00009851    00000011     app_shell.o (.rodata.str1.14613035533147221857.1)
                  00009862    00000011     app_shell.o (.rodata.str1.14677212197102816015.1)
                  00009873    00000011     app_shell.o (.rodata.str1.16368304853068341593.1)
                  00009884    00000011     app_shell.o (.rodata.str1.16906130264434024515.1)
                  00009895    00000011     app_shell.o (.rodata.str1.7863334761919578676.1)
                  000098a6    00000011     app_shell.o (.rodata.str1.7950140236767125311.1)
                  000098b7    00000011     app_shell.o (.rodata.str1.8793534488315853255.1)
                  000098c8    00000010     app_shell.o (.rodata.str1.11085599432999950484.1)
                  000098d8    00000010     app_shell.o (.rodata.str1.13772462829107236127.1)
                  000098e8    00000010     app_shell.o (.rodata.str1.14241588195389562460.1)
                  000098f8    00000010     app_shell.o (.rodata.str1.14827416709503782844.1)
                  00009908    00000010     app_shell.o (.rodata.str1.15520279574724480647.1)
                  00009918    00000010     app_shell.o (.rodata.str1.17029008240216598945.1)
                  00009928    00000010     app_shell.o (.rodata.str1.17894747200582054988.1)
                  00009938    00000010     app_shell.o (.rodata.str1.5164433326538179767.1)
                  00009948    00000010     app_shell.o (.rodata.str1.6219487071531100932.1)
                  00009958    00000010     app_shell.o (.rodata.str1.795459456749244188.1)
                  00009968    00000010     app_shell.o (.rodata.str1.9141388473721648320.1)
                  00009978    00000010     app_shell.o (.rodata.str1.9244822838137428263.1)
                  00009988    0000000f     app_shell.o (.rodata.str1.12139680495649507277.1)
                  00009997    0000000f     app_shell.o (.rodata.str1.12164603244115374595.1)
                  000099a6    0000000f     app_shell.o (.rodata.str1.16216038010955657616.1)
                  000099b5    0000000f     app_shell.o (.rodata.str1.17876943342118536213.1)
                  000099c4    0000000f     app_shell.o (.rodata.str1.3134304214227531536.1)
                  000099d3    0000000f     app_shell.o (.rodata.str1.3256265506082810711.1)
                  000099e2    0000000f     app_shell.o (.rodata.str1.3879560646291831357.1)
                  000099f1    0000000f     app_shell.o (.rodata.str1.4392945030196501414.1)
                  00009a00    0000000f     app_shell.o (.rodata.str1.5407661000085889072.1)
                  00009a0f    0000000f     app_shell.o (.rodata.str1.7267978533840413714.1)
                  00009a1e    0000000f     app_shell.o (.rodata.str1.9051984071380436030.1)
                  00009a2d    0000000e     app_shell.o (.rodata.str1.10018306225359911921.1)
                  00009a3b    0000000e     app_shell.o (.rodata.str1.10256891727475852015.1)
                  00009a49    0000000e     app_shell.o (.rodata.str1.10851017352621485976.1)
                  00009a57    0000000e     app_shell.o (.rodata.str1.11810056576553604146.1)
                  00009a65    0000000e     app_shell.o (.rodata.str1.11903828385650032657.1)
                  00009a73    0000000e     app_shell.o (.rodata.str1.1207053347194752072.1)
                  00009a81    0000000e     app_shell.o (.rodata.str1.15403383602945839188.1)
                  00009a8f    0000000e     app_shell.o (.rodata.str1.16608939394091912599.1)
                  00009a9d    0000000e     app_shell.o (.rodata.str1.16815118733797554419.1)
                  00009aab    0000000e     app_shell.o (.rodata.str1.17563913066770742391.1)
                  00009ab9    0000000e     app_shell.o (.rodata.str1.2900415078221183578.1)
                  00009ac7    0000000e     app_shell.o (.rodata.str1.626618899871332695.1)
                  00009ad5    0000000e     app_shell.o (.rodata.str1.6725838405751831500.1)
                  00009ae3    0000000e     app_shell.o (.rodata.str1.6756868286634741853.1)
                  00009af1    0000000e     app_shell.o (.rodata.str1.7078129644076030331.1)
                  00009aff    0000000e     app_shell.o (.rodata.str1.9167415978045996327.1)
                  00009b0d    0000000e     app_shell.o (.rodata.str1.9705620893505900.1)
                  00009b1b    0000000d     app_shell.o (.rodata.str1.10761430618072912911.1)
                  00009b28    0000000d     app_shell.o (.rodata.str1.11747346528919543944.1)
                  00009b35    0000000d     app_shell.o (.rodata.str1.11836969374611347342.1)
                  00009b42    0000000d     app_shell.o (.rodata.str1.12185306449572332681.1)
                  00009b4f    0000000d     app_shell.o (.rodata.str1.12824201010631389445.1)
                  00009b5c    0000000d     app_shell.o (.rodata.str1.13157479058689081212.1)
                  00009b69    0000000d     app_shell.o (.rodata.str1.13993368087264210023.1)
                  00009b76    0000000d     app_shell.o (.rodata.str1.14008062965805295334.1)
                  00009b83    0000000d     app_shell.o (.rodata.str1.1420893864952581301.1)
                  00009b90    0000000d     app_shell.o (.rodata.str1.14678420154468417691.1)
                  00009b9d    0000000d     app_shell.o (.rodata.str1.16167065860645901179.1)
                  00009baa    0000000d     app_shell.o (.rodata.str1.1642163497366634869.1)
                  00009bb7    0000000d     app_shell.o (.rodata.str1.16835946644515092483.1)
                  00009bc4    0000000d     app_shell.o (.rodata.str1.17149590331237407959.1)
                  00009bd1    0000000d     app_shell.o (.rodata.str1.17269466629117989041.1)
                  00009bde    0000000d     app_shell.o (.rodata.str1.17348661065144809008.1)
                  00009beb    0000000d     app_shell.o (.rodata.str1.18076126304851181080.1)
                  00009bf8    0000000d     app_shell.o (.rodata.str1.2128407216864987192.1)
                  00009c05    0000000d     app_shell.o (.rodata.str1.4203577644585159315.1)
                  00009c12    0000000d     app_shell.o (.rodata.str1.4906473829960206720.1)
                  00009c1f    0000000d     app_shell.o (.rodata.str1.5515999138927817340.1)
                  00009c2c    0000000d     app_shell.o (.rodata.str1.5848672442950545206.1)
                  00009c39    0000000d     app_shell.o (.rodata.str1.7652650349062231201.1)
                  00009c46    0000000d     app_shell.o (.rodata.str1.7850322238517394535.1)
                  00009c53    0000000d     app_shell.o (.rodata.str1.7923626403509450708.1)
                  00009c60    0000000d     app_shell.o (.rodata.str1.906066569443847875.1)
                  00009c6d    0000000d     app_shell.o (.rodata.str1.9315764513386952153.1)
                  00009c7a    00000002     ti_msp_dl_config.o (.rodata.gDEBUG_UARTClockConfig)
                  00009c7c    0000000c     board_button.o (.rodata..Lswitch.table._ZN5board19Board_ButtonGetNameENS_13BoardButtonIdE)
                  00009c88    0000000c     board_buzzer.o (.rodata._ZN5boardL14g_buzzerConfigE)
                  00009c94    0000000c     board_led.o (.rodata._ZN5boardL17g_statusLedConfigE)
                  00009ca0    0000000c     app_shell.o (.rodata.str1.12681352959443149009.1)
                  00009cac    0000000c     app_shell.o (.rodata.str1.13438288695896508174.1)
                  00009cb8    0000000c     app_shell.o (.rodata.str1.13507390935846511250.1)
                  00009cc4    0000000c     app_shell.o (.rodata.str1.14031660303973722868.1)
                  00009cd0    0000000c     app_shell.o (.rodata.str1.14623014954758015065.1)
                  00009cdc    0000000c     app_shell.o (.rodata.str1.15453031427744251291.1)
                  00009ce8    0000000c     app_shell.o (.rodata.str1.15536306115837748184.1)
                  00009cf4    0000000c     app_shell.o (.rodata.str1.2292235750072059597.1)
                  00009d00    0000000c     app_shell.o (.rodata.str1.2370428100076675559.1)
                  00009d0c    0000000c     app_shell.o (.rodata.str1.2672312858105111990.1)
                  00009d18    0000000c     app_shell.o (.rodata.str1.3590894685082263268.1)
                  00009d24    0000000c     app_shell.o (.rodata.str1.3892416308557052197.1)
                  00009d30    0000000c     app_shell.o (.rodata.str1.5652790780262836254.1)
                  00009d3c    0000000c     app_shell.o (.rodata.str1.7612592787831263617.1)
                  00009d48    0000000c     app_shell.o (.rodata.str1.8150600325345066189.1)
                  00009d54    0000000c     app_shell.o (.rodata.str1.8963702969112686911.1)
                  00009d60    0000000c     app_shell.o (.rodata.str1.97227345183721019.1)
                  00009d6c    0000000b     app_shell.o (.rodata.str1.10673636489446728236.1)
                  00009d77    0000000b     app_shell.o (.rodata.str1.11187590877126870748.1)
                  00009d82    0000000b     app_shell.o (.rodata.str1.12144774989780088692.1)
                  00009d8d    0000000b     app_shell.o (.rodata.str1.15397327130298834941.1)
                  00009d98    0000000b     app_shell.o (.rodata.str1.15816476343860600217.1)
                  00009da3    0000000b     app_shell.o (.rodata.str1.16738014180672278497.1)
                  00009dae    0000000b     app_shell.o (.rodata.str1.18243883703027276797.1)
                  00009db9    0000000b     app_shell.o (.rodata.str1.3587876751327453651.1)
                  00009dc4    0000000b     app_shell.o (.rodata.str1.5612542551564952699.1)
                  00009dcf    0000000b     app_shell.o (.rodata.str1.5998451886276286134.1)
                  00009dda    0000000b     app_shell.o (.rodata.str1.7207923708610531365.1)
                  00009de5    0000000b     app_shell.o (.rodata.str1.738127925484632372.1)
                  00009df0    0000000b     app_shell.o (.rodata.str1.7493624433185208732.1)
                  00009dfb    00000001     --HOLE-- [fill = 0]
                  00009dfc    0000000a     ti_msp_dl_config.o (.rodata.gDEBUG_UARTConfig)
                  00009e06    0000000a     ti_msp_dl_config.o (.rodata.gIMU_SPI_config)
                  00009e10    0000000a     ti_msp_dl_config.o (.rodata.gLORA_UARTConfig)
                  00009e1a    0000000a     ti_msp_dl_config.o (.rodata.gMOTOR_UARTConfig)
                  00009e24    0000000a     app_shell.o (.rodata.str1.11208828733426745331.1)
                  00009e2e    0000000a     app_shell.o (.rodata.str1.1431720735396876446.1)
                  00009e38    0000000a     app_shell.o (.rodata.str1.16227620492999702623.1)
                  00009e42    0000000a     app_shell.o (.rodata.str1.16330407060470052804.1)
                  00009e4c    0000000a     shell.o (.rodata.str1.17922515892264497723.1)
                  00009e56    0000000a     app_shell.o (.rodata.str1.18173995716001367913.1)
                  00009e60    0000000a     app_shell.o (.rodata.str1.296188832848622959.1)
                  00009e6a    0000000a     app_shell.o (.rodata.str1.3791812099772881164.1)
                  00009e74    00000009     app_shell.o (.rodata.str1.11325690732168652611.1)
                  00009e7d    00000009     app_shell.o (.rodata.str1.12082892960889789793.1)
                  00009e86    00000009     app_shell.o (.rodata.str1.13247589138198607459.1)
                  00009e8f    00000009     app_shell.o (.rodata.str1.5376205643164354286.1)
                  00009e98    00000009     app_shell.o (.rodata.str1.9017255012489828088.1)
                  00009ea1    00000008     app_shell.o (.rodata.str1.10665909939688505188.1)
                  00009ea9    00000008     board_button.o (.rodata.str1.10963450802004053816.1)
                  00009eb1    00000008     app_shell.o (.rodata.str1.11327417708772392390.1)
                  00009eb9    00000008     app_shell.o (.rodata.str1.11335294061225285764.1)
                  00009ec1    00000008     app_shell.o (.rodata.str1.12583477948311004516.1)
                  00009ec9    00000008     app_shell.o (.rodata.str1.17082220688523197928.1)
                  00009ed1    00000008     board_button.o (.rodata.str1.17681505947258605906.1)
                  00009ed9    00000008     board_button.o (.rodata.str1.18240515884718476655.1)
                  00009ee1    00000008     app_main.o (.rodata.str1.1839410120130765391.1)
                  00009ee9    00000008     app_shell.o (.rodata.str1.1983276796565948189.1)
                  00009ef1    00000008     app_shell.o (.rodata.str1.4138401803328556999.1)
                  00009ef9    00000008     app_shell.o (.rodata.str1.4190646769514731288.1)
                  00009f01    00000008     app_shell.o (.rodata.str1.5549424804698209806.1)
                  00009f09    00000008     board_button.o (.rodata.str1.5952028417427413650.1)
                  00009f11    00000008     app_shell.o (.rodata.str1.6213986015100719150.1)
                  00009f19    00000008     app_shell.o (.rodata.str1.8509687067808380963.1)
                  00009f21    00000008     app_shell.o (.rodata.str1.8730301986016609910.1)
                  00009f29    00000008     app_shell.o (.rodata.str1.9307220092008964426.1)
                  00009f31    00000008     app_shell.o (.rodata.str1.9555053908608242801.1)
                  00009f39    00000007     app_shell.o (.rodata.str1.11774507841365577078.1)
                  00009f40    00000007     app_shell.o (.rodata.str1.11922244342622017285.1)
                  00009f47    00000007     app_shell.o (.rodata.str1.13029328624899454496.1)
                  00009f4e    00000007     app_shell.o (.rodata.str1.13760472749468428784.1)
                  00009f55    00000007     board_i2c_bus.o (.rodata.str1.17771965703026024685.1)
                  00009f5c    00000007     app_shell.o (.rodata.str1.2029421846019890511.1)
                  00009f63    00000007     app_shell.o (.rodata.str1.27965927919619260.1)
                  00009f6a    00000007     app_shell.o (.rodata.str1.2831129786622658843.1)
                  00009f71    00000007     app_shell.o (.rodata.str1.2963890733414402023.1)
                  00009f78    00000007     app_shell.o (.rodata.str1.4641291215374644332.1)
                  00009f7f    00000007     app_shell.o (.rodata.str1.5531439754045694522.1)
                  00009f86    00000007     app_shell.o (.rodata.str1.6578158171544725696.1)
                  00009f8d    00000007     app_shell.o (.rodata.str1.6741221679932540615.1)
                  00009f94    00000007     app_shell.o (.rodata.str1.7571154574660953324.1)
                  00009f9b    00000007     app_shell.o (.rodata.str1.7743837333376801574.1)
                  00009fa2    00000007     app_shell.o (.rodata.str1.8287504627243269121.1)
                  00009fa9    00000007     app_shell.o (.rodata.str1.931795180867172166.1)
                  00009fb0    00000007     app_shell.o (.rodata.str1.9376739677351878210.1)
                  00009fb7    00000007     app_shell.o (.rodata.str1.9708937098353321336.1)
                  00009fbe    00000006     app_shell.o (.rodata._ZZN3app12_GLOBAL__N_111LoraCommandEiPKPKcE9kTestData)
                  00009fc4    00000006     app_shell.o (.rodata._ZZN3app12_GLOBAL__N_112MotorCommandEiPKPKcE9kTestData)
                  00009fca    00000006     app_shell.o (.rodata.str1.11627259167888876947.1)
                  00009fd0    00000006     app_shell.o (.rodata.str1.13643216153024045165.1)
                  00009fd6    00000006     app_shell.o (.rodata.str1.14223157730264656398.1)
                  00009fdc    00000006     app_shell.o (.rodata.str1.14355953386558495977.1)
                  00009fe2    00000006     app_shell.o (.rodata.str1.15890787717468802715.1)
                  00009fe8    00000006     app_shell.o (.rodata.str1.16079002699872141978.1)
                  00009fee    00000006     app_shell.o (.rodata.str1.16234102244779358492.1)
                  00009ff4    00000006     app_shell.o (.rodata.str1.16556295950709461880.1)
                  00009ffa    00000006     app_shell.o (.rodata.str1.17414183638713165213.1)
                  0000a000    00000006     app_shell.o (.rodata.str1.17942500811997078001.1)
                  0000a006    00000006     app_shell.o (.rodata.str1.2112829382197544942.1)
                  0000a00c    00000006     app_shell.o (.rodata.str1.4126815238888174570.1)
                  0000a012    00000006     app_shell.o (.rodata.str1.4218503564476151687.1)
                  0000a018    00000006     app_shell.o (.rodata.str1.5640218363402806195.1)
                  0000a01e    00000006     app_shell.o (.rodata.str1.587364518894469847.1)
                  0000a024    00000006     app_shell.o (.rodata.str1.5909738732761903070.1)
                  0000a02a    00000006     app_shell.o (.rodata.str1.6351667589775284342.1)
                  0000a030    00000006     app_shell.o (.rodata.str1.6951946783319408118.1)
                  0000a036    00000006     app_shell.o (.rodata.str1.6963926815691589692.1)
                  0000a03c    00000006     app_shell.o (.rodata.str1.8674441817985872181.1)
                  0000a042    00000006     app_shell.o (.rodata.str1.9144633642026494361.1)
                  0000a048    00000006     app_shell.o (.rodata.str1.9805525145790407866.1)
                  0000a04e    00000005     app_shell.o (.rodata.str1.10195084751130023350.1)
                  0000a053    00000005     app_shell.o (.rodata.str1.10218881960771275491.1)
                  0000a058    00000005     board_i2c_bus.o (.rodata.str1.11524751692591293752.1)
                  0000a05d    00000005     app_shell.o (.rodata.str1.13442463908107530774.1)
                  0000a062    00000005     app_shell.o (.rodata.str1.13640432584226954899.1)
                  0000a067    00000005     app_shell.o (.rodata.str1.14082473703337987432.1)
                  0000a06c    00000005     app_shell.o (.rodata.str1.15645525071624774828.1)
                  0000a071    00000005     app_shell.o (.rodata.str1.15885433143163248817.1)
                  0000a076    00000005     app_shell.o (.rodata.str1.16423083052983990348.1)
                  0000a07b    00000005     app_shell.o (.rodata.str1.1695784342961477721.1)
                  0000a080    00000005     app_shell.o (.rodata.str1.17353931100524941225.1)
                  0000a085    00000005     shell.o (.rodata.str1.17405053739148516019.1)
                  0000a08a    00000005     app_shell.o (.rodata.str1.17796269336985765740.1)
                  0000a08f    00000005     app_shell.o (.rodata.str1.18221696243336245540.1)
                  0000a094    00000005     app_shell.o (.rodata.str1.2160470991696560517.1)
                  0000a099    00000005     app_shell.o (.rodata.str1.3266044674648287831.1)
                  0000a09e    00000005     app_shell.o (.rodata.str1.4179493015675024832.1)
                  0000a0a3    00000005     app_shell.o (.rodata.str1.4561355912026728236.1)
                  0000a0a8    00000005     app_shell.o (.rodata.str1.551504573030492924.1)
                  0000a0ad    00000005     app_shell.o (.rodata.str1.7212684690809077353.1)
                  0000a0b2    00000005     app_shell.o (.rodata.str1.8934507472916618446.1)
                  0000a0b7    00000004     app_shell.o (.rodata.str1.10756110055158838206.1)
                  0000a0bb    00000004     app_shell.o (.rodata.str1.10855919650491312362.1)
                  0000a0bf    00000004     app_shell.o (.rodata.str1.1223882822645374465.1)
                  0000a0c3    00000004     app_shell.o (.rodata.str1.13626453309717720227.1)
                  0000a0c7    00000004     app_shell.o (.rodata.str1.141740382680400416.1)
                  0000a0cb    00000004     app_shell.o (.rodata.str1.14445045882516821416.1)
                  0000a0cf    00000004     app_shell.o (.rodata.str1.16800956331689080151.1)
                  0000a0d3    00000004     app_shell.o (.rodata.str1.18269279803075602796.1)
                  0000a0d7    00000004     app_shell.o (.rodata.str1.2767916714829989116.1)
                  0000a0db    00000004     app_shell.o (.rodata.str1.3030045481369325523.1)
                  0000a0df    00000004     app_shell.o (.rodata.str1.3688985272902551570.1)
                  0000a0e3    00000004     app_shell.o (.rodata.str1.4465400818469226320.1)
                  0000a0e7    00000004     app_shell.o (.rodata.str1.5716603645884478871.1)
                  0000a0eb    00000004     app_shell.o (.rodata.str1.6410197886599512152.1)
                  0000a0ef    00000004     shell.o (.rodata.str1.7348818734176781284.1)
                  0000a0f3    00000004     app_shell.o (.rodata.str1.7940456731757887554.1)
                  0000a0f7    00000004     app_shell.o (.rodata.str1.7988978544830785654.1)
                  0000a0fb    00000004     app_shell.o (.rodata.str1.8035528561561339514.1)
                  0000a0ff    00000004     app_shell.o (.rodata.str1.8406640635343907673.1)
                  0000a103    00000004     shell.o (.rodata.str1.8954516873856363469.1)
                  0000a107    00000003     app_shell.o (.rodata.str1.11515932757094173050.1)
                  0000a10a    00000003     app_shell.o (.rodata.str1.12588545937538655288.1)
                  0000a10d    00000003     app_shell.o (.rodata.str1.13245102848535749030.1)
                  0000a110    00000003     app_shell.o (.rodata.str1.1418877803505809098.1)
                  0000a113    00000003     app_shell.o (.rodata.str1.14639049301600042713.1)
                  0000a116    00000003     app_shell.o (.rodata.str1.2027963614161212499.1)
                  0000a119    00000003     shell.o (.rodata.str1.4282230880151502975.1)
                  0000a11c    00000003     app_shell.o (.rodata.str1.638712236475948105.1)
                  0000a11f    00000003     shell.o (.rodata.str1.8508895379925972626.1)
                  0000a122    00000003     app_shell.o (.rodata.str1.9082118575882053516.1)
                  0000a125    00000002     ti_msp_dl_config.o (.rodata.gFRAM_I2CClockConfig)
                  0000a127    00000002     ti_msp_dl_config.o (.rodata.gIMU_SPI_clockConfig)
                  0000a129    00000002     ti_msp_dl_config.o (.rodata.gINA219_I2CClockConfig)
                  0000a12b    00000002     ti_msp_dl_config.o (.rodata.gLORA_UARTClockConfig)
                  0000a12d    00000002     ti_msp_dl_config.o (.rodata.gMOTOR_UARTClockConfig)
                  0000a12f    00000002     app_shell.o (.rodata.str1.10091040128680290456.1)
                  0000a131    00000002     app_shell.o (.rodata.str1.16458884249986146812.1)
                  0000a133    00000002     app_shell.o (.rodata.str1.18057142085415363861.1)
                  0000a135    00000002     app_shell.o (.rodata.str1.8867909630182175989.1)
                  0000a137    00000002     app_shell.o (.rodata.str1.9307362830757344490.1)
                  0000a139    00000007     --HOLE-- [fill = 0]

.init_array 
*          0    00000000    00000000     UNINITIALIZED

.binit     0    00000000    00000000     

.bss       0    20200000    00000308     UNINITIALIZED
                  20200000    00000100     board_lora.o (.bss._ZN5boardL14g_loraRxBufferE)
                  20200100    00000100     board_motor_driver.o (.bss._ZN5boardL21g_motorDriverRxBufferE)
                  20200200    00000080     debug_uart.o (.bss._ZN8services12_GLOBAL__N_110g_rxBufferE)
                  20200280    00000060     shell.o (.bss._ZN8services12_GLOBAL__N_112g_lineBufferE)
                  202002e0    00000028     (.common:gIMU_SPIBackup)

.data      0    20200308    0000027c     UNINITIALIZED
                  20200308    00000100     shell.o (.data._ZN8services12_GLOBAL__N_110g_commandsE)
                  20200408    000000f0     scheduler.o (.data._ZN8servicesL7g_tasksE)
                  202004f8    00000030     board_button.o (.data._ZN5board12_GLOBAL__N_116g_buttonContextsE)
                  20200528    00000010     board_lora.o (.data._ZN5boardL13g_loraContextE)
                  20200538    00000010     board_motor_driver.o (.data._ZN5boardL20g_motorDriverContextE)
                  20200548    00000008     app_main.o (.data._ZN3appL10g_appStateE)
                  20200550    00000008     board_fram.o (.data._ZN5boardL13g_framContextE)
                  20200558    00000008     board_buzzer.o (.data._ZN5boardL15g_buzzerContextE)
                  20200560    00000008     board_ina219.o (.data._ZN5boardL15g_ina219ContextE)
                  20200568    00000008     board_led.o (.data._ZN5boardL18g_statusLedContextE)
                  20200570    00000004     shell.o (.data._ZN8services12_GLOBAL__N_112g_lineLengthE)
                  20200574    00000004     debug_uart.o (.data._ZN8services12_GLOBAL__N_116g_rxDroppedCountE)
                  20200578    00000004     time.o (.data._ZN8servicesL8g_millisE)
                  2020057c    00000002     debug_uart.o (.data._ZN8services12_GLOBAL__N_18g_rxHeadE)
                  2020057e    00000002     debug_uart.o (.data._ZN8services12_GLOBAL__N_18g_rxTailE)
                  20200580    00000001     board_imu.o (.data._ZN5board12_GLOBAL__N_110g_imuReadyE)
                  20200581    00000001     shell.o (.data._ZN8services12_GLOBAL__N_114g_ignoreNextLfE)
                  20200582    00000001     debug_uart.o (.data._ZN8services12_GLOBAL__N_116g_debugUartReadyE)
                  20200583    00000001     fault.o (.data._ZN8servicesL11g_faultCodeE)

.stack     0    2020ff00    00000100     UNINITIALIZED
                  2020ff00    00000004     libc.a : boot_cortex_m.c.obj (.stack)
                  2020ff04    000000fc     --HOLE--

__llvm_prf_cnts 
*          0    20200000    00000000     UNINITIALIZED

__llvm_prf_bits 
*          0    20200000    00000000     UNINITIALIZED

MODULE SUMMARY

       Module                         code    ro data   rw data
       ------                         ----    -------   -------
    .\
       ti_msp_dl_config.o             1128    52        40     
       startup_mspm0g351x_ticlang.o   6       192       0      
       empty_cpp.o                    82      0         0      
    +--+------------------------------+-------+---------+---------+
       Total:                         1216    244       40     
                                                               
    .\app\
       app_shell.o                    18152   3969      0      
       app_main.o                     102     8         8      
    +--+------------------------------+-------+---------+---------+
       Total:                         18254   3977      8      
                                                               
    .\board\
       board_imu.o                    2012    0         1      
       board_lora.o                   204     24        272    
       board_motor_driver.o           204     24        272    
       board_ina219.o                 356     56        8      
       board_button.o                 248     92        48     
       board_i2c_bus.o                204     100       0      
       board_fram.o                   210     44        8      
       board_buzzer.o                 68      12        8      
       board_led.o                    68      12        8      
       board.o                        38      0         0      
    +--+------------------------------+-------+---------+---------+
       Total:                         3612    364       625    
                                                               
    .\drivers\button\
       button.o                       306     0         0      
    +--+------------------------------+-------+---------+---------+
       Total:                         306     0         0      
                                                               
    .\drivers\buzzer\
       buzzer.o                       174     0         0      
    +--+------------------------------+-------+---------+---------+
       Total:                         174     0         0      
                                                               
    .\drivers\fm24cl64b\
       fm24cl64b.o                    1882    0         0      
    +--+------------------------------+-------+---------+---------+
       Total:                         1882    0         0      
                                                               
    .\drivers\i2c_diag\
       i2c_diag.o                     2152    0         0      
    +--+------------------------------+-------+---------+---------+
       Total:                         2152    0         0      
                                                               
    .\drivers\ina219\
       ina219.o                       2326    0         0      
    +--+------------------------------+-------+---------+---------+
       Total:                         2326    0         0      
                                                               
    .\drivers\led\
       led.o                          174     0         0      
    +--+------------------------------+-------+---------+---------+
       Total:                         174     0         0      
                                                               
    .\drivers\lora\
       lora.o                         908     0         0      
    +--+------------------------------+-------+---------+---------+
       Total:                         908     0         0      
                                                               
    .\drivers\motor_driver\
       motor_driver_uart.o            908     0         0      
    +--+------------------------------+-------+---------+---------+
       Total:                         908     0         0      
                                                               
    .\services\
       shell.o                        1800    111       357    
       scheduler.o                    832     0         240    
       debug_uart.o                   732     0         137    
       time.o                         84      0         4      
       fault.o                        40      0         1      
       log.o                          2       0         0      
    +--+------------------------------+-------+---------+---------+
       Total:                         3490    111       739    
                                                               
    C:/ti/mspm0_sdk_2_10_00_04/source/ti/driverlib/lib/ticlang/m0p/mspm0gx51x/driverlib.a
       dl_i2c.o                       240     0         0      
       dl_spi.o                       142     0         0      
       dl_uart.o                      138     0         0      
       dl_common.o                    10      0         0      
    +--+------------------------------+-------+---------+---------+
       Total:                         530     0         0      
                                                               
    C:\ti\ccs2100\ccs\tools\compiler\ti-cgt-armllvm_5.1.1.LTS\lib\armv6m-ti-none-eabi/c/libc.a
       memcpy16.S.obj                 154     0         0      
       copy_decompress_lzss.c.obj     124     0         0      
       memset16.S.obj                 98      0         0      
       autoinit.c.obj                 60      0         0      
       boot_cortex_m.c.obj            40      0         0      
       copy_zero_init.c.obj           22      0         0      
       copy_decompress_none.c.obj     18      0         0      
       exit.c.obj                     6       0         0      
       pre_init.c.obj                 4       0         0      
    +--+------------------------------+-------+---------+---------+
       Total:                         526     0         0      
                                                               
    C:\ti\ccs2100\ccs\tools\compiler\ti-cgt-armllvm_5.1.1.LTS\lib\armv6m-ti-none-eabi/c/libsysbm.a
       hostexit.c.obj                 4       0         0      
    +--+------------------------------+-------+---------+---------+
       Total:                         4       0         0      
                                                               
    C:\ti\ccs2100\ccs\tools\compiler\ti-cgt-armllvm_5.1.1.LTS\lib\armv6m-ti-none-eabi/libclang_rt.builtins.a
       aeabi_uidivmod.S.obj           64      0         0      
       aeabi_memset.S.obj             26      0         0      
       aeabi_memcpy.S.obj             8       0         0      
       aeabi_div0.c.obj               2       0         0      
    +--+------------------------------+-------+---------+---------+
       Total:                         100     0         0      
                                                               
       Stack:                         0       0         256    
       Linker Generated:              0       45        0      
    +--+------------------------------+-------+---------+---------+
       Grand Total:                   36562   4741      1668   


LINKER GENERATED COPY TABLES

__TI_cinit_table @ 0000a160 records: 2, size/record: 8, table size: 16
	.data: load addr=0000a14c, load size=00000009 bytes, run addr=20200308, run size=0000027c bytes, compression=lzss
	.bss: load addr=0000a158, load size=00000008 bytes, run addr=20200000, run size=00000308 bytes, compression=zero_init


LINKER GENERATED HANDLER TABLE

__TI_handler_table @ 0000a140 records: 3, size/record: 4, table size: 12
	index: 0, handler: __TI_decompress_lzss
	index: 1, handler: __TI_decompress_none
	index: 2, handler: __TI_zero_init


GLOBAL SYMBOLS: SORTED ALPHABETICALLY BY Name 

address   name                                                                                        
-------   ----                                                                                        
00006c33  ADC0_IRQHandler                                                                             
00006c33  ADC1_IRQHandler                                                                             
00006c33  AESADV_IRQHandler                                                                           
00008f90  C$$EXIT                                                                                     
00006c33  CANFD0_IRQHandler                                                                           
00006c33  CANFD1_IRQHandler                                                                           
00006c33  DAC0_IRQHandler                                                                             
00008f51  DL_Common_delayCycles                                                                       
00007a21  DL_I2C_fillControllerTXFIFO                                                                 
000084b5  DL_I2C_flushControllerRXFIFO                                                                
000081d5  DL_I2C_flushControllerTXFIFO                                                                
00008809  DL_I2C_setClockConfig                                                                       
00007f89  DL_SPI_init                                                                                 
00008919  DL_SPI_receiveDataCheck8                                                                    
00008c65  DL_SPI_setClockConfig                                                                       
00008935  DL_SPI_transmitDataCheck8                                                                   
00007e69  DL_UART_init                                                                                
00008c77  DL_UART_setClockConfig                                                                      
000084e5  DL_UART_transmitDataBlocking                                                                
00006c33  DMA_IRQHandler                                                                              
00006c33  Default_Handler                                                                             
00006c33  GROUP0_IRQHandler                                                                           
00006c33  GROUP1_IRQHandler                                                                           
00008f91  HOSTexit                                                                                    
00006c33  HardFault_Handler                                                                           
00006c33  I2C0_IRQHandler                                                                             
00006c33  I2C1_IRQHandler                                                                             
00006c33  I2C2_IRQHandler                                                                             
00006c33  LFSS_IRQHandler                                                                             
00006c33  NMI_Handler                                                                                 
00006c33  PendSV_Handler                                                                              
00008f95  Reset_Handler                                                                               
00006c33  SPI0_IRQHandler                                                                             
00006c33  SPI1_IRQHandler                                                                             
00006c33  SPI2_IRQHandler                                                                             
00006c33  SVC_Handler                                                                                 
00007031  SYSCFG_DL_DEBUG_UART_init                                                                   
00007b8d  SYSCFG_DL_FRAM_I2C_init                                                                     
00005ec9  SYSCFG_DL_GPIO_init                                                                         
00007dd1  SYSCFG_DL_IMU_SPI_init                                                                      
00007be1  SYSCFG_DL_INA219_I2C_init                                                                   
000070b9  SYSCFG_DL_LORA_UART_init                                                                    
00007141  SYSCFG_DL_MOTOR_UART_init                                                                   
00008515  SYSCFG_DL_SYSCTL_init                                                                       
00008419  SYSCFG_DL_init                                                                              
000073cd  SYSCFG_DL_initPower                                                                         
00008c9d  SysTick_Handler                                                                             
00006c33  TIMA0_IRQHandler                                                                            
00006c33  TIMA1_IRQHandler                                                                            
00006c33  TIMG0_IRQHandler                                                                            
00006c33  TIMG12_IRQHandler                                                                           
00006c33  TIMG14_IRQHandler                                                                           
00006c33  TIMG6_IRQHandler                                                                            
00006c33  TIMG7_IRQHandler                                                                            
00006c33  TIMG8_IRQHandler                                                                            
00006c33  TIMG9_IRQHandler                                                                            
00008cad  UART0_IRQHandler                                                                            
00008cbd  UART1_IRQHandler                                                                            
00006c33  UART3_IRQHandler                                                                            
00006c33  UART4_IRQHandler                                                                            
00007631  UART5_IRQHandler                                                                            
00006c33  UART6_IRQHandler                                                                            
00006c33  UART7_IRQHandler                                                                            
00005a7d  _ZN3app25AppShell_RegisterCommandsEv                                                        
00008951  _ZN3app7App_RunEv                                                                           
0000844d  _ZN3app8App_InitEv                                                                          
00008855  _ZN5board10Board_InitEv                                                                     
000088bd  _ZN5board13Board_ImuInitEv                                                                  
00008cdd  _ZN5board14Board_BuzzerOnEv                                                                 
00008b4d  _ZN5board14Board_FramInitEv                                                                 
00008b61  _ZN5board14Board_FramReadEtPht                                                              
00006e83  _ZN5board14Board_LateInitEv                                                                 
00008791  _ZN5board14Board_LoraInitEv                                                                 
00008ced  _ZN5board15Board_BuzzerOffEv                                                                
00008a69  _ZN5board15Board_I2cBusGetEj                                                                
00008b75  _ZN5board15Board_LoraWriteEPKht                                                             
00008b89  _ZN5board16Board_BuzzerInitEv                                                               
000067b1  _ZN5board16Board_I2cBusFindEPKc                                                             
00008efd  _ZN5board16Board_ImuIsReadyEv                                                               
00007d31  _ZN5board16Board_Ina219InitEv                                                               
0000824d  _ZN5board17Board_ButtonsInitEv                                                              
00008cfd  _ZN5board17Board_FramIsReadyEv                                                              
00008f99  _ZN5board17Board_I2cBusCountEv                                                              
00008d0d  _ZN5board17Board_Ina219ResetEv                                                              
00008d1d  _ZN5board17Board_LoraIsReadyEv                                                              
00008d2d  _ZN5board17Board_StatusLedOnEv                                                              
00008b9d  _ZN5board18Board_FramReadByteEtPh                                                           
00008bb1  _ZN5board18Board_FramSelfTestEv                                                             
00008d3d  _ZN5board18Board_LoraReadByteEPh                                                            
00008d4d  _ZN5board18Board_StatusLedOffEv                                                             
00008a81  _ZN5board19Board_ButtonGetNameENS_13BoardButtonIdE                                          
0000896d  _ZN5board19Board_ButtonReadRawENS_13BoardButtonIdEPb                                        
00008481  _ZN5board19Board_ButtonsUpdateEj                                                            
00008d5d  _ZN5board19Board_BuzzerIsReadyEv                                                            
00008bc5  _ZN5board19Board_FramWriteByteEth                                                           
00008d6d  _ZN5board19Board_Ina219IsReadyEv                                                            
00008d7d  _ZN5board19Board_LoraWriteByteEh                                                            
00008bd9  _ZN5board19Board_StatusLedInitEv                                                            
00008d8d  _ZN5board20Board_FramRecoverBusEv                                                           
00008989  _ZN5board21Board_ButtonIsPressedENS_13BoardButtonIdE                                        
00008d9d  _ZN5board21Board_LoraGetBaudrateEv                                                          
[...]
000073cd  SYSCFG_DL_initPower                                                                         
00007449  _ZN7drivers19LoraUart_IrqHandlerEPNS_15LoraUartContextE                                     
000074c5  _ZN7drivers26MotorDriverUart_IrqHandlerEPNS_22MotorDriverUartContextE                       
00007541  __TI_decompress_lzss                                                                        
000075bd  _ZN7drivers22Ina219_ReadMeasurementEPNS_13Ina219ContextEPNS_17Ina219MeasurementE            
00007631  UART5_IRQHandler                                                                            
0000769d  _ZN8services21DebugUart_WriteStringEPKc                                                     
000077d5  _ZN5board22Board_ImuGetLineStatusEPNS_18BoardImuLineStatusE                                 
00007839  _ZN7drivers14Fm24cl64b_InitEPNS_16Fm24cl64bContextEPKNS_15Fm24cl64bConfigE                  
0000789d  memset                                                                                      
000078ff  _ZN8services8Log_InitEv                                                                     
00007961  _ZN7drivers22LoraUart_ClearRxBufferEPNS_15LoraUartContextE                                  
000079c1  _ZN7drivers29MotorDriverUart_ClearRxBufferEPNS_22MotorDriverUartContextE                    
00007a21  DL_I2C_fillControllerTXFIFO                                                                 
00007a7f  _ZN7drivers13Button_UpdateEPNS_13ButtonContextEj                                            
00007add  _ZN7drivers17Ina219_SetAddressEPNS_13Ina219ContextEh                                        
00007b35  _ZN7drivers20I2cDiag_GetBusStatusEPKNS_16I2cDiagBusConfigEPNS_16I2cDiagBusStatusE           
00007b8d  SYSCFG_DL_FRAM_I2C_init                                                                     
00007be1  SYSCFG_DL_INA219_I2C_init                                                                   
00007c89  _ZN8services14DebugUart_InitEv                                                              
00007cdd  main                                                                                        
00007d2f  __aeabi_idiv0                                                                               
00007d31  _ZN5board16Board_Ina219InitEv                                                               
00007d81  _ZN5board27Board_ImuSetChipSelectDebugEbbbb                                                 
00007dd1  SYSCFG_DL_IMU_SPI_init                                                                      
00007e69  DL_UART_init                                                                                
00007eb1  _ZN5board22Board_FramGetBusStatusEPjPbS1_                                                   
00007ef9  _ZN5board24Board_Ina219GetBusStatusEPjPbS1_                                                 
00007f41  _ZN8services18DebugUart_ReadByteEPh                                                         
00007f89  DL_SPI_init                                                                                 
00007fcd  _ZN7drivers19Ina219_GetBusStatusEPNS_13Ina219ContextEPNS_15Ina219BusStatusE                 
00008011  _ZN7drivers22Fm24cl64b_GetBusStatusEPNS_16Fm24cl64bContextEPNS_18Fm24cl64bBusStatusE        
000080d5  _ZN7drivers17LoraUart_ReadByteEPNS_15LoraUartContextEPh                                     
00008115  _ZN7drivers24MotorDriverUart_ReadByteEPNS_22MotorDriverUartContextEPh                       
00008155  __aeabi_uidiv                                                                               
00008155  __aeabi_uidivmod                                                                            
00008195  _ZN7drivers11Button_InitEPNS_13ButtonContextEPKNS_12ButtonConfigE                           
000081d5  DL_I2C_flushControllerTXFIFO                                                                
0000824d  _ZN5board17Board_ButtonsInitEv                                                              
00008289  _ZN7drivers23Ina219_ConfigureDefaultEPNS_13Ina219ContextE                                   
000082c5  __TI_auto_init_nobinit_nopinit                                                              
00008301  _ZN7drivers11Buzzer_InitEPNS_13BuzzerContextEPKNS_12BuzzerConfigE                           
00008339  _ZN7drivers14Button_ReadRawEPNS_13ButtonContextEPb                                          
00008371  _ZN7drivers19Ina219_ProbeAddressEPNS_13Ina219ContextEhPt                                    
000083a9  _ZN7drivers8Led_InitEPNS_10LedContextEPKNS_9LedConfigE                                      
000083e1  _ZN8services9Time_InitEv                                                                    
00008419  SYSCFG_DL_init                                                                              
0000844d  _ZN3app8App_InitEv                                                                          
00008481  _ZN5board19Board_ButtonsUpdateEj                                                            
000084b5  DL_I2C_flushControllerRXFIFO                                                                
000084e5  DL_UART_transmitDataBlocking                                                                
00008515  SYSCFG_DL_SYSCTL_init                                                                       
00008575  _ZN7drivers10Buzzer_OffEPNS_13BuzzerContextE                                                
000085a5  _ZN7drivers6Led_OnEPNS_10LedContextE                                                        
000085d5  _ZN7drivers7Led_OffEPNS_10LedContextE                                                       
00008605  _ZN7drivers9Buzzer_OnEPNS_13BuzzerContextE                                                  
00008635  _ZN7drivers19Ina219_ReadRegisterEPNS_13Ina219ContextEhPt                                    
00008663  _ZN7drivers20Ina219_WriteRegisterEPNS_13Ina219ContextEht                                    
00008691  _ZN7drivers28LoraUart_GetControllerStatusEPKNS_15LoraUartContextEPj                         
000086bd  _ZN7drivers35MotorDriverUart_GetControllerStatusEPKNS_22MotorDriverUartContextEPj           
000086e9  _ZN7drivers12Ina219_ResetEPNS_13Ina219ContextE                                              
00008713  _ZN7drivers23LoraUart_GetRxAvailableEPKNS_15LoraUartContextE                                
0000873d  _ZN7drivers30MotorDriverUart_GetRxAvailableEPKNS_22MotorDriverUartContextE                  
00008791  _ZN5board14Board_LoraInitEv                                                                 
000087b9  _ZN5board21Board_MotorDriverInitEv                                                          
000087e1  _c_int00_noargs                                                                             
00008809  DL_I2C_setClockConfig                                                                       
00008855  _ZN5board10Board_InitEv                                                                     
00008879  _ZN7drivers17Button_WasPressedEPNS_13ButtonContextE                                         
0000889b  _ZN7drivers18Button_WasReleasedEPNS_13ButtonContextE                                        
000088bd  _ZN5board13Board_ImuInitEv                                                                  
000088dd  _ZN7drivers17Ina219_GetAddressEPKNS_13Ina219ContextE                                        
000088fb  _ZN7drivers21Ina219_GetCalibrationEPKNS_13Ina219ContextE                                    
00008919  DL_SPI_receiveDataCheck8                                                                    
00008935  DL_SPI_transmitDataCheck8                                                                   
00008951  _ZN3app7App_RunEv                                                                           
0000896d  _ZN5board19Board_ButtonReadRawENS_13BoardButtonIdEPb                                        
00008989  _ZN5board21Board_ButtonIsPressedENS_13BoardButtonIdE                                        
000089a5  _ZN5board22Board_ButtonWasPressedENS_13BoardButtonIdE                                       
000089c1  _ZN5board23Board_ButtonWasReleasedENS_13BoardButtonIdE                                      
000089dd  _ZN7drivers14Ina219_IsReadyEPKNS_13Ina219ContextE                                           
000089f9  _ZN7drivers17Fm24cl64b_IsReadyEPKNS_16Fm24cl64bContextE                                     
00008a15  _ZN8services19DebugUart_WriteCharEc                                                         
00008a31  _ZN7drivers16Button_IsPressedEPKNS_13ButtonContextE                                         
00008a4d  __aeabi_memset                                                                              
00008a4d  __aeabi_memset4                                                                             
00008a4d  __aeabi_memset8                                                                             
00008a5b  __aeabi_memclr                                                                              
00008a5b  __aeabi_memclr4                                                                             
00008a5b  __aeabi_memclr8                                                                             
00008a69  _ZN5board15Board_I2cBusGetEj                                                                
00008a81  _ZN5board19Board_ButtonGetNameENS_13BoardButtonIdE                                          
00008a99  _ZN7drivers20LoraUart_GetBaudrateEPKNS_15LoraUartContextE                                   
00008ab1  _ZN7drivers27MotorDriverUart_GetBaudrateEPKNS_22MotorDriverUartContextE                     
00008adf  _ZN7drivers11Led_IsReadyEPKNS_10LedContextE                                                 
00008af5  _ZN7drivers14Buzzer_IsReadyEPKNS_13BuzzerContextE                                           
00008b0b  _ZN7drivers16LoraUart_IsReadyEPKNS_15LoraUartContextE                                       
00008b21  _ZN7drivers23MotorDriverUart_IsReadyEPKNS_22MotorDriverUartContextE                         
00008b37  __TI_zero_init_nomemset                                                                     
00008b4d  _ZN5board14Board_FramInitEv                                                                 
00008b61  _ZN5board14Board_FramReadEtPht                                                              
00008b75  _ZN5board15Board_LoraWriteEPKht                                                             
00008b89  _ZN5board16Board_BuzzerInitEv                                                               
00008b9d  _ZN5board18Board_FramReadByteEtPh                                                           
00008bb1  _ZN5board18Board_FramSelfTestEv                                                             
00008bc5  _ZN5board19Board_FramWriteByteEth                                                           
00008bd9  _ZN5board19Board_StatusLedInitEv                                                            
00008bed  _ZN5board22Board_MotorDriverWriteEPKht                                                      
00008c01  _ZN5board24Board_Ina219ProbeAddressEhPt                                                     
00008c15  _ZN5board24Board_Ina219ReadRegisterEhPt                                                     
00008c29  _ZN5board25Board_Ina219WriteRegisterEht                                                     
00008c3d  _ZN7drivers19Fm24cl64b_WriteByteEPNS_16Fm24cl64bContextEth                                  
00008c51  _ZN8services15Shell_WriteLineEPKc                                                           
00008c65  DL_SPI_setClockConfig                                                                       
00008c77  DL_UART_setClockConfig                                                                      
00008c89  __TI_decompress_none                                                                        
00008c9d  SysTick_Handler                                                                             
00008cad  UART0_IRQHandler                                                                            
00008cbd  UART1_IRQHandler                                                                            
00008cdd  _ZN5board14Board_BuzzerOnEv                                                                 
00008ced  _ZN5board15Board_BuzzerOffEv                                                                
00008cfd  _ZN5board17Board_FramIsReadyEv                                                              
00008d0d  _ZN5board17Board_Ina219ResetEv                                                              
00008d1d  _ZN5board17Board_LoraIsReadyEv                                                              
00008d2d  _ZN5board17Board_StatusLedOnEv                                                              
00008d3d  _ZN5board18Board_LoraReadByteEPh                                                            
00008d4d  _ZN5board18Board_StatusLedOffEv                                                             
00008d5d  _ZN5board19Board_BuzzerIsReadyEv                                                            
00008d6d  _ZN5board19Board_Ina219IsReadyEv                                                            
00008d7d  _ZN5board19Board_LoraWriteByteEh                                                            
00008d8d  _ZN5board20Board_FramRecoverBusEv                                                           
00008d9d  _ZN5board21Board_LoraGetBaudrateEv                                                          
00008dad  _ZN5board22Board_Ina219GetAddressEv                                                         
00008dbd  _ZN5board22Board_Ina219RecoverBusEv                                                         
00008dcd  _ZN5board22Board_Ina219SetAddressEh                                                         
00008ddd  _ZN5board22Board_StatusLedIsReadyEv                                                         
00008ded  _ZN5board23Board_Ina219CalibrationEv                                                        
00008dfd  _ZN5board23Board_LoraClearRxBufferEv                                                        
00008e0d  _ZN5board24Board_LoraGetRxAvailableEv                                                       
00008e1d  _ZN5board24Board_MotorDriverIsReadyEv                                                       
00008e2d  _ZN5board25Board_MotorDriverReadByteEPh                                                     
00008e3d  _ZN5board26Board_MotorDriverWriteByteEh                                                     
00008e4d  _ZN5board27Board_Ina219ReadMeasurementEPN7drivers17Ina219MeasurementE                       
00008e5d  _ZN5board27Board_LoraGetRxDroppedCountEv                                                    
00008e6d  _ZN5board28Board_Ina219ConfigureDefaultEv                                                   
00008e7d  _ZN5board28Board_Ina219ReadRawRegistersEPN7drivers18Ina219RawRegistersE                     
00008e8d  _ZN5board28Board_MotorDriverGetBaudrateEv                                                   
00008e9d  _ZN5board29Board_LoraGetControllerStatusEPj                                                 
00008ead  _ZN5board30Board_MotorDriverClearRxBufferEv                                                 
00008ebd  _ZN5board31Board_MotorDriverGetRxAvailableEv                                                
00008ecd  _ZN5board34Board_MotorDriverGetRxDroppedCountEv                                             
00008edd  _ZN5board36Board_MotorDriverGetControllerStatusEPj                                          
00008eed  _ZN8services9Fault_SetENS_9FaultCodeE                                                       
00008efd  _ZN5board16Board_ImuIsReadyEv                                                               
00008f09  _ZN7drivers26LoraUart_GetRxDroppedCountEPKNS_15LoraUartContextE                             
00008f15  _ZN7drivers33MotorDriverUart_GetRxDroppedCountEPKNS_22MotorDriverUartContextE               
00008f21  _ZN8services10Fault_InitEv                                                                  
00008f2d  _ZN8services11Time_MillisEv                                                                 
00008f39  _ZN8services17DebugUart_IsReadyEv                                                           
00008f45  _ZN8services9Fault_GetEv                                                                    
00008f51  DL_Common_delayCycles                                                                       
00008f5b  _ZN7drivers18Fm24cl64b_ReadByteEPNS_16Fm24cl64bContextEtPh                                  
00008f65  _ZN8services15Shell_WriteCharEc                                                             
00008f6d  _ZN8services17Shell_WriteStringEPKc                                                         
00008f75  _ZN8services17Shell_WriteUInt32Ej                                                           
00008f7d  __aeabi_memcpy                                                                              
00008f7d  __aeabi_memcpy4                                                                             
00008f7d  __aeabi_memcpy8                                                                             
00008f85  _ZN5board23Board_FramCapacityBytesEv                                                        
00008f8b  abort                                                                                       
00008f90  C$$EXIT                                                                                     
00008f91  HOSTexit                                                                                    
00008f95  Reset_Handler                                                                               
00008f99  _ZN5board17Board_I2cBusCountEv                                                              
00008f9d  _system_pre_init                                                                            
0000a140  __TI_Handler_Table_Base                                                                     
0000a14c  __TI_Handler_Table_Limit                                                                    
0000a160  __TI_CINIT_Base                                                                             
0000a170  __TI_CINIT_Limit                                                                            
0000a170  __TI_CINIT_Warm                                                                             
20200000  __start___llvm_prf_bits                                                                     
20200000  __start___llvm_prf_cnts                                                                     
20200000  __stop___llvm_prf_bits                                                                      
20200000  __stop___llvm_prf_cnts                                                                      
202002e0  gIMU_SPIBackup                                                                              
2020ff00  __stack                                                                                     
20210000  __STACK_END                                                                                 
ffffffff  __TI_pprof_out_hndl                                                                         
ffffffff  __TI_prof_data_size                                                                         
ffffffff  __TI_prof_data_start                                                                        
ffffffff  __binit__                                                                                   
ffffffff  binit                                                                                       
UNDEFED   __mpu_init                                                                                  
UNDEFED   _system_post_cinit                                                                          

[276 symbols]
