******************************************************************************
            TI ARM Clang Linker PC v5.1.1                      
******************************************************************************
>> Linked Sun Jul  5 20:34:33 2026

OUTPUT FILE NAME:   <gugaPI.out>
ENTRY POINT SYMBOL: "_c_int00_noargs"  address: 00009799


MEMORY CONFIGURATION

         name            origin    length      used     unused   attr    fill
----------------------  --------  ---------  --------  --------  ----  --------
  FLASH                 00000000   00080000  0000b398  00074c68  R  X
  SRAM_BANK0            20200000   00010000  00000684  0000f97c  RW X
  SRAM_BANK1            20210000   00010000  00000000  00010000  RW X
  BCR_CONFIG            41c00000   000000ff  00000000  000000ff  R   
  BSL_CONFIG            41c00100   00000080  00000000  00000080  R   
  DATA                  41d00000   00004000  00000000  00004000  R   


SEGMENT ALLOCATION MAP

run origin  load origin   length   init length attrs members
----------  ----------- ---------- ----------- ----- -------
00000000    00000000    00009f38   00009f38    r-x
  00000000    00000000    000000c0   000000c0    r-- .intvecs
  000000c0    000000c0    00009e78   00009e78    r-x .text
00009f40    00009f40    00001460   00001460    r--
  00009f40    00009f40    00001430   00001430    r-- .rodata
  0000b370    0000b370    00000030   00000030    r-- .cinit
20200000    20200000    00000584   00000000    rw-
  20200000    20200000    00000308   00000000    rw- .bss
  20200308    20200308    0000027c   00000000    rw- .data
2020ff00    2020ff00    00000100   00000000    rw-
  2020ff00    2020ff00    00000100   00000000    rw- .stack


SECTION ALLOCATION MAP

 output                                  attributes/
section   page    origin      length       input sections
--------  ----  ----------  ----------   ----------------
.intvecs   0    00000000    000000c0     
                  00000000    000000c0     startup_mspm0g351x_ticlang.o (.intvecs)

.text      0    000000c0    00009e78     
                  000000c0    00001360     app_shell.o (.text._ZN3app12_GLOBAL__N_112MotorCommandEiPKPKc)
                  00001420    00000a5c     app_shell.o (.text._ZN3app12_GLOBAL__N_110ImuCommandEiPKPKc)
                  00001e7c    000008c0     app_shell.o (.text._ZN3app12_GLOBAL__N_113Ina219CommandEiPKPKc)
                  0000273c    00000880     app_shell.o (.text._ZN3app12_GLOBAL__N_111LoraCommandEiPKPKc)
                  00002fbc    00000724     app_shell.o (.text._ZN3app12_GLOBAL__N_110I2cCommandEiPKPKc)
                  000036e0    00000474     shell.o (.text._ZN8services12_GLOBAL__N_113HandleLineEndEv)
                  00003b54    00000430     app_shell.o (.text._ZN3app12_GLOBAL__N_111FramCommandEiPKPKc)
                  00003f84    00000334     app_shell.o (.text._ZN3app12_GLOBAL__N_112MotorRequestEhhPKhhPNS0_18MotorProtocolFrameE)
                  000042b8    000002cc     board_imu.o (.text._ZN5board12_GLOBAL__N_123ReadRegisterWithCommandEhPh)
                  00004584    00000284     board_imu.o (.text._ZN5board22Board_ImuWiggleSpiPinsEj)
                  00004808    00000238     i2c_diag.o (.text._ZN7drivers16I2cDiag_ReadReg8EPKNS_16I2cDiagBusConfigEhhPht)
                  00004a40    00000234     board_imu.o (.text._ZN5board21Board_ImuSpiSampleIcmEhPhj)
                  00004c74    00000230     app_shell.o (.text._ZN3app12_GLOBAL__N_113ButtonCommandEiPKPKc)
                  00004ea4    00000224     fm24cl64b.o (.text._ZN7drivers14Fm24cl64b_ReadEPNS_16Fm24cl64bContextEtPht)
                  000050c8    0000021c     board_imu.o (.text._ZN5board20Board_ImuSpiBurstIcmEjh)
                  000052e4    000001e0     ina219.o (.text._ZN7drivers17Ina219_RecoverBusEPNS_13Ina219ContextE)
                  000054c4    000001e0     fm24cl64b.o (.text._ZN7drivers20Fm24cl64b_RecoverBusEPNS_16Fm24cl64bContextE)
                  000056a4    000001d0     fm24cl64b.o (.text._ZN7drivers15Fm24cl64b_WriteEPNS_16Fm24cl64bContextEtPKht)
                  00005874    000001d0     i2c_diag.o (.text._ZN7drivers18I2cDiag_RecoverBusEPKNS_16I2cDiagBusConfigE)
                  00005a44    000001c8     i2c_diag.o (.text._ZN7drivers17I2cDiag_WriteReg8EPKNS_16I2cDiagBusConfigEhhPKht)
                  00005c0c    000001b0     scheduler.o (.text._ZN8services13Scheduler_RunEv)
                  00005dbc    000001a4     ina219.o (.text._ZN7drivers12_GLOBAL__N_120ReadRegisterInternalEPNS_13Ina219ContextEhPt)
                  00005f60    00000188     i2c_diag.o (.text._ZN7drivers20I2cDiag_ProbeAddressEPKNS_16I2cDiagBusConfigEh)
                  000060e8    00000170     app_shell.o (.text._ZN3app12_GLOBAL__N_113ParseI2cRangeEiPKPKchPhS5_)
                  00006258    00000148     app_shell.o (.text._ZN3app12_GLOBAL__N_114PrintI2cStatusEPKN7drivers16I2cDiagBusConfigE)
                  000063a0    00000140     debug_uart.o (.text._ZN8services21DebugUart_WriteUInt32Ej)
                  000064e0    0000013c     app_shell.o (.text._ZN3app12_GLOBAL__N_110I2cScanBusEPKN7drivers16I2cDiagBusConfigEhhb)
                  0000661c    00000124     app_shell.o (.text._ZN3app25AppShell_RegisterCommandsEv)
                  00006740    00000120     ina219.o (.text._ZN7drivers12_GLOBAL__N_121WriteRegisterInternalEPNS_13Ina219ContextEht)
                  00006860    00000108     app_shell.o (.text._ZN3app12_GLOBAL__N_119PrintMotorFrameDataEPKcRKNS0_18MotorProtocolFrameE)
                  00006968    00000100     shell.o (.text._ZN8services10Shell_InitEv)
                  00006a68    000000fc     ti_msp_dl_config.o (.text.SYSCFG_DL_GPIO_init)
                  00006b64    000000e0     app_shell.o (.text._ZN3app12_GLOBAL__N_110LedCommandEiPKPKc)
                  00006c44    000000e0     app_shell.o (.text._ZN3app12_GLOBAL__N_113BuzzerCommandEiPKPKc)
                  00006d24    000000e0     scheduler.o (.text._ZN8services17Scheduler_AddTaskEPKcPFvvEjjPh)
                  00006e04    000000d8     app_shell.o (.text._ZN3app12_GLOBAL__N_115PrintMotorUsageEv)
                  00006edc    000000d4     shell.o (.text._ZN8services21Shell_RegisterCommandEPKcS1_PFviPKS1_E)
                  00006fb0    000000d0     app_shell.o (.text._ZN3app12_GLOBAL__N_121PrintMotorEncoderLineEPKcRKNS0_18MotorProtocolFrameE)
                  00007080    000000c8     board_imu.o (.text._ZN5board25Board_Lis3mdlReadRegisterEhPh)
                  00007148    000000c8     ina219.o (.text._ZN7drivers11Ina219_InitEPNS_13Ina219ContextEPKNS_12Ina219ConfigE)
                  00007210    000000c8     lora.o (.text._ZN7drivers14LoraUart_WriteEPNS_15LoraUartContextEPKht)
                  000072d8    000000c8     motor_driver_uart.o (.text._ZN7drivers21MotorDriverUart_WriteEPNS_22MotorDriverUartContextEPKht)
                  000073a0    000000c4     board_imu.o (.text._ZN5board26Board_Icm45686ReadRegisterEhPh)
                  00007464    000000c0     board_imu.o (.text._ZN5board23Board_Lis3mdlReadWhoAmIEPh)
                  00007524    000000b8     ina219.o (.text._ZN7drivers12_GLOBAL__N_113ReleaseI2cBusEPKNS_12Ina219ConfigE)
                  000075dc    000000b8     i2c_diag.o (.text._ZN7drivers12_GLOBAL__N_113ReleaseI2cBusEPKNS_16I2cDiagBusConfigE)
                  00007694    000000b4     motor_driver_uart.o (.text._ZN7drivers20MotorDriverUart_InitEPNS_22MotorDriverUartContextEPKNS_21MotorDriverUartConfigE)
                  00007748    000000b0     app_shell.o (.text._ZN3app12_GLOBAL__N_110WriteHex32Ej)
                  000077f8    000000b0     board_i2c_bus.o (.text._ZN5board16Board_I2cBusFindEPKc)
                  000078a8    000000b0     scheduler.o (.text._ZN8services14Scheduler_InitEv)
                  00007958    000000ac     app_shell.o (.text._ZN3app12_GLOBAL__N_110PwmCommandEiPKPKc)
                  00007a04    000000a4     app_shell.o (.text._ZN3app12_GLOBAL__N_118PrintMotorRpmBlockERKNS0_18MotorProtocolFrameE)
                  00007aa8    000000a4     fm24cl64b.o (.text._ZN7drivers18Fm24cl64b_SelfTestEPNS_16Fm24cl64bContextEt)
                  00007b4c    0000009c     app_shell.o (.text._ZN3app12_GLOBAL__N_111ParseUint32EPKcjPj)
                  00007be8    0000009c     board_imu.o (.text._ZN5board19Board_ImuSetSpiModeEh)
                  00007c84    0000009a     libc.a : memcpy16.S.obj (.text:memcpy)
                  00007d1e    00000002     startup_mspm0g351x_ticlang.o (.text.Default_Handler)
                  00007d20    00000098     motor_driver_uart.o (.text._ZN7drivers29MotorDriverUart_ClearRxBufferEPNS_22MotorDriverUartContextE)
                  00007db8    00000094     lora.o (.text._ZN7drivers18LoraUart_WriteByteEPNS_15LoraUartContextEh)
                  00007e4c    00000094     motor_driver_uart.o (.text._ZN7drivers25MotorDriverUart_WriteByteEPNS_22MotorDriverUartContextEh)
                  00007ee0    00000094     shell.o (.text._ZN8services13Shell_ProcessEv)
                  00007f74    00000092     ina219.o (.text._ZN7drivers23Ina219_ReadRawRegistersEPNS_13Ina219ContextEPNS_18Ina219RawRegistersE)
                  00008006    00000002     board.o (.text._ZN5board14Board_LateInitEv)
                  00008008    00000088     ti_msp_dl_config.o (.text.SYSCFG_DL_DEBUG_UART_init)
                  00008090    00000088     ti_msp_dl_config.o (.text.SYSCFG_DL_LORA_UART_init)
                  00008118    00000088     ti_msp_dl_config.o (.text.SYSCFG_DL_MOTOR_UART_init)
                  000081a0    00000084     lora.o (.text._ZN7drivers13LoraUart_InitEPNS_15LoraUartContextEPKNS_14LoraUartConfigE)
                  00008224    0000007e     app_shell.o (.text._ZN3app12_GLOBAL__N_113LoraWriteArgsEiPKPKcbPt)
                  000082a2    0000007e     app_shell.o (.text._ZN3app12_GLOBAL__N_114MotorWriteArgsEiPKPKcbPt)
                  00008320    0000007c     ti_msp_dl_config.o (.text.SYSCFG_DL_initPower)
                  0000839c    0000007c     lora.o (.text._ZN7drivers19LoraUart_IrqHandlerEPNS_15LoraUartContextE)
                  00008418    0000007c     libc.a : copy_decompress_lzss.c.obj (.text:decompress:lzss)
                  00008494    00000074     app_shell.o (.text._ZN3app12_GLOBAL__N_118PrintMotorPidBlockERKNS0_18MotorProtocolFrameE)
                  00008508    00000074     ina219.o (.text._ZN7drivers22Ina219_ReadMeasurementEPNS_13Ina219ContextEPNS_17Ina219MeasurementE)
                  0000857c    0000006c     debug_uart.o (.text.UART5_IRQHandler)
                  000085e8    0000006c     motor_driver_uart.o (.text._ZN7drivers26MotorDriverUart_IrqHandlerEPNS_22MotorDriverUartContextE)
                  00008654    0000006c     debug_uart.o (.text._ZN8services21DebugUart_WriteStringEPKc)
                  000086c0    00000068     app_shell.o (.text._ZN3app12_GLOBAL__N_113PrintImuUsageEv)
                  00008728    00000068     app_shell.o (.text._ZN3app12_GLOBAL__N_116PrintIna219UsageEv)
                  00008790    00000064     app_shell.o (.text._ZN3app12_GLOBAL__N_110WriteHex16Et)
                  000087f4    00000064     board_imu.o (.text._ZN5board22Board_ImuGetLineStatusEPNS_18BoardImuLineStatusE)
                  00008858    00000064     fm24cl64b.o (.text._ZN7drivers14Fm24cl64b_InitEPNS_16Fm24cl64bContextEPKNS_15Fm24cl64bConfigE)
                  000088bc    00000062     libc.a : memset16.S.obj (.text:memset)
                  0000891e    00000002     log.o (.text._ZN8services8Log_InitEv)
                  00008920    00000060     app_shell.o (.text._ZN3app12_GLOBAL__N_113PrintI2cUsageEv)
                  00008980    00000060     lora.o (.text._ZN7drivers22LoraUart_ClearRxBufferEPNS_15LoraUartContextE)
                  000089e0    0000005e     driverlib.a : dl_i2c.o (.text.DL_I2C_fillControllerTXFIFO)
                  00008a3e    0000005e     button.o (.text._ZN7drivers13Button_UpdateEPNS_13ButtonContextEj)
                  00008a9c    00000058     ina219.o (.text._ZN7drivers17Ina219_SetAddressEPNS_13Ina219ContextEh)
                  00008af4    00000058     i2c_diag.o (.text._ZN7drivers20I2cDiag_GetBusStatusEPKNS_16I2cDiagBusConfigEPNS_16I2cDiagBusStatusE)
                  00008b4c    00000054     ti_msp_dl_config.o (.text.SYSCFG_DL_FRAM_I2C_init)
                  00008ba0    00000054     ti_msp_dl_config.o (.text.SYSCFG_DL_INA219_I2C_init)
                  00008bf4    00000054     app_shell.o (.text._ZN3app12_GLOBAL__N_114PrintLoraUsageEv)
                  00008c48    00000054     debug_uart.o (.text._ZN8services14DebugUart_InitEv)
                  00008c9c    00000052     empty_cpp.o (.text.main)
                  00008cee    00000002     libclang_rt.builtins.a : aeabi_div0.c.obj (.text.__aeabi_idiv0)
                  00008cf0    00000050     board_ina219.o (.text._ZN5board16Board_Ina219InitEv)
                  00008d40    00000050     board_imu.o (.text._ZN5board27Board_ImuSetChipSelectDebugEbbbb)
                  00008d90    0000004c     ti_msp_dl_config.o (.text.SYSCFG_DL_IMU_SPI_init)
                  00008ddc    00000048     driverlib.a : dl_uart.o (.text.DL_UART_init)
                  00008e24    00000048     board_fram.o (.text._ZN5board22Board_FramGetBusStatusEPjPbS1_)
                  00008e6c    00000048     board_ina219.o (.text._ZN5board24Board_Ina219GetBusStatusEPjPbS1_)
                  00008eb4    00000048     debug_uart.o (.text._ZN8services18DebugUart_ReadByteEPh)
                  00008efc    00000044     driverlib.a : dl_spi.o (.text.DL_SPI_init)
                  00008f40    00000044     board_imu.o (.text._ZN5board13Board_ImuInitEv)
                  00008f84    00000044     ina219.o (.text._ZN7drivers19Ina219_GetBusStatusEPNS_13Ina219ContextEPNS_15Ina219BusStatusE)
                  00008fc8    00000044     fm24cl64b.o (.text._ZN7drivers22Fm24cl64b_GetBusStatusEPNS_16Fm24cl64bContextEPNS_18Fm24cl64bBusStatusE)
                  0000900c    00000040     app_shell.o (.text._ZN3app12_GLOBAL__N_114PrintFramUsageEv)
                  0000904c    00000040     app_shell.o (.text._ZN3app12_GLOBAL__N_114VersionCommandEiPKPKc)
                  0000908c    00000040     lora.o (.text._ZN7drivers17LoraUart_ReadByteEPNS_15LoraUartContextEPh)
                  000090cc    00000040     motor_driver_uart.o (.text._ZN7drivers24MotorDriverUart_ReadByteEPNS_22MotorDriverUartContextEPh)
                  0000910c    00000040     libclang_rt.builtins.a : aeabi_uidivmod.S.obj (.text)
                  0000914c    0000003e     button.o (.text._ZN7drivers11Button_InitEPNS_13ButtonContextEPKNS_12ButtonConfigE)
                  0000918a    00000002     --HOLE-- [fill = 0]
                  0000918c    0000003c     driverlib.a : dl_i2c.o (.text.DL_I2C_flushControllerTXFIFO)
                  000091c8    0000003c     app_shell.o (.text._ZN3app12_GLOBAL__N_19WriteHex8Eh)
                  00009204    0000003c     board_button.o (.text._ZN5board17Board_ButtonsInitEv)
                  00009240    0000003c     ina219.o (.text._ZN7drivers23Ina219_ConfigureDefaultEPNS_13Ina219ContextE)
                  0000927c    0000003c     libc.a : autoinit.c.obj (.text:__TI_auto_init_nobinit_nopinit)
                  000092b8    00000038     buzzer.o (.text._ZN7drivers11Buzzer_InitEPNS_13BuzzerContextEPKNS_12BuzzerConfigE)
                  000092f0    00000038     button.o (.text._ZN7drivers14Button_ReadRawEPNS_13ButtonContextEPb)
                  00009328    00000038     ina219.o (.text._ZN7drivers19Ina219_ProbeAddressEPNS_13Ina219ContextEhPt)
                  00009360    00000038     led.o (.text._ZN7drivers8Led_InitEPNS_10LedContextEPKNS_9LedConfigE)
                  00009398    00000038     time.o (.text._ZN8services9Time_InitEv)
                  000093d0    00000034     ti_msp_dl_config.o (.text.SYSCFG_DL_init)
                  00009404    00000034     app_main.o (.text._ZN3app8App_InitEv)
                  00009438    00000034     board_button.o (.text._ZN5board19Board_ButtonsUpdateEj)
                  0000946c    00000030     driverlib.a : dl_i2c.o (.text.DL_I2C_flushControllerRXFIFO)
                  0000949c    00000030                 : dl_uart.o (.text.DL_UART_transmitDataBlocking)
                  000094cc    00000030     ti_msp_dl_config.o (.text.SYSCFG_DL_SYSCTL_init)
                  000094fc    00000030     app_shell.o (.text._ZN3app12_GLOBAL__N_115WriteStatusLineEPKcN7drivers12DriverStatusE)
                  0000952c    00000030     buzzer.o (.text._ZN7drivers10Buzzer_OffEPNS_13BuzzerContextE)
                  0000955c    00000030     led.o (.text._ZN7drivers6Led_OnEPNS_10LedContextE)
                  0000958c    00000030     led.o (.text._ZN7drivers7Led_OffEPNS_10LedContextE)
                  000095bc    00000030     buzzer.o (.text._ZN7drivers9Buzzer_OnEPNS_13BuzzerContextE)
                  000095ec    0000002e     ina219.o (.text._ZN7drivers19Ina219_ReadRegisterEPNS_13Ina219ContextEhPt)
                  0000961a    0000002c     ina219.o (.text._ZN7drivers20Ina219_WriteRegisterEPNS_13Ina219ContextEht)
                  00009646    00000002     --HOLE-- [fill = 0]
                  00009648    0000002c     lora.o (.text._ZN7drivers28LoraUart_GetControllerStatusEPKNS_15LoraUartContextEPj)
                  00009674    0000002c     motor_driver_uart.o (.text._ZN7drivers35MotorDriverUart_GetControllerStatusEPKNS_22MotorDriverUartContextEPj)
                  000096a0    0000002a     ina219.o (.text._ZN7drivers12Ina219_ResetEPNS_13Ina219ContextE)
                  000096ca    0000002a     lora.o (.text._ZN7drivers23LoraUart_GetRxAvailableEPKNS_15LoraUartContextE)
                  000096f4    0000002a     motor_driver_uart.o (.text._ZN7drivers30MotorDriverUart_GetRxAvailableEPKNS_22MotorDriverUartContextE)
                  0000971e    00000002     --HOLE-- [fill = 0]
                  00009720    00000028     app_shell.o (.text._ZN3app12_GLOBAL__N_112ResetCommandEiPKPKc)
                  00009748    00000028     board_lora.o (.text._ZN5board14Board_LoraInitEv)
                  00009770    00000028     board_motor_driver.o (.text._ZN5board21Board_MotorDriverInitEv)
                  00009798    00000028     libc.a : boot_cortex_m.c.obj (.text:_c_int00_noargs)
                  000097c0    00000026     driverlib.a : dl_i2c.o (.text.DL_I2C_setClockConfig)
                  000097e6    00000002     --HOLE-- [fill = 0]
                  000097e8    00000024     app_shell.o (.text._ZN3app12_GLOBAL__N_110WriteInt32Ei)
                  0000980c    00000024     board.o (.text._ZN5board10Board_InitEv)
                  00009830    00000022     button.o (.text._ZN7drivers17Button_WasPressedEPNS_13ButtonContextE)
                  00009852    00000022     button.o (.text._ZN7drivers18Button_WasReleasedEPNS_13ButtonContextE)
                  00009874    0000001e     ina219.o (.text._ZN7drivers17Ina219_GetAddressEPKNS_13Ina219ContextE)
                  00009892    0000001e     ina219.o (.text._ZN7drivers21Ina219_GetCalibrationEPKNS_13Ina219ContextE)
                  000098b0    0000001c     driverlib.a : dl_spi.o (.text.DL_SPI_receiveDataCheck8)
                  000098cc    0000001c                 : dl_spi.o (.text.DL_SPI_transmitDataCheck8)
                  000098e8    0000001c     app_main.o (.text._ZN3app7App_RunEv)
                  00009904    0000001c     board_button.o (.text._ZN5board19Board_ButtonReadRawENS_13BoardButtonIdEPb)
                  00009920    0000001c     board_button.o (.text._ZN5board21Board_ButtonIsPressedENS_13BoardButtonIdE)
                  0000993c    0000001c     board_button.o (.text._ZN5board22Board_ButtonWasPressedENS_13BoardButtonIdE)
                  00009958    0000001c     board_button.o (.text._ZN5board23Board_ButtonWasReleasedENS_13BoardButtonIdE)
                  00009974    0000001c     ina219.o (.text._ZN7drivers14Ina219_IsReadyEPKNS_13Ina219ContextE)
                  00009990    0000001c     fm24cl64b.o (.text._ZN7drivers17Fm24cl64b_IsReadyEPKNS_16Fm24cl64bContextE)
                  000099ac    0000001c     debug_uart.o (.text._ZN8services19DebugUart_WriteCharEc)
                  000099c8    0000001a     button.o (.text._ZN7drivers16Button_IsPressedEPKNS_13ButtonContextE)
                  000099e2    00000002     --HOLE-- [fill = 0]
                  000099e4    0000001a     libclang_rt.builtins.a : aeabi_memset.S.obj (.text)
                  000099fe    00000002     --HOLE-- [fill = 0]
                  00009a00    00000018     board_i2c_bus.o (.text._ZN5board15Board_I2cBusGetEj)
                  00009a18    00000018     board_button.o (.text._ZN5board19Board_ButtonGetNameENS_13BoardButtonIdE)
                  00009a30    00000018     lora.o (.text._ZN7drivers20LoraUart_GetBaudrateEPKNS_15LoraUartContextE)
                  00009a48    00000018     motor_driver_uart.o (.text._ZN7drivers27MotorDriverUart_GetBaudrateEPKNS_22MotorDriverUartContextE)
                  00009a60    00000016     app_main.o (.text._ZN12_GLOBAL__N_118App_ButtonScanTaskEv)
                  00009a76    00000016     led.o (.text._ZN7drivers11Led_IsReadyEPKNS_10LedContextE)
                  00009a8c    00000016     buzzer.o (.text._ZN7drivers14Buzzer_IsReadyEPKNS_13BuzzerContextE)
                  00009aa2    00000016     lora.o (.text._ZN7drivers16LoraUart_IsReadyEPKNS_15LoraUartContextE)
                  00009ab8    00000016     motor_driver_uart.o (.text._ZN7drivers23MotorDriverUart_IsReadyEPKNS_22MotorDriverUartContextE)
                  00009ace    00000016     libc.a : copy_zero_init.c.obj (.text:decompress:ZI:__TI_zero_init_nomemset)
                  00009ae4    00000014     board_fram.o (.text._ZN5board14Board_FramInitEv)
                  00009af8    00000014     board_fram.o (.text._ZN5board14Board_FramReadEtPht)
                  00009b0c    00000014     board_lora.o (.text._ZN5board15Board_LoraWriteEPKht)
                  00009b20    00000014     board_buzzer.o (.text._ZN5board16Board_BuzzerInitEv)
                  00009b34    00000014     board_fram.o (.text._ZN5board18Board_FramReadByteEtPh)
                  00009b48    00000014     board_fram.o (.text._ZN5board18Board_FramSelfTestEv)
                  00009b5c    00000014     board_fram.o (.text._ZN5board19Board_FramWriteByteEth)
                  00009b70    00000014     board_led.o (.text._ZN5board19Board_StatusLedInitEv)
                  00009b84    00000014     board_motor_driver.o (.text._ZN5board22Board_MotorDriverWriteEPKht)
                  00009b98    00000014     board_ina219.o (.text._ZN5board24Board_Ina219ProbeAddressEhPt)
                  00009bac    00000014     board_ina219.o (.text._ZN5board24Board_Ina219ReadRegisterEhPt)
                  00009bc0    00000014     board_ina219.o (.text._ZN5board25Board_Ina219WriteRegisterEht)
                  00009bd4    00000014     fm24cl64b.o (.text._ZN7drivers19Fm24cl64b_WriteByteEPNS_16Fm24cl64bContextEth)
                  00009be8    00000014     shell.o (.text._ZN8services15Shell_WriteLineEPKc)
                  00009bfc    00000012     driverlib.a : dl_spi.o (.text.DL_SPI_setClockConfig)
                  00009c0e    00000012                 : dl_uart.o (.text.DL_UART_setClockConfig)
                  00009c20    00000012     libc.a : copy_decompress_none.c.obj (.text:decompress:none)
                  00009c32    00000002     --HOLE-- [fill = 0]
                  00009c34    00000010     time.o (.text.SysTick_Handler)
                  00009c44    00000010     board_lora.o (.text.UART0_IRQHandler)
                  00009c54    00000010     board_motor_driver.o (.text.UART1_IRQHandler)
                  00009c64    00000010     app_shell.o (.text._ZN3app12_GLOBAL__N_110AdcCommandEiPKPKc)
                  00009c74    00000010     board_buzzer.o (.text._ZN5board14Board_BuzzerOnEv)
                  00009c84    00000010     board_buzzer.o (.text._ZN5board15Board_BuzzerOffEv)
                  00009c94    00000010     board_fram.o (.text._ZN5board17Board_FramIsReadyEv)
                  00009ca4    00000010     board_ina219.o (.text._ZN5board17Board_Ina219ResetEv)
                  00009cb4    00000010     board_lora.o (.text._ZN5board17Board_LoraIsReadyEv)
                  00009cc4    00000010     board_led.o (.text._ZN5board17Board_StatusLedOnEv)
                  00009cd4    00000010     board_lora.o (.text._ZN5board18Board_LoraReadByteEPh)
                  00009ce4    00000010     board_led.o (.text._ZN5board18Board_StatusLedOffEv)
                  00009cf4    00000010     board_buzzer.o (.text._ZN5board19Board_BuzzerIsReadyEv)
                  00009d04    00000010     board_ina219.o (.text._ZN5board19Board_Ina219IsReadyEv)
                  00009d14    00000010     board_lora.o (.text._ZN5board19Board_LoraWriteByteEh)
                  00009d24    00000010     board_fram.o (.text._ZN5board20Board_FramRecoverBusEv)
                  00009d34    00000010     board_lora.o (.text._ZN5board21Board_LoraGetBaudrateEv)
                  00009d44    00000010     board_ina219.o (.text._ZN5board22Board_Ina219GetAddressEv)
                  00009d54    00000010     board_ina219.o (.text._ZN5board22Board_Ina219RecoverBusEv)
                  00009d64    00000010     board_ina219.o (.text._ZN5board22Board_Ina219SetAddressEh)
                  00009d74    00000010     board_led.o (.text._ZN5board22Board_StatusLedIsReadyEv)
                  00009d84    00000010     board_ina219.o (.text._ZN5board23Board_Ina219CalibrationEv)
                  00009d94    00000010     board_lora.o (.text._ZN5board23Board_LoraClearRxBufferEv)
                  00009da4    00000010     board_lora.o (.text._ZN5board24Board_LoraGetRxAvailableEv)
                  00009db4    00000010     board_motor_driver.o (.text._ZN5board24Board_MotorDriverIsReadyEv)
                  00009dc4    00000010     board_motor_driver.o (.text._ZN5board25Board_MotorDriverReadByteEPh)
                  00009dd4    00000010     board_motor_driver.o (.text._ZN5board26Board_MotorDriverWriteByteEh)
                  00009de4    00000010     board_ina219.o (.text._ZN5board27Board_Ina219ReadMeasurementEPN7drivers17Ina219MeasurementE)
                  00009df4    00000010     board_lora.o (.text._ZN5board27Board_LoraGetRxDroppedCountEv)
                  00009e04    00000010     board_ina219.o (.text._ZN5board28Board_Ina219ConfigureDefaultEv)
                  00009e14    00000010     board_ina219.o (.text._ZN5board28Board_Ina219ReadRawRegistersEPN7drivers18Ina219RawRegistersE)
                  00009e24    00000010     board_motor_driver.o (.text._ZN5board28Board_MotorDriverGetBaudrateEv)
                  00009e34    00000010     board_lora.o (.text._ZN5board29Board_LoraGetControllerStatusEPj)
                  00009e44    00000010     board_motor_driver.o (.text._ZN5board30Board_MotorDriverClearRxBufferEv)
                  00009e54    00000010     board_motor_driver.o (.text._ZN5board31Board_MotorDriverGetRxAvailableEv)
                  00009e64    00000010     board_motor_driver.o (.text._ZN5board34Board_MotorDriverGetRxDroppedCountEv)
                  00009e74    00000010     board_motor_driver.o (.text._ZN5board36Board_MotorDriverGetControllerStatusEPj)
                  00009e84    00000010     fault.o (.text._ZN8services9Fault_SetENS_9FaultCodeE)
                  00009e94    0000000c     board_imu.o (.text._ZN5board16Board_ImuIsReadyEv)
                  00009ea0    0000000c     lora.o (.text._ZN7drivers26LoraUart_GetRxDroppedCountEPKNS_15LoraUartContextE)
                  00009eac    0000000c     motor_driver_uart.o (.text._ZN7drivers33MotorDriverUart_GetRxDroppedCountEPKNS_22MotorDriverUartContextE)
                  00009eb8    0000000c     fault.o (.text._ZN8services10Fault_InitEv)
                  00009ec4    0000000c     time.o (.text._ZN8services11Time_MillisEv)
                  00009ed0    0000000c     debug_uart.o (.text._ZN8services17DebugUart_IsReadyEv)
                  00009edc    0000000c     fault.o (.text._ZN8services9Fault_GetEv)
                  00009ee8    0000000a     driverlib.a : dl_common.o (.text.DL_Common_delayCycles)
                  00009ef2    0000000a     fm24cl64b.o (.text._ZN7drivers18Fm24cl64b_ReadByteEPNS_16Fm24cl64bContextEtPh)
                  00009efc    00000008     shell.o (.text._ZN8services15Shell_WriteCharEc)
                  00009f04    00000008     shell.o (.text._ZN8services17Shell_WriteStringEPKc)
                  00009f0c    00000008     shell.o (.text._ZN8services17Shell_WriteUInt32Ej)
                  00009f14    00000008     libclang_rt.builtins.a : aeabi_memcpy.S.obj (.text)
                  00009f1c    00000006     board_fram.o (.text._ZN5board23Board_FramCapacityBytesEv)
                  00009f22    00000006     libc.a : exit.c.obj (.text:abort)
                  00009f28    00000004     libsysbm.a : hostexit.c.obj (.text.HOSTexit)
                  00009f2c    00000004     startup_mspm0g351x_ticlang.o (.text.Reset_Handler)
                  00009f30    00000004     board_i2c_bus.o (.text._ZN5board17Board_I2cBusCountEv)
                  00009f34    00000004     libc.a : pre_init.c.obj (.text._system_pre_init)

.cinit     0    0000b370    00000030     
                  0000b370    0000000c     (__TI_handler_table)
                  0000b37c    00000009     (.cinit..data.load) [load image, compression = lzss]
                  0000b385    00000003     --HOLE-- [fill = 0]
                  0000b388    00000008     (.cinit..bss.load) [load image, compression = zero_init]
                  0000b390    00000010     (__TI_cinit_table)

.rodata    0    00009f40    00001430     
                  00009f40    00000100     app_shell.o (.rodata..L.crctable)
                  0000a040    00000058     board_i2c_bus.o (.rodata._ZN5board12_GLOBAL__N_110g_i2cBusesE)
                  0000a098    00000045     app_shell.o (.rodata.str1.2354522874658768371.1)
                  0000a0dd    00000040     app_shell.o (.rodata.str1.5998451886276286134.1)
                  0000a11d    00000039     app_shell.o (.rodata.str1.444886150797460539.1)
                  0000a156    00000039     app_shell.o (.rodata.str1.9210286441137644766.1)
                  0000a18f    00000001     app_shell.o (.rodata._ZZN3app12_GLOBAL__N_112MotorCommandEiPKPKcE18kResetBothEncoders)
                  0000a190    00000038     board_ina219.o (.rodata._ZN5boardL14g_ina219ConfigE)
                  0000a1c8    00000035     app_shell.o (.rodata.str1.14384267027075031912.1)
                  0000a1fd    00000031     app_shell.o (.rodata.str1.13305312957799781956.1)
                  0000a22e    00000002     app_shell.o (.rodata._ZZN3app12_GLOBAL__N_112MotorCommandEiPKPKcE7kM1Stop)
                  0000a230    00000030     board_button.o (.rodata._ZN5board12_GLOBAL__N_115g_buttonConfigsE)
                  0000a260    00000030     app_shell.o (.rodata.str1.14683574465395229248.1)
                  0000a290    0000002c     board_fram.o (.rodata._ZN5boardL12g_framConfigE)
                  0000a2bc    0000002c     app_shell.o (.rodata.str1.16821001261222486393.1)
                  0000a2e8    0000002b     app_shell.o (.rodata.str1.13204140776596746875.1)
                  0000a313    0000002a     app_shell.o (.rodata.str1.14648361161363975803.1)
                  0000a33d    0000002a     app_shell.o (.rodata.str1.15195419684703654944.1)
                  0000a367    00000026     shell.o (.rodata.str1.6901712316327456926.1)
                  0000a38d    00000020     app_shell.o (.rodata.str1.1431720735396876446.1)
                  0000a3ad    00000020     app_shell.o (.rodata.str1.9018689912544847403.1)
                  0000a3cd    0000001f     app_shell.o (.rodata.str1.11187590877126870748.1)
                  0000a3ec    0000001f     app_shell.o (.rodata.str1.12080946370607717659.1)
                  0000a40b    0000001f     app_shell.o (.rodata.str1.8175931356486144895.1)
                  0000a42a    0000001f     app_shell.o (.rodata.str1.871335262082007188.1)
                  0000a449    0000001e     app_shell.o (.rodata.str1.15434941628325917383.1)
                  0000a467    0000001e     app_shell.o (.rodata.str1.9469166005307157086.1)
                  0000a485    0000001d     app_shell.o (.rodata.str1.12395812238841081648.1)
                  0000a4a2    0000001d     app_shell.o (.rodata.str1.14205965562906606532.1)
                  0000a4bf    0000001d     app_shell.o (.rodata.str1.5301191676092148263.1)
                  0000a4dc    0000001d     app_shell.o (.rodata.str1.5915467744016243284.1)
                  0000a4f9    00000003     shell.o (.rodata.str1.10427229796524742636.1)
                  0000a4fc    0000001c     app_shell.o (.rodata..Lswitch.table._ZN3app12_GLOBAL__N_115WriteStatusLineEPKcN7drivers12DriverStatusE)
                  0000a518    0000001c     app_shell.o (.rodata.str1.11208828733426745331.1)
                  0000a534    0000001c     app_shell.o (.rodata.str1.16899430920103358112.1)
                  0000a550    0000001c     app_shell.o (.rodata.str1.16920742144462411612.1)
                  0000a56c    0000001b     app_shell.o (.rodata.str1.6446933695614087048.1)
                  0000a587    0000001b     app_shell.o (.rodata.str1.9081962557253678714.1)
                  0000a5a2    0000001a     app_shell.o (.rodata.str1.5770566940880199477.1)
                  0000a5bc    0000001a     app_shell.o (.rodata.str1.6963926815691589692.1)
                  0000a5d6    0000001a     app_shell.o (.rodata.str1.7571154574660953324.1)
                  0000a5f0    00000019     app_shell.o (.rodata.str1.1047053269920726699.1)
                  0000a609    00000019     app_shell.o (.rodata.str1.13442463908107530774.1)
                  0000a622    00000019     app_shell.o (.rodata.str1.3791812099772881164.1)
                  0000a63b    00000001     app_shell.o (.rodata.str1.15957297692044786119.1)
                  0000a63c    00000018     app_shell.o (.rodata..Lswitch.table._ZN3app12_GLOBAL__N_114PrintI2cStatusEPKN7drivers16I2cDiagBusConfigE)
                  0000a654    00000018     board_lora.o (.rodata._ZN5boardL12g_loraConfigE)
                  0000a66c    00000018     board_motor_driver.o (.rodata._ZN5boardL19g_motorDriverConfigE)
                  0000a684    00000018     app_shell.o (.rodata.str1.11698549779809542857.1)
                  0000a69c    00000018     app_shell.o (.rodata.str1.15645525071624774828.1)
                  0000a6b4    00000018     app_shell.o (.rodata.str1.3801014448936389230.1)
                  0000a6cc    00000017     app_shell.o (.rodata.str1.15706013027452160776.1)
                  0000a6e3    00000017     shell.o (.rodata.str1.5680428239841774557.1)
                  0000a6fa    00000017     app_shell.o (.rodata.str1.8569159511768566713.1)
                  0000a711    00000016     app_shell.o (.rodata.str1.1349469432826125676.1)
                  0000a727    00000016     app_shell.o (.rodata.str1.14891418699318862133.1)
                  0000a73d    00000016     app_shell.o (.rodata.str1.1642163497366634869.1)
                  0000a753    00000016     app_shell.o (.rodata.str1.1818528395550233868.1)
                  0000a769    00000016     app_shell.o (.rodata.str1.8287504627243269121.1)
                  0000a77f    00000015     app_shell.o (.rodata.str1.11836969374611347342.1)
                  0000a794    00000015     app_shell.o (.rodata.str1.1222417806814152126.1)
                  0000a7a9    00000015     app_shell.o (.rodata.str1.14031660303973722868.1)
                  0000a7be    00000015     app_shell.o (.rodata.str1.15176035481894813218.1)
                  0000a7d3    00000015     app_shell.o (.rodata.str1.16227620492999702623.1)
                  0000a7e8    00000015     app_shell.o (.rodata.str1.17348661065144809008.1)
                  0000a7fd    00000015     app_shell.o (.rodata.str1.2942266741242204019.1)
                  0000a812    00000015     app_shell.o (.rodata.str1.8573948346423057931.1)
                  0000a827    00000014     app_shell.o (.rodata.str1.13456686701278321828.1)
                  0000a83b    00000013     app_shell.o (.rodata.str1.6394054571282083081.1)
                  0000a84e    00000013     app_shell.o (.rodata.str1.8497090786602423890.1)
                  0000a861    00000013     app_shell.o (.rodata.str1.8602760754867183125.1)
                  0000a874    00000013     app_shell.o (.rodata.str1.8767742179201719121.1)
                  0000a887    00000012     app_shell.o (.rodata.str1.107782727556153465.1)
                  0000a899    00000012     app_shell.o (.rodata.str1.11627215746227218045.1)
                  0000a8ab    00000012     app_shell.o (.rodata.str1.13030721149427952655.1)
                  0000a8bd    00000012     app_shell.o (.rodata.str1.13324323091560154661.1)
                  0000a8cf    00000012     app_shell.o (.rodata.str1.14665588872345235888.1)
                  0000a8e1    00000012     app_shell.o (.rodata.str1.17814141777586519065.1)
                  0000a8f3    00000012     app_shell.o (.rodata.str1.551504573030492924.1)
                  0000a905    00000012     app_shell.o (.rodata.str1.560197181004569561.1)
                  0000a917    00000012     app_shell.o (.rodata.str1.7579154775923007786.1)
                  0000a929    00000012     app_shell.o (.rodata.str1.8035528561561339514.1)
                  0000a93b    00000012     shell.o (.rodata.str1.8246939600463437344.1)
                  0000a94d    00000011     app_shell.o (.rodata.str1.11627259167888876947.1)
                  0000a95e    00000011     app_shell.o (.rodata.str1.12036585828892915957.1)
                  0000a96f    00000011     app_shell.o (.rodata.str1.14613035533147221857.1)
                  0000a980    00000011     app_shell.o (.rodata.str1.14677212197102816015.1)
                  0000a991    00000011     app_shell.o (.rodata.str1.16368304853068341593.1)
                  0000a9a2    00000011     app_shell.o (.rodata.str1.6578158171544725696.1)
                  0000a9b3    00000011     app_shell.o (.rodata.str1.7950140236767125311.1)
                  0000a9c4    00000011     app_shell.o (.rodata.str1.8793534488315853255.1)
                  0000a9d5    00000010     app_shell.o (.rodata.str1.11085599432999950484.1)
                  0000a9e5    00000010     app_shell.o (.rodata.str1.14827416709503782844.1)
                  0000a9f5    00000010     app_shell.o (.rodata.str1.15520279574724480647.1)
                  0000aa05    00000010     app_shell.o (.rodata.str1.17029008240216598945.1)
                  0000aa15    00000010     app_shell.o (.rodata.str1.264036748927759168.1)
                  0000aa25    00000010     app_shell.o (.rodata.str1.4561355912026728236.1)
                  0000aa35    00000010     app_shell.o (.rodata.str1.5612542551564952699.1)
                  0000aa45    00000010     app_shell.o (.rodata.str1.6219487071531100932.1)
                  0000aa55    00000010     app_shell.o (.rodata.str1.671945175647755142.1)
                  0000aa65    00000010     app_shell.o (.rodata.str1.7923626403509450708.1)
                  0000aa75    00000010     app_shell.o (.rodata.str1.795459456749244188.1)
                  0000aa85    00000010     app_shell.o (.rodata.str1.9141388473721648320.1)
                  0000aa95    00000010     app_shell.o (.rodata.str1.9244822838137428263.1)
                  0000aaa5    0000000f     app_shell.o (.rodata.str1.10673636489446728236.1)
                  0000aab4    0000000f     app_shell.o (.rodata.str1.10855919650491312362.1)
                  0000aac3    0000000f     app_shell.o (.rodata.str1.11747346528919543944.1)
                  0000aad2    0000000f     app_shell.o (.rodata.str1.12164603244115374595.1)
                  0000aae1    0000000f     app_shell.o (.rodata.str1.14241588195389562460.1)
                  0000aaf0    0000000f     app_shell.o (.rodata.str1.17876943342118536213.1)
                  0000aaff    0000000f     app_shell.o (.rodata.str1.3134304214227531536.1)
                  0000ab0e    0000000f     app_shell.o (.rodata.str1.3256265506082810711.1)
                  0000ab1d    0000000f     app_shell.o (.rodata.str1.3879560646291831357.1)
                  0000ab2c    0000000f     app_shell.o (.rodata.str1.4392945030196501414.1)
                  0000ab3b    0000000f     app_shell.o (.rodata.str1.5407661000085889072.1)
                  0000ab4a    0000000f     app_shell.o (.rodata.str1.5531439754045694522.1)
                  0000ab59    0000000f     app_shell.o (.rodata.str1.7267978533840413714.1)
                  0000ab68    0000000f     app_shell.o (.rodata.str1.8509687067808380963.1)
                  0000ab77    0000000f     app_shell.o (.rodata.str1.9051984071380436030.1)
                  0000ab86    0000000e     app_shell.o (.rodata.str1.10195084751130023350.1)
                  0000ab94    0000000e     app_shell.o (.rodata.str1.10256891727475852015.1)
                  0000aba2    0000000e     app_shell.o (.rodata.str1.11903828385650032657.1)
                  0000abb0    0000000e     app_shell.o (.rodata.str1.12583477948311004516.1)
                  0000abbe    0000000e     app_shell.o (.rodata.str1.13760472749468428784.1)
                  0000abcc    0000000e     app_shell.o (.rodata.str1.14082473703337987432.1)
                  0000abda    0000000e     app_shell.o (.rodata.str1.1451090849677487530.1)
                  0000abe8    0000000e     app_shell.o (.rodata.str1.15403383602945839188.1)
                  0000abf6    0000000e     app_shell.o (.rodata.str1.16815118733797554419.1)
                  0000ac04    0000000e     app_shell.o (.rodata.str1.17894747200582054988.1)
                  0000ac12    0000000e     app_shell.o (.rodata.str1.17942500811997078001.1)
                  0000ac20    0000000e     app_shell.o (.rodata.str1.2900415078221183578.1)
                  0000ac2e    0000000e     app_shell.o (.rodata.str1.5998459121093071997.1)
                  0000ac3c    0000000e     app_shell.o (.rodata.str1.626618899871332695.1)
                  0000ac4a    0000000e     app_shell.o (.rodata.str1.6725838405751831500.1)
                  0000ac58    0000000e     app_shell.o (.rodata.str1.6756868286634741853.1)
                  0000ac66    0000000e     app_shell.o (.rodata.str1.7078129644076030331.1)
                  0000ac74    0000000e     app_shell.o (.rodata.str1.9167415978045996327.1)
                  0000ac82    0000000d     app_shell.o (.rodata.str1.10761430618072912911.1)
                  0000ac8f    0000000d     app_shell.o (.rodata.str1.11325690732168652611.1)
                  0000ac9c    0000000d     app_shell.o (.rodata.str1.12082892960889789793.1)
                  0000aca9    0000000d     app_shell.o (.rodata.str1.12588545937538655288.1)
                  0000acb6    0000000d     app_shell.o (.rodata.str1.12824201010631389445.1)
                  0000acc3    0000000d     app_shell.o (.rodata.str1.13438288695896508174.1)
                  0000acd0    0000000d     app_shell.o (.rodata.str1.13993368087264210023.1)
                  0000acdd    0000000d     app_shell.o (.rodata.str1.1420893864952581301.1)
                  0000acea    0000000d     app_shell.o (.rodata.str1.14678420154468417691.1)
                  0000acf7    0000000d     app_shell.o (.rodata.str1.15397327130298834941.1)
                  0000ad04    0000000d     app_shell.o (.rodata.str1.15453031427744251291.1)
                  0000ad11    0000000d     app_shell.o (.rodata.str1.16608939394091912599.1)
                  0000ad1e    0000000d     app_shell.o (.rodata.str1.16835946644515092483.1)
                  0000ad2b    0000000d     app_shell.o (.rodata.str1.17353931100524941225.1)
                  0000ad38    0000000d     app_shell.o (.rodata.str1.17563913066770742391.1)
                  0000ad45    0000000d     app_shell.o (.rodata.str1.18076126304851181080.1)
                  0000ad52    0000000d     app_shell.o (.rodata.str1.232704503142678858.1)
                  0000ad5f    0000000d     app_shell.o (.rodata.str1.2370428100076675559.1)
                  0000ad6c    0000000d     app_shell.o (.rodata.str1.2885732806516245146.1)
                  0000ad79    0000000d     app_shell.o (.rodata.str1.296188832848622959.1)
                  0000ad86    0000000d     app_shell.o (.rodata.str1.4203577644585159315.1)
                  0000ad93    0000000d     app_shell.o (.rodata.str1.4906473829960206720.1)
                  0000ada0    0000000d     app_shell.o (.rodata.str1.4993949747219772545.1)
                  0000adad    0000000d     app_shell.o (.rodata.str1.5000143241413183010.1)
                  0000adba    0000000d     app_shell.o (.rodata.str1.5848672442950545206.1)
                  0000adc7    0000000d     app_shell.o (.rodata.str1.7493624433185208732.1)
                  0000add4    0000000d     app_shell.o (.rodata.str1.7850322238517394535.1)
                  0000ade1    0000000d     app_shell.o (.rodata.str1.8963702969112686911.1)
                  0000adee    0000000d     app_shell.o (.rodata.str1.9082118575882053516.1)
                  0000adfb    0000000d     app_shell.o (.rodata.str1.9705620893505900.1)
                  0000ae08    0000000c     board_button.o (.rodata..Lswitch.table._ZN5board19Board_ButtonGetNameENS_13BoardButtonIdE)
                  0000ae14    0000000c     board_imu.o (.rodata..Lswitch.table._ZN5board19Board_ImuSetSpiModeEh)
                  0000ae20    0000000c     board_buzzer.o (.rodata._ZN5boardL14g_buzzerConfigE)
                  0000ae2c    0000000c     board_led.o (.rodata._ZN5boardL17g_statusLedConfigE)
                  0000ae38    0000000c     app_shell.o (.rodata.str1.12185306449572332681.1)
                  0000ae44    0000000c     app_shell.o (.rodata.str1.12681352959443149009.1)
                  0000ae50    0000000c     app_shell.o (.rodata.str1.13157479058689081212.1)
                  0000ae5c    0000000c     app_shell.o (.rodata.str1.13507390935846511250.1)
                  0000ae68    0000000c     app_shell.o (.rodata.str1.14008062965805295334.1)
                  0000ae74    0000000c     app_shell.o (.rodata.str1.15409376994933409736.1)
                  0000ae80    0000000c     app_shell.o (.rodata.str1.15536306115837748184.1)
                  0000ae8c    0000000c     app_shell.o (.rodata.str1.16423083052983990348.1)
                  0000ae98    0000000c     app_shell.o (.rodata.str1.1715960982390498022.1)
                  0000aea4    0000000c     app_shell.o (.rodata.str1.17414183638713165213.1)
                  0000aeb0    0000000c     app_shell.o (.rodata.str1.1983276796565948189.1)
                  0000aebc    0000000c     app_shell.o (.rodata.str1.2292235750072059597.1)
                  0000aec8    0000000c     app_shell.o (.rodata.str1.3590894685082263268.1)
                  0000aed4    0000000c     app_shell.o (.rodata.str1.3892416308557052197.1)
                  0000aee0    0000000c     app_shell.o (.rodata.str1.4190646769514731288.1)
                  0000aeec    0000000c     app_shell.o (.rodata.str1.4542404440653722632.1)
                  0000aef8    0000000c     app_shell.o (.rodata.str1.5164433326538179767.1)
                  0000af04    0000000c     app_shell.o (.rodata.str1.5640218363402806195.1)
                  0000af10    0000000c     app_shell.o (.rodata.str1.7612592787831263617.1)
                  0000af1c    0000000c     app_shell.o (.rodata.str1.8150600325345066189.1)
                  0000af28    0000000c     app_shell.o (.rodata.str1.8778837135027269807.1)
                  0000af34    0000000c     app_shell.o (.rodata.str1.9307220092008964426.1)
                  0000af40    0000000c     app_shell.o (.rodata.str1.97227345183721019.1)
                  0000af4c    0000000b     app_shell.o (.rodata.str1.12144774989780088692.1)
                  0000af57    0000000b     app_shell.o (.rodata.str1.13923183189790686887.1)
                  0000af62    0000000b     app_shell.o (.rodata.str1.15451653635542139434.1)
                  0000af6d    0000000b     app_shell.o (.rodata.str1.16354136421054348586.1)
                  0000af78    0000000b     app_shell.o (.rodata.str1.16738014180672278497.1)
                  0000af83    0000000b     app_shell.o (.rodata.str1.1695784342961477721.1)
                  0000af8e    0000000b     app_shell.o (.rodata.str1.18243883703027276797.1)
                  0000af99    0000000b     app_shell.o (.rodata.str1.3587876751327453651.1)
                  0000afa4    0000000b     app_shell.o (.rodata.str1.5123905964118624653.1)
                  0000afaf    0000000b     app_shell.o (.rodata.str1.6822338819583971375.1)
                  0000afba    0000000b     app_shell.o (.rodata.str1.7207923708610531365.1)
                  0000afc5    0000000b     app_shell.o (.rodata.str1.738127925484632372.1)
                  0000afd0    0000000b     app_shell.o (.rodata.str1.7652650349062231201.1)
                  0000afdb    00000001     --HOLE-- [fill = 0]
                  0000afdc    0000000a     ti_msp_dl_config.o (.rodata.gDEBUG_UARTConfig)
                  0000afe6    0000000a     ti_msp_dl_config.o (.rodata.gIMU_SPI_config)
                  0000aff0    0000000a     ti_msp_dl_config.o (.rodata.gLORA_UARTConfig)
                  0000affa    0000000a     ti_msp_dl_config.o (.rodata.gMOTOR_UARTConfig)
                  0000b004    0000000a     app_shell.o (.rodata.str1.11810056576553604146.1)
                  0000b00e    0000000a     app_shell.o (.rodata.str1.13772462829107236127.1)
                  0000b018    0000000a     app_shell.o (.rodata.str1.15233515076766056445.1)
                  0000b022    0000000a     app_shell.o (.rodata.str1.16216038010955657616.1)
                  0000b02c    0000000a     app_shell.o (.rodata.str1.16330407060470052804.1)
                  0000b036    0000000a     shell.o (.rodata.str1.17922515892264497723.1)
                  0000b040    0000000a     app_shell.o (.rodata.str1.18173995716001367913.1)
                  0000b04a    0000000a     app_shell.o (.rodata.str1.4218503564476151687.1)
                  0000b054    00000009     app_shell.o (.rodata.str1.10465369967917398799.1)
                  0000b05d    00000009     app_shell.o (.rodata.str1.11515932757094173050.1)
                  0000b066    00000009     app_shell.o (.rodata.str1.13247589138198607459.1)
                  0000b06f    00000009     app_shell.o (.rodata.str1.2672312858105111990.1)
                  0000b078    00000009     app_shell.o (.rodata.str1.5376205643164354286.1)
                  0000b081    00000009     app_shell.o (.rodata.str1.9017255012489828088.1)
                  0000b08a    00000008     app_shell.o (.rodata.str1.10665909939688505188.1)
                  0000b092    00000008     board_button.o (.rodata.str1.10963450802004053816.1)
                  0000b09a    00000008     app_shell.o (.rodata.str1.11327417708772392390.1)
                  0000b0a2    00000008     app_shell.o (.rodata.str1.11335294061225285764.1)
                  0000b0aa    00000008     app_shell.o (.rodata.str1.14639049301600042713.1)
                  0000b0b2    00000008     app_shell.o (.rodata.str1.17082220688523197928.1)
                  0000b0ba    00000008     app_shell.o (.rodata.str1.17149590331237407959.1)
                  0000b0c2    00000008     board_button.o (.rodata.str1.17681505947258605906.1)
                  0000b0ca    00000008     app_shell.o (.rodata.str1.17946445462908322557.1)
                  0000b0d2    00000008     app_shell.o (.rodata.str1.18027752678067221043.1)
                  0000b0da    00000008     board_button.o (.rodata.str1.18240515884718476655.1)
                  0000b0e2    00000008     app_main.o (.rodata.str1.1839410120130765391.1)
                  0000b0ea    00000008     app_shell.o (.rodata.str1.2128407216864987192.1)
                  0000b0f2    00000008     app_shell.o (.rodata.str1.2686006007855973365.1)
                  0000b0fa    00000008     app_shell.o (.rodata.str1.289627103221730650.1)
                  0000b102    00000008     app_shell.o (.rodata.str1.5549424804698209806.1)
                  0000b10a    00000008     board_button.o (.rodata.str1.5952028417427413650.1)
                  0000b112    00000008     app_shell.o (.rodata.str1.6213986015100719150.1)
                  0000b11a    00000008     app_shell.o (.rodata.str1.8730301986016609910.1)
                  0000b122    00000008     app_shell.o (.rodata.str1.9555053908608242801.1)
                  0000b12a    00000007     app_shell.o (.rodata.str1.11774507841365577078.1)
                  0000b131    00000007     app_shell.o (.rodata.str1.11922244342622017285.1)
                  0000b138    00000007     app_shell.o (.rodata.str1.13029328624899454496.1)
                  0000b13f    00000007     app_shell.o (.rodata.str1.15816476343860600217.1)
                  0000b146    00000007     board_i2c_bus.o (.rodata.str1.17771965703026024685.1)
                  0000b14d    00000007     app_shell.o (.rodata.str1.2029421846019890511.1)
                  0000b154    00000007     app_shell.o (.rodata.str1.2112829382197544942.1)
                  0000b15b    00000007     app_shell.o (.rodata.str1.2208679373137722540.1)
                  0000b162    00000007     app_shell.o (.rodata.str1.27965927919619260.1)
                  0000b169    00000007     app_shell.o (.rodata.str1.2831129786622658843.1)
                  0000b170    00000007     app_shell.o (.rodata.str1.2963890733414402023.1)
                  0000b177    00000007     app_shell.o (.rodata.str1.4126815238888174570.1)
                  0000b17e    00000007     app_shell.o (.rodata.str1.5515999138927817340.1)
                  0000b185    00000007     app_shell.o (.rodata.str1.6357824671205653470.1)
                  0000b18c    00000007     app_shell.o (.rodata.str1.6741221679932540615.1)
                  0000b193    00000007     app_shell.o (.rodata.str1.7988978544830785654.1)
                  0000b19a    00000007     app_shell.o (.rodata.str1.931795180867172166.1)
                  0000b1a1    00000007     app_shell.o (.rodata.str1.9376739677351878210.1)
                  0000b1a8    00000007     app_shell.o (.rodata.str1.9708937098353321336.1)
                  0000b1af    00000006     app_shell.o (.rodata._ZZN3app12_GLOBAL__N_111LoraCommandEiPKPKcE9kTestData)
                  0000b1b5    00000006     app_shell.o (.rodata._ZZN3app12_GLOBAL__N_112MotorCommandEiPKPKcE9kTestData)
                  0000b1bb    00000006     app_shell.o (.rodata.str1.10018306225359911921.1)
                  0000b1c1    00000006     app_shell.o (.rodata.str1.10851017352621485976.1)
                  0000b1c7    00000006     app_shell.o (.rodata.str1.1117190944701632139.1)
                  0000b1cd    00000006     app_shell.o (.rodata.str1.13643216153024045165.1)
                  0000b1d3    00000006     app_shell.o (.rodata.str1.14152514258843500131.1)
                  0000b1d9    00000006     app_shell.o (.rodata.str1.14223157730264656398.1)
                  0000b1df    00000006     app_shell.o (.rodata.str1.14280360640269665673.1)
                  0000b1e5    00000006     app_shell.o (.rodata.str1.14355953386558495977.1)
                  0000b1eb    00000006     app_shell.o (.rodata.str1.15890787717468802715.1)
                  0000b1f1    00000006     app_shell.o (.rodata.str1.16079002699872141978.1)
                  0000b1f7    00000006     app_shell.o (.rodata.str1.16234102244779358492.1)
                  0000b1fd    00000006     app_shell.o (.rodata.str1.16249557628706834344.1)
                  0000b203    00000006     app_shell.o (.rodata.str1.16556295950709461880.1)
                  0000b209    00000006     app_shell.o (.rodata.str1.16682001306138638370.1)
                  0000b20f    00000006     app_shell.o (.rodata.str1.2994156742980555940.1)
                  0000b215    00000006     app_shell.o (.rodata.str1.3266044674648287831.1)
                  0000b21b    00000006     app_shell.o (.rodata.str1.4138401803328556999.1)
                  0000b221    00000006     app_shell.o (.rodata.str1.5263001642383835309.1)
                  0000b227    00000006     app_shell.o (.rodata.str1.5557692366192543561.1)
                  0000b22d    00000006     app_shell.o (.rodata.str1.587364518894469847.1)
                  0000b233    00000006     app_shell.o (.rodata.str1.5909738732761903070.1)
                  0000b239    00000006     app_shell.o (.rodata.str1.6351667589775284342.1)
                  0000b23f    00000006     app_shell.o (.rodata.str1.6951946783319408118.1)
                  0000b245    00000006     app_shell.o (.rodata.str1.8674441817985872181.1)
                  0000b24b    00000006     app_shell.o (.rodata.str1.9055250215258332321.1)
                  0000b251    00000006     app_shell.o (.rodata.str1.9144633642026494361.1)
                  0000b257    00000006     app_shell.o (.rodata.str1.9805525145790407866.1)
                  0000b25d    00000005     app_shell.o (.rodata.str1.10218881960771275491.1)
                  0000b262    00000005     app_shell.o (.rodata.str1.11066750309610323631.1)
                  0000b267    00000005     board_i2c_bus.o (.rodata.str1.11524751692591293752.1)
                  0000b26c    00000005     app_shell.o (.rodata.str1.13071761163155843764.1)
                  0000b271    00000005     app_shell.o (.rodata.str1.13640432584226954899.1)
                  0000b276    00000005     app_shell.o (.rodata.str1.15885433143163248817.1)
                  0000b27b    00000005     app_shell.o (.rodata.str1.16751110918939779405.1)
                  0000b280    00000005     app_shell.o (.rodata.str1.16906130264434024515.1)
                  0000b285    00000005     app_shell.o (.rodata.str1.16954485173288524775.1)
                  0000b28a    00000005     shell.o (.rodata.str1.17405053739148516019.1)
                  0000b28f    00000005     app_shell.o (.rodata.str1.17796269336985765740.1)
                  0000b294    00000005     app_shell.o (.rodata.str1.18221696243336245540.1)
                  0000b299    00000005     app_shell.o (.rodata.str1.18269279803075602796.1)
                  0000b29e    00000005     app_shell.o (.rodata.str1.2160470991696560517.1)
                  0000b2a3    00000005     app_shell.o (.rodata.str1.4179493015675024832.1)
                  0000b2a8    00000005     app_shell.o (.rodata.str1.4754765727316804258.1)
                  0000b2ad    00000005     app_shell.o (.rodata.str1.5652790780262836254.1)
                  0000b2b2    00000005     app_shell.o (.rodata.str1.6333935326310285001.1)
                  0000b2b7    00000005     app_shell.o (.rodata.str1.6411710860483804230.1)
                  0000b2bc    00000005     app_shell.o (.rodata.str1.7212684690809077353.1)
                  0000b2c1    00000005     app_shell.o (.rodata.str1.8103717083034249282.1)
                  0000b2c6    00000005     app_shell.o (.rodata.str1.8934507472916618446.1)
                  0000b2cb    00000005     app_shell.o (.rodata.str1.906066569443847875.1)
                  0000b2d0    00000005     app_shell.o (.rodata.str1.9315764513386952153.1)
                  0000b2d5    00000004     app_shell.o (.rodata.str1.10756110055158838206.1)
                  0000b2d9    00000004     app_shell.o (.rodata.str1.1207053347194752072.1)
                  0000b2dd    00000004     app_shell.o (.rodata.str1.12139680495649507277.1)
                  0000b2e1    00000004     app_shell.o (.rodata.str1.1223882822645374465.1)
                  0000b2e5    00000004     app_shell.o (.rodata.str1.13323525510459860336.1)
                  0000b2e9    00000004     app_shell.o (.rodata.str1.13626453309717720227.1)
                  0000b2ed    00000004     app_shell.o (.rodata.str1.141740382680400416.1)
                  0000b2f1    00000004     app_shell.o (.rodata.str1.14445045882516821416.1)
                  0000b2f5    00000004     app_shell.o (.rodata.str1.14623014954758015065.1)
                  0000b2f9    00000004     app_shell.o (.rodata.str1.16800956331689080151.1)
                  0000b2fd    00000004     app_shell.o (.rodata.str1.17269466629117989041.1)
                  0000b301    00000004     app_shell.o (.rodata.str1.2319085888762997156.1)
                  0000b305    00000004     app_shell.o (.rodata.str1.2767916714829989116.1)
                  0000b309    00000004     app_shell.o (.rodata.str1.3030045481369325523.1)
                  0000b30d    00000004     app_shell.o (.rodata.str1.3345426052653886543.1)
                  0000b311    00000004     app_shell.o (.rodata.str1.3688985272902551570.1)
                  0000b315    00000004     app_shell.o (.rodata.str1.4465400818469226320.1)
                  0000b319    00000004     app_shell.o (.rodata.str1.5716603645884478871.1)
                  0000b31d    00000004     app_shell.o (.rodata.str1.6410197886599512152.1)
                  0000b321    00000004     shell.o (.rodata.str1.7348818734176781284.1)
                  0000b325    00000004     app_shell.o (.rodata.str1.7743837333376801574.1)
                  0000b329    00000004     app_shell.o (.rodata.str1.7940456731757887554.1)
                  0000b32d    00000004     app_shell.o (.rodata.str1.8406640635343907673.1)
                  0000b331    00000004     shell.o (.rodata.str1.8954516873856363469.1)
                  0000b335    00000003     app_shell.o (.rodata.str1.13245102848535749030.1)
                  0000b338    00000003     app_shell.o (.rodata.str1.1418877803505809098.1)
                  0000b33b    00000003     app_shell.o (.rodata.str1.15776769504895676854.1)
                  0000b33e    00000003     app_shell.o (.rodata.str1.16167065860645901179.1)
                  0000b341    00000003     app_shell.o (.rodata.str1.2027963614161212499.1)
                  0000b344    00000003     shell.o (.rodata.str1.4282230880151502975.1)
                  0000b347    00000003     app_shell.o (.rodata.str1.4641291215374644332.1)
                  0000b34a    00000003     app_shell.o (.rodata.str1.638712236475948105.1)
                  0000b34d    00000003     app_shell.o (.rodata.str1.7863334761919578676.1)
                  0000b350    00000003     app_shell.o (.rodata.str1.8435392788517128360.1)
                  0000b353    00000003     shell.o (.rodata.str1.8508895379925972626.1)
                  0000b356    00000002     app_shell.o (.rodata._ZZN3app12_GLOBAL__N_112MotorCommandEiPKPKcE7kM2Stop)
                  0000b358    00000002     ti_msp_dl_config.o (.rodata.gDEBUG_UARTClockConfig)
                  0000b35a    00000002     ti_msp_dl_config.o (.rodata.gFRAM_I2CClockConfig)
                  0000b35c    00000002     ti_msp_dl_config.o (.rodata.gIMU_SPI_clockConfig)
                  0000b35e    00000002     ti_msp_dl_config.o (.rodata.gINA219_I2CClockConfig)
                  0000b360    00000002     ti_msp_dl_config.o (.rodata.gLORA_UARTClockConfig)
                  0000b362    00000002     ti_msp_dl_config.o (.rodata.gMOTOR_UARTClockConfig)
                  0000b364    00000002     app_shell.o (.rodata.str1.10091040128680290456.1)
                  0000b366    00000002     app_shell.o (.rodata.str1.16458884249986146812.1)
                  0000b368    00000002     app_shell.o (.rodata.str1.18057142085415363861.1)
                  0000b36a    00000002     app_shell.o (.rodata.str1.8867909630182175989.1)
                  0000b36c    00000002     app_shell.o (.rodata.str1.9307362830757344490.1)
                  0000b36e    00000002     --HOLE-- [fill = 0]

.init_array 
*          0    00000000    00000000     UNINITIALIZED

.binit     0    00000000    00000000     

.bss       0    20200000    00000308     UNINITIALIZED
                  20200000    00000100     board_lora.o (.bss._ZN5boardL14g_loraRxBufferE)
                  20200100    00000100     board_motor_driver.o (.bss._ZN5boardL21g_motorDriverRxBufferE)
                  20200200    00000080     debug_uart.o (.bss._ZN8services12_GLOBAL__N_110g_rxBufferE)
                  20200280    00000060     shell.o (.bss._ZN8services12_GLOBAL__N_112g_lineBufferE)
                  202002e0    00000028     (.common:gIMU_SPIBackup)

.data      0    20200308    0000027c     UNINITIALIZED
                  20200308    00000100     shell.o (.data._ZN8services12_GLOBAL__N_110g_commandsE)
                  20200408    000000f0     scheduler.o (.data._ZN8servicesL7g_tasksE)
                  202004f8    00000030     board_button.o (.data._ZN5board12_GLOBAL__N_116g_buttonContextsE)
                  20200528    00000010     board_lora.o (.data._ZN5boardL13g_loraContextE)
                  20200538    00000010     board_motor_driver.o (.data._ZN5boardL20g_motorDriverContextE)
                  20200548    00000008     app_main.o (.data._ZN3appL10g_appStateE)
                  20200550    00000008     board_fram.o (.data._ZN5boardL13g_framContextE)
                  20200558    00000008     board_buzzer.o (.data._ZN5boardL15g_buzzerContextE)
                  20200560    00000008     board_ina219.o (.data._ZN5boardL15g_ina219ContextE)
                  20200568    00000008     board_led.o (.data._ZN5boardL18g_statusLedContextE)
                  20200570    00000004     shell.o (.data._ZN8services12_GLOBAL__N_112g_lineLengthE)
                  20200574    00000004     debug_uart.o (.data._ZN8services12_GLOBAL__N_116g_rxDroppedCountE)
                  20200578    00000004     time.o (.data._ZN8servicesL8g_millisE)
                  2020057c    00000002     debug_uart.o (.data._ZN8services12_GLOBAL__N_18g_rxHeadE)
                  2020057e    00000002     debug_uart.o (.data._ZN8services12_GLOBAL__N_18g_rxTailE)
                  20200580    00000001     board_imu.o (.data._ZN5board12_GLOBAL__N_110g_imuReadyE)
                  20200581    00000001     shell.o (.data._ZN8services12_GLOBAL__N_114g_ignoreNextLfE)
                  20200582    00000001     debug_uart.o (.data._ZN8services12_GLOBAL__N_116g_debugUartReadyE)
                  20200583    00000001     fault.o (.data._ZN8servicesL11g_faultCodeE)

.stack     0    2020ff00    00000100     UNINITIALIZED
                  2020ff00    00000004     libc.a : boot_cortex_m.c.obj (.stack)
                  2020ff04    000000fc     --HOLE--

__llvm_prf_cnts 
*          0    20200000    00000000     UNINITIALIZED

__llvm_prf_bits 
*          0    20200000    00000000     UNINITIALIZED

MODULE SUMMARY

       Module                         code    ro data   rw data
       ------                         ----    -------   -------
    .\
       ti_msp_dl_config.o             1128    52        40     
       startup_mspm0g351x_ticlang.o   6       192       0      
       empty_cpp.o                    82      0         0      
    +--+------------------------------+-------+---------+---------+
       Total:                         1216    244       40     
                                                               
    .\app\
       app_shell.o                    20600   4618      0      
       app_main.o                     102     8         8      
    +--+------------------------------+-------+---------+---------+
       Total:                         20702   4626      8      
                                                               
    .\board\
       board_imu.o                    3468    12        1      
       board_lora.o                   204     24        272    
       board_motor_driver.o           204     24        272    
       board_ina219.o                 356     56        8      
       board_button.o                 248     92        48     
       board_i2c_bus.o                204     100       0      
       board_fram.o                   210     44        8      
       board_buzzer.o                 68      12        8      
       board_led.o                    68      12        8      
       board.o                        38      0         0      
    +--+------------------------------+-------+---------+---------+
       Total:                         5068    376       625    
                                                               
    .\drivers\button\
       button.o                       306     0         0      
    +--+------------------------------+-------+---------+---------+
       Total:                         306     0         0      
                                                               
    .\drivers\buzzer\
       buzzer.o                       174     0         0      
    +--+------------------------------+-------+---------+---------+
       Total:                         174     0         0      
                                                               
    .\drivers\fm24cl64b\
       fm24cl64b.o                    1882    0         0      
    +--+------------------------------+-------+---------+---------+
       Total:                         1882    0         0      
                                                               
    .\drivers\i2c_diag\
       i2c_diag.o                     2152    0         0      
    +--+------------------------------+-------+---------+---------+
       Total:                         2152    0         0      
                                                               
    .\drivers\ina219\
       ina219.o                       2326    0         0      
    +--+------------------------------+-------+---------+---------+
       Total:                         2326    0         0      
                                                               
    .\drivers\led\
       led.o                          174     0         0      
    +--+------------------------------+-------+---------+---------+
       Total:                         174     0         0      
                                                               
    .\drivers\lora\
       lora.o                         908     0         0      
    +--+------------------------------+-------+---------+---------+
       Total:                         908     0         0      
                                                               
    .\drivers\motor_driver\
       motor_driver_uart.o            996     0         0      
    +--+------------------------------+-------+---------+---------+
       Total:                         996     0         0      
                                                               
    .\services\
       shell.o                        1800    111       357    
       scheduler.o                    832     0         240    
       debug_uart.o                   732     0         137    
       time.o                         84      0         4      
       fault.o                        40      0         1      
       log.o                          2       0         0      
    +--+------------------------------+-------+---------+---------+
       Total:                         3490    111       739    
                                                               
    C:/ti/mspm0_sdk_2_10_00_04/source/ti/driverlib/lib/ticlang/m0p/mspm0gx51x/driverlib.a
       dl_i2c.o                       240     0         0      
       dl_spi.o                       142     0         0      
       dl_uart.o                      138     0         0      
       dl_common.o                    10      0         0      
    +--+------------------------------+-------+---------+---------+
       Total:                         530     0         0      
                                                               
    C:\ti\ccs2100\ccs\tools\compiler\ti-cgt-armllvm_5.1.1.LTS\lib\armv6m-ti-none-eabi/c/libc.a
       memcpy16.S.obj                 154     0         0      
       copy_decompress_lzss.c.obj     124     0         0      
       memset16.S.obj                 98      0         0      
       autoinit.c.obj                 60      0         0      
       boot_cortex_m.c.obj            40      0         0      
       copy_zero_init.c.obj           22      0         0      
       copy_decompress_none.c.obj     18      0         0      
       exit.c.obj                     6       0         0      
       pre_init.c.obj                 4       0         0      
    +--+------------------------------+-------+---------+---------+
       Total:                         526     0         0      
                                                               
    C:\ti\ccs2100\ccs\tools\compiler\ti-cgt-armllvm_5.1.1.LTS\lib\armv6m-ti-none-eabi/c/libsysbm.a
       hostexit.c.obj                 4       0         0      
    +--+------------------------------+-------+---------+---------+
       Total:                         4       0         0      
                                                               
    C:\ti\ccs2100\ccs\tools\compiler\ti-cgt-armllvm_5.1.1.LTS\lib\armv6m-ti-none-eabi/libclang_rt.builtins.a
       aeabi_uidivmod.S.obj           64      0         0      
       aeabi_memset.S.obj             26      0         0      
       aeabi_memcpy.S.obj             8       0         0      
       aeabi_div0.c.obj               2       0         0      
    +--+------------------------------+-------+---------+---------+
       Total:                         100     0         0      
                                                               
       Stack:                         0       0         256    
       Linker Generated:              0       45        0      
    +--+------------------------------+-------+---------+---------+
       Grand Total:                   40554   5402      1668   


LINKER GENERATED COPY TABLES

__TI_cinit_table @ 0000b390 records: 2, size/record: 8, table size: 16
	.data: load addr=0000b37c, load size=00000009 bytes, run addr=20200308, run size=0000027c bytes, compression=lzss
	.bss: load addr=0000b388, load size=00000008 bytes, run addr=20200000, run size=00000308 bytes, compression=zero_init


LINKER GENERATED HANDLER TABLE

__TI_handler_table @ 0000b370 records: 3, size/record: 4, table size: 12
	index: 0, handler: __TI_decompress_lzss
	index: 1, handler: __TI_decompress_none
	index: 2, handler: __TI_zero_init


GLOBAL SYMBOLS: SORTED ALPHABETICALLY BY Name 

address   name                                                                                        
-------   ----                                                                                        
00007d1f  ADC0_IRQHandler                                                                             
00007d1f  ADC1_IRQHandler                                                                             
00007d1f  AESADV_IRQHandler                                                                           
00009f28  C$$EXIT                                                                                     
00007d1f  CANFD0_IRQHandler                                                                           
00007d1f  CANFD1_IRQHandler                                                                           
00007d1f  DAC0_IRQHandler                                                                             
00009ee9  DL_Common_delayCycles                                                                       
000089e1  DL_I2C_fillControllerTXFIFO                                                                 
0000946d  DL_I2C_flushControllerRXFIFO                                                                
0000918d  DL_I2C_flushControllerTXFIFO                                                                
000097c1  DL_I2C_setClockConfig                                                                       
00008efd  DL_SPI_init                                                                                 
000098b1  DL_SPI_receiveDataCheck8                                                                    
00009bfd  DL_SPI_setClockConfig                                                                       
000098cd  DL_SPI_transmitDataCheck8                                                                   
00008ddd  DL_UART_init                                                                                
00009c0f  DL_UART_setClockConfig                                                                      
0000949d  DL_UART_transmitDataBlocking                                                                
00007d1f  DMA_IRQHandler                                                                              
00007d1f  Default_Handler                                                                             
00007d1f  GROUP0_IRQHandler                                                                           
00007d1f  GROUP1_IRQHandler                                                                           
00009f29  HOSTexit                                                                                    
00007d1f  HardFault_Handler                                                                           
00007d1f  I2C0_IRQHandler                                                                             
00007d1f  I2C1_IRQHandler                                                                             
00007d1f  I2C2_IRQHandler                                                                             
00007d1f  LFSS_IRQHandler                                                                             
00007d1f  NMI_Handler                                                                                 
00007d1f  PendSV_Handler                                                                              
00009f2d  Reset_Handler                                                                               
00007d1f  SPI0_IRQHandler                                                                             
00007d1f  SPI1_IRQHandler                                                                             
00007d1f  SPI2_IRQHandler                                                                             
00007d1f  SVC_Handler                                                                                 
00008009  SYSCFG_DL_DEBUG_UART_init                                                                   
00008b4d  SYSCFG_DL_FRAM_I2C_init                                                                     
00006a69  SYSCFG_DL_GPIO_init                                                                         
00008d91  SYSCFG_DL_IMU_SPI_init                                                                      
00008ba1  SYSCFG_DL_INA219_I2C_init                                                                   
00008091  SYSCFG_DL_LORA_UART_init                                                                    
00008119  SYSCFG_DL_MOTOR_UART_init                                                                   
000094cd  SYSCFG_DL_SYSCTL_init                                                                       
000093d1  SYSCFG_DL_init                                                                              
00008321  SYSCFG_DL_initPower                                                                         
00009c35  SysTick_Handler                                                                             
00007d1f  TIMA0_IRQHandler                                                                            
00007d1f  TIMA1_IRQHandler                                                                            
00007d1f  TIMG0_IRQHandler                                                                            
00007d1f  TIMG12_IRQHandler                                                                           
00007d1f  TIMG14_IRQHandler                                                                           
[...]
000081a1  _ZN7drivers13LoraUart_InitEPNS_15LoraUartContextEPKNS_14LoraUartConfigE                     
00008321  SYSCFG_DL_initPower                                                                         
0000839d  _ZN7drivers19LoraUart_IrqHandlerEPNS_15LoraUartContextE                                     
00008419  __TI_decompress_lzss                                                                        
00008509  _ZN7drivers22Ina219_ReadMeasurementEPNS_13Ina219ContextEPNS_17Ina219MeasurementE            
0000857d  UART5_IRQHandler                                                                            
000085e9  _ZN7drivers26MotorDriverUart_IrqHandlerEPNS_22MotorDriverUartContextE                       
00008655  _ZN8services21DebugUart_WriteStringEPKc                                                     
000087f5  _ZN5board22Board_ImuGetLineStatusEPNS_18BoardImuLineStatusE                                 
00008859  _ZN7drivers14Fm24cl64b_InitEPNS_16Fm24cl64bContextEPKNS_15Fm24cl64bConfigE                  
000088bd  memset                                                                                      
0000891f  _ZN8services8Log_InitEv                                                                     
00008981  _ZN7drivers22LoraUart_ClearRxBufferEPNS_15LoraUartContextE                                  
000089e1  DL_I2C_fillControllerTXFIFO                                                                 
00008a3f  _ZN7drivers13Button_UpdateEPNS_13ButtonContextEj                                            
00008a9d  _ZN7drivers17Ina219_SetAddressEPNS_13Ina219ContextEh                                        
00008af5  _ZN7drivers20I2cDiag_GetBusStatusEPKNS_16I2cDiagBusConfigEPNS_16I2cDiagBusStatusE           
00008b4d  SYSCFG_DL_FRAM_I2C_init                                                                     
00008ba1  SYSCFG_DL_INA219_I2C_init                                                                   
00008c49  _ZN8services14DebugUart_InitEv                                                              
00008c9d  main                                                                                        
00008cef  __aeabi_idiv0                                                                               
00008cf1  _ZN5board16Board_Ina219InitEv                                                               
00008d41  _ZN5board27Board_ImuSetChipSelectDebugEbbbb                                                 
00008d91  SYSCFG_DL_IMU_SPI_init                                                                      
00008ddd  DL_UART_init                                                                                
00008e25  _ZN5board22Board_FramGetBusStatusEPjPbS1_                                                   
00008e6d  _ZN5board24Board_Ina219GetBusStatusEPjPbS1_                                                 
00008eb5  _ZN8services18DebugUart_ReadByteEPh                                                         
00008efd  DL_SPI_init                                                                                 
00008f41  _ZN5board13Board_ImuInitEv                                                                  
00008f85  _ZN7drivers19Ina219_GetBusStatusEPNS_13Ina219ContextEPNS_15Ina219BusStatusE                 
00008fc9  _ZN7drivers22Fm24cl64b_GetBusStatusEPNS_16Fm24cl64bContextEPNS_18Fm24cl64bBusStatusE        
0000908d  _ZN7drivers17LoraUart_ReadByteEPNS_15LoraUartContextEPh                                     
000090cd  _ZN7drivers24MotorDriverUart_ReadByteEPNS_22MotorDriverUartContextEPh                       
0000910d  __aeabi_uidiv                                                                               
0000910d  __aeabi_uidivmod                                                                            
0000914d  _ZN7drivers11Button_InitEPNS_13ButtonContextEPKNS_12ButtonConfigE                           
0000918d  DL_I2C_flushControllerTXFIFO                                                                
00009205  _ZN5board17Board_ButtonsInitEv                                                              
00009241  _ZN7drivers23Ina219_ConfigureDefaultEPNS_13Ina219ContextE                                   
0000927d  __TI_auto_init_nobinit_nopinit                                                              
000092b9  _ZN7drivers11Buzzer_InitEPNS_13BuzzerContextEPKNS_12BuzzerConfigE                           
000092f1  _ZN7drivers14Button_ReadRawEPNS_13ButtonContextEPb                                          
00009329  _ZN7drivers19Ina219_ProbeAddressEPNS_13Ina219ContextEhPt                                    
00009361  _ZN7drivers8Led_InitEPNS_10LedContextEPKNS_9LedConfigE                                      
00009399  _ZN8services9Time_InitEv                                                                    
000093d1  SYSCFG_DL_init                                                                              
00009405  _ZN3app8App_InitEv                                                                          
00009439  _ZN5board19Board_ButtonsUpdateEj                                                            
0000946d  DL_I2C_flushControllerRXFIFO                                                                
0000949d  DL_UART_transmitDataBlocking                                                                
000094cd  SYSCFG_DL_SYSCTL_init                                                                       
0000952d  _ZN7drivers10Buzzer_OffEPNS_13BuzzerContextE                                                
0000955d  _ZN7drivers6Led_OnEPNS_10LedContextE                                                        
0000958d  _ZN7drivers7Led_OffEPNS_10LedContextE                                                       
000095bd  _ZN7drivers9Buzzer_OnEPNS_13BuzzerContextE                                                  
000095ed  _ZN7drivers19Ina219_ReadRegisterEPNS_13Ina219ContextEhPt                                    
0000961b  _ZN7drivers20Ina219_WriteRegisterEPNS_13Ina219ContextEht                                    
00009649  _ZN7drivers28LoraUart_GetControllerStatusEPKNS_15LoraUartContextEPj                         
00009675  _ZN7drivers35MotorDriverUart_GetControllerStatusEPKNS_22MotorDriverUartContextEPj           
000096a1  _ZN7drivers12Ina219_ResetEPNS_13Ina219ContextE                                              
000096cb  _ZN7drivers23LoraUart_GetRxAvailableEPKNS_15LoraUartContextE                                
000096f5  _ZN7drivers30MotorDriverUart_GetRxAvailableEPKNS_22MotorDriverUartContextE                  
00009749  _ZN5board14Board_LoraInitEv                                                                 
00009771  _ZN5board21Board_MotorDriverInitEv                                                          
00009799  _c_int00_noargs                                                                             
000097c1  DL_I2C_setClockConfig                                                                       
0000980d  _ZN5board10Board_InitEv                                                                     
00009831  _ZN7drivers17Button_WasPressedEPNS_13ButtonContextE                                         
00009853  _ZN7drivers18Button_WasReleasedEPNS_13ButtonContextE                                        
00009875  _ZN7drivers17Ina219_GetAddressEPKNS_13Ina219ContextE                                        
00009893  _ZN7drivers21Ina219_GetCalibrationEPKNS_13Ina219ContextE                                    
000098b1  DL_SPI_receiveDataCheck8                                                                    
000098cd  DL_SPI_transmitDataCheck8                                                                   
000098e9  _ZN3app7App_RunEv                                                                           
00009905  _ZN5board19Board_ButtonReadRawENS_13BoardButtonIdEPb                                        
00009921  _ZN5board21Board_ButtonIsPressedENS_13BoardButtonIdE                                        
0000993d  _ZN5board22Board_ButtonWasPressedENS_13BoardButtonIdE                                       
00009959  _ZN5board23Board_ButtonWasReleasedENS_13BoardButtonIdE                                      
00009975  _ZN7drivers14Ina219_IsReadyEPKNS_13Ina219ContextE                                           
00009991  _ZN7drivers17Fm24cl64b_IsReadyEPKNS_16Fm24cl64bContextE                                     
000099ad  _ZN8services19DebugUart_WriteCharEc                                                         
000099c9  _ZN7drivers16Button_IsPressedEPKNS_13ButtonContextE                                         
000099e5  __aeabi_memset                                                                              
000099e5  __aeabi_memset4                                                                             
000099e5  __aeabi_memset8                                                                             
000099f3  __aeabi_memclr                                                                              
000099f3  __aeabi_memclr4                                                                             
000099f3  __aeabi_memclr8                                                                             
00009a01  _ZN5board15Board_I2cBusGetEj                                                                
00009a19  _ZN5board19Board_ButtonGetNameENS_13BoardButtonIdE                                          
00009a31  _ZN7drivers20LoraUart_GetBaudrateEPKNS_15LoraUartContextE                                   
00009a49  _ZN7drivers27MotorDriverUart_GetBaudrateEPKNS_22MotorDriverUartContextE                     
00009a77  _ZN7drivers11Led_IsReadyEPKNS_10LedContextE                                                 
00009a8d  _ZN7drivers14Buzzer_IsReadyEPKNS_13BuzzerContextE                                           
00009aa3  _ZN7drivers16LoraUart_IsReadyEPKNS_15LoraUartContextE                                       
00009ab9  _ZN7drivers23MotorDriverUart_IsReadyEPKNS_22MotorDriverUartContextE                         
00009acf  __TI_zero_init_nomemset                                                                     
00009ae5  _ZN5board14Board_FramInitEv                                                                 
00009af9  _ZN5board14Board_FramReadEtPht                                                              
00009b0d  _ZN5board15Board_LoraWriteEPKht                                                             
00009b21  _ZN5board16Board_BuzzerInitEv                                                               
00009b35  _ZN5board18Board_FramReadByteEtPh                                                           
00009b49  _ZN5board18Board_FramSelfTestEv                                                             
00009b5d  _ZN5board19Board_FramWriteByteEth                                                           
00009b71  _ZN5board19Board_StatusLedInitEv                                                            
00009b85  _ZN5board22Board_MotorDriverWriteEPKht                                                      
00009b99  _ZN5board24Board_Ina219ProbeAddressEhPt                                                     
00009bad  _ZN5board24Board_Ina219ReadRegisterEhPt                                                     
00009bc1  _ZN5board25Board_Ina219WriteRegisterEht                                                     
00009bd5  _ZN7drivers19Fm24cl64b_WriteByteEPNS_16Fm24cl64bContextEth                                  
00009be9  _ZN8services15Shell_WriteLineEPKc                                                           
00009bfd  DL_SPI_setClockConfig                                                                       
00009c0f  DL_UART_setClockConfig                                                                      
00009c21  __TI_decompress_none                                                                        
00009c35  SysTick_Handler                                                                             
00009c45  UART0_IRQHandler                                                                            
00009c55  UART1_IRQHandler                                                                            
00009c75  _ZN5board14Board_BuzzerOnEv                                                                 
00009c85  _ZN5board15Board_BuzzerOffEv                                                                
00009c95  _ZN5board17Board_FramIsReadyEv                                                              
00009ca5  _ZN5board17Board_Ina219ResetEv                                                              
00009cb5  _ZN5board17Board_LoraIsReadyEv                                                              
00009cc5  _ZN5board17Board_StatusLedOnEv                                                              
00009cd5  _ZN5board18Board_LoraReadByteEPh                                                            
00009ce5  _ZN5board18Board_StatusLedOffEv                                                             
00009cf5  _ZN5board19Board_BuzzerIsReadyEv                                                            
00009d05  _ZN5board19Board_Ina219IsReadyEv                                                            
00009d15  _ZN5board19Board_LoraWriteByteEh                                                            
00009d25  _ZN5board20Board_FramRecoverBusEv                                                           
00009d35  _ZN5board21Board_LoraGetBaudrateEv                                                          
00009d45  _ZN5board22Board_Ina219GetAddressEv                                                         
00009d55  _ZN5board22Board_Ina219RecoverBusEv                                                         
00009d65  _ZN5board22Board_Ina219SetAddressEh                                                         
00009d75  _ZN5board22Board_StatusLedIsReadyEv                                                         
00009d85  _ZN5board23Board_Ina219CalibrationEv                                                        
00009d95  _ZN5board23Board_LoraClearRxBufferEv                                                        
00009da5  _ZN5board24Board_LoraGetRxAvailableEv                                                       
00009db5  _ZN5board24Board_MotorDriverIsReadyEv                                                       
00009dc5  _ZN5board25Board_MotorDriverReadByteEPh                                                     
00009dd5  _ZN5board26Board_MotorDriverWriteByteEh                                                     
00009de5  _ZN5board27Board_Ina219ReadMeasurementEPN7drivers17Ina219MeasurementE                       
00009df5  _ZN5board27Board_LoraGetRxDroppedCountEv                                                    
00009e05  _ZN5board28Board_Ina219ConfigureDefaultEv                                                   
00009e15  _ZN5board28Board_Ina219ReadRawRegistersEPN7drivers18Ina219RawRegistersE                     
00009e25  _ZN5board28Board_MotorDriverGetBaudrateEv                                                   
00009e35  _ZN5board29Board_LoraGetControllerStatusEPj                                                 
00009e45  _ZN5board30Board_MotorDriverClearRxBufferEv                                                 
00009e55  _ZN5board31Board_MotorDriverGetRxAvailableEv                                                
00009e65  _ZN5board34Board_MotorDriverGetRxDroppedCountEv                                             
00009e75  _ZN5board36Board_MotorDriverGetControllerStatusEPj                                          
00009e85  _ZN8services9Fault_SetENS_9FaultCodeE                                                       
00009e95  _ZN5board16Board_ImuIsReadyEv                                                               
00009ea1  _ZN7drivers26LoraUart_GetRxDroppedCountEPKNS_15LoraUartContextE                             
00009ead  _ZN7drivers33MotorDriverUart_GetRxDroppedCountEPKNS_22MotorDriverUartContextE               
00009eb9  _ZN8services10Fault_InitEv                                                                  
00009ec5  _ZN8services11Time_MillisEv                                                                 
00009ed1  _ZN8services17DebugUart_IsReadyEv                                                           
00009edd  _ZN8services9Fault_GetEv                                                                    
00009ee9  DL_Common_delayCycles                                                                       
00009ef3  _ZN7drivers18Fm24cl64b_ReadByteEPNS_16Fm24cl64bContextEtPh                                  
00009efd  _ZN8services15Shell_WriteCharEc                                                             
00009f05  _ZN8services17Shell_WriteStringEPKc                                                         
00009f0d  _ZN8services17Shell_WriteUInt32Ej                                                           
00009f15  __aeabi_memcpy                                                                              
00009f15  __aeabi_memcpy4                                                                             
00009f15  __aeabi_memcpy8                                                                             
00009f1d  _ZN5board23Board_FramCapacityBytesEv                                                        
00009f23  abort                                                                                       
00009f28  C$$EXIT                                                                                     
00009f29  HOSTexit                                                                                    
00009f2d  Reset_Handler                                                                               
00009f31  _ZN5board17Board_I2cBusCountEv                                                              
00009f35  _system_pre_init                                                                            
0000b370  __TI_Handler_Table_Base                                                                     
0000b37c  __TI_Handler_Table_Limit                                                                    
0000b390  __TI_CINIT_Base                                                                             
0000b3a0  __TI_CINIT_Limit                                                                            
0000b3a0  __TI_CINIT_Warm                                                                             
20200000  __start___llvm_prf_bits                                                                     
20200000  __start___llvm_prf_cnts                                                                     
20200000  __stop___llvm_prf_bits                                                                      
20200000  __stop___llvm_prf_cnts                                                                      
202002e0  gIMU_SPIBackup                                                                              
2020ff00  __stack                                                                                     
20210000  __STACK_END                                                                                 
ffffffff  __TI_pprof_out_hndl                                                                         
ffffffff  __TI_prof_data_size                                                                         
ffffffff  __TI_prof_data_start                                                                        
ffffffff  __binit__                                                                                   
ffffffff  binit                                                                                       
UNDEFED   __mpu_init                                                                                  
UNDEFED   _system_post_cinit                                                                          

[279 symbols]
