******************************************************************************
            TI ARM Clang Linker PC v5.1.1                      
******************************************************************************
>> Linked Wed Jul  8 16:21:05 2026

OUTPUT FILE NAME:   <gugaPI.out>
ENTRY POINT SYMBOL: "_c_int00_noargs"  address: 00010f21


MEMORY CONFIGURATION

         name            origin    length      used     unused   attr    fill
----------------------  --------  ---------  --------  --------  ----  --------
  FLASH                 00000000   00080000  00013a00  0006c600  R  X
  SRAM_BANK0            20200000   00010000  00000755  0000f8ab  RW X
  SRAM_BANK1            20210000   00010000  00000000  00010000  RW X
  BCR_CONFIG            41c00000   000000ff  00000000  000000ff  R   
  BSL_CONFIG            41c00100   00000080  00000000  00000080  R   
  DATA                  41d00000   00004000  00000000  00004000  R   


SEGMENT ALLOCATION MAP

run origin  load origin   length   init length attrs members
----------  ----------- ---------- ----------- ----- -------
00000000    00000000    000118a8   000118a8    r-x
  00000000    00000000    000000c0   000000c0    r-- .intvecs
  000000c0    000000c0    000117e8   000117e8    r-x .text
000118b0    000118b0    00002158   00002158    r--
  000118b0    000118b0    000020f0   000020f0    r-- .rodata
  000139a0    000139a0    00000068   00000068    r-- .cinit
20200000    20200000    00000655   00000000    rw-
  20200000    20200000    00000338   00000000    rw- .bss
  20200338    20200338    0000031d   00000000    rw- .data
2020ff00    2020ff00    00000100   00000000    rw-
  2020ff00    2020ff00    00000100   00000000    rw- .stack


SECTION ALLOCATION MAP

 output                                  attributes/
section   page    origin      length       input sections
--------  ----  ----------  ----------   ----------------
.intvecs   0    00000000    000000c0     
                  00000000    000000c0     startup_mspm0g351x_ticlang.o (.intvecs)

.text      0    000000c0    000117e8     
                  000000c0    00001bec     app_shell.o (.text._ZN3app12_GLOBAL__N_112MotorCommandEiPKPKc)
                  00001cac    00000b40     app_shell.o (.text._ZN3app12_GLOBAL__N_112Gy931CommandEiPKPKc)
                  000027ec    00000b14     app_shell.o (.text._ZN3app12_GLOBAL__N_113Ina219CommandEiPKPKc)
                  00003300    00000a5c     app_shell.o (.text._ZN3app12_GLOBAL__N_110ImuCommandEiPKPKc)
                  00003d5c    00000990     app_shell.o (.text._ZN3app19motor_driver_client12ReceiveFrameEPNS0_5FrameE)
                  000046ec    00000978     app_shell.o (.text._ZN3app12_GLOBAL__N_123Ina219OledUpdateDisplayEv)
                  00005064    00000880     app_shell.o (.text._ZN3app12_GLOBAL__N_111LoraCommandEiPKPKc)
                  000058e4    00000830     app_shell.o (.text._ZN3app12_GLOBAL__N_111OledCommandEiPKPKc)
                  00006114    00000724     app_shell.o (.text._ZN3app12_GLOBAL__N_110I2cCommandEiPKPKc)
                  00006838    00000474     shell.o (.text._ZN8services12_GLOBAL__N_113HandleLineEndEv)
                  00006cac    00000430     app_shell.o (.text._ZN3app12_GLOBAL__N_111FramCommandEiPKPKc)
                  000070dc    000003dc     app_shell.o (.text._ZN3app12_GLOBAL__N_122Gy931OledUpdateDisplayEv)
                  000074b8    00000394     app_shell.o (.text._ZN3app12_GLOBAL__N_114ChassisCommandEiPKPKc)
                  0000784c    00000360     soft_i2c.o (.text._ZN7drivers16SoftI2c_ReadReg8EPNS_14SoftI2cContextEhhPht)
                  00007bac    00000328     app_shell.o (.text._ZN3app12_GLOBAL__N_110LedCommandEiPKPKc)
                  00007ed4    000002cc     board_imu.o (.text._ZN5board12_GLOBAL__N_123ReadRegisterWithCommandEhPh)
                  000081a0    00000284     board_imu.o (.text._ZN5board22Board_ImuWiggleSpiPinsEj)
                  00008424    00000268     i2c_diag.o (.text._ZN7drivers22I2cDiag_WriteReg8BlockEPKNS_16I2cDiagBusConfigEhhPKht)
                  0000868c    00000248     soft_i2c.o (.text._ZN7drivers18SoftI2c_RecoverBusEPNS_14SoftI2cContextE)
                  000088d4    00000238     i2c_diag.o (.text._ZN7drivers16I2cDiag_ReadReg8EPKNS_16I2cDiagBusConfigEhhPht)
                  00008b0c    00000234     board_imu.o (.text._ZN5board21Board_ImuSpiSampleIcmEhPhj)
                  00008d40    00000230     app_shell.o (.text._ZN3app12_GLOBAL__N_113ButtonCommandEiPKPKc)
                  00008f70    00000224     fm24cl64b.o (.text._ZN7drivers14Fm24cl64b_ReadEPNS_16Fm24cl64bContextEtPht)
                  00009194    0000021c     board_imu.o (.text._ZN5board20Board_ImuSpiBurstIcmEjh)
                  000093b0    00000208     oled_ssd1306.o (.text._ZN7drivers22OledSsd1306_DrawStringEPNS_18OledSsd1306ContextEhhPKc)
                  000095b8    000001e0     app_shell.o (.text._ZN3app12_GLOBAL__N_123Gy931OledWriteAngleLineEhPKci)
                  00009798    000001e0     ina219.o (.text._ZN7drivers17Ina219_RecoverBusEPNS_13Ina219ContextE)
                  00009978    000001e0     fm24cl64b.o (.text._ZN7drivers20Fm24cl64b_RecoverBusEPNS_16Fm24cl64bContextE)
                  00009b58    000001dc     gy931.o (.text._ZN7drivers16Gy931_ReadSampleEPNS_12Gy931ContextEPNS_11Gy931SampleE)
                  00009d34    000001d0     fm24cl64b.o (.text._ZN7drivers15Fm24cl64b_WriteEPNS_16Fm24cl64bContextEtPKht)
                  00009f04    000001d0     i2c_diag.o (.text._ZN7drivers18I2cDiag_RecoverBusEPKNS_16I2cDiagBusConfigE)
                  0000a0d4    000001c8     i2c_diag.o (.text._ZN7drivers17I2cDiag_WriteReg8EPKNS_16I2cDiagBusConfigEhhPKht)
                  0000a29c    000001c0     chassis.o (.text._ZN3app19Chassis_SetVelocityEii)
                  0000a45c    000001b0     app_shell.o (.text._ZN3app19motor_driver_client4StopEPNS0_6ClientEPNS0_10StopResultE)
                  0000a60c    000001b0     scheduler.o (.text._ZN8services13Scheduler_RunEv)
                  0000a7bc    000001a4     ina219.o (.text._ZN7drivers12_GLOBAL__N_120ReadRegisterInternalEPNS_13Ina219ContextEhPt)
                  0000a960    00000188     i2c_diag.o (.text._ZN7drivers20I2cDiag_ProbeAddressEPKNS_16I2cDiagBusConfigEh)
                  0000aae8    00000180     app_shell.o (.text._ZN3app19motor_driver_client15SetCountsPerRevEPNS0_6ClientEjj)
                  0000ac68    00000174     app_shell.o (.text._ZN3app12_GLOBAL__N_123WriteSignedVector3MilliEPKcPKiS2_)
                  0000addc    00000170     app_shell.o (.text._ZN3app12_GLOBAL__N_113ParseI2cRangeEiPKPKchPhS5_)
                  0000af4c    00000170     oled_ssd1306.o (.text._ZN7drivers23OledSsd1306_DrawCheckerEPNS_18OledSsd1306ContextE)
                  0000b0bc    00000166     app_shell.o (.text._ZN3app19motor_driver_client19SetPositionRelativeEPNS0_6ClientEbiPNS0_12MotionResultE)
                  0000b222    00000002     startup_mspm0g351x_ticlang.o (.text.Default_Handler)
                  0000b224    00000164     app_shell.o (.text._ZN3app25AppShell_RegisterCommandsEv)
                  0000b388    00000164     board_i2c_bus.o (.text._ZN5board16Board_I2cBusFindEPKc)
                  0000b4ec    00000150     app_shell.o (.text._ZN3app12_GLOBAL__N_115PrintMotorUsageEv)
                  0000b63c    00000148     app_shell.o (.text._ZN3app12_GLOBAL__N_114PrintI2cStatusEPKN7drivers16I2cDiagBusConfigE)
                  0000b784    00000140     debug_uart.o (.text._ZN8services21DebugUart_WriteUInt32Ej)
                  0000b8c4    0000013c     app_shell.o (.text._ZN3app12_GLOBAL__N_110I2cScanBusEPKN7drivers16I2cDiagBusConfigEhhb)
                  0000ba00    0000013c     app_shell.o (.text._ZN3app12_GLOBAL__N_123PrintMotorPositionBlockERKNS_19motor_driver_client12PositionDataE)
                  0000bb3c    00000126     gy931.o (.text._ZN7drivers22Gy931_ReadRawRegistersEPNS_12Gy931ContextEhPsh)
                  0000bc62    00000002     board.o (.text._ZN5board14Board_LateInitEv)
                  0000bc64    00000120     app_shell.o (.text._ZN3app12_GLOBAL__N_114ApplyLedActionEN5board10BoardLedIdEPKc)
                  0000bd84    00000120     ina219.o (.text._ZN7drivers12_GLOBAL__N_121WriteRegisterInternalEPNS_13Ina219ContextEht)
                  0000bea4    00000118     ti_msp_dl_config.o (.text.SYSCFG_DL_GPIO_init)
                  0000bfbc    00000110     app_shell.o (.text._ZN3app12_GLOBAL__N_110ParseInt32EPKciiPi)
                  0000c0cc    00000110     chassis.o (.text._ZN3app14Chassis_UpdateEv)
                  0000c1dc    00000108     app_shell.o (.text._ZN3app12_GLOBAL__N_119PrintMotorFrameDataEPKcRKNS_19motor_driver_client5FrameE)
                  0000c2e4    00000104     soft_i2c.o (.text._ZN7drivers12_GLOBAL__N_19WriteByteEPKNS_13SoftI2cConfigEh)
                  0000c3e8    00000100     shell.o (.text._ZN8services10Shell_InitEv)
                  0000c4e8    000000fc     app_shell.o (.text._ZN3app12_GLOBAL__N_119Gy931OledSetEnabledEb)
                  0000c5e4    000000fc     app_shell.o (.text._ZN3app12_GLOBAL__N_120Ina219OledSetEnabledEb)
                  0000c6e0    000000f4     soft_i2c.o (.text._ZN7drivers12_GLOBAL__N_110BeginWriteEPKNS_13SoftI2cConfigEh)
                  0000c7d4    000000f0     gy931.o (.text._ZN7drivers16Gy931_ReadAnglesEPNS_12Gy931ContextEPNS_11Gy931AnglesE)
                  0000c8c4    000000ee     app_shell.o (.text._ZN3app19motor_driver_client11SetPositionEPNS0_6ClientEbiPNS0_12MotionResultE)
                  0000c9b2    00000002     log.o (.text._ZN8services8Log_InitEv)
                  0000c9b4    000000e0     app_shell.o (.text._ZN3app12_GLOBAL__N_113BuzzerCommandEiPKPKc)
                  0000ca94    000000e0     scheduler.o (.text._ZN8services17Scheduler_AddTaskEPKcPFvvEjjPh)
                  0000cb74    000000d8     app_shell.o (.text._ZN3app19motor_driver_client13ResetEncodersEPNS0_6ClientE)
                  0000cc4c    000000d6     app_shell.o (.text._ZN3app19motor_driver_client17SetPositionCountsEPNS0_6ClientEbiPNS0_12MotionResultE)
                  0000cd22    00000002     libclang_rt.builtins.a : aeabi_div0.c.obj (.text.__aeabi_idiv0)
                  0000cd24    000000d4     app_shell.o (.text._ZN3app12_GLOBAL__N_122PrintChassisWheelStateEPKcRKNS_17ChassisWheelStateE)
                  0000cdf8    000000d4     shell.o (.text._ZN8services21Shell_RegisterCommandEPKcS1_PFviPKS1_E)
                  0000cecc    000000d0     app_shell.o (.text._ZN3app19motor_driver_client8SetSpeedEPNS0_6ClientEbtbPNS0_12MotionResultE)
                  0000cf9c    000000ce     app_shell.o (.text._ZN3app19motor_driver_client12ReadPositionEPNS0_6ClientEPNS0_12PositionDataE)
                  0000d06a    00000002     libclang_rt.builtins.a : aeabi_div0.c.obj (.text.__aeabi_ldiv0)
                  0000d06c    000000c8     app_shell.o (.text._ZN3app19motor_driver_client13ReadRegistersEPNS0_6ClientEhhPNS0_5FrameE)
                  0000d134    000000c8     board_imu.o (.text._ZN5board25Board_Lis3mdlReadRegisterEhPh)
                  0000d1fc    000000c8     ina219.o (.text._ZN7drivers11Ina219_InitEPNS_13Ina219ContextEPKNS_12Ina219ConfigE)
                  0000d2c4    000000c8     lora.o (.text._ZN7drivers14LoraUart_WriteEPNS_15LoraUartContextEPKht)
                  0000d38c    000000c8     motor_driver_uart.o (.text._ZN7drivers21MotorDriverUart_WriteEPNS_22MotorDriverUartContextEPKht)
                  0000d454    000000c4     app_shell.o (.text._ZN3app19motor_driver_client14WriteRegistersEPNS0_6ClientEhPKhhPNS0_5FrameE)
                  0000d518    000000c4     board_imu.o (.text._ZN5board26Board_Icm45686ReadRegisterEhPh)
                  0000d5dc    000000c0     board_imu.o (.text._ZN5board23Board_Lis3mdlReadWhoAmIEPh)
                  0000d69c    000000bc     soft_i2c.o (.text._ZN7drivers20SoftI2c_ProbeAddressEPNS_14SoftI2cContextEh)
                  0000d758    000000b8     app_shell.o (.text._ZN3app19motor_driver_client4PingEPNS0_6ClientEPb)
                  0000d810    000000b8     ina219.o (.text._ZN7drivers12_GLOBAL__N_113ReleaseI2cBusEPKNS_12Ina219ConfigE)
                  0000d8c8    000000b8     i2c_diag.o (.text._ZN7drivers12_GLOBAL__N_113ReleaseI2cBusEPKNS_16I2cDiagBusConfigE)
                  0000d980    000000b4     oled_ssd1306.o (.text._ZN7drivers16OledSsd1306_InitEPNS_18OledSsd1306ContextEPKNS_17OledSsd1306ConfigE)
                  0000da34    000000b4     motor_driver_uart.o (.text._ZN7drivers20MotorDriverUart_InitEPNS_22MotorDriverUartContextEPKNS_21MotorDriverUartConfigE)
                  0000dae8    000000b0     app_shell.o (.text._ZN3app12_GLOBAL__N_110WriteHex32Ej)
                  0000db98    000000b0     chassis.o (.text._ZN3app12_GLOBAL__N_114SetOneWheelRpmEbi)
                  0000dc48    000000b0     scheduler.o (.text._ZN8services14Scheduler_InitEv)
                  0000dcf8    000000ac     app_shell.o (.text._ZN3app12_GLOBAL__N_110PwmCommandEiPKPKc)
                  0000dda4    000000a4     fm24cl64b.o (.text._ZN7drivers18Fm24cl64b_SelfTestEPNS_16Fm24cl64bContextEt)
                  0000de48    000000a2     libclang_rt.builtins.a : udivmoddi4.S.obj (.text)
                  0000deea    0000009c     app_shell.o (.text._ZN3app12_GLOBAL__N_111ParseUint32EPKcjPj)
                  0000df86    00000002     --HOLE-- [fill = 0]
                  0000df88    0000009c     board_imu.o (.text._ZN5board19Board_ImuSetSpiModeEh)
                  0000e024    0000009a     libc.a : memcpy16.S.obj (.text:memcpy)
                  0000e0be    00000002     --HOLE-- [fill = 0]
                  0000e0c0    00000098     app_shell.o (.text._ZN3app12_GLOBAL__N_121PrintMotorEncoderLineEPKcRKNS_19motor_driver_client11EncoderDataE)
                  0000e158    00000098     app_shell.o (.text._ZN3app19motor_driver_client9SendFrameEhhPKhh)
                  0000e1f0    00000098     motor_driver_uart.o (.text._ZN7drivers29MotorDriverUart_ClearRxBufferEPNS_22MotorDriverUartContextE)
                  0000e288    00000094     oled_ssd1306.o (.text._ZN7drivers12_GLOBAL__N_113WriteRepeatedEPNS_18OledSsd1306ContextEh)
                  0000e31c    00000094     lora.o (.text._ZN7drivers18LoraUart_WriteByteEPNS_15LoraUartContextEh)
                  0000e3b0    00000094     motor_driver_uart.o (.text._ZN7drivers25MotorDriverUart_WriteByteEPNS_22MotorDriverUartContextEh)
                  0000e444    00000094     shell.o (.text._ZN8services13Shell_ProcessEv)
                  0000e4d8    00000092     ina219.o (.text._ZN7drivers23Ina219_ReadRawRegistersEPNS_13Ina219ContextEPNS_18Ina219RawRegistersE)
                  0000e56a    00000002     --HOLE-- [fill = 0]
                  0000e56c    00000088     ti_msp_dl_config.o (.text.SYSCFG_DL_DEBUG_UART_init)
                  0000e5f4    00000088     ti_msp_dl_config.o (.text.SYSCFG_DL_LORA_UART_init)
                  0000e67c    00000088     ti_msp_dl_config.o (.text.SYSCFG_DL_MOTOR_UART_init)
                  0000e704    00000088     app_shell.o (.text._ZN3app19motor_driver_client4HoldEPNS0_6ClientEbPNS0_12MotionResultE)
                  0000e78c    00000084     lora.o (.text._ZN7drivers13LoraUart_InitEPNS_15LoraUartContextEPKNS_14LoraUartConfigE)
                  0000e810    00000080     app_shell.o (.text._ZN3app12_GLOBAL__N_115WriteFixedMilliEi)
                  0000e890    00000080     soft_i2c.o (.text._ZN7drivers12SoftI2c_InitEPNS_14SoftI2cContextEPKNS_13SoftI2cConfigE)
                  0000e910    0000007e     app_shell.o (.text._ZN3app12_GLOBAL__N_113LoraWriteArgsEiPKPKcbPt)
                  0000e98e    0000007e     app_shell.o (.text._ZN3app12_GLOBAL__N_114MotorWriteArgsEiPKPKcbPt)
                  0000ea0c    0000007e     app_shell.o (.text._ZN3app19motor_driver_client11ReadEncoderEPNS0_6ClientEbPNS0_11EncoderDataE)
                  0000ea8a    00000002     --HOLE-- [fill = 0]
                  0000ea8c    0000007c     ti_msp_dl_config.o (.text.SYSCFG_DL_initPower)
                  0000eb08    0000007c     chassis.o (.text._ZN3app19Chassis_SetWheelRpmEii)
                  0000eb84    0000007c     lora.o (.text._ZN7drivers19LoraUart_IrqHandlerEPNS_15LoraUartContextE)
                  0000ec00    0000007c     libc.a : copy_decompress_lzss.c.obj (.text:decompress:lzss)
                  0000ec7c    00000078     app_shell.o (.text._ZN3app12_GLOBAL__N_117WriteAllLedStatusEv)
                  0000ecf4    00000078     app_shell.o (.text._ZN3app12_GLOBAL__N_118PrintMotorRpmBlockERKNS_19motor_driver_client7RpmDataE)
                  0000ed6c    00000074     app_shell.o (.text._ZN3app12_GLOBAL__N_116PrintIna219UsageEv)
                  0000ede0    00000074     app_shell.o (.text._ZN3app19motor_driver_client6SetRunEPNS0_6ClientEbhbPNS0_12MotionResultE)
                  0000ee54    00000074     app_shell.o (.text._ZN3app19motor_driver_client8SetBrakeEPNS0_6ClientEbPNS0_12MotionResultE)
                  0000eec8    00000074     soft_i2c.o (.text._ZN7drivers12_GLOBAL__N_113StopConditionEPKNS_13SoftI2cConfigE)
                  0000ef3c    00000074     ina219.o (.text._ZN7drivers22Ina219_ReadMeasurementEPNS_13Ina219ContextEPNS_17Ina219MeasurementE)
                  0000efb0    00000070     app_shell.o (.text._ZN3app19motor_driver_client16ReadCountsPerRevEPNS0_6ClientEPNS0_12CountsPerRevE)
                  0000f020    0000006c     debug_uart.o (.text.UART3_IRQHandler)
                  0000f08c    0000006c     app_shell.o (.text._ZN3app19motor_driver_client7ReadRpmEPNS0_6ClientEPNS0_7RpmDataE)
                  0000f0f8    0000006c     board_gy931.o (.text._ZN5board27Board_Gy931ReadRawRegistersEhPsh)
                  0000f164    0000006c     motor_driver_uart.o (.text._ZN7drivers26MotorDriverUart_IrqHandlerEPNS_22MotorDriverUartContextE)
                  0000f1d0    0000006c     debug_uart.o (.text._ZN8services21DebugUart_WriteStringEPKc)
                  0000f23c    0000006a     app_shell.o (.text._ZN3app19motor_driver_client8SetCoastEPNS0_6ClientEbPNS0_12MotionResultE)
                  0000f2a6    00000002     --HOLE-- [fill = 0]
                  0000f2a8    00000068     app_shell.o (.text._ZN3app12_GLOBAL__N_113PrintImuUsageEv)
                  0000f310    00000068     app_shell.o (.text._ZN3app12_GLOBAL__N_115PrintGy931UsageEv)
                  0000f378    00000064     app_shell.o (.text._ZN3app12_GLOBAL__N_110WriteHex16Et)
                  0000f3dc    00000064     board_imu.o (.text._ZN5board22Board_ImuGetLineStatusEPNS_18BoardImuLineStatusE)
                  0000f440    00000064     fm24cl64b.o (.text._ZN7drivers14Fm24cl64b_InitEPNS_16Fm24cl64bContextEPKNS_15Fm24cl64bConfigE)
                  0000f4a4    00000062     libc.a : memset16.S.obj (.text:memset)
                  0000f506    00000002     --HOLE-- [fill = 0]
                  0000f508    00000060     app_shell.o (.text._ZN3app12_GLOBAL__N_113PrintI2cUsageEv)
                  0000f568    00000060     app_shell.o (.text._ZN3app12_GLOBAL__N_114PrintOledUsageEv)
                  0000f5c8    00000060     app_shell.o (.text._ZN3app12_GLOBAL__N_118PrintMotorPidBlockERKNS_19motor_driver_client8SpeedPidE)
                  0000f628    00000060     lora.o (.text._ZN7drivers22LoraUart_ClearRxBufferEPNS_15LoraUartContextE)
                  0000f688    0000005e     driverlib.a : dl_i2c.o (.text.DL_I2C_fillControllerTXFIFO)
                  0000f6e6    0000005e     app_shell.o (.text._ZN3app19motor_driver_client19ReadPositionControlEPNS0_6ClientEPNS0_15PositionControlE)
                  0000f744    0000005e     app_shell.o (.text._ZN3app19motor_driver_client8ReadInfoEPNS0_6ClientEPNS0_10DeviceInfoE)
                  0000f7a2    0000005e     button.o (.text._ZN7drivers13Button_UpdateEPNS_13ButtonContextEj)
                  0000f800    0000005c     app_shell.o (.text._ZN3app12_GLOBAL__N_130PrintMotorPositionControlBlockERKNS_19motor_driver_client15PositionControlE)
                  0000f85c    0000005c     board_gy931.o (.text._ZN5board21Board_Gy931ReadAnglesEPN7drivers11Gy931AnglesE)
                  0000f8b8    0000005c     board_gy931.o (.text._ZN5board21Board_Gy931ReadSampleEPN7drivers11Gy931SampleE)
                  0000f914    0000005c     board_oled.o (.text._ZN5board22Board_OledGetBusStatusEPjPbS1_)
                  0000f970    0000005a     soft_i2c.o (.text._ZN7drivers20SoftI2c_GetBusStatusEPKNS_14SoftI2cContextEPNS_16SoftI2cBusStatusE)
                  0000f9ca    00000002     --HOLE-- [fill = 0]
                  0000f9cc    00000058     app_shell.o (.text._ZN3app12_GLOBAL__N_127PrintMotorPositionPidFieldsERKNS_19motor_driver_client11PositionPidE)
                  0000fa24    00000058     app_shell.o (.text._ZN3app19motor_driver_client15ReadPositionPidEPNS0_6ClientEPNS0_11PositionPidE)
                  0000fa7c    00000058     app_shell.o (.text._ZN3app19motor_driver_client7ReadPidEPNS0_6ClientEPNS0_8SpeedPidE)
                  0000fad4    00000058     ina219.o (.text._ZN7drivers17Ina219_SetAddressEPNS_13Ina219ContextEh)
                  0000fb2c    00000058     i2c_diag.o (.text._ZN7drivers20I2cDiag_GetBusStatusEPKNS_16I2cDiagBusConfigEPNS_16I2cDiagBusStatusE)
                  0000fb84    00000056     oled_ssd1306.o (.text._ZN7drivers21OledSsd1306_SetInvertEPNS_18OledSsd1306ContextEb)
                  0000fbda    00000056     oled_ssd1306.o (.text._ZN7drivers24OledSsd1306_SetDisplayOnEPNS_18OledSsd1306ContextEb)
                  0000fc30    00000054     ti_msp_dl_config.o (.text.SYSCFG_DL_MOTOR_I2C_init)
                  0000fc84    00000054     ti_msp_dl_config.o (.text.SYSCFG_DL_SENSOR_I2C_init)
                  0000fcd8    00000054     app_shell.o (.text._ZN3app12_GLOBAL__N_114PrintLoraUsageEv)
                  0000fd2c    00000054     debug_uart.o (.text._ZN8services14DebugUart_InitEv)
                  0000fd80    00000052     empty_cpp.o (.text.main)
                  0000fdd2    00000002     --HOLE-- [fill = 0]
                  0000fdd4    00000050     board_ina219.o (.text._ZN5board16Board_Ina219InitEv)
                  0000fe24    00000050     board_gy931.o (.text._ZN5board23Board_Gy931GetBusStatusEPbS0_)
                  0000fe74    00000050     board_imu.o (.text._ZN5board27Board_ImuSetChipSelectDebugEbbbb)
                  0000fec4    0000004c     ti_msp_dl_config.o (.text.SYSCFG_DL_IMU_SPI_init)
                  0000ff10    0000004c     board_gy931.o (.text._ZN5board15Board_Gy931InitEv)
                  0000ff5c    0000004c     board_gy931.o (.text._ZN5board21Board_Gy931SetAddressEh)
                  0000ffa8    00000048     driverlib.a : dl_uart.o (.text.DL_UART_init)
                  0000fff0    00000048     board_gy931.o (.text._ZN5board16Board_Gy931ProbeEv)
                  00010038    00000048     board_fram.o (.text._ZN5board22Board_FramGetBusStatusEPjPbS1_)
                  00010080    00000048     board_ina219.o (.text._ZN5board24Board_Ina219GetBusStatusEPjPbS1_)
                  000100c8    00000048     gy931.o (.text._ZN7drivers10Gy931_InitEPNS_12Gy931ContextEPKNS_11Gy931ConfigE)
                  00010110    00000048     debug_uart.o (.text._ZN8services18DebugUart_ReadByteEPh)
                  00010158    00000044     driverlib.a : dl_spi.o (.text.DL_SPI_init)
                  0001019c    00000044     board_imu.o (.text._ZN5board13Board_ImuInitEv)
                  000101e0    00000044     ina219.o (.text._ZN7drivers19Ina219_GetBusStatusEPNS_13Ina219ContextEPNS_15Ina219BusStatusE)
                  00010224    00000044     fm24cl64b.o (.text._ZN7drivers22Fm24cl64b_GetBusStatusEPNS_16Fm24cl64bContextEPNS_18Fm24cl64bBusStatusE)
                  00010268    00000040     ti_msp_dl_config.o (.text.SYSCFG_DL_init)
                  000102a8    00000040     app_shell.o (.text._ZN3app12_GLOBAL__N_114PrintFramUsageEv)
                  000102e8    00000040     app_shell.o (.text._ZN3app12_GLOBAL__N_114VersionCommandEiPKPKc)
                  00010328    00000040     app_shell.o (.text._ZN3app19motor_driver_client14SetPositionPidEPNS0_6ClientEPKhh)
                  00010368    00000040     app_shell.o (.text._ZN3app19motor_driver_client18SetPositionControlEPNS0_6ClientEPKhh)
                  000103a8    00000040     app_shell.o (.text._ZN3app19motor_driver_client6SetPidEPNS0_6ClientEPKhh)
                  000103e8    00000040     lora.o (.text._ZN7drivers17LoraUart_ReadByteEPNS_15LoraUartContextEPh)
                  00010428    00000040     motor_driver_uart.o (.text._ZN7drivers24MotorDriverUart_ReadByteEPNS_22MotorDriverUartContextEPh)
                  00010468    00000040     libclang_rt.builtins.a : aeabi_uidivmod.S.obj (.text)
                  000104a8    0000003e     button.o (.text._ZN7drivers11Button_InitEPNS_13ButtonContextEPKNS_12ButtonConfigE)
                  000104e6    0000003e     libclang_rt.builtins.a : divmoddi4.c.obj (.text.__divmoddi4)
                  00010524    0000003c     driverlib.a : dl_i2c.o (.text.DL_I2C_flushControllerTXFIFO)
                  00010560    0000003c     chassis.o (.text._ZN3app12Chassis_StopEv)
                  0001059c    0000003c     app_shell.o (.text._ZN3app12_GLOBAL__N_19WriteHex8Eh)
                  000105d8    0000003c     app_main.o (.text._ZN3app8App_InitEv)
                  00010614    0000003c     board_button.o (.text._ZN5board17Board_ButtonsInitEv)
                  00010650    0000003c     board_led.o (.text._ZN5board19Board_StatusLedInitEv)
                  0001068c    0000003c     gy931.o (.text._ZN7drivers11Gy931_ProbeEPNS_12Gy931ContextE)
                  000106c8    0000003c     gy931.o (.text._ZN7drivers13Gy931_IsReadyEPKNS_12Gy931ContextE)
                  00010704    0000003c     ina219.o (.text._ZN7drivers23Ina219_ConfigureDefaultEPNS_13Ina219ContextE)
                  00010740    0000003c     libc.a : autoinit.c.obj (.text:__TI_auto_init_nobinit_nopinit)
                  0001077c    0000003a     soft_i2c.o (.text._ZN7drivers15SoftI2c_IsReadyEPKNS_14SoftI2cContextE)
                  000107b6    0000003a     oled_ssd1306.o (.text._ZN7drivers17OledSsd1306_ClearEPNS_18OledSsd1306ContextE)
                  000107f0    0000003a     libclang_rt.builtins.a : muldsi3.S.obj (.text)
                  0001082a    00000002     --HOLE-- [fill = 0]
                  0001082c    00000038     board_gy931.o (.text._ZN5board23Board_Gy931ProbeAddressEh)
                  00010864    00000038     led.o (.text._ZN7drivers10Led_ToggleEPNS_10LedContextE)
                  0001089c    00000038     buzzer.o (.text._ZN7drivers11Buzzer_InitEPNS_13BuzzerContextEPKNS_12BuzzerConfigE)
                  000108d4    00000038     button.o (.text._ZN7drivers14Button_ReadRawEPNS_13ButtonContextEPb)
                  0001090c    00000038     oled_ssd1306.o (.text._ZN7drivers16OledSsd1306_FillEPNS_18OledSsd1306ContextEh)
                  00010944    00000038     ina219.o (.text._ZN7drivers19Ina219_ProbeAddressEPNS_13Ina219ContextEhPt)
                  0001097c    00000038     led.o (.text._ZN7drivers8Led_InitEPNS_10LedContextEPKNS_9LedConfigE)
                  000109b4    00000038     time.o (.text._ZN8services9Time_InitEv)
                  000109ec    00000036     oled_ssd1306.o (.text._ZN7drivers19OledSsd1306_IsReadyEPKNS_18OledSsd1306ContextE)
                  00010a22    00000002     --HOLE-- [fill = 0]
                  00010a24    00000034     app_shell.o (.text._ZN3app12_GLOBAL__N_113Gy931OledTaskEv)
                  00010a58    00000034     app_shell.o (.text._ZN3app12_GLOBAL__N_114Ina219OledTaskEv)
                  00010a8c    00000034     board_button.o (.text._ZN5board19Board_ButtonsUpdateEj)
                  00010ac0    00000030     driverlib.a : dl_i2c.o (.text.DL_I2C_flushControllerRXFIFO)
                  00010af0    00000030                 : dl_uart.o (.text.DL_UART_transmitDataBlocking)
                  00010b20    00000030     ti_msp_dl_config.o (.text.SYSCFG_DL_SYSCTL_init)
                  00010b50    00000030     app_shell.o (.text._ZN3app12_GLOBAL__N_115WriteStatusLineEPKcN7drivers12DriverStatusE)
                  00010b80    00000030     app_shell.o (.text._ZN3app12_GLOBAL__N_121PrintMotorConfigBlockERKNS_19motor_driver_client12CountsPerRevE)
                  00010bb0    00000030     buzzer.o (.text._ZN7drivers10Buzzer_OffEPNS_13BuzzerContextE)
                  00010be0    00000030     i2c_diag.o (.text._ZN7drivers12_GLOBAL__N_118CheckTransferErrorEP8I2C_Regs)
                  00010c10    00000030     led.o (.text._ZN7drivers7Led_SetEPNS_10LedContextEb)
                  00010c40    00000030     buzzer.o (.text._ZN7drivers9Buzzer_OnEPNS_13BuzzerContextE)
                  00010c70    0000002e     ina219.o (.text._ZN7drivers19Ina219_ReadRegisterEPNS_13Ina219ContextEhPt)
                  00010c9e    00000002     --HOLE-- [fill = 0]
                  00010ca0    0000002c     app_shell.o (.text._ZN3app12_GLOBAL__N_113PrintLedUsageEv)
                  00010ccc    0000002c     board.o (.text._ZN5board10Board_InitEv)
                  00010cf8    0000002c     board_oled.o (.text._ZN5board15Board_OledProbeEv)
                  00010d24    0000002c     board_gy931.o (.text._ZN5board21Board_Gy931RecoverBusEv)
                  00010d50    0000002c     ina219.o (.text._ZN7drivers20Ina219_WriteRegisterEPNS_13Ina219ContextEht)
                  00010d7c    0000002c     lora.o (.text._ZN7drivers28LoraUart_GetControllerStatusEPKNS_15LoraUartContextEPj)
                  00010da8    0000002c     motor_driver_uart.o (.text._ZN7drivers35MotorDriverUart_GetControllerStatusEPKNS_22MotorDriverUartContextEPj)
                  00010dd4    0000002c     scheduler.o (.text._ZN8services20Scheduler_EnableTaskEhb)
                  00010e00    0000002a     ina219.o (.text._ZN7drivers12Ina219_ResetEPNS_13Ina219ContextE)
                  00010e2a    0000002a     lora.o (.text._ZN7drivers23LoraUart_GetRxAvailableEPKNS_15LoraUartContextE)
                  00010e54    0000002a     motor_driver_uart.o (.text._ZN7drivers30MotorDriverUart_GetRxAvailableEPKNS_22MotorDriverUartContextE)
                  00010e7e    00000002     --HOLE-- [fill = 0]
                  00010e80    00000028     chassis.o (.text._ZN3app12Chassis_InitEv)
                  00010ea8    00000028     app_shell.o (.text._ZN3app12_GLOBAL__N_112ResetCommandEiPKPKc)
                  00010ed0    00000028     board_lora.o (.text._ZN5board14Board_LoraInitEv)
                  00010ef8    00000028     board_motor_driver.o (.text._ZN5board21Board_MotorDriverInitEv)
                  00010f20    00000028     libc.a : boot_cortex_m.c.obj (.text:_c_int00_noargs)
                  00010f48    00000026     driverlib.a : dl_i2c.o (.text.DL_I2C_setClockConfig)
                  00010f6e    00000002     --HOLE-- [fill = 0]
                  00010f70    00000024     app_shell.o (.text._ZN3app12_GLOBAL__N_110WriteInt32Ei)
                  00010f94    00000024     time.o (.text._ZN8services12Time_DelayMsEj)
                  00010fb8    00000024     libclang_rt.builtins.a : muldi3.S.obj (.text)
                  00010fdc    00000022     button.o (.text._ZN7drivers17Button_WasPressedEPNS_13ButtonContextE)
                  00010ffe    00000022     button.o (.text._ZN7drivers18Button_WasReleasedEPNS_13ButtonContextE)
                  00011020    00000020     app_shell.o (.text._ZN3app12_GLOBAL__N_126PrintMotorPositionPidBlockERKNS_19motor_driver_client11PositionPidE)
                  00011040    00000020     board_led.o (.text._ZN5board13Board_LedIsOnENS_10BoardLedIdE)
                  00011060    00000020     board_oled.o (.text._ZN5board14Board_OledInitEv)
                  00011080    00000020     board_led.o (.text._ZN5board16Board_LedIsReadyENS_10BoardLedIdE)
                  000110a0    0000001e     ina219.o (.text._ZN7drivers17Ina219_GetAddressEPKNS_13Ina219ContextE)
                  000110be    0000001e     ina219.o (.text._ZN7drivers21Ina219_GetCalibrationEPKNS_13Ina219ContextE)
                  000110dc    0000001e     libclang_rt.builtins.a : ashldi3.S.obj (.text)
                  000110fa    00000002     --HOLE-- [fill = 0]
                  000110fc    0000001c     driverlib.a : dl_spi.o (.text.DL_SPI_receiveDataCheck8)
                  00011118    0000001c                 : dl_spi.o (.text.DL_SPI_transmitDataCheck8)
                  00011134    0000001c     app_main.o (.text._ZN3app7App_RunEv)
                  00011150    0000001c     board_led.o (.text._ZN5board11Board_LedOnENS_10BoardLedIdE)
                  0001116c    0000001c     board_led.o (.text._ZN5board12Board_LedOffENS_10BoardLedIdE)
                  00011188    0000001c     board_led.o (.text._ZN5board15Board_LedToggleENS_10BoardLedIdE)
                  000111a4    0000001c     board_button.o (.text._ZN5board19Board_ButtonReadRawENS_13BoardButtonIdEPb)
                  000111c0    0000001c     board_button.o (.text._ZN5board21Board_ButtonIsPressedENS_13BoardButtonIdE)
                  000111dc    0000001c     board_button.o (.text._ZN5board22Board_ButtonWasPressedENS_13BoardButtonIdE)
                  000111f8    0000001c     board_button.o (.text._ZN5board23Board_ButtonWasReleasedENS_13BoardButtonIdE)
                  00011214    0000001c     ina219.o (.text._ZN7drivers14Ina219_IsReadyEPKNS_13Ina219ContextE)
                  00011230    0000001c     fm24cl64b.o (.text._ZN7drivers17Fm24cl64b_IsReadyEPKNS_16Fm24cl64bContextE)
                  0001124c    0000001c     debug_uart.o (.text._ZN8services19DebugUart_WriteCharEc)
                  00011268    0000001a     button.o (.text._ZN7drivers16Button_IsPressedEPKNS_13ButtonContextE)
                  00011282    0000001a     led.o (.text._ZN7drivers8Led_IsOnEPKNS_10LedContextE)
                  0001129c    0000001a     libclang_rt.builtins.a : aeabi_memset.S.obj (.text)
                  000112b6    00000002     --HOLE-- [fill = 0]
                  000112b8    00000018     board_i2c_bus.o (.text._ZN5board15Board_I2cBusGetEj)
                  000112d0    00000018     board_button.o (.text._ZN5board19Board_ButtonGetNameENS_13BoardButtonIdE)
                  000112e8    00000018     lora.o (.text._ZN7drivers20LoraUart_GetBaudrateEPKNS_15LoraUartContextE)
                  00011300    00000018     motor_driver_uart.o (.text._ZN7drivers27MotorDriverUart_GetBaudrateEPKNS_22MotorDriverUartContextE)
                  00011318    00000018     time.o (.text._ZN8services15Time_HasElapsedEjj)
                  00011330    00000016     app_main.o (.text._ZN12_GLOBAL__N_118App_ButtonScanTaskEv)
                  00011346    00000016     led.o (.text._ZN7drivers11Led_IsReadyEPKNS_10LedContextE)
                  0001135c    00000016     buzzer.o (.text._ZN7drivers14Buzzer_IsReadyEPKNS_13BuzzerContextE)
                  00011372    00000016     lora.o (.text._ZN7drivers16LoraUart_IsReadyEPKNS_15LoraUartContextE)
                  00011388    00000016     motor_driver_uart.o (.text._ZN7drivers23MotorDriverUart_IsReadyEPKNS_22MotorDriverUartContextE)
                  0001139e    00000016     libc.a : copy_zero_init.c.obj (.text:decompress:ZI:__TI_zero_init_nomemset)
                  000113b4    00000014     board_fram.o (.text._ZN5board14Board_FramInitEv)
                  000113c8    00000014     board_fram.o (.text._ZN5board14Board_FramReadEtPht)
                  000113dc    00000014     board_lora.o (.text._ZN5board15Board_LoraWriteEPKht)
                  000113f0    00000014     board_buzzer.o (.text._ZN5board16Board_BuzzerInitEv)
                  00011404    00000014     board_fram.o (.text._ZN5board18Board_FramReadByteEtPh)
                  00011418    00000014     board_fram.o (.text._ZN5board18Board_FramSelfTestEv)
                  0001142c    00000014     board_fram.o (.text._ZN5board19Board_FramWriteByteEth)
                  00011440    00000014     board_oled.o (.text._ZN5board19Board_OledWriteTextEhhPKc)
                  00011454    00000014     board_motor_driver.o (.text._ZN5board22Board_MotorDriverWriteEPKht)
                  00011468    00000014     board_ina219.o (.text._ZN5board24Board_Ina219ProbeAddressEhPt)
                  0001147c    00000014     board_ina219.o (.text._ZN5board24Board_Ina219ReadRegisterEhPt)
                  00011490    00000014     board_ina219.o (.text._ZN5board25Board_Ina219WriteRegisterEht)
                  000114a4    00000014     fm24cl64b.o (.text._ZN7drivers19Fm24cl64b_WriteByteEPNS_16Fm24cl64bContextEth)
                  000114b8    00000014     shell.o (.text._ZN8services15Shell_WriteLineEPKc)
                  000114cc    00000014     libclang_rt.builtins.a : aeabi_ldivmod.S.obj (.text)
                  000114e0    00000012     driverlib.a : dl_spi.o (.text.DL_SPI_setClockConfig)
                  000114f2    00000012                 : dl_uart.o (.text.DL_UART_setClockConfig)
                  00011504    00000012     libc.a : copy_decompress_none.c.obj (.text:decompress:none)
                  00011516    00000002     --HOLE-- [fill = 0]
                  00011518    00000010     time.o (.text.SysTick_Handler)
                  00011528    00000010     board_lora.o (.text.UART0_IRQHandler)
                  00011538    00000010     board_motor_driver.o (.text.UART1_IRQHandler)
                  00011548    00000010     app_shell.o (.text._ZN3app12_GLOBAL__N_110AdcCommandEiPKPKc)
                  00011558    00000010     board_buzzer.o (.text._ZN5board14Board_BuzzerOnEv)
                  00011568    00000010     board_oled.o (.text._ZN5board14Board_OledFillEh)
                  00011578    00000010     board_buzzer.o (.text._ZN5board15Board_BuzzerOffEv)
                  00011588    00000010     board_oled.o (.text._ZN5board15Board_OledClearEv)
                  00011598    00000010     board_fram.o (.text._ZN5board17Board_FramIsReadyEv)
                  000115a8    00000010     board_ina219.o (.text._ZN5board17Board_Ina219ResetEv)
                  000115b8    00000010     board_lora.o (.text._ZN5board17Board_LoraIsReadyEv)
                  000115c8    00000010     board_oled.o (.text._ZN5board17Board_OledIsReadyEv)
                  000115d8    00000010     board_gy931.o (.text._ZN5board18Board_Gy931IsReadyEv)
                  000115e8    00000010     board_lora.o (.text._ZN5board18Board_LoraReadByteEPh)
                  000115f8    00000010     board_buzzer.o (.text._ZN5board19Board_BuzzerIsReadyEv)
                  00011608    00000010     board_ina219.o (.text._ZN5board19Board_Ina219IsReadyEv)
                  00011618    00000010     board_lora.o (.text._ZN5board19Board_LoraWriteByteEh)
                  00011628    00000010     board_oled.o (.text._ZN5board19Board_OledSetInvertEb)
                  00011638    00000010     board_fram.o (.text._ZN5board20Board_FramRecoverBusEv)
                  00011648    00000010     board_lora.o (.text._ZN5board21Board_LoraGetBaudrateEv)
                  00011658    00000010     board_oled.o (.text._ZN5board21Board_OledTestPatternEv)
                  00011668    00000010     board_ina219.o (.text._ZN5board22Board_Ina219GetAddressEv)
                  00011678    00000010     board_ina219.o (.text._ZN5board22Board_Ina219RecoverBusEv)
                  00011688    00000010     board_ina219.o (.text._ZN5board22Board_Ina219SetAddressEh)
                  00011698    00000010     board_oled.o (.text._ZN5board22Board_OledSetDisplayOnEb)
                  000116a8    00000010     board_ina219.o (.text._ZN5board23Board_Ina219CalibrationEv)
                  000116b8    00000010     board_lora.o (.text._ZN5board23Board_LoraClearRxBufferEv)
                  000116c8    00000010     board_lora.o (.text._ZN5board24Board_LoraGetRxAvailableEv)
                  000116d8    00000010     board_motor_driver.o (.text._ZN5board24Board_MotorDriverIsReadyEv)
                  000116e8    00000010     board_motor_driver.o (.text._ZN5board25Board_MotorDriverReadByteEPh)
                  000116f8    00000010     board_motor_driver.o (.text._ZN5board26Board_MotorDriverWriteByteEh)
                  00011708    00000010     board_ina219.o (.text._ZN5board27Board_Ina219ReadMeasurementEPN7drivers17Ina219MeasurementE)
                  00011718    00000010     board_lora.o (.text._ZN5board27Board_LoraGetRxDroppedCountEv)
                  00011728    00000010     board_ina219.o (.text._ZN5board28Board_Ina219ConfigureDefaultEv)
                  00011738    00000010     board_ina219.o (.text._ZN5board28Board_Ina219ReadRawRegistersEPN7drivers18Ina219RawRegistersE)
                  00011748    00000010     board_motor_driver.o (.text._ZN5board28Board_MotorDriverGetBaudrateEv)
                  00011758    00000010     board_lora.o (.text._ZN5board29Board_LoraGetControllerStatusEPj)
                  00011768    00000010     board_motor_driver.o (.text._ZN5board30Board_MotorDriverClearRxBufferEv)
                  00011778    00000010     board_motor_driver.o (.text._ZN5board31Board_MotorDriverGetRxAvailableEv)
                  00011788    00000010     board_motor_driver.o (.text._ZN5board34Board_MotorDriverGetRxDroppedCountEv)
                  00011798    00000010     board_motor_driver.o (.text._ZN5board36Board_MotorDriverGetControllerStatusEPj)
                  000117a8    00000010     fault.o (.text._ZN8services9Fault_SetENS_9FaultCodeE)
                  000117b8    0000000c     board_oled.o (.text._ZN5board15Board_OledWidthEv)
                  000117c4    0000000c     board_imu.o (.text._ZN5board16Board_ImuIsReadyEv)
                  000117d0    0000000c     board_oled.o (.text._ZN5board16Board_OledHeightEv)
                  000117dc    0000000c     board_oled.o (.text._ZN5board17Board_OledAddressEv)
                  000117e8    0000000c     board_gy931.o (.text._ZN5board18Board_Gy931AddressEv)
                  000117f4    0000000c     lora.o (.text._ZN7drivers26LoraUart_GetRxDroppedCountEPKNS_15LoraUartContextE)
                  00011800    0000000c     motor_driver_uart.o (.text._ZN7drivers33MotorDriverUart_GetRxDroppedCountEPKNS_22MotorDriverUartContextE)
                  0001180c    0000000c     fault.o (.text._ZN8services10Fault_InitEv)
                  00011818    0000000c     time.o (.text._ZN8services11Time_MillisEv)
                  00011824    0000000c     debug_uart.o (.text._ZN8services17DebugUart_IsReadyEv)
                  00011830    0000000c     fault.o (.text._ZN8services9Fault_GetEv)
                  0001183c    0000000a     driverlib.a : dl_common.o (.text.DL_Common_delayCycles)
                  00011846    0000000a     fm24cl64b.o (.text._ZN7drivers18Fm24cl64b_ReadByteEPNS_16Fm24cl64bContextEtPh)
                  00011850    00000008     chassis.o (.text._ZN3app16Chassis_GetStateEv)
                  00011858    00000008     shell.o (.text._ZN8services15Shell_WriteCharEc)
                  00011860    00000008     shell.o (.text._ZN8services17Shell_WriteStringEPKc)
                  00011868    00000008     shell.o (.text._ZN8services17Shell_WriteUInt32Ej)
                  00011870    00000008     libclang_rt.builtins.a : aeabi_memcpy.S.obj (.text)
                  00011878    00000006     board_fram.o (.text._ZN5board23Board_FramCapacityBytesEv)
                  0001187e    00000006     libc.a : exit.c.obj (.text:abort)
                  00011884    00000004     libsysbm.a : hostexit.c.obj (.text.HOSTexit)
                  00011888    00000004     startup_mspm0g351x_ticlang.o (.text.Reset_Handler)
                  0001188c    00000010     libc.a : boot_cortex_m.c.obj (.tramp._c_int00_noargs.1)
                  0001189c    00000004     board_led.o (.text._ZN5board14Board_LedCountEv)
                  000118a0    00000004     board_i2c_bus.o (.text._ZN5board17Board_I2cBusCountEv)
                  000118a4    00000004     libc.a : pre_init.c.obj (.text._system_pre_init)

.cinit     0    000139a0    00000068     
                  000139a0    0000003d     (.cinit..data.load) [load image, compression = lzss]
                  000139dd    00000003     --HOLE-- [fill = 0]
                  000139e0    0000000c     (__TI_handler_table)
                  000139ec    00000008     (.cinit..bss.load) [load image, compression = zero_init]
                  000139f4    00000010     (__TI_cinit_table)
                  00013a04    00000004     --HOLE-- [fill = 0]

.rodata    0    000118b0    000020f0     
                  000118b0    000001e0     oled_ssd1306.o (.rodata._ZN7drivers12_GLOBAL__N_18kFont5x7E)
                  00011a90    00000100     app_shell.o (.rodata..L.crctable)
                  00011b90    000000b0     board_i2c_bus.o (.rodata._ZN5board12_GLOBAL__N_110g_i2cBusesE)
                  00011c40    00000045     app_shell.o (.rodata.str1.2354522874658768371.1)
                  00011c85    00000044     app_shell.o (.rodata.str1.10898729738530409555.1)
                  00011cc9    00000043     app_shell.o (.rodata.str1.3261447141251759136.1)
                  00011d0c    00000040     app_shell.o (.rodata.str1.15718131002869739432.1)
                  00011d4c    0000003f     app_shell.o (.rodata.str1.9018689912544847403.1)
                  00011d8b    0000003b     app_shell.o (.rodata.str1.14683574465395229248.1)
                  00011dc6    0000003a     app_shell.o (.rodata.str1.14384267027075031912.1)
                  00011e00    00000039     app_shell.o (.rodata.str1.13305312957799781956.1)
                  00011e39    00000039     app_shell.o (.rodata.str1.9307362830757344490.1)
                  00011e72    00000002     ti_msp_dl_config.o (.rodata.gDEBUG_UARTClockConfig)
                  00011e74    00000038     board_ina219.o (.rodata._ZN5boardL14g_ina219ConfigE)
                  00011eac    00000037     app_shell.o (.rodata.str1.6741221679932540615.1)
                  00011ee3    00000035     app_shell.o (.rodata.str1.4993949747219772545.1)
                  00011f18    00000034     app_shell.o (.rodata.str1.10112150257581002706.1)
                  00011f4c    00000033     app_shell.o (.rodata.str1.871335262082007188.1)
                  00011f7f    00000001     app_shell.o (.rodata._ZZN3app19motor_driver_client13ResetEncodersEPNS0_6ClientEE18kResetBothEncoders)
                  00011f80    00000030     board_button.o (.rodata._ZN5board12_GLOBAL__N_115g_buttonConfigsE)
                  00011fb0    00000030     app_shell.o (.rodata.str1.444886150797460539.1)
                  00011fe0    00000030     app_shell.o (.rodata.str1.9210286441137644766.1)
                  00012010    0000002e     app_shell.o (.rodata.str1.1222417806814152126.1)
                  0001203e    0000002e     app_shell.o (.rodata.str1.6333935326310285001.1)
                  0001206c    0000002d     app_shell.o (.rodata.str1.11988425272379929349.1)
                  00012099    00000003     shell.o (.rodata.str1.10427229796524742636.1)
                  0001209c    0000002c     board_fram.o (.rodata._ZN5boardL12g_framConfigE)
                  000120c8    0000002c     app_shell.o (.rodata.str1.14233940187144292863.1)
                  000120f4    0000002b     app_shell.o (.rodata.str1.10686345719893916156.1)
                  0001211f    0000002a     app_shell.o (.rodata.str1.12171028956779732402.1)
                  00012149    0000002a     app_shell.o (.rodata.str1.9620275128409837831.1)
                  00012173    00000027     app_shell.o (.rodata.str1.12702218204047093678.1)
                  0001219a    00000026     shell.o (.rodata.str1.6901712316327456926.1)
                  000121c0    00000024     board_led.o (.rodata._ZN5board12_GLOBAL__N_112g_ledConfigsE)
                  000121e4    00000023     app_shell.o (.rodata.str1.5549424804698209806.1)
                  00012207    00000001     app_shell.o (.rodata.str1.6990210706562570998.1)
                  00012208    00000020     board_gy931.o (.rodata._ZN5board12_GLOBAL__N_116g_gy931I2cConfigE)
                  00012228    00000020     app_shell.o (.rodata.str1.1117190944701632139.1)
                  00012248    00000020     app_shell.o (.rodata.str1.13993368087264210023.1)
                  00012268    00000020     app_shell.o (.rodata.str1.671945175647755142.1)
                  00012288    0000001f     app_shell.o (.rodata.str1.16751110918939779405.1)
                  000122a7    0000001f     app_shell.o (.rodata.str1.4906473829960206720.1)
                  000122c6    0000001f     app_shell.o (.rodata.str1.5376205643164354286.1)
                  000122e5    0000001f     app_shell.o (.rodata.str1.5558565371248379366.1)
                  00012304    0000001e     app_shell.o (.rodata.str1.15191095550199914221.1)
                  00012322    0000001e     app_shell.o (.rodata.str1.15434941628325917383.1)
                  00012340    0000001d     app_shell.o (.rodata.str1.13801472938381369419.1)
                  0001235d    0000001d     app_shell.o (.rodata.str1.14039278806392033347.1)
                  0001237a    0000001d     app_shell.o (.rodata.str1.14205965562906606532.1)
                  00012397    0000001d     app_shell.o (.rodata.str1.2961690588144940041.1)
                  000123b4    0000001d     app_shell.o (.rodata.str1.3993930801943470712.1)
                  000123d1    0000001d     app_shell.o (.rodata.str1.4654016994079693252.1)
                  000123ee    0000001d     app_shell.o (.rodata.str1.9771379453730038237.1)
                  0001240b    00000001     --HOLE-- [fill = 0]
                  0001240c    0000001c     app_shell.o (.rodata..Lswitch.table._ZN3app12_GLOBAL__N_115WriteStatusLineEPKcN7drivers12DriverStatusE)
                  00012428    0000001c     app_shell.o (.rodata.str1.17796269336985765740.1)
                  00012444    0000001c     app_shell.o (.rodata.str1.3801014448936389230.1)
                  00012460    0000001c     app_shell.o (.rodata.str1.9391809367291156356.1)
                  0001247c    0000001b     app_shell.o (.rodata.str1.16234102244779358492.1)
                  00012497    0000001b     app_shell.o (.rodata.str1.4718301332189448330.1)
                  000124b2    0000001b     app_shell.o (.rodata.str1.638712236475948105.1)
                  000124cd    0000001b     app_shell.o (.rodata.str1.6732668152964995079.1)
                  000124e8    0000001b     app_shell.o (.rodata.str1.9914841333937594294.1)
                  00012503    0000001a     app_shell.o (.rodata.str1.11695941591751426527.1)
                  0001251d    0000001a     app_shell.o (.rodata.str1.12139680495649507277.1)
                  00012537    0000001a     app_shell.o (.rodata.str1.5998459121093071997.1)
                  00012551    0000001a     app_shell.o (.rodata.str1.8913484995449839833.1)
                  0001256b    00000019     app_shell.o (.rodata.str1.11810056576553604146.1)
                  00012584    00000019     app_shell.o (.rodata.str1.13837654594440465327.1)
                  0001259d    00000019     app_shell.o (.rodata.str1.16608939394091912599.1)
                  000125b6    00000019     app_shell.o (.rodata.str1.4722871664019758228.1)
                  000125cf    00000001     --HOLE-- [fill = 0]
                  000125d0    00000018     oled_ssd1306.o (.rodata..L__const._ZN7drivers16OledSsd1306_InitEPNS_18OledSsd1306ContextEPKNS_17OledSsd1306ConfigE.init_commands)
                  000125e8    00000018     app_shell.o (.rodata..Lswitch.table._ZN3app12_GLOBAL__N_110LedCommandEiPKPKc)
                  00012600    00000018     app_shell.o (.rodata..Lswitch.table._ZN3app12_GLOBAL__N_114ChassisCommandEiPKPKc)
                  00012618    00000018     app_shell.o (.rodata..Lswitch.table._ZN3app12_GLOBAL__N_114PrintI2cStatusEPKN7drivers16I2cDiagBusConfigE)
                  00012630    00000018     board_lora.o (.rodata._ZN5boardL12g_loraConfigE)
                  00012648    00000018     board_motor_driver.o (.rodata._ZN5boardL19g_motorDriverConfigE)
                  00012660    00000018     app_shell.o (.rodata.str1.14399694733058290430.1)
                  00012678    00000018     app_shell.o (.rodata.str1.15957297692044786119.1)
                  00012690    00000018     app_shell.o (.rodata.str1.6985088606437959035.1)
                  000126a8    00000017     app_shell.o (.rodata.str1.12775857017664274056.1)
                  000126bf    00000017     app_shell.o (.rodata.str1.18321780392631004131.1)
                  000126d6    00000017     shell.o (.rodata.str1.5680428239841774557.1)
                  000126ed    00000017     app_shell.o (.rodata.str1.9330511253547015856.1)
                  00012704    00000017     app_shell.o (.rodata.str1.9510743962955489881.1)
                  0001271b    00000016     app_shell.o (.rodata.str1.12395812238841081648.1)
                  00012731    00000016     app_shell.o (.rodata.str1.14648361161363975803.1)
                  00012747    00000016     app_shell.o (.rodata.str1.15243759629067864478.1)
                  0001275d    00000016     app_shell.o (.rodata.str1.6213986015100719150.1)
                  00012773    00000016     app_shell.o (.rodata.str1.8103717083034249282.1)
                  00012789    00000015     app_shell.o (.rodata.str1.11417636334450101405.1)
                  0001279e    00000015     app_shell.o (.rodata.str1.13030721149427952655.1)
                  000127b3    00000015     app_shell.o (.rodata.str1.1370999210712480726.1)
                  000127c8    00000015     app_shell.o (.rodata.str1.15250642606891514023.1)
                  000127dd    00000015     app_shell.o (.rodata.str1.16249557628706834344.1)
                  000127f2    00000015     app_shell.o (.rodata.str1.16403652897496990845.1)
                  00012807    00000015     app_shell.o (.rodata.str1.2029421846019890511.1)
                  0001281c    00000015     app_shell.o (.rodata.str1.4754765727316804258.1)
                  00012831    00000015     app_shell.o (.rodata.str1.6410197886599512152.1)
                  00012846    00000015     app_shell.o (.rodata.str1.8567835230344529755.1)
                  0001285b    00000015     app_shell.o (.rodata.str1.9055250215258332321.1)
                  00012870    00000015     app_shell.o (.rodata.str1.9376739677351878210.1)
                  00012885    00000014     app_shell.o (.rodata.str1.10765756584264170646.1)
                  00012899    00000014     app_shell.o (.rodata.str1.12082892960889789793.1)
                  000128ad    00000014     app_shell.o (.rodata.str1.15271578700424090375.1)
                  000128c1    00000014     app_shell.o (.rodata.str1.7717429345810212474.1)
                  000128d5    00000014     app_shell.o (.rodata.str1.9910804097406052719.1)
                  000128e9    00000013     app_shell.o (.rodata.str1.10453793674332237457.1)
                  000128fc    00000013     app_shell.o (.rodata.str1.10942142601811546277.1)
                  0001290f    00000013     app_shell.o (.rodata.str1.14827416709503782844.1)
                  00012922    00000013     app_shell.o (.rodata.str1.15520279574724480647.1)
                  00012935    00000013     app_shell.o (.rodata.str1.18243883703027276797.1)
                  00012948    00000013     app_shell.o (.rodata.str1.8602760754867183125.1)
                  0001295b    00000012     app_shell.o (.rodata.str1.10289290574810046808.1)
                  0001296d    00000012     app_shell.o (.rodata.str1.14613035533147221857.1)
                  0001297f    00000012     app_shell.o (.rodata.str1.1642163497366634869.1)
                  00012991    00000012     app_shell.o (.rodata.str1.232704503142678858.1)
                  000129a3    00000012     app_shell.o (.rodata.str1.3408180322678171874.1)
                  000129b5    00000012     app_shell.o (.rodata.str1.4190646769514731288.1)
                  000129c7    00000012     app_shell.o (.rodata.str1.4364833213939746011.1)
                  000129d9    00000012     app_shell.o (.rodata.str1.626618899871332695.1)
                  000129eb    00000012     app_shell.o (.rodata.str1.6725838405751831500.1)
                  000129fd    00000012     app_shell.o (.rodata.str1.6784117614563954040.1)
                  00012a0f    00000012     app_shell.o (.rodata.str1.699895553008956456.1)
                  00012a21    00000012     shell.o (.rodata.str1.8246939600463437344.1)
                  00012a33    00000012     app_shell.o (.rodata.str1.9174659539396871698.1)
                  00012a45    00000011     app_shell.o (.rodata.str1.10323271120540767551.1)
                  00012a56    00000011     app_shell.o (.rodata.str1.10673636489446728236.1)
                  00012a67    00000011     app_shell.o (.rodata.str1.13046583378940816508.1)
                  00012a78    00000011     app_shell.o (.rodata.str1.14280360640269665673.1)
                  00012a89    00000011     app_shell.o (.rodata.str1.15776769504895676854.1)
                  00012a9a    00000011     app_shell.o (.rodata.str1.16682001306138638370.1)
                  00012aab    00000011     app_shell.o (.rodata.str1.4179493015675024832.1)
                  00012abc    00000011     app_shell.o (.rodata.str1.5191515299446853227.1)
                  00012acd    00000011     app_shell.o (.rodata.str1.5652790780262836254.1)
                  00012ade    00000011     app_shell.o (.rodata.str1.603491450591505373.1)
                  00012aef    00000011     app_shell.o (.rodata.str1.7523381390121946373.1)
                  00012b00    00000011     app_shell.o (.rodata.str1.8406640635343907673.1)
                  00012b11    00000011     app_shell.o (.rodata.str1.8509687067808380963.1)
                  00012b22    00000011     app_shell.o (.rodata.str1.8730613329291864653.1)
                  00012b33    00000011     app_shell.o (.rodata.str1.9167415978045996327.1)
                  00012b44    00000010     app_shell.o (.rodata.str1.11139999694760206320.1)
                  00012b54    00000010     app_shell.o (.rodata.str1.13438288695896508174.1)
                  00012b64    00000010     app_shell.o (.rodata.str1.13507390935846511250.1)
                  00012b74    00000010     app_shell.o (.rodata.str1.13760472749468428784.1)
                  00012b84    00000010     app_shell.o (.rodata.str1.1418877803505809098.1)
                  00012b94    00000010     app_shell.o (.rodata.str1.16368304853068341593.1)
                  00012ba4    00000010     app_shell.o (.rodata.str1.17149590331237407959.1)
                  00012bb4    00000010     app_shell.o (.rodata.str1.1735606048226007486.1)
                  00012bc4    00000010     app_shell.o (.rodata.str1.2575300681215869353.1)
                  00012bd4    00000010     app_shell.o (.rodata.str1.2994156742980555940.1)
                  00012be4    00000010     app_shell.o (.rodata.str1.3256265506082810711.1)
                  00012bf4    00000010     app_shell.o (.rodata.str1.6064720514220957747.1)
                  00012c04    00000010     app_shell.o (.rodata.str1.738127925484632372.1)
                  00012c14    00000010     app_shell.o (.rodata.str1.7536280090074249547.1)
                  00012c24    00000010     app_shell.o (.rodata.str1.7612592787831263617.1)
                  00012c34    00000010     app_shell.o (.rodata.str1.7940456731757887554.1)
                  00012c44    00000010     app_shell.o (.rodata.str1.9144633642026494361.1)
                  00012c54    00000010     app_shell.o (.rodata.str1.9244822838137428263.1)
                  00012c64    0000000f     app_shell.o (.rodata.str1.10655198733228341824.1)
                  00012c73    0000000f     app_shell.o (.rodata.str1.11066750309610323631.1)
                  00012c82    0000000f     app_shell.o (.rodata.str1.1218180957705702538.1)
                  00012c91    0000000f     app_shell.o (.rodata.str1.12984249117936450029.1)
                  00012ca0    0000000f     app_shell.o (.rodata.str1.13442463908107530774.1)
                  00012caf    0000000f     app_shell.o (.rodata.str1.13643216153024045165.1)
                  00012cbe    0000000f     app_shell.o (.rodata.str1.14223157730264656398.1)
                  00012ccd    0000000f     app_shell.o (.rodata.str1.15631921964184120084.1)
                  00012cdc    0000000f     app_shell.o (.rodata.str1.15816476343860600217.1)
                  00012ceb    0000000f     app_shell.o (.rodata.str1.16606383977969570013.1)
                  00012cfa    0000000f     app_shell.o (.rodata.str1.1666417036609286127.1)
                  00012d09    0000000f     app_shell.o (.rodata.str1.16714929730437686203.1)
                  00012d18    0000000f     app_shell.o (.rodata.str1.16821001261222486393.1)
                  00012d27    0000000f     app_shell.o (.rodata.str1.17269466629117989041.1)
                  00012d36    0000000f     app_shell.o (.rodata.str1.17563913066770742391.1)
                  00012d45    0000000f     app_shell.o (.rodata.str1.17942500811997078001.1)
                  00012d54    0000000f     app_shell.o (.rodata.str1.18064870084815154193.1)
                  00012d63    0000000f     app_shell.o (.rodata.str1.18076126304851181080.1)
                  00012d72    0000000f     app_shell.o (.rodata.str1.2767916714829989116.1)
                  00012d81    0000000f     app_shell.o (.rodata.str1.4235466395725798433.1)
                  00012d90    0000000f     app_shell.o (.rodata.str1.4641291215374644332.1)
                  00012d9f    0000000f     app_shell.o (.rodata.str1.560197181004569561.1)
                  00012dae    0000000f     app_shell.o (.rodata.str1.6446933695614087048.1)
                  00012dbd    0000000f     app_shell.o (.rodata.str1.6622852920864620103.1)
                  00012dcc    0000000f     app_shell.o (.rodata.str1.9315764513386952153.1)
                  00012ddb    0000000e     app_shell.o (.rodata.str1.10045272382687720110.1)
                  00012de9    0000000e     app_shell.o (.rodata.str1.10256891727475852015.1)
                  00012df7    0000000e     app_shell.o (.rodata.str1.10676024008785630941.1)
                  00012e05    0000000e     app_shell.o (.rodata.str1.12144774989780088692.1)
                  00012e13    0000000e     app_shell.o (.rodata.str1.13204140776596746875.1)
                  00012e21    0000000e     app_shell.o (.rodata.str1.13247589138198607459.1)
                  00012e2f    0000000e     app_shell.o (.rodata.str1.14008062965805295334.1)
                  00012e3d    0000000e     app_shell.o (.rodata.str1.14678420154468417691.1)
                  00012e4b    0000000e     app_shell.o (.rodata.str1.14936188070685842994.1)
                  00012e59    0000000e     app_shell.o (.rodata.str1.14986749233794120341.1)
                  00012e67    0000000e     app_shell.o (.rodata.str1.15176035481894813218.1)
                  00012e75    0000000e     app_shell.o (.rodata.str1.15474659119954869462.1)
                  00012e83    0000000e     app_shell.o (.rodata.str1.15890787717468802715.1)
                  00012e91    0000000e     app_shell.o (.rodata.str1.16192519054485599172.1)
                  00012e9f    0000000e     app_shell.o (.rodata.str1.16738014180672278497.1)
                  00012ead    0000000e     app_shell.o (.rodata.str1.1715960982390498022.1)
                  00012ebb    0000000e     app_shell.o (.rodata.str1.17414183638713165213.1)
                  00012ec9    0000000e     app_shell.o (.rodata.str1.17828083914467509567.1)
                  00012ed7    0000000e     app_shell.o (.rodata.str1.17946445462908322557.1)
                  00012ee5    0000000e     app_shell.o (.rodata.str1.18057142085415363861.1)
                  00012ef3    0000000e     app_shell.o (.rodata.str1.18221696243336245540.1)
                  00012f01    0000000e     app_shell.o (.rodata.str1.1920446765128684034.1)
                  00012f0f    0000000e     app_shell.o (.rodata.str1.2888160770863374914.1)
                  00012f1d    0000000e     app_shell.o (.rodata.str1.2900415078221183578.1)
                  00012f2b    0000000e     app_shell.o (.rodata.str1.3185920080334599345.1)
                  00012f39    0000000e     app_shell.o (.rodata.str1.6756868286634741853.1)
                  00012f47    0000000e     app_shell.o (.rodata.str1.7652650349062231201.1)
                  00012f55    0000000e     app_shell.o (.rodata.str1.7988978544830785654.1)
                  00012f63    0000000e     app_shell.o (.rodata.str1.9555053908608242801.1)
                  00012f71    0000000e     app_shell.o (.rodata.str1.9613508491485191367.1)
                  00012f7f    0000000d     app_shell.o (.rodata.str1.10214528574276002300.1)
                  00012f8c    0000000d     app_shell.o (.rodata.str1.10315330772167196409.1)
                  00012f99    0000000d     app_shell.o (.rodata.str1.10465369967917398799.1)
                  00012fa6    0000000d     app_shell.o (.rodata.str1.10665909939688505188.1)
                  00012fb3    0000000d     app_shell.o (.rodata.str1.10761430618072912911.1)
                  00012fc0    0000000d     app_shell.o (.rodata.str1.11627259167888876947.1)
                  00012fcd    0000000d     app_shell.o (.rodata.str1.11698549779809542857.1)
                  00012fda    0000000d     app_shell.o (.rodata.str1.11747346528919543944.1)
                  00012fe7    0000000d     app_shell.o (.rodata.str1.12957799291655329777.1)
                  00012ff4    0000000d     app_shell.o (.rodata.str1.13456686701278321828.1)
                  00013001    0000000d     app_shell.o (.rodata.str1.13923183189790686887.1)
                  0001300e    0000000d     app_shell.o (.rodata.str1.14082473703337987432.1)
                  0001301b    0000000d     app_shell.o (.rodata.str1.141740382680400416.1)
                  00013028    0000000d     app_shell.o (.rodata.str1.15233515076766056445.1)
                  00013035    0000000d     app_shell.o (.rodata.str1.15304479756170702175.1)
                  00013042    0000000d     app_shell.o (.rodata.str1.15645525071624774828.1)
                  0001304f    0000000d     app_shell.o (.rodata.str1.16227620492999702623.1)
                  0001305c    0000000d     app_shell.o (.rodata.str1.16382682332685916288.1)
                  00013069    0000000d     app_shell.o (.rodata.str1.17079496693311907377.1)
                  00013076    0000000d     app_shell.o (.rodata.str1.17560467775276443071.1)
                  00013083    0000000d     app_shell.o (.rodata.str1.2174065761012631512.1)
                  00013090    0000000d     app_shell.o (.rodata.str1.2831129786622658843.1)
                  0001309d    0000000d     app_shell.o (.rodata.str1.3012107245209823623.1)
                  000130aa    0000000d     app_shell.o (.rodata.str1.4126815238888174570.1)
                  000130b7    0000000d     app_shell.o (.rodata.str1.4138401803328556999.1)
                  000130c4    0000000d     app_shell.o (.rodata.str1.4203577644585159315.1)
                  000130d1    0000000d     app_shell.o (.rodata.str1.4334110622959027977.1)
                  000130de    0000000d     app_shell.o (.rodata.str1.4373942943625881212.1)
                  000130eb    0000000d     app_shell.o (.rodata.str1.4581240687132052572.1)
                  000130f8    0000000d     app_shell.o (.rodata.str1.486096689455371503.1)
                  00013105    0000000d     app_shell.o (.rodata.str1.5164433326538179767.1)
                  00013112    0000000d     app_shell.o (.rodata.str1.5640218363402806195.1)
                  0001311f    0000000d     app_shell.o (.rodata.str1.5909738732761903070.1)
                  0001312c    0000000d     app_shell.o (.rodata.str1.6822338819583971375.1)
                  00013139    0000000d     app_shell.o (.rodata.str1.7323251101578629502.1)
                  00013146    0000000d     app_shell.o (.rodata.str1.7493624433185208732.1)
                  00013153    0000000d     app_shell.o (.rodata.str1.7598868572271513517.1)
                  00013160    0000000d     app_shell.o (.rodata.str1.7863986223166603054.1)
                  0001316d    0000000d     app_shell.o (.rodata.str1.8270660343300337824.1)
                  0001317a    0000000d     app_shell.o (.rodata.str1.8569159511768566713.1)
                  00013187    0000000d     app_shell.o (.rodata.str1.8573948346423057931.1)
                  00013194    0000000d     app_shell.o (.rodata.str1.860288802755812513.1)
                  000131a1    0000000d     app_shell.o (.rodata.str1.8867909630182175989.1)
                  000131ae    0000000d     app_shell.o (.rodata.str1.9017255012489828088.1)
                  000131bb    0000000d     app_shell.o (.rodata.str1.9141388473721648320.1)
                  000131c8    0000000d     app_shell.o (.rodata.str1.9805525145790407866.1)
                  000131d5    00000003     app_shell.o (.rodata.str1.13354450145327234839.1)
                  000131d8    0000000c     board_button.o (.rodata..Lswitch.table._ZN5board19Board_ButtonGetNameENS_13BoardButtonIdE)
                  000131e4    0000000c     board_imu.o (.rodata..Lswitch.table._ZN5board19Board_ImuSetSpiModeEh)
                  000131f0    0000000c     board_buzzer.o (.rodata._ZN5boardL14g_buzzerConfigE)
                  000131fc    0000000c     app_shell.o (.rodata.str1.10063100725489470447.1)
                  00013208    0000000c     app_shell.o (.rodata.str1.10195084751130023350.1)
                  00013214    0000000c     app_shell.o (.rodata.str1.107782727556153465.1)
                  00013220    0000000c     app_shell.o (.rodata.str1.10855919650491312362.1)
                  0001322c    0000000c     app_shell.o (.rodata.str1.11085599432999950484.1)
                  00013238    0000000c     app_shell.o (.rodata.str1.11187590877126870748.1)
                  00013244    0000000c     app_shell.o (.rodata.str1.12202420964197988914.1)
                  00013250    0000000c     app_shell.o (.rodata.str1.12681352959443149009.1)
                  0001325c    0000000c     app_shell.o (.rodata.str1.12824201010631389445.1)
                  00013268    0000000c     app_shell.o (.rodata.str1.14031660303973722868.1)
                  00013274    0000000c     app_shell.o (.rodata.str1.14047439488698303500.1)
                  00013280    0000000c     app_shell.o (.rodata.str1.14891418699318862133.1)
                  0001328c    0000000c     app_shell.o (.rodata.str1.15409376994933409736.1)
                  00013298    0000000c     app_shell.o (.rodata.str1.16030027069547225168.1)
                  000132a4    0000000c     app_shell.o (.rodata.str1.17029008240216598945.1)
                  000132b0    0000000c     app_shell.o (.rodata.str1.17894747200582054988.1)
                  000132bc    0000000c     app_shell.o (.rodata.str1.17949724605236455182.1)
                  000132c8    0000000c     app_shell.o (.rodata.str1.18173995716001367913.1)
                  000132d4    0000000c     app_shell.o (.rodata.str1.1818528395550233868.1)
                  000132e0    0000000c     app_shell.o (.rodata.str1.18199392941174819197.1)
                  000132ec    0000000c     app_shell.o (.rodata.str1.228054200419340106.1)
                  000132f8    0000000c     app_shell.o (.rodata.str1.2672312858105111990.1)
                  00013304    0000000c     app_shell.o (.rodata.str1.3266044674648287831.1)
                  00013310    0000000c     app_shell.o (.rodata.str1.3775892609595549761.1)
                  0001331c    0000000c     app_shell.o (.rodata.str1.4218503564476151687.1)
                  00013328    0000000c     app_shell.o (.rodata.str1.4465720126653824720.1)
                  00013334    0000000c     app_shell.o (.rodata.str1.4561355912026728236.1)
                  00013340    0000000c     app_shell.o (.rodata.str1.457134685058795777.1)
                  0001334c    0000000c     app_shell.o (.rodata.str1.4875989240936630559.1)
                  00013358    0000000c     app_shell.o (.rodata.str1.6141924026740255213.1)
                  00013364    0000000c     app_shell.o (.rodata.str1.6357824671205653470.1)
                  00013370    0000000c     app_shell.o (.rodata.str1.6411710860483804230.1)
                  0001337c    0000000c     app_shell.o (.rodata.str1.6449272601156908614.1)
                  00013388    0000000c     app_shell.o (.rodata.str1.795459456749244188.1)
                  00013394    0000000c     app_shell.o (.rodata.str1.8150600325345066189.1)
                  000133a0    0000000c     app_shell.o (.rodata.str1.8778837135027269807.1)
                  000133ac    0000000c     app_shell.o (.rodata.str1.9039581054213484543.1)
                  000133b8    0000000c     app_shell.o (.rodata.str1.9081962557253678714.1)
                  000133c4    0000000c     app_shell.o (.rodata.str1.9749413079945087756.1)
                  000133d0    0000000c     app_shell.o (.rodata.str1.9993995378713752655.1)
                  000133dc    0000000b     app_shell.o (.rodata.str1.12583477948311004516.1)
                  000133e7    0000000b     app_shell.o (.rodata.str1.13516618514429956117.1)
                  000133f2    0000000b     app_shell.o (.rodata.str1.14152514258843500131.1)
                  000133fd    0000000b     app_shell.o (.rodata.str1.15170798190507263349.1)
                  00013408    0000000b     app_shell.o (.rodata.str1.15453031427744251291.1)
                  00013413    0000000b     app_shell.o (.rodata.str1.16167065860645901179.1)
                  0001341e    0000000b     app_shell.o (.rodata.str1.16556295950709461880.1)
                  00013429    0000000b     app_shell.o (.rodata.str1.18027752678067221043.1)
                  00013434    0000000b     app_shell.o (.rodata.str1.2027963614161212499.1)
                  0001343f    0000000b     app_shell.o (.rodata.str1.2208679373137722540.1)
                  0001344a    0000000b     app_shell.o (.rodata.str1.2703608743373828131.1)
                  00013455    0000000b     app_shell.o (.rodata.str1.3407110844134482865.1)
                  00013460    0000000b     app_shell.o (.rodata.str1.3797254539615626137.1)
                  0001346b    0000000b     app_shell.o (.rodata.str1.5183699985835163329.1)
                  00013476    0000000b     app_shell.o (.rodata.str1.5372235894363256449.1)
                  00013481    0000000b     app_shell.o (.rodata.str1.7267978533840413714.1)
                  0001348c    0000000b     app_shell.o (.rodata.str1.8497090786602423890.1)
                  00013497    0000000b     app_shell.o (.rodata.str1.8635314900416989314.1)
                  000134a2    0000000b     app_shell.o (.rodata.str1.8793534488315853255.1)
                  000134ad    0000000b     app_shell.o (.rodata.str1.9469166005307157086.1)
                  000134b8    0000000a     ti_msp_dl_config.o (.rodata.gDEBUG_UARTConfig)
                  000134c2    0000000a     ti_msp_dl_config.o (.rodata.gIMU_SPI_config)
                  000134cc    0000000a     ti_msp_dl_config.o (.rodata.gLORA_UARTConfig)
                  000134d6    0000000a     ti_msp_dl_config.o (.rodata.gMOTOR_UARTConfig)
                  000134e0    0000000a     app_shell.o (.rodata.str1.11012206428812069270.1)
                  000134ea    0000000a     app_shell.o (.rodata.str1.1420893864952581301.1)
                  000134f4    0000000a     app_shell.o (.rodata.str1.14355953386558495977.1)
                  000134fe    0000000a     app_shell.o (.rodata.str1.14665588872345235888.1)
                  00013508    0000000a     app_shell.o (.rodata.str1.15451653635542139434.1)
                  00013512    0000000a     app_shell.o (.rodata.str1.16330407060470052804.1)
                  0001351c    0000000a     app_shell.o (.rodata.str1.16800956331689080151.1)
                  00013526    0000000a     shell.o (.rodata.str1.17922515892264497723.1)
                  00013530    0000000a     app_shell.o (.rodata.str1.18334646164448261171.1)
                  0001353a    0000000a     app_shell.o (.rodata.str1.2686006007855973365.1)
                  00013544    0000000a     app_shell.o (.rodata.str1.4765282673395706663.1)
                  0001354e    0000000a     app_shell.o (.rodata.str1.7950140236767125311.1)
                  00013558    0000000a     app_shell.o (.rodata.str1.8909966966318238916.1)
                  00013562    00000009     app_shell.o (.rodata.str1.13071761163155843764.1)
                  0001356b    00000009     app_shell.o (.rodata.str1.14639049301600042713.1)
                  00013574    00000009     app_shell.o (.rodata.str1.15885433143163248817.1)
                  0001357d    00000009     app_shell.o (.rodata.str1.16002955380413704612.1)
                  00013586    00000009     app_shell.o (.rodata.str1.4392945030196501414.1)
                  0001358f    00000009     app_shell.o (.rodata.str1.5998451886276286134.1)
                  00013598    00000009     app_shell.o (.rodata.str1.8859821711474065235.1)
                  000135a1    00000008     app_shell.o (.rodata.str1.10399184169238940547.1)
                  000135a9    00000008     app_shell.o (.rodata.str1.1047053269920726699.1)
                  000135b1    00000008     board_button.o (.rodata.str1.10963450802004053816.1)
                  000135b9    00000008     app_shell.o (.rodata.str1.11327417708772392390.1)
                  000135c1    00000008     app_shell.o (.rodata.str1.11335294061225285764.1)
                  000135c9    00000008     app_shell.o (.rodata.str1.13884664080836546401.1)
                  000135d1    00000008     app_shell.o (.rodata.str1.14623014954758015065.1)
                  000135d9    00000008     app_shell.o (.rodata.str1.16434931421802318348.1)
                  000135e1    00000008     app_shell.o (.rodata.str1.16458884249986146812.1)
                  000135e9    00000008     board_button.o (.rodata.str1.17681505947258605906.1)
                  000135f1    00000008     board_button.o (.rodata.str1.18240515884718476655.1)
                  000135f9    00000008     app_shell.o (.rodata.str1.18352946289163076249.1)
                  00013601    00000008     app_main.o (.rodata.str1.1839410120130765391.1)
                  00013609    00000008     app_shell.o (.rodata.str1.1886428569580364902.1)
                  00013611    00000008     app_shell.o (.rodata.str1.2292235750072059597.1)
                  00013619    00000008     app_shell.o (.rodata.str1.3892416308557052197.1)
                  00013621    00000008     app_shell.o (.rodata.str1.4465400818469226320.1)
                  00013629    00000008     app_shell.o (.rodata.str1.5531439754045694522.1)
                  00013631    00000008     app_shell.o (.rodata.str1.5848672442950545206.1)
                  00013639    00000008     board_button.o (.rodata.str1.5952028417427413650.1)
                  00013641    00000008     app_shell.o (.rodata.str1.6351667589775284342.1)
                  00013649    00000008     app_shell.o (.rodata.str1.7571154574660953324.1)
                  00013651    00000008     app_shell.o (.rodata.str1.8674441817985872181.1)
                  00013659    00000008     app_shell.o (.rodata.str1.8730301986016609910.1)
                  00013661    00000008     app_shell.o (.rodata.str1.8756111863556889466.1)
                  00013669    00000007     app_shell.o (.rodata.str1.11325690732168652611.1)
                  00013670    00000007     app_shell.o (.rodata.str1.11774507841365577078.1)
                  00013677    00000007     app_shell.o (.rodata.str1.11903828385650032657.1)
                  0001367e    00000007     app_shell.o (.rodata.str1.11922244342622017285.1)
                  00013685    00000007     app_shell.o (.rodata.str1.12588545937538655288.1)
                  0001368c    00000007     app_shell.o (.rodata.str1.13029328624899454496.1)
                  00013693    00000007     app_shell.o (.rodata.str1.13323525510459860336.1)
[...]
00010561  _ZN3app12Chassis_StopEv                                                                     
000105d9  _ZN3app8App_InitEv                                                                          
00010615  _ZN5board17Board_ButtonsInitEv                                                              
00010651  _ZN5board19Board_StatusLedInitEv                                                            
0001068d  _ZN7drivers11Gy931_ProbeEPNS_12Gy931ContextE                                                
000106c9  _ZN7drivers13Gy931_IsReadyEPKNS_12Gy931ContextE                                             
00010705  _ZN7drivers23Ina219_ConfigureDefaultEPNS_13Ina219ContextE                                   
00010741  __TI_auto_init_nobinit_nopinit                                                              
0001077d  _ZN7drivers15SoftI2c_IsReadyEPKNS_14SoftI2cContextE                                         
000107b7  _ZN7drivers17OledSsd1306_ClearEPNS_18OledSsd1306ContextE                                    
000107f1  __muldsi3                                                                                   
0001082d  _ZN5board23Board_Gy931ProbeAddressEh                                                        
00010865  _ZN7drivers10Led_ToggleEPNS_10LedContextE                                                   
0001089d  _ZN7drivers11Buzzer_InitEPNS_13BuzzerContextEPKNS_12BuzzerConfigE                           
000108d5  _ZN7drivers14Button_ReadRawEPNS_13ButtonContextEPb                                          
0001090d  _ZN7drivers16OledSsd1306_FillEPNS_18OledSsd1306ContextEh                                    
00010945  _ZN7drivers19Ina219_ProbeAddressEPNS_13Ina219ContextEhPt                                    
0001097d  _ZN7drivers8Led_InitEPNS_10LedContextEPKNS_9LedConfigE                                      
000109b5  _ZN8services9Time_InitEv                                                                    
000109ed  _ZN7drivers19OledSsd1306_IsReadyEPKNS_18OledSsd1306ContextE                                 
00010a8d  _ZN5board19Board_ButtonsUpdateEj                                                            
00010ac1  DL_I2C_flushControllerRXFIFO                                                                
00010af1  DL_UART_transmitDataBlocking                                                                
00010b21  SYSCFG_DL_SYSCTL_init                                                                       
00010bb1  _ZN7drivers10Buzzer_OffEPNS_13BuzzerContextE                                                
00010c11  _ZN7drivers7Led_SetEPNS_10LedContextEb                                                      
00010c41  _ZN7drivers9Buzzer_OnEPNS_13BuzzerContextE                                                  
00010c71  _ZN7drivers19Ina219_ReadRegisterEPNS_13Ina219ContextEhPt                                    
00010ccd  _ZN5board10Board_InitEv                                                                     
00010cf9  _ZN5board15Board_OledProbeEv                                                                
00010d25  _ZN5board21Board_Gy931RecoverBusEv                                                          
00010d51  _ZN7drivers20Ina219_WriteRegisterEPNS_13Ina219ContextEht                                    
00010d7d  _ZN7drivers28LoraUart_GetControllerStatusEPKNS_15LoraUartContextEPj                         
00010da9  _ZN7drivers35MotorDriverUart_GetControllerStatusEPKNS_22MotorDriverUartContextEPj           
00010dd5  _ZN8services20Scheduler_EnableTaskEhb                                                       
00010e01  _ZN7drivers12Ina219_ResetEPNS_13Ina219ContextE                                              
00010e2b  _ZN7drivers23LoraUart_GetRxAvailableEPKNS_15LoraUartContextE                                
00010e55  _ZN7drivers30MotorDriverUart_GetRxAvailableEPKNS_22MotorDriverUartContextE                  
00010e81  _ZN3app12Chassis_InitEv                                                                     
00010ed1  _ZN5board14Board_LoraInitEv                                                                 
00010ef9  _ZN5board21Board_MotorDriverInitEv                                                          
00010f21  _c_int00_noargs                                                                             
00010f49  DL_I2C_setClockConfig                                                                       
00010f95  _ZN8services12Time_DelayMsEj                                                                
00010fb9  __aeabi_lmul                                                                                
00010fb9  __muldi3                                                                                    
00010fdd  _ZN7drivers17Button_WasPressedEPNS_13ButtonContextE                                         
00010fff  _ZN7drivers18Button_WasReleasedEPNS_13ButtonContextE                                        
00011041  _ZN5board13Board_LedIsOnENS_10BoardLedIdE                                                   
00011061  _ZN5board14Board_OledInitEv                                                                 
00011081  _ZN5board16Board_LedIsReadyENS_10BoardLedIdE                                                
000110a1  _ZN7drivers17Ina219_GetAddressEPKNS_13Ina219ContextE                                        
000110bf  _ZN7drivers21Ina219_GetCalibrationEPKNS_13Ina219ContextE                                    
000110dd  __aeabi_llsl                                                                                
000110dd  __ashldi3                                                                                   
000110fd  DL_SPI_receiveDataCheck8                                                                    
00011119  DL_SPI_transmitDataCheck8                                                                   
00011135  _ZN3app7App_RunEv                                                                           
00011151  _ZN5board11Board_LedOnENS_10BoardLedIdE                                                     
0001116d  _ZN5board12Board_LedOffENS_10BoardLedIdE                                                    
00011189  _ZN5board15Board_LedToggleENS_10BoardLedIdE                                                 
000111a5  _ZN5board19Board_ButtonReadRawENS_13BoardButtonIdEPb                                        
000111c1  _ZN5board21Board_ButtonIsPressedENS_13BoardButtonIdE                                        
000111dd  _ZN5board22Board_ButtonWasPressedENS_13BoardButtonIdE                                       
000111f9  _ZN5board23Board_ButtonWasReleasedENS_13BoardButtonIdE                                      
00011215  _ZN7drivers14Ina219_IsReadyEPKNS_13Ina219ContextE                                           
00011231  _ZN7drivers17Fm24cl64b_IsReadyEPKNS_16Fm24cl64bContextE                                     
0001124d  _ZN8services19DebugUart_WriteCharEc                                                         
00011269  _ZN7drivers16Button_IsPressedEPKNS_13ButtonContextE                                         
00011283  _ZN7drivers8Led_IsOnEPKNS_10LedContextE                                                     
0001129d  __aeabi_memset                                                                              
0001129d  __aeabi_memset4                                                                             
0001129d  __aeabi_memset8                                                                             
000112ab  __aeabi_memclr                                                                              
000112ab  __aeabi_memclr4                                                                             
000112ab  __aeabi_memclr8                                                                             
000112b9  _ZN5board15Board_I2cBusGetEj                                                                
000112d1  _ZN5board19Board_ButtonGetNameENS_13BoardButtonIdE                                          
000112e9  _ZN7drivers20LoraUart_GetBaudrateEPKNS_15LoraUartContextE                                   
00011301  _ZN7drivers27MotorDriverUart_GetBaudrateEPKNS_22MotorDriverUartContextE                     
00011319  _ZN8services15Time_HasElapsedEjj                                                            
00011347  _ZN7drivers11Led_IsReadyEPKNS_10LedContextE                                                 
0001135d  _ZN7drivers14Buzzer_IsReadyEPKNS_13BuzzerContextE                                           
00011373  _ZN7drivers16LoraUart_IsReadyEPKNS_15LoraUartContextE                                       
00011389  _ZN7drivers23MotorDriverUart_IsReadyEPKNS_22MotorDriverUartContextE                         
0001139f  __TI_zero_init_nomemset                                                                     
000113b5  _ZN5board14Board_FramInitEv                                                                 
000113c9  _ZN5board14Board_FramReadEtPht                                                              
000113dd  _ZN5board15Board_LoraWriteEPKht                                                             
000113f1  _ZN5board16Board_BuzzerInitEv                                                               
00011405  _ZN5board18Board_FramReadByteEtPh                                                           
00011419  _ZN5board18Board_FramSelfTestEv                                                             
0001142d  _ZN5board19Board_FramWriteByteEth                                                           
00011441  _ZN5board19Board_OledWriteTextEhhPKc                                                        
00011455  _ZN5board22Board_MotorDriverWriteEPKht                                                      
00011469  _ZN5board24Board_Ina219ProbeAddressEhPt                                                     
0001147d  _ZN5board24Board_Ina219ReadRegisterEhPt                                                     
00011491  _ZN5board25Board_Ina219WriteRegisterEht                                                     
000114a5  _ZN7drivers19Fm24cl64b_WriteByteEPNS_16Fm24cl64bContextEth                                  
000114b9  _ZN8services15Shell_WriteLineEPKc                                                           
000114cd  __aeabi_ldivmod                                                                             
000114e1  DL_SPI_setClockConfig                                                                       
000114f3  DL_UART_setClockConfig                                                                      
00011505  __TI_decompress_none                                                                        
00011519  SysTick_Handler                                                                             
00011529  UART0_IRQHandler                                                                            
00011539  UART1_IRQHandler                                                                            
00011559  _ZN5board14Board_BuzzerOnEv                                                                 
00011569  _ZN5board14Board_OledFillEh                                                                 
00011579  _ZN5board15Board_BuzzerOffEv                                                                
00011589  _ZN5board15Board_OledClearEv                                                                
00011599  _ZN5board17Board_FramIsReadyEv                                                              
000115a9  _ZN5board17Board_Ina219ResetEv                                                              
000115b9  _ZN5board17Board_LoraIsReadyEv                                                              
000115c9  _ZN5board17Board_OledIsReadyEv                                                              
000115d9  _ZN5board18Board_Gy931IsReadyEv                                                             
000115e9  _ZN5board18Board_LoraReadByteEPh                                                            
000115f9  _ZN5board19Board_BuzzerIsReadyEv                                                            
00011609  _ZN5board19Board_Ina219IsReadyEv                                                            
00011619  _ZN5board19Board_LoraWriteByteEh                                                            
00011629  _ZN5board19Board_OledSetInvertEb                                                            
00011639  _ZN5board20Board_FramRecoverBusEv                                                           
00011649  _ZN5board21Board_LoraGetBaudrateEv                                                          
00011659  _ZN5board21Board_OledTestPatternEv                                                          
00011669  _ZN5board22Board_Ina219GetAddressEv                                                         
00011679  _ZN5board22Board_Ina219RecoverBusEv                                                         
00011689  _ZN5board22Board_Ina219SetAddressEh                                                         
00011699  _ZN5board22Board_OledSetDisplayOnEb                                                         
000116a9  _ZN5board23Board_Ina219CalibrationEv                                                        
000116b9  _ZN5board23Board_LoraClearRxBufferEv                                                        
000116c9  _ZN5board24Board_LoraGetRxAvailableEv                                                       
000116d9  _ZN5board24Board_MotorDriverIsReadyEv                                                       
000116e9  _ZN5board25Board_MotorDriverReadByteEPh                                                     
000116f9  _ZN5board26Board_MotorDriverWriteByteEh                                                     
00011709  _ZN5board27Board_Ina219ReadMeasurementEPN7drivers17Ina219MeasurementE                       
00011719  _ZN5board27Board_LoraGetRxDroppedCountEv                                                    
00011729  _ZN5board28Board_Ina219ConfigureDefaultEv                                                   
00011739  _ZN5board28Board_Ina219ReadRawRegistersEPN7drivers18Ina219RawRegistersE                     
00011749  _ZN5board28Board_MotorDriverGetBaudrateEv                                                   
00011759  _ZN5board29Board_LoraGetControllerStatusEPj                                                 
00011769  _ZN5board30Board_MotorDriverClearRxBufferEv                                                 
00011779  _ZN5board31Board_MotorDriverGetRxAvailableEv                                                
00011789  _ZN5board34Board_MotorDriverGetRxDroppedCountEv                                             
00011799  _ZN5board36Board_MotorDriverGetControllerStatusEPj                                          
000117a9  _ZN8services9Fault_SetENS_9FaultCodeE                                                       
000117b9  _ZN5board15Board_OledWidthEv                                                                
000117c5  _ZN5board16Board_ImuIsReadyEv                                                               
000117d1  _ZN5board16Board_OledHeightEv                                                               
000117dd  _ZN5board17Board_OledAddressEv                                                              
000117e9  _ZN5board18Board_Gy931AddressEv                                                             
000117f5  _ZN7drivers26LoraUart_GetRxDroppedCountEPKNS_15LoraUartContextE                             
00011801  _ZN7drivers33MotorDriverUart_GetRxDroppedCountEPKNS_22MotorDriverUartContextE               
0001180d  _ZN8services10Fault_InitEv                                                                  
00011819  _ZN8services11Time_MillisEv                                                                 
00011825  _ZN8services17DebugUart_IsReadyEv                                                           
00011831  _ZN8services9Fault_GetEv                                                                    
0001183d  DL_Common_delayCycles                                                                       
00011847  _ZN7drivers18Fm24cl64b_ReadByteEPNS_16Fm24cl64bContextEtPh                                  
00011851  _ZN3app16Chassis_GetStateEv                                                                 
00011859  _ZN8services15Shell_WriteCharEc                                                             
00011861  _ZN8services17Shell_WriteStringEPKc                                                         
00011869  _ZN8services17Shell_WriteUInt32Ej                                                           
00011871  __aeabi_memcpy                                                                              
00011871  __aeabi_memcpy4                                                                             
00011871  __aeabi_memcpy8                                                                             
00011879  _ZN5board23Board_FramCapacityBytesEv                                                        
0001187f  abort                                                                                       
00011884  C$$EXIT                                                                                     
00011885  HOSTexit                                                                                    
00011889  Reset_Handler                                                                               
0001189d  _ZN5board14Board_LedCountEv                                                                 
000118a1  _ZN5board17Board_I2cBusCountEv                                                              
000118a5  _system_pre_init                                                                            
00011f7f  _ZZN3app19motor_driver_client13ResetEncodersEPNS0_6ClientEE18kResetBothEncoders             
000139e0  __TI_Handler_Table_Base                                                                     
000139ec  __TI_Handler_Table_Limit                                                                    
000139f4  __TI_CINIT_Base                                                                             
00013a04  __TI_CINIT_Limit                                                                            
00013a04  __TI_CINIT_Warm                                                                             
20200000  __start___llvm_prf_bits                                                                     
20200000  __start___llvm_prf_cnts                                                                     
20200000  __stop___llvm_prf_bits                                                                      
20200000  __stop___llvm_prf_cnts                                                                      
202002e0  gDEBUG_UARTBackup                                                                           
20200310  gIMU_SPIBackup                                                                              
2020ff00  __stack                                                                                     
20210000  __STACK_END                                                                                 
ffffffff  __TI_pprof_out_hndl                                                                         
ffffffff  __TI_prof_data_size                                                                         
ffffffff  __TI_prof_data_start                                                                        
ffffffff  __binit__                                                                                   
ffffffff  binit                                                                                       
UNDEFED   __mpu_init                                                                                  
UNDEFED   _system_post_cinit                                                                          

[375 symbols]
