******************************************************************************
            TI ARM Clang Linker PC v5.1.1                      
******************************************************************************
>> Linked Sun Jul  5 21:58:52 2026

OUTPUT FILE NAME:   <gugaPI.out>
ENTRY POINT SYMBOL: "_c_int00_noargs"  address: 00009905


MEMORY CONFIGURATION

         name            origin    length      used     unused   attr    fill
----------------------  --------  ---------  --------  --------  ----  --------
  FLASH                 00000000   00080000  0000b5a8  00074a58  R  X
  SRAM_BANK0            20200000   00010000  00000684  0000f97c  RW X
  SRAM_BANK1            20210000   00010000  00000000  00010000  RW X
  BCR_CONFIG            41c00000   000000ff  00000000  000000ff  R   
  BSL_CONFIG            41c00100   00000080  00000000  00000080  R   
  DATA                  41d00000   00004000  00000000  00004000  R   


SEGMENT ALLOCATION MAP

run origin  load origin   length   init length attrs members
----------  ----------- ---------- ----------- ----- -------
00000000    00000000    0000a0a8   0000a0a8    r-x
  00000000    00000000    000000c0   000000c0    r-- .intvecs
  000000c0    000000c0    00009fe8   00009fe8    r-x .text
0000a0b0    0000a0b0    00001500   00001500    r--
  0000a0b0    0000a0b0    000014d0   000014d0    r-- .rodata
  0000b580    0000b580    00000030   00000030    r-- .cinit
20200000    20200000    00000584   00000000    rw-
  20200000    20200000    00000308   00000000    rw- .bss
  20200308    20200308    0000027c   00000000    rw- .data
2020ff00    2020ff00    00000100   00000000    rw-
  2020ff00    2020ff00    00000100   00000000    rw- .stack


SECTION ALLOCATION MAP

 output                                  attributes/
section   page    origin      length       input sections
--------  ----  ----------  ----------   ----------------
.intvecs   0    00000000    000000c0     
                  00000000    000000c0     startup_mspm0g351x_ticlang.o (.intvecs)

.text      0    000000c0    00009fe8     
                  000000c0    00001450     app_shell.o (.text._ZN3app12_GLOBAL__N_112MotorCommandEiPKPKc)
                  00001510    00000a5c     app_shell.o (.text._ZN3app12_GLOBAL__N_110ImuCommandEiPKPKc)
                  00001f6c    000008c0     app_shell.o (.text._ZN3app12_GLOBAL__N_113Ina219CommandEiPKPKc)
                  0000282c    00000880     app_shell.o (.text._ZN3app12_GLOBAL__N_111LoraCommandEiPKPKc)
                  000030ac    00000724     app_shell.o (.text._ZN3app12_GLOBAL__N_110I2cCommandEiPKPKc)
                  000037d0    00000474     shell.o (.text._ZN8services12_GLOBAL__N_113HandleLineEndEv)
                  00003c44    00000430     app_shell.o (.text._ZN3app12_GLOBAL__N_111FramCommandEiPKPKc)
                  00004074    00000334     app_shell.o (.text._ZN3app12_GLOBAL__N_112MotorRequestEhhPKhhPNS0_18MotorProtocolFrameE)
                  000043a8    000002cc     board_imu.o (.text._ZN5board12_GLOBAL__N_123ReadRegisterWithCommandEhPh)
                  00004674    00000284     board_imu.o (.text._ZN5board22Board_ImuWiggleSpiPinsEj)
                  000048f8    00000238     i2c_diag.o (.text._ZN7drivers16I2cDiag_ReadReg8EPKNS_16I2cDiagBusConfigEhhPht)
                  00004b30    00000234     board_imu.o (.text._ZN5board21Board_ImuSpiSampleIcmEhPhj)
                  00004d64    00000230     app_shell.o (.text._ZN3app12_GLOBAL__N_113ButtonCommandEiPKPKc)
                  00004f94    00000224     fm24cl64b.o (.text._ZN7drivers14Fm24cl64b_ReadEPNS_16Fm24cl64bContextEtPht)
                  000051b8    0000021c     board_imu.o (.text._ZN5board20Board_ImuSpiBurstIcmEjh)
                  000053d4    000001e0     ina219.o (.text._ZN7drivers17Ina219_RecoverBusEPNS_13Ina219ContextE)
                  000055b4    000001e0     fm24cl64b.o (.text._ZN7drivers20Fm24cl64b_RecoverBusEPNS_16Fm24cl64bContextE)
                  00005794    000001d0     fm24cl64b.o (.text._ZN7drivers15Fm24cl64b_WriteEPNS_16Fm24cl64bContextEtPKht)
                  00005964    000001d0     i2c_diag.o (.text._ZN7drivers18I2cDiag_RecoverBusEPKNS_16I2cDiagBusConfigE)
                  00005b34    000001c8     i2c_diag.o (.text._ZN7drivers17I2cDiag_WriteReg8EPKNS_16I2cDiagBusConfigEhhPKht)
                  00005cfc    000001b0     scheduler.o (.text._ZN8services13Scheduler_RunEv)
                  00005eac    000001a4     ina219.o (.text._ZN7drivers12_GLOBAL__N_120ReadRegisterInternalEPNS_13Ina219ContextEhPt)
                  00006050    00000188     i2c_diag.o (.text._ZN7drivers20I2cDiag_ProbeAddressEPKNS_16I2cDiagBusConfigEh)
                  000061d8    00000170     app_shell.o (.text._ZN3app12_GLOBAL__N_113ParseI2cRangeEiPKPKchPhS5_)
                  00006348    00000148     app_shell.o (.text._ZN3app12_GLOBAL__N_114PrintI2cStatusEPKN7drivers16I2cDiagBusConfigE)
                  00006490    00000140     debug_uart.o (.text._ZN8services21DebugUart_WriteUInt32Ej)
                  000065d0    0000013c     app_shell.o (.text._ZN3app12_GLOBAL__N_110I2cScanBusEPKN7drivers16I2cDiagBusConfigEhhb)
                  0000670c    00000124     app_shell.o (.text._ZN3app25AppShell_RegisterCommandsEv)
                  00006830    00000120     ina219.o (.text._ZN7drivers12_GLOBAL__N_121WriteRegisterInternalEPNS_13Ina219ContextEht)
                  00006950    00000108     app_shell.o (.text._ZN3app12_GLOBAL__N_119PrintMotorFrameDataEPKcRKNS0_18MotorProtocolFrameE)
                  00006a58    00000100     shell.o (.text._ZN8services10Shell_InitEv)
                  00006b58    000000fc     ti_msp_dl_config.o (.text.SYSCFG_DL_GPIO_init)
                  00006c54    000000ec     app_shell.o (.text._ZN3app12_GLOBAL__N_115PrintMotorUsageEv)
                  00006d40    000000e0     app_shell.o (.text._ZN3app12_GLOBAL__N_110LedCommandEiPKPKc)
                  00006e20    000000e0     app_shell.o (.text._ZN3app12_GLOBAL__N_113BuzzerCommandEiPKPKc)
                  00006f00    000000e0     scheduler.o (.text._ZN8services17Scheduler_AddTaskEPKcPFvvEjjPh)
                  00006fe0    000000d4     shell.o (.text._ZN8services21Shell_RegisterCommandEPKcS1_PFviPKS1_E)
                  000070b4    000000d0     app_shell.o (.text._ZN3app12_GLOBAL__N_121PrintMotorEncoderLineEPKcRKNS0_18MotorProtocolFrameE)
                  00007184    000000c8     board_imu.o (.text._ZN5board25Board_Lis3mdlReadRegisterEhPh)
                  0000724c    000000c8     ina219.o (.text._ZN7drivers11Ina219_InitEPNS_13Ina219ContextEPKNS_12Ina219ConfigE)
                  00007314    000000c8     lora.o (.text._ZN7drivers14LoraUart_WriteEPNS_15LoraUartContextEPKht)
                  000073dc    000000c8     motor_driver_uart.o (.text._ZN7drivers21MotorDriverUart_WriteEPNS_22MotorDriverUartContextEPKht)
                  000074a4    000000c4     board_imu.o (.text._ZN5board26Board_Icm45686ReadRegisterEhPh)
                  00007568    000000c0     board_imu.o (.text._ZN5board23Board_Lis3mdlReadWhoAmIEPh)
                  00007628    000000b8     ina219.o (.text._ZN7drivers12_GLOBAL__N_113ReleaseI2cBusEPKNS_12Ina219ConfigE)
                  000076e0    000000b8     i2c_diag.o (.text._ZN7drivers12_GLOBAL__N_113ReleaseI2cBusEPKNS_16I2cDiagBusConfigE)
                  00007798    000000b4     motor_driver_uart.o (.text._ZN7drivers20MotorDriverUart_InitEPNS_22MotorDriverUartContextEPKNS_21MotorDriverUartConfigE)
                  0000784c    000000b0     app_shell.o (.text._ZN3app12_GLOBAL__N_110WriteHex32Ej)
                  000078fc    000000b0     board_i2c_bus.o (.text._ZN5board16Board_I2cBusFindEPKc)
                  000079ac    000000b0     scheduler.o (.text._ZN8services14Scheduler_InitEv)
                  00007a5c    000000ac     app_shell.o (.text._ZN3app12_GLOBAL__N_110PwmCommandEiPKPKc)
                  00007b08    000000a4     app_shell.o (.text._ZN3app12_GLOBAL__N_118PrintMotorRpmBlockERKNS0_18MotorProtocolFrameE)
                  00007bac    000000a4     fm24cl64b.o (.text._ZN7drivers18Fm24cl64b_SelfTestEPNS_16Fm24cl64bContextEt)
                  00007c50    0000009c     app_shell.o (.text._ZN3app12_GLOBAL__N_111ParseUint32EPKcjPj)
                  00007cec    0000009c     board_imu.o (.text._ZN5board19Board_ImuSetSpiModeEh)
                  00007d88    0000009a     libc.a : memcpy16.S.obj (.text:memcpy)
                  00007e22    00000002     startup_mspm0g351x_ticlang.o (.text.Default_Handler)
                  00007e24    00000098     motor_driver_uart.o (.text._ZN7drivers29MotorDriverUart_ClearRxBufferEPNS_22MotorDriverUartContextE)
                  00007ebc    00000094     lora.o (.text._ZN7drivers18LoraUart_WriteByteEPNS_15LoraUartContextEh)
                  00007f50    00000094     motor_driver_uart.o (.text._ZN7drivers25MotorDriverUart_WriteByteEPNS_22MotorDriverUartContextEh)
                  00007fe4    00000094     shell.o (.text._ZN8services13Shell_ProcessEv)
                  00008078    00000092     ina219.o (.text._ZN7drivers23Ina219_ReadRawRegistersEPNS_13Ina219ContextEPNS_18Ina219RawRegistersE)
                  0000810a    00000002     board.o (.text._ZN5board14Board_LateInitEv)
                  0000810c    00000088     ti_msp_dl_config.o (.text.SYSCFG_DL_DEBUG_UART_init)
                  00008194    00000088     ti_msp_dl_config.o (.text.SYSCFG_DL_LORA_UART_init)
                  0000821c    00000088     ti_msp_dl_config.o (.text.SYSCFG_DL_MOTOR_UART_init)
                  000082a4    00000084     lora.o (.text._ZN7drivers13LoraUart_InitEPNS_15LoraUartContextEPKNS_14LoraUartConfigE)
                  00008328    0000007e     app_shell.o (.text._ZN3app12_GLOBAL__N_113LoraWriteArgsEiPKPKcbPt)
                  000083a6    0000007e     app_shell.o (.text._ZN3app12_GLOBAL__N_114MotorWriteArgsEiPKPKcbPt)
                  00008424    0000007c     ti_msp_dl_config.o (.text.SYSCFG_DL_initPower)
                  000084a0    0000007c     lora.o (.text._ZN7drivers19LoraUart_IrqHandlerEPNS_15LoraUartContextE)
                  0000851c    0000007c     libc.a : copy_decompress_lzss.c.obj (.text:decompress:lzss)
                  00008598    00000074     app_shell.o (.text._ZN3app12_GLOBAL__N_118PrintMotorPidBlockERKNS0_18MotorProtocolFrameE)
                  0000860c    00000074     ina219.o (.text._ZN7drivers22Ina219_ReadMeasurementEPNS_13Ina219ContextEPNS_17Ina219MeasurementE)
                  00008680    0000006c     debug_uart.o (.text.UART5_IRQHandler)
                  000086ec    0000006c     motor_driver_uart.o (.text._ZN7drivers26MotorDriverUart_IrqHandlerEPNS_22MotorDriverUartContextE)
                  00008758    0000006c     debug_uart.o (.text._ZN8services21DebugUart_WriteStringEPKc)
                  000087c4    00000068     app_shell.o (.text._ZN3app12_GLOBAL__N_113PrintImuUsageEv)
                  0000882c    00000068     app_shell.o (.text._ZN3app12_GLOBAL__N_116PrintIna219UsageEv)
                  00008894    00000068     app_shell.o (.text._ZN3app12_GLOBAL__N_121PrintMotorConfigBlockERKNS0_18MotorProtocolFrameE)
                  000088fc    00000064     app_shell.o (.text._ZN3app12_GLOBAL__N_110WriteHex16Et)
                  00008960    00000064     board_imu.o (.text._ZN5board22Board_ImuGetLineStatusEPNS_18BoardImuLineStatusE)
                  000089c4    00000064     fm24cl64b.o (.text._ZN7drivers14Fm24cl64b_InitEPNS_16Fm24cl64bContextEPKNS_15Fm24cl64bConfigE)
                  00008a28    00000062     libc.a : memset16.S.obj (.text:memset)
                  00008a8a    00000002     log.o (.text._ZN8services8Log_InitEv)
                  00008a8c    00000060     app_shell.o (.text._ZN3app12_GLOBAL__N_113PrintI2cUsageEv)
                  00008aec    00000060     lora.o (.text._ZN7drivers22LoraUart_ClearRxBufferEPNS_15LoraUartContextE)
                  00008b4c    0000005e     driverlib.a : dl_i2c.o (.text.DL_I2C_fillControllerTXFIFO)
                  00008baa    0000005e     button.o (.text._ZN7drivers13Button_UpdateEPNS_13ButtonContextEj)
                  00008c08    00000058     ina219.o (.text._ZN7drivers17Ina219_SetAddressEPNS_13Ina219ContextEh)
                  00008c60    00000058     i2c_diag.o (.text._ZN7drivers20I2cDiag_GetBusStatusEPKNS_16I2cDiagBusConfigEPNS_16I2cDiagBusStatusE)
                  00008cb8    00000054     ti_msp_dl_config.o (.text.SYSCFG_DL_FRAM_I2C_init)
                  00008d0c    00000054     ti_msp_dl_config.o (.text.SYSCFG_DL_INA219_I2C_init)
                  00008d60    00000054     app_shell.o (.text._ZN3app12_GLOBAL__N_114PrintLoraUsageEv)
                  00008db4    00000054     debug_uart.o (.text._ZN8services14DebugUart_InitEv)
                  00008e08    00000052     empty_cpp.o (.text.main)
                  00008e5a    00000002     libclang_rt.builtins.a : aeabi_div0.c.obj (.text.__aeabi_idiv0)
                  00008e5c    00000050     board_ina219.o (.text._ZN5board16Board_Ina219InitEv)
                  00008eac    00000050     board_imu.o (.text._ZN5board27Board_ImuSetChipSelectDebugEbbbb)
                  00008efc    0000004c     ti_msp_dl_config.o (.text.SYSCFG_DL_IMU_SPI_init)
                  00008f48    00000048     driverlib.a : dl_uart.o (.text.DL_UART_init)
                  00008f90    00000048     board_fram.o (.text._ZN5board22Board_FramGetBusStatusEPjPbS1_)
                  00008fd8    00000048     board_ina219.o (.text._ZN5board24Board_Ina219GetBusStatusEPjPbS1_)
                  00009020    00000048     debug_uart.o (.text._ZN8services18DebugUart_ReadByteEPh)
                  00009068    00000044     driverlib.a : dl_spi.o (.text.DL_SPI_init)
                  000090ac    00000044     board_imu.o (.text._ZN5board13Board_ImuInitEv)
                  000090f0    00000044     ina219.o (.text._ZN7drivers19Ina219_GetBusStatusEPNS_13Ina219ContextEPNS_15Ina219BusStatusE)
                  00009134    00000044     fm24cl64b.o (.text._ZN7drivers22Fm24cl64b_GetBusStatusEPNS_16Fm24cl64bContextEPNS_18Fm24cl64bBusStatusE)
                  00009178    00000040     app_shell.o (.text._ZN3app12_GLOBAL__N_114PrintFramUsageEv)
                  000091b8    00000040     app_shell.o (.text._ZN3app12_GLOBAL__N_114VersionCommandEiPKPKc)
                  000091f8    00000040     lora.o (.text._ZN7drivers17LoraUart_ReadByteEPNS_15LoraUartContextEPh)
                  00009238    00000040     motor_driver_uart.o (.text._ZN7drivers24MotorDriverUart_ReadByteEPNS_22MotorDriverUartContextEPh)
                  00009278    00000040     libclang_rt.builtins.a : aeabi_uidivmod.S.obj (.text)
                  000092b8    0000003e     button.o (.text._ZN7drivers11Button_InitEPNS_13ButtonContextEPKNS_12ButtonConfigE)
                  000092f6    00000002     --HOLE-- [fill = 0]
                  000092f8    0000003c     driverlib.a : dl_i2c.o (.text.DL_I2C_flushControllerTXFIFO)
                  00009334    0000003c     app_shell.o (.text._ZN3app12_GLOBAL__N_19WriteHex8Eh)
                  00009370    0000003c     board_button.o (.text._ZN5board17Board_ButtonsInitEv)
                  000093ac    0000003c     ina219.o (.text._ZN7drivers23Ina219_ConfigureDefaultEPNS_13Ina219ContextE)
                  000093e8    0000003c     libc.a : autoinit.c.obj (.text:__TI_auto_init_nobinit_nopinit)
                  00009424    00000038     buzzer.o (.text._ZN7drivers11Buzzer_InitEPNS_13BuzzerContextEPKNS_12BuzzerConfigE)
                  0000945c    00000038     button.o (.text._ZN7drivers14Button_ReadRawEPNS_13ButtonContextEPb)
                  00009494    00000038     ina219.o (.text._ZN7drivers19Ina219_ProbeAddressEPNS_13Ina219ContextEhPt)
                  000094cc    00000038     led.o (.text._ZN7drivers8Led_InitEPNS_10LedContextEPKNS_9LedConfigE)
                  00009504    00000038     time.o (.text._ZN8services9Time_InitEv)
                  0000953c    00000034     ti_msp_dl_config.o (.text.SYSCFG_DL_init)
                  00009570    00000034     app_main.o (.text._ZN3app8App_InitEv)
                  000095a4    00000034     board_button.o (.text._ZN5board19Board_ButtonsUpdateEj)
                  000095d8    00000030     driverlib.a : dl_i2c.o (.text.DL_I2C_flushControllerRXFIFO)
                  00009608    00000030                 : dl_uart.o (.text.DL_UART_transmitDataBlocking)
                  00009638    00000030     ti_msp_dl_config.o (.text.SYSCFG_DL_SYSCTL_init)
                  00009668    00000030     app_shell.o (.text._ZN3app12_GLOBAL__N_115WriteStatusLineEPKcN7drivers12DriverStatusE)
                  00009698    00000030     buzzer.o (.text._ZN7drivers10Buzzer_OffEPNS_13BuzzerContextE)
                  000096c8    00000030     led.o (.text._ZN7drivers6Led_OnEPNS_10LedContextE)
                  000096f8    00000030     led.o (.text._ZN7drivers7Led_OffEPNS_10LedContextE)
                  00009728    00000030     buzzer.o (.text._ZN7drivers9Buzzer_OnEPNS_13BuzzerContextE)
                  00009758    0000002e     ina219.o (.text._ZN7drivers19Ina219_ReadRegisterEPNS_13Ina219ContextEhPt)
                  00009786    0000002c     ina219.o (.text._ZN7drivers20Ina219_WriteRegisterEPNS_13Ina219ContextEht)
                  000097b2    00000002     --HOLE-- [fill = 0]
                  000097b4    0000002c     lora.o (.text._ZN7drivers28LoraUart_GetControllerStatusEPKNS_15LoraUartContextEPj)
                  000097e0    0000002c     motor_driver_uart.o (.text._ZN7drivers35MotorDriverUart_GetControllerStatusEPKNS_22MotorDriverUartContextEPj)
                  0000980c    0000002a     ina219.o (.text._ZN7drivers12Ina219_ResetEPNS_13Ina219ContextE)
                  00009836    0000002a     lora.o (.text._ZN7drivers23LoraUart_GetRxAvailableEPKNS_15LoraUartContextE)
                  00009860    0000002a     motor_driver_uart.o (.text._ZN7drivers30MotorDriverUart_GetRxAvailableEPKNS_22MotorDriverUartContextE)
                  0000988a    00000002     --HOLE-- [fill = 0]
                  0000988c    00000028     app_shell.o (.text._ZN3app12_GLOBAL__N_112ResetCommandEiPKPKc)
                  000098b4    00000028     board_lora.o (.text._ZN5board14Board_LoraInitEv)
                  000098dc    00000028     board_motor_driver.o (.text._ZN5board21Board_MotorDriverInitEv)
                  00009904    00000028     libc.a : boot_cortex_m.c.obj (.text:_c_int00_noargs)
                  0000992c    00000026     driverlib.a : dl_i2c.o (.text.DL_I2C_setClockConfig)
                  00009952    00000002     --HOLE-- [fill = 0]
                  00009954    00000024     app_shell.o (.text._ZN3app12_GLOBAL__N_110WriteInt32Ei)
                  00009978    00000024     board.o (.text._ZN5board10Board_InitEv)
                  0000999c    00000022     button.o (.text._ZN7drivers17Button_WasPressedEPNS_13ButtonContextE)
                  000099be    00000022     button.o (.text._ZN7drivers18Button_WasReleasedEPNS_13ButtonContextE)
                  000099e0    0000001e     ina219.o (.text._ZN7drivers17Ina219_GetAddressEPKNS_13Ina219ContextE)
                  000099fe    0000001e     ina219.o (.text._ZN7drivers21Ina219_GetCalibrationEPKNS_13Ina219ContextE)
                  00009a1c    0000001c     driverlib.a : dl_spi.o (.text.DL_SPI_receiveDataCheck8)
                  00009a38    0000001c                 : dl_spi.o (.text.DL_SPI_transmitDataCheck8)
                  00009a54    0000001c     app_main.o (.text._ZN3app7App_RunEv)
                  00009a70    0000001c     board_button.o (.text._ZN5board19Board_ButtonReadRawENS_13BoardButtonIdEPb)
                  00009a8c    0000001c     board_button.o (.text._ZN5board21Board_ButtonIsPressedENS_13BoardButtonIdE)
                  00009aa8    0000001c     board_button.o (.text._ZN5board22Board_ButtonWasPressedENS_13BoardButtonIdE)
                  00009ac4    0000001c     board_button.o (.text._ZN5board23Board_ButtonWasReleasedENS_13BoardButtonIdE)
                  00009ae0    0000001c     ina219.o (.text._ZN7drivers14Ina219_IsReadyEPKNS_13Ina219ContextE)
                  00009afc    0000001c     fm24cl64b.o (.text._ZN7drivers17Fm24cl64b_IsReadyEPKNS_16Fm24cl64bContextE)
                  00009b18    0000001c     debug_uart.o (.text._ZN8services19DebugUart_WriteCharEc)
                  00009b34    0000001a     button.o (.text._ZN7drivers16Button_IsPressedEPKNS_13ButtonContextE)
                  00009b4e    00000002     --HOLE-- [fill = 0]
                  00009b50    0000001a     libclang_rt.builtins.a : aeabi_memset.S.obj (.text)
                  00009b6a    00000002     --HOLE-- [fill = 0]
                  00009b6c    00000018     board_i2c_bus.o (.text._ZN5board15Board_I2cBusGetEj)
                  00009b84    00000018     board_button.o (.text._ZN5board19Board_ButtonGetNameENS_13BoardButtonIdE)
                  00009b9c    00000018     lora.o (.text._ZN7drivers20LoraUart_GetBaudrateEPKNS_15LoraUartContextE)
                  00009bb4    00000018     motor_driver_uart.o (.text._ZN7drivers27MotorDriverUart_GetBaudrateEPKNS_22MotorDriverUartContextE)
                  00009bcc    00000016     app_main.o (.text._ZN12_GLOBAL__N_118App_ButtonScanTaskEv)
                  00009be2    00000016     led.o (.text._ZN7drivers11Led_IsReadyEPKNS_10LedContextE)
                  00009bf8    00000016     buzzer.o (.text._ZN7drivers14Buzzer_IsReadyEPKNS_13BuzzerContextE)
                  00009c0e    00000016     lora.o (.text._ZN7drivers16LoraUart_IsReadyEPKNS_15LoraUartContextE)
                  00009c24    00000016     motor_driver_uart.o (.text._ZN7drivers23MotorDriverUart_IsReadyEPKNS_22MotorDriverUartContextE)
                  00009c3a    00000016     libc.a : copy_zero_init.c.obj (.text:decompress:ZI:__TI_zero_init_nomemset)
                  00009c50    00000014     board_fram.o (.text._ZN5board14Board_FramInitEv)
                  00009c64    00000014     board_fram.o (.text._ZN5board14Board_FramReadEtPht)
                  00009c78    00000014     board_lora.o (.text._ZN5board15Board_LoraWriteEPKht)
                  00009c8c    00000014     board_buzzer.o (.text._ZN5board16Board_BuzzerInitEv)
                  00009ca0    00000014     board_fram.o (.text._ZN5board18Board_FramReadByteEtPh)
                  00009cb4    00000014     board_fram.o (.text._ZN5board18Board_FramSelfTestEv)
                  00009cc8    00000014     board_fram.o (.text._ZN5board19Board_FramWriteByteEth)
                  00009cdc    00000014     board_led.o (.text._ZN5board19Board_StatusLedInitEv)
                  00009cf0    00000014     board_motor_driver.o (.text._ZN5board22Board_MotorDriverWriteEPKht)
                  00009d04    00000014     board_ina219.o (.text._ZN5board24Board_Ina219ProbeAddressEhPt)
                  00009d18    00000014     board_ina219.o (.text._ZN5board24Board_Ina219ReadRegisterEhPt)
                  00009d2c    00000014     board_ina219.o (.text._ZN5board25Board_Ina219WriteRegisterEht)
                  00009d40    00000014     fm24cl64b.o (.text._ZN7drivers19Fm24cl64b_WriteByteEPNS_16Fm24cl64bContextEth)
                  00009d54    00000014     shell.o (.text._ZN8services15Shell_WriteLineEPKc)
                  00009d68    00000012     driverlib.a : dl_spi.o (.text.DL_SPI_setClockConfig)
                  00009d7a    00000012                 : dl_uart.o (.text.DL_UART_setClockConfig)
                  00009d8c    00000012     libc.a : copy_decompress_none.c.obj (.text:decompress:none)
                  00009d9e    00000002     --HOLE-- [fill = 0]
                  00009da0    00000010     time.o (.text.SysTick_Handler)
                  00009db0    00000010     board_lora.o (.text.UART0_IRQHandler)
                  00009dc0    00000010     board_motor_driver.o (.text.UART1_IRQHandler)
                  00009dd0    00000010     app_shell.o (.text._ZN3app12_GLOBAL__N_110AdcCommandEiPKPKc)
                  00009de0    00000010     board_buzzer.o (.text._ZN5board14Board_BuzzerOnEv)
                  00009df0    00000010     board_buzzer.o (.text._ZN5board15Board_BuzzerOffEv)
                  00009e00    00000010     board_fram.o (.text._ZN5board17Board_FramIsReadyEv)
                  00009e10    00000010     board_ina219.o (.text._ZN5board17Board_Ina219ResetEv)
                  00009e20    00000010     board_lora.o (.text._ZN5board17Board_LoraIsReadyEv)
                  00009e30    00000010     board_led.o (.text._ZN5board17Board_StatusLedOnEv)
                  00009e40    00000010     board_lora.o (.text._ZN5board18Board_LoraReadByteEPh)
                  00009e50    00000010     board_led.o (.text._ZN5board18Board_StatusLedOffEv)
                  00009e60    00000010     board_buzzer.o (.text._ZN5board19Board_BuzzerIsReadyEv)
                  00009e70    00000010     board_ina219.o (.text._ZN5board19Board_Ina219IsReadyEv)
                  00009e80    00000010     board_lora.o (.text._ZN5board19Board_LoraWriteByteEh)
                  00009e90    00000010     board_fram.o (.text._ZN5board20Board_FramRecoverBusEv)
                  00009ea0    00000010     board_lora.o (.text._ZN5board21Board_LoraGetBaudrateEv)
                  00009eb0    00000010     board_ina219.o (.text._ZN5board22Board_Ina219GetAddressEv)
                  00009ec0    00000010     board_ina219.o (.text._ZN5board22Board_Ina219RecoverBusEv)
                  00009ed0    00000010     board_ina219.o (.text._ZN5board22Board_Ina219SetAddressEh)
                  00009ee0    00000010     board_led.o (.text._ZN5board22Board_StatusLedIsReadyEv)
                  00009ef0    00000010     board_ina219.o (.text._ZN5board23Board_Ina219CalibrationEv)
                  00009f00    00000010     board_lora.o (.text._ZN5board23Board_LoraClearRxBufferEv)
                  00009f10    00000010     board_lora.o (.text._ZN5board24Board_LoraGetRxAvailableEv)
                  00009f20    00000010     board_motor_driver.o (.text._ZN5board24Board_MotorDriverIsReadyEv)
                  00009f30    00000010     board_motor_driver.o (.text._ZN5board25Board_MotorDriverReadByteEPh)
                  00009f40    00000010     board_motor_driver.o (.text._ZN5board26Board_MotorDriverWriteByteEh)
                  00009f50    00000010     board_ina219.o (.text._ZN5board27Board_Ina219ReadMeasurementEPN7drivers17Ina219MeasurementE)
                  00009f60    00000010     board_lora.o (.text._ZN5board27Board_LoraGetRxDroppedCountEv)
                  00009f70    00000010     board_ina219.o (.text._ZN5board28Board_Ina219ConfigureDefaultEv)
                  00009f80    00000010     board_ina219.o (.text._ZN5board28Board_Ina219ReadRawRegistersEPN7drivers18Ina219RawRegistersE)
                  00009f90    00000010     board_motor_driver.o (.text._ZN5board28Board_MotorDriverGetBaudrateEv)
                  00009fa0    00000010     board_lora.o (.text._ZN5board29Board_LoraGetControllerStatusEPj)
                  00009fb0    00000010     board_motor_driver.o (.text._ZN5board30Board_MotorDriverClearRxBufferEv)
                  00009fc0    00000010     board_motor_driver.o (.text._ZN5board31Board_MotorDriverGetRxAvailableEv)
                  00009fd0    00000010     board_motor_driver.o (.text._ZN5board34Board_MotorDriverGetRxDroppedCountEv)
                  00009fe0    00000010     board_motor_driver.o (.text._ZN5board36Board_MotorDriverGetControllerStatusEPj)
                  00009ff0    00000010     fault.o (.text._ZN8services9Fault_SetENS_9FaultCodeE)
                  0000a000    0000000c     board_imu.o (.text._ZN5board16Board_ImuIsReadyEv)
                  0000a00c    0000000c     lora.o (.text._ZN7drivers26LoraUart_GetRxDroppedCountEPKNS_15LoraUartContextE)
                  0000a018    0000000c     motor_driver_uart.o (.text._ZN7drivers33MotorDriverUart_GetRxDroppedCountEPKNS_22MotorDriverUartContextE)
                  0000a024    0000000c     fault.o (.text._ZN8services10Fault_InitEv)
                  0000a030    0000000c     time.o (.text._ZN8services11Time_MillisEv)
                  0000a03c    0000000c     debug_uart.o (.text._ZN8services17DebugUart_IsReadyEv)
                  0000a048    0000000c     fault.o (.text._ZN8services9Fault_GetEv)
                  0000a054    0000000a     driverlib.a : dl_common.o (.text.DL_Common_delayCycles)
                  0000a05e    0000000a     fm24cl64b.o (.text._ZN7drivers18Fm24cl64b_ReadByteEPNS_16Fm24cl64bContextEtPh)
                  0000a068    00000008     shell.o (.text._ZN8services15Shell_WriteCharEc)
                  0000a070    00000008     shell.o (.text._ZN8services17Shell_WriteStringEPKc)
                  0000a078    00000008     shell.o (.text._ZN8services17Shell_WriteUInt32Ej)
                  0000a080    00000008     libclang_rt.builtins.a : aeabi_memcpy.S.obj (.text)
                  0000a088    00000006     board_fram.o (.text._ZN5board23Board_FramCapacityBytesEv)
                  0000a08e    00000006     libc.a : exit.c.obj (.text:abort)
                  0000a094    00000004     libsysbm.a : hostexit.c.obj (.text.HOSTexit)
                  0000a098    00000004     startup_mspm0g351x_ticlang.o (.text.Reset_Handler)
                  0000a09c    00000004     board_i2c_bus.o (.text._ZN5board17Board_I2cBusCountEv)
                  0000a0a0    00000004     libc.a : pre_init.c.obj (.text._system_pre_init)
                  0000a0a4    00000004     --HOLE-- [fill = 0]

.cinit     0    0000b580    00000030     
                  0000b580    0000000c     (__TI_handler_table)
                  0000b58c    00000009     (.cinit..data.load) [load image, compression = lzss]
                  0000b595    00000003     --HOLE-- [fill = 0]
                  0000b598    00000008     (.cinit..bss.load) [load image, compression = zero_init]
                  0000b5a0    00000010     (__TI_cinit_table)

.rodata    0    0000a0b0    000014d0     
                  0000a0b0    00000100     app_shell.o (.rodata..L.crctable)
                  0000a1b0    00000058     board_i2c_bus.o (.rodata._ZN5board12_GLOBAL__N_110g_i2cBusesE)
                  0000a208    00000045     app_shell.o (.rodata.str1.2354522874658768371.1)
                  0000a24d    00000040     app_shell.o (.rodata.str1.5770566940880199477.1)
                  0000a28d    00000039     app_shell.o (.rodata.str1.444886150797460539.1)
                  0000a2c6    00000039     app_shell.o (.rodata.str1.9210286441137644766.1)
                  0000a2ff    00000001     app_shell.o (.rodata._ZZN3app12_GLOBAL__N_112MotorCommandEiPKPKcE18kResetBothEncoders)
                  0000a300    00000038     board_ina219.o (.rodata._ZN5boardL14g_ina219ConfigE)
                  0000a338    00000035     app_shell.o (.rodata.str1.14384267027075031912.1)
                  0000a36d    00000034     app_shell.o (.rodata.str1.5301191676092148263.1)
                  0000a3a1    00000031     app_shell.o (.rodata.str1.13305312957799781956.1)
                  0000a3d2    00000002     app_shell.o (.rodata._ZZN3app12_GLOBAL__N_112MotorCommandEiPKPKcE7kM1Stop)
                  0000a3d4    00000030     board_button.o (.rodata._ZN5board12_GLOBAL__N_115g_buttonConfigsE)
                  0000a404    00000030     app_shell.o (.rodata.str1.14683574465395229248.1)
                  0000a434    0000002c     board_fram.o (.rodata._ZN5boardL12g_framConfigE)
                  0000a460    0000002c     app_shell.o (.rodata.str1.3791812099772881164.1)
                  0000a48c    0000002b     app_shell.o (.rodata.str1.15776769504895676854.1)
                  0000a4b7    0000002a     app_shell.o (.rodata.str1.18027752678067221043.1)
                  0000a4e1    0000002a     app_shell.o (.rodata.str1.1818528395550233868.1)
                  0000a50b    00000026     shell.o (.rodata.str1.6901712316327456926.1)
                  0000a531    00000020     app_shell.o (.rodata.str1.1431720735396876446.1)
                  0000a551    00000020     app_shell.o (.rodata.str1.9018689912544847403.1)
                  0000a571    0000001f     app_shell.o (.rodata.str1.11187590877126870748.1)
                  0000a590    0000001f     app_shell.o (.rodata.str1.15195419684703654944.1)
                  0000a5af    0000001f     app_shell.o (.rodata.str1.8175931356486144895.1)
                  0000a5ce    0000001f     app_shell.o (.rodata.str1.871335262082007188.1)
                  0000a5ed    0000001e     app_shell.o (.rodata.str1.15434941628325917383.1)
                  0000a60b    0000001e     app_shell.o (.rodata.str1.7122307362297942762.1)
                  0000a629    0000001d     app_shell.o (.rodata.str1.14205965562906606532.1)
                  0000a646    0000001d     app_shell.o (.rodata.str1.14280360640269665673.1)
                  0000a663    0000001d     app_shell.o (.rodata.str1.15233515076766056445.1)
                  0000a680    0000001d     app_shell.o (.rodata.str1.16821001261222486393.1)
                  0000a69d    0000001d     app_shell.o (.rodata.str1.2885732806516245146.1)
                  0000a6ba    00000002     app_shell.o (.rodata._ZZN3app12_GLOBAL__N_112MotorCommandEiPKPKcE7kM2Stop)
                  0000a6bc    0000001c     app_shell.o (.rodata..Lswitch.table._ZN3app12_GLOBAL__N_115WriteStatusLineEPKcN7drivers12DriverStatusE)
                  0000a6d8    0000001c     app_shell.o (.rodata.str1.11208828733426745331.1)
                  0000a6f4    0000001c     app_shell.o (.rodata.str1.12957799291655329777.1)
                  0000a710    0000001c     app_shell.o (.rodata.str1.16920742144462411612.1)
                  0000a72c    0000001b     app_shell.o (.rodata.str1.6446933695614087048.1)
                  0000a747    0000001b     app_shell.o (.rodata.str1.9081962557253678714.1)
                  0000a762    0000001a     app_shell.o (.rodata.str1.4126815238888174570.1)
                  0000a77c    0000001a     app_shell.o (.rodata.str1.7571154574660953324.1)
                  0000a796    0000001a     app_shell.o (.rodata.str1.8569159511768566713.1)
                  0000a7b0    00000019     app_shell.o (.rodata.str1.13442463908107530774.1)
                  0000a7c9    00000019     app_shell.o (.rodata.str1.17149590331237407959.1)
                  0000a7e2    00000019     app_shell.o (.rodata.str1.6357824671205653470.1)
                  0000a7fb    00000001     app_shell.o (.rodata.str1.14665588872345235888.1)
                  0000a7fc    00000018     app_shell.o (.rodata..Lswitch.table._ZN3app12_GLOBAL__N_114PrintI2cStatusEPKN7drivers16I2cDiagBusConfigE)
                  0000a814    00000018     board_lora.o (.rodata._ZN5boardL12g_loraConfigE)
                  0000a82c    00000018     board_motor_driver.o (.rodata._ZN5boardL19g_motorDriverConfigE)
                  0000a844    00000018     app_shell.o (.rodata.str1.1117190944701632139.1)
                  0000a85c    00000018     app_shell.o (.rodata.str1.15645525071624774828.1)
                  0000a874    00000018     app_shell.o (.rodata.str1.3801014448936389230.1)
                  0000a88c    00000018     app_shell.o (.rodata.str1.9055250215258332321.1)
                  0000a8a4    00000017     app_shell.o (.rodata.str1.12588545937538655288.1)
                  0000a8bb    00000017     app_shell.o (.rodata.str1.13760472749468428784.1)
                  0000a8d2    00000017     shell.o (.rodata.str1.5680428239841774557.1)
                  0000a8e9    00000016     app_shell.o (.rodata.str1.1349469432826125676.1)
                  0000a8ff    00000016     app_shell.o (.rodata.str1.14891418699318862133.1)
                  0000a915    00000016     app_shell.o (.rodata.str1.1642163497366634869.1)
                  0000a92b    00000016     app_shell.o (.rodata.str1.8287504627243269121.1)
                  0000a941    00000016     app_shell.o (.rodata.str1.8509687067808380963.1)
                  0000a957    00000015     app_shell.o (.rodata.str1.1222417806814152126.1)
                  0000a96c    00000015     app_shell.o (.rodata.str1.14031660303973722868.1)
                  0000a981    00000015     app_shell.o (.rodata.str1.16227620492999702623.1)
                  0000a996    00000015     app_shell.o (.rodata.str1.16751110918939779405.1)
                  0000a9ab    00000015     app_shell.o (.rodata.str1.17348661065144809008.1)
                  0000a9c0    00000015     app_shell.o (.rodata.str1.17942500811997078001.1)
                  0000a9d5    00000015     app_shell.o (.rodata.str1.2942266741242204019.1)
                  0000a9ea    00000015     app_shell.o (.rodata.str1.5998459121093071997.1)
                  0000a9ff    00000014     app_shell.o (.rodata.str1.15957297692044786119.1)
                  0000aa13    00000014     app_shell.o (.rodata.str1.16249557628706834344.1)
                  0000aa27    00000013     app_shell.o (.rodata.str1.13030721149427952655.1)
                  0000aa3a    00000013     app_shell.o (.rodata.str1.6394054571282083081.1)
                  0000aa4d    00000013     app_shell.o (.rodata.str1.8602760754867183125.1)
                  0000aa60    00000013     app_shell.o (.rodata.str1.8767742179201719121.1)
                  0000aa73    00000012     app_shell.o (.rodata.str1.107782727556153465.1)
                  0000aa85    00000012     app_shell.o (.rodata.str1.11627215746227218045.1)
                  0000aa97    00000012     app_shell.o (.rodata.str1.13324323091560154661.1)
                  0000aaa9    00000012     app_shell.o (.rodata.str1.15616611124726231738.1)
                  0000aabb    00000012     app_shell.o (.rodata.str1.1983276796565948189.1)
                  0000aacd    00000012     app_shell.o (.rodata.str1.4334110622959027977.1)
                  0000aadf    00000012     app_shell.o (.rodata.str1.560197181004569561.1)
                  0000aaf1    00000012     app_shell.o (.rodata.str1.7579154775923007786.1)
                  0000ab03    00000012     app_shell.o (.rodata.str1.8035528561561339514.1)
                  0000ab15    00000012     shell.o (.rodata.str1.8246939600463437344.1)
                  0000ab27    00000012     app_shell.o (.rodata.str1.9469166005307157086.1)
                  0000ab39    00000011     app_shell.o (.rodata.str1.11627259167888876947.1)
                  0000ab4a    00000011     app_shell.o (.rodata.str1.12036585828892915957.1)
                  0000ab5b    00000011     app_shell.o (.rodata.str1.14613035533147221857.1)
                  0000ab6c    00000011     app_shell.o (.rodata.str1.14677212197102816015.1)
                  0000ab7d    00000011     app_shell.o (.rodata.str1.16368304853068341593.1)
                  0000ab8e    00000011     app_shell.o (.rodata.str1.6578158171544725696.1)
                  0000ab9f    00000011     app_shell.o (.rodata.str1.7950140236767125311.1)
                  0000abb0    00000011     app_shell.o (.rodata.str1.8793534488315853255.1)
                  0000abc1    00000010     app_shell.o (.rodata.str1.11085599432999950484.1)
                  0000abd1    00000010     app_shell.o (.rodata.str1.12583477948311004516.1)
                  0000abe1    00000010     app_shell.o (.rodata.str1.14827416709503782844.1)
                  0000abf1    00000010     app_shell.o (.rodata.str1.15520279574724480647.1)
                  0000ac01    00000010     app_shell.o (.rodata.str1.16167065860645901179.1)
                  0000ac11    00000010     app_shell.o (.rodata.str1.17029008240216598945.1)
                  0000ac21    00000010     app_shell.o (.rodata.str1.264036748927759168.1)
                  0000ac31    00000010     app_shell.o (.rodata.str1.4561355912026728236.1)
                  0000ac41    00000010     app_shell.o (.rodata.str1.6219487071531100932.1)
                  0000ac51    00000010     app_shell.o (.rodata.str1.7923626403509450708.1)
                  0000ac61    00000010     app_shell.o (.rodata.str1.795459456749244188.1)
                  0000ac71    00000010     app_shell.o (.rodata.str1.9141388473721648320.1)
                  0000ac81    00000010     app_shell.o (.rodata.str1.9244822838137428263.1)
                  0000ac91    0000000f     app_shell.o (.rodata.str1.10855919650491312362.1)
                  0000aca0    0000000f     app_shell.o (.rodata.str1.11698549779809542857.1)
                  0000acaf    0000000f     app_shell.o (.rodata.str1.11747346528919543944.1)
                  0000acbe    0000000f     app_shell.o (.rodata.str1.12164603244115374595.1)
                  0000accd    0000000f     app_shell.o (.rodata.str1.14241588195389562460.1)
                  0000acdc    0000000f     app_shell.o (.rodata.str1.17876943342118536213.1)
                  0000aceb    0000000f     app_shell.o (.rodata.str1.3134304214227531536.1)
                  0000acfa    0000000f     app_shell.o (.rodata.str1.3256265506082810711.1)
                  0000ad09    0000000f     app_shell.o (.rodata.str1.3879560646291831357.1)
                  0000ad18    0000000f     app_shell.o (.rodata.str1.4392945030196501414.1)
                  0000ad27    0000000f     app_shell.o (.rodata.str1.5407661000085889072.1)
                  0000ad36    0000000f     app_shell.o (.rodata.str1.5531439754045694522.1)
                  0000ad45    0000000f     app_shell.o (.rodata.str1.7267978533840413714.1)
                  0000ad54    0000000f     app_shell.o (.rodata.str1.8963702969112686911.1)
                  0000ad63    0000000f     app_shell.o (.rodata.str1.9051984071380436030.1)
                  0000ad72    0000000e     app_shell.o (.rodata.str1.10256891727475852015.1)
                  0000ad80    0000000e     app_shell.o (.rodata.str1.11903828385650032657.1)
                  0000ad8e    0000000e     app_shell.o (.rodata.str1.14082473703337987432.1)
                  0000ad9c    0000000e     app_shell.o (.rodata.str1.1451090849677487530.1)
                  0000adaa    0000000e     app_shell.o (.rodata.str1.15403383602945839188.1)
                  0000adb8    0000000e     app_shell.o (.rodata.str1.15453031427744251291.1)
                  0000adc6    0000000e     app_shell.o (.rodata.str1.16682001306138638370.1)
                  0000add4    0000000e     app_shell.o (.rodata.str1.16815118733797554419.1)
                  0000ade2    0000000e     app_shell.o (.rodata.str1.17353931100524941225.1)
                  0000adf0    0000000e     app_shell.o (.rodata.str1.17894747200582054988.1)
                  0000adfe    0000000e     app_shell.o (.rodata.str1.2900415078221183578.1)
                  0000ae0c    0000000e     app_shell.o (.rodata.str1.2994156742980555940.1)
                  0000ae1a    0000000e     app_shell.o (.rodata.str1.4641291215374644332.1)
                  0000ae28    0000000e     app_shell.o (.rodata.str1.626618899871332695.1)
                  0000ae36    0000000e     app_shell.o (.rodata.str1.6725838405751831500.1)
                  0000ae44    0000000e     app_shell.o (.rodata.str1.6756868286634741853.1)
                  0000ae52    0000000e     app_shell.o (.rodata.str1.7078129644076030331.1)
                  0000ae60    0000000e     app_shell.o (.rodata.str1.9167415978045996327.1)
                  0000ae6e    0000000d     app_shell.o (.rodata.str1.10761430618072912911.1)
                  0000ae7b    0000000d     app_shell.o (.rodata.str1.11325690732168652611.1)
                  0000ae88    0000000d     app_shell.o (.rodata.str1.12082892960889789793.1)
                  0000ae95    0000000d     app_shell.o (.rodata.str1.12824201010631389445.1)
                  0000aea2    0000000d     app_shell.o (.rodata.str1.13438288695896508174.1)
                  0000aeaf    0000000d     app_shell.o (.rodata.str1.13993368087264210023.1)
                  0000aebc    0000000d     app_shell.o (.rodata.str1.1420893864952581301.1)
                  0000aec9    0000000d     app_shell.o (.rodata.str1.14678420154468417691.1)
                  0000aed6    0000000d     app_shell.o (.rodata.str1.15397327130298834941.1)
                  0000aee3    0000000d     app_shell.o (.rodata.str1.15706013027452160776.1)
                  0000aef0    0000000d     app_shell.o (.rodata.str1.16608939394091912599.1)
                  0000aefd    0000000d     app_shell.o (.rodata.str1.16835946644515092483.1)
                  0000af0a    0000000d     app_shell.o (.rodata.str1.17563913066770742391.1)
                  0000af17    0000000d     app_shell.o (.rodata.str1.17946445462908322557.1)
                  0000af24    0000000d     app_shell.o (.rodata.str1.18076126304851181080.1)
                  0000af31    0000000d     app_shell.o (.rodata.str1.2370428100076675559.1)
                  0000af3e    0000000d     app_shell.o (.rodata.str1.296188832848622959.1)
                  0000af4b    0000000d     app_shell.o (.rodata.str1.4203577644585159315.1)
                  0000af58    0000000d     app_shell.o (.rodata.str1.4906473829960206720.1)
                  0000af65    0000000d     app_shell.o (.rodata.str1.5000143241413183010.1)
                  0000af72    0000000d     app_shell.o (.rodata.str1.551504573030492924.1)
                  0000af7f    0000000d     app_shell.o (.rodata.str1.5612542551564952699.1)
                  0000af8c    0000000d     app_shell.o (.rodata.str1.5640218363402806195.1)
                  0000af99    0000000d     app_shell.o (.rodata.str1.5848672442950545206.1)
                  0000afa6    0000000d     app_shell.o (.rodata.str1.6622852920864620103.1)
                  0000afb3    0000000d     app_shell.o (.rodata.str1.7850322238517394535.1)
                  0000afc0    0000000d     app_shell.o (.rodata.str1.8435392788517128360.1)
                  0000afcd    0000000d     app_shell.o (.rodata.str1.9082118575882053516.1)
                  0000afda    0000000d     app_shell.o (.rodata.str1.9307220092008964426.1)
                  0000afe7    0000000d     app_shell.o (.rodata.str1.9705620893505900.1)
                  0000aff4    0000000c     board_button.o (.rodata..Lswitch.table._ZN5board19Board_ButtonGetNameENS_13BoardButtonIdE)
                  0000b000    0000000c     board_imu.o (.rodata..Lswitch.table._ZN5board19Board_ImuSetSpiModeEh)
                  0000b00c    0000000c     board_buzzer.o (.rodata._ZN5boardL14g_buzzerConfigE)
                  0000b018    0000000c     board_led.o (.rodata._ZN5boardL17g_statusLedConfigE)
                  0000b024    0000000c     app_shell.o (.rodata.str1.10673636489446728236.1)
                  0000b030    0000000c     app_shell.o (.rodata.str1.11810056576553604146.1)
                  0000b03c    0000000c     app_shell.o (.rodata.str1.12080946370607717659.1)
                  0000b048    0000000c     app_shell.o (.rodata.str1.12139680495649507277.1)
                  0000b054    0000000c     app_shell.o (.rodata.str1.12185306449572332681.1)
                  0000b060    0000000c     app_shell.o (.rodata.str1.12681352959443149009.1)
                  0000b06c    0000000c     app_shell.o (.rodata.str1.13157479058689081212.1)
                  0000b078    0000000c     app_shell.o (.rodata.str1.13456686701278321828.1)
                  0000b084    0000000c     app_shell.o (.rodata.str1.13507390935846511250.1)
                  0000b090    0000000c     app_shell.o (.rodata.str1.15409376994933409736.1)
                  0000b09c    0000000c     app_shell.o (.rodata.str1.15536306115837748184.1)
                  0000b0a8    0000000c     app_shell.o (.rodata.str1.16423083052983990348.1)
                  0000b0b4    0000000c     app_shell.o (.rodata.str1.1715960982390498022.1)
                  0000b0c0    0000000c     app_shell.o (.rodata.str1.17414183638713165213.1)
                  0000b0cc    0000000c     app_shell.o (.rodata.str1.2292235750072059597.1)
                  0000b0d8    0000000c     app_shell.o (.rodata.str1.232704503142678858.1)
                  0000b0e4    0000000c     app_shell.o (.rodata.str1.3590894685082263268.1)
                  0000b0f0    0000000c     app_shell.o (.rodata.str1.3892416308557052197.1)
                  0000b0fc    0000000c     app_shell.o (.rodata.str1.4190646769514731288.1)
                  0000b108    0000000c     app_shell.o (.rodata.str1.5164433326538179767.1)
                  0000b114    0000000c     app_shell.o (.rodata.str1.5915467744016243284.1)
                  0000b120    0000000c     app_shell.o (.rodata.str1.5998451886276286134.1)
                  0000b12c    0000000c     app_shell.o (.rodata.str1.671945175647755142.1)
                  0000b138    0000000c     app_shell.o (.rodata.str1.8150600325345066189.1)
                  0000b144    0000000c     app_shell.o (.rodata.str1.97227345183721019.1)
                  0000b150    0000000b     app_shell.o (.rodata.str1.12144774989780088692.1)
                  0000b15b    0000000b     app_shell.o (.rodata.str1.12395812238841081648.1)
                  0000b166    0000000b     app_shell.o (.rodata.str1.13923183189790686887.1)
                  0000b171    0000000b     app_shell.o (.rodata.str1.16738014180672278497.1)
                  0000b17c    0000000b     app_shell.o (.rodata.str1.1695784342961477721.1)
                  0000b187    0000000b     app_shell.o (.rodata.str1.18243883703027276797.1)
                  0000b192    0000000b     app_shell.o (.rodata.str1.3587876751327453651.1)
                  0000b19d    0000000b     app_shell.o (.rodata.str1.4542404440653722632.1)
                  0000b1a8    0000000b     app_shell.o (.rodata.str1.6411710860483804230.1)
                  0000b1b3    0000000b     app_shell.o (.rodata.str1.7207923708610531365.1)
                  0000b1be    0000000b     app_shell.o (.rodata.str1.738127925484632372.1)
                  0000b1c9    0000000b     app_shell.o (.rodata.str1.7652650349062231201.1)
                  0000b1d4    0000000b     app_shell.o (.rodata.str1.8497090786602423890.1)
                  0000b1df    00000001     --HOLE-- [fill = 0]
                  0000b1e0    0000000a     ti_msp_dl_config.o (.rodata.gDEBUG_UARTConfig)
                  0000b1ea    0000000a     ti_msp_dl_config.o (.rodata.gIMU_SPI_config)
                  0000b1f4    0000000a     ti_msp_dl_config.o (.rodata.gLORA_UARTConfig)
                  0000b1fe    0000000a     ti_msp_dl_config.o (.rodata.gMOTOR_UARTConfig)
                  0000b208    0000000a     app_shell.o (.rodata.str1.13772462829107236127.1)
                  0000b212    0000000a     app_shell.o (.rodata.str1.14008062965805295334.1)
                  0000b21c    0000000a     app_shell.o (.rodata.str1.16216038010955657616.1)
                  0000b226    0000000a     app_shell.o (.rodata.str1.16330407060470052804.1)
                  0000b230    0000000a     app_shell.o (.rodata.str1.17814141777586519065.1)
                  0000b23a    0000000a     shell.o (.rodata.str1.17922515892264497723.1)
                  0000b244    0000000a     app_shell.o (.rodata.str1.18173995716001367913.1)
                  0000b24e    0000000a     app_shell.o (.rodata.str1.4218503564476151687.1)
                  0000b258    00000009     app_shell.o (.rodata.str1.11515932757094173050.1)
                  0000b261    00000009     app_shell.o (.rodata.str1.13247589138198607459.1)
                  0000b26a    00000009     app_shell.o (.rodata.str1.2672312858105111990.1)
                  0000b273    00000009     app_shell.o (.rodata.str1.5376205643164354286.1)
                  0000b27c    00000009     app_shell.o (.rodata.str1.8103717083034249282.1)
                  0000b285    00000009     app_shell.o (.rodata.str1.9017255012489828088.1)
                  0000b28e    00000008     app_shell.o (.rodata.str1.1047053269920726699.1)
                  0000b296    00000008     app_shell.o (.rodata.str1.10665909939688505188.1)
                  0000b29e    00000008     board_button.o (.rodata.str1.10963450802004053816.1)
                  0000b2a6    00000008     app_shell.o (.rodata.str1.11327417708772392390.1)
                  0000b2ae    00000008     app_shell.o (.rodata.str1.11335294061225285764.1)
                  0000b2b6    00000008     app_shell.o (.rodata.str1.14639049301600042713.1)
                  0000b2be    00000008     app_shell.o (.rodata.str1.15176035481894813218.1)
                  0000b2c6    00000008     app_shell.o (.rodata.str1.17082220688523197928.1)
                  0000b2ce    00000008     board_button.o (.rodata.str1.17681505947258605906.1)
                  0000b2d6    00000008     board_button.o (.rodata.str1.18240515884718476655.1)
                  0000b2de    00000008     app_main.o (.rodata.str1.1839410120130765391.1)
                  0000b2e6    00000008     app_shell.o (.rodata.str1.1886428569580364902.1)
                  0000b2ee    00000008     app_shell.o (.rodata.str1.2128407216864987192.1)
                  0000b2f6    00000008     app_shell.o (.rodata.str1.5123905964118624653.1)
                  0000b2fe    00000008     app_shell.o (.rodata.str1.5549424804698209806.1)
                  0000b306    00000008     board_button.o (.rodata.str1.5952028417427413650.1)
                  0000b30e    00000008     app_shell.o (.rodata.str1.6213986015100719150.1)
                  0000b316    00000008     app_shell.o (.rodata.str1.8573948346423057931.1)
                  0000b31e    00000008     app_shell.o (.rodata.str1.8730301986016609910.1)
                  0000b326    00000008     app_shell.o (.rodata.str1.9555053908608242801.1)
                  0000b32e    00000007     app_shell.o (.rodata.str1.10195084751130023350.1)
                  0000b335    00000007     app_shell.o (.rodata.str1.11774507841365577078.1)
                  0000b33c    00000007     app_shell.o (.rodata.str1.11922244342622017285.1)
                  0000b343    00000007     app_shell.o (.rodata.str1.13029328624899454496.1)
                  0000b34a    00000007     app_shell.o (.rodata.str1.15816476343860600217.1)
                  0000b351    00000007     app_shell.o (.rodata.str1.16899430920103358112.1)
                  0000b358    00000007     board_i2c_bus.o (.rodata.str1.17771965703026024685.1)
                  0000b35f    00000007     app_shell.o (.rodata.str1.2029421846019890511.1)
                  0000b366    00000007     app_shell.o (.rodata.str1.2112829382197544942.1)
                  0000b36d    00000007     app_shell.o (.rodata.str1.27965927919619260.1)
                  0000b374    00000007     app_shell.o (.rodata.str1.2831129786622658843.1)
                  0000b37b    00000007     app_shell.o (.rodata.str1.2963890733414402023.1)
                  0000b382    00000007     app_shell.o (.rodata.str1.5515999138927817340.1)
                  0000b389    00000007     app_shell.o (.rodata.str1.6741221679932540615.1)
                  0000b390    00000007     app_shell.o (.rodata.str1.6822338819583971375.1)
                  0000b397    00000007     app_shell.o (.rodata.str1.7988978544830785654.1)
                  0000b39e    00000007     app_shell.o (.rodata.str1.931795180867172166.1)
                  0000b3a5    00000007     app_shell.o (.rodata.str1.9376739677351878210.1)
                  0000b3ac    00000007     app_shell.o (.rodata.str1.9708937098353321336.1)
                  0000b3b3    00000006     app_shell.o (.rodata._ZZN3app12_GLOBAL__N_111LoraCommandEiPKPKcE9kTestData)
                  0000b3b9    00000006     app_shell.o (.rodata._ZZN3app12_GLOBAL__N_112MotorCommandEiPKPKcE9kTestData)
                  0000b3bf    00000006     app_shell.o (.rodata.str1.10018306225359911921.1)
                  0000b3c5    00000006     app_shell.o (.rodata.str1.10465369967917398799.1)
                  0000b3cb    00000006     app_shell.o (.rodata.str1.11066750309610323631.1)
                  0000b3d1    00000006     app_shell.o (.rodata.str1.13323525510459860336.1)
                  0000b3d7    00000006     app_shell.o (.rodata.str1.13643216153024045165.1)
                  0000b3dd    00000006     app_shell.o (.rodata.str1.14152514258843500131.1)
                  0000b3e3    00000006     app_shell.o (.rodata.str1.14223157730264656398.1)
                  0000b3e9    00000006     app_shell.o (.rodata.str1.14355953386558495977.1)
                  0000b3ef    00000006     app_shell.o (.rodata.str1.15451653635542139434.1)
                  0000b3f5    00000006     app_shell.o (.rodata.str1.15890787717468802715.1)
                  0000b3fb    00000006     app_shell.o (.rodata.str1.16079002699872141978.1)
                  0000b401    00000006     app_shell.o (.rodata.str1.16234102244779358492.1)
                  0000b407    00000006     app_shell.o (.rodata.str1.16354136421054348586.1)
                  0000b40d    00000006     app_shell.o (.rodata.str1.16556295950709461880.1)
                  0000b413    00000006     app_shell.o (.rodata.str1.16954485173288524775.1)
                  0000b419    00000006     app_shell.o (.rodata.str1.2319085888762997156.1)
                  0000b41f    00000006     app_shell.o (.rodata.str1.2686006007855973365.1)
                  0000b425    00000006     app_shell.o (.rodata.str1.3266044674648287831.1)
                  0000b42b    00000006     app_shell.o (.rodata.str1.4138401803328556999.1)
                  0000b431    00000006     app_shell.o (.rodata.str1.587364518894469847.1)
                  0000b437    00000006     app_shell.o (.rodata.str1.5909738732761903070.1)
                  0000b43d    00000006     app_shell.o (.rodata.str1.6351667589775284342.1)
                  0000b443    00000006     app_shell.o (.rodata.str1.6951946783319408118.1)
                  0000b449    00000006     app_shell.o (.rodata.str1.6963926815691589692.1)
                  0000b44f    00000006     app_shell.o (.rodata.str1.8674441817985872181.1)
                  0000b455    00000006     app_shell.o (.rodata.str1.9144633642026494361.1)
                  0000b45b    00000006     app_shell.o (.rodata.str1.9805525145790407866.1)
                  0000b461    00000005     app_shell.o (.rodata.str1.10218881960771275491.1)
                  0000b466    00000005     board_i2c_bus.o (.rodata.str1.11524751692591293752.1)
                  0000b46b    00000005     app_shell.o (.rodata.str1.13071761163155843764.1)
                  0000b470    00000005     app_shell.o (.rodata.str1.13204140776596746875.1)
                  0000b475    00000005     app_shell.o (.rodata.str1.13640432584226954899.1)
                  0000b47a    00000005     app_shell.o (.rodata.str1.14648361161363975803.1)
                  0000b47f    00000005     app_shell.o (.rodata.str1.15885433143163248817.1)
                  0000b484    00000005     app_shell.o (.rodata.str1.16906130264434024515.1)
                  0000b489    00000005     shell.o (.rodata.str1.17405053739148516019.1)
                  0000b48e    00000005     app_shell.o (.rodata.str1.17796269336985765740.1)
                  0000b493    00000005     app_shell.o (.rodata.str1.18221696243336245540.1)
                  0000b498    00000005     app_shell.o (.rodata.str1.18269279803075602796.1)
                  0000b49d    00000005     app_shell.o (.rodata.str1.2160470991696560517.1)
                  0000b4a2    00000005     app_shell.o (.rodata.str1.2208679373137722540.1)
                  0000b4a7    00000005     app_shell.o (.rodata.str1.289627103221730650.1)
                  0000b4ac    00000005     app_shell.o (.rodata.str1.4179493015675024832.1)
                  0000b4b1    00000005     app_shell.o (.rodata.str1.4754765727316804258.1)
                  0000b4b6    00000005     app_shell.o (.rodata.str1.4993949747219772545.1)
                  0000b4bb    00000005     app_shell.o (.rodata.str1.5652790780262836254.1)
                  0000b4c0    00000005     app_shell.o (.rodata.str1.6333935326310285001.1)
                  0000b4c5    00000005     app_shell.o (.rodata.str1.7212684690809077353.1)
                  0000b4ca    00000005     app_shell.o (.rodata.str1.8778837135027269807.1)
                  0000b4cf    00000005     app_shell.o (.rodata.str1.8934507472916618446.1)
                  0000b4d4    00000005     app_shell.o (.rodata.str1.906066569443847875.1)
                  0000b4d9    00000004     app_shell.o (.rodata.str1.10756110055158838206.1)
                  0000b4dd    00000004     app_shell.o (.rodata.str1.10851017352621485976.1)
                  0000b4e1    00000004     app_shell.o (.rodata.str1.11836969374611347342.1)
                  0000b4e5    00000004     app_shell.o (.rodata.str1.1207053347194752072.1)
                  0000b4e9    00000004     app_shell.o (.rodata.str1.1223882822645374465.1)
                  0000b4ed    00000004     app_shell.o (.rodata.str1.13626453309717720227.1)
                  0000b4f1    00000004     app_shell.o (.rodata.str1.141740382680400416.1)
                  0000b4f5    00000004     app_shell.o (.rodata.str1.14445045882516821416.1)
                  0000b4f9    00000004     app_shell.o (.rodata.str1.14623014954758015065.1)
                  0000b4fd    00000004     app_shell.o (.rodata.str1.16800956331689080151.1)
                  0000b501    00000004     app_shell.o (.rodata.str1.17269466629117989041.1)
                  0000b505    00000004     app_shell.o (.rodata.str1.2767916714829989116.1)
                  0000b509    00000004     app_shell.o (.rodata.str1.3030045481369325523.1)
                  0000b50d    00000004     app_shell.o (.rodata.str1.3345426052653886543.1)
                  0000b511    00000004     app_shell.o (.rodata.str1.3688985272902551570.1)
                  0000b515    00000004     app_shell.o (.rodata.str1.4465400818469226320.1)
                  0000b519    00000004     app_shell.o (.rodata.str1.5716603645884478871.1)
                  0000b51d    00000004     app_shell.o (.rodata.str1.6410197886599512152.1)
                  0000b521    00000004     shell.o (.rodata.str1.7348818734176781284.1)
                  0000b525    00000004     app_shell.o (.rodata.str1.7612592787831263617.1)
                  0000b529    00000004     app_shell.o (.rodata.str1.7743837333376801574.1)
                  0000b52d    00000004     app_shell.o (.rodata.str1.7940456731757887554.1)
                  0000b531    00000004     app_shell.o (.rodata.str1.8406640635343907673.1)
                  0000b535    00000004     shell.o (.rodata.str1.8954516873856363469.1)
                  0000b539    00000004     app_shell.o (.rodata.str1.9315764513386952153.1)
                  0000b53d    00000003     shell.o (.rodata.str1.10427229796524742636.1)
                  0000b540    00000003     app_shell.o (.rodata.str1.10491446739592751644.1)
                  0000b543    00000003     app_shell.o (.rodata.str1.13245102848535749030.1)
                  0000b546    00000003     app_shell.o (.rodata.str1.1418877803505809098.1)
                  0000b549    00000003     app_shell.o (.rodata.str1.2027963614161212499.1)
                  0000b54c    00000003     shell.o (.rodata.str1.4282230880151502975.1)
                  0000b54f    00000003     app_shell.o (.rodata.str1.5263001642383835309.1)
                  0000b552    00000003     app_shell.o (.rodata.str1.5557692366192543561.1)
                  0000b555    00000003     app_shell.o (.rodata.str1.638712236475948105.1)
                  0000b558    00000003     app_shell.o (.rodata.str1.7493624433185208732.1)
                  0000b55b    00000003     app_shell.o (.rodata.str1.7863334761919578676.1)
                  0000b55e    00000003     shell.o (.rodata.str1.8508895379925972626.1)
                  0000b561    00000002     ti_msp_dl_config.o (.rodata.gDEBUG_UARTClockConfig)
                  0000b563    00000002     ti_msp_dl_config.o (.rodata.gFRAM_I2CClockConfig)
                  0000b565    00000002     ti_msp_dl_config.o (.rodata.gIMU_SPI_clockConfig)
                  0000b567    00000002     ti_msp_dl_config.o (.rodata.gINA219_I2CClockConfig)
                  0000b569    00000002     ti_msp_dl_config.o (.rodata.gLORA_UARTClockConfig)
                  0000b56b    00000002     ti_msp_dl_config.o (.rodata.gMOTOR_UARTClockConfig)
                  0000b56d    00000002     app_shell.o (.rodata.str1.10091040128680290456.1)
                  0000b56f    00000002     app_shell.o (.rodata.str1.16458884249986146812.1)
                  0000b571    00000002     app_shell.o (.rodata.str1.18057142085415363861.1)
                  0000b573    00000002     app_shell.o (.rodata.str1.8867909630182175989.1)
                  0000b575    00000002     app_shell.o (.rodata.str1.9307362830757344490.1)
                  0000b577    00000009     --HOLE-- [fill = 0]

.init_array 
*          0    00000000    00000000     UNINITIALIZED

.binit     0    00000000    00000000     

.bss       0    20200000    00000308     UNINITIALIZED
                  20200000    00000100     board_lora.o (.bss._ZN5boardL14g_loraRxBufferE)
                  20200100    00000100     board_motor_driver.o (.bss._ZN5boardL21g_motorDriverRxBufferE)
                  20200200    00000080     debug_uart.o (.bss._ZN8services12_GLOBAL__N_110g_rxBufferE)
                  20200280    00000060     shell.o (.bss._ZN8services12_GLOBAL__N_112g_lineBufferE)
                  202002e0    00000028     (.common:gIMU_SPIBackup)

.data      0    20200308    0000027c     UNINITIALIZED
                  20200308    00000100     shell.o (.data._ZN8services12_GLOBAL__N_110g_commandsE)
                  20200408    000000f0     scheduler.o (.data._ZN8servicesL7g_tasksE)
                  202004f8    00000030     board_button.o (.data._ZN5board12_GLOBAL__N_116g_buttonContextsE)
                  20200528    00000010     board_lora.o (.data._ZN5boardL13g_loraContextE)
                  20200538    00000010     board_motor_driver.o (.data._ZN5boardL20g_motorDriverContextE)
                  20200548    00000008     app_main.o (.data._ZN3appL10g_appStateE)
                  20200550    00000008     board_fram.o (.data._ZN5boardL13g_framContextE)
                  20200558    00000008     board_buzzer.o (.data._ZN5boardL15g_buzzerContextE)
                  20200560    00000008     board_ina219.o (.data._ZN5boardL15g_ina219ContextE)
                  20200568    00000008     board_led.o (.data._ZN5boardL18g_statusLedContextE)
                  20200570    00000004     shell.o (.data._ZN8services12_GLOBAL__N_112g_lineLengthE)
                  20200574    00000004     debug_uart.o (.data._ZN8services12_GLOBAL__N_116g_rxDroppedCountE)
                  20200578    00000004     time.o (.data._ZN8servicesL8g_millisE)
                  2020057c    00000002     debug_uart.o (.data._ZN8services12_GLOBAL__N_18g_rxHeadE)
                  2020057e    00000002     debug_uart.o (.data._ZN8services12_GLOBAL__N_18g_rxTailE)
                  20200580    00000001     board_imu.o (.data._ZN5board12_GLOBAL__N_110g_imuReadyE)
                  20200581    00000001     shell.o (.data._ZN8services12_GLOBAL__N_114g_ignoreNextLfE)
                  20200582    00000001     debug_uart.o (.data._ZN8services12_GLOBAL__N_116g_debugUartReadyE)
                  20200583    00000001     fault.o (.data._ZN8servicesL11g_faultCodeE)

.stack     0    2020ff00    00000100     UNINITIALIZED
                  2020ff00    00000004     libc.a : boot_cortex_m.c.obj (.stack)
                  2020ff04    000000fc     --HOLE--

__llvm_prf_cnts 
*          0    20200000    00000000     UNINITIALIZED

__llvm_prf_bits 
*          0    20200000    00000000     UNINITIALIZED

MODULE SUMMARY

       Module                         code    ro data   rw data
       ------                         ----    -------   -------
    .\
       ti_msp_dl_config.o             1128    52        40     
       startup_mspm0g351x_ticlang.o   6       192       0      
       empty_cpp.o                    82      0         0      
    +--+------------------------------+-------+---------+---------+
       Total:                         1216    244       40     
                                                               
    .\app\
       app_shell.o                    20964   4771      0      
       app_main.o                     102     8         8      
    +--+------------------------------+-------+---------+---------+
       Total:                         21066   4779      8      
                                                               
    .\board\
       board_imu.o                    3468    12        1      
       board_lora.o                   204     24        272    
       board_motor_driver.o           204     24        272    
       board_ina219.o                 356     56        8      
       board_button.o                 248     92        48     
       board_i2c_bus.o                204     100       0      
       board_fram.o                   210     44        8      
       board_buzzer.o                 68      12        8      
       board_led.o                    68      12        8      
       board.o                        38      0         0      
    +--+------------------------------+-------+---------+---------+
       Total:                         5068    376       625    
                                                               
    .\drivers\button\
       button.o                       306     0         0      
    +--+------------------------------+-------+---------+---------+
       Total:                         306     0         0      
                                                               
    .\drivers\buzzer\
       buzzer.o                       174     0         0      
    +--+------------------------------+-------+---------+---------+
       Total:                         174     0         0      
                                                               
    .\drivers\fm24cl64b\
       fm24cl64b.o                    1882    0         0      
    +--+------------------------------+-------+---------+---------+
       Total:                         1882    0         0      
                                                               
    .\drivers\i2c_diag\
       i2c_diag.o                     2152    0         0      
    +--+------------------------------+-------+---------+---------+
       Total:                         2152    0         0      
                                                               
    .\drivers\ina219\
       ina219.o                       2326    0         0      
    +--+------------------------------+-------+---------+---------+
       Total:                         2326    0         0      
                                                               
    .\drivers\led\
       led.o                          174     0         0      
    +--+------------------------------+-------+---------+---------+
       Total:                         174     0         0      
                                                               
    .\drivers\lora\
       lora.o                         908     0         0      
    +--+------------------------------+-------+---------+---------+
       Total:                         908     0         0      
                                                               
    .\drivers\motor_driver\
       motor_driver_uart.o            996     0         0      
    +--+------------------------------+-------+---------+---------+
       Total:                         996     0         0      
                                                               
    .\services\
       shell.o                        1800    111       357    
       scheduler.o                    832     0         240    
       debug_uart.o                   732     0         137    
       time.o                         84      0         4      
       fault.o                        40      0         1      
       log.o                          2       0         0      
    +--+------------------------------+-------+---------+---------+
       Total:                         3490    111       739    
                                                               
    C:/ti/mspm0_sdk_2_10_00_04/source/ti/driverlib/lib/ticlang/m0p/mspm0gx51x/driverlib.a
       dl_i2c.o                       240     0         0      
       dl_spi.o                       142     0         0      
       dl_uart.o                      138     0         0      
       dl_common.o                    10      0         0      
    +--+------------------------------+-------+---------+---------+
       Total:                         530     0         0      
                                                               
    C:\ti\ccs2100\ccs\tools\compiler\ti-cgt-armllvm_5.1.1.LTS\lib\armv6m-ti-none-eabi/c/libc.a
       memcpy16.S.obj                 154     0         0      
       copy_decompress_lzss.c.obj     124     0         0      
       memset16.S.obj                 98      0         0      
       autoinit.c.obj                 60      0         0      
       boot_cortex_m.c.obj            40      0         0      
       copy_zero_init.c.obj           22      0         0      
       copy_decompress_none.c.obj     18      0         0      
       exit.c.obj                     6       0         0      
       pre_init.c.obj                 4       0         0      
    +--+------------------------------+-------+---------+---------+
       Total:                         526     0         0      
                                                               
    C:\ti\ccs2100\ccs\tools\compiler\ti-cgt-armllvm_5.1.1.LTS\lib\armv6m-ti-none-eabi/c/libsysbm.a
       hostexit.c.obj                 4       0         0      
    +--+------------------------------+-------+---------+---------+
       Total:                         4       0         0      
                                                               
    C:\ti\ccs2100\ccs\tools\compiler\ti-cgt-armllvm_5.1.1.LTS\lib\armv6m-ti-none-eabi/libclang_rt.builtins.a
       aeabi_uidivmod.S.obj           64      0         0      
       aeabi_memset.S.obj             26      0         0      
       aeabi_memcpy.S.obj             8       0         0      
       aeabi_div0.c.obj               2       0         0      
    +--+------------------------------+-------+---------+---------+
       Total:                         100     0         0      
                                                               
       Stack:                         0       0         256    
       Linker Generated:              0       45        0      
    +--+------------------------------+-------+---------+---------+
       Grand Total:                   40918   5555      1668   


LINKER GENERATED COPY TABLES

__TI_cinit_table @ 0000b5a0 records: 2, size/record: 8, table size: 16
	.data: load addr=0000b58c, load size=00000009 bytes, run addr=20200308, run size=0000027c bytes, compression=lzss
	.bss: load addr=0000b598, load size=00000008 bytes, run addr=20200000, run size=00000308 bytes, compression=zero_init


LINKER GENERATED HANDLER TABLE

__TI_handler_table @ 0000b580 records: 3, size/record: 4, table size: 12
	index: 0, handler: __TI_decompress_lzss
	index: 1, handler: __TI_decompress_none
	index: 2, handler: __TI_zero_init


GLOBAL SYMBOLS: SORTED ALPHABETICALLY BY Name 

address   name                                                                                        
-------   ----                                                                                        
00007e23  ADC0_IRQHandler                                                                             
00007e23  ADC1_IRQHandler                                                                             
00007e23  AESADV_IRQHandler                                                                           
0000a094  C$$EXIT                                                                                     
00007e23  CANFD0_IRQHandler                                                                           
00007e23  CANFD1_IRQHandler                                                                           
00007e23  DAC0_IRQHandler                                                                             
0000a055  DL_Common_delayCycles                                                                       
00008b4d  DL_I2C_fillControllerTXFIFO                                                                 
000095d9  DL_I2C_flushControllerRXFIFO                                                                
000092f9  DL_I2C_flushControllerTXFIFO                                                                
0000992d  DL_I2C_setClockConfig                                                                       
00009069  DL_SPI_init                                                                                 
00009a1d  DL_SPI_receiveDataCheck8                                                                    
00009d69  DL_SPI_setClockConfig                                                                       
00009a39  DL_SPI_transmitDataCheck8                                                                   
00008f49  DL_UART_init                                                                                
00009d7b  DL_UART_setClockConfig                                                                      
00009609  DL_UART_transmitDataBlocking                                                                
00007e23  DMA_IRQHandler                                                                              
00007e23  Default_Handler                                                                             
00007e23  GROUP0_IRQHandler                                                                           
00007e23  GROUP1_IRQHandler                                                                           
0000a095  HOSTexit                                                                                    
00007e23  HardFault_Handler                                                                           
00007e23  I2C0_IRQHandler                                                                             
00007e23  I2C1_IRQHandler                                                                             
00007e23  I2C2_IRQHandler                                                                             
00007e23  LFSS_IRQHandler                                                                             
00007e23  NMI_Handler                                                                                 
00007e23  PendSV_Handler                                                                              
0000a099  Reset_Handler                                                                               
00007e23  SPI0_IRQHandler                                                                             
00007e23  SPI1_IRQHandler                                                                             
00007e23  SPI2_IRQHandler                                                                             
00007e23  SVC_Handler                                                                                 
0000810d  SYSCFG_DL_DEBUG_UART_init                                                                   
00008cb9  SYSCFG_DL_FRAM_I2C_init                                                                     
00006b59  SYSCFG_DL_GPIO_init                                                                         
00008efd  SYSCFG_DL_IMU_SPI_init                                                                      
00008d0d  SYSCFG_DL_INA219_I2C_init                                                                   
00008195  SYSCFG_DL_LORA_UART_init                                                                    
0000821d  SYSCFG_DL_MOTOR_UART_init                                                                   
00009639  SYSCFG_DL_SYSCTL_init                                                                       
[...]
000082a5  _ZN7drivers13LoraUart_InitEPNS_15LoraUartContextEPKNS_14LoraUartConfigE                     
00008425  SYSCFG_DL_initPower                                                                         
000084a1  _ZN7drivers19LoraUart_IrqHandlerEPNS_15LoraUartContextE                                     
0000851d  __TI_decompress_lzss                                                                        
0000860d  _ZN7drivers22Ina219_ReadMeasurementEPNS_13Ina219ContextEPNS_17Ina219MeasurementE            
00008681  UART5_IRQHandler                                                                            
000086ed  _ZN7drivers26MotorDriverUart_IrqHandlerEPNS_22MotorDriverUartContextE                       
00008759  _ZN8services21DebugUart_WriteStringEPKc                                                     
00008961  _ZN5board22Board_ImuGetLineStatusEPNS_18BoardImuLineStatusE                                 
000089c5  _ZN7drivers14Fm24cl64b_InitEPNS_16Fm24cl64bContextEPKNS_15Fm24cl64bConfigE                  
00008a29  memset                                                                                      
00008a8b  _ZN8services8Log_InitEv                                                                     
00008aed  _ZN7drivers22LoraUart_ClearRxBufferEPNS_15LoraUartContextE                                  
00008b4d  DL_I2C_fillControllerTXFIFO                                                                 
00008bab  _ZN7drivers13Button_UpdateEPNS_13ButtonContextEj                                            
00008c09  _ZN7drivers17Ina219_SetAddressEPNS_13Ina219ContextEh                                        
00008c61  _ZN7drivers20I2cDiag_GetBusStatusEPKNS_16I2cDiagBusConfigEPNS_16I2cDiagBusStatusE           
00008cb9  SYSCFG_DL_FRAM_I2C_init                                                                     
00008d0d  SYSCFG_DL_INA219_I2C_init                                                                   
00008db5  _ZN8services14DebugUart_InitEv                                                              
00008e09  main                                                                                        
00008e5b  __aeabi_idiv0                                                                               
00008e5d  _ZN5board16Board_Ina219InitEv                                                               
00008ead  _ZN5board27Board_ImuSetChipSelectDebugEbbbb                                                 
00008efd  SYSCFG_DL_IMU_SPI_init                                                                      
00008f49  DL_UART_init                                                                                
00008f91  _ZN5board22Board_FramGetBusStatusEPjPbS1_                                                   
00008fd9  _ZN5board24Board_Ina219GetBusStatusEPjPbS1_                                                 
00009021  _ZN8services18DebugUart_ReadByteEPh                                                         
00009069  DL_SPI_init                                                                                 
000090ad  _ZN5board13Board_ImuInitEv                                                                  
000090f1  _ZN7drivers19Ina219_GetBusStatusEPNS_13Ina219ContextEPNS_15Ina219BusStatusE                 
00009135  _ZN7drivers22Fm24cl64b_GetBusStatusEPNS_16Fm24cl64bContextEPNS_18Fm24cl64bBusStatusE        
000091f9  _ZN7drivers17LoraUart_ReadByteEPNS_15LoraUartContextEPh                                     
00009239  _ZN7drivers24MotorDriverUart_ReadByteEPNS_22MotorDriverUartContextEPh                       
00009279  __aeabi_uidiv                                                                               
00009279  __aeabi_uidivmod                                                                            
000092b9  _ZN7drivers11Button_InitEPNS_13ButtonContextEPKNS_12ButtonConfigE                           
000092f9  DL_I2C_flushControllerTXFIFO                                                                
00009371  _ZN5board17Board_ButtonsInitEv                                                              
000093ad  _ZN7drivers23Ina219_ConfigureDefaultEPNS_13Ina219ContextE                                   
000093e9  __TI_auto_init_nobinit_nopinit                                                              
00009425  _ZN7drivers11Buzzer_InitEPNS_13BuzzerContextEPKNS_12BuzzerConfigE                           
0000945d  _ZN7drivers14Button_ReadRawEPNS_13ButtonContextEPb                                          
00009495  _ZN7drivers19Ina219_ProbeAddressEPNS_13Ina219ContextEhPt                                    
000094cd  _ZN7drivers8Led_InitEPNS_10LedContextEPKNS_9LedConfigE                                      
00009505  _ZN8services9Time_InitEv                                                                    
0000953d  SYSCFG_DL_init                                                                              
00009571  _ZN3app8App_InitEv                                                                          
000095a5  _ZN5board19Board_ButtonsUpdateEj                                                            
000095d9  DL_I2C_flushControllerRXFIFO                                                                
00009609  DL_UART_transmitDataBlocking                                                                
00009639  SYSCFG_DL_SYSCTL_init                                                                       
00009699  _ZN7drivers10Buzzer_OffEPNS_13BuzzerContextE                                                
000096c9  _ZN7drivers6Led_OnEPNS_10LedContextE                                                        
000096f9  _ZN7drivers7Led_OffEPNS_10LedContextE                                                       
00009729  _ZN7drivers9Buzzer_OnEPNS_13BuzzerContextE                                                  
00009759  _ZN7drivers19Ina219_ReadRegisterEPNS_13Ina219ContextEhPt                                    
00009787  _ZN7drivers20Ina219_WriteRegisterEPNS_13Ina219ContextEht                                    
000097b5  _ZN7drivers28LoraUart_GetControllerStatusEPKNS_15LoraUartContextEPj                         
000097e1  _ZN7drivers35MotorDriverUart_GetControllerStatusEPKNS_22MotorDriverUartContextEPj           
0000980d  _ZN7drivers12Ina219_ResetEPNS_13Ina219ContextE                                              
00009837  _ZN7drivers23LoraUart_GetRxAvailableEPKNS_15LoraUartContextE                                
00009861  _ZN7drivers30MotorDriverUart_GetRxAvailableEPKNS_22MotorDriverUartContextE                  
000098b5  _ZN5board14Board_LoraInitEv                                                                 
000098dd  _ZN5board21Board_MotorDriverInitEv                                                          
00009905  _c_int00_noargs                                                                             
0000992d  DL_I2C_setClockConfig                                                                       
00009979  _ZN5board10Board_InitEv                                                                     
0000999d  _ZN7drivers17Button_WasPressedEPNS_13ButtonContextE                                         
000099bf  _ZN7drivers18Button_WasReleasedEPNS_13ButtonContextE                                        
000099e1  _ZN7drivers17Ina219_GetAddressEPKNS_13Ina219ContextE                                        
000099ff  _ZN7drivers21Ina219_GetCalibrationEPKNS_13Ina219ContextE                                    
00009a1d  DL_SPI_receiveDataCheck8                                                                    
00009a39  DL_SPI_transmitDataCheck8                                                                   
00009a55  _ZN3app7App_RunEv                                                                           
00009a71  _ZN5board19Board_ButtonReadRawENS_13BoardButtonIdEPb                                        
00009a8d  _ZN5board21Board_ButtonIsPressedENS_13BoardButtonIdE                                        
00009aa9  _ZN5board22Board_ButtonWasPressedENS_13BoardButtonIdE                                       
00009ac5  _ZN5board23Board_ButtonWasReleasedENS_13BoardButtonIdE                                      
00009ae1  _ZN7drivers14Ina219_IsReadyEPKNS_13Ina219ContextE                                           
00009afd  _ZN7drivers17Fm24cl64b_IsReadyEPKNS_16Fm24cl64bContextE                                     
00009b19  _ZN8services19DebugUart_WriteCharEc                                                         
00009b35  _ZN7drivers16Button_IsPressedEPKNS_13ButtonContextE                                         
00009b51  __aeabi_memset                                                                              
00009b51  __aeabi_memset4                                                                             
00009b51  __aeabi_memset8                                                                             
00009b5f  __aeabi_memclr                                                                              
00009b5f  __aeabi_memclr4                                                                             
00009b5f  __aeabi_memclr8                                                                             
00009b6d  _ZN5board15Board_I2cBusGetEj                                                                
00009b85  _ZN5board19Board_ButtonGetNameENS_13BoardButtonIdE                                          
00009b9d  _ZN7drivers20LoraUart_GetBaudrateEPKNS_15LoraUartContextE                                   
00009bb5  _ZN7drivers27MotorDriverUart_GetBaudrateEPKNS_22MotorDriverUartContextE                     
00009be3  _ZN7drivers11Led_IsReadyEPKNS_10LedContextE                                                 
00009bf9  _ZN7drivers14Buzzer_IsReadyEPKNS_13BuzzerContextE                                           
00009c0f  _ZN7drivers16LoraUart_IsReadyEPKNS_15LoraUartContextE                                       
00009c25  _ZN7drivers23MotorDriverUart_IsReadyEPKNS_22MotorDriverUartContextE                         
00009c3b  __TI_zero_init_nomemset                                                                     
00009c51  _ZN5board14Board_FramInitEv                                                                 
00009c65  _ZN5board14Board_FramReadEtPht                                                              
00009c79  _ZN5board15Board_LoraWriteEPKht                                                             
00009c8d  _ZN5board16Board_BuzzerInitEv                                                               
00009ca1  _ZN5board18Board_FramReadByteEtPh                                                           
00009cb5  _ZN5board18Board_FramSelfTestEv                                                             
00009cc9  _ZN5board19Board_FramWriteByteEth                                                           
00009cdd  _ZN5board19Board_StatusLedInitEv                                                            
00009cf1  _ZN5board22Board_MotorDriverWriteEPKht                                                      
00009d05  _ZN5board24Board_Ina219ProbeAddressEhPt                                                     
00009d19  _ZN5board24Board_Ina219ReadRegisterEhPt                                                     
00009d2d  _ZN5board25Board_Ina219WriteRegisterEht                                                     
00009d41  _ZN7drivers19Fm24cl64b_WriteByteEPNS_16Fm24cl64bContextEth                                  
00009d55  _ZN8services15Shell_WriteLineEPKc                                                           
00009d69  DL_SPI_setClockConfig                                                                       
00009d7b  DL_UART_setClockConfig                                                                      
00009d8d  __TI_decompress_none                                                                        
00009da1  SysTick_Handler                                                                             
00009db1  UART0_IRQHandler                                                                            
00009dc1  UART1_IRQHandler                                                                            
00009de1  _ZN5board14Board_BuzzerOnEv                                                                 
00009df1  _ZN5board15Board_BuzzerOffEv                                                                
00009e01  _ZN5board17Board_FramIsReadyEv                                                              
00009e11  _ZN5board17Board_Ina219ResetEv                                                              
00009e21  _ZN5board17Board_LoraIsReadyEv                                                              
00009e31  _ZN5board17Board_StatusLedOnEv                                                              
00009e41  _ZN5board18Board_LoraReadByteEPh                                                            
00009e51  _ZN5board18Board_StatusLedOffEv                                                             
00009e61  _ZN5board19Board_BuzzerIsReadyEv                                                            
00009e71  _ZN5board19Board_Ina219IsReadyEv                                                            
00009e81  _ZN5board19Board_LoraWriteByteEh                                                            
00009e91  _ZN5board20Board_FramRecoverBusEv                                                           
00009ea1  _ZN5board21Board_LoraGetBaudrateEv                                                          
00009eb1  _ZN5board22Board_Ina219GetAddressEv                                                         
00009ec1  _ZN5board22Board_Ina219RecoverBusEv                                                         
00009ed1  _ZN5board22Board_Ina219SetAddressEh                                                         
00009ee1  _ZN5board22Board_StatusLedIsReadyEv                                                         
00009ef1  _ZN5board23Board_Ina219CalibrationEv                                                        
00009f01  _ZN5board23Board_LoraClearRxBufferEv                                                        
00009f11  _ZN5board24Board_LoraGetRxAvailableEv                                                       
00009f21  _ZN5board24Board_MotorDriverIsReadyEv                                                       
00009f31  _ZN5board25Board_MotorDriverReadByteEPh                                                     
00009f41  _ZN5board26Board_MotorDriverWriteByteEh                                                     
00009f51  _ZN5board27Board_Ina219ReadMeasurementEPN7drivers17Ina219MeasurementE                       
00009f61  _ZN5board27Board_LoraGetRxDroppedCountEv                                                    
00009f71  _ZN5board28Board_Ina219ConfigureDefaultEv                                                   
00009f81  _ZN5board28Board_Ina219ReadRawRegistersEPN7drivers18Ina219RawRegistersE                     
00009f91  _ZN5board28Board_MotorDriverGetBaudrateEv                                                   
00009fa1  _ZN5board29Board_LoraGetControllerStatusEPj                                                 
00009fb1  _ZN5board30Board_MotorDriverClearRxBufferEv                                                 
00009fc1  _ZN5board31Board_MotorDriverGetRxAvailableEv                                                
00009fd1  _ZN5board34Board_MotorDriverGetRxDroppedCountEv                                             
00009fe1  _ZN5board36Board_MotorDriverGetControllerStatusEPj                                          
00009ff1  _ZN8services9Fault_SetENS_9FaultCodeE                                                       
0000a001  _ZN5board16Board_ImuIsReadyEv                                                               
0000a00d  _ZN7drivers26LoraUart_GetRxDroppedCountEPKNS_15LoraUartContextE                             
0000a019  _ZN7drivers33MotorDriverUart_GetRxDroppedCountEPKNS_22MotorDriverUartContextE               
0000a025  _ZN8services10Fault_InitEv                                                                  
0000a031  _ZN8services11Time_MillisEv                                                                 
0000a03d  _ZN8services17DebugUart_IsReadyEv                                                           
0000a049  _ZN8services9Fault_GetEv                                                                    
0000a055  DL_Common_delayCycles                                                                       
0000a05f  _ZN7drivers18Fm24cl64b_ReadByteEPNS_16Fm24cl64bContextEtPh                                  
0000a069  _ZN8services15Shell_WriteCharEc                                                             
0000a071  _ZN8services17Shell_WriteStringEPKc                                                         
0000a079  _ZN8services17Shell_WriteUInt32Ej                                                           
0000a081  __aeabi_memcpy                                                                              
0000a081  __aeabi_memcpy4                                                                             
0000a081  __aeabi_memcpy8                                                                             
0000a089  _ZN5board23Board_FramCapacityBytesEv                                                        
0000a08f  abort                                                                                       
0000a094  C$$EXIT                                                                                     
0000a095  HOSTexit                                                                                    
0000a099  Reset_Handler                                                                               
0000a09d  _ZN5board17Board_I2cBusCountEv                                                              
0000a0a1  _system_pre_init                                                                            
0000b580  __TI_Handler_Table_Base                                                                     
0000b58c  __TI_Handler_Table_Limit                                                                    
0000b5a0  __TI_CINIT_Base                                                                             
0000b5b0  __TI_CINIT_Limit                                                                            
0000b5b0  __TI_CINIT_Warm                                                                             
20200000  __start___llvm_prf_bits                                                                     
20200000  __start___llvm_prf_cnts                                                                     
20200000  __stop___llvm_prf_bits                                                                      
20200000  __stop___llvm_prf_cnts                                                                      
202002e0  gIMU_SPIBackup                                                                              
2020ff00  __stack                                                                                     
20210000  __STACK_END                                                                                 
ffffffff  __TI_pprof_out_hndl                                                                         
ffffffff  __TI_prof_data_size                                                                         
ffffffff  __TI_prof_data_start                                                                        
ffffffff  __binit__                                                                                   
ffffffff  binit                                                                                       
UNDEFED   __mpu_init                                                                                  
UNDEFED   _system_post_cinit                                                                          

[279 symbols]
