<?xml version="1.0" encoding="ISO-8859-1" ?>
<link_info>
   <banner>TI ARM Clang Linker PC v5.1.1.LTS</banner>
   <copyright>Copyright (c) 1996-2018 Texas Instruments Incorporated</copyright>
   <command_line>C:\ti\ccs2100\ccs\tools\compiler\ti-cgt-armllvm_5.1.1.LTS\bin\tiarmlnk -IC:\ti\ccs2100\ccs\tools\compiler\ti-cgt-armllvm_5.1.1.LTS\lib -o gugaPI.out --cg_opt_level=2 -mgugaPI.map -iC:/ti/mspm0_sdk_2_10_00_04/source -iC:/Users/DdXd/workspace_ccstheia/gugaPI -iC:/Users/DdXd/workspace_ccstheia/gugaPI/Debug/syscfg -iC:/ti/ccs2100/ccs/tools/compiler/ti-cgt-armllvm_5.1.1.LTS/lib --diag_wrap=off --display_error_number --warn_sections --xml_link_info=gugaPI_linkInfo.xml --rom_model ./empty_cpp.o ./ti_msp_dl_config.o ./startup_mspm0g351x_ticlang.o ./algorithm/filter.o ./algorithm/pid.o ./app/app_main.o ./app/app_shell.o ./board/board.o ./board/board_button.o ./board/board_buzzer.o ./board/board_fram.o ./board/board_i2c_bus.o ./board/board_imu.o ./board/board_ina219.o ./board/board_led.o ./board/board_lora.o ./board/board_motor_driver.o ./board/board_oled.o ./drivers/button/button.o ./drivers/buzzer/buzzer.o ./drivers/fm24cl64b/fm24cl64b.o ./drivers/i2c_diag/i2c_diag.o ./drivers/ina219/ina219.o ./drivers/led/led.o ./drivers/lora/lora.o ./drivers/motor_driver/motor_driver_uart.o ./drivers/oled/oled_ssd1306.o ./drivers/template/template_driver.o ./services/debug_uart.o ./services/fault.o ./services/log.o ./services/scheduler.o ./services/shell.o ./services/time.o -l./device_linker.cmd -ldevice.cmd.genlibs -llibc.a --start-group -llibc++.a -llibc++abi.a -llibc.a -llibsys.a -llibsysbm.a -llibclang_rt.builtins.a -llibclang_rt.profile.a --end-group</command_line>
   <link_time>0x6a4bc109</link_time>
   <link_errors>0x0</link_errors>
   <output_file>C:\Users\DdXd\workspace_ccstheia\gugaPI\Debug\gugaPI.out</output_file>
   <entry_point>
      <name>_c_int00_noargs</name>
      <address>0xbc49</address>
   </entry_point>
   <input_file_list>
      <input_file id="fl-1">
         <path>C:\Users\DdXd\workspace_ccstheia\gugaPI\Debug\.\</path>
         <kind>object</kind>
         <file>empty_cpp.o</file>
         <name>empty_cpp.o</name>
      </input_file>
      <input_file id="fl-2">
         <path>C:\Users\DdXd\workspace_ccstheia\gugaPI\Debug\.\</path>
         <kind>object</kind>
         <file>ti_msp_dl_config.o</file>
         <name>ti_msp_dl_config.o</name>
      </input_file>
      <input_file id="fl-3">
         <path>C:\Users\DdXd\workspace_ccstheia\gugaPI\Debug\.\</path>
         <kind>object</kind>
         <file>startup_mspm0g351x_ticlang.o</file>
         <name>startup_mspm0g351x_ticlang.o</name>
      </input_file>
      <input_file id="fl-4">
         <path>C:\Users\DdXd\workspace_ccstheia\gugaPI\Debug\.\algorithm\</path>
         <kind>object</kind>
         <file>filter.o</file>
         <name>filter.o</name>
      </input_file>
      <input_file id="fl-5">
         <path>C:\Users\DdXd\workspace_ccstheia\gugaPI\Debug\.\algorithm\</path>
         <kind>object</kind>
         <file>pid.o</file>
         <name>pid.o</name>
      </input_file>
      <input_file id="fl-6">
         <path>C:\Users\DdXd\workspace_ccstheia\gugaPI\Debug\.\app\</path>
         <kind>object</kind>
         <file>app_main.o</file>
         <name>app_main.o</name>
      </input_file>
      <input_file id="fl-7">
         <path>C:\Users\DdXd\workspace_ccstheia\gugaPI\Debug\.\app\</path>
         <kind>object</kind>
         <file>app_shell.o</file>
         <name>app_shell.o</name>
      </input_file>
      <input_file id="fl-8">
         <path>C:\Users\DdXd\workspace_ccstheia\gugaPI\Debug\.\board\</path>
         <kind>object</kind>
         <file>board.o</file>
         <name>board.o</name>
      </input_file>
      <input_file id="fl-9">
         <path>C:\Users\DdXd\workspace_ccstheia\gugaPI\Debug\.\board\</path>
         <kind>object</kind>
         <file>board_button.o</file>
         <name>board_button.o</name>
      </input_file>
      <input_file id="fl-a">
         <path>C:\Users\DdXd\workspace_ccstheia\gugaPI\Debug\.\board\</path>
         <kind>object</kind>
         <file>board_buzzer.o</file>
         <name>board_buzzer.o</name>
      </input_file>
      <input_file id="fl-b">
         <path>C:\Users\DdXd\workspace_ccstheia\gugaPI\Debug\.\board\</path>
         <kind>object</kind>
         <file>board_fram.o</file>
         <name>board_fram.o</name>
      </input_file>
      <input_file id="fl-c">
         <path>C:\Users\DdXd\workspace_ccstheia\gugaPI\Debug\.\board\</path>
         <kind>object</kind>
         <file>board_i2c_bus.o</file>
         <name>board_i2c_bus.o</name>
      </input_file>
      <input_file id="fl-d">
         <path>C:\Users\DdXd\workspace_ccstheia\gugaPI\Debug\.\board\</path>
         <kind>object</kind>
         <file>board_imu.o</file>
         <name>board_imu.o</name>
      </input_file>
      <input_file id="fl-e">
         <path>C:\Users\DdXd\workspace_ccstheia\gugaPI\Debug\.\board\</path>
         <kind>object</kind>
         <file>board_ina219.o</file>
         <name>board_ina219.o</name>
      </input_file>
      <input_file id="fl-f">
         <path>C:\Users\DdXd\workspace_ccstheia\gugaPI\Debug\.\board\</path>
         <kind>object</kind>
         <file>board_led.o</file>
         <name>board_led.o</name>
      </input_file>
      <input_file id="fl-10">
         <path>C:\Users\DdXd\workspace_ccstheia\gugaPI\Debug\.\board\</path>
         <kind>object</kind>
         <file>board_lora.o</file>
         <name>board_lora.o</name>
      </input_file>
      <input_file id="fl-11">
         <path>C:\Users\DdXd\workspace_ccstheia\gugaPI\Debug\.\board\</path>
         <kind>object</kind>
         <file>board_motor_driver.o</file>
         <name>board_motor_driver.o</name>
      </input_file>
      <input_file id="fl-12">
         <path>C:\Users\DdXd\workspace_ccstheia\gugaPI\Debug\.\board\</path>
         <kind>object</kind>
         <file>board_oled.o</file>
         <name>board_oled.o</name>
      </input_file>
      <input_file id="fl-13">
         <path>C:\Users\DdXd\workspace_ccstheia\gugaPI\Debug\.\drivers\button\</path>
         <kind>object</kind>
         <file>button.o</file>
         <name>button.o</name>
      </input_file>
      <input_file id="fl-14">
         <path>C:\Users\DdXd\workspace_ccstheia\gugaPI\Debug\.\drivers\buzzer\</path>
         <kind>object</kind>
         <file>buzzer.o</file>
         <name>buzzer.o</name>
      </input_file>
      <input_file id="fl-15">
         <path>C:\Users\DdXd\workspace_ccstheia\gugaPI\Debug\.\drivers\fm24cl64b\</path>
         <kind>object</kind>
         <file>fm24cl64b.o</file>
         <name>fm24cl64b.o</name>
      </input_file>
      <input_file id="fl-16">
         <path>C:\Users\DdXd\workspace_ccstheia\gugaPI\Debug\.\drivers\i2c_diag\</path>
         <kind>object</kind>
         <file>i2c_diag.o</file>
         <name>i2c_diag.o</name>
      </input_file>
      <input_file id="fl-17">
         <path>C:\Users\DdXd\workspace_ccstheia\gugaPI\Debug\.\drivers\ina219\</path>
         <kind>object</kind>
         <file>ina219.o</file>
         <name>ina219.o</name>
      </input_file>
      <input_file id="fl-18">
         <path>C:\Users\DdXd\workspace_ccstheia\gugaPI\Debug\.\drivers\led\</path>
         <kind>object</kind>
         <file>led.o</file>
         <name>led.o</name>
      </input_file>
      <input_file id="fl-19">
         <path>C:\Users\DdXd\workspace_ccstheia\gugaPI\Debug\.\drivers\lora\</path>
         <kind>object</kind>
         <file>lora.o</file>
         <name>lora.o</name>
      </input_file>
      <input_file id="fl-1a">
         <path>C:\Users\DdXd\workspace_ccstheia\gugaPI\Debug\.\drivers\motor_driver\</path>
         <kind>object</kind>
         <file>motor_driver_uart.o</file>
         <name>motor_driver_uart.o</name>
      </input_file>
      <input_file id="fl-1b">
         <path>C:\Users\DdXd\workspace_ccstheia\gugaPI\Debug\.\drivers\oled\</path>
         <kind>object</kind>
         <file>oled_ssd1306.o</file>
         <name>oled_ssd1306.o</name>
      </input_file>
      <input_file id="fl-1c">
         <path>C:\Users\DdXd\workspace_ccstheia\gugaPI\Debug\.\drivers\template\</path>
         <kind>object</kind>
         <file>template_driver.o</file>
         <name>template_driver.o</name>
      </input_file>
      <input_file id="fl-1d">
         <path>C:\Users\DdXd\workspace_ccstheia\gugaPI\Debug\.\services\</path>
         <kind>object</kind>
         <file>debug_uart.o</file>
         <name>debug_uart.o</name>
      </input_file>
      <input_file id="fl-1e">
         <path>C:\Users\DdXd\workspace_ccstheia\gugaPI\Debug\.\services\</path>
         <kind>object</kind>
         <file>fault.o</file>
         <name>fault.o</name>
      </input_file>
      <input_file id="fl-1f">
         <path>C:\Users\DdXd\workspace_ccstheia\gugaPI\Debug\.\services\</path>
         <kind>object</kind>
         <file>log.o</file>
         <name>log.o</name>
      </input_file>
      <input_file id="fl-20">
         <path>C:\Users\DdXd\workspace_ccstheia\gugaPI\Debug\.\services\</path>
         <kind>object</kind>
         <file>scheduler.o</file>
         <name>scheduler.o</name>
      </input_file>
      <input_file id="fl-21">
         <path>C:\Users\DdXd\workspace_ccstheia\gugaPI\Debug\.\services\</path>
         <kind>object</kind>
         <file>shell.o</file>
         <name>shell.o</name>
      </input_file>
      <input_file id="fl-22">
         <path>C:\Users\DdXd\workspace_ccstheia\gugaPI\Debug\.\services\</path>
         <kind>object</kind>
         <file>time.o</file>
         <name>time.o</name>
      </input_file>
      <input_file id="fl-2f">
         <path>C:\Users\DdXd\workspace_ccstheia\gugaPI\Debug\</path>
         <kind>object</kind>
         <file>&lt;internal&gt;</file>
         <name>&lt;internal&gt;</name>
      </input_file>
      <input_file id="fl-30">
         <path>C:\ti\mspm0_sdk_2_10_00_04\source\ti\driverlib\lib\ticlang\m0p\mspm0gx51x\</path>
         <kind>archive</kind>
         <file>driverlib.a</file>
         <name>dl_common.o</name>
      </input_file>
      <input_file id="fl-31">
         <path>C:\ti\mspm0_sdk_2_10_00_04\source\ti\driverlib\lib\ticlang\m0p\mspm0gx51x\</path>
         <kind>archive</kind>
         <file>driverlib.a</file>
         <name>dl_i2c.o</name>
      </input_file>
      <input_file id="fl-32">
         <path>C:\ti\mspm0_sdk_2_10_00_04\source\ti\driverlib\lib\ticlang\m0p\mspm0gx51x\</path>
         <kind>archive</kind>
         <file>driverlib.a</file>
         <name>dl_spi.o</name>
      </input_file>
      <input_file id="fl-33">
         <path>C:\ti\mspm0_sdk_2_10_00_04\source\ti\driverlib\lib\ticlang\m0p\mspm0gx51x\</path>
         <kind>archive</kind>
         <file>driverlib.a</file>
         <name>dl_uart.o</name>
      </input_file>
      <input_file id="fl-50">
         <path>C:\ti\ccs2100\ccs\tools\compiler\ti-cgt-armllvm_5.1.1.LTS\lib\armv6m-ti-none-eabi\c\</path>
         <kind>archive</kind>
         <file>libc.a</file>
         <name>boot_cortex_m.c.obj</name>
      </input_file>
      <input_file id="fl-51">
         <path>C:\ti\ccs2100\ccs\tools\compiler\ti-cgt-armllvm_5.1.1.LTS\lib\armv6m-ti-none-eabi\c\</path>
         <kind>archive</kind>
         <file>libc.a</file>
         <name>mathacl_init.c.obj</name>
      </input_file>
      <input_file id="fl-52">
         <path>C:\ti\ccs2100\ccs\tools\compiler\ti-cgt-armllvm_5.1.1.LTS\lib\armv6m-ti-none-eabi\c\</path>
         <kind>archive</kind>
         <file>libc.a</file>
         <name>autoinit.c.obj</name>
      </input_file>
      <input_file id="fl-53">
         <path>C:\ti\ccs2100\ccs\tools\compiler\ti-cgt-armllvm_5.1.1.LTS\lib\armv6m-ti-none-eabi\c\</path>
         <kind>archive</kind>
         <file>libc.a</file>
         <name>pre_init.c.obj</name>
      </input_file>
      <input_file id="fl-54">
         <path>C:\ti\ccs2100\ccs\tools\compiler\ti-cgt-armllvm_5.1.1.LTS\lib\armv6m-ti-none-eabi\c\</path>
         <kind>archive</kind>
         <file>libc.a</file>
         <name>cpy_tbl.c.obj</name>
      </input_file>
      <input_file id="fl-55">
         <path>C:\ti\ccs2100\ccs\tools\compiler\ti-cgt-armllvm_5.1.1.LTS\lib\armv6m-ti-none-eabi\c\</path>
         <kind>archive</kind>
         <file>libc.a</file>
         <name>copy_zero_init.c.obj</name>
      </input_file>
      <input_file id="fl-56">
         <path>C:\ti\ccs2100\ccs\tools\compiler\ti-cgt-armllvm_5.1.1.LTS\lib\armv6m-ti-none-eabi\c\</path>
         <kind>archive</kind>
         <file>libc.a</file>
         <name>copy_decompress_none.c.obj</name>
      </input_file>
      <input_file id="fl-57">
         <path>C:\ti\ccs2100\ccs\tools\compiler\ti-cgt-armllvm_5.1.1.LTS\lib\armv6m-ti-none-eabi\c\</path>
         <kind>archive</kind>
         <file>libc.a</file>
         <name>copy_decompress_lzss.c.obj</name>
      </input_file>
      <input_file id="fl-58">
         <path>C:\ti\ccs2100\ccs\tools\compiler\ti-cgt-armllvm_5.1.1.LTS\lib\armv6m-ti-none-eabi\c\</path>
         <kind>archive</kind>
         <file>libc.a</file>
         <name>exit.c.obj</name>
      </input_file>
      <input_file id="fl-59">
         <path>C:\ti\ccs2100\ccs\tools\compiler\ti-cgt-armllvm_5.1.1.LTS\lib\armv6m-ti-none-eabi\c\</path>
         <kind>archive</kind>
         <file>libc.a</file>
         <name>_lock.c.obj</name>
      </input_file>
      <input_file id="fl-5a">
         <path>C:\ti\ccs2100\ccs\tools\compiler\ti-cgt-armllvm_5.1.1.LTS\lib\armv6m-ti-none-eabi\c\</path>
         <kind>archive</kind>
         <file>libc.a</file>
         <name>args_main.c.obj</name>
      </input_file>
      <input_file id="fl-14e">
         <path>C:\ti\ccs2100\ccs\tools\compiler\ti-cgt-armllvm_5.1.1.LTS\lib\armv6m-ti-none-eabi\c\</path>
         <kind>archive</kind>
         <file>libsysbm.a</file>
         <name>hostexit.c.obj</name>
      </input_file>
      <input_file id="fl-14f">
         <path>C:\ti\ccs2100\ccs\tools\compiler\ti-cgt-armllvm_5.1.1.LTS\lib\armv6m-ti-none-eabi\</path>
         <kind>archive</kind>
         <file>libclang_rt.builtins.a</file>
         <name>addsf3.S.obj</name>
      </input_file>
      <input_file id="fl-150">
         <path>C:\ti\ccs2100\ccs\tools\compiler\ti-cgt-armllvm_5.1.1.LTS\lib\armv6m-ti-none-eabi\</path>
         <kind>archive</kind>
         <file>libclang_rt.builtins.a</file>
         <name>mulsf3.S.obj</name>
      </input_file>
      <input_file id="fl-151">
         <path>C:\ti\ccs2100\ccs\tools\compiler\ti-cgt-armllvm_5.1.1.LTS\lib\armv6m-ti-none-eabi\</path>
         <kind>archive</kind>
         <file>libclang_rt.builtins.a</file>
         <name>divsf3.S.obj</name>
      </input_file>
      <input_file id="fl-152">
         <path>C:\ti\ccs2100\ccs\tools\compiler\ti-cgt-armllvm_5.1.1.LTS\lib\armv6m-ti-none-eabi\</path>
         <kind>archive</kind>
         <file>libclang_rt.builtins.a</file>
         <name>muldi3.S.obj</name>
      </input_file>
      <input_file id="fl-153">
         <path>C:\ti\ccs2100\ccs\tools\compiler\ti-cgt-armllvm_5.1.1.LTS\lib\armv6m-ti-none-eabi\</path>
         <kind>archive</kind>
         <file>libclang_rt.builtins.a</file>
         <name>aeabi_fcmp.S.obj</name>
      </input_file>
      <input_file id="fl-154">
         <path>C:\ti\ccs2100\ccs\tools\compiler\ti-cgt-armllvm_5.1.1.LTS\lib\armv6m-ti-none-eabi\</path>
         <kind>archive</kind>
         <file>libclang_rt.builtins.a</file>
         <name>aeabi_ldivmod.S.obj</name>
      </input_file>
      <input_file id="fl-155">
         <path>C:\ti\ccs2100\ccs\tools\compiler\ti-cgt-armllvm_5.1.1.LTS\lib\armv6m-ti-none-eabi\</path>
         <kind>archive</kind>
         <file>libclang_rt.builtins.a</file>
         <name>aeabi_uidivmod.S.obj</name>
      </input_file>
      <input_file id="fl-156">
         <path>C:\ti\ccs2100\ccs\tools\compiler\ti-cgt-armllvm_5.1.1.LTS\lib\armv6m-ti-none-eabi\</path>
         <kind>archive</kind>
         <file>libclang_rt.builtins.a</file>
         <name>aeabi_memcpy.S.obj</name>
      </input_file>
      <input_file id="fl-157">
         <path>C:\ti\ccs2100\ccs\tools\compiler\ti-cgt-armllvm_5.1.1.LTS\lib\armv6m-ti-none-eabi\</path>
         <kind>archive</kind>
         <file>libclang_rt.builtins.a</file>
         <name>aeabi_memset.S.obj</name>
      </input_file>
      <input_file id="fl-158">
         <path>C:\ti\ccs2100\ccs\tools\compiler\ti-cgt-armllvm_5.1.1.LTS\lib\armv6m-ti-none-eabi\</path>
         <kind>archive</kind>
         <file>libclang_rt.builtins.a</file>
         <name>comparesf2.S.obj</name>
      </input_file>
      <input_file id="fl-159">
         <path>C:\ti\ccs2100\ccs\tools\compiler\ti-cgt-armllvm_5.1.1.LTS\lib\armv6m-ti-none-eabi\</path>
         <kind>archive</kind>
         <file>libclang_rt.builtins.a</file>
         <name>muldsi3.S.obj</name>
      </input_file>
      <input_file id="fl-15a">
         <path>C:\ti\ccs2100\ccs\tools\compiler\ti-cgt-armllvm_5.1.1.LTS\lib\armv6m-ti-none-eabi\</path>
         <kind>archive</kind>
         <file>libclang_rt.builtins.a</file>
         <name>divmoddi4.c.obj</name>
      </input_file>
      <input_file id="fl-15b">
         <path>C:\ti\ccs2100\ccs\tools\compiler\ti-cgt-armllvm_5.1.1.LTS\lib\armv6m-ti-none-eabi\</path>
         <kind>archive</kind>
         <file>libclang_rt.builtins.a</file>
         <name>aeabi_div0.c.obj</name>
      </input_file>
      <input_file id="fl-15c">
         <path>C:\ti\ccs2100\ccs\tools\compiler\ti-cgt-armllvm_5.1.1.LTS\lib\armv6m-ti-none-eabi\</path>
         <kind>archive</kind>
         <file>libclang_rt.builtins.a</file>
         <name>udivmoddi4.S.obj</name>
      </input_file>
      <input_file id="fl-15d">
         <path>C:\ti\ccs2100\ccs\tools\compiler\ti-cgt-armllvm_5.1.1.LTS\lib\armv6m-ti-none-eabi\</path>
         <kind>archive</kind>
         <file>libclang_rt.builtins.a</file>
         <name>ashldi3.S.obj</name>
      </input_file>
      <input_file id="fl-15e">
         <path>C:\ti\ccs2100\ccs\tools\compiler\ti-cgt-armllvm_5.1.1.LTS\lib\armv6m-ti-none-eabi\c\</path>
         <kind>archive</kind>
         <file>libc.a</file>
         <name>memcpy16.S.obj</name>
      </input_file>
      <input_file id="fl-15f">
         <path>C:\ti\ccs2100\ccs\tools\compiler\ti-cgt-armllvm_5.1.1.LTS\lib\armv6m-ti-none-eabi\c\</path>
         <kind>archive</kind>
         <file>libc.a</file>
         <name>memset16.S.obj</name>
      </input_file>
   </input_file_list>
   <object_component_list>
      <object_component id="oc-1a">
         <name>.intvecs</name>
         <load_address>0x0</load_address>
         <readonly>true</readonly>
         <run_address>0x0</run_address>
         <size>0xc0</size>
         <alignment>0x4</alignment>
         <input_file_ref idref="fl-3"/>
      </object_component>
      <object_component id="oc-171">
         <name>.text._ZN3app12_GLOBAL__N_112MotorCommandEiPKPKc</name>
         <load_address>0xc0</load_address>
         <readonly>true</readonly>
         <executable>true</executable>
         <run_address>0xc0</run_address>
         <size>0x1e04</size>
         <alignment>0x4</alignment>
         <input_file_ref idref="fl-7"/>
      </object_component>
      <object_component id="oc-16b">
         <name>.text._ZN3app12_GLOBAL__N_110ImuCommandEiPKPKc</name>
         <load_address>0x1ec4</load_address>
         <readonly>true</readonly>
         <executable>true</executable>
         <run_address>0x1ec4</run_address>
         <size>0xa5c</size>
         <alignment>0x4</alignment>
         <input_file_ref idref="fl-7"/>
      </object_component>
      <object_component id="oc-165">
         <name>.text._ZN3app12_GLOBAL__N_113Ina219CommandEiPKPKc</name>
         <load_address>0x2920</load_address>
         <readonly>true</readonly>
         <executable>true</executable>
         <run_address>0x2920</run_address>
         <size>0x8c0</size>
         <alignment>0x4</alignment>
         <input_file_ref idref="fl-7"/>
      </object_component>
      <object_component id="oc-16e">
         <name>.text._ZN3app12_GLOBAL__N_111LoraCommandEiPKPKc</name>
         <load_address>0x31e0</load_address>
         <readonly>true</readonly>
         <executable>true</executable>
         <run_address>0x31e0</run_address>
         <size>0x880</size>
         <alignment>0x4</alignment>
         <input_file_ref idref="fl-7"/>
      </object_component>
      <object_component id="oc-168">
         <name>.text._ZN3app12_GLOBAL__N_111OledCommandEiPKPKc</name>
         <load_address>0x3a60</load_address>
         <readonly>true</readonly>
         <executable>true</executable>
         <run_address>0x3a60</run_address>
         <size>0x830</size>
         <alignment>0x4</alignment>
         <input_file_ref idref="fl-7"/>
      </object_component>
      <object_component id="oc-174">
         <name>.text._ZN3app12_GLOBAL__N_110I2cCommandEiPKPKc</name>
         <load_address>0x4290</load_address>
         <readonly>true</readonly>
         <executable>true</executable>
         <run_address>0x4290</run_address>
         <size>0x724</size>
         <alignment>0x4</alignment>
         <input_file_ref idref="fl-7"/>
      </object_component>
      <object_component id="oc-187">
         <name>.text._ZN8services12_GLOBAL__N_113HandleLineEndEv</name>
         <load_address>0x49b4</load_address>
         <readonly>true</readonly>
         <executable>true</executable>
         <run_address>0x49b4</run_address>
         <size>0x474</size>
         <alignment>0x4</alignment>
         <input_file_ref idref="fl-21"/>
      </object_component>
      <object_component id="oc-162">
         <name>.text._ZN3app12_GLOBAL__N_111FramCommandEiPKPKc</name>
         <load_address>0x4e28</load_address>
         <readonly>true</readonly>
         <executable>true</executable>
         <run_address>0x4e28</run_address>
         <size>0x430</size>
         <alignment>0x4</alignment>
         <input_file_ref idref="fl-7"/>
      </object_component>
      <object_component id="oc-334">
         <name>.text._ZN3app12_GLOBAL__N_112MotorRequestEhhPKhhPNS0_18MotorProtocolFrameE</name>
         <load_address>0x5258</load_address>
         <readonly>true</readonly>
         <executable>true</executable>
         <run_address>0x5258</run_address>
         <size>0x3f8</size>
         <alignment>0x4</alignment>
         <input_file_ref idref="fl-7"/>
      </object_component>
      <object_component id="oc-42b">
         <name>.text._ZN5board12_GLOBAL__N_123ReadRegisterWithCommandEhPh</name>
         <load_address>0x5650</load_address>
         <readonly>true</readonly>
         <executable>true</executable>
         <run_address>0x5650</run_address>
         <size>0x2cc</size>
         <alignment>0x4</alignment>
         <input_file_ref idref="fl-d"/>
      </object_component>
      <object_component id="oc-2e7">
         <name>.text._ZN5board22Board_ImuWiggleSpiPinsEj</name>
         <load_address>0x591c</load_address>
         <readonly>true</readonly>
         <executable>true</executable>
         <run_address>0x591c</run_address>
         <size>0x284</size>
         <alignment>0x4</alignment>
         <input_file_ref idref="fl-d"/>
      </object_component>
      <object_component id="oc-3f2">
         <name>.text._ZN7drivers22I2cDiag_WriteReg8BlockEPKNS_16I2cDiagBusConfigEhhPKht</name>
         <load_address>0x5ba0</load_address>
         <readonly>true</readonly>
         <executable>true</executable>
         <run_address>0x5ba0</run_address>
         <size>0x268</size>
         <alignment>0x4</alignment>
         <input_file_ref idref="fl-16"/>
      </object_component>
      <object_component id="oc-3a4">
         <name>.text._ZN7drivers16I2cDiag_ReadReg8EPKNS_16I2cDiagBusConfigEhhPht</name>
         <load_address>0x5e08</load_address>
         <readonly>true</readonly>
         <executable>true</executable>
         <run_address>0x5e08</run_address>
         <size>0x238</size>
         <alignment>0x4</alignment>
         <input_file_ref idref="fl-16"/>
      </object_component>
      <object_component id="oc-2ea">
         <name>.text._ZN5board21Board_ImuSpiSampleIcmEhPhj</name>
         <load_address>0x6040</load_address>
         <readonly>true</readonly>
         <executable>true</executable>
         <run_address>0x6040</run_address>
         <size>0x234</size>
         <alignment>0x4</alignment>
         <input_file_ref idref="fl-d"/>
      </object_component>
      <object_component id="oc-15f">
         <name>.text._ZN3app12_GLOBAL__N_113ButtonCommandEiPKPKc</name>
         <load_address>0x6274</load_address>
         <readonly>true</readonly>
         <executable>true</executable>
         <run_address>0x6274</run_address>
         <size>0x230</size>
         <alignment>0x4</alignment>
         <input_file_ref idref="fl-7"/>
      </object_component>
      <object_component id="oc-40b">
         <name>.text._ZN7drivers14Fm24cl64b_ReadEPNS_16Fm24cl64bContextEtPht</name>
         <load_address>0x64a4</load_address>
         <readonly>true</readonly>
         <executable>true</executable>
         <run_address>0x64a4</run_address>
         <size>0x224</size>
         <alignment>0x4</alignment>
         <input_file_ref idref="fl-15"/>
      </object_component>
      <object_component id="oc-2ed">
         <name>.text._ZN5board20Board_ImuSpiBurstIcmEjh</name>
         <load_address>0x66c8</load_address>
         <readonly>true</readonly>
         <executable>true</executable>
         <run_address>0x66c8</run_address>
         <size>0x21c</size>
         <alignment>0x4</alignment>
         <input_file_ref idref="fl-d"/>
      </object_component>
      <object_component id="oc-426">
         <name>.text._ZN7drivers22OledSsd1306_DrawStringEPNS_18OledSsd1306ContextEhhPKc</name>
         <load_address>0x68e4</load_address>
         <readonly>true</readonly>
         <executable>true</executable>
         <run_address>0x68e4</run_address>
         <size>0x208</size>
         <alignment>0x4</alignment>
         <input_file_ref idref="fl-1b"/>
      </object_component>
      <object_component id="oc-416">
         <name>.text._ZN7drivers17Ina219_RecoverBusEPNS_13Ina219ContextE</name>
         <load_address>0x6aec</load_address>
         <readonly>true</readonly>
         <executable>true</executable>
         <run_address>0x6aec</run_address>
         <size>0x1e0</size>
         <alignment>0x4</alignment>
         <input_file_ref idref="fl-17"/>
      </object_component>
      <object_component id="oc-408">
         <name>.text._ZN7drivers20Fm24cl64b_RecoverBusEPNS_16Fm24cl64bContextE</name>
         <load_address>0x6ccc</load_address>
         <readonly>true</readonly>
         <executable>true</executable>
         <run_address>0x6ccc</run_address>
         <size>0x1e0</size>
         <alignment>0x4</alignment>
         <input_file_ref idref="fl-15"/>
      </object_component>
      <object_component id="oc-499">
         <name>.text._ZN7drivers15Fm24cl64b_WriteEPNS_16Fm24cl64bContextEtPKht</name>
         <load_address>0x6eac</load_address>
         <readonly>true</readonly>
         <executable>true</executable>
         <run_address>0x6eac</run_address>
         <size>0x1d0</size>
         <alignment>0x4</alignment>
         <input_file_ref idref="fl-15"/>
      </object_component>
      <object_component id="oc-39f">
         <name>.text._ZN7drivers18I2cDiag_RecoverBusEPKNS_16I2cDiagBusConfigE</name>
         <load_address>0x707c</load_address>
         <readonly>true</readonly>
         <executable>true</executable>
         <run_address>0x707c</run_address>
         <size>0x1d0</size>
         <alignment>0x4</alignment>
         <input_file_ref idref="fl-16"/>
      </object_component>
      <object_component id="oc-3b3">
         <name>.text._ZN7drivers17I2cDiag_WriteReg8EPKNS_16I2cDiagBusConfigEhhPKht</name>
         <load_address>0x724c</load_address>
         <readonly>true</readonly>
         <executable>true</executable>
         <run_address>0x724c</run_address>
         <size>0x1c8</size>
         <alignment>0x4</alignment>
         <input_file_ref idref="fl-16"/>
      </object_component>
      <object_component id="oc-e0">
         <name>.text._ZN8services13Scheduler_RunEv</name>
         <load_address>0x7414</load_address>
         <readonly>true</readonly>
         <executable>true</executable>
         <run_address>0x7414</run_address>
         <size>0x1b0</size>
         <alignment>0x4</alignment>
         <input_file_ref idref="fl-20"/>
      </object_component>
      <object_component id="oc-49d">
         <name>.text._ZN7drivers12_GLOBAL__N_120ReadRegisterInternalEPNS_13Ina219ContextEhPt</name>
         <load_address>0x75c4</load_address>
         <readonly>true</readonly>
         <executable>true</executable>
         <run_address>0x75c4</run_address>
         <size>0x1a4</size>
         <alignment>0x4</alignment>
         <input_file_ref idref="fl-17"/>
      </object_component>
      <object_component id="oc-35e">
         <name>.text._ZN3app12_GLOBAL__N_123PrintMotorPositionBlockERKNS0_18MotorProtocolFrameE</name>
         <load_address>0x7768</load_address>
         <readonly>true</readonly>
         <executable>true</executable>
         <run_address>0x7768</run_address>
         <size>0x1a0</size>
         <alignment>0x4</alignment>
         <input_file_ref idref="fl-7"/>
      </object_component>
      <object_component id="oc-3a2">
         <name>.text._ZN7drivers20I2cDiag_ProbeAddressEPKNS_16I2cDiagBusConfigEh</name>
         <load_address>0x7908</load_address>
         <readonly>true</readonly>
         <executable>true</executable>
         <run_address>0x7908</run_address>
         <size>0x188</size>
         <alignment>0x4</alignment>
         <input_file_ref idref="fl-16"/>
      </object_component>
      <object_component id="oc-3a0">
         <name>.text._ZN3app12_GLOBAL__N_113ParseI2cRangeEiPKPKchPhS5_</name>
         <load_address>0x7a90</load_address>
         <readonly>true</readonly>
         <executable>true</executable>
         <run_address>0x7a90</run_address>
         <size>0x170</size>
         <alignment>0x2</alignment>
         <input_file_ref idref="fl-7"/>
      </object_component>
      <object_component id="oc-425">
         <name>.text._ZN7drivers23OledSsd1306_DrawCheckerEPNS_18OledSsd1306ContextE</name>
         <load_address>0x7c00</load_address>
         <readonly>true</readonly>
         <executable>true</executable>
         <run_address>0x7c00</run_address>
         <size>0x170</size>
         <alignment>0x2</alignment>
         <input_file_ref idref="fl-1b"/>
      </object_component>
      <object_component id="oc-1f2">
         <name>.text._ZN5board16Board_I2cBusFindEPKc</name>
         <load_address>0x7d70</load_address>
         <readonly>true</readonly>
         <executable>true</executable>
         <run_address>0x7d70</run_address>
         <size>0x164</size>
         <alignment>0x4</alignment>
         <input_file_ref idref="fl-c"/>
      </object_component>
      <object_component id="oc-327">
         <name>.text._ZN3app12_GLOBAL__N_115PrintMotorUsageEv</name>
         <load_address>0x7ed4</load_address>
         <readonly>true</readonly>
         <executable>true</executable>
         <run_address>0x7ed4</run_address>
         <size>0x150</size>
         <alignment>0x4</alignment>
         <input_file_ref idref="fl-7"/>
      </object_component>
      <object_component id="oc-39e">
         <name>.text._ZN3app12_GLOBAL__N_114PrintI2cStatusEPKN7drivers16I2cDiagBusConfigE</name>
         <load_address>0x8024</load_address>
         <readonly>true</readonly>
         <executable>true</executable>
         <run_address>0x8024</run_address>
         <size>0x148</size>
         <alignment>0x4</alignment>
         <input_file_ref idref="fl-7"/>
      </object_component>
      <object_component id="oc-3fa">
         <name>.text._ZN8services21DebugUart_WriteUInt32Ej</name>
         <load_address>0x816c</load_address>
         <readonly>true</readonly>
         <executable>true</executable>
         <run_address>0x816c</run_address>
         <size>0x140</size>
         <alignment>0x4</alignment>
         <input_file_ref idref="fl-1d"/>
      </object_component>
      <object_component id="oc-3a1">
         <name>.text._ZN3app12_GLOBAL__N_110I2cScanBusEPKN7drivers16I2cDiagBusConfigEhhb</name>
         <load_address>0x82ac</load_address>
         <readonly>true</readonly>
         <executable>true</executable>
         <run_address>0x82ac</run_address>
         <size>0x13c</size>
         <alignment>0x4</alignment>
         <input_file_ref idref="fl-7"/>
      </object_component>
      <object_component id="oc-d5">
         <name>.text._ZN3app25AppShell_RegisterCommandsEv</name>
         <load_address>0x83e8</load_address>
         <readonly>true</readonly>
         <executable>true</executable>
         <run_address>0x83e8</run_address>
         <size>0x138</size>
         <alignment>0x4</alignment>
         <input_file_ref idref="fl-7"/>
      </object_component>
      <object_component id="oc-3e8">
         <name>.text._ZN7drivers12_GLOBAL__N_121WriteRegisterInternalEPNS_13Ina219ContextEht</name>
         <load_address>0x8520</load_address>
         <readonly>true</readonly>
         <executable>true</executable>
         <run_address>0x8520</run_address>
         <size>0x120</size>
         <alignment>0x4</alignment>
         <input_file_ref idref="fl-17"/>
      </object_component>
      <object_component id="oc-36f">
         <name>.text._ZN3app12_GLOBAL__N_119PrintMotorFrameDataEPKcRKNS0_18MotorProtocolFrameE</name>
         <load_address>0x8640</load_address>
         <readonly>true</readonly>
         <executable>true</executable>
         <run_address>0x8640</run_address>
         <size>0x108</size>
         <alignment>0x4</alignment>
         <input_file_ref idref="fl-7"/>
      </object_component>
      <object_component id="oc-cf">
         <name>.text._ZN8services10Shell_InitEv</name>
         <load_address>0x8748</load_address>
         <readonly>true</readonly>
         <executable>true</executable>
         <run_address>0x8748</run_address>
         <size>0x100</size>
         <alignment>0x4</alignment>
         <input_file_ref idref="fl-21"/>
      </object_component>
      <object_component id="oc-386">
         <name>.text._ZN3app12_GLOBAL__N_110ParseInt32EPKciiPi</name>
         <load_address>0x8848</load_address>
         <readonly>true</readonly>
         <executable>true</executable>
         <run_address>0x8848</run_address>
         <size>0xf8</size>
         <alignment>0x4</alignment>
         <input_file_ref idref="fl-7"/>
      </object_component>
      <object_component id="oc-107">
         <name>.text.SYSCFG_DL_GPIO_init</name>
         <load_address>0x8940</load_address>
         <readonly>true</readonly>
         <executable>true</executable>
         <run_address>0x8940</run_address>
         <size>0xec</size>
         <alignment>0x4</alignment>
         <input_file_ref idref="fl-2"/>
      </object_component>
      <object_component id="oc-158">
         <name>.text._ZN3app12_GLOBAL__N_110LedCommandEiPKPKc</name>
         <load_address>0x8a2c</load_address>
         <readonly>true</readonly>
         <executable>true</executable>
         <run_address>0x8a2c</run_address>
         <size>0xe0</size>
         <alignment>0x4</alignment>
         <input_file_ref idref="fl-7"/>
      </object_component>
      <object_component id="oc-15c">
         <name>.text._ZN3app12_GLOBAL__N_113BuzzerCommandEiPKPKc</name>
         <load_address>0x8b0c</load_address>
         <readonly>true</readonly>
         <executable>true</executable>
         <run_address>0x8b0c</run_address>
         <size>0xe0</size>
         <alignment>0x4</alignment>
         <input_file_ref idref="fl-7"/>
      </object_component>
      <object_component id="oc-17d">
         <name>.text._ZN8services17Scheduler_AddTaskEPKcPFvvEjjPh</name>
         <load_address>0x8bec</load_address>
         <readonly>true</readonly>
         <executable>true</executable>
         <run_address>0x8bec</run_address>
         <size>0xe0</size>
         <alignment>0x4</alignment>
         <input_file_ref idref="fl-20"/>
      </object_component>
      <object_component id="oc-14f">
         <name>.text._ZN8services21Shell_RegisterCommandEPKcS1_PFviPKS1_E</name>
         <load_address>0x8ccc</load_address>
         <readonly>true</readonly>
         <executable>true</executable>
         <run_address>0x8ccc</run_address>
         <size>0xd4</size>
         <alignment>0x4</alignment>
         <input_file_ref idref="fl-21"/>
      </object_component>
      <object_component id="oc-34f">
         <name>.text._ZN3app12_GLOBAL__N_121PrintMotorEncoderLineEPKcRKNS0_18MotorProtocolFrameE</name>
         <load_address>0x8da0</load_address>
         <readonly>true</readonly>
         <executable>true</executable>
         <run_address>0x8da0</run_address>
         <size>0xd0</size>
         <alignment>0x4</alignment>
         <input_file_ref idref="fl-7"/>
      </object_component>
      <object_component id="oc-2f0">
         <name>.text._ZN5board25Board_Lis3mdlReadRegisterEhPh</name>
         <load_address>0x8e70</load_address>
         <readonly>true</readonly>
         <executable>true</executable>
         <run_address>0x8e70</run_address>
         <size>0xc8</size>
         <alignment>0x4</alignment>
         <input_file_ref idref="fl-d"/>
      </object_component>
      <object_component id="oc-1e7">
         <name>.text._ZN7drivers11Ina219_InitEPNS_13Ina219ContextEPKNS_12Ina219ConfigE</name>
         <load_address>0x8f38</load_address>
         <readonly>true</readonly>
         <executable>true</executable>
         <run_address>0x8f38</run_address>
         <size>0xc8</size>
         <alignment>0x4</alignment>
         <input_file_ref idref="fl-17"/>
      </object_component>
      <object_component id="oc-432">
         <name>.text._ZN7drivers14LoraUart_WriteEPNS_15LoraUartContextEPKht</name>
         <load_address>0x9000</load_address>
         <readonly>true</readonly>
         <executable>true</executable>
         <run_address>0x9000</run_address>
         <size>0xc8</size>
         <alignment>0x4</alignment>
         <input_file_ref idref="fl-19"/>
      </object_component>
      <object_component id="oc-47c">
         <name>.text._ZN7drivers21MotorDriverUart_WriteEPNS_22MotorDriverUartContextEPKht</name>
         <load_address>0x90c8</load_address>
         <readonly>true</readonly>
         <executable>true</executable>
         <run_address>0x90c8</run_address>
         <size>0xc8</size>
         <alignment>0x4</alignment>
         <input_file_ref idref="fl-1a"/>
      </object_component>
      <object_component id="oc-2eb">
         <name>.text._ZN5board26Board_Icm45686ReadRegisterEhPh</name>
         <load_address>0x9190</load_address>
         <readonly>true</readonly>
         <executable>true</executable>
         <run_address>0x9190</run_address>
         <size>0xc4</size>
         <alignment>0x4</alignment>
         <input_file_ref idref="fl-d"/>
      </object_component>
      <object_component id="oc-2ee">
         <name>.text._ZN5board23Board_Lis3mdlReadWhoAmIEPh</name>
         <load_address>0x9254</load_address>
         <readonly>true</readonly>
         <executable>true</executable>
         <run_address>0x9254</run_address>
         <size>0xc0</size>
         <alignment>0x4</alignment>
         <input_file_ref idref="fl-d"/>
      </object_component>
      <object_component id="oc-494">
         <name>.text._ZN7drivers12_GLOBAL__N_113ReleaseI2cBusEPKNS_12Ina219ConfigE</name>
         <load_address>0x9314</load_address>
         <readonly>true</readonly>
         <executable>true</executable>
         <run_address>0x9314</run_address>
         <size>0xb8</size>
         <alignment>0x4</alignment>
         <input_file_ref idref="fl-17"/>
      </object_component>
      <object_component id="oc-492">
         <name>.text._ZN7drivers12_GLOBAL__N_113ReleaseI2cBusEPKNS_16I2cDiagBusConfigE</name>
         <load_address>0x93cc</load_address>
         <readonly>true</readonly>
         <executable>true</executable>
         <run_address>0x93cc</run_address>
         <size>0xb8</size>
         <alignment>0x4</alignment>
         <input_file_ref idref="fl-16"/>
      </object_component>
      <object_component id="oc-1f8">
         <name>.text._ZN7drivers16OledSsd1306_InitEPNS_18OledSsd1306ContextEPKNS_17OledSsd1306ConfigE</name>
         <load_address>0x9484</load_address>
         <readonly>true</readonly>
         <executable>true</executable>
         <run_address>0x9484</run_address>
         <size>0xb4</size>
         <alignment>0x4</alignment>
         <input_file_ref idref="fl-1b"/>
      </object_component>
      <object_component id="oc-209">
         <name>.text._ZN7drivers20MotorDriverUart_InitEPNS_22MotorDriverUartContextEPKNS_21MotorDriverUartConfigE</name>
         <load_address>0x9538</load_address>
         <readonly>true</readonly>
         <executable>true</executable>
         <run_address>0x9538</run_address>
         <size>0xb4</size>
         <alignment>0x4</alignment>
         <input_file_ref idref="fl-1a"/>
      </object_component>
      <object_component id="oc-240">
         <name>.text._ZN3app12_GLOBAL__N_110WriteHex32Ej</name>
         <load_address>0x95ec</load_address>
         <readonly>true</readonly>
         <executable>true</executable>
         <run_address>0x95ec</run_address>
         <size>0xb0</size>
         <alignment>0x4</alignment>
         <input_file_ref idref="fl-7"/>
      </object_component>
      <object_component id="oc-bd">
         <name>.text._ZN8services14Scheduler_InitEv</name>
         <load_address>0x969c</load_address>
         <readonly>true</readonly>
         <executable>true</executable>
         <run_address>0x969c</run_address>
         <size>0xb0</size>
         <alignment>0x4</alignment>
         <input_file_ref idref="fl-20"/>
      </object_component>
      <object_component id="oc-17a">
         <name>.text._ZN3app12_GLOBAL__N_110PwmCommandEiPKPKc</name>
         <load_address>0x974c</load_address>
         <readonly>true</readonly>
         <executable>true</executable>
         <run_address>0x974c</run_address>
         <size>0xac</size>
         <alignment>0x4</alignment>
         <input_file_ref idref="fl-7"/>
      </object_component>
      <object_component id="oc-34e">
         <name>.text._ZN3app12_GLOBAL__N_118PrintMotorRpmBlockERKNS0_18MotorProtocolFrameE</name>
         <load_address>0x97f8</load_address>
         <readonly>true</readonly>
         <executable>true</executable>
         <run_address>0x97f8</run_address>
         <size>0xa4</size>
         <alignment>0x4</alignment>
         <input_file_ref idref="fl-7"/>
      </object_component>
      <object_component id="oc-40a">
         <name>.text._ZN7drivers18Fm24cl64b_SelfTestEPNS_16Fm24cl64bContextEt</name>
         <load_address>0x989c</load_address>
         <readonly>true</readonly>
         <executable>true</executable>
         <run_address>0x989c</run_address>
         <size>0xa4</size>
         <alignment>0x4</alignment>
         <input_file_ref idref="fl-15"/>
      </object_component>
      <object_component id="oc-4a5">
         <name>.text</name>
         <load_address>0x9940</load_address>
         <readonly>true</readonly>
         <executable>true</executable>
         <run_address>0x9940</run_address>
         <size>0xa2</size>
         <alignment>0x4</alignment>
         <input_file_ref idref="fl-15c"/>
      </object_component>
      <object_component id="oc-23e">
         <name>.text._ZN3app12_GLOBAL__N_111ParseUint32EPKcjPj</name>
         <load_address>0x99e2</load_address>
         <readonly>true</readonly>
         <executable>true</executable>
         <run_address>0x99e2</run_address>
         <size>0x9c</size>
         <alignment>0x2</alignment>
         <input_file_ref idref="fl-7"/>
      </object_component>
      <object_component id="oc-35">
         <name>.text.Default_Handler</name>
         <load_address>0x9a7e</load_address>
         <readonly>true</readonly>
         <executable>true</executable>
         <run_address>0x9a7e</run_address>
         <size>0x2</size>
         <alignment>0x2</alignment>
         <input_file_ref idref="fl-3"/>
      </object_component>
      <object_component id="oc-2e8">
         <name>.text._ZN5board19Board_ImuSetSpiModeEh</name>
         <load_address>0x9a80</load_address>
         <readonly>true</readonly>
         <executable>true</executable>
         <run_address>0x9a80</run_address>
         <size>0x9c</size>
         <alignment>0x4</alignment>
         <input_file_ref idref="fl-d"/>
      </object_component>
      <object_component id="oc-ae">
         <name>.text:memcpy</name>
         <load_address>0x9b1c</load_address>
         <readonly>true</readonly>
         <executable>true</executable>
         <run_address>0x9b1c</run_address>
         <size>0x9a</size>
         <alignment>0x1</alignment>
         <input_file_ref idref="fl-15e"/>
      </object_component>
      <object_component id="oc-df">
         <name>.text._ZN5board14Board_LateInitEv</name>
         <load_address>0x9bb6</load_address>
         <readonly>true</readonly>
         <executable>true</executable>
         <run_address>0x9bb6</run_address>
         <size>0x2</size>
         <alignment>0x2</alignment>
         <input_file_ref idref="fl-8"/>
      </object_component>
      <object_component id="oc-47b">
         <name>.text._ZN7drivers29MotorDriverUart_ClearRxBufferEPNS_22MotorDriverUartContextE</name>
         <load_address>0x9bb8</load_address>
         <readonly>true</readonly>
         <executable>true</executable>
         <run_address>0x9bb8</run_address>
         <size>0x98</size>
         <alignment>0x4</alignment>
         <input_file_ref idref="fl-1a"/>
      </object_component>
      <object_component id="oc-3f3">
         <name>.text._ZN7drivers12_GLOBAL__N_113WriteRepeatedEPNS_18OledSsd1306ContextEh</name>
         <load_address>0x9c50</load_address>
         <readonly>true</readonly>
         <executable>true</executable>
         <run_address>0x9c50</run_address>
         <size>0x94</size>
         <alignment>0x4</alignment>
         <input_file_ref idref="fl-1b"/>
      </object_component>
      <object_component id="oc-49f">
         <name>.text._ZN7drivers18LoraUart_WriteByteEPNS_15LoraUartContextEh</name>
         <load_address>0x9ce4</load_address>
         <readonly>true</readonly>
         <executable>true</executable>
         <run_address>0x9ce4</run_address>
         <size>0x94</size>
         <alignment>0x4</alignment>
         <input_file_ref idref="fl-19"/>
      </object_component>
      <object_component id="oc-4a0">
         <name>.text._ZN7drivers25MotorDriverUart_WriteByteEPNS_22MotorDriverUartContextEh</name>
         <load_address>0x9d78</load_address>
         <readonly>true</readonly>
         <executable>true</executable>
         <run_address>0x9d78</run_address>
         <size>0x94</size>
         <alignment>0x4</alignment>
         <input_file_ref idref="fl-1a"/>
      </object_component>
      <object_component id="oc-e2">
         <name>.text._ZN8services13Shell_ProcessEv</name>
         <load_address>0x9e0c</load_address>
         <readonly>true</readonly>
         <executable>true</executable>
         <run_address>0x9e0c</run_address>
         <size>0x94</size>
         <alignment>0x4</alignment>
         <input_file_ref idref="fl-21"/>
      </object_component>
      <object_component id="oc-41e">
         <name>.text._ZN7drivers23Ina219_ReadRawRegistersEPNS_13Ina219ContextEPNS_18Ina219RawRegistersE</name>
         <load_address>0x9ea0</load_address>
         <readonly>true</readonly>
         <executable>true</executable>
         <run_address>0x9ea0</run_address>
         <size>0x92</size>
         <alignment>0x2</alignment>
         <input_file_ref idref="fl-17"/>
      </object_component>
      <object_component id="oc-387">
         <name>.text._ZN3app12_GLOBAL__N_121MotorReadCountsPerRevEbPj</name>
         <load_address>0x9f32</load_address>
         <readonly>true</readonly>
         <executable>true</executable>
         <run_address>0x9f32</run_address>
         <size>0x8a</size>
         <alignment>0x2</alignment>
         <input_file_ref idref="fl-7"/>
      </object_component>
      <object_component id="oc-10b">
         <name>.text.SYSCFG_DL_DEBUG_UART_init</name>
         <load_address>0x9fbc</load_address>
         <readonly>true</readonly>
         <executable>true</executable>
         <run_address>0x9fbc</run_address>
         <size>0x88</size>
         <alignment>0x4</alignment>
         <input_file_ref idref="fl-2"/>
      </object_component>
      <object_component id="oc-10c">
         <name>.text.SYSCFG_DL_LORA_UART_init</name>
         <load_address>0xa044</load_address>
         <readonly>true</readonly>
         <executable>true</executable>
         <run_address>0xa044</run_address>
         <size>0x88</size>
         <alignment>0x4</alignment>
         <input_file_ref idref="fl-2"/>
      </object_component>
      <object_component id="oc-10d">
         <name>.text.SYSCFG_DL_MOTOR_UART_init</name>
         <load_address>0xa0cc</load_address>
         <readonly>true</readonly>
         <executable>true</executable>
         <run_address>0xa0cc</run_address>
         <size>0x88</size>
         <alignment>0x4</alignment>
         <input_file_ref idref="fl-2"/>
      </object_component>
      <object_component id="oc-207">
         <name>.text._ZN7drivers13LoraUart_InitEPNS_15LoraUartContextEPKNS_14LoraUartConfigE</name>
         <load_address>0xa154</load_address>
         <readonly>true</readonly>
         <executable>true</executable>
         <run_address>0xa154</run_address>
         <size>0x84</size>
         <alignment>0x4</alignment>
         <input_file_ref idref="fl-19"/>
      </object_component>
      <object_component id="oc-316">
         <name>.text._ZN3app12_GLOBAL__N_113LoraWriteArgsEiPKPKcbPt</name>
         <load_address>0xa1d8</load_address>
         <readonly>true</readonly>
         <executable>true</executable>
         <run_address>0xa1d8</run_address>
         <size>0x7e</size>
         <alignment>0x2</alignment>
         <input_file_ref idref="fl-7"/>
      </object_component>
      <object_component id="oc-379">
         <name>.text._ZN3app12_GLOBAL__N_114MotorWriteArgsEiPKPKcbPt</name>
         <load_address>0xa256</load_address>
         <readonly>true</readonly>
         <executable>true</executable>
         <run_address>0xa256</run_address>
         <size>0x7e</size>
         <alignment>0x2</alignment>
         <input_file_ref idref="fl-7"/>
      </object_component>
      <object_component id="oc-105">
         <name>.text.SYSCFG_DL_initPower</name>
         <load_address>0xa2d4</load_address>
         <readonly>true</readonly>
         <executable>true</executable>
         <run_address>0xa2d4</run_address>
         <size>0x7c</size>
         <alignment>0x4</alignment>
         <input_file_ref idref="fl-2"/>
      </object_component>
      <object_component id="oc-81">
         <name>.text._ZN7drivers19LoraUart_IrqHandlerEPNS_15LoraUartContextE</name>
         <load_address>0xa350</load_address>
         <readonly>true</readonly>
         <executable>true</executable>
         <run_address>0xa350</run_address>
         <size>0x7c</size>
         <alignment>0x4</alignment>
         <input_file_ref idref="fl-19"/>
      </object_component>
      <object_component id="oc-1e">
         <name>.text:decompress:lzss</name>
         <load_address>0xa3cc</load_address>
         <readonly>true</readonly>
         <executable>true</executable>
         <run_address>0xa3cc</run_address>
         <size>0x7c</size>
         <alignment>0x4</alignment>
         <input_file_ref idref="fl-57"/>
      </object_component>
      <object_component id="oc-360">
         <name>.text._ZN3app12_GLOBAL__N_130PrintMotorPositionControlBlockERKNS0_18MotorProtocolFrameE</name>
         <load_address>0xa448</load_address>
         <readonly>true</readonly>
         <executable>true</executable>
         <run_address>0xa448</run_address>
         <size>0x78</size>
         <alignment>0x4</alignment>
         <input_file_ref idref="fl-7"/>
      </object_component>
      <object_component id="oc-35c">
         <name>.text._ZN3app12_GLOBAL__N_118PrintMotorPidBlockERKNS0_18MotorProtocolFrameE</name>
         <load_address>0xa4c0</load_address>
         <readonly>true</readonly>
         <executable>true</executable>
         <run_address>0xa4c0</run_address>
         <size>0x74</size>
         <alignment>0x4</alignment>
         <input_file_ref idref="fl-7"/>
      </object_component>
      <object_component id="oc-41c">
         <name>.text._ZN7drivers22Ina219_ReadMeasurementEPNS_13Ina219ContextEPNS_17Ina219MeasurementE</name>
         <load_address>0xa534</load_address>
         <readonly>true</readonly>
         <executable>true</executable>
         <run_address>0xa534</run_address>
         <size>0x74</size>
         <alignment>0x2</alignment>
         <input_file_ref idref="fl-17"/>
      </object_component>
      <object_component id="oc-3b">
         <name>.text.UART3_IRQHandler</name>
         <load_address>0xa5a8</load_address>
         <readonly>true</readonly>
         <executable>true</executable>
         <run_address>0xa5a8</run_address>
         <size>0x6c</size>
         <alignment>0x4</alignment>
         <input_file_ref idref="fl-1d"/>
      </object_component>
      <object_component id="oc-77">
         <name>.text._ZN7drivers26MotorDriverUart_IrqHandlerEPNS_22MotorDriverUartContextE</name>
         <load_address>0xa614</load_address>
         <readonly>true</readonly>
         <executable>true</executable>
         <run_address>0xa614</run_address>
         <size>0x6c</size>
         <alignment>0x4</alignment>
         <input_file_ref idref="fl-1a"/>
      </object_component>
      <object_component id="oc-147">
         <name>.text._ZN8services21DebugUart_WriteStringEPKc</name>
         <load_address>0xa680</load_address>
         <readonly>true</readonly>
         <executable>true</executable>
         <run_address>0xa680</run_address>
         <size>0x6c</size>
         <alignment>0x4</alignment>
         <input_file_ref idref="fl-1d"/>
      </object_component>
      <object_component id="oc-2f1">
         <name>.text._ZN3app12_GLOBAL__N_113PrintImuUsageEv</name>
         <load_address>0xa6ec</load_address>
         <readonly>true</readonly>
         <executable>true</executable>
         <run_address>0xa6ec</run_address>
         <size>0x68</size>
         <alignment>0x4</alignment>
         <input_file_ref idref="fl-7"/>
      </object_component>
      <object_component id="oc-286">
         <name>.text._ZN3app12_GLOBAL__N_116PrintIna219UsageEv</name>
         <load_address>0xa754</load_address>
         <readonly>true</readonly>
         <executable>true</executable>
         <run_address>0xa754</run_address>
         <size>0x68</size>
         <alignment>0x4</alignment>
         <input_file_ref idref="fl-7"/>
      </object_component>
      <object_component id="oc-35d">
         <name>.text._ZN3app12_GLOBAL__N_121PrintMotorConfigBlockERKNS0_18MotorProtocolFrameE</name>
         <load_address>0xa7bc</load_address>
         <readonly>true</readonly>
         <executable>true</executable>
         <run_address>0xa7bc</run_address>
         <size>0x68</size>
         <alignment>0x4</alignment>
         <input_file_ref idref="fl-7"/>
      </object_component>
      <object_component id="oc-388">
         <name>.text._ZN3app12_GLOBAL__N_121MotorReadEncoderCountEbPi</name>
         <load_address>0xa824</load_address>
         <readonly>true</readonly>
         <executable>true</executable>
         <run_address>0xa824</run_address>
         <size>0x66</size>
         <alignment>0x2</alignment>
         <input_file_ref idref="fl-7"/>
      </object_component>
      <object_component id="oc-ca">
         <name>.text._ZN8services8Log_InitEv</name>
         <load_address>0xa88a</load_address>
         <readonly>true</readonly>
         <executable>true</executable>
         <run_address>0xa88a</run_address>
         <size>0x2</size>
         <alignment>0x2</alignment>
         <input_file_ref idref="fl-1f"/>
      </object_component>
      <object_component id="oc-244">
         <name>.text._ZN3app12_GLOBAL__N_110WriteHex16Et</name>
         <load_address>0xa88c</load_address>
         <readonly>true</readonly>
         <executable>true</executable>
         <run_address>0xa88c</run_address>
         <size>0x64</size>
         <alignment>0x4</alignment>
         <input_file_ref idref="fl-7"/>
      </object_component>
      <object_component id="oc-46e">
         <name>.text._ZN3app12_GLOBAL__N_127PrintMotorPositionPidFieldsEPKh</name>
         <load_address>0xa8f0</load_address>
         <readonly>true</readonly>
         <executable>true</executable>
         <run_address>0xa8f0</run_address>
         <size>0x64</size>
         <alignment>0x4</alignment>
         <input_file_ref idref="fl-7"/>
      </object_component>
      <object_component id="oc-2c9">
         <name>.text._ZN5board22Board_ImuGetLineStatusEPNS_18BoardImuLineStatusE</name>
         <load_address>0xa954</load_address>
         <readonly>true</readonly>
         <executable>true</executable>
         <run_address>0xa954</run_address>
         <size>0x64</size>
         <alignment>0x4</alignment>
         <input_file_ref idref="fl-d"/>
      </object_component>
      <object_component id="oc-1dc">
         <name>.text._ZN7drivers14Fm24cl64b_InitEPNS_16Fm24cl64bContextEPKNS_15Fm24cl64bConfigE</name>
         <load_address>0xa9b8</load_address>
         <readonly>true</readonly>
         <executable>true</executable>
         <run_address>0xa9b8</run_address>
         <size>0x64</size>
         <alignment>0x4</alignment>
         <input_file_ref idref="fl-15"/>
      </object_component>
      <object_component id="oc-104">
         <name>.text:memset</name>
         <load_address>0xaa1c</load_address>
         <readonly>true</readonly>
         <executable>true</executable>
         <run_address>0xaa1c</run_address>
         <size>0x62</size>
         <alignment>0x1</alignment>
         <input_file_ref idref="fl-15f"/>
      </object_component>
      <object_component id="oc-40e">
         <name>.text.__aeabi_idiv0</name>
         <load_address>0xaa7e</load_address>
         <readonly>true</readonly>
         <executable>true</executable>
         <run_address>0xaa7e</run_address>
         <size>0x2</size>
         <alignment>0x2</alignment>
         <input_file_ref idref="fl-15b"/>
      </object_component>
      <object_component id="oc-3b4">
         <name>.text._ZN3app12_GLOBAL__N_113PrintI2cUsageEv</name>
         <load_address>0xaa80</load_address>
         <readonly>true</readonly>
         <executable>true</executable>
         <run_address>0xaa80</run_address>
         <size>0x60</size>
         <alignment>0x4</alignment>
         <input_file_ref idref="fl-7"/>
      </object_component>
      <object_component id="oc-2c3">
         <name>.text._ZN3app12_GLOBAL__N_114PrintOledUsageEv</name>
         <load_address>0xaae0</load_address>
         <readonly>true</readonly>
         <executable>true</executable>
         <run_address>0xaae0</run_address>
         <size>0x60</size>
         <alignment>0x4</alignment>
         <input_file_ref idref="fl-7"/>
      </object_component>
      <object_component id="oc-431">
         <name>.text._ZN7drivers22LoraUart_ClearRxBufferEPNS_15LoraUartContextE</name>
         <load_address>0xab40</load_address>
         <readonly>true</readonly>
         <executable>true</executable>
         <run_address>0xab40</run_address>
         <size>0x60</size>
         <alignment>0x4</alignment>
         <input_file_ref idref="fl-19"/>
      </object_component>
      <object_component id="oc-491">
         <name>.text.DL_I2C_fillControllerTXFIFO</name>
         <load_address>0xaba0</load_address>
         <readonly>true</readonly>
         <executable>true</executable>
         <run_address>0xaba0</run_address>
         <size>0x5e</size>
         <alignment>0x2</alignment>
         <input_file_ref idref="fl-31"/>
      </object_component>
      <object_component id="oc-493">
         <name>.text._ZN7drivers13Button_UpdateEPNS_13ButtonContextEj</name>
         <load_address>0xabfe</load_address>
         <readonly>true</readonly>
         <executable>true</executable>
         <run_address>0xabfe</run_address>
         <size>0x5e</size>
         <alignment>0x2</alignment>
         <input_file_ref idref="fl-13"/>
      </object_component>
      <object_component id="oc-2a1">
         <name>.text._ZN5board22Board_OledGetBusStatusEPjPbS1_</name>
         <load_address>0xac5c</load_address>
         <readonly>true</readonly>
         <executable>true</executable>
         <run_address>0xac5c</run_address>
         <size>0x5c</size>
         <alignment>0x4</alignment>
         <input_file_ref idref="fl-12"/>
      </object_component>
      <object_component id="oc-417">
         <name>.text._ZN7drivers17Ina219_SetAddressEPNS_13Ina219ContextEh</name>
         <load_address>0xacb8</load_address>
         <readonly>true</readonly>
         <executable>true</executable>
         <run_address>0xacb8</run_address>
         <size>0x58</size>
         <alignment>0x4</alignment>
         <input_file_ref idref="fl-17"/>
      </object_component>
      <object_component id="oc-335">
         <name>.text._ZN7drivers20I2cDiag_GetBusStatusEPKNS_16I2cDiagBusConfigEPNS_16I2cDiagBusStatusE</name>
         <load_address>0xad10</load_address>
         <readonly>true</readonly>
         <executable>true</executable>
         <run_address>0xad10</run_address>
         <size>0x58</size>
         <alignment>0x4</alignment>
         <input_file_ref idref="fl-16"/>
      </object_component>
      <object_component id="oc-427">
         <name>.text._ZN7drivers21OledSsd1306_SetInvertEPNS_18OledSsd1306ContextEb</name>
         <load_address>0xad68</load_address>
         <readonly>true</readonly>
         <executable>true</executable>
         <run_address>0xad68</run_address>
         <size>0x56</size>
         <alignment>0x2</alignment>
         <input_file_ref idref="fl-1b"/>
      </object_component>
      <object_component id="oc-3f4">
         <name>.text._ZN7drivers24OledSsd1306_SetDisplayOnEPNS_18OledSsd1306ContextEb</name>
         <load_address>0xadbe</load_address>
         <readonly>true</readonly>
         <executable>true</executable>
         <run_address>0xadbe</run_address>
         <size>0x56</size>
         <alignment>0x2</alignment>
         <input_file_ref idref="fl-1b"/>
      </object_component>
      <object_component id="oc-10a">
         <name>.text.SYSCFG_DL_MOTOR_I2C_init</name>
         <load_address>0xae14</load_address>
         <readonly>true</readonly>
         <executable>true</executable>
         <run_address>0xae14</run_address>
         <size>0x54</size>
         <alignment>0x4</alignment>
         <input_file_ref idref="fl-2"/>
      </object_component>
      <object_component id="oc-109">
         <name>.text.SYSCFG_DL_SENSOR_I2C_init</name>
         <load_address>0xae68</load_address>
         <readonly>true</readonly>
         <executable>true</executable>
         <run_address>0xae68</run_address>
         <size>0x54</size>
         <alignment>0x4</alignment>
         <input_file_ref idref="fl-2"/>
      </object_component>
      <object_component id="oc-314">
         <name>.text._ZN3app12_GLOBAL__N_114PrintLoraUsageEv</name>
         <load_address>0xaebc</load_address>
         <readonly>true</readonly>
         <executable>true</executable>
         <run_address>0xaebc</run_address>
         <size>0x54</size>
         <alignment>0x4</alignment>
         <input_file_ref idref="fl-7"/>
      </object_component>
      <object_component id="oc-c9">
         <name>.text._ZN8services14DebugUart_InitEv</name>
         <load_address>0xaf10</load_address>
         <readonly>true</readonly>
         <executable>true</executable>
         <run_address>0xaf10</run_address>
         <size>0x54</size>
         <alignment>0x4</alignment>
         <input_file_ref idref="fl-1d"/>
      </object_component>
      <object_component id="oc-97">
         <name>.text.main</name>
         <load_address>0xaf64</load_address>
         <readonly>true</readonly>
         <executable>true</executable>
         <run_address>0xaf64</run_address>
         <size>0x52</size>
         <alignment>0x2</alignment>
         <input_file_ref idref="fl-1"/>
      </object_component>
      <object_component id="oc-4ac">
         <name>.text.__aeabi_ldiv0</name>
         <load_address>0xafb6</load_address>
         <readonly>true</readonly>
         <executable>true</executable>
         <run_address>0xafb6</run_address>
         <size>0x2</size>
         <alignment>0x2</alignment>
         <input_file_ref idref="fl-15b"/>
      </object_component>
      <object_component id="oc-12e">
         <name>.text._ZN5board16Board_Ina219InitEv</name>
         <load_address>0xafb8</load_address>
         <readonly>true</readonly>
         <executable>true</executable>
         <run_address>0xafb8</run_address>
         <size>0x50</size>
         <alignment>0x4</alignment>
         <input_file_ref idref="fl-e"/>
      </object_component>
      <object_component id="oc-2e9">
         <name>.text._ZN5board27Board_ImuSetChipSelectDebugEbbbb</name>
         <load_address>0xb008</load_address>
         <readonly>true</readonly>
         <executable>true</executable>
         <run_address>0xb008</run_address>
         <size>0x50</size>
         <alignment>0x4</alignment>
         <input_file_ref idref="fl-d"/>
      </object_component>
      <object_component id="oc-10e">
         <name>.text.SYSCFG_DL_IMU_SPI_init</name>
         <load_address>0xb058</load_address>
         <readonly>true</readonly>
         <executable>true</executable>
         <run_address>0xb058</run_address>
         <size>0x4c</size>
         <alignment>0x4</alignment>
         <input_file_ref idref="fl-2"/>
      </object_component>
      <object_component id="oc-1ae">
         <name>.text.DL_UART_init</name>
         <load_address>0xb0a4</load_address>
         <readonly>true</readonly>
         <executable>true</executable>
         <run_address>0xb0a4</run_address>
         <size>0x48</size>
         <alignment>0x4</alignment>
         <input_file_ref idref="fl-33"/>
      </object_component>
      <object_component id="oc-23b">
         <name>.text._ZN5board22Board_FramGetBusStatusEPjPbS1_</name>
         <load_address>0xb0ec</load_address>
         <readonly>true</readonly>
         <executable>true</executable>
         <run_address>0xb0ec</run_address>
         <size>0x48</size>
         <alignment>0x4</alignment>
         <input_file_ref idref="fl-b"/>
      </object_component>
      <object_component id="oc-26a">
         <name>.text._ZN5board24Board_Ina219GetBusStatusEPjPbS1_</name>
         <load_address>0xb134</load_address>
         <readonly>true</readonly>
         <executable>true</executable>
         <run_address>0xb134</run_address>
         <size>0x48</size>
         <alignment>0x4</alignment>
         <input_file_ref idref="fl-e"/>
      </object_component>
      <object_component id="oc-186">
         <name>.text._ZN8services18DebugUart_ReadByteEPh</name>
         <load_address>0xb17c</load_address>
         <readonly>true</readonly>
         <executable>true</executable>
         <run_address>0xb17c</run_address>
         <size>0x48</size>
         <alignment>0x4</alignment>
         <input_file_ref idref="fl-1d"/>
      </object_component>
      <object_component id="oc-1bb">
         <name>.text.DL_SPI_init</name>
         <load_address>0xb1c4</load_address>
         <readonly>true</readonly>
         <executable>true</executable>
         <run_address>0xb1c4</run_address>
         <size>0x44</size>
         <alignment>0x4</alignment>
         <input_file_ref idref="fl-32"/>
      </object_component>
      <object_component id="oc-138">
         <name>.text._ZN5board13Board_ImuInitEv</name>
         <load_address>0xb208</load_address>
         <readonly>true</readonly>
         <executable>true</executable>
         <run_address>0xb208</run_address>
         <size>0x44</size>
         <alignment>0x4</alignment>
         <input_file_ref idref="fl-d"/>
      </object_component>
      <object_component id="oc-418">
         <name>.text._ZN7drivers19Ina219_GetBusStatusEPNS_13Ina219ContextEPNS_15Ina219BusStatusE</name>
         <load_address>0xb24c</load_address>
         <readonly>true</readonly>
         <executable>true</executable>
         <run_address>0xb24c</run_address>
         <size>0x44</size>
         <alignment>0x4</alignment>
         <input_file_ref idref="fl-17"/>
      </object_component>
      <object_component id="oc-409">
         <name>.text._ZN7drivers22Fm24cl64b_GetBusStatusEPNS_16Fm24cl64bContextEPNS_18Fm24cl64bBusStatusE</name>
         <load_address>0xb290</load_address>
         <readonly>true</readonly>
         <executable>true</executable>
         <run_address>0xb290</run_address>
         <size>0x44</size>
         <alignment>0x4</alignment>
         <input_file_ref idref="fl-15"/>
      </object_component>
      <object_component id="oc-b3">
         <name>.text.SYSCFG_DL_init</name>
         <load_address>0xb2d4</load_address>
         <readonly>true</readonly>
         <executable>true</executable>
         <run_address>0xb2d4</run_address>
         <size>0x40</size>
         <alignment>0x4</alignment>
         <input_file_ref idref="fl-2"/>
      </object_component>
      <object_component id="oc-242">
         <name>.text._ZN3app12_GLOBAL__N_114PrintFramUsageEv</name>
         <load_address>0xb314</load_address>
         <readonly>true</readonly>
         <executable>true</executable>
         <run_address>0xb314</run_address>
         <size>0x40</size>
         <alignment>0x4</alignment>
         <input_file_ref idref="fl-7"/>
      </object_component>
      <object_component id="oc-152">
         <name>.text._ZN3app12_GLOBAL__N_114VersionCommandEiPKPKc</name>
         <load_address>0xb354</load_address>
         <readonly>true</readonly>
         <executable>true</executable>
         <run_address>0xb354</run_address>
         <size>0x40</size>
         <alignment>0x4</alignment>
         <input_file_ref idref="fl-7"/>
      </object_component>
      <object_component id="oc-433">
         <name>.text._ZN7drivers17LoraUart_ReadByteEPNS_15LoraUartContextEPh</name>
         <load_address>0xb394</load_address>
         <readonly>true</readonly>
         <executable>true</executable>
         <run_address>0xb394</run_address>
         <size>0x40</size>
         <alignment>0x2</alignment>
         <input_file_ref idref="fl-19"/>
      </object_component>
      <object_component id="oc-481">
         <name>.text._ZN7drivers24MotorDriverUart_ReadByteEPNS_22MotorDriverUartContextEPh</name>
         <load_address>0xb3d4</load_address>
         <readonly>true</readonly>
         <executable>true</executable>
         <run_address>0xb3d4</run_address>
         <size>0x40</size>
         <alignment>0x2</alignment>
         <input_file_ref idref="fl-1a"/>
      </object_component>
      <object_component id="oc-245">
         <name>.text</name>
         <load_address>0xb414</load_address>
         <readonly>true</readonly>
         <executable>true</executable>
         <run_address>0xb414</run_address>
         <size>0x40</size>
         <alignment>0x4</alignment>
         <input_file_ref idref="fl-155"/>
      </object_component>
      <object_component id="oc-1d2">
         <name>.text._ZN7drivers11Button_InitEPNS_13ButtonContextEPKNS_12ButtonConfigE</name>
         <load_address>0xb454</load_address>
         <readonly>true</readonly>
         <executable>true</executable>
         <run_address>0xb454</run_address>
         <size>0x3e</size>
         <alignment>0x2</alignment>
         <input_file_ref idref="fl-13"/>
      </object_component>
      <object_component id="oc-487">
         <name>.text.__divmoddi4</name>
         <load_address>0xb492</load_address>
         <readonly>true</readonly>
         <executable>true</executable>
         <run_address>0xb492</run_address>
         <size>0x3e</size>
         <alignment>0x2</alignment>
         <input_file_ref idref="fl-15a"/>
      </object_component>
      <object_component id="oc-3e4">
         <name>.text.DL_I2C_flushControllerTXFIFO</name>
         <load_address>0xb4d0</load_address>
         <readonly>true</readonly>
         <executable>true</executable>
         <run_address>0xb4d0</run_address>
         <size>0x3c</size>
         <alignment>0x4</alignment>
         <input_file_ref idref="fl-31"/>
      </object_component>
      <object_component id="oc-249">
         <name>.text._ZN3app12_GLOBAL__N_19WriteHex8Eh</name>
         <load_address>0xb50c</load_address>
         <readonly>true</readonly>
         <executable>true</executable>
         <run_address>0xb50c</run_address>
         <size>0x3c</size>
         <alignment>0x4</alignment>
         <input_file_ref idref="fl-7"/>
      </object_component>
      <object_component id="oc-123">
         <name>.text._ZN5board17Board_ButtonsInitEv</name>
         <load_address>0xb548</load_address>
         <readonly>true</readonly>
         <executable>true</executable>
         <run_address>0xb548</run_address>
         <size>0x3c</size>
         <alignment>0x4</alignment>
         <input_file_ref idref="fl-9"/>
      </object_component>
      <object_component id="oc-419">
         <name>.text._ZN7drivers23Ina219_ConfigureDefaultEPNS_13Ina219ContextE</name>
         <load_address>0xb584</load_address>
         <readonly>true</readonly>
         <executable>true</executable>
         <run_address>0xb584</run_address>
         <size>0x3c</size>
         <alignment>0x4</alignment>
         <input_file_ref idref="fl-17"/>
      </object_component>
      <object_component id="oc-ec">
         <name>.text:__TI_auto_init_nobinit_nopinit</name>
         <load_address>0xb5c0</load_address>
         <readonly>true</readonly>
         <executable>true</executable>
         <run_address>0xb5c0</run_address>
         <size>0x3c</size>
         <alignment>0x4</alignment>
         <input_file_ref idref="fl-52"/>
      </object_component>
      <object_component id="oc-423">
         <name>.text._ZN7drivers17OledSsd1306_ClearEPNS_18OledSsd1306ContextE</name>
         <load_address>0xb5fc</load_address>
         <readonly>true</readonly>
         <executable>true</executable>
         <run_address>0xb5fc</run_address>
         <size>0x3a</size>
         <alignment>0x2</alignment>
         <input_file_ref idref="fl-1b"/>
      </object_component>
      <object_component id="oc-482">
         <name>.text</name>
         <load_address>0xb638</load_address>
         <readonly>true</readonly>
         <executable>true</executable>
         <run_address>0xb638</run_address>
         <size>0x3a</size>
         <alignment>0x4</alignment>
         <input_file_ref idref="fl-159"/>
      </object_component>
      <object_component id="oc-1c8">
         <name>.text._ZN7drivers11Buzzer_InitEPNS_13BuzzerContextEPKNS_12BuzzerConfigE</name>
         <load_address>0xb674</load_address>
         <readonly>true</readonly>
         <executable>true</executable>
         <run_address>0xb674</run_address>
         <size>0x38</size>
         <alignment>0x4</alignment>
         <input_file_ref idref="fl-14"/>
      </object_component>
      <object_component id="oc-401">
         <name>.text._ZN7drivers14Button_ReadRawEPNS_13ButtonContextEPb</name>
         <load_address>0xb6ac</load_address>
         <readonly>true</readonly>
         <executable>true</executable>
         <run_address>0xb6ac</run_address>
         <size>0x38</size>
         <alignment>0x2</alignment>
         <input_file_ref idref="fl-13"/>
      </object_component>
      <object_component id="oc-424">
         <name>.text._ZN7drivers16OledSsd1306_FillEPNS_18OledSsd1306ContextEh</name>
         <load_address>0xb6e4</load_address>
         <readonly>true</readonly>
         <executable>true</executable>
         <run_address>0xb6e4</run_address>
         <size>0x38</size>
         <alignment>0x2</alignment>
         <input_file_ref idref="fl-1b"/>
      </object_component>
      <object_component id="oc-415">
         <name>.text._ZN7drivers19Ina219_ProbeAddressEPNS_13Ina219ContextEhPt</name>
         <load_address>0xb71c</load_address>
         <readonly>true</readonly>
         <executable>true</executable>
         <run_address>0xb71c</run_address>
         <size>0x38</size>
         <alignment>0x2</alignment>
         <input_file_ref idref="fl-17"/>
      </object_component>
      <object_component id="oc-1be">
         <name>.text._ZN7drivers8Led_InitEPNS_10LedContextEPKNS_9LedConfigE</name>
         <load_address>0xb754</load_address>
         <readonly>true</readonly>
         <executable>true</executable>
         <run_address>0xb754</run_address>
         <size>0x38</size>
         <alignment>0x4</alignment>
         <input_file_ref idref="fl-18"/>
      </object_component>
      <object_component id="oc-c3">
         <name>.text._ZN8services9Time_InitEv</name>
         <load_address>0xb78c</load_address>
         <readonly>true</readonly>
         <executable>true</executable>
         <run_address>0xb78c</run_address>
         <size>0x38</size>
         <alignment>0x4</alignment>
         <input_file_ref idref="fl-22"/>
      </object_component>
      <object_component id="oc-422">
         <name>.text._ZN7drivers19OledSsd1306_IsReadyEPKNS_18OledSsd1306ContextE</name>
         <load_address>0xb7c4</load_address>
         <readonly>true</readonly>
         <executable>true</executable>
         <run_address>0xb7c4</run_address>
         <size>0x36</size>
         <alignment>0x2</alignment>
         <input_file_ref idref="fl-1b"/>
      </object_component>
      <object_component id="oc-35f">
         <name>.text._ZN3app12_GLOBAL__N_126PrintMotorPositionPidBlockERKNS0_18MotorProtocolFrameE</name>
         <load_address>0xb7fc</load_address>
         <readonly>true</readonly>
         <executable>true</executable>
         <run_address>0xb7fc</run_address>
         <size>0x34</size>
         <alignment>0x4</alignment>
         <input_file_ref idref="fl-7"/>
      </object_component>
      <object_component id="oc-da">
         <name>.text._ZN3app8App_InitEv</name>
         <load_address>0xb830</load_address>
         <readonly>true</readonly>
         <executable>true</executable>
         <run_address>0xb830</run_address>
         <size>0x34</size>
         <alignment>0x4</alignment>
         <input_file_ref idref="fl-6"/>
      </object_component>
      <object_component id="oc-3c2">
         <name>.text._ZN5board19Board_ButtonsUpdateEj</name>
         <load_address>0xb864</load_address>
         <readonly>true</readonly>
         <executable>true</executable>
         <run_address>0xb864</run_address>
         <size>0x34</size>
         <alignment>0x4</alignment>
         <input_file_ref idref="fl-9"/>
      </object_component>
      <object_component id="oc-3e5">
         <name>.text.DL_I2C_flushControllerRXFIFO</name>
         <load_address>0xb898</load_address>
         <readonly>true</readonly>
         <executable>true</executable>
         <run_address>0xb898</run_address>
         <size>0x30</size>
[...]
         <object_component_ref idref="oc-1be"/>
      </symbol>
      <symbol id="sm-612">
         <name>_ZN7drivers6Led_OnEPNS_10LedContextE</name>
         <value>0xb9b9</value>
         <object_component_ref idref="oc-3fc"/>
      </symbol>
      <symbol id="sm-613">
         <name>_ZN7drivers7Led_OffEPNS_10LedContextE</name>
         <value>0xb9e9</value>
         <object_component_ref idref="oc-3fd"/>
      </symbol>
      <symbol id="sm-614">
         <name>_ZN7drivers11Led_IsReadyEPKNS_10LedContextE</name>
         <value>0xbf8b</value>
         <object_component_ref idref="oc-3fb"/>
      </symbol>
      <symbol id="sm-638">
         <name>_ZN7drivers13LoraUart_InitEPNS_15LoraUartContextEPKNS_14LoraUartConfigE</name>
         <value>0xa155</value>
         <object_component_ref idref="oc-207"/>
      </symbol>
      <symbol id="sm-639">
         <name>_ZN7drivers16LoraUart_IsReadyEPKNS_15LoraUartContextE</name>
         <value>0xbfb7</value>
         <object_component_ref idref="oc-42c"/>
      </symbol>
      <symbol id="sm-63a">
         <name>_ZN7drivers18LoraUart_WriteByteEPNS_15LoraUartContextEh</name>
         <value>0x9ce5</value>
         <object_component_ref idref="oc-49f"/>
      </symbol>
      <symbol id="sm-63b">
         <name>_ZN7drivers14LoraUart_WriteEPNS_15LoraUartContextEPKht</name>
         <value>0x9001</value>
         <object_component_ref idref="oc-432"/>
      </symbol>
      <symbol id="sm-63c">
         <name>_ZN7drivers17LoraUart_ReadByteEPNS_15LoraUartContextEPh</name>
         <value>0xb395</value>
         <object_component_ref idref="oc-433"/>
      </symbol>
      <symbol id="sm-63d">
         <name>_ZN7drivers23LoraUart_GetRxAvailableEPKNS_15LoraUartContextE</name>
         <value>0xbb53</value>
         <object_component_ref idref="oc-42f"/>
      </symbol>
      <symbol id="sm-63e">
         <name>_ZN7drivers26LoraUart_GetRxDroppedCountEPKNS_15LoraUartContextE</name>
         <value>0xc461</value>
         <object_component_ref idref="oc-430"/>
      </symbol>
      <symbol id="sm-63f">
         <name>_ZN7drivers20LoraUart_GetBaudrateEPKNS_15LoraUartContextE</name>
         <value>0xbf45</value>
         <object_component_ref idref="oc-42e"/>
      </symbol>
      <symbol id="sm-640">
         <name>_ZN7drivers28LoraUart_GetControllerStatusEPKNS_15LoraUartContextEPj</name>
         <value>0xbad1</value>
         <object_component_ref idref="oc-42d"/>
      </symbol>
      <symbol id="sm-641">
         <name>_ZN7drivers22LoraUart_ClearRxBufferEPNS_15LoraUartContextE</name>
         <value>0xab41</value>
         <object_component_ref idref="oc-431"/>
      </symbol>
      <symbol id="sm-642">
         <name>_ZN7drivers19LoraUart_IrqHandlerEPNS_15LoraUartContextE</name>
         <value>0xa351</value>
         <object_component_ref idref="oc-81"/>
      </symbol>
      <symbol id="sm-666">
         <name>_ZN7drivers20MotorDriverUart_InitEPNS_22MotorDriverUartContextEPKNS_21MotorDriverUartConfigE</name>
         <value>0x9539</value>
         <object_component_ref idref="oc-209"/>
      </symbol>
      <symbol id="sm-667">
         <name>_ZN7drivers23MotorDriverUart_IsReadyEPKNS_22MotorDriverUartContextE</name>
         <value>0xbfcd</value>
         <object_component_ref idref="oc-455"/>
      </symbol>
      <symbol id="sm-668">
         <name>_ZN7drivers25MotorDriverUart_WriteByteEPNS_22MotorDriverUartContextEh</name>
         <value>0x9d79</value>
         <object_component_ref idref="oc-4a0"/>
      </symbol>
      <symbol id="sm-669">
         <name>_ZN7drivers21MotorDriverUart_WriteEPNS_22MotorDriverUartContextEPKht</name>
         <value>0x90c9</value>
         <object_component_ref idref="oc-47c"/>
      </symbol>
      <symbol id="sm-66a">
         <name>_ZN7drivers24MotorDriverUart_ReadByteEPNS_22MotorDriverUartContextEPh</name>
         <value>0xb3d5</value>
         <object_component_ref idref="oc-481"/>
      </symbol>
      <symbol id="sm-66b">
         <name>_ZN7drivers30MotorDriverUart_GetRxAvailableEPKNS_22MotorDriverUartContextE</name>
         <value>0xbb7d</value>
         <object_component_ref idref="oc-458"/>
      </symbol>
      <symbol id="sm-66c">
         <name>_ZN7drivers33MotorDriverUart_GetRxDroppedCountEPKNS_22MotorDriverUartContextE</name>
         <value>0xc46d</value>
         <object_component_ref idref="oc-459"/>
      </symbol>
      <symbol id="sm-66d">
         <name>_ZN7drivers27MotorDriverUart_GetBaudrateEPKNS_22MotorDriverUartContextE</name>
         <value>0xbf5d</value>
         <object_component_ref idref="oc-457"/>
      </symbol>
      <symbol id="sm-66e">
         <name>_ZN7drivers35MotorDriverUart_GetControllerStatusEPKNS_22MotorDriverUartContextEPj</name>
         <value>0xbafd</value>
         <object_component_ref idref="oc-456"/>
      </symbol>
      <symbol id="sm-66f">
         <name>_ZN7drivers29MotorDriverUart_ClearRxBufferEPNS_22MotorDriverUartContextE</name>
         <value>0x9bb9</value>
         <object_component_ref idref="oc-47b"/>
      </symbol>
      <symbol id="sm-670">
         <name>_ZN7drivers26MotorDriverUart_IrqHandlerEPNS_22MotorDriverUartContextE</name>
         <value>0xa615</value>
         <object_component_ref idref="oc-77"/>
      </symbol>
      <symbol id="sm-691">
         <name>_ZN7drivers16OledSsd1306_InitEPNS_18OledSsd1306ContextEPKNS_17OledSsd1306ConfigE</name>
         <value>0x9485</value>
         <object_component_ref idref="oc-1f8"/>
      </symbol>
      <symbol id="sm-692">
         <name>_ZN7drivers24OledSsd1306_SetDisplayOnEPNS_18OledSsd1306ContextEb</name>
         <value>0xadbf</value>
         <object_component_ref idref="oc-3f4"/>
      </symbol>
      <symbol id="sm-693">
         <name>_ZN7drivers17OledSsd1306_ClearEPNS_18OledSsd1306ContextE</name>
         <value>0xb5fd</value>
         <object_component_ref idref="oc-423"/>
      </symbol>
      <symbol id="sm-694">
         <name>_ZN7drivers16OledSsd1306_FillEPNS_18OledSsd1306ContextEh</name>
         <value>0xb6e5</value>
         <object_component_ref idref="oc-424"/>
      </symbol>
      <symbol id="sm-695">
         <name>_ZN7drivers23OledSsd1306_DrawCheckerEPNS_18OledSsd1306ContextE</name>
         <value>0x7c01</value>
         <object_component_ref idref="oc-425"/>
      </symbol>
      <symbol id="sm-696">
         <name>_ZN7drivers21OledSsd1306_SetInvertEPNS_18OledSsd1306ContextEb</name>
         <value>0xad69</value>
         <object_component_ref idref="oc-427"/>
      </symbol>
      <symbol id="sm-697">
         <name>_ZN7drivers22OledSsd1306_DrawStringEPNS_18OledSsd1306ContextEhhPKc</name>
         <value>0x68e5</value>
         <object_component_ref idref="oc-426"/>
      </symbol>
      <symbol id="sm-698">
         <name>_ZN7drivers19OledSsd1306_IsReadyEPKNS_18OledSsd1306ContextE</name>
         <value>0xb7c5</value>
         <object_component_ref idref="oc-422"/>
      </symbol>
      <symbol id="sm-6c0">
         <name>_ZN8services14DebugUart_InitEv</name>
         <value>0xaf11</value>
         <object_component_ref idref="oc-c9"/>
      </symbol>
      <symbol id="sm-6c1">
         <name>_ZN8services17DebugUart_IsReadyEv</name>
         <value>0xc491</value>
         <object_component_ref idref="oc-146"/>
      </symbol>
      <symbol id="sm-6c2">
         <name>_ZN8services19DebugUart_WriteCharEc</name>
         <value>0xbec1</value>
         <object_component_ref idref="oc-188"/>
      </symbol>
      <symbol id="sm-6c3">
         <name>_ZN8services21DebugUart_WriteStringEPKc</name>
         <value>0xa681</value>
         <object_component_ref idref="oc-147"/>
      </symbol>
      <symbol id="sm-6c4">
         <name>_ZN8services21DebugUart_WriteUInt32Ej</name>
         <value>0x816d</value>
         <object_component_ref idref="oc-3fa"/>
      </symbol>
      <symbol id="sm-6c5">
         <name>_ZN8services18DebugUart_ReadByteEPh</name>
         <value>0xb17d</value>
         <object_component_ref idref="oc-186"/>
      </symbol>
      <symbol id="sm-6c6">
         <name>UART3_IRQHandler</name>
         <value>0xa5a9</value>
         <object_component_ref idref="oc-3b"/>
      </symbol>
      <symbol id="sm-6d8">
         <name>_ZN8services10Fault_InitEv</name>
         <value>0xc479</value>
         <object_component_ref idref="oc-b8"/>
      </symbol>
      <symbol id="sm-6d9">
         <name>_ZN8services9Fault_SetENS_9FaultCodeE</name>
         <value>0xc421</value>
         <object_component_ref idref="oc-17e"/>
      </symbol>
      <symbol id="sm-6da">
         <name>_ZN8services9Fault_GetEv</name>
         <value>0xc49d</value>
         <object_component_ref idref="oc-185"/>
      </symbol>
      <symbol id="sm-6e4">
         <name>_ZN8services8Log_InitEv</name>
         <value>0xa88b</value>
         <object_component_ref idref="oc-ca"/>
      </symbol>
      <symbol id="sm-6f7">
         <name>_ZN8services14Scheduler_InitEv</name>
         <value>0x969d</value>
         <object_component_ref idref="oc-bd"/>
      </symbol>
      <symbol id="sm-6f8">
         <name>_ZN8services17Scheduler_AddTaskEPKcPFvvEjjPh</name>
         <value>0x8bed</value>
         <object_component_ref idref="oc-17d"/>
      </symbol>
      <symbol id="sm-6f9">
         <name>_ZN8services13Scheduler_RunEv</name>
         <value>0x7415</value>
         <object_component_ref idref="oc-e0"/>
      </symbol>
      <symbol id="sm-72b">
         <name>_ZN8services10Shell_InitEv</name>
         <value>0x8749</value>
         <object_component_ref idref="oc-cf"/>
      </symbol>
      <symbol id="sm-72c">
         <name>_ZN8services17Shell_WriteStringEPKc</name>
         <value>0xc4c5</value>
         <object_component_ref idref="oc-20c"/>
      </symbol>
      <symbol id="sm-72d">
         <name>_ZN8services21Shell_RegisterCommandEPKcS1_PFviPKS1_E</name>
         <value>0x8ccd</value>
         <object_component_ref idref="oc-14f"/>
      </symbol>
      <symbol id="sm-72e">
         <name>_ZN8services13Shell_ProcessEv</name>
         <value>0x9e0d</value>
         <object_component_ref idref="oc-e2"/>
      </symbol>
      <symbol id="sm-72f">
         <name>_ZN8services15Shell_WriteCharEc</name>
         <value>0xc4bd</value>
         <object_component_ref idref="oc-31d"/>
      </symbol>
      <symbol id="sm-730">
         <name>_ZN8services15Shell_WriteLineEPKc</name>
         <value>0xc111</value>
         <object_component_ref idref="oc-213"/>
      </symbol>
      <symbol id="sm-731">
         <name>_ZN8services17Shell_WriteUInt32Ej</name>
         <value>0xc4cd</value>
         <object_component_ref idref="oc-20d"/>
      </symbol>
      <symbol id="sm-747">
         <name>_ZN8services9Time_InitEv</name>
         <value>0xb78d</value>
         <object_component_ref idref="oc-c3"/>
      </symbol>
      <symbol id="sm-748">
         <name>_ZN8services11Time_MillisEv</name>
         <value>0xc485</value>
         <object_component_ref idref="oc-184"/>
      </symbol>
      <symbol id="sm-749">
         <name>_ZN8services12Time_DelayMsEj</name>
         <value>0xbcbd</value>
         <object_component_ref idref="oc-2b9"/>
      </symbol>
      <symbol id="sm-74a">
         <name>SysTick_Handler</name>
         <value>0xc171</value>
         <object_component_ref idref="oc-36"/>
      </symbol>
      <symbol id="sm-74b">
         <name>__TI_ATRegion0_src_addr</name>
         <value>0x0</value>
      </symbol>
      <symbol id="sm-74c">
         <name>__TI_ATRegion0_trg_addr</name>
         <value>0x0</value>
      </symbol>
      <symbol id="sm-74d">
         <name>__TI_ATRegion0_region_sz</name>
         <value>0x0</value>
      </symbol>
      <symbol id="sm-74e">
         <name>__TI_ATRegion1_src_addr</name>
         <value>0x0</value>
      </symbol>
      <symbol id="sm-74f">
         <name>__TI_ATRegion1_trg_addr</name>
         <value>0x0</value>
      </symbol>
      <symbol id="sm-750">
         <name>__TI_ATRegion1_region_sz</name>
         <value>0x0</value>
      </symbol>
      <symbol id="sm-751">
         <name>__TI_ATRegion2_src_addr</name>
         <value>0x0</value>
      </symbol>
      <symbol id="sm-752">
         <name>__TI_ATRegion2_trg_addr</name>
         <value>0x0</value>
      </symbol>
      <symbol id="sm-753">
         <name>__TI_ATRegion2_region_sz</name>
         <value>0x0</value>
      </symbol>
      <symbol id="sm-75c">
         <name>DL_Common_delayCycles</name>
         <value>0xc4a9</value>
         <object_component_ref idref="oc-19c"/>
      </symbol>
      <symbol id="sm-76e">
         <name>DL_I2C_setClockConfig</name>
         <value>0xbc71</value>
         <object_component_ref idref="oc-1a0"/>
      </symbol>
      <symbol id="sm-76f">
         <name>DL_I2C_fillControllerTXFIFO</name>
         <value>0xaba1</value>
         <object_component_ref idref="oc-491"/>
      </symbol>
      <symbol id="sm-770">
         <name>DL_I2C_flushControllerTXFIFO</name>
         <value>0xb4d1</value>
         <object_component_ref idref="oc-3e4"/>
      </symbol>
      <symbol id="sm-771">
         <name>DL_I2C_flushControllerRXFIFO</name>
         <value>0xb899</value>
         <object_component_ref idref="oc-3e5"/>
      </symbol>
      <symbol id="sm-784">
         <name>DL_SPI_init</name>
         <value>0xb1c5</value>
         <object_component_ref idref="oc-1bb"/>
      </symbol>
      <symbol id="sm-785">
         <name>DL_SPI_setClockConfig</name>
         <value>0xc139</value>
         <object_component_ref idref="oc-1b5"/>
      </symbol>
      <symbol id="sm-786">
         <name>DL_SPI_receiveDataCheck8</name>
         <value>0xbdc5</value>
         <object_component_ref idref="oc-428"/>
      </symbol>
      <symbol id="sm-787">
         <name>DL_SPI_transmitDataCheck8</name>
         <value>0xbde1</value>
         <object_component_ref idref="oc-42a"/>
      </symbol>
      <symbol id="sm-797">
         <name>DL_UART_init</name>
         <value>0xb0a5</value>
         <object_component_ref idref="oc-1ae"/>
      </symbol>
      <symbol id="sm-798">
         <name>DL_UART_setClockConfig</name>
         <value>0xc14b</value>
         <object_component_ref idref="oc-1a8"/>
      </symbol>
      <symbol id="sm-799">
         <name>DL_UART_transmitDataBlocking</name>
         <value>0xb8c9</value>
         <object_component_ref idref="oc-20b"/>
      </symbol>
      <symbol id="sm-7a4">
         <name>_c_int00_noargs</name>
         <value>0xbc49</value>
         <object_component_ref idref="oc-66"/>
      </symbol>
      <symbol id="sm-7a5">
         <name>__stack</name>
         <value>0x2020ff00</value>
         <object_component_ref idref="oc-1c"/>
      </symbol>
      <symbol id="sm-7b4">
         <name>__TI_auto_init_nobinit_nopinit</name>
         <value>0xb5c1</value>
         <object_component_ref idref="oc-ec"/>
      </symbol>
      <symbol id="sm-7bc">
         <name>_system_pre_init</name>
         <value>0xc505</value>
         <object_component_ref idref="oc-93"/>
      </symbol>
      <symbol id="sm-7c7">
         <name>__TI_zero_init_nomemset</name>
         <value>0xbfe3</value>
         <object_component_ref idref="oc-5d"/>
      </symbol>
      <symbol id="sm-7d0">
         <name>__TI_decompress_none</name>
         <value>0xc15d</value>
         <object_component_ref idref="oc-22"/>
      </symbol>
      <symbol id="sm-7db">
         <name>__TI_decompress_lzss</name>
         <value>0xa3cd</value>
         <object_component_ref idref="oc-1e"/>
      </symbol>
      <symbol id="sm-7e5">
         <name>abort</name>
         <value>0xc4e3</value>
         <object_component_ref idref="oc-e5"/>
      </symbol>
      <symbol id="sm-7ef">
         <name>HOSTexit</name>
         <value>0xc4e9</value>
         <object_component_ref idref="oc-18b"/>
      </symbol>
      <symbol id="sm-7f0">
         <name>C$$EXIT</name>
         <value>0xc4e8</value>
         <object_component_ref idref="oc-18b"/>
      </symbol>
      <symbol id="sm-7f6">
         <name>__aeabi_lmul</name>
         <value>0xbce1</value>
         <object_component_ref idref="oc-389"/>
      </symbol>
      <symbol id="sm-7f7">
         <name>__muldi3</name>
         <value>0xbce1</value>
         <object_component_ref idref="oc-389"/>
      </symbol>
      <symbol id="sm-7fd">
         <name>__aeabi_ldivmod</name>
         <value>0xc125</value>
         <object_component_ref idref="oc-38d"/>
      </symbol>
      <symbol id="sm-803">
         <name>__aeabi_uidiv</name>
         <value>0xb415</value>
         <object_component_ref idref="oc-245"/>
      </symbol>
      <symbol id="sm-804">
         <name>__aeabi_uidivmod</name>
         <value>0xb415</value>
         <object_component_ref idref="oc-245"/>
      </symbol>
      <symbol id="sm-80a">
         <name>__aeabi_memcpy</name>
         <value>0xc4d5</value>
         <object_component_ref idref="oc-56"/>
      </symbol>
      <symbol id="sm-80b">
         <name>__aeabi_memcpy4</name>
         <value>0xc4d5</value>
         <object_component_ref idref="oc-56"/>
      </symbol>
      <symbol id="sm-80c">
         <name>__aeabi_memcpy8</name>
         <value>0xc4d5</value>
         <object_component_ref idref="oc-56"/>
      </symbol>
      <symbol id="sm-812">
         <name>__aeabi_memset</name>
         <value>0xbef9</value>
         <object_component_ref idref="oc-8f"/>
      </symbol>
      <symbol id="sm-813">
         <name>__aeabi_memset4</name>
         <value>0xbef9</value>
         <object_component_ref idref="oc-8f"/>
      </symbol>
      <symbol id="sm-814">
         <name>__aeabi_memset8</name>
         <value>0xbef9</value>
         <object_component_ref idref="oc-8f"/>
      </symbol>
      <symbol id="sm-815">
         <name>__aeabi_memclr</name>
         <value>0xbf07</value>
         <object_component_ref idref="oc-8f"/>
      </symbol>
      <symbol id="sm-816">
         <name>__aeabi_memclr4</name>
         <value>0xbf07</value>
         <object_component_ref idref="oc-8f"/>
      </symbol>
      <symbol id="sm-817">
         <name>__aeabi_memclr8</name>
         <value>0xbf07</value>
         <object_component_ref idref="oc-8f"/>
      </symbol>
      <symbol id="sm-81d">
         <name>__muldsi3</name>
         <value>0xb639</value>
         <object_component_ref idref="oc-482"/>
      </symbol>
      <symbol id="sm-826">
         <name>__divmoddi4</name>
         <value>0xb493</value>
         <object_component_ref idref="oc-487"/>
      </symbol>
      <symbol id="sm-832">
         <name>__aeabi_idiv0</name>
         <value>0xaa7f</value>
         <object_component_ref idref="oc-40e"/>
      </symbol>
      <symbol id="sm-833">
         <name>__aeabi_ldiv0</name>
         <value>0xafb7</value>
         <object_component_ref idref="oc-4ac"/>
      </symbol>
      <symbol id="sm-839">
         <name>__udivmoddi4</name>
         <value>0x9941</value>
         <object_component_ref idref="oc-4a5"/>
      </symbol>
      <symbol id="sm-83f">
         <name>__aeabi_llsl</name>
         <value>0xbda5</value>
         <object_component_ref idref="oc-4ad"/>
      </symbol>
      <symbol id="sm-840">
         <name>__ashldi3</name>
         <value>0xbda5</value>
         <object_component_ref idref="oc-4ad"/>
      </symbol>
      <symbol id="sm-859">
         <name>memcpy</name>
         <value>0x9b1d</value>
         <object_component_ref idref="oc-ae"/>
      </symbol>
      <symbol id="sm-868">
         <name>memset</name>
         <value>0xaa1d</value>
         <object_component_ref idref="oc-104"/>
      </symbol>
      <symbol id="sm-869">
         <name>__TI_static_base__</name>
         <value>0x0</value>
      </symbol>
      <symbol id="sm-86d">
         <name>__mpu_init</name>
         <value>0x0</value>
      </symbol>
      <symbol id="sm-86e">
         <name>_system_post_cinit</name>
         <value>0x0</value>
      </symbol>
   </symbol_table>
   <title>Link successful</title>
</link_info>
