******************************************************************************
            TI ARM Clang Linker PC v5.1.1                      
******************************************************************************
>> Linked Wed Jul  8 20:59:23 2026

OUTPUT FILE NAME:   <gugaPI.out>
ENTRY POINT SYMBOL: "_c_int00_noargs"  address: 0001301d


MEMORY CONFIGURATION

         name            origin    length      used     unused   attr    fill
----------------------  --------  ---------  --------  --------  ----  --------
  FLASH                 00000000   00080000  000165e0  00069a20  R  X
  SRAM_BANK0            20200000   00010000  000007f2  0000f80e  RW X
  SRAM_BANK1            20210000   00010000  00000000  00010000  RW X
  BCR_CONFIG            41c00000   000000ff  00000000  000000ff  R   
  BSL_CONFIG            41c00100   00000080  00000000  00000080  R   
  DATA                  41d00000   00004000  00000000  00004000  R   


SEGMENT ALLOCATION MAP

run origin  load origin   length   init length attrs members
----------  ----------- ---------- ----------- ----- -------
00000000    00000000    000165e0   000165e0    r-x
  00000000    00000000    000000c0   000000c0    r-- .intvecs
  000000c0    000000c0    00013920   00013920    r-x .text
  000139e0    000139e0    00002b80   00002b80    r-- .rodata
  00016560    00016560    00000080   00000080    r-- .cinit
20200000    20200000    000006f4   00000000    rw-
  20200000    20200000    00000376   00000000    rw- .data
  20200378    20200378    00000338   00000000    rw- .bss
  202006b0    202006b0    00000044   00000000    rw- .TrimTable
2020ff00    2020ff00    00000100   00000000    rw-
  2020ff00    2020ff00    00000100   00000000    rw- .stack


SECTION ALLOCATION MAP

 output                                  attributes/
section   page    origin      length       input sections
--------  ----  ----------  ----------   ----------------
.intvecs   0    00000000    000000c0     
                  00000000    000000c0     startup_mspm0g351x_ticlang.o (.intvecs)

.text      0    000000c0    00013920     
                  000000c0    00001ea0     app_shell.o (.text._ZN3app12_GLOBAL__N_112MotorCommandEiPKPKc)
                  00001f60    00000b40     app_shell.o (.text._ZN3app12_GLOBAL__N_112Gy931CommandEiPKPKc)
                  00002aa0    00000b14     app_shell.o (.text._ZN3app12_GLOBAL__N_113Ina219CommandEiPKPKc)
                  000035b4    00000a5c     app_shell.o (.text._ZN3app12_GLOBAL__N_110ImuCommandEiPKPKc)
                  00004010    00000990     app_shell.o (.text._ZN3app19motor_driver_client12ReceiveFrameEPNS0_5FrameE)
                  000049a0    00000978     app_shell.o (.text._ZN3app12_GLOBAL__N_123Ina219OledUpdateDisplayEv)
                  00005318    00000880     app_shell.o (.text._ZN3app12_GLOBAL__N_111LoraCommandEiPKPKc)
                  00005b98    00000830     app_shell.o (.text._ZN3app12_GLOBAL__N_111OledCommandEiPKPKc)
                  000063c8    00000820     config_store.o (.text._ZN3app16ConfigStore_LoadEv)
                  00006be8    00000724     app_shell.o (.text._ZN3app12_GLOBAL__N_110I2cCommandEiPKPKc)
                  0000730c    000004cc     app_shell.o (.text._ZN3app12_GLOBAL__N_112ParamCommandEiPKPKc)
                  000077d8    00000474     shell.o (.text._ZN8services12_GLOBAL__N_113HandleLineEndEv)
                  00007c4c    00000430     app_shell.o (.text._ZN3app12_GLOBAL__N_111FramCommandEiPKPKc)
                  0000807c    000003dc     app_shell.o (.text._ZN3app12_GLOBAL__N_122Gy931OledUpdateDisplayEv)
                  00008458    00000394     app_shell.o (.text._ZN3app12_GLOBAL__N_114ChassisCommandEiPKPKc)
                  000087ec    00000360     soft_i2c.o (.text._ZN7drivers16SoftI2c_ReadReg8EPNS_14SoftI2cContextEhhPht)
                  00008b4c    00000344     config_store.o (.text._ZN3app15ConfigStore_SetEPKci)
                  00008e90    00000328     app_shell.o (.text._ZN3app12_GLOBAL__N_110LedCommandEiPKPKc)
                  000091b8    0000031c     chassis.o (.text._ZN3app12Chassis_InitEv)
                  000094d4    000002cc     board_imu.o (.text._ZN5board12_GLOBAL__N_123ReadRegisterWithCommandEhPh)
                  000097a0    00000294     config_store.o (.text._ZN3app16ConfigStore_SaveEv)
                  00009a34    00000284     board_imu.o (.text._ZN5board22Board_ImuWiggleSpiPinsEj)
                  00009cb8    00000268     i2c_diag.o (.text._ZN7drivers22I2cDiag_WriteReg8BlockEPKNS_16I2cDiagBusConfigEhhPKht)
                  00009f20    00000248     soft_i2c.o (.text._ZN7drivers18SoftI2c_RecoverBusEPNS_14SoftI2cContextE)
                  0000a168    00000238     i2c_diag.o (.text._ZN7drivers16I2cDiag_ReadReg8EPKNS_16I2cDiagBusConfigEhhPht)
                  0000a3a0    00000234     board_imu.o (.text._ZN5board21Board_ImuSpiSampleIcmEhPhj)
                  0000a5d4    00000230     app_shell.o (.text._ZN3app12_GLOBAL__N_113ButtonCommandEiPKPKc)
                  0000a804    00000224     fm24cl64b.o (.text._ZN7drivers14Fm24cl64b_ReadEPNS_16Fm24cl64bContextEtPht)
                  0000aa28    0000021c     board_imu.o (.text._ZN5board20Board_ImuSpiBurstIcmEjh)
                  0000ac44    00000208     oled_ssd1306.o (.text._ZN7drivers22OledSsd1306_DrawStringEPNS_18OledSsd1306ContextEhhPKc)
                  0000ae4c    00000200     chassis.o (.text._ZN3app19Chassis_SetVelocityEii)
                  0000b04c    000001e0     app_shell.o (.text._ZN3app12_GLOBAL__N_123Gy931OledWriteAngleLineEhPKci)
                  0000b22c    000001e0     ina219.o (.text._ZN7drivers17Ina219_RecoverBusEPNS_13Ina219ContextE)
                  0000b40c    000001e0     fm24cl64b.o (.text._ZN7drivers20Fm24cl64b_RecoverBusEPNS_16Fm24cl64bContextE)
                  0000b5ec    000001dc     gy931.o (.text._ZN7drivers16Gy931_ReadSampleEPNS_12Gy931ContextEPNS_11Gy931SampleE)
                  0000b7c8    000001d0     fm24cl64b.o (.text._ZN7drivers15Fm24cl64b_WriteEPNS_16Fm24cl64bContextEtPKht)
                  0000b998    000001d0     i2c_diag.o (.text._ZN7drivers18I2cDiag_RecoverBusEPKNS_16I2cDiagBusConfigE)
                  0000bb68    000001c8     i2c_diag.o (.text._ZN7drivers17I2cDiag_WriteReg8EPKNS_16I2cDiagBusConfigEhhPKht)
                  0000bd30    000001b0     app_shell.o (.text._ZN3app19motor_driver_client4StopEPNS0_6ClientEPNS0_10StopResultE)
                  0000bee0    000001b0     scheduler.o (.text._ZN8services13Scheduler_RunEv)
                  0000c090    000001a4     ina219.o (.text._ZN7drivers12_GLOBAL__N_120ReadRegisterInternalEPNS_13Ina219ContextEhPt)
                  0000c234    00000188     i2c_diag.o (.text._ZN7drivers20I2cDiag_ProbeAddressEPKNS_16I2cDiagBusConfigEh)
                  0000c3bc    00000180     app_shell.o (.text._ZN3app19motor_driver_client15SetCountsPerRevEPNS0_6ClientEjj)
                  0000c53c    0000017c     app_shell.o (.text._ZN3app25AppShell_RegisterCommandsEv)
                  0000c6b8    00000174     app_shell.o (.text._ZN3app12_GLOBAL__N_123WriteSignedVector3MilliEPKcPKiS2_)
                  0000c82c    00000170     app_shell.o (.text._ZN3app12_GLOBAL__N_113ParseI2cRangeEiPKPKchPhS5_)
                  0000c99c    00000170     oled_ssd1306.o (.text._ZN7drivers23OledSsd1306_DrawCheckerEPNS_18OledSsd1306ContextE)
                  0000cb0c    0000016c     app_shell.o (.text._ZN3app12_GLOBAL__N_115PrintMotorUsageEv)
                  0000cc78    00000166     app_shell.o (.text._ZN3app19motor_driver_client19SetPositionRelativeEPNS0_6ClientEbiPNS0_12MotionResultE)
                  0000cdde    00000002     startup_mspm0g351x_ticlang.o (.text.Default_Handler)
                  0000cde0    00000164     board_i2c_bus.o (.text._ZN5board16Board_I2cBusFindEPKc)
                  0000cf44    00000160     app_shell.o (.text._ZN3app12_GLOBAL__N_110ParseOnOffEPKcPb)
                  0000d0a4    00000148     app_shell.o (.text._ZN3app12_GLOBAL__N_114PrintI2cStatusEPKN7drivers16I2cDiagBusConfigE)
                  0000d1ec    00000140     debug_uart.o (.text._ZN8services21DebugUart_WriteUInt32Ej)
                  0000d32c    0000013c     app_shell.o (.text._ZN3app12_GLOBAL__N_110I2cScanBusEPKN7drivers16I2cDiagBusConfigEhhb)
                  0000d468    0000013c     app_shell.o (.text._ZN3app12_GLOBAL__N_123PrintMotorPositionBlockERKNS_19motor_driver_client12PositionDataE)
                  0000d5a4    00000130     chassis.o (.text._ZN3app14Chassis_UpdateEv)
                  0000d6d4    00000126     gy931.o (.text._ZN7drivers22Gy931_ReadRawRegistersEPNS_12Gy931ContextEhPsh)
                  0000d7fa    00000002     board.o (.text._ZN5board14Board_LateInitEv)
                  0000d7fc    00000124     ti_msp_dl_config.o (.text.SYSCFG_DL_GPIO_init)
                  0000d920    00000120     app_shell.o (.text._ZN3app12_GLOBAL__N_114ApplyLedActionEN5board10BoardLedIdEPKc)
                  0000da40    00000120     ina219.o (.text._ZN7drivers12_GLOBAL__N_121WriteRegisterInternalEPNS_13Ina219ContextEht)
                  0000db60    00000114     config_store.o (.text._ZN3app20ConfigStore_GetValueEPKcPiS2_S2_)
                  0000dc74    00000108     app_shell.o (.text._ZN3app12_GLOBAL__N_119PrintMotorFrameDataEPKcRKNS_19motor_driver_client5FrameE)
                  0000dd7c    00000104     soft_i2c.o (.text._ZN7drivers12_GLOBAL__N_19WriteByteEPKNS_13SoftI2cConfigEh)
                  0000de80    00000100     app_shell.o (.text._ZN3app12_GLOBAL__N_110ParseInt32EPKciiPi)
                  0000df80    00000100     shell.o (.text._ZN8services10Shell_InitEv)
                  0000e080    000000fc     app_shell.o (.text._ZN3app12_GLOBAL__N_119Gy931OledSetEnabledEb)
                  0000e17c    000000fc     app_shell.o (.text._ZN3app12_GLOBAL__N_120Ina219OledSetEnabledEb)
                  0000e278    000000f8     app_shell.o (.text._ZN3app19motor_driver_client15SetInvertConfigEPNS0_6ClientERKNS0_12InvertConfigE)
                  0000e370    000000f4     app_shell.o (.text._ZN3app12_GLOBAL__N_121PrintMotorInvertBlockERKNS_19motor_driver_client12InvertConfigE)
                  0000e464    000000f4     soft_i2c.o (.text._ZN7drivers12_GLOBAL__N_110BeginWriteEPKNS_13SoftI2cConfigEh)
                  0000e558    000000f0     gy931.o (.text._ZN7drivers16Gy931_ReadAnglesEPNS_12Gy931ContextEPNS_11Gy931AnglesE)
                  0000e648    000000ee     app_shell.o (.text._ZN3app19motor_driver_client11SetPositionEPNS0_6ClientEbiPNS0_12MotionResultE)
                  0000e736    00000002     log.o (.text._ZN8services8Log_InitEv)
                  0000e738    000000e0     app_shell.o (.text._ZN3app12_GLOBAL__N_113BuzzerCommandEiPKPKc)
                  0000e818    000000e0     scheduler.o (.text._ZN8services17Scheduler_AddTaskEPKcPFvvEjjPh)
                  0000e8f8    000000d8     app_shell.o (.text._ZN3app19motor_driver_client13ResetEncodersEPNS0_6ClientE)
                  0000e9d0    000000d6     app_shell.o (.text._ZN3app19motor_driver_client17SetPositionCountsEPNS0_6ClientEbiPNS0_12MotionResultE)
                  0000eaa6    00000002     libclang_rt.builtins.a : aeabi_div0.c.obj (.text.__aeabi_idiv0)
                  0000eaa8    000000d4     app_shell.o (.text._ZN3app12_GLOBAL__N_122PrintChassisWheelStateEPKcRKNS_17ChassisWheelStateE)
                  0000eb7c    000000d4     shell.o (.text._ZN8services21Shell_RegisterCommandEPKcS1_PFviPKS1_E)
                  0000ec50    000000d0     app_shell.o (.text._ZN3app19motor_driver_client8SetSpeedEPNS0_6ClientEbtbPNS0_12MotionResultE)
                  0000ed20    000000ce     app_shell.o (.text._ZN3app19motor_driver_client12ReadPositionEPNS0_6ClientEPNS0_12PositionDataE)
                  0000edee    00000002     libclang_rt.builtins.a : aeabi_div0.c.obj (.text.__aeabi_ldiv0)
                  0000edf0    000000c8     app_shell.o (.text._ZN3app19motor_driver_client13ReadRegistersEPNS0_6ClientEhhPNS0_5FrameE)
                  0000eeb8    000000c8     board_imu.o (.text._ZN5board25Board_Lis3mdlReadRegisterEhPh)
                  0000ef80    000000c8     ina219.o (.text._ZN7drivers11Ina219_InitEPNS_13Ina219ContextEPKNS_12Ina219ConfigE)
                  0000f048    000000c8     lora.o (.text._ZN7drivers14LoraUart_WriteEPNS_15LoraUartContextEPKht)
                  0000f110    000000c8     motor_driver_uart.o (.text._ZN7drivers21MotorDriverUart_WriteEPNS_22MotorDriverUartContextEPKht)
                  0000f1d8    000000c4     app_shell.o (.text._ZN3app19motor_driver_client14WriteRegistersEPNS0_6ClientEhPKhhPNS0_5FrameE)
                  0000f29c    000000c4     board_imu.o (.text._ZN5board26Board_Icm45686ReadRegisterEhPh)
                  0000f360    000000c0     board_imu.o (.text._ZN5board23Board_Lis3mdlReadWhoAmIEPh)
                  0000f420    000000bc     soft_i2c.o (.text._ZN7drivers20SoftI2c_ProbeAddressEPNS_14SoftI2cContextEh)
                  0000f4dc    000000b8     app_shell.o (.text._ZN3app19motor_driver_client4PingEPNS0_6ClientEPb)
                  0000f594    000000b8     ina219.o (.text._ZN7drivers12_GLOBAL__N_113ReleaseI2cBusEPKNS_12Ina219ConfigE)
                  0000f64c    000000b8     i2c_diag.o (.text._ZN7drivers12_GLOBAL__N_113ReleaseI2cBusEPKNS_16I2cDiagBusConfigE)
                  0000f704    000000b4     oled_ssd1306.o (.text._ZN7drivers16OledSsd1306_InitEPNS_18OledSsd1306ContextEPKNS_17OledSsd1306ConfigE)
                  0000f7b8    000000b4     motor_driver_uart.o (.text._ZN7drivers20MotorDriverUart_InitEPNS_22MotorDriverUartContextEPKNS_21MotorDriverUartConfigE)
                  0000f86c    000000b0     app_shell.o (.text._ZN3app12_GLOBAL__N_110WriteHex32Ej)
                  0000f91c    000000b0     chassis.o (.text._ZN3app12_GLOBAL__N_114SetOneWheelRpmEbi)
                  0000f9cc    000000b0     scheduler.o (.text._ZN8services14Scheduler_InitEv)
                  0000fa7c    000000ac     app_shell.o (.text._ZN3app12_GLOBAL__N_110PwmCommandEiPKPKc)
                  0000fb28    000000a8     app_shell.o (.text._ZN3app12_GLOBAL__N_114PrintParamLineEPKc)
                  0000fbd0    000000a4     fm24cl64b.o (.text._ZN7drivers18Fm24cl64b_SelfTestEPNS_16Fm24cl64bContextEt)
                  0000fc74    000000a2     libclang_rt.builtins.a : udivmoddi4.S.obj (.text)
                  0000fd16    0000009c     app_shell.o (.text._ZN3app12_GLOBAL__N_111ParseUint32EPKcjPj)
                  0000fdb2    00000002     --HOLE-- [fill = 0]
                  0000fdb4    0000009c     board_imu.o (.text._ZN5board19Board_ImuSetSpiModeEh)
                  0000fe50    0000009a     libc.a : memcpy16.S.obj (.text:memcpy)
                  0000feea    00000002     --HOLE-- [fill = 0]
                  0000feec    00000098     app_shell.o (.text._ZN3app12_GLOBAL__N_121PrintMotorEncoderLineEPKcRKNS_19motor_driver_client11EncoderDataE)
                  0000ff84    00000098     app_shell.o (.text._ZN3app19motor_driver_client9SendFrameEhhPKhh)
                  0001001c    00000098     motor_driver_uart.o (.text._ZN7drivers29MotorDriverUart_ClearRxBufferEPNS_22MotorDriverUartContextE)
                  000100b4    00000094     chassis.o (.text._ZN3app19Chassis_SetWheelRpmEii)
                  00010148    00000094     oled_ssd1306.o (.text._ZN7drivers12_GLOBAL__N_113WriteRepeatedEPNS_18OledSsd1306ContextEh)
                  000101dc    00000094     lora.o (.text._ZN7drivers18LoraUart_WriteByteEPNS_15LoraUartContextEh)
                  00010270    00000094     motor_driver_uart.o (.text._ZN7drivers25MotorDriverUart_WriteByteEPNS_22MotorDriverUartContextEh)
                  00010304    00000094     shell.o (.text._ZN8services13Shell_ProcessEv)
                  00010398    00000092     ina219.o (.text._ZN7drivers23Ina219_ReadRawRegistersEPNS_13Ina219ContextEPNS_18Ina219RawRegistersE)
                  0001042a    00000002     --HOLE-- [fill = 0]
                  0001042c    00000088     driverlib.a : dl_sysctl_mspm0gx51x.o (.text.DL_SYSCTL_setHFCLKSourceHFXTParams)
                  000104b4    00000088     ti_msp_dl_config.o (.text.SYSCFG_DL_DEBUG_UART_init)
                  0001053c    00000088     ti_msp_dl_config.o (.text.SYSCFG_DL_LORA_UART_init)
                  000105c4    00000088     ti_msp_dl_config.o (.text.SYSCFG_DL_MOTOR_UART_init)
                  0001064c    00000088     app_shell.o (.text._ZN3app19motor_driver_client4HoldEPNS0_6ClientEbPNS0_12MotionResultE)
                  000106d4    00000084     lora.o (.text._ZN7drivers13LoraUart_InitEPNS_15LoraUartContextEPKNS_14LoraUartConfigE)
                  00010758    00000080     app_shell.o (.text._ZN3app12_GLOBAL__N_115WriteFixedMilliEi)
                  000107d8    00000080     soft_i2c.o (.text._ZN7drivers12SoftI2c_InitEPNS_14SoftI2cContextEPKNS_13SoftI2cConfigE)
                  00010858    0000007e     app_shell.o (.text._ZN3app12_GLOBAL__N_113LoraWriteArgsEiPKPKcbPt)
                  000108d6    0000007e     app_shell.o (.text._ZN3app12_GLOBAL__N_114MotorWriteArgsEiPKPKcbPt)
                  00010954    0000007e     app_shell.o (.text._ZN3app19motor_driver_client11ReadEncoderEPNS0_6ClientEbPNS0_11EncoderDataE)
                  000109d2    00000002     --HOLE-- [fill = 0]
                  000109d4    0000007c     ti_msp_dl_config.o (.text.SYSCFG_DL_initPower)
                  00010a50    0000007c     lora.o (.text._ZN7drivers19LoraUart_IrqHandlerEPNS_15LoraUartContextE)
                  00010acc    0000007c     libc.a : copy_decompress_lzss.c.obj (.text:decompress:lzss)
                  00010b48    00000078     app_shell.o (.text._ZN3app12_GLOBAL__N_117WriteAllLedStatusEv)
                  00010bc0    00000078     app_shell.o (.text._ZN3app12_GLOBAL__N_118PrintMotorRpmBlockERKNS_19motor_driver_client7RpmDataE)
                  00010c38    00000074     app_shell.o (.text._ZN3app12_GLOBAL__N_116PrintIna219UsageEv)
                  00010cac    00000074     app_shell.o (.text._ZN3app19motor_driver_client6SetRunEPNS0_6ClientEbhbPNS0_12MotionResultE)
                  00010d20    00000074     app_shell.o (.text._ZN3app19motor_driver_client8SetBrakeEPNS0_6ClientEbPNS0_12MotionResultE)
                  00010d94    00000074     soft_i2c.o (.text._ZN7drivers12_GLOBAL__N_113StopConditionEPKNS_13SoftI2cConfigE)
                  00010e08    00000074     ina219.o (.text._ZN7drivers22Ina219_ReadMeasurementEPNS_13Ina219ContextEPNS_17Ina219MeasurementE)
                  00010e7c    00000070     app_shell.o (.text._ZN3app19motor_driver_client16ReadCountsPerRevEPNS0_6ClientEPNS0_12CountsPerRevE)
                  00010eec    0000006c     debug_uart.o (.text.UART3_IRQHandler)
                  00010f58    0000006c     app_shell.o (.text._ZN3app19motor_driver_client7ReadRpmEPNS0_6ClientEPNS0_7RpmDataE)
                  00010fc4    0000006c     board_gy931.o (.text._ZN5board27Board_Gy931ReadRawRegistersEhPsh)
                  00011030    0000006c     motor_driver_uart.o (.text._ZN7drivers26MotorDriverUart_IrqHandlerEPNS_22MotorDriverUartContextE)
                  0001109c    0000006c     debug_uart.o (.text._ZN8services21DebugUart_WriteStringEPKc)
                  00011108    0000006a     app_shell.o (.text._ZN3app19motor_driver_client8SetCoastEPNS0_6ClientEbPNS0_12MotionResultE)
                  00011172    00000002     --HOLE-- [fill = 0]
                  00011174    00000068     app_shell.o (.text._ZN3app12_GLOBAL__N_113PrintImuUsageEv)
                  000111dc    00000068     app_shell.o (.text._ZN3app12_GLOBAL__N_115PrintGy931UsageEv)
                  00011244    00000064     app_shell.o (.text._ZN3app12_GLOBAL__N_110WriteHex16Et)
                  000112a8    00000064     board_imu.o (.text._ZN5board22Board_ImuGetLineStatusEPNS_18BoardImuLineStatusE)
                  0001130c    00000064     fm24cl64b.o (.text._ZN7drivers14Fm24cl64b_InitEPNS_16Fm24cl64bContextEPKNS_15Fm24cl64bConfigE)
                  00011370    00000062     libc.a : memset16.S.obj (.text:memset)
                  000113d2    00000002     --HOLE-- [fill = 0]
                  000113d4    00000060     app_shell.o (.text._ZN3app12_GLOBAL__N_113PrintI2cUsageEv)
                  00011434    00000060     app_shell.o (.text._ZN3app12_GLOBAL__N_114PrintOledUsageEv)
                  00011494    00000060     app_shell.o (.text._ZN3app12_GLOBAL__N_118PrintMotorPidBlockERKNS_19motor_driver_client8SpeedPidE)
                  000114f4    00000060     app_main.o (.text._ZN3app8App_InitEv)
                  00011554    00000060     lora.o (.text._ZN7drivers22LoraUart_ClearRxBufferEPNS_15LoraUartContextE)
                  000115b4    0000005e     driverlib.a : dl_i2c.o (.text.DL_I2C_fillControllerTXFIFO)
                  00011612    0000005e     app_shell.o (.text._ZN3app19motor_driver_client19ReadPositionControlEPNS0_6ClientEPNS0_15PositionControlE)
                  00011670    0000005e     app_shell.o (.text._ZN3app19motor_driver_client8ReadInfoEPNS0_6ClientEPNS0_10DeviceInfoE)
                  000116ce    0000005e     button.o (.text._ZN7drivers13Button_UpdateEPNS_13ButtonContextEj)
                  0001172c    0000005c     ti_msp_dl_config.o (.text.SYSCFG_DL_SYSCTL_init)
                  00011788    0000005c     app_shell.o (.text._ZN3app12_GLOBAL__N_130PrintMotorPositionControlBlockERKNS_19motor_driver_client15PositionControlE)
                  000117e4    0000005c     board_gy931.o (.text._ZN5board21Board_Gy931ReadAnglesEPN7drivers11Gy931AnglesE)
                  00011840    0000005c     board_gy931.o (.text._ZN5board21Board_Gy931ReadSampleEPN7drivers11Gy931SampleE)
                  0001189c    0000005c     board_oled.o (.text._ZN5board22Board_OledGetBusStatusEPjPbS1_)
                  000118f8    0000005a     soft_i2c.o (.text._ZN7drivers20SoftI2c_GetBusStatusEPKNS_14SoftI2cContextEPNS_16SoftI2cBusStatusE)
                  00011952    00000002     --HOLE-- [fill = 0]
                  00011954    00000058     driverlib.a : dl_factoryregion.o (.text.DL_FactoryRegion_initTrimTable)
                  000119ac    00000058     app_main.o (.text._ZN12_GLOBAL__N_125App_ButtonChassisTestTaskEv)
                  00011a04    00000058     app_shell.o (.text._ZN3app12_GLOBAL__N_127PrintMotorPositionPidFieldsERKNS_19motor_driver_client11PositionPidE)
                  00011a5c    00000058     app_shell.o (.text._ZN3app19motor_driver_client15ReadPositionPidEPNS0_6ClientEPNS0_11PositionPidE)
                  00011ab4    00000058     app_shell.o (.text._ZN3app19motor_driver_client7ReadPidEPNS0_6ClientEPNS0_8SpeedPidE)
                  00011b0c    00000058     ina219.o (.text._ZN7drivers17Ina219_SetAddressEPNS_13Ina219ContextEh)
                  00011b64    00000058     i2c_diag.o (.text._ZN7drivers20I2cDiag_GetBusStatusEPKNS_16I2cDiagBusConfigEPNS_16I2cDiagBusStatusE)
                  00011bbc    00000056     oled_ssd1306.o (.text._ZN7drivers21OledSsd1306_SetInvertEPNS_18OledSsd1306ContextEb)
                  00011c12    00000056     oled_ssd1306.o (.text._ZN7drivers24OledSsd1306_SetDisplayOnEPNS_18OledSsd1306ContextEb)
                  00011c68    00000054     ti_msp_dl_config.o (.text.SYSCFG_DL_MOTOR_I2C_init)
                  00011cbc    00000054     ti_msp_dl_config.o (.text.SYSCFG_DL_SENSOR_I2C_init)
                  00011d10    00000054     app_shell.o (.text._ZN3app12_GLOBAL__N_114PrintLoraUsageEv)
                  00011d64    00000054     debug_uart.o (.text._ZN8services14DebugUart_InitEv)
                  00011db8    00000052     app_shell.o (.text._ZN3app19motor_driver_client16ReadInvertConfigEPNS0_6ClientEPNS0_12InvertConfigE)
                  00011e0a    00000052     empty_cpp.o (.text.main)
                  00011e5c    00000050     board_ina219.o (.text._ZN5board16Board_Ina219InitEv)
                  00011eac    00000050     board_gy931.o (.text._ZN5board23Board_Gy931GetBusStatusEPbS0_)
                  00011efc    00000050     board_imu.o (.text._ZN5board27Board_ImuSetChipSelectDebugEbbbb)
                  00011f4c    0000004c     ti_msp_dl_config.o (.text.SYSCFG_DL_IMU_SPI_init)
                  00011f98    0000004c     app_shell.o (.text._ZN3app12_GLOBAL__N_115PrintParamUsageEv)
                  00011fe4    0000004c     config_store.o (.text._ZN3app25ConfigStore_ResetDefaultsEv)
                  00012030    0000004c     board_gy931.o (.text._ZN5board15Board_Gy931InitEv)
                  0001207c    0000004c     board_gy931.o (.text._ZN5board21Board_Gy931SetAddressEh)
                  000120c8    00000048     driverlib.a : dl_uart.o (.text.DL_UART_init)
                  00012110    00000048     board_gy931.o (.text._ZN5board16Board_Gy931ProbeEv)
                  00012158    00000048     board_fram.o (.text._ZN5board22Board_FramGetBusStatusEPjPbS1_)
                  000121a0    00000048     board_ina219.o (.text._ZN5board24Board_Ina219GetBusStatusEPjPbS1_)
                  000121e8    00000048     gy931.o (.text._ZN7drivers10Gy931_InitEPNS_12Gy931ContextEPKNS_11Gy931ConfigE)
                  00012230    00000048     debug_uart.o (.text._ZN8services18DebugUart_ReadByteEPh)
                  00012278    00000044     driverlib.a : dl_spi.o (.text.DL_SPI_init)
                  000122bc    00000044                 : dl_sysctl_mspm0gx51x.o (.text.DL_SYSCTL_switchMCLKfromSYSOSCtoHSCLK)
                  00012300    00000044     ti_msp_dl_config.o (.text.SYSCFG_DL_init)
                  00012344    00000044     board_imu.o (.text._ZN5board13Board_ImuInitEv)
                  00012388    00000044     ina219.o (.text._ZN7drivers19Ina219_GetBusStatusEPNS_13Ina219ContextEPNS_15Ina219BusStatusE)
                  000123cc    00000044     fm24cl64b.o (.text._ZN7drivers22Fm24cl64b_GetBusStatusEPNS_16Fm24cl64bContextEPNS_18Fm24cl64bBusStatusE)
                  00012410    00000040     app_shell.o (.text._ZN3app12_GLOBAL__N_114PrintFramUsageEv)
                  00012450    00000040     app_shell.o (.text._ZN3app12_GLOBAL__N_114VersionCommandEiPKPKc)
                  00012490    00000040     app_shell.o (.text._ZN3app19motor_driver_client14SetPositionPidEPNS0_6ClientEPKhh)
                  000124d0    00000040     app_shell.o (.text._ZN3app19motor_driver_client18SetPositionControlEPNS0_6ClientEPKhh)
                  00012510    00000040     app_shell.o (.text._ZN3app19motor_driver_client6SetPidEPNS0_6ClientEPKhh)
                  00012550    00000040     lora.o (.text._ZN7drivers17LoraUart_ReadByteEPNS_15LoraUartContextEPh)
                  00012590    00000040     motor_driver_uart.o (.text._ZN7drivers24MotorDriverUart_ReadByteEPNS_22MotorDriverUartContextEPh)
                  000125d0    00000040     libclang_rt.builtins.a : aeabi_uidivmod.S.obj (.text)
                  00012610    0000003e     button.o (.text._ZN7drivers11Button_InitEPNS_13ButtonContextEPKNS_12ButtonConfigE)
                  0001264e    0000003e     libclang_rt.builtins.a : divmoddi4.c.obj (.text.__divmoddi4)
                  0001268c    0000003c     driverlib.a : dl_i2c.o (.text.DL_I2C_flushControllerTXFIFO)
                  000126c8    0000003c     chassis.o (.text._ZN3app12Chassis_StopEv)
                  00012704    0000003c     app_shell.o (.text._ZN3app12_GLOBAL__N_19WriteHex8Eh)
                  00012740    0000003c     board_button.o (.text._ZN5board17Board_ButtonsInitEv)
                  0001277c    0000003c     board_led.o (.text._ZN5board19Board_StatusLedInitEv)
                  000127b8    0000003c     gy931.o (.text._ZN7drivers11Gy931_ProbeEPNS_12Gy931ContextE)
                  000127f4    0000003c     gy931.o (.text._ZN7drivers13Gy931_IsReadyEPKNS_12Gy931ContextE)
                  00012830    0000003c     ina219.o (.text._ZN7drivers23Ina219_ConfigureDefaultEPNS_13Ina219ContextE)
                  0001286c    0000003c     libc.a : autoinit.c.obj (.text:__TI_auto_init_nobinit_nopinit)
                  000128a8    0000003a     soft_i2c.o (.text._ZN7drivers15SoftI2c_IsReadyEPKNS_14SoftI2cContextE)
                  000128e2    0000003a     oled_ssd1306.o (.text._ZN7drivers17OledSsd1306_ClearEPNS_18OledSsd1306ContextE)
                  0001291c    0000003a     libclang_rt.builtins.a : muldsi3.S.obj (.text)
                  00012956    00000002     --HOLE-- [fill = 0]
                  00012958    00000038     board_gy931.o (.text._ZN5board23Board_Gy931ProbeAddressEh)
                  00012990    00000038     led.o (.text._ZN7drivers10Led_ToggleEPNS_10LedContextE)
                  000129c8    00000038     buzzer.o (.text._ZN7drivers11Buzzer_InitEPNS_13BuzzerContextEPKNS_12BuzzerConfigE)
                  00012a00    00000038     button.o (.text._ZN7drivers14Button_ReadRawEPNS_13ButtonContextEPb)
                  00012a38    00000038     oled_ssd1306.o (.text._ZN7drivers16OledSsd1306_FillEPNS_18OledSsd1306ContextEh)
                  00012a70    00000038     ina219.o (.text._ZN7drivers19Ina219_ProbeAddressEPNS_13Ina219ContextEhPt)
                  00012aa8    00000038     led.o (.text._ZN7drivers8Led_InitEPNS_10LedContextEPKNS_9LedConfigE)
                  00012ae0    00000038     time.o (.text._ZN8services9Time_InitEv)
                  00012b18    00000036     oled_ssd1306.o (.text._ZN7drivers19OledSsd1306_IsReadyEPKNS_18OledSsd1306ContextE)
                  00012b4e    00000002     --HOLE-- [fill = 0]
                  00012b50    00000034     app_shell.o (.text._ZN3app12_GLOBAL__N_113Gy931OledTaskEv)
                  00012b84    00000034     app_shell.o (.text._ZN3app12_GLOBAL__N_114Ina219OledTaskEv)
                  00012bb8    00000034     board_button.o (.text._ZN5board19Board_ButtonsUpdateEj)
                  00012bec    00000030     driverlib.a : dl_i2c.o (.text.DL_I2C_flushControllerRXFIFO)
                  00012c1c    00000030                 : dl_uart.o (.text.DL_UART_transmitDataBlocking)
                  00012c4c    00000030     app_shell.o (.text._ZN3app12_GLOBAL__N_115WriteStatusLineEPKcN7drivers12DriverStatusE)
                  00012c7c    00000030     app_shell.o (.text._ZN3app12_GLOBAL__N_121PrintMotorConfigBlockERKNS_19motor_driver_client12CountsPerRevE)
                  00012cac    00000030     buzzer.o (.text._ZN7drivers10Buzzer_OffEPNS_13BuzzerContextE)
                  00012cdc    00000030     i2c_diag.o (.text._ZN7drivers12_GLOBAL__N_118CheckTransferErrorEP8I2C_Regs)
                  00012d0c    00000030     led.o (.text._ZN7drivers7Led_SetEPNS_10LedContextEb)
                  00012d3c    00000030     buzzer.o (.text._ZN7drivers9Buzzer_OnEPNS_13BuzzerContextE)
                  00012d6c    0000002e     ina219.o (.text._ZN7drivers19Ina219_ReadRegisterEPNS_13Ina219ContextEhPt)
                  00012d9a    00000002     --HOLE-- [fill = 0]
                  00012d9c    0000002c     app_shell.o (.text._ZN3app12_GLOBAL__N_113PrintLedUsageEv)
                  00012dc8    0000002c     board.o (.text._ZN5board10Board_InitEv)
                  00012df4    0000002c     board_oled.o (.text._ZN5board15Board_OledProbeEv)
                  00012e20    0000002c     board_gy931.o (.text._ZN5board21Board_Gy931RecoverBusEv)
                  00012e4c    0000002c     ina219.o (.text._ZN7drivers20Ina219_WriteRegisterEPNS_13Ina219ContextEht)
                  00012e78    0000002c     lora.o (.text._ZN7drivers28LoraUart_GetControllerStatusEPKNS_15LoraUartContextEPj)
                  00012ea4    0000002c     motor_driver_uart.o (.text._ZN7drivers35MotorDriverUart_GetControllerStatusEPKNS_22MotorDriverUartContextEPj)
                  00012ed0    0000002c     scheduler.o (.text._ZN8services20Scheduler_EnableTaskEhb)
                  00012efc    0000002a     ina219.o (.text._ZN7drivers12Ina219_ResetEPNS_13Ina219ContextE)
                  00012f26    0000002a     lora.o (.text._ZN7drivers23LoraUart_GetRxAvailableEPKNS_15LoraUartContextE)
                  00012f50    0000002a     motor_driver_uart.o (.text._ZN7drivers30MotorDriverUart_GetRxAvailableEPKNS_22MotorDriverUartContextE)
                  00012f7a    00000002     --HOLE-- [fill = 0]
                  00012f7c    00000028     ti_msp_dl_config.o (.text.SYSCFG_DL_SYSCTL_CLK_init)
                  00012fa4    00000028     app_shell.o (.text._ZN3app12_GLOBAL__N_112ResetCommandEiPKPKc)
                  00012fcc    00000028     board_lora.o (.text._ZN5board14Board_LoraInitEv)
                  00012ff4    00000028     board_motor_driver.o (.text._ZN5board21Board_MotorDriverInitEv)
                  0001301c    00000028     libc.a : boot_cortex_m.c.obj (.text:_c_int00_noargs)
                  00013044    00000026     driverlib.a : dl_i2c.o (.text.DL_I2C_setClockConfig)
                  0001306a    00000002     --HOLE-- [fill = 0]
                  0001306c    00000024     app_shell.o (.text._ZN3app12_GLOBAL__N_110WriteInt32Ei)
                  00013090    00000024     time.o (.text._ZN8services12Time_DelayMsEj)
                  000130b4    00000024     libclang_rt.builtins.a : muldi3.S.obj (.text)
                  000130d8    00000022     button.o (.text._ZN7drivers17Button_WasPressedEPNS_13ButtonContextE)
                  000130fa    00000022     button.o (.text._ZN7drivers18Button_WasReleasedEPNS_13ButtonContextE)
                  0001311c    00000020     app_shell.o (.text._ZN3app12_GLOBAL__N_126PrintMotorPositionPidBlockERKNS_19motor_driver_client11PositionPidE)
                  0001313c    00000020     board_led.o (.text._ZN5board13Board_LedIsOnENS_10BoardLedIdE)
                  0001315c    00000020     board_oled.o (.text._ZN5board14Board_OledInitEv)
                  0001317c    00000020     board_led.o (.text._ZN5board16Board_LedIsReadyENS_10BoardLedIdE)
                  0001319c    0000001e     ina219.o (.text._ZN7drivers17Ina219_GetAddressEPKNS_13Ina219ContextE)
                  000131ba    0000001e     ina219.o (.text._ZN7drivers21Ina219_GetCalibrationEPKNS_13Ina219ContextE)
                  000131d8    0000001e     libclang_rt.builtins.a : ashldi3.S.obj (.text)
                  000131f6    00000002     --HOLE-- [fill = 0]
                  000131f8    0000001c     driverlib.a : dl_spi.o (.text.DL_SPI_receiveDataCheck8)
                  00013214    0000001c                 : dl_spi.o (.text.DL_SPI_transmitDataCheck8)
                  00013230    0000001c     app_main.o (.text._ZN3app7App_RunEv)
                  0001324c    0000001c     board_led.o (.text._ZN5board11Board_LedOnENS_10BoardLedIdE)
                  00013268    0000001c     board_led.o (.text._ZN5board12Board_LedOffENS_10BoardLedIdE)
                  00013284    0000001c     board_led.o (.text._ZN5board15Board_LedToggleENS_10BoardLedIdE)
                  000132a0    0000001c     board_button.o (.text._ZN5board19Board_ButtonReadRawENS_13BoardButtonIdEPb)
                  000132bc    0000001c     board_button.o (.text._ZN5board21Board_ButtonIsPressedENS_13BoardButtonIdE)
                  000132d8    0000001c     board_button.o (.text._ZN5board22Board_ButtonWasPressedENS_13BoardButtonIdE)
                  000132f4    0000001c     board_button.o (.text._ZN5board23Board_ButtonWasReleasedENS_13BoardButtonIdE)
                  00013310    0000001c     ina219.o (.text._ZN7drivers14Ina219_IsReadyEPKNS_13Ina219ContextE)
                  0001332c    0000001c     fm24cl64b.o (.text._ZN7drivers17Fm24cl64b_IsReadyEPKNS_16Fm24cl64bContextE)
                  00013348    0000001c     debug_uart.o (.text._ZN8services19DebugUart_WriteCharEc)
                  00013364    0000001a     button.o (.text._ZN7drivers16Button_IsPressedEPKNS_13ButtonContextE)
                  0001337e    0000001a     led.o (.text._ZN7drivers8Led_IsOnEPKNS_10LedContextE)
                  00013398    0000001a     libclang_rt.builtins.a : aeabi_memset.S.obj (.text)
                  000133b2    00000002     --HOLE-- [fill = 0]
                  000133b4    00000018     board_i2c_bus.o (.text._ZN5board15Board_I2cBusGetEj)
                  000133cc    00000018     board_button.o (.text._ZN5board19Board_ButtonGetNameENS_13BoardButtonIdE)
                  000133e4    00000018     lora.o (.text._ZN7drivers20LoraUart_GetBaudrateEPKNS_15LoraUartContextE)
                  000133fc    00000018     motor_driver_uart.o (.text._ZN7drivers27MotorDriverUart_GetBaudrateEPKNS_22MotorDriverUartContextE)
                  00013414    00000018     time.o (.text._ZN8services15Time_HasElapsedEjj)
                  0001342c    00000016     app_main.o (.text._ZN12_GLOBAL__N_118App_ButtonScanTaskEv)
                  00013442    00000016     led.o (.text._ZN7drivers11Led_IsReadyEPKNS_10LedContextE)
                  00013458    00000016     buzzer.o (.text._ZN7drivers14Buzzer_IsReadyEPKNS_13BuzzerContextE)
                  0001346e    00000016     lora.o (.text._ZN7drivers16LoraUart_IsReadyEPKNS_15LoraUartContextE)
                  00013484    00000016     motor_driver_uart.o (.text._ZN7drivers23MotorDriverUart_IsReadyEPKNS_22MotorDriverUartContextE)
                  0001349a    00000016     libc.a : copy_zero_init.c.obj (.text:decompress:ZI:__TI_zero_init_nomemset)
                  000134b0    00000014     config_store.o (.text._ZN3app21ConfigStore_ParamNameEh)
                  000134c4    00000014     board_fram.o (.text._ZN5board14Board_FramInitEv)
                  000134d8    00000014     board_fram.o (.text._ZN5board14Board_FramReadEtPht)
                  000134ec    00000014     board_fram.o (.text._ZN5board15Board_FramWriteEtPKht)
                  00013500    00000014     board_lora.o (.text._ZN5board15Board_LoraWriteEPKht)
                  00013514    00000014     board_buzzer.o (.text._ZN5board16Board_BuzzerInitEv)
                  00013528    00000014     board_fram.o (.text._ZN5board18Board_FramReadByteEtPh)
                  0001353c    00000014     board_fram.o (.text._ZN5board18Board_FramSelfTestEv)
                  00013550    00000014     board_fram.o (.text._ZN5board19Board_FramWriteByteEth)
                  00013564    00000014     board_oled.o (.text._ZN5board19Board_OledWriteTextEhhPKc)
                  00013578    00000014     board_motor_driver.o (.text._ZN5board22Board_MotorDriverWriteEPKht)
                  0001358c    00000014     board_ina219.o (.text._ZN5board24Board_Ina219ProbeAddressEhPt)
                  000135a0    00000014     board_ina219.o (.text._ZN5board24Board_Ina219ReadRegisterEhPt)
                  000135b4    00000014     board_ina219.o (.text._ZN5board25Board_Ina219WriteRegisterEht)
                  000135c8    00000014     fm24cl64b.o (.text._ZN7drivers19Fm24cl64b_WriteByteEPNS_16Fm24cl64bContextEth)
                  000135dc    00000014     shell.o (.text._ZN8services15Shell_WriteLineEPKc)
                  000135f0    00000014     libclang_rt.builtins.a : aeabi_ldivmod.S.obj (.text)
                  00013604    00000012     driverlib.a : dl_spi.o (.text.DL_SPI_setClockConfig)
                  00013616    00000012                 : dl_uart.o (.text.DL_UART_setClockConfig)
                  00013628    00000012     libc.a : copy_decompress_none.c.obj (.text:decompress:none)
                  0001363a    00000002     --HOLE-- [fill = 0]
                  0001363c    00000010     time.o (.text.SysTick_Handler)
                  0001364c    00000010     board_lora.o (.text.UART0_IRQHandler)
                  0001365c    00000010     board_motor_driver.o (.text.UART1_IRQHandler)
                  0001366c    00000010     app_shell.o (.text._ZN3app12_GLOBAL__N_110AdcCommandEiPKPKc)
                  0001367c    00000010     board_buzzer.o (.text._ZN5board14Board_BuzzerOnEv)
                  0001368c    00000010     board_oled.o (.text._ZN5board14Board_OledFillEh)
                  0001369c    00000010     board_buzzer.o (.text._ZN5board15Board_BuzzerOffEv)
                  000136ac    00000010     board_oled.o (.text._ZN5board15Board_OledClearEv)
                  000136bc    00000010     board_fram.o (.text._ZN5board17Board_FramIsReadyEv)
                  000136cc    00000010     board_ina219.o (.text._ZN5board17Board_Ina219ResetEv)
                  000136dc    00000010     board_lora.o (.text._ZN5board17Board_LoraIsReadyEv)
                  000136ec    00000010     board_oled.o (.text._ZN5board17Board_OledIsReadyEv)
                  000136fc    00000010     board_gy931.o (.text._ZN5board18Board_Gy931IsReadyEv)
                  0001370c    00000010     board_lora.o (.text._ZN5board18Board_LoraReadByteEPh)
                  0001371c    00000010     board_buzzer.o (.text._ZN5board19Board_BuzzerIsReadyEv)
                  0001372c    00000010     board_ina219.o (.text._ZN5board19Board_Ina219IsReadyEv)
                  0001373c    00000010     board_lora.o (.text._ZN5board19Board_LoraWriteByteEh)
                  0001374c    00000010     board_oled.o (.text._ZN5board19Board_OledSetInvertEb)
                  0001375c    00000010     board_fram.o (.text._ZN5board20Board_FramRecoverBusEv)
                  0001376c    00000010     board_lora.o (.text._ZN5board21Board_LoraGetBaudrateEv)
                  0001377c    00000010     board_oled.o (.text._ZN5board21Board_OledTestPatternEv)
                  0001378c    00000010     board_ina219.o (.text._ZN5board22Board_Ina219GetAddressEv)
                  0001379c    00000010     board_ina219.o (.text._ZN5board22Board_Ina219RecoverBusEv)
                  000137ac    00000010     board_ina219.o (.text._ZN5board22Board_Ina219SetAddressEh)
                  000137bc    00000010     board_oled.o (.text._ZN5board22Board_OledSetDisplayOnEb)
                  000137cc    00000010     board_ina219.o (.text._ZN5board23Board_Ina219CalibrationEv)
                  000137dc    00000010     board_lora.o (.text._ZN5board23Board_LoraClearRxBufferEv)
                  000137ec    00000010     board_lora.o (.text._ZN5board24Board_LoraGetRxAvailableEv)
                  000137fc    00000010     board_motor_driver.o (.text._ZN5board24Board_MotorDriverIsReadyEv)
                  0001380c    00000010     board_motor_driver.o (.text._ZN5board25Board_MotorDriverReadByteEPh)
                  0001381c    00000010     board_motor_driver.o (.text._ZN5board26Board_MotorDriverWriteByteEh)
                  0001382c    00000010     board_ina219.o (.text._ZN5board27Board_Ina219ReadMeasurementEPN7drivers17Ina219MeasurementE)
                  0001383c    00000010     board_lora.o (.text._ZN5board27Board_LoraGetRxDroppedCountEv)
                  0001384c    00000010     board_ina219.o (.text._ZN5board28Board_Ina219ConfigureDefaultEv)
                  0001385c    00000010     board_ina219.o (.text._ZN5board28Board_Ina219ReadRawRegistersEPN7drivers18Ina219RawRegistersE)
                  0001386c    00000010     board_motor_driver.o (.text._ZN5board28Board_MotorDriverGetBaudrateEv)
                  0001387c    00000010     board_lora.o (.text._ZN5board29Board_LoraGetControllerStatusEPj)
                  0001388c    00000010     board_motor_driver.o (.text._ZN5board30Board_MotorDriverClearRxBufferEv)
                  0001389c    00000010     board_motor_driver.o (.text._ZN5board31Board_MotorDriverGetRxAvailableEv)
                  000138ac    00000010     board_motor_driver.o (.text._ZN5board34Board_MotorDriverGetRxDroppedCountEv)
                  000138bc    00000010     board_motor_driver.o (.text._ZN5board36Board_MotorDriverGetControllerStatusEPj)
                  000138cc    00000010     fault.o (.text._ZN8services9Fault_SetENS_9FaultCodeE)
                  000138dc    0000000c     board_oled.o (.text._ZN5board15Board_OledWidthEv)
                  000138e8    0000000c     board_imu.o (.text._ZN5board16Board_ImuIsReadyEv)
                  000138f4    0000000c     board_oled.o (.text._ZN5board16Board_OledHeightEv)
                  00013900    0000000c     board_oled.o (.text._ZN5board17Board_OledAddressEv)
                  0001390c    0000000c     board_gy931.o (.text._ZN5board18Board_Gy931AddressEv)
                  00013918    0000000c     lora.o (.text._ZN7drivers26LoraUart_GetRxDroppedCountEPKNS_15LoraUartContextE)
                  00013924    0000000c     motor_driver_uart.o (.text._ZN7drivers33MotorDriverUart_GetRxDroppedCountEPKNS_22MotorDriverUartContextE)
                  00013930    0000000c     fault.o (.text._ZN8services10Fault_InitEv)
                  0001393c    0000000c     time.o (.text._ZN8services11Time_MillisEv)
                  00013948    0000000c     debug_uart.o (.text._ZN8services17DebugUart_IsReadyEv)
                  00013954    0000000c     fault.o (.text._ZN8services9Fault_GetEv)
                  00013960    0000000a     driverlib.a : dl_common.o (.text.DL_Common_delayCycles)
                  0001396a    0000000a     fm24cl64b.o (.text._ZN7drivers18Fm24cl64b_ReadByteEPNS_16Fm24cl64bContextEtPh)
                  00013974    00000008     config_store.o (.text._ZN3app15ConfigStore_GetEv)
                  0001397c    00000008     chassis.o (.text._ZN3app16Chassis_GetStateEv)
                  00013984    00000008     config_store.o (.text._ZN3app21ConfigStore_GetStatusEv)
                  0001398c    00000008     shell.o (.text._ZN8services15Shell_WriteCharEc)
                  00013994    00000008     shell.o (.text._ZN8services17Shell_WriteStringEPKc)
                  0001399c    00000008     shell.o (.text._ZN8services17Shell_WriteUInt32Ej)
                  000139a4    00000008     libclang_rt.builtins.a : aeabi_memcpy.S.obj (.text)
                  000139ac    00000006     board_fram.o (.text._ZN5board23Board_FramCapacityBytesEv)
                  000139b2    00000006     libc.a : exit.c.obj (.text:abort)
                  000139b8    00000004     libsysbm.a : hostexit.c.obj (.text.HOSTexit)
                  000139bc    00000004     startup_mspm0g351x_ticlang.o (.text.Reset_Handler)
                  000139c0    00000010     libc.a : boot_cortex_m.c.obj (.tramp._c_int00_noargs.1)
                  000139d0    00000004     config_store.o (.text._ZN3app22ConfigStore_ParamCountEv)
                  000139d4    00000004     board_led.o (.text._ZN5board14Board_LedCountEv)
                  000139d8    00000004     board_i2c_bus.o (.text._ZN5board17Board_I2cBusCountEv)
                  000139dc    00000004     libc.a : pre_init.c.obj (.text._system_pre_init)

.cinit     0    00016560    00000080     
                  00016560    00000048     (.cinit..data.load) [load image, compression = lzss]
                  000165a8    0000000c     (__TI_handler_table)
                  000165b4    00000008     (.cinit..TrimTable.load) [load image, compression = zero_init]
                  000165bc    00000008     (.cinit..bss.load) [load image, compression = zero_init]
                  000165c4    00000018     (__TI_cinit_table)
                  000165dc    00000004     --HOLE-- [fill = 0]

.rodata    0    000139e0    00002b80     
                  000139e0    00000400     config_store.o (.rodata..L.crctable)
                  00013de0    000001e0     oled_ssd1306.o (.rodata._ZN7drivers12_GLOBAL__N_18kFont5x7E)
                  00013fc0    000001a0     config_store.o (.rodata._ZN3app12_GLOBAL__N_117kParamDescriptorsE)
                  00014160    00000100     app_shell.o (.rodata..L.crctable)
                  00014260    00000100     chassis.o (.rodata..L.crctable)
                  00014360    000000b0     board_i2c_bus.o (.rodata._ZN5board12_GLOBAL__N_110g_i2cBusesE)
                  00014410    00000045     app_shell.o (.rodata.str1.2354522874658768371.1)
                  00014455    00000044     app_shell.o (.rodata.str1.9914841333937594294.1)
                  00014499    00000043     app_shell.o (.rodata.str1.4373942943625881212.1)
                  000144dc    00000040     app_shell.o (.rodata.str1.867258927394270769.1)
                  0001451c    0000003f     app_shell.o (.rodata.str1.9307362830757344490.1)
                  0001455b    0000003b     app_shell.o (.rodata.str1.13305312957799781956.1)
                  00014596    0000003a     app_shell.o (.rodata.str1.9210286441137644766.1)
                  000145d0    00000039     app_shell.o (.rodata.str1.2029421846019890511.1)
                  00014609    00000039     app_shell.o (.rodata.str1.444886150797460539.1)
                  00014642    00000002     ti_msp_dl_config.o (.rodata.gDEBUG_UARTClockConfig)
                  00014644    00000038     board_ina219.o (.rodata._ZN5boardL14g_ina219ConfigE)
                  0001467c    00000037     app_shell.o (.rodata.str1.1695784342961477721.1)
                  000146b3    00000035     app_shell.o (.rodata.str1.1983276796565948189.1)
                  000146e8    00000034     app_shell.o (.rodata.str1.10765756584264170646.1)
                  0001471c    00000033     app_shell.o (.rodata.str1.871335262082007188.1)
                  0001474f    00000001     app_shell.o (.rodata._ZZN3app19motor_driver_client13ResetEncodersEPNS0_6ClientEE18kResetBothEncoders)
                  00014750    00000030     board_button.o (.rodata._ZN5board12_GLOBAL__N_115g_buttonConfigsE)
                  00014780    00000030     app_shell.o (.rodata.str1.1222417806814152126.1)
                  000147b0    00000030     app_shell.o (.rodata.str1.14683574465395229248.1)
                  000147e0    0000002e     app_shell.o (.rodata.str1.2112829382197544942.1)
                  0001480e    0000002e     app_shell.o (.rodata.str1.9018689912544847403.1)
                  0001483c    0000002d     app_shell.o (.rodata.str1.15191095550199914221.1)
                  00014869    00000003     shell.o (.rodata.str1.10427229796524742636.1)
                  0001486c    0000002c     board_fram.o (.rodata._ZN5boardL12g_framConfigE)
                  00014898    0000002c     app_shell.o (.rodata.str1.6784117614563954040.1)
                  000148c4    0000002b     app_shell.o (.rodata.str1.14764860569804947382.1)
                  000148ef    0000002a     app_shell.o (.rodata.str1.11596455395092152221.1)
                  00014919    0000002a     app_shell.o (.rodata.str1.3797254539615626137.1)
                  00014943    00000027     app_shell.o (.rodata.str1.14384267027075031912.1)
                  0001496a    00000027     app_shell.o (.rodata.str1.16382682332685916288.1)
                  00014991    00000026     shell.o (.rodata.str1.6901712316327456926.1)
                  000149b7    00000001     app_shell.o (.rodata.str1.16396290157895994996.1)
                  000149b8    00000024     board_led.o (.rodata._ZN5board12_GLOBAL__N_112g_ledConfigsE)
                  000149dc    00000023     app_shell.o (.rodata.str1.3590894685082263268.1)
                  000149ff    00000001     --HOLE-- [fill = 0]
                  00014a00    00000020     board_gy931.o (.rodata._ZN5board12_GLOBAL__N_116g_gy931I2cConfigE)
                  00014a20    00000020     app_shell.o (.rodata.str1.12395812238841081648.1)
                  00014a40    00000020     app_shell.o (.rodata.str1.12689837511127178451.1)
                  00014a60    00000020     app_shell.o (.rodata.str1.16423083052983990348.1)
                  00014a80    00000020     app_shell.o (.rodata.str1.5407661000085889072.1)
                  00014aa0    0000001f     app_shell.o (.rodata.str1.14613035533147221857.1)
                  00014abf    0000001f     app_shell.o (.rodata.str1.14648361161363975803.1)
                  00014ade    0000001f     app_shell.o (.rodata.str1.5763226748955673020.1)
                  00014afd    0000001f     app_shell.o (.rodata.str1.7078129644076030331.1)
                  00014b1c    0000001e     app_shell.o (.rodata.str1.15434941628325917383.1)
                  00014b3a    0000001e     app_shell.o (.rodata.str1.16704859502029595055.1)
                  00014b58    0000001d     app_shell.o (.rodata.str1.10214528574276002300.1)
                  00014b75    0000001d     app_shell.o (.rodata.str1.11417636334450101405.1)
                  00014b92    0000001d     app_shell.o (.rodata.str1.14205965562906606532.1)
                  00014baf    0000001d     app_shell.o (.rodata.str1.4574943756938435304.1)
                  00014bcc    0000001d     app_shell.o (.rodata.str1.4765282673395706663.1)
                  00014be9    0000001d     app_shell.o (.rodata.str1.7598868572271513517.1)
                  00014c06    0000001d     app_shell.o (.rodata.str1.8674060046003533625.1)
                  00014c23    00000001     --HOLE-- [fill = 0]
                  00014c24    0000001c     app_shell.o (.rodata..Lswitch.table._ZN3app12_GLOBAL__N_115WriteStatusLineEPKcN7drivers12DriverStatusE)
                  00014c40    0000001c     app_shell.o (.rodata.str1.4087775114754293678.1)
                  00014c5c    0000001c     app_shell.o (.rodata.str1.4561355912026728236.1)
                  00014c78    0000001c     app_shell.o (.rodata.str1.5915467744016243284.1)
                  00014c94    0000001c     app_shell.o (.rodata.str1.6250143692566116756.1)
                  00014cb0    0000001b     app_shell.o (.rodata.str1.15478097508406171409.1)
                  00014ccb    0000001b     app_shell.o (.rodata.str1.18352946289163076249.1)
                  00014ce6    0000001b     config_store.o (.rodata.str1.2236637114522060655.1)
                  00014d01    0000001b     app_shell.o (.rodata.str1.2703608743373828131.1)
                  00014d1c    0000001b     app_shell.o (.rodata.str1.8287504627243269121.1)
                  00014d37    0000001b     app_shell.o (.rodata.str1.8406640635343907673.1)
                  00014d52    0000001b     app_shell.o (.rodata.str1.8913484995449839833.1)
                  00014d6d    0000001b     app_shell.o (.rodata.str1.931795180867172166.1)
                  00014d88    0000001a     app_shell.o (.rodata.str1.1047053269920726699.1)
                  00014da2    0000001a     config_store.o (.rodata.str1.11392457666285366609.1)
                  00014dbc    0000001a     app_shell.o (.rodata.str1.15718131002869739432.1)
                  00014dd6    0000001a     app_shell.o (.rodata.str1.1982875910071538061.1)
                  00014df0    0000001a     config_store.o (.rodata.str1.2838908260229807131.1)
                  00014e0a    0000001a     app_shell.o (.rodata.str1.8635314900416989314.1)
                  00014e24    0000001a     app_shell.o (.rodata.str1.8963702969112686911.1)
                  00014e3e    00000019     app_shell.o (.rodata.str1.11515932757094173050.1)
                  00014e57    00000019     app_shell.o (.rodata.str1.15453031427744251291.1)
                  00014e70    00000019     app_shell.o (.rodata.str1.4760549623963180888.1)
                  00014e89    00000019     app_shell.o (.rodata.str1.5661974456178807691.1)
                  00014ea2    00000002     ti_msp_dl_config.o (.rodata.gIMU_SPI_clockConfig)
                  00014ea4    00000018     oled_ssd1306.o (.rodata..L__const._ZN7drivers16OledSsd1306_InitEPNS_18OledSsd1306ContextEPKNS_17OledSsd1306ConfigE.init_commands)
                  00014ebc    00000018     app_shell.o (.rodata..Lswitch.table._ZN3app12_GLOBAL__N_110LedCommandEiPKPKc)
                  00014ed4    00000018     app_shell.o (.rodata..Lswitch.table._ZN3app12_GLOBAL__N_114ChassisCommandEiPKPKc)
                  00014eec    00000018     app_shell.o (.rodata..Lswitch.table._ZN3app12_GLOBAL__N_114PrintI2cStatusEPKN7drivers16I2cDiagBusConfigE)
                  00014f04    00000018     board_lora.o (.rodata._ZN5boardL12g_loraConfigE)
                  00014f1c    00000018     board_motor_driver.o (.rodata._ZN5boardL19g_motorDriverConfigE)
                  00014f34    00000018     app_shell.o (.rodata.str1.11563976360612832870.1)
                  00014f4c    00000018     app_shell.o (.rodata.str1.18064870084815154193.1)
                  00014f64    00000018     app_shell.o (.rodata.str1.9771379453730038237.1)
                  00014f7c    00000017     app_shell.o (.rodata.str1.12165419393892591306.1)
                  00014f93    00000017     app_shell.o (.rodata.str1.12740913980015652509.1)
                  00014faa    00000017     app_shell.o (.rodata.str1.1920446765128684034.1)
                  00014fc1    00000017     shell.o (.rodata.str1.5680428239841774557.1)
                  00014fd8    00000017     app_shell.o (.rodata.str1.8730613329291864653.1)
                  00014fef    00000016     app_shell.o (.rodata.str1.10655198733228341824.1)
                  00015005    00000016     app_shell.o (.rodata.str1.12144774989780088692.1)
                  0001501b    00000016     app_shell.o (.rodata.str1.13204140776596746875.1)
                  00015031    00000016     app_shell.o (.rodata.str1.13513309088777963189.1)
                  00015047    00000016     config_store.o (.rodata.str1.3725611125351957354.1)
                  0001505d    00000016     app_shell.o (.rodata.str1.699895553008956456.1)
                  00015073    00000015     app_shell.o (.rodata.str1.10063100725489470447.1)
                  00015088    00000015     config_store.o (.rodata.str1.10150284861949655031.1)
                  0001509d    00000015     config_store.o (.rodata.str1.10605337665644237881.1)
                  000150b2    00000015     app_shell.o (.rodata.str1.10898729738530409555.1)
                  000150c7    00000015     app_shell.o (.rodata.str1.11988425272379929349.1)
                  000150dc    00000015     app_shell.o (.rodata.str1.13993368087264210023.1)
                  000150f1    00000015     app_shell.o (.rodata.str1.14355953386558495977.1)
                  00015106    00000015     app_shell.o (.rodata.str1.15233515076766056445.1)
                  0001511b    00000015     app_shell.o (.rodata.str1.15957297692044786119.1)
                  00015130    00000015     config_store.o (.rodata.str1.17282935567747796149.1)
                  00015145    00000015     app_shell.o (.rodata.str1.2767916714829989116.1)
                  0001515a    00000015     app_shell.o (.rodata.str1.4235466395725798433.1)
                  0001516f    00000015     config_store.o (.rodata.str1.6020816126973889502.1)
                  00015184    00000015     app_shell.o (.rodata.str1.603491450591505373.1)
                  00015199    00000015     app_shell.o (.rodata.str1.7717429345810212474.1)
                  000151ae    00000015     app_shell.o (.rodata.str1.7836821320996295404.1)
                  000151c3    00000015     config_store.o (.rodata.str1.7855644257009699570.1)
                  000151d8    00000015     app_shell.o (.rodata.str1.7950140236767125311.1)
                  000151ed    00000015     app_shell.o (.rodata.str1.9174659539396871698.1)
                  00015202    00000014     app_shell.o (.rodata.str1.11810056576553604146.1)
                  00015216    00000014     config_store.o (.rodata.str1.14046477834994395825.1)
                  0001522a    00000014     config_store.o (.rodata.str1.16396527236185789208.1)
                  0001523e    00000014     config_store.o (.rodata.str1.17439377310877603789.1)
                  00015252    00000014     config_store.o (.rodata.str1.17460830964141532537.1)
                  00015266    00000014     app_shell.o (.rodata.str1.17828083914467509567.1)
                  0001527a    00000014     config_store.o (.rodata.str1.439253798699179061.1)
                  0001528e    00000014     app_shell.o (.rodata.str1.5558565371248379366.1)
                  000152a2    00000014     app_shell.o (.rodata.str1.7858154358613116398.1)
                  000152b6    00000014     app_shell.o (.rodata.str1.8718534738695724520.1)
                  000152ca    00000013     app_shell.o (.rodata.str1.11325690732168652611.1)
                  000152dd    00000013     app_shell.o (.rodata.str1.16079002699872141978.1)
                  000152f0    00000013     app_shell.o (.rodata.str1.16835946644515092483.1)
                  00015303    00000013     app_shell.o (.rodata.str1.2034895498426947182.1)
                  00015316    00000013     app_shell.o (.rodata.str1.3775892609595549761.1)
                  00015329    00000013     app_shell.o (.rodata.str1.6741221679932540615.1)
                  0001533c    00000013     app_shell.o (.rodata.str1.8602760754867183125.1)
                  0001534f    00000012     app_shell.o (.rodata.str1.10942142601811546277.1)
                  00015361    00000012     app_shell.o (.rodata.str1.12139680495649507277.1)
                  00015373    00000012     app_shell.o (.rodata.str1.12185306449572332681.1)
                  00015385    00000012     app_shell.o (.rodata.str1.14391673264418435202.1)
                  00015397    00000012     app_shell.o (.rodata.str1.14520633566092975123.1)
                  000153a9    00000012     app_shell.o (.rodata.str1.16002955380413704612.1)
                  000153bb    00000012     app_shell.o (.rodata.str1.16556295950709461880.1)
                  000153cd    00000012     app_shell.o (.rodata.str1.3256265506082810711.1)
                  000153df    00000012     app_shell.o (.rodata.str1.6141924026740255213.1)
                  000153f1    00000012     app_shell.o (.rodata.str1.7112165894667225227.1)
                  00015403    00000012     app_shell.o (.rodata.str1.7267978533840413714.1)
                  00015415    00000012     shell.o (.rodata.str1.8246939600463437344.1)
                  00015427    00000012     app_shell.o (.rodata.str1.9055250215258332321.1)
                  00015439    00000011     app_shell.o (.rodata.str1.10686345719893916156.1)
                  0001544a    00000011     app_shell.o (.rodata.str1.11187590877126870748.1)
                  0001545b    00000011     app_shell.o (.rodata.str1.12824201010631389445.1)
                  0001546c    00000011     app_shell.o (.rodata.str1.13030721149427952655.1)
                  0001547d    00000011     app_shell.o (.rodata.str1.13354450145327234839.1)
                  0001548e    00000011     app_shell.o (.rodata.str1.15176035481894813218.1)
                  0001549f    00000011     app_shell.o (.rodata.str1.289627103221730650.1)
                  000154b0    00000011     app_shell.o (.rodata.str1.3030045481369325523.1)
                  000154c1    00000011     app_shell.o (.rodata.str1.3261447141251759136.1)
                  000154d2    00000011     app_shell.o (.rodata.str1.355323809480126203.1)
                  000154e3    00000011     app_shell.o (.rodata.str1.671945175647755142.1)
                  000154f4    00000011     app_shell.o (.rodata.str1.7323251101578629502.1)
                  00015505    00000011     app_shell.o (.rodata.str1.8567835230344529755.1)
                  00015516    00000011     app_shell.o (.rodata.str1.860288802755812513.1)
                  00015527    00000011     config_store.o (.rodata.str1.8760345401795888346.1)
                  00015538    00000011     app_shell.o (.rodata.str1.8778837135027269807.1)
                  00015549    00000011     app_shell.o (.rodata.str1.9391809367291156356.1)
                  0001555a    00000010     app_shell.o (.rodata.str1.10673636489446728236.1)
                  0001556a    00000010     app_shell.o (.rodata.str1.11208828733426745331.1)
                  0001557a    00000010     app_shell.o (.rodata.str1.12775857017664274056.1)
                  0001558a    00000010     app_shell.o (.rodata.str1.13643216153024045165.1)
                  0001559a    00000010     app_shell.o (.rodata.str1.14039278806392033347.1)
                  000155aa    00000010     app_shell.o (.rodata.str1.1420893864952581301.1)
                  000155ba    00000010     app_shell.o (.rodata.str1.1431720735396876446.1)
                  000155ca    00000010     app_shell.o (.rodata.str1.15631921964184120084.1)
                  000155da    00000010     app_shell.o (.rodata.str1.16368304853068341593.1)
                  000155ea    00000010     app_shell.o (.rodata.str1.16458884249986146812.1)
                  000155fa    00000010     app_shell.o (.rodata.str1.2686006007855973365.1)
                  0001560a    00000010     app_shell.o (.rodata.str1.3408180322678171874.1)
                  0001561a    00000010     app_shell.o (.rodata.str1.4542404440653722632.1)
                  0001562a    00000010     config_store.o (.rodata.str1.5276595031501217099.1)
                  0001563a    00000010     app_shell.o (.rodata.str1.5515999138927817340.1)
                  0001564a    00000010     app_shell.o (.rodata.str1.5531439754045694522.1)
                  0001565a    00000010     app_shell.o (.rodata.str1.6357824671205653470.1)
                  0001566a    00000010     app_shell.o (.rodata.str1.738127925484632372.1)
                  0001567a    00000010     app_shell.o (.rodata.str1.9330511253547015856.1)
                  0001568a    00000010     app_shell.o (.rodata.str1.97227345183721019.1)
                  0001569a    0000000f     app_shell.o (.rodata.str1.10240434636320304394.1)
                  000156a9    0000000f     app_shell.o (.rodata.str1.10676024008785630941.1)
                  000156b8    0000000f     config_store.o (.rodata.str1.11187368836135200185.1)
                  000156c7    0000000f     app_shell.o (.rodata.str1.11627259167888876947.1)
                  000156d6    0000000f     app_shell.o (.rodata.str1.12171028956779732402.1)
                  000156e5    0000000f     app_shell.o (.rodata.str1.13071761163155843764.1)
                  000156f4    0000000f     app_shell.o (.rodata.str1.13760472749468428784.1)
                  00015703    0000000f     app_shell.o (.rodata.str1.13837654594440465327.1)
                  00015712    0000000f     app_shell.o (.rodata.str1.13884664080836546401.1)
                  00015721    0000000f     app_shell.o (.rodata.str1.15616611124726231738.1)
                  00015730    0000000f     config_store.o (.rodata.str1.15852422492383229417.1)
                  0001573f    0000000f     app_shell.o (.rodata.str1.17079496693311907377.1)
                  0001574e    0000000f     app_shell.o (.rodata.str1.17124062935232563653.1)
                  0001575d    0000000f     app_shell.o (.rodata.str1.1818528395550233868.1)
                  0001576c    0000000f     config_store.o (.rodata.str1.18351778878402045207.1)
                  0001577b    0000000f     app_shell.o (.rodata.str1.2370428100076675559.1)
                  0001578a    0000000f     app_shell.o (.rodata.str1.2831129786622658843.1)
                  00015799    0000000f     app_shell.o (.rodata.str1.4641291215374644332.1)
                  000157a8    0000000f     app_shell.o (.rodata.str1.486096689455371503.1)
                  000157b7    0000000f     app_shell.o (.rodata.str1.4906473829960206720.1)
                  000157c6    0000000f     app_shell.o (.rodata.str1.5263001642383835309.1)
                  000157d5    0000000f     app_shell.o (.rodata.str1.551504573030492924.1)
                  000157e4    0000000f     app_main.o (.rodata.str1.5564718753887216056.1)
                  000157f3    0000000f     app_shell.o (.rodata.str1.5640218363402806195.1)
                  00015802    0000000f     app_shell.o (.rodata.str1.6032807723822315695.1)
                  00015811    0000000f     app_shell.o (.rodata.str1.638712236475948105.1)
                  00015820    0000000f     app_shell.o (.rodata.str1.6756868286634741853.1)
                  0001582f    0000000f     app_shell.o (.rodata.str1.7536280090074249547.1)
                  0001583e    0000000f     app_shell.o (.rodata.str1.7743837333376801574.1)
                  0001584d    0000000f     app_shell.o (.rodata.str1.7863986223166603054.1)
                  0001585c    0000000f     app_shell.o (.rodata.str1.8767742179201719121.1)
                  0001586b    0000000f     app_shell.o (.rodata.str1.9167415978045996327.1)
                  0001587a    0000000f     app_shell.o (.rodata.str1.9613508491485191367.1)
                  00015889    0000000e     app_shell.o (.rodata.str1.10256891727475852015.1)
                  00015897    0000000e     app_shell.o (.rodata.str1.10289290574810046808.1)
                  000158a5    0000000e     app_shell.o (.rodata.str1.10315330772167196409.1)
                  000158b3    0000000e     app_shell.o (.rodata.str1.10453793674332237457.1)
                  000158c1    0000000e     app_shell.o (.rodata.str1.10594942368384070832.1)
                  000158cf    0000000e     app_shell.o (.rodata.str1.107782727556153465.1)
                  000158dd    0000000e     app_shell.o (.rodata.str1.11085599432999950484.1)
                  000158eb    0000000e     app_shell.o (.rodata.str1.11695941591751426527.1)
                  000158f9    0000000e     app_shell.o (.rodata.str1.11886110321540570233.1)
                  00015907    0000000e     app_shell.o (.rodata.str1.12164603244115374595.1)
                  00015915    0000000e     app_shell.o (.rodata.str1.13442463908107530774.1)
                  00015923    0000000e     app_shell.o (.rodata.str1.13905551555577476806.1)
                  00015931    0000000e     config_store.o (.rodata.str1.14135675076917525159.1)
                  0001593f    0000000e     app_shell.o (.rodata.str1.14223157730264656398.1)
                  0001594d    0000000e     app_shell.o (.rodata.str1.15243759629067864478.1)
                  0001595b    0000000e     app_shell.o (.rodata.str1.15271578700424090375.1)
                  00015969    0000000e     app_shell.o (.rodata.str1.15728559335418606553.1)
                  00015977    0000000e     app_shell.o (.rodata.str1.16800956331689080151.1)
                  00015985    0000000e     app_shell.o (.rodata.str1.17348661065144809008.1)
                  00015993    0000000e     app_shell.o (.rodata.str1.1735606048226007486.1)
                  000159a1    0000000e     app_shell.o (.rodata.str1.17876943342118536213.1)
                  000159af    0000000e     app_shell.o (.rodata.str1.18269279803075602796.1)
                  000159bd    0000000e     app_shell.o (.rodata.str1.2160470991696560517.1)
                  000159cb    0000000e     app_shell.o (.rodata.str1.4179493015675024832.1)
                  000159d9    0000000e     app_shell.o (.rodata.str1.5123905964118624653.1)
                  000159e7    0000000e     app_shell.o (.rodata.str1.6213986015100719150.1)
                  000159f5    0000000e     app_shell.o (.rodata.str1.6411710860483804230.1)
                  00015a03    0000000e     app_shell.o (.rodata.str1.7571154574660953324.1)
                  00015a11    0000000e     app_shell.o (.rodata.str1.8674441817985872181.1)
                  00015a1f    0000000e     app_shell.o (.rodata.str1.8909966966318238916.1)
                  00015a2d    0000000e     app_shell.o (.rodata.str1.9144633642026494361.1)
                  00015a3b    0000000e     app_shell.o (.rodata.str1.9307220092008964426.1)
                  00015a49    0000000e     app_shell.o (.rodata.str1.9315764513386952153.1)
                  00015a57    0000000d     app_shell.o (.rodata.str1.10491446739592751644.1)
                  00015a64    0000000d     app_shell.o (.rodata.str1.10756110055158838206.1)
                  00015a71    0000000d     app_shell.o (.rodata.str1.11066750309610323631.1)
                  00015a7e    0000000d     app_shell.o (.rodata.str1.11139999694760206320.1)
                  00015a8b    0000000d     app_shell.o (.rodata.str1.11627215746227218045.1)
                  00015a98    0000000d     app_shell.o (.rodata.str1.1207053347194752072.1)
                  00015aa5    0000000d     app_shell.o (.rodata.str1.12583477948311004516.1)
                  00015ab2    0000000d     app_shell.o (.rodata.str1.13456686701278321828.1)
                  00015abf    0000000d     app_shell.o (.rodata.str1.14031660303973722868.1)
                  00015acc    0000000d     app_shell.o (.rodata.str1.14241588195389562460.1)
                  00015ad9    0000000d     app_shell.o (.rodata.str1.15586260887364424134.1)
                  00015ae6    0000000d     app_shell.o (.rodata.str1.15645525071624774828.1)
                  00015af3    0000000d     app_shell.o (.rodata.str1.15890787717468802715.1)
                  00015b00    0000000d     app_shell.o (.rodata.str1.16434931421802318348.1)
                  00015b0d    0000000d     app_shell.o (.rodata.str1.16954485173288524775.1)
                  00015b1a    0000000d     app_shell.o (.rodata.str1.17563913066770742391.1)
                  00015b27    0000000d     app_shell.o (.rodata.str1.17894747200582054988.1)
                  00015b34    0000000d     app_shell.o (.rodata.str1.17946445462908322557.1)
                  00015b41    0000000d     app_shell.o (.rodata.str1.2355494237171943752.1)
                  00015b4e    0000000d     app_shell.o (.rodata.str1.3012107245209823623.1)
                  00015b5b    0000000d     app_shell.o (.rodata.str1.307130865115015209.1)
                  00015b68    0000000d     app_shell.o (.rodata.str1.347170334538847339.1)
                  00015b75    0000000d     app_shell.o (.rodata.str1.3791812099772881164.1)
                  00015b82    0000000d     app_shell.o (.rodata.str1.3879560646291831357.1)
                  00015b8f    0000000d     app_shell.o (.rodata.str1.3892416308557052197.1)
                  00015b9c    0000000d     app_shell.o (.rodata.str1.4203577644585159315.1)
                  00015ba9    0000000d     app_shell.o (.rodata.str1.4537851641835472601.1)
                  00015bb6    0000000d     app_shell.o (.rodata.str1.457134685058795777.1)
                  00015bc3    0000000d     app_shell.o (.rodata.str1.4581240687132052572.1)
                  00015bd0    0000000d     app_shell.o (.rodata.str1.4718301332189448330.1)
                  00015bdd    0000000d     app_shell.o (.rodata.str1.5164433326538179767.1)
                  00015bea    0000000d     app_shell.o (.rodata.str1.5215965920267335660.1)
                  00015bf7    0000000d     app_shell.o (.rodata.str1.5372235894363256449.1)
                  00015c04    0000000d     app_shell.o (.rodata.str1.5376205643164354286.1)
                  00015c11    0000000d     app_shell.o (.rodata.str1.560197181004569561.1)
                  00015c1e    0000000d     app_shell.o (.rodata.str1.6429102455957669569.1)
                  00015c2b    0000000d     app_shell.o (.rodata.str1.6985088606437959035.1)
                  00015c38    0000000d     app_shell.o (.rodata.str1.7523381390121946373.1)
                  00015c45    0000000d     app_shell.o (.rodata.str1.7612592787831263617.1)
                  00015c52    0000000d     app_shell.o (.rodata.str1.7850322238517394535.1)
                  00015c5f    0000000d     app_shell.o (.rodata.str1.7923626403509450708.1)
                  00015c6c    0000000d     app_shell.o (.rodata.str1.8035528561561339514.1)
                  00015c79    0000000d     app_shell.o (.rodata.str1.8270660343300337824.1)
                  00015c86    0000000d     app_shell.o (.rodata.str1.8497090786602423890.1)
                  00015c93    0000000d     app_shell.o (.rodata.str1.8509687067808380963.1)
                  00015ca0    0000000d     app_shell.o (.rodata.str1.8515655798636656221.1)
                  00015cad    0000000d     app_shell.o (.rodata.str1.868716187015188771.1)
                  00015cba    0000000d     app_shell.o (.rodata.str1.906066569443847875.1)
                  00015cc7    0000000d     app_shell.o (.rodata.str1.9244822838137428263.1)
                  00015cd4    0000000d     app_shell.o (.rodata.str1.9340981210136901086.1)
                  00015ce1    00000003     app_shell.o (.rodata.str1.11537518471689317164.1)
                  00015ce4    0000000c     board_button.o (.rodata..Lswitch.table._ZN5board19Board_ButtonGetNameENS_13BoardButtonIdE)
                  00015cf0    0000000c     board_imu.o (.rodata..Lswitch.table._ZN5board19Board_ImuSetSpiModeEh)
                  00015cfc    0000000c     board_buzzer.o (.rodata._ZN5boardL14g_buzzerConfigE)
                  00015d08    0000000c     app_shell.o (.rodata.str1.10218881960771275491.1)
                  00015d14    0000000c     config_store.o (.rodata.str1.10230824036256239097.1)
                  00015d20    0000000c     config_store.o (.rodata.str1.12033219760783693721.1)
                  00015d2c    0000000c     app_shell.o (.rodata.str1.12588545937538655288.1)
                  00015d38    0000000c     app_shell.o (.rodata.str1.13507390935846511250.1)
                  00015d44    0000000c     app_shell.o (.rodata.str1.1370999210712480726.1)
                  00015d50    0000000c     app_shell.o (.rodata.str1.13772462829107236127.1)
                  00015d5c    0000000c     app_shell.o (.rodata.str1.13923183189790686887.1)
                  00015d68    0000000c     app_shell.o (.rodata.str1.14639049301600042713.1)
                  00015d74    0000000c     app_shell.o (.rodata.str1.14891418699318862133.1)
                  00015d80    0000000c     app_shell.o (.rodata.str1.15397327130298834941.1)
                  00015d8c    0000000c     config_store.o (.rodata.str1.15686160682059732547.1)
                  00015d98    0000000c     app_shell.o (.rodata.str1.16234102244779358492.1)
                  00015da4    0000000c     app_shell.o (.rodata.str1.16354136421054348586.1)
                  00015db0    0000000c     app_shell.o (.rodata.str1.16403652897496990845.1)
                  00015dbc    0000000c     app_shell.o (.rodata.str1.1654390679581727887.1)
                  00015dc8    0000000c     app_shell.o (.rodata.str1.1666417036609286127.1)
                  00015dd4    0000000c     app_shell.o (.rodata.str1.16986343509753490348.1)
                  00015de0    0000000c     app_shell.o (.rodata.str1.17269466629117989041.1)
                  00015dec    0000000c     app_shell.o (.rodata.str1.18321780392631004131.1)
                  00015df8    0000000c     app_shell.o (.rodata.str1.1886428569580364902.1)
                  00015e04    0000000c     app_shell.o (.rodata.str1.2672312858105111990.1)
                  00015e10    0000000c     app_shell.o (.rodata.str1.2888160770863374914.1)
                  00015e1c    0000000c     app_shell.o (.rodata.str1.2961690588144940041.1)
                  00015e28    0000000c     app_shell.o (.rodata.str1.4126815238888174570.1)
                  00015e34    0000000c     app_shell.o (.rodata.str1.4190646769514731288.1)
                  00015e40    0000000c     app_shell.o (.rodata.str1.4215151899724944882.1)
                  00015e4c    0000000c     app_shell.o (.rodata.str1.4334110622959027977.1)
                  00015e58    0000000c     app_shell.o (.rodata.str1.4392945030196501414.1)
                  00015e64    0000000c     app_shell.o (.rodata.str1.4654016994079693252.1)
                  00015e70    0000000c     app_shell.o (.rodata.str1.4830991237564729075.1)
                  00015e7c    0000000c     app_shell.o (.rodata.str1.5191515299446853227.1)
                  00015e88    0000000c     app_shell.o (.rodata.str1.5652790780262836254.1)
                  00015e94    0000000c     app_shell.o (.rodata.str1.6064720514220957747.1)
                  00015ea0    0000000c     app_shell.o (.rodata.str1.6351667589775284342.1)
                  00015eac    0000000c     app_shell.o (.rodata.str1.6578158171544725696.1)
                  00015eb8    0000000c     app_shell.o (.rodata.str1.6732668152964995079.1)
                  00015ec4    0000000c     app_shell.o (.rodata.str1.7232347160047529429.1)
                  00015ed0    0000000c     app_shell.o (.rodata.str1.7940456731757887554.1)
                  00015edc    0000000c     app_shell.o (.rodata.str1.8934507472916618446.1)
                  00015ee8    0000000c     app_shell.o (.rodata.str1.9081962557253678714.1)
                  00015ef4    0000000c     app_shell.o (.rodata.str1.9082118575882053516.1)
                  00015f00    0000000c     app_shell.o (.rodata.str1.9555752271679171493.1)
                  00015f0c    0000000c     app_shell.o (.rodata.str1.9910804097406052719.1)
[...]
00012831  _ZN7drivers23Ina219_ConfigureDefaultEPNS_13Ina219ContextE                                   
0001286d  __TI_auto_init_nobinit_nopinit                                                              
000128a9  _ZN7drivers15SoftI2c_IsReadyEPKNS_14SoftI2cContextE                                         
000128e3  _ZN7drivers17OledSsd1306_ClearEPNS_18OledSsd1306ContextE                                    
0001291d  __muldsi3                                                                                   
00012959  _ZN5board23Board_Gy931ProbeAddressEh                                                        
00012991  _ZN7drivers10Led_ToggleEPNS_10LedContextE                                                   
000129c9  _ZN7drivers11Buzzer_InitEPNS_13BuzzerContextEPKNS_12BuzzerConfigE                           
00012a01  _ZN7drivers14Button_ReadRawEPNS_13ButtonContextEPb                                          
00012a39  _ZN7drivers16OledSsd1306_FillEPNS_18OledSsd1306ContextEh                                    
00012a71  _ZN7drivers19Ina219_ProbeAddressEPNS_13Ina219ContextEhPt                                    
00012aa9  _ZN7drivers8Led_InitEPNS_10LedContextEPKNS_9LedConfigE                                      
00012ae1  _ZN8services9Time_InitEv                                                                    
00012b19  _ZN7drivers19OledSsd1306_IsReadyEPKNS_18OledSsd1306ContextE                                 
00012bb9  _ZN5board19Board_ButtonsUpdateEj                                                            
00012bed  DL_I2C_flushControllerRXFIFO                                                                
00012c1d  DL_UART_transmitDataBlocking                                                                
00012cad  _ZN7drivers10Buzzer_OffEPNS_13BuzzerContextE                                                
00012d0d  _ZN7drivers7Led_SetEPNS_10LedContextEb                                                      
00012d3d  _ZN7drivers9Buzzer_OnEPNS_13BuzzerContextE                                                  
00012d6d  _ZN7drivers19Ina219_ReadRegisterEPNS_13Ina219ContextEhPt                                    
00012dc9  _ZN5board10Board_InitEv                                                                     
00012df5  _ZN5board15Board_OledProbeEv                                                                
00012e21  _ZN5board21Board_Gy931RecoverBusEv                                                          
00012e4d  _ZN7drivers20Ina219_WriteRegisterEPNS_13Ina219ContextEht                                    
00012e79  _ZN7drivers28LoraUart_GetControllerStatusEPKNS_15LoraUartContextEPj                         
00012ea5  _ZN7drivers35MotorDriverUart_GetControllerStatusEPKNS_22MotorDriverUartContextEPj           
00012ed1  _ZN8services20Scheduler_EnableTaskEhb                                                       
00012efd  _ZN7drivers12Ina219_ResetEPNS_13Ina219ContextE                                              
00012f27  _ZN7drivers23LoraUart_GetRxAvailableEPKNS_15LoraUartContextE                                
00012f51  _ZN7drivers30MotorDriverUart_GetRxAvailableEPKNS_22MotorDriverUartContextE                  
00012f7d  SYSCFG_DL_SYSCTL_CLK_init                                                                   
00012fcd  _ZN5board14Board_LoraInitEv                                                                 
00012ff5  _ZN5board21Board_MotorDriverInitEv                                                          
0001301d  _c_int00_noargs                                                                             
00013045  DL_I2C_setClockConfig                                                                       
00013091  _ZN8services12Time_DelayMsEj                                                                
000130b5  __aeabi_lmul                                                                                
000130b5  __muldi3                                                                                    
000130d9  _ZN7drivers17Button_WasPressedEPNS_13ButtonContextE                                         
000130fb  _ZN7drivers18Button_WasReleasedEPNS_13ButtonContextE                                        
0001313d  _ZN5board13Board_LedIsOnENS_10BoardLedIdE                                                   
0001315d  _ZN5board14Board_OledInitEv                                                                 
0001317d  _ZN5board16Board_LedIsReadyENS_10BoardLedIdE                                                
0001319d  _ZN7drivers17Ina219_GetAddressEPKNS_13Ina219ContextE                                        
000131bb  _ZN7drivers21Ina219_GetCalibrationEPKNS_13Ina219ContextE                                    
000131d9  __aeabi_llsl                                                                                
000131d9  __ashldi3                                                                                   
000131f9  DL_SPI_receiveDataCheck8                                                                    
00013215  DL_SPI_transmitDataCheck8                                                                   
00013231  _ZN3app7App_RunEv                                                                           
0001324d  _ZN5board11Board_LedOnENS_10BoardLedIdE                                                     
00013269  _ZN5board12Board_LedOffENS_10BoardLedIdE                                                    
00013285  _ZN5board15Board_LedToggleENS_10BoardLedIdE                                                 
000132a1  _ZN5board19Board_ButtonReadRawENS_13BoardButtonIdEPb                                        
000132bd  _ZN5board21Board_ButtonIsPressedENS_13BoardButtonIdE                                        
000132d9  _ZN5board22Board_ButtonWasPressedENS_13BoardButtonIdE                                       
000132f5  _ZN5board23Board_ButtonWasReleasedENS_13BoardButtonIdE                                      
00013311  _ZN7drivers14Ina219_IsReadyEPKNS_13Ina219ContextE                                           
0001332d  _ZN7drivers17Fm24cl64b_IsReadyEPKNS_16Fm24cl64bContextE                                     
00013349  _ZN8services19DebugUart_WriteCharEc                                                         
00013365  _ZN7drivers16Button_IsPressedEPKNS_13ButtonContextE                                         
0001337f  _ZN7drivers8Led_IsOnEPKNS_10LedContextE                                                     
00013399  __aeabi_memset                                                                              
00013399  __aeabi_memset4                                                                             
00013399  __aeabi_memset8                                                                             
000133a7  __aeabi_memclr                                                                              
000133a7  __aeabi_memclr4                                                                             
000133a7  __aeabi_memclr8                                                                             
000133b5  _ZN5board15Board_I2cBusGetEj                                                                
000133cd  _ZN5board19Board_ButtonGetNameENS_13BoardButtonIdE                                          
000133e5  _ZN7drivers20LoraUart_GetBaudrateEPKNS_15LoraUartContextE                                   
000133fd  _ZN7drivers27MotorDriverUart_GetBaudrateEPKNS_22MotorDriverUartContextE                     
00013415  _ZN8services15Time_HasElapsedEjj                                                            
00013443  _ZN7drivers11Led_IsReadyEPKNS_10LedContextE                                                 
00013459  _ZN7drivers14Buzzer_IsReadyEPKNS_13BuzzerContextE                                           
0001346f  _ZN7drivers16LoraUart_IsReadyEPKNS_15LoraUartContextE                                       
00013485  _ZN7drivers23MotorDriverUart_IsReadyEPKNS_22MotorDriverUartContextE                         
0001349b  __TI_zero_init_nomemset                                                                     
000134b1  _ZN3app21ConfigStore_ParamNameEh                                                            
000134c5  _ZN5board14Board_FramInitEv                                                                 
000134d9  _ZN5board14Board_FramReadEtPht                                                              
000134ed  _ZN5board15Board_FramWriteEtPKht                                                            
00013501  _ZN5board15Board_LoraWriteEPKht                                                             
00013515  _ZN5board16Board_BuzzerInitEv                                                               
00013529  _ZN5board18Board_FramReadByteEtPh                                                           
0001353d  _ZN5board18Board_FramSelfTestEv                                                             
00013551  _ZN5board19Board_FramWriteByteEth                                                           
00013565  _ZN5board19Board_OledWriteTextEhhPKc                                                        
00013579  _ZN5board22Board_MotorDriverWriteEPKht                                                      
0001358d  _ZN5board24Board_Ina219ProbeAddressEhPt                                                     
000135a1  _ZN5board24Board_Ina219ReadRegisterEhPt                                                     
000135b5  _ZN5board25Board_Ina219WriteRegisterEht                                                     
000135c9  _ZN7drivers19Fm24cl64b_WriteByteEPNS_16Fm24cl64bContextEth                                  
000135dd  _ZN8services15Shell_WriteLineEPKc                                                           
000135f1  __aeabi_ldivmod                                                                             
00013605  DL_SPI_setClockConfig                                                                       
00013617  DL_UART_setClockConfig                                                                      
00013629  __TI_decompress_none                                                                        
0001363d  SysTick_Handler                                                                             
0001364d  UART0_IRQHandler                                                                            
0001365d  UART1_IRQHandler                                                                            
0001367d  _ZN5board14Board_BuzzerOnEv                                                                 
0001368d  _ZN5board14Board_OledFillEh                                                                 
0001369d  _ZN5board15Board_BuzzerOffEv                                                                
000136ad  _ZN5board15Board_OledClearEv                                                                
000136bd  _ZN5board17Board_FramIsReadyEv                                                              
000136cd  _ZN5board17Board_Ina219ResetEv                                                              
000136dd  _ZN5board17Board_LoraIsReadyEv                                                              
000136ed  _ZN5board17Board_OledIsReadyEv                                                              
000136fd  _ZN5board18Board_Gy931IsReadyEv                                                             
0001370d  _ZN5board18Board_LoraReadByteEPh                                                            
0001371d  _ZN5board19Board_BuzzerIsReadyEv                                                            
0001372d  _ZN5board19Board_Ina219IsReadyEv                                                            
0001373d  _ZN5board19Board_LoraWriteByteEh                                                            
0001374d  _ZN5board19Board_OledSetInvertEb                                                            
0001375d  _ZN5board20Board_FramRecoverBusEv                                                           
0001376d  _ZN5board21Board_LoraGetBaudrateEv                                                          
0001377d  _ZN5board21Board_OledTestPatternEv                                                          
0001378d  _ZN5board22Board_Ina219GetAddressEv                                                         
0001379d  _ZN5board22Board_Ina219RecoverBusEv                                                         
000137ad  _ZN5board22Board_Ina219SetAddressEh                                                         
000137bd  _ZN5board22Board_OledSetDisplayOnEb                                                         
000137cd  _ZN5board23Board_Ina219CalibrationEv                                                        
000137dd  _ZN5board23Board_LoraClearRxBufferEv                                                        
000137ed  _ZN5board24Board_LoraGetRxAvailableEv                                                       
000137fd  _ZN5board24Board_MotorDriverIsReadyEv                                                       
0001380d  _ZN5board25Board_MotorDriverReadByteEPh                                                     
0001381d  _ZN5board26Board_MotorDriverWriteByteEh                                                     
0001382d  _ZN5board27Board_Ina219ReadMeasurementEPN7drivers17Ina219MeasurementE                       
0001383d  _ZN5board27Board_LoraGetRxDroppedCountEv                                                    
0001384d  _ZN5board28Board_Ina219ConfigureDefaultEv                                                   
0001385d  _ZN5board28Board_Ina219ReadRawRegistersEPN7drivers18Ina219RawRegistersE                     
0001386d  _ZN5board28Board_MotorDriverGetBaudrateEv                                                   
0001387d  _ZN5board29Board_LoraGetControllerStatusEPj                                                 
0001388d  _ZN5board30Board_MotorDriverClearRxBufferEv                                                 
0001389d  _ZN5board31Board_MotorDriverGetRxAvailableEv                                                
000138ad  _ZN5board34Board_MotorDriverGetRxDroppedCountEv                                             
000138bd  _ZN5board36Board_MotorDriverGetControllerStatusEPj                                          
000138cd  _ZN8services9Fault_SetENS_9FaultCodeE                                                       
000138dd  _ZN5board15Board_OledWidthEv                                                                
000138e9  _ZN5board16Board_ImuIsReadyEv                                                               
000138f5  _ZN5board16Board_OledHeightEv                                                               
00013901  _ZN5board17Board_OledAddressEv                                                              
0001390d  _ZN5board18Board_Gy931AddressEv                                                             
00013919  _ZN7drivers26LoraUart_GetRxDroppedCountEPKNS_15LoraUartContextE                             
00013925  _ZN7drivers33MotorDriverUart_GetRxDroppedCountEPKNS_22MotorDriverUartContextE               
00013931  _ZN8services10Fault_InitEv                                                                  
0001393d  _ZN8services11Time_MillisEv                                                                 
00013949  _ZN8services17DebugUart_IsReadyEv                                                           
00013955  _ZN8services9Fault_GetEv                                                                    
00013961  DL_Common_delayCycles                                                                       
0001396b  _ZN7drivers18Fm24cl64b_ReadByteEPNS_16Fm24cl64bContextEtPh                                  
00013975  _ZN3app15ConfigStore_GetEv                                                                  
0001397d  _ZN3app16Chassis_GetStateEv                                                                 
00013985  _ZN3app21ConfigStore_GetStatusEv                                                            
0001398d  _ZN8services15Shell_WriteCharEc                                                             
00013995  _ZN8services17Shell_WriteStringEPKc                                                         
0001399d  _ZN8services17Shell_WriteUInt32Ej                                                           
000139a5  __aeabi_memcpy                                                                              
000139a5  __aeabi_memcpy4                                                                             
000139a5  __aeabi_memcpy8                                                                             
000139ad  _ZN5board23Board_FramCapacityBytesEv                                                        
000139b3  abort                                                                                       
000139b8  C$$EXIT                                                                                     
000139b9  HOSTexit                                                                                    
000139bd  Reset_Handler                                                                               
000139d1  _ZN3app22ConfigStore_ParamCountEv                                                           
000139d5  _ZN5board14Board_LedCountEv                                                                 
000139d9  _ZN5board17Board_I2cBusCountEv                                                              
000139dd  _system_pre_init                                                                            
0001474f  _ZZN3app19motor_driver_client13ResetEncodersEPNS0_6ClientEE18kResetBothEncoders             
000165a8  __TI_Handler_Table_Base                                                                     
000165b4  __TI_Handler_Table_Limit                                                                    
000165c4  __TI_CINIT_Base                                                                             
000165dc  __TI_CINIT_Limit                                                                            
000165dc  __TI_CINIT_Warm                                                                             
20200000  __start___llvm_prf_bits                                                                     
20200000  __start___llvm_prf_cnts                                                                     
20200000  __stop___llvm_prf_bits                                                                      
20200000  __stop___llvm_prf_cnts                                                                      
2020033c  FACTORYVALUE                                                                                
20200658  gDEBUG_UARTBackup                                                                           
20200688  gIMU_SPIBackup                                                                              
202006b0  DL_FACTORYREGION_TrimTable                                                                  
2020ff00  __stack                                                                                     
20210000  __STACK_END                                                                                 
ffffffff  __TI_pprof_out_hndl                                                                         
ffffffff  __TI_prof_data_size                                                                         
ffffffff  __TI_prof_data_start                                                                        
ffffffff  __binit__                                                                                   
ffffffff  binit                                                                                       
UNDEFED   __mpu_init                                                                                  
UNDEFED   _system_post_cinit                                                                          

[393 symbols]
