******************************************************************************
            TI ARM Clang Linker PC v5.1.1                      
******************************************************************************
>> Linked Mon Jun 29 21:57:45 2026

OUTPUT FILE NAME:   <gugaPI.out>
ENTRY POINT SYMBOL: "_c_int00_noargs"  address: 00000665


MEMORY CONFIGURATION

         name            origin    length      used     unused   attr    fill
----------------------  --------  ---------  --------  --------  ----  --------
  FLASH                 00000000   00080000  00000770  0007f890  R  X
  SRAM_BANK0            20200000   00010000  000001fd  0000fe03  RW X
  SRAM_BANK1            20210000   00010000  00000000  00010000  RW X
  BCR_CONFIG            41c00000   000000ff  00000000  000000ff  R   
  BSL_CONFIG            41c00100   00000080  00000000  00000080  R   
  DATA                  41d00000   00004000  00000000  00004000  R   


SEGMENT ALLOCATION MAP

run origin  load origin   length   init length attrs members
----------  ----------- ---------- ----------- ----- -------
00000000    00000000    00000770   00000770    r-x
  00000000    00000000    000000c0   000000c0    r-- .intvecs
  000000c0    000000c0    00000680   00000680    r-x .text
  00000740    00000740    00000010   00000010    r-- .rodata
  00000750    00000750    00000020   00000020    r-- .cinit
20200000    20200000    000000fd   00000000    rw-
  20200000    20200000    000000fd   00000000    rw- .data
2020ff00    2020ff00    00000100   00000000    rw-
  2020ff00    2020ff00    00000100   00000000    rw- .stack


SECTION ALLOCATION MAP

 output                                  attributes/
section   page    origin      length       input sections
--------  ----  ----------  ----------   ----------------
.intvecs   0    00000000    000000c0     
                  00000000    000000c0     startup_mspm0g351x_ticlang.o (.intvecs)

.text      0    000000c0    00000680     
                  000000c0    000001b0     scheduler.o (.text._ZN8services13Scheduler_RunEv)
                  00000270    000000e0     scheduler.o (.text._ZN8services17Scheduler_AddTaskEPKcPFvvEjjPh)
                  00000350    000000b0     scheduler.o (.text._ZN8services14Scheduler_InitEv)
                  00000400    0000009a     libc.a : memcpy16.S.obj (.text:memcpy)
                  0000049a    00000002     startup_mspm0g351x_ticlang.o (.text.Default_Handler)
                  0000049c    0000007c     libc.a : copy_decompress_lzss.c.obj (.text:decompress:lzss)
                  00000518    0000003c            : autoinit.c.obj (.text:__TI_auto_init_nobinit_nopinit)
                  00000554    0000003a     empty_cpp.o (.text.main)
                  0000058e    00000002     ti_msp_dl_config.o (.text.SYSCFG_DL_GPIO_init)
                  00000590    00000038     app_main.o (.text._ZN3app8App_InitEv)
                  000005c8    00000038     time.o (.text._ZN8services9Time_InitEv)
                  00000600    00000034     ti_msp_dl_config.o (.text.SYSCFG_DL_initPower)
                  00000634    00000030     ti_msp_dl_config.o (.text.SYSCFG_DL_SYSCTL_init)
                  00000664    00000028     libc.a : boot_cortex_m.c.obj (.text:_c_int00_noargs)
                  0000068c    0000001c     app_main.o (.text._ZN3app7App_RunEv)
                  000006a8    00000012     libc.a : copy_decompress_none.c.obj (.text:decompress:none)
                  000006ba    00000010     ti_msp_dl_config.o (.text.SYSCFG_DL_init)
                  000006ca    00000002     app_main.o (.text._ZN12_GLOBAL__N_117App_HeartbeatTaskEv)
                  000006cc    00000010     time.o (.text.SysTick_Handler)
                  000006dc    00000010     fault.o (.text._ZN8services9Fault_SetENS_9FaultCodeE)
                  000006ec    0000000c     fault.o (.text._ZN8services10Fault_InitEv)
                  000006f8    0000000c     time.o (.text._ZN8services11Time_MillisEv)
                  00000704    0000000c     fault.o (.text._ZN8services9Fault_GetEv)
                  00000710    0000000a     driverlib.a : dl_common.o (.text.DL_Common_delayCycles)
                  0000071a    00000002     board.o (.text._ZN5board10Board_InitEv)
                  0000071c    00000008     libclang_rt.builtins.a : aeabi_memcpy.S.obj (.text)
                  00000724    00000006     libc.a : exit.c.obj (.text:abort)
                  0000072a    00000004     libsysbm.a : hostexit.c.obj (.text.HOSTexit)
                  0000072e    00000004     startup_mspm0g351x_ticlang.o (.text.Reset_Handler)
                  00000732    00000004     libc.a : pre_init.c.obj (.text._system_pre_init)
                  00000736    00000002     board.o (.text._ZN5board14Board_LateInitEv)
                  00000738    00000002     log.o (.text._ZN8services8Log_InitEv)
                  0000073a    00000006     --HOLE-- [fill = 0]

.cinit     0    00000750    00000020     
                  00000750    00000009     (.cinit..data.load) [load image, compression = lzss]
                  00000759    00000003     --HOLE-- [fill = 0]
                  0000075c    00000008     (__TI_handler_table)
                  00000764    00000008     (__TI_cinit_table)
                  0000076c    00000004     --HOLE-- [fill = 0]

.rodata    0    00000740    00000010     
                  00000740    0000000a     app_main.o (.rodata.str1.1839410120130765391.1)
                  0000074a    00000006     --HOLE-- [fill = 0]

.init_array 
*          0    00000000    00000000     UNINITIALIZED

.binit     0    00000000    00000000     

.data      0    20200000    000000fd     UNINITIALIZED
                  20200000    000000f0     scheduler.o (.data._ZN8servicesL7g_tasksE)
                  202000f0    00000008     app_main.o (.data._ZN3appL10g_appStateE)
                  202000f8    00000004     time.o (.data._ZN8servicesL8g_millisE)
                  202000fc    00000001     fault.o (.data._ZN8servicesL11g_faultCodeE)

.stack     0    2020ff00    00000100     UNINITIALIZED
                  2020ff00    00000004     libc.a : boot_cortex_m.c.obj (.stack)
                  2020ff04    000000fc     --HOLE--

__llvm_prf_cnts 
*          0    20200000    00000000     UNINITIALIZED

__llvm_prf_bits 
*          0    20200000    00000000     UNINITIALIZED

MODULE SUMMARY

       Module                         code   ro data   rw data
       ------                         ----   -------   -------
    .\
       startup_mspm0g351x_ticlang.o   6      192       0      
       ti_msp_dl_config.o             118    0         0      
       empty_cpp.o                    58     0         0      
    +--+------------------------------+------+---------+---------+
       Total:                         182    192       0      
                                                              
    .\app\
       app_main.o                     86     10        8      
    +--+------------------------------+------+---------+---------+
       Total:                         86     10        8      
                                                              
    .\board\
       board.o                        4      0         0      
    +--+------------------------------+------+---------+---------+
       Total:                         4      0         0      
                                                              
    .\services\
       scheduler.o                    832    0         240    
       time.o                         84     0         4      
       fault.o                        40     0         1      
       log.o                          2      0         0      
    +--+------------------------------+------+---------+---------+
       Total:                         958    0         245    
                                                              
    C:/ti/mspm0_sdk_2_10_00_04/source/ti/driverlib/lib/ticlang/m0p/mspm0gx51x/driverlib.a
       dl_common.o                    10     0         0      
    +--+------------------------------+------+---------+---------+
       Total:                         10     0         0      
                                                              
    C:\ti\ccs2100\ccs\tools\compiler\ti-cgt-armllvm_5.1.1.LTS\lib\armv6m-ti-none-eabi/c/libc.a
       memcpy16.S.obj                 154    0         0      
       copy_decompress_lzss.c.obj     124    0         0      
       autoinit.c.obj                 60     0         0      
       boot_cortex_m.c.obj            40     0         0      
       copy_decompress_none.c.obj     18     0         0      
       exit.c.obj                     6      0         0      
       pre_init.c.obj                 4      0         0      
    +--+------------------------------+------+---------+---------+
       Total:                         406    0         0      
                                                              
    C:\ti\ccs2100\ccs\tools\compiler\ti-cgt-armllvm_5.1.1.LTS\lib\armv6m-ti-none-eabi/c/libsysbm.a
       hostexit.c.obj                 4      0         0      
    +--+------------------------------+------+---------+---------+
       Total:                         4      0         0      
                                                              
    C:\ti\ccs2100\ccs\tools\compiler\ti-cgt-armllvm_5.1.1.LTS\lib\armv6m-ti-none-eabi/libclang_rt.builtins.a
       aeabi_memcpy.S.obj             8      0         0      
    +--+------------------------------+------+---------+---------+
       Total:                         8      0         0      
                                                              
       Stack:                         0      0         256    
       Linker Generated:              0      25        0      
    +--+------------------------------+------+---------+---------+
       Grand Total:                   1658   227       509    


LINKER GENERATED COPY TABLES

__TI_cinit_table @ 00000764 records: 1, size/record: 8, table size: 8
	.data: load addr=00000750, load size=00000009 bytes, run addr=20200000, run size=000000fd bytes, compression=lzss


LINKER GENERATED HANDLER TABLE

__TI_handler_table @ 0000075c records: 2, size/record: 4, table size: 8
	index: 0, handler: __TI_decompress_lzss
	index: 1, handler: __TI_decompress_none


GLOBAL SYMBOLS: SORTED ALPHABETICALLY BY Name 

address   name                                        
-------   ----                                        
0000049b  ADC0_IRQHandler                             
0000049b  ADC1_IRQHandler                             
0000049b  AESADV_IRQHandler                           
0000072a  C$$EXIT                                     
0000049b  CANFD0_IRQHandler                           
0000049b  CANFD1_IRQHandler                           
0000049b  DAC0_IRQHandler                             
00000711  DL_Common_delayCycles                       
0000049b  DMA_IRQHandler                              
0000049b  Default_Handler                             
0000049b  GROUP0_IRQHandler                           
0000049b  GROUP1_IRQHandler                           
0000072b  HOSTexit                                    
0000049b  HardFault_Handler                           
0000049b  I2C0_IRQHandler                             
0000049b  I2C1_IRQHandler                             
0000049b  I2C2_IRQHandler                             
0000049b  LFSS_IRQHandler                             
0000049b  NMI_Handler                                 
0000049b  PendSV_Handler                              
0000072f  Reset_Handler                               
0000049b  SPI0_IRQHandler                             
0000049b  SPI1_IRQHandler                             
0000049b  SPI2_IRQHandler                             
0000049b  SVC_Handler                                 
0000058f  SYSCFG_DL_GPIO_init                         
00000635  SYSCFG_DL_SYSCTL_init                       
000006bb  SYSCFG_DL_init                              
00000601  SYSCFG_DL_initPower                         
000006cd  SysTick_Handler                             
0000049b  TIMA0_IRQHandler                            
0000049b  TIMA1_IRQHandler                            
0000049b  TIMG0_IRQHandler                            
0000049b  TIMG12_IRQHandler                           
0000049b  TIMG14_IRQHandler                           
0000049b  TIMG6_IRQHandler                            
0000049b  TIMG7_IRQHandler                            
0000049b  TIMG8_IRQHandler                            
0000049b  TIMG9_IRQHandler                            
0000049b  UART0_IRQHandler                            
0000049b  UART1_IRQHandler                            
0000049b  UART3_IRQHandler                            
0000049b  UART4_IRQHandler                            
0000049b  UART5_IRQHandler                            
0000049b  UART6_IRQHandler                            
0000049b  UART7_IRQHandler                            
0000068d  _ZN3app7App_RunEv                           
00000591  _ZN3app8App_InitEv                          
0000071b  _ZN5board10Board_InitEv                     
00000737  _ZN5board14Board_LateInitEv                 
000006ed  _ZN8services10Fault_InitEv                  
000006f9  _ZN8services11Time_MillisEv                 
000000c1  _ZN8services13Scheduler_RunEv               
00000351  _ZN8services14Scheduler_InitEv              
00000271  _ZN8services17Scheduler_AddTaskEPKcPFvvEjjPh
00000739  _ZN8services8Log_InitEv                     
00000705  _ZN8services9Fault_GetEv                    
000006dd  _ZN8services9Fault_SetENS_9FaultCodeE       
000005c9  _ZN8services9Time_InitEv                    
20210000  __STACK_END                                 
00000100  __STACK_SIZE                                
00000000  __TI_ATRegion0_region_sz                    
00000000  __TI_ATRegion0_src_addr                     
00000000  __TI_ATRegion0_trg_addr                     
00000000  __TI_ATRegion1_region_sz                    
00000000  __TI_ATRegion1_src_addr                     
00000000  __TI_ATRegion1_trg_addr                     
00000000  __TI_ATRegion2_region_sz                    
00000000  __TI_ATRegion2_src_addr                     
00000000  __TI_ATRegion2_trg_addr                     
00000764  __TI_CINIT_Base                             
0000076c  __TI_CINIT_Limit                            
0000076c  __TI_CINIT_Warm                             
0000075c  __TI_Handler_Table_Base                     
00000764  __TI_Handler_Table_Limit                    
00000519  __TI_auto_init_nobinit_nopinit              
0000049d  __TI_decompress_lzss                        
000006a9  __TI_decompress_none                        
ffffffff  __TI_pprof_out_hndl                         
ffffffff  __TI_prof_data_size                         
ffffffff  __TI_prof_data_start                        
00000000  __TI_static_base__                          
0000071d  __aeabi_memcpy                              
0000071d  __aeabi_memcpy4                             
0000071d  __aeabi_memcpy8                             
ffffffff  __binit__                                   
UNDEFED   __mpu_init                                  
2020ff00  __stack                                     
20200000  __start___llvm_prf_bits                     
20200000  __start___llvm_prf_cnts                     
20200000  __stop___llvm_prf_bits                      
20200000  __stop___llvm_prf_cnts                      
00000665  _c_int00_noargs                             
UNDEFED   _system_post_cinit                          
00000733  _system_pre_init                            
00000725  abort                                       
ffffffff  binit                                       
00000000  interruptVectors                            
00000555  main                                        
00000401  memcpy                                      


GLOBAL SYMBOLS: SORTED BY Symbol Address 

address   name                                        
-------   ----                                        
00000000  __TI_ATRegion0_region_sz                    
00000000  __TI_ATRegion0_src_addr                     
00000000  __TI_ATRegion0_trg_addr                     
00000000  __TI_ATRegion1_region_sz                    
00000000  __TI_ATRegion1_src_addr                     
00000000  __TI_ATRegion1_trg_addr                     
00000000  __TI_ATRegion2_region_sz                    
00000000  __TI_ATRegion2_src_addr                     
00000000  __TI_ATRegion2_trg_addr                     
00000000  __TI_static_base__                          
00000000  interruptVectors                            
000000c1  _ZN8services13Scheduler_RunEv               
00000100  __STACK_SIZE                                
00000271  _ZN8services17Scheduler_AddTaskEPKcPFvvEjjPh
00000351  _ZN8services14Scheduler_InitEv              
00000401  memcpy                                      
0000049b  ADC0_IRQHandler                             
0000049b  ADC1_IRQHandler                             
0000049b  AESADV_IRQHandler                           
0000049b  CANFD0_IRQHandler                           
0000049b  CANFD1_IRQHandler                           
0000049b  DAC0_IRQHandler                             
0000049b  DMA_IRQHandler                              
0000049b  Default_Handler                             
0000049b  GROUP0_IRQHandler                           
0000049b  GROUP1_IRQHandler                           
0000049b  HardFault_Handler                           
0000049b  I2C0_IRQHandler                             
0000049b  I2C1_IRQHandler                             
0000049b  I2C2_IRQHandler                             
0000049b  LFSS_IRQHandler                             
0000049b  NMI_Handler                                 
0000049b  PendSV_Handler                              
0000049b  SPI0_IRQHandler                             
0000049b  SPI1_IRQHandler                             
0000049b  SPI2_IRQHandler                             
0000049b  SVC_Handler                                 
0000049b  TIMA0_IRQHandler                            
0000049b  TIMA1_IRQHandler                            
0000049b  TIMG0_IRQHandler                            
0000049b  TIMG12_IRQHandler                           
0000049b  TIMG14_IRQHandler                           
0000049b  TIMG6_IRQHandler                            
0000049b  TIMG7_IRQHandler                            
0000049b  TIMG8_IRQHandler                            
0000049b  TIMG9_IRQHandler                            
0000049b  UART0_IRQHandler                            
0000049b  UART1_IRQHandler                            
0000049b  UART3_IRQHandler                            
0000049b  UART4_IRQHandler                            
0000049b  UART5_IRQHandler                            
0000049b  UART6_IRQHandler                            
0000049b  UART7_IRQHandler                            
0000049d  __TI_decompress_lzss                        
00000519  __TI_auto_init_nobinit_nopinit              
00000555  main                                        
0000058f  SYSCFG_DL_GPIO_init                         
00000591  _ZN3app8App_InitEv                          
000005c9  _ZN8services9Time_InitEv                    
00000601  SYSCFG_DL_initPower                         
00000635  SYSCFG_DL_SYSCTL_init                       
00000665  _c_int00_noargs                             
0000068d  _ZN3app7App_RunEv                           
000006a9  __TI_decompress_none                        
000006bb  SYSCFG_DL_init                              
000006cd  SysTick_Handler                             
000006dd  _ZN8services9Fault_SetENS_9FaultCodeE       
000006ed  _ZN8services10Fault_InitEv                  
000006f9  _ZN8services11Time_MillisEv                 
00000705  _ZN8services9Fault_GetEv                    
00000711  DL_Common_delayCycles                       
0000071b  _ZN5board10Board_InitEv                     
0000071d  __aeabi_memcpy                              
0000071d  __aeabi_memcpy4                             
0000071d  __aeabi_memcpy8                             
00000725  abort                                       
0000072a  C$$EXIT                                     
0000072b  HOSTexit                                    
0000072f  Reset_Handler                               
00000733  _system_pre_init                            
00000737  _ZN5board14Board_LateInitEv                 
00000739  _ZN8services8Log_InitEv                     
0000075c  __TI_Handler_Table_Base                     
00000764  __TI_CINIT_Base                             
00000764  __TI_Handler_Table_Limit                    
0000076c  __TI_CINIT_Limit                            
0000076c  __TI_CINIT_Warm                             
20200000  __start___llvm_prf_bits                     
20200000  __start___llvm_prf_cnts                     
20200000  __stop___llvm_prf_bits                      
20200000  __stop___llvm_prf_cnts                      
2020ff00  __stack                                     
20210000  __STACK_END                                 
ffffffff  __TI_pprof_out_hndl                         
ffffffff  __TI_prof_data_size                         
ffffffff  __TI_prof_data_start                        
ffffffff  __binit__                                   
ffffffff  binit                                       
UNDEFED   __mpu_init                                  
UNDEFED   _system_post_cinit                          

[100 symbols]
