******************************************************************************
            TI ARM Clang Linker PC v5.1.1                      
******************************************************************************
>> Linked Tue Jun 30 14:00:54 2026

OUTPUT FILE NAME:   <gugaPI.out>
ENTRY POINT SYMBOL: "_c_int00_noargs"  address: 000007d9


MEMORY CONFIGURATION

         name            origin    length      used     unused   attr    fill
----------------------  --------  ---------  --------  --------  ----  --------
  FLASH                 00000000   00080000  000009f8  0007f608  R  X
  SRAM_BANK0            20200000   00010000  0000020d  0000fdf3  RW X
  SRAM_BANK1            20210000   00010000  00000000  00010000  RW X
  BCR_CONFIG            41c00000   000000ff  00000000  000000ff  R   
  BSL_CONFIG            41c00100   00000080  00000000  00000080  R   
  DATA                  41d00000   00004000  00000000  00004000  R   


SEGMENT ALLOCATION MAP

run origin  load origin   length   init length attrs members
----------  ----------- ---------- ----------- ----- -------
00000000    00000000    000009f8   000009f8    r-x
  00000000    00000000    000000c0   000000c0    r-- .intvecs
  000000c0    000000c0    000008d0   000008d0    r-x .text
  00000990    00000990    00000048   00000048    r-- .rodata
  000009d8    000009d8    00000020   00000020    r-- .cinit
20200000    20200000    0000010d   00000000    rw-
  20200000    20200000    0000010d   00000000    rw- .data
2020ff00    2020ff00    00000100   00000000    rw-
  2020ff00    2020ff00    00000100   00000000    rw- .stack


SECTION ALLOCATION MAP

 output                                  attributes/
section   page    origin      length       input sections
--------  ----  ----------  ----------   ----------------
.intvecs   0    00000000    000000c0     
                  00000000    000000c0     startup_mspm0g351x_ticlang.o (.intvecs)

.text      0    000000c0    000008d0     
                  000000c0    000001b0     scheduler.o (.text._ZN8services13Scheduler_RunEv)
                  00000270    000000e0     scheduler.o (.text._ZN8services17Scheduler_AddTaskEPKcPFvvEjjPh)
                  00000350    000000b0     scheduler.o (.text._ZN8services14Scheduler_InitEv)
                  00000400    0000009a     libc.a : memcpy16.S.obj (.text:memcpy)
                  0000049a    00000002     startup_mspm0g351x_ticlang.o (.text.Default_Handler)
                  0000049c    0000007c     app_main.o (.text._ZN3app8App_InitEv)
                  00000518    0000007c     libc.a : copy_decompress_lzss.c.obj (.text:decompress:lzss)
                  00000594    0000003c            : autoinit.c.obj (.text:__TI_auto_init_nobinit_nopinit)
                  000005d0    0000003a     empty_cpp.o (.text.main)
                  0000060a    00000002     board.o (.text._ZN5board14Board_LateInitEv)
                  0000060c    00000038     led.o (.text._ZN7drivers10Led_ToggleEPNS_10LedContextE)
                  00000644    00000038     buzzer.o (.text._ZN7drivers11Buzzer_InitEPNS_13BuzzerContextEPKNS_12BuzzerConfigE)
                  0000067c    00000038     led.o (.text._ZN7drivers8Led_InitEPNS_10LedContextEPKNS_9LedConfigE)
                  000006b4    00000038     time.o (.text._ZN8services9Time_InitEv)
                  000006ec    00000034     ti_msp_dl_config.o (.text.SYSCFG_DL_initPower)
                  00000720    00000030     ti_msp_dl_config.o (.text.SYSCFG_DL_SYSCTL_init)
                  00000750    00000030     buzzer.o (.text._ZN7drivers10Buzzer_OffEPNS_13BuzzerContextE)
                  00000780    00000030     buzzer.o (.text._ZN7drivers9Buzzer_OnEPNS_13BuzzerContextE)
                  000007b0    00000028     ti_msp_dl_config.o (.text.SYSCFG_DL_GPIO_init)
                  000007d8    00000028     libc.a : boot_cortex_m.c.obj (.text:_c_int00_noargs)
                  00000800    0000001c     app_main.o (.text._ZN3app7App_RunEv)
                  0000081c    00000016     led.o (.text._ZN7drivers11Led_IsReadyEPKNS_10LedContextE)
                  00000832    00000016     buzzer.o (.text._ZN7drivers14Buzzer_IsReadyEPKNS_13BuzzerContextE)
                  00000848    00000014     board_buzzer.o (.text._ZN5board16Board_BuzzerInitEv)
                  0000085c    00000014     board_led.o (.text._ZN5board19Board_StatusLedInitEv)
                  00000870    00000012     libc.a : copy_decompress_none.c.obj (.text:decompress:none)
                  00000882    00000010     ti_msp_dl_config.o (.text.SYSCFG_DL_init)
                  00000892    00000002     log.o (.text._ZN8services8Log_InitEv)
                  00000894    00000010     time.o (.text.SysTick_Handler)
                  000008a4    00000010     app_main.o (.text._ZN12_GLOBAL__N_120App_BuzzerTestOnTaskEv)
                  000008b4    00000010     app_main.o (.text._ZN12_GLOBAL__N_121App_BuzzerTestOffTaskEv)
                  000008c4    00000010     app_main.o (.text._ZN12_GLOBAL__N_121App_StatusLedTestTaskEv)
                  000008d4    00000010     board_buzzer.o (.text._ZN5board14Board_BuzzerOnEv)
                  000008e4    00000010     board_buzzer.o (.text._ZN5board15Board_BuzzerOffEv)
                  000008f4    00000010     board_buzzer.o (.text._ZN5board19Board_BuzzerIsReadyEv)
                  00000904    00000010     board_led.o (.text._ZN5board21Board_StatusLedToggleEv)
                  00000914    00000010     board_led.o (.text._ZN5board22Board_StatusLedIsReadyEv)
                  00000924    00000010     fault.o (.text._ZN8services9Fault_SetENS_9FaultCodeE)
                  00000934    0000000c     board.o (.text._ZN5board10Board_InitEv)
                  00000940    0000000c     fault.o (.text._ZN8services10Fault_InitEv)
                  0000094c    0000000c     time.o (.text._ZN8services11Time_MillisEv)
                  00000958    0000000c     fault.o (.text._ZN8services9Fault_GetEv)
                  00000964    0000000a     driverlib.a : dl_common.o (.text.DL_Common_delayCycles)
                  0000096e    00000002     --HOLE-- [fill = 0]
                  00000970    00000008     libclang_rt.builtins.a : aeabi_memcpy.S.obj (.text)
                  00000978    00000006     libc.a : exit.c.obj (.text:abort)
                  0000097e    00000004     libsysbm.a : hostexit.c.obj (.text.HOSTexit)
                  00000982    00000004     startup_mspm0g351x_ticlang.o (.text.Reset_Handler)
                  00000986    00000004     libc.a : pre_init.c.obj (.text._system_pre_init)
                  0000098a    00000006     --HOLE-- [fill = 0]

.cinit     0    000009d8    00000020     
                  000009d8    00000009     (.cinit..data.load) [load image, compression = lzss]
                  000009e1    00000003     --HOLE-- [fill = 0]
                  000009e4    00000008     (__TI_handler_table)
                  000009ec    00000008     (__TI_cinit_table)
                  000009f4    00000004     --HOLE-- [fill = 0]

.rodata    0    00000990    00000048     
                  00000990    00000010     app_main.o (.rodata.str1.1839410120130765391.1)
                  000009a0    00000010     app_main.o (.rodata.str1.6441049378530299934.1)
                  000009b0    0000000f     app_main.o (.rodata.str1.5564718753887216056.1)
                  000009bf    00000001     --HOLE-- [fill = 0]
                  000009c0    0000000c     board_buzzer.o (.rodata._ZN5boardL14g_buzzerConfigE)
                  000009cc    0000000c     board_led.o (.rodata._ZN5boardL17g_statusLedConfigE)

.init_array 
*          0    00000000    00000000     UNINITIALIZED

.binit     0    00000000    00000000     

.data      0    20200000    0000010d     UNINITIALIZED
                  20200000    000000f0     scheduler.o (.data._ZN8servicesL7g_tasksE)
                  202000f0    00000008     app_main.o (.data._ZN3appL10g_appStateE)
                  202000f8    00000008     board_buzzer.o (.data._ZN5boardL15g_buzzerContextE)
                  20200100    00000008     board_led.o (.data._ZN5boardL18g_statusLedContextE)
                  20200108    00000004     time.o (.data._ZN8servicesL8g_millisE)
                  2020010c    00000001     fault.o (.data._ZN8servicesL11g_faultCodeE)

.stack     0    2020ff00    00000100     UNINITIALIZED
                  2020ff00    00000004     libc.a : boot_cortex_m.c.obj (.stack)
                  2020ff04    000000fc     --HOLE--

__llvm_prf_cnts 
*          0    20200000    00000000     UNINITIALIZED

__llvm_prf_bits 
*          0    20200000    00000000     UNINITIALIZED

MODULE SUMMARY

       Module                         code   ro data   rw data
       ------                         ----   -------   -------
    .\
       startup_mspm0g351x_ticlang.o   6      192       0      
       ti_msp_dl_config.o             156    0         0      
       empty_cpp.o                    58     0         0      
    +--+------------------------------+------+---------+---------+
       Total:                         220    192       0      
                                                              
    .\app\
       app_main.o                     200    47        8      
    +--+------------------------------+------+---------+---------+
       Total:                         200    47        8      
                                                              
    .\board\
       board_buzzer.o                 68     12        8      
       board_led.o                    52     12        8      
       board.o                        14     0         0      
    +--+------------------------------+------+---------+---------+
       Total:                         134    24        16     
                                                              
    .\drivers\buzzer\
       buzzer.o                       174    0         0      
    +--+------------------------------+------+---------+---------+
       Total:                         174    0         0      
                                                              
    .\drivers\led\
       led.o                          134    0         0      
    +--+------------------------------+------+---------+---------+
       Total:                         134    0         0      
                                                              
    .\services\
       scheduler.o                    832    0         240    
       time.o                         84     0         4      
       fault.o                        40     0         1      
       log.o                          2      0         0      
    +--+------------------------------+------+---------+---------+
       Total:                         958    0         245    
                                                              
    C:/ti/mspm0_sdk_2_10_00_04/source/ti/driverlib/lib/ticlang/m0p/mspm0gx51x/driverlib.a
       dl_common.o                    10     0         0      
    +--+------------------------------+------+---------+---------+
       Total:                         10     0         0      
                                                              
    C:\ti\ccs2100\ccs\tools\compiler\ti-cgt-armllvm_5.1.1.LTS\lib\armv6m-ti-none-eabi/c/libc.a
       memcpy16.S.obj                 154    0         0      
       copy_decompress_lzss.c.obj     124    0         0      
       autoinit.c.obj                 60     0         0      
       boot_cortex_m.c.obj            40     0         0      
       copy_decompress_none.c.obj     18     0         0      
       exit.c.obj                     6      0         0      
       pre_init.c.obj                 4      0         0      
    +--+------------------------------+------+---------+---------+
       Total:                         406    0         0      
                                                              
    C:\ti\ccs2100\ccs\tools\compiler\ti-cgt-armllvm_5.1.1.LTS\lib\armv6m-ti-none-eabi/c/libsysbm.a
       hostexit.c.obj                 4      0         0      
    +--+------------------------------+------+---------+---------+
       Total:                         4      0         0      
                                                              
    C:\ti\ccs2100\ccs\tools\compiler\ti-cgt-armllvm_5.1.1.LTS\lib\armv6m-ti-none-eabi/libclang_rt.builtins.a
       aeabi_memcpy.S.obj             8      0         0      
    +--+------------------------------+------+---------+---------+
       Total:                         8      0         0      
                                                              
       Stack:                         0      0         256    
       Linker Generated:              0      25        0      
    +--+------------------------------+------+---------+---------+
       Grand Total:                   2248   288       525    


LINKER GENERATED COPY TABLES

__TI_cinit_table @ 000009ec records: 1, size/record: 8, table size: 8
	.data: load addr=000009d8, load size=00000009 bytes, run addr=20200000, run size=0000010d bytes, compression=lzss


LINKER GENERATED HANDLER TABLE

__TI_handler_table @ 000009e4 records: 2, size/record: 4, table size: 8
	index: 0, handler: __TI_decompress_lzss
	index: 1, handler: __TI_decompress_none


GLOBAL SYMBOLS: SORTED ALPHABETICALLY BY Name 

address   name                                                             
-------   ----                                                             
0000049b  ADC0_IRQHandler                                                  
0000049b  ADC1_IRQHandler                                                  
0000049b  AESADV_IRQHandler                                                
0000097e  C$$EXIT                                                          
0000049b  CANFD0_IRQHandler                                                
0000049b  CANFD1_IRQHandler                                                
0000049b  DAC0_IRQHandler                                                  
00000965  DL_Common_delayCycles                                            
0000049b  DMA_IRQHandler                                                   
0000049b  Default_Handler                                                  
0000049b  GROUP0_IRQHandler                                                
0000049b  GROUP1_IRQHandler                                                
0000097f  HOSTexit                                                         
0000049b  HardFault_Handler                                                
0000049b  I2C0_IRQHandler                                                  
0000049b  I2C1_IRQHandler                                                  
0000049b  I2C2_IRQHandler                                                  
0000049b  LFSS_IRQHandler                                                  
0000049b  NMI_Handler                                                      
0000049b  PendSV_Handler                                                   
00000983  Reset_Handler                                                    
0000049b  SPI0_IRQHandler                                                  
0000049b  SPI1_IRQHandler                                                  
0000049b  SPI2_IRQHandler                                                  
0000049b  SVC_Handler                                                      
000007b1  SYSCFG_DL_GPIO_init                                              
00000721  SYSCFG_DL_SYSCTL_init                                            
00000883  SYSCFG_DL_init                                                   
000006ed  SYSCFG_DL_initPower                                              
00000895  SysTick_Handler                                                  
0000049b  TIMA0_IRQHandler                                                 
0000049b  TIMA1_IRQHandler                                                 
0000049b  TIMG0_IRQHandler                                                 
0000049b  TIMG12_IRQHandler                                                
0000049b  TIMG14_IRQHandler                                                
0000049b  TIMG6_IRQHandler                                                 
0000049b  TIMG7_IRQHandler                                                 
0000049b  TIMG8_IRQHandler                                                 
0000049b  TIMG9_IRQHandler                                                 
0000049b  UART0_IRQHandler                                                 
0000049b  UART1_IRQHandler                                                 
0000049b  UART3_IRQHandler                                                 
0000049b  UART4_IRQHandler                                                 
0000049b  UART5_IRQHandler                                                 
0000049b  UART6_IRQHandler                                                 
0000049b  UART7_IRQHandler                                                 
00000801  _ZN3app7App_RunEv                                                
0000049d  _ZN3app8App_InitEv                                               
00000935  _ZN5board10Board_InitEv                                          
000008d5  _ZN5board14Board_BuzzerOnEv                                      
0000060b  _ZN5board14Board_LateInitEv                                      
000008e5  _ZN5board15Board_BuzzerOffEv                                     
00000849  _ZN5board16Board_BuzzerInitEv                                    
000008f5  _ZN5board19Board_BuzzerIsReadyEv                                 
0000085d  _ZN5board19Board_StatusLedInitEv                                 
00000905  _ZN5board21Board_StatusLedToggleEv                               
00000915  _ZN5board22Board_StatusLedIsReadyEv                              
00000751  _ZN7drivers10Buzzer_OffEPNS_13BuzzerContextE                     
0000060d  _ZN7drivers10Led_ToggleEPNS_10LedContextE                        
00000645  _ZN7drivers11Buzzer_InitEPNS_13BuzzerContextEPKNS_12BuzzerConfigE
0000081d  _ZN7drivers11Led_IsReadyEPKNS_10LedContextE                      
00000833  _ZN7drivers14Buzzer_IsReadyEPKNS_13BuzzerContextE                
0000067d  _ZN7drivers8Led_InitEPNS_10LedContextEPKNS_9LedConfigE           
00000781  _ZN7drivers9Buzzer_OnEPNS_13BuzzerContextE                       
00000941  _ZN8services10Fault_InitEv                                       
0000094d  _ZN8services11Time_MillisEv                                      
000000c1  _ZN8services13Scheduler_RunEv                                    
00000351  _ZN8services14Scheduler_InitEv                                   
00000271  _ZN8services17Scheduler_AddTaskEPKcPFvvEjjPh                     
00000893  _ZN8services8Log_InitEv                                          
00000959  _ZN8services9Fault_GetEv                                         
00000925  _ZN8services9Fault_SetENS_9FaultCodeE                            
000006b5  _ZN8services9Time_InitEv                                         
20210000  __STACK_END                                                      
00000100  __STACK_SIZE                                                     
00000000  __TI_ATRegion0_region_sz                                         
00000000  __TI_ATRegion0_src_addr                                          
00000000  __TI_ATRegion0_trg_addr                                          
00000000  __TI_ATRegion1_region_sz                                         
00000000  __TI_ATRegion1_src_addr                                          
00000000  __TI_ATRegion1_trg_addr                                          
00000000  __TI_ATRegion2_region_sz                                         
00000000  __TI_ATRegion2_src_addr                                          
00000000  __TI_ATRegion2_trg_addr                                          
000009ec  __TI_CINIT_Base                                                  
000009f4  __TI_CINIT_Limit                                                 
000009f4  __TI_CINIT_Warm                                                  
000009e4  __TI_Handler_Table_Base                                          
000009ec  __TI_Handler_Table_Limit                                         
00000595  __TI_auto_init_nobinit_nopinit                                   
00000519  __TI_decompress_lzss                                             
00000871  __TI_decompress_none                                             
ffffffff  __TI_pprof_out_hndl                                              
ffffffff  __TI_prof_data_size                                              
ffffffff  __TI_prof_data_start                                             
00000000  __TI_static_base__                                               
00000971  __aeabi_memcpy                                                   
00000971  __aeabi_memcpy4                                                  
00000971  __aeabi_memcpy8                                                  
ffffffff  __binit__                                                        
UNDEFED   __mpu_init                                                       
2020ff00  __stack                                                          
20200000  __start___llvm_prf_bits                                          
20200000  __start___llvm_prf_cnts                                          
20200000  __stop___llvm_prf_bits                                           
20200000  __stop___llvm_prf_cnts                                           
000007d9  _c_int00_noargs                                                  
UNDEFED   _system_post_cinit                                               
00000987  _system_pre_init                                                 
00000979  abort                                                            
ffffffff  binit                                                            
00000000  interruptVectors                                                 
000005d1  main                                                             
00000401  memcpy                                                           


GLOBAL SYMBOLS: SORTED BY Symbol Address 

address   name                                                             
-------   ----                                                             
00000000  __TI_ATRegion0_region_sz                                         
00000000  __TI_ATRegion0_src_addr                                          
00000000  __TI_ATRegion0_trg_addr                                          
00000000  __TI_ATRegion1_region_sz                                         
00000000  __TI_ATRegion1_src_addr                                          
00000000  __TI_ATRegion1_trg_addr                                          
00000000  __TI_ATRegion2_region_sz                                         
00000000  __TI_ATRegion2_src_addr                                          
00000000  __TI_ATRegion2_trg_addr                                          
00000000  __TI_static_base__                                               
00000000  interruptVectors                                                 
000000c1  _ZN8services13Scheduler_RunEv                                    
00000100  __STACK_SIZE                                                     
00000271  _ZN8services17Scheduler_AddTaskEPKcPFvvEjjPh                     
00000351  _ZN8services14Scheduler_InitEv                                   
00000401  memcpy                                                           
0000049b  ADC0_IRQHandler                                                  
0000049b  ADC1_IRQHandler                                                  
0000049b  AESADV_IRQHandler                                                
0000049b  CANFD0_IRQHandler                                                
0000049b  CANFD1_IRQHandler                                                
0000049b  DAC0_IRQHandler                                                  
0000049b  DMA_IRQHandler                                                   
0000049b  Default_Handler                                                  
0000049b  GROUP0_IRQHandler                                                
0000049b  GROUP1_IRQHandler                                                
0000049b  HardFault_Handler                                                
0000049b  I2C0_IRQHandler                                                  
0000049b  I2C1_IRQHandler                                                  
0000049b  I2C2_IRQHandler                                                  
0000049b  LFSS_IRQHandler                                                  
0000049b  NMI_Handler                                                      
0000049b  PendSV_Handler                                                   
0000049b  SPI0_IRQHandler                                                  
0000049b  SPI1_IRQHandler                                                  
0000049b  SPI2_IRQHandler                                                  
0000049b  SVC_Handler                                                      
0000049b  TIMA0_IRQHandler                                                 
0000049b  TIMA1_IRQHandler                                                 
0000049b  TIMG0_IRQHandler                                                 
0000049b  TIMG12_IRQHandler                                                
0000049b  TIMG14_IRQHandler                                                
0000049b  TIMG6_IRQHandler                                                 
0000049b  TIMG7_IRQHandler                                                 
0000049b  TIMG8_IRQHandler                                                 
0000049b  TIMG9_IRQHandler                                                 
0000049b  UART0_IRQHandler                                                 
0000049b  UART1_IRQHandler                                                 
0000049b  UART3_IRQHandler                                                 
0000049b  UART4_IRQHandler                                                 
0000049b  UART5_IRQHandler                                                 
0000049b  UART6_IRQHandler                                                 
0000049b  UART7_IRQHandler                                                 
0000049d  _ZN3app8App_InitEv                                               
00000519  __TI_decompress_lzss                                             
00000595  __TI_auto_init_nobinit_nopinit                                   
000005d1  main                                                             
0000060b  _ZN5board14Board_LateInitEv                                      
0000060d  _ZN7drivers10Led_ToggleEPNS_10LedContextE                        
00000645  _ZN7drivers11Buzzer_InitEPNS_13BuzzerContextEPKNS_12BuzzerConfigE
0000067d  _ZN7drivers8Led_InitEPNS_10LedContextEPKNS_9LedConfigE           
000006b5  _ZN8services9Time_InitEv                                         
000006ed  SYSCFG_DL_initPower                                              
00000721  SYSCFG_DL_SYSCTL_init                                            
00000751  _ZN7drivers10Buzzer_OffEPNS_13BuzzerContextE                     
00000781  _ZN7drivers9Buzzer_OnEPNS_13BuzzerContextE                       
000007b1  SYSCFG_DL_GPIO_init                                              
000007d9  _c_int00_noargs                                                  
00000801  _ZN3app7App_RunEv                                                
0000081d  _ZN7drivers11Led_IsReadyEPKNS_10LedContextE                      
00000833  _ZN7drivers14Buzzer_IsReadyEPKNS_13BuzzerContextE                
00000849  _ZN5board16Board_BuzzerInitEv                                    
0000085d  _ZN5board19Board_StatusLedInitEv                                 
00000871  __TI_decompress_none                                             
00000883  SYSCFG_DL_init                                                   
00000893  _ZN8services8Log_InitEv                                          
00000895  SysTick_Handler                                                  
000008d5  _ZN5board14Board_BuzzerOnEv                                      
000008e5  _ZN5board15Board_BuzzerOffEv                                     
000008f5  _ZN5board19Board_BuzzerIsReadyEv                                 
00000905  _ZN5board21Board_StatusLedToggleEv                               
00000915  _ZN5board22Board_StatusLedIsReadyEv                              
00000925  _ZN8services9Fault_SetENS_9FaultCodeE                            
00000935  _ZN5board10Board_InitEv                                          
00000941  _ZN8services10Fault_InitEv                                       
0000094d  _ZN8services11Time_MillisEv                                      
00000959  _ZN8services9Fault_GetEv                                         
00000965  DL_Common_delayCycles                                            
00000971  __aeabi_memcpy                                                   
00000971  __aeabi_memcpy4                                                  
00000971  __aeabi_memcpy8                                                  
00000979  abort                                                            
0000097e  C$$EXIT                                                          
0000097f  HOSTexit                                                         
00000983  Reset_Handler                                                    
00000987  _system_pre_init                                                 
000009e4  __TI_Handler_Table_Base                                          
000009ec  __TI_CINIT_Base                                                  
000009ec  __TI_Handler_Table_Limit                                         
000009f4  __TI_CINIT_Limit                                                 
000009f4  __TI_CINIT_Warm                                                  
20200000  __start___llvm_prf_bits                                          
20200000  __start___llvm_prf_cnts                                          
20200000  __stop___llvm_prf_bits                                           
20200000  __stop___llvm_prf_cnts                                           
2020ff00  __stack                                                          
20210000  __STACK_END                                                      
ffffffff  __TI_pprof_out_hndl                                              
ffffffff  __TI_prof_data_size                                              
ffffffff  __TI_prof_data_start                                             
ffffffff  __binit__                                                        
ffffffff  binit                                                            
UNDEFED   __mpu_init                                                       
UNDEFED   _system_post_cinit                                               

[114 symbols]
