******************************************************************************
            TI ARM Clang Linker PC v5.1.1                      
******************************************************************************
>> Linked Sun Jul  5 03:12:57 2026

OUTPUT FILE NAME:   <gugaPI.out>
ENTRY POINT SYMBOL: "_c_int00_noargs"  address: 00008b31


MEMORY CONFIGURATION

         name            origin    length      used     unused   attr    fill
----------------------  --------  ---------  --------  --------  ----  --------
  FLASH                 00000000   00080000  0000a500  00075b00  R  X
  SRAM_BANK0            20200000   00010000  00000684  0000f97c  RW X
  SRAM_BANK1            20210000   00010000  00000000  00010000  RW X
  BCR_CONFIG            41c00000   000000ff  00000000  000000ff  R   
  BSL_CONFIG            41c00100   00000080  00000000  00000080  R   
  DATA                  41d00000   00004000  00000000  00004000  R   


SEGMENT ALLOCATION MAP

run origin  load origin   length   init length attrs members
----------  ----------- ---------- ----------- ----- -------
00000000    00000000    0000a500   0000a500    r-x
  00000000    00000000    000000c0   000000c0    r-- .intvecs
  000000c0    000000c0    00009230   00009230    r-x .text
  000092f0    000092f0    000011e0   000011e0    r-- .rodata
  0000a4d0    0000a4d0    00000030   00000030    r-- .cinit
20200000    20200000    00000584   00000000    rw-
  20200000    20200000    00000308   00000000    rw- .bss
  20200308    20200308    0000027c   00000000    rw- .data
2020ff00    2020ff00    00000100   00000000    rw-
  2020ff00    2020ff00    00000100   00000000    rw- .stack


SECTION ALLOCATION MAP

 output                                  attributes/
section   page    origin      length       input sections
--------  ----  ----------  ----------   ----------------
.intvecs   0    00000000    000000c0     
                  00000000    000000c0     startup_mspm0g351x_ticlang.o (.intvecs)

.text      0    000000c0    00009230     
                  000000c0    00000f1c     app_shell.o (.text._ZN3app12_GLOBAL__N_112MotorCommandEiPKPKc)
                  00000fdc    000008c0     app_shell.o (.text._ZN3app12_GLOBAL__N_113Ina219CommandEiPKPKc)
                  0000189c    00000884     app_shell.o (.text._ZN3app12_GLOBAL__N_110ImuCommandEiPKPKc)
                  00002120    00000880     app_shell.o (.text._ZN3app12_GLOBAL__N_111LoraCommandEiPKPKc)
                  000029a0    00000724     app_shell.o (.text._ZN3app12_GLOBAL__N_110I2cCommandEiPKPKc)
                  000030c4    00000474     shell.o (.text._ZN8services12_GLOBAL__N_113HandleLineEndEv)
                  00003538    00000430     app_shell.o (.text._ZN3app12_GLOBAL__N_111FramCommandEiPKPKc)
                  00003968    0000032c     app_shell.o (.text._ZN3app12_GLOBAL__N_112MotorRequestEhhPKhhPNS0_18MotorProtocolFrameE)
                  00003c94    000002cc     board_imu.o (.text._ZN5board12_GLOBAL__N_123ReadRegisterWithCommandEhPh)
                  00003f60    00000284     board_imu.o (.text._ZN5board22Board_ImuWiggleSpiPinsEj)
                  000041e4    00000238     i2c_diag.o (.text._ZN7drivers16I2cDiag_ReadReg8EPKNS_16I2cDiagBusConfigEhhPht)
                  0000441c    00000230     app_shell.o (.text._ZN3app12_GLOBAL__N_113ButtonCommandEiPKPKc)
                  0000464c    00000224     fm24cl64b.o (.text._ZN7drivers14Fm24cl64b_ReadEPNS_16Fm24cl64bContextEtPht)
                  00004870    0000021c     board_imu.o (.text._ZN5board20Board_ImuSpiBurstIcmEjh)
                  00004a8c    000001e0     ina219.o (.text._ZN7drivers17Ina219_RecoverBusEPNS_13Ina219ContextE)
                  00004c6c    000001e0     fm24cl64b.o (.text._ZN7drivers20Fm24cl64b_RecoverBusEPNS_16Fm24cl64bContextE)
                  00004e4c    000001d0     fm24cl64b.o (.text._ZN7drivers15Fm24cl64b_WriteEPNS_16Fm24cl64bContextEtPKht)
                  0000501c    000001d0     i2c_diag.o (.text._ZN7drivers18I2cDiag_RecoverBusEPKNS_16I2cDiagBusConfigE)
                  000051ec    000001c8     i2c_diag.o (.text._ZN7drivers17I2cDiag_WriteReg8EPKNS_16I2cDiagBusConfigEhhPKht)
                  000053b4    000001b0     scheduler.o (.text._ZN8services13Scheduler_RunEv)
                  00005564    000001a4     ina219.o (.text._ZN7drivers12_GLOBAL__N_120ReadRegisterInternalEPNS_13Ina219ContextEhPt)
                  00005708    00000188     i2c_diag.o (.text._ZN7drivers20I2cDiag_ProbeAddressEPKNS_16I2cDiagBusConfigEh)
                  00005890    00000170     app_shell.o (.text._ZN3app12_GLOBAL__N_113ParseI2cRangeEiPKPKchPhS5_)
                  00005a00    00000148     app_shell.o (.text._ZN3app12_GLOBAL__N_114PrintI2cStatusEPKN7drivers16I2cDiagBusConfigE)
                  00005b48    00000140     debug_uart.o (.text._ZN8services21DebugUart_WriteUInt32Ej)
                  00005c88    0000013c     app_shell.o (.text._ZN3app12_GLOBAL__N_110I2cScanBusEPKN7drivers16I2cDiagBusConfigEhhb)
                  00005dc4    00000124     app_shell.o (.text._ZN3app25AppShell_RegisterCommandsEv)
                  00005ee8    00000120     ina219.o (.text._ZN7drivers12_GLOBAL__N_121WriteRegisterInternalEPNS_13Ina219ContextEht)
                  00006008    00000108     app_shell.o (.text._ZN3app12_GLOBAL__N_119PrintMotorFrameDataEPKcRKNS0_18MotorProtocolFrameE)
                  00006110    00000100     shell.o (.text._ZN8services10Shell_InitEv)
                  00006210    000000fc     ti_msp_dl_config.o (.text.SYSCFG_DL_GPIO_init)
                  0000630c    000000e0     app_shell.o (.text._ZN3app12_GLOBAL__N_110LedCommandEiPKPKc)
                  000063ec    000000e0     app_shell.o (.text._ZN3app12_GLOBAL__N_113BuzzerCommandEiPKPKc)
                  000064cc    000000e0     scheduler.o (.text._ZN8services17Scheduler_AddTaskEPKcPFvvEjjPh)
                  000065ac    000000d4     shell.o (.text._ZN8services21Shell_RegisterCommandEPKcS1_PFviPKS1_E)
                  00006680    000000c8     ina219.o (.text._ZN7drivers11Ina219_InitEPNS_13Ina219ContextEPKNS_12Ina219ConfigE)
                  00006748    000000c8     lora.o (.text._ZN7drivers14LoraUart_WriteEPNS_15LoraUartContextEPKht)
                  00006810    000000c8     motor_driver_uart.o (.text._ZN7drivers21MotorDriverUart_WriteEPNS_22MotorDriverUartContextEPKht)
                  000068d8    000000b8     ina219.o (.text._ZN7drivers12_GLOBAL__N_113ReleaseI2cBusEPKNS_12Ina219ConfigE)
                  00006990    000000b8     i2c_diag.o (.text._ZN7drivers12_GLOBAL__N_113ReleaseI2cBusEPKNS_16I2cDiagBusConfigE)
                  00006a48    000000b0     app_shell.o (.text._ZN3app12_GLOBAL__N_110WriteHex32Ej)
                  00006af8    000000b0     board_i2c_bus.o (.text._ZN5board16Board_I2cBusFindEPKc)
                  00006ba8    000000b0     scheduler.o (.text._ZN8services14Scheduler_InitEv)
                  00006c58    000000ac     app_shell.o (.text._ZN3app12_GLOBAL__N_110PwmCommandEiPKPKc)
                  00006d04    000000a4     fm24cl64b.o (.text._ZN7drivers18Fm24cl64b_SelfTestEPNS_16Fm24cl64bContextEt)
                  00006da8    0000009c     app_shell.o (.text._ZN3app12_GLOBAL__N_111ParseUint32EPKcjPj)
                  00006e44    0000009c     app_shell.o (.text._ZN3app12_GLOBAL__N_115PrintMotorUsageEv)
                  00006ee0    0000009a     libc.a : memcpy16.S.obj (.text:memcpy)
                  00006f7a    00000002     startup_mspm0g351x_ticlang.o (.text.Default_Handler)
                  00006f7c    00000094     lora.o (.text._ZN7drivers18LoraUart_WriteByteEPNS_15LoraUartContextEh)
                  00007010    00000094     motor_driver_uart.o (.text._ZN7drivers25MotorDriverUart_WriteByteEPNS_22MotorDriverUartContextEh)
                  000070a4    00000094     shell.o (.text._ZN8services13Shell_ProcessEv)
                  00007138    00000092     ina219.o (.text._ZN7drivers23Ina219_ReadRawRegistersEPNS_13Ina219ContextEPNS_18Ina219RawRegistersE)
                  000071ca    00000002     board.o (.text._ZN5board14Board_LateInitEv)
                  000071cc    00000090     board_imu.o (.text._ZN5board23Board_Lis3mdlReadWhoAmIEPh)
                  0000725c    00000090     board_imu.o (.text._ZN5board25Board_Lis3mdlReadRegisterEhPh)
                  000072ec    0000008c     board_imu.o (.text._ZN5board26Board_Icm45686ReadRegisterEhPh)
                  00007378    00000088     ti_msp_dl_config.o (.text.SYSCFG_DL_DEBUG_UART_init)
                  00007400    00000088     ti_msp_dl_config.o (.text.SYSCFG_DL_LORA_UART_init)
                  00007488    00000088     ti_msp_dl_config.o (.text.SYSCFG_DL_MOTOR_UART_init)
                  00007510    00000084     lora.o (.text._ZN7drivers13LoraUart_InitEPNS_15LoraUartContextEPKNS_14LoraUartConfigE)
                  00007594    00000084     motor_driver_uart.o (.text._ZN7drivers20MotorDriverUart_InitEPNS_22MotorDriverUartContextEPKNS_21MotorDriverUartConfigE)
                  00007618    0000007e     app_shell.o (.text._ZN3app12_GLOBAL__N_113LoraWriteArgsEiPKPKcbPt)
                  00007696    0000007e     app_shell.o (.text._ZN3app12_GLOBAL__N_114MotorWriteArgsEiPKPKcbPt)
                  00007714    0000007c     ti_msp_dl_config.o (.text.SYSCFG_DL_initPower)
                  00007790    0000007c     lora.o (.text._ZN7drivers19LoraUart_IrqHandlerEPNS_15LoraUartContextE)
                  0000780c    0000007c     motor_driver_uart.o (.text._ZN7drivers26MotorDriverUart_IrqHandlerEPNS_22MotorDriverUartContextE)
                  00007888    0000007c     libc.a : copy_decompress_lzss.c.obj (.text:decompress:lzss)
                  00007904    00000074     ina219.o (.text._ZN7drivers22Ina219_ReadMeasurementEPNS_13Ina219ContextEPNS_17Ina219MeasurementE)
                  00007978    0000006c     debug_uart.o (.text.UART5_IRQHandler)
                  000079e4    0000006c     debug_uart.o (.text._ZN8services21DebugUart_WriteStringEPKc)
                  00007a50    00000068     app_shell.o (.text._ZN3app12_GLOBAL__N_116PrintIna219UsageEv)
                  00007ab8    00000064     app_shell.o (.text._ZN3app12_GLOBAL__N_110WriteHex16Et)
                  00007b1c    00000064     board_imu.o (.text._ZN5board22Board_ImuGetLineStatusEPNS_18BoardImuLineStatusE)
                  00007b80    00000064     fm24cl64b.o (.text._ZN7drivers14Fm24cl64b_InitEPNS_16Fm24cl64bContextEPKNS_15Fm24cl64bConfigE)
                  00007be4    00000062     libc.a : memset16.S.obj (.text:memset)
                  00007c46    00000002     log.o (.text._ZN8services8Log_InitEv)
                  00007c48    00000060     app_shell.o (.text._ZN3app12_GLOBAL__N_113PrintI2cUsageEv)
                  00007ca8    00000060     lora.o (.text._ZN7drivers22LoraUart_ClearRxBufferEPNS_15LoraUartContextE)
                  00007d08    00000060     motor_driver_uart.o (.text._ZN7drivers29MotorDriverUart_ClearRxBufferEPNS_22MotorDriverUartContextE)
                  00007d68    0000005e     driverlib.a : dl_i2c.o (.text.DL_I2C_fillControllerTXFIFO)
                  00007dc6    0000005e     button.o (.text._ZN7drivers13Button_UpdateEPNS_13ButtonContextEj)
                  00007e24    00000058     ina219.o (.text._ZN7drivers17Ina219_SetAddressEPNS_13Ina219ContextEh)
                  00007e7c    00000058     i2c_diag.o (.text._ZN7drivers20I2cDiag_GetBusStatusEPKNS_16I2cDiagBusConfigEPNS_16I2cDiagBusStatusE)
                  00007ed4    00000054     ti_msp_dl_config.o (.text.SYSCFG_DL_FRAM_I2C_init)
                  00007f28    00000054     ti_msp_dl_config.o (.text.SYSCFG_DL_INA219_I2C_init)
                  00007f7c    00000054     app_shell.o (.text._ZN3app12_GLOBAL__N_113PrintImuUsageEv)
                  00007fd0    00000054     app_shell.o (.text._ZN3app12_GLOBAL__N_114PrintLoraUsageEv)
                  00008024    00000054     debug_uart.o (.text._ZN8services14DebugUart_InitEv)
                  00008078    00000052     empty_cpp.o (.text.main)
                  000080ca    00000002     libclang_rt.builtins.a : aeabi_div0.c.obj (.text.__aeabi_idiv0)
                  000080cc    00000050     board_ina219.o (.text._ZN5board16Board_Ina219InitEv)
                  0000811c    00000050     board_imu.o (.text._ZN5board27Board_ImuSetChipSelectDebugEbbbb)
                  0000816c    0000004c     ti_msp_dl_config.o (.text.SYSCFG_DL_IMU_SPI_init)
                  000081b8    00000048     driverlib.a : dl_uart.o (.text.DL_UART_init)
                  00008200    00000048     board_fram.o (.text._ZN5board22Board_FramGetBusStatusEPjPbS1_)
                  00008248    00000048     board_ina219.o (.text._ZN5board24Board_Ina219GetBusStatusEPjPbS1_)
                  00008290    00000048     debug_uart.o (.text._ZN8services18DebugUart_ReadByteEPh)
                  000082d8    00000044     driverlib.a : dl_spi.o (.text.DL_SPI_init)
                  0000831c    00000044     ina219.o (.text._ZN7drivers19Ina219_GetBusStatusEPNS_13Ina219ContextEPNS_15Ina219BusStatusE)
                  00008360    00000044     fm24cl64b.o (.text._ZN7drivers22Fm24cl64b_GetBusStatusEPNS_16Fm24cl64bContextEPNS_18Fm24cl64bBusStatusE)
                  000083a4    00000040     app_shell.o (.text._ZN3app12_GLOBAL__N_114PrintFramUsageEv)
                  000083e4    00000040     app_shell.o (.text._ZN3app12_GLOBAL__N_114VersionCommandEiPKPKc)
                  00008424    00000040     lora.o (.text._ZN7drivers17LoraUart_ReadByteEPNS_15LoraUartContextEPh)
                  00008464    00000040     motor_driver_uart.o (.text._ZN7drivers24MotorDriverUart_ReadByteEPNS_22MotorDriverUartContextEPh)
                  000084a4    00000040     libclang_rt.builtins.a : aeabi_uidivmod.S.obj (.text)
                  000084e4    0000003e     button.o (.text._ZN7drivers11Button_InitEPNS_13ButtonContextEPKNS_12ButtonConfigE)
                  00008522    00000002     --HOLE-- [fill = 0]
                  00008524    0000003c     driverlib.a : dl_i2c.o (.text.DL_I2C_flushControllerTXFIFO)
                  00008560    0000003c     app_shell.o (.text._ZN3app12_GLOBAL__N_19WriteHex8Eh)
                  0000859c    0000003c     board_button.o (.text._ZN5board17Board_ButtonsInitEv)
                  000085d8    0000003c     ina219.o (.text._ZN7drivers23Ina219_ConfigureDefaultEPNS_13Ina219ContextE)
                  00008614    0000003c     libc.a : autoinit.c.obj (.text:__TI_auto_init_nobinit_nopinit)
                  00008650    00000038     buzzer.o (.text._ZN7drivers11Buzzer_InitEPNS_13BuzzerContextEPKNS_12BuzzerConfigE)
                  00008688    00000038     button.o (.text._ZN7drivers14Button_ReadRawEPNS_13ButtonContextEPb)
                  000086c0    00000038     ina219.o (.text._ZN7drivers19Ina219_ProbeAddressEPNS_13Ina219ContextEhPt)
                  000086f8    00000038     led.o (.text._ZN7drivers8Led_InitEPNS_10LedContextEPKNS_9LedConfigE)
                  00008730    00000038     time.o (.text._ZN8services9Time_InitEv)
                  00008768    00000034     ti_msp_dl_config.o (.text.SYSCFG_DL_init)
                  0000879c    00000034     app_main.o (.text._ZN3app8App_InitEv)
                  000087d0    00000034     board_button.o (.text._ZN5board19Board_ButtonsUpdateEj)
                  00008804    00000030     driverlib.a : dl_i2c.o (.text.DL_I2C_flushControllerRXFIFO)
                  00008834    00000030                 : dl_uart.o (.text.DL_UART_transmitDataBlocking)
                  00008864    00000030     ti_msp_dl_config.o (.text.SYSCFG_DL_SYSCTL_init)
                  00008894    00000030     app_shell.o (.text._ZN3app12_GLOBAL__N_115WriteStatusLineEPKcN7drivers12DriverStatusE)
                  000088c4    00000030     buzzer.o (.text._ZN7drivers10Buzzer_OffEPNS_13BuzzerContextE)
                  000088f4    00000030     led.o (.text._ZN7drivers6Led_OnEPNS_10LedContextE)
                  00008924    00000030     led.o (.text._ZN7drivers7Led_OffEPNS_10LedContextE)
                  00008954    00000030     buzzer.o (.text._ZN7drivers9Buzzer_OnEPNS_13BuzzerContextE)
                  00008984    0000002e     ina219.o (.text._ZN7drivers19Ina219_ReadRegisterEPNS_13Ina219ContextEhPt)
                  000089b2    0000002c     ina219.o (.text._ZN7drivers20Ina219_WriteRegisterEPNS_13Ina219ContextEht)
                  000089de    00000002     --HOLE-- [fill = 0]
                  000089e0    0000002c     lora.o (.text._ZN7drivers28LoraUart_GetControllerStatusEPKNS_15LoraUartContextEPj)
                  00008a0c    0000002c     motor_driver_uart.o (.text._ZN7drivers35MotorDriverUart_GetControllerStatusEPKNS_22MotorDriverUartContextEPj)
                  00008a38    0000002a     ina219.o (.text._ZN7drivers12Ina219_ResetEPNS_13Ina219ContextE)
                  00008a62    0000002a     lora.o (.text._ZN7drivers23LoraUart_GetRxAvailableEPKNS_15LoraUartContextE)
                  00008a8c    0000002a     motor_driver_uart.o (.text._ZN7drivers30MotorDriverUart_GetRxAvailableEPKNS_22MotorDriverUartContextE)
                  00008ab6    00000002     --HOLE-- [fill = 0]
                  00008ab8    00000028     app_shell.o (.text._ZN3app12_GLOBAL__N_112ResetCommandEiPKPKc)
                  00008ae0    00000028     board_lora.o (.text._ZN5board14Board_LoraInitEv)
                  00008b08    00000028     board_motor_driver.o (.text._ZN5board21Board_MotorDriverInitEv)
                  00008b30    00000028     libc.a : boot_cortex_m.c.obj (.text:_c_int00_noargs)
                  00008b58    00000026     driverlib.a : dl_i2c.o (.text.DL_I2C_setClockConfig)
                  00008b7e    00000002     --HOLE-- [fill = 0]
                  00008b80    00000024     app_shell.o (.text._ZN3app12_GLOBAL__N_110WriteInt32Ei)
                  00008ba4    00000024     board.o (.text._ZN5board10Board_InitEv)
                  00008bc8    00000022     button.o (.text._ZN7drivers17Button_WasPressedEPNS_13ButtonContextE)
                  00008bea    00000022     button.o (.text._ZN7drivers18Button_WasReleasedEPNS_13ButtonContextE)
                  00008c0c    00000020     board_imu.o (.text._ZN5board13Board_ImuInitEv)
                  00008c2c    0000001e     ina219.o (.text._ZN7drivers17Ina219_GetAddressEPKNS_13Ina219ContextE)
                  00008c4a    0000001e     ina219.o (.text._ZN7drivers21Ina219_GetCalibrationEPKNS_13Ina219ContextE)
                  00008c68    0000001c     driverlib.a : dl_spi.o (.text.DL_SPI_receiveDataCheck8)
                  00008c84    0000001c                 : dl_spi.o (.text.DL_SPI_transmitDataCheck8)
                  00008ca0    0000001c     app_main.o (.text._ZN3app7App_RunEv)
                  00008cbc    0000001c     board_button.o (.text._ZN5board19Board_ButtonReadRawENS_13BoardButtonIdEPb)
                  00008cd8    0000001c     board_button.o (.text._ZN5board21Board_ButtonIsPressedENS_13BoardButtonIdE)
                  00008cf4    0000001c     board_button.o (.text._ZN5board22Board_ButtonWasPressedENS_13BoardButtonIdE)
                  00008d10    0000001c     board_button.o (.text._ZN5board23Board_ButtonWasReleasedENS_13BoardButtonIdE)
                  00008d2c    0000001c     ina219.o (.text._ZN7drivers14Ina219_IsReadyEPKNS_13Ina219ContextE)
                  00008d48    0000001c     fm24cl64b.o (.text._ZN7drivers17Fm24cl64b_IsReadyEPKNS_16Fm24cl64bContextE)
                  00008d64    0000001c     debug_uart.o (.text._ZN8services19DebugUart_WriteCharEc)
                  00008d80    0000001a     button.o (.text._ZN7drivers16Button_IsPressedEPKNS_13ButtonContextE)
                  00008d9a    00000002     --HOLE-- [fill = 0]
                  00008d9c    0000001a     libclang_rt.builtins.a : aeabi_memset.S.obj (.text)
                  00008db6    00000002     --HOLE-- [fill = 0]
                  00008db8    00000018     board_i2c_bus.o (.text._ZN5board15Board_I2cBusGetEj)
                  00008dd0    00000018     board_button.o (.text._ZN5board19Board_ButtonGetNameENS_13BoardButtonIdE)
                  00008de8    00000018     lora.o (.text._ZN7drivers20LoraUart_GetBaudrateEPKNS_15LoraUartContextE)
                  00008e00    00000018     motor_driver_uart.o (.text._ZN7drivers27MotorDriverUart_GetBaudrateEPKNS_22MotorDriverUartContextE)
                  00008e18    00000016     app_main.o (.text._ZN12_GLOBAL__N_118App_ButtonScanTaskEv)
                  00008e2e    00000016     led.o (.text._ZN7drivers11Led_IsReadyEPKNS_10LedContextE)
                  00008e44    00000016     buzzer.o (.text._ZN7drivers14Buzzer_IsReadyEPKNS_13BuzzerContextE)
                  00008e5a    00000016     lora.o (.text._ZN7drivers16LoraUart_IsReadyEPKNS_15LoraUartContextE)
                  00008e70    00000016     motor_driver_uart.o (.text._ZN7drivers23MotorDriverUart_IsReadyEPKNS_22MotorDriverUartContextE)
                  00008e86    00000016     libc.a : copy_zero_init.c.obj (.text:decompress:ZI:__TI_zero_init_nomemset)
                  00008e9c    00000014     board_fram.o (.text._ZN5board14Board_FramInitEv)
                  00008eb0    00000014     board_fram.o (.text._ZN5board14Board_FramReadEtPht)
                  00008ec4    00000014     board_lora.o (.text._ZN5board15Board_LoraWriteEPKht)
                  00008ed8    00000014     board_buzzer.o (.text._ZN5board16Board_BuzzerInitEv)
                  00008eec    00000014     board_fram.o (.text._ZN5board18Board_FramReadByteEtPh)
                  00008f00    00000014     board_fram.o (.text._ZN5board18Board_FramSelfTestEv)
                  00008f14    00000014     board_fram.o (.text._ZN5board19Board_FramWriteByteEth)
                  00008f28    00000014     board_led.o (.text._ZN5board19Board_StatusLedInitEv)
                  00008f3c    00000014     board_motor_driver.o (.text._ZN5board22Board_MotorDriverWriteEPKht)
                  00008f50    00000014     board_ina219.o (.text._ZN5board24Board_Ina219ProbeAddressEhPt)
                  00008f64    00000014     board_ina219.o (.text._ZN5board24Board_Ina219ReadRegisterEhPt)
                  00008f78    00000014     board_ina219.o (.text._ZN5board25Board_Ina219WriteRegisterEht)
                  00008f8c    00000014     fm24cl64b.o (.text._ZN7drivers19Fm24cl64b_WriteByteEPNS_16Fm24cl64bContextEth)
                  00008fa0    00000014     shell.o (.text._ZN8services15Shell_WriteLineEPKc)
                  00008fb4    00000012     driverlib.a : dl_spi.o (.text.DL_SPI_setClockConfig)
                  00008fc6    00000012                 : dl_uart.o (.text.DL_UART_setClockConfig)
                  00008fd8    00000012     libc.a : copy_decompress_none.c.obj (.text:decompress:none)
                  00008fea    00000002     --HOLE-- [fill = 0]
                  00008fec    00000010     time.o (.text.SysTick_Handler)
                  00008ffc    00000010     board_lora.o (.text.UART0_IRQHandler)
                  0000900c    00000010     board_motor_driver.o (.text.UART1_IRQHandler)
                  0000901c    00000010     app_shell.o (.text._ZN3app12_GLOBAL__N_110AdcCommandEiPKPKc)
                  0000902c    00000010     board_buzzer.o (.text._ZN5board14Board_BuzzerOnEv)
                  0000903c    00000010     board_buzzer.o (.text._ZN5board15Board_BuzzerOffEv)
                  0000904c    00000010     board_fram.o (.text._ZN5board17Board_FramIsReadyEv)
                  0000905c    00000010     board_ina219.o (.text._ZN5board17Board_Ina219ResetEv)
                  0000906c    00000010     board_lora.o (.text._ZN5board17Board_LoraIsReadyEv)
                  0000907c    00000010     board_led.o (.text._ZN5board17Board_StatusLedOnEv)
                  0000908c    00000010     board_lora.o (.text._ZN5board18Board_LoraReadByteEPh)
                  0000909c    00000010     board_led.o (.text._ZN5board18Board_StatusLedOffEv)
                  000090ac    00000010     board_buzzer.o (.text._ZN5board19Board_BuzzerIsReadyEv)
                  000090bc    00000010     board_ina219.o (.text._ZN5board19Board_Ina219IsReadyEv)
                  000090cc    00000010     board_lora.o (.text._ZN5board19Board_LoraWriteByteEh)
                  000090dc    00000010     board_fram.o (.text._ZN5board20Board_FramRecoverBusEv)
                  000090ec    00000010     board_lora.o (.text._ZN5board21Board_LoraGetBaudrateEv)
                  000090fc    00000010     board_ina219.o (.text._ZN5board22Board_Ina219GetAddressEv)
                  0000910c    00000010     board_ina219.o (.text._ZN5board22Board_Ina219RecoverBusEv)
                  0000911c    00000010     board_ina219.o (.text._ZN5board22Board_Ina219SetAddressEh)
                  0000912c    00000010     board_led.o (.text._ZN5board22Board_StatusLedIsReadyEv)
                  0000913c    00000010     board_ina219.o (.text._ZN5board23Board_Ina219CalibrationEv)
                  0000914c    00000010     board_lora.o (.text._ZN5board23Board_LoraClearRxBufferEv)
                  0000915c    00000010     board_lora.o (.text._ZN5board24Board_LoraGetRxAvailableEv)
                  0000916c    00000010     board_motor_driver.o (.text._ZN5board24Board_MotorDriverIsReadyEv)
                  0000917c    00000010     board_motor_driver.o (.text._ZN5board25Board_MotorDriverReadByteEPh)
                  0000918c    00000010     board_motor_driver.o (.text._ZN5board26Board_MotorDriverWriteByteEh)
                  0000919c    00000010     board_ina219.o (.text._ZN5board27Board_Ina219ReadMeasurementEPN7drivers17Ina219MeasurementE)
                  000091ac    00000010     board_lora.o (.text._ZN5board27Board_LoraGetRxDroppedCountEv)
                  000091bc    00000010     board_ina219.o (.text._ZN5board28Board_Ina219ConfigureDefaultEv)
                  000091cc    00000010     board_ina219.o (.text._ZN5board28Board_Ina219ReadRawRegistersEPN7drivers18Ina219RawRegistersE)
                  000091dc    00000010     board_motor_driver.o (.text._ZN5board28Board_MotorDriverGetBaudrateEv)
                  000091ec    00000010     board_lora.o (.text._ZN5board29Board_LoraGetControllerStatusEPj)
                  000091fc    00000010     board_motor_driver.o (.text._ZN5board30Board_MotorDriverClearRxBufferEv)
                  0000920c    00000010     board_motor_driver.o (.text._ZN5board31Board_MotorDriverGetRxAvailableEv)
                  0000921c    00000010     board_motor_driver.o (.text._ZN5board34Board_MotorDriverGetRxDroppedCountEv)
                  0000922c    00000010     board_motor_driver.o (.text._ZN5board36Board_MotorDriverGetControllerStatusEPj)
                  0000923c    00000010     fault.o (.text._ZN8services9Fault_SetENS_9FaultCodeE)
                  0000924c    0000000c     board_imu.o (.text._ZN5board16Board_ImuIsReadyEv)
                  00009258    0000000c     lora.o (.text._ZN7drivers26LoraUart_GetRxDroppedCountEPKNS_15LoraUartContextE)
                  00009264    0000000c     motor_driver_uart.o (.text._ZN7drivers33MotorDriverUart_GetRxDroppedCountEPKNS_22MotorDriverUartContextE)
                  00009270    0000000c     fault.o (.text._ZN8services10Fault_InitEv)
                  0000927c    0000000c     time.o (.text._ZN8services11Time_MillisEv)
                  00009288    0000000c     debug_uart.o (.text._ZN8services17DebugUart_IsReadyEv)
                  00009294    0000000c     fault.o (.text._ZN8services9Fault_GetEv)
                  000092a0    0000000a     driverlib.a : dl_common.o (.text.DL_Common_delayCycles)
                  000092aa    0000000a     fm24cl64b.o (.text._ZN7drivers18Fm24cl64b_ReadByteEPNS_16Fm24cl64bContextEtPh)
                  000092b4    00000008     shell.o (.text._ZN8services15Shell_WriteCharEc)
                  000092bc    00000008     shell.o (.text._ZN8services17Shell_WriteStringEPKc)
                  000092c4    00000008     shell.o (.text._ZN8services17Shell_WriteUInt32Ej)
                  000092cc    00000008     libclang_rt.builtins.a : aeabi_memcpy.S.obj (.text)
                  000092d4    00000006     board_fram.o (.text._ZN5board23Board_FramCapacityBytesEv)
                  000092da    00000006     libc.a : exit.c.obj (.text:abort)
                  000092e0    00000004     libsysbm.a : hostexit.c.obj (.text.HOSTexit)
                  000092e4    00000004     startup_mspm0g351x_ticlang.o (.text.Reset_Handler)
                  000092e8    00000004     board_i2c_bus.o (.text._ZN5board17Board_I2cBusCountEv)
                  000092ec    00000004     libc.a : pre_init.c.obj (.text._system_pre_init)

.cinit     0    0000a4d0    00000030     
                  0000a4d0    0000000c     (__TI_handler_table)
                  0000a4dc    00000009     (.cinit..data.load) [load image, compression = lzss]
                  0000a4e5    00000003     --HOLE-- [fill = 0]
                  0000a4e8    00000008     (.cinit..bss.load) [load image, compression = zero_init]
                  0000a4f0    00000010     (__TI_cinit_table)

.rodata    0    000092f0    000011e0     
                  000092f0    00000100     app_shell.o (.rodata..L.crctable)
                  000093f0    00000058     board_i2c_bus.o (.rodata._ZN5board12_GLOBAL__N_110g_i2cBusesE)
                  00009448    00000045     app_shell.o (.rodata.str1.2354522874658768371.1)
                  0000948d    00000039     app_shell.o (.rodata.str1.444886150797460539.1)
                  000094c6    00000039     app_shell.o (.rodata.str1.9210286441137644766.1)
                  000094ff    00000001     app_shell.o (.rodata.str1.8509687067808380963.1)
                  00009500    00000038     board_ina219.o (.rodata._ZN5boardL14g_ina219ConfigE)
                  00009538    00000035     app_shell.o (.rodata.str1.14384267027075031912.1)
                  0000956d    00000031     app_shell.o (.rodata.str1.13305312957799781956.1)
                  0000959e    00000002     app_shell.o (.rodata._ZZN3app12_GLOBAL__N_112MotorCommandEiPKPKcE7kM1Stop)
                  000095a0    00000030     board_button.o (.rodata._ZN5board12_GLOBAL__N_115g_buttonConfigsE)
                  000095d0    00000030     app_shell.o (.rodata.str1.14683574465395229248.1)
                  00009600    0000002c     board_fram.o (.rodata._ZN5boardL12g_framConfigE)
                  0000962c    0000002b     app_shell.o (.rodata.str1.1818528395550233868.1)
                  00009657    0000002a     app_shell.o (.rodata.str1.3345426052653886543.1)
                  00009681    0000002a     app_shell.o (.rodata.str1.3791812099772881164.1)
                  000096ab    00000026     shell.o (.rodata.str1.6901712316327456926.1)
                  000096d1    00000020     app_shell.o (.rodata.str1.9018689912544847403.1)
                  000096f1    0000001f     app_shell.o (.rodata.str1.17894747200582054988.1)
                  00009710    0000001f     app_shell.o (.rodata.str1.5263001642383835309.1)
                  0000972f    0000001f     app_shell.o (.rodata.str1.8175931356486144895.1)
                  0000974e    0000001f     app_shell.o (.rodata.str1.871335262082007188.1)
                  0000976d    0000001e     app_shell.o (.rodata.str1.10465369967917398799.1)
                  0000978b    0000001e     app_shell.o (.rodata.str1.15434941628325917383.1)
                  000097a9    0000001d     app_shell.o (.rodata.str1.13760472749468428784.1)
                  000097c6    0000001d     app_shell.o (.rodata.str1.14205965562906606532.1)
                  000097e3    0000001d     app_shell.o (.rodata.str1.15706013027452160776.1)
                  00009800    0000001d     app_shell.o (.rodata.str1.5557692366192543561.1)
                  0000981d    00000003     shell.o (.rodata.str1.10427229796524742636.1)
                  00009820    0000001c     app_shell.o (.rodata..Lswitch.table._ZN3app12_GLOBAL__N_115WriteStatusLineEPKcN7drivers12DriverStatusE)
                  0000983c    0000001c     app_shell.o (.rodata.str1.1451090849677487530.1)
                  00009858    0000001c     app_shell.o (.rodata.str1.16920742144462411612.1)
                  00009874    0000001c     app_shell.o (.rodata.str1.5998459121093071997.1)
                  00009890    0000001b     app_shell.o (.rodata.str1.6446933695614087048.1)
                  000098ab    0000001b     app_shell.o (.rodata.str1.9081962557253678714.1)
                  000098c6    0000001a     app_shell.o (.rodata.str1.13323525510459860336.1)
                  000098e0    0000001a     app_shell.o (.rodata.str1.5000143241413183010.1)
                  000098fa    00000019     app_shell.o (.rodata.str1.17942500811997078001.1)
                  00009913    00000019     app_shell.o (.rodata.str1.4190646769514731288.1)
                  0000992c    00000019     app_shell.o (.rodata.str1.8569159511768566713.1)
                  00009945    00000003     app_shell.o (.rodata.str1.13245102848535749030.1)
                  00009948    00000018     app_shell.o (.rodata..Lswitch.table._ZN3app12_GLOBAL__N_114PrintI2cStatusEPKN7drivers16I2cDiagBusConfigE)
                  00009960    00000018     board_lora.o (.rodata._ZN5boardL12g_loraConfigE)
                  00009978    00000018     board_motor_driver.o (.rodata._ZN5boardL19g_motorDriverConfigE)
                  00009990    00000018     app_shell.o (.rodata.str1.13438288695896508174.1)
                  000099a8    00000017     app_shell.o (.rodata.str1.10851017352621485976.1)
                  000099bf    00000017     app_shell.o (.rodata.str1.11836969374611347342.1)
                  000099d6    00000017     shell.o (.rodata.str1.5680428239841774557.1)
                  000099ed    00000016     app_shell.o (.rodata.str1.11747346528919543944.1)
                  00009a03    00000016     app_shell.o (.rodata.str1.1349469432826125676.1)
                  00009a19    00000016     app_shell.o (.rodata.str1.14623014954758015065.1)
                  00009a2f    00000016     app_shell.o (.rodata.str1.6963926815691589692.1)
                  00009a45    00000015     app_shell.o (.rodata.str1.11208828733426745331.1)
                  00009a5a    00000015     app_shell.o (.rodata.str1.11325690732168652611.1)
                  00009a6f    00000015     app_shell.o (.rodata.str1.1222417806814152126.1)
                  00009a84    00000015     app_shell.o (.rodata.str1.13923183189790686887.1)
                  00009a99    00000015     app_shell.o (.rodata.str1.2942266741242204019.1)
                  00009aae    00000014     app_shell.o (.rodata.str1.16821001261222486393.1)
                  00009ac2    00000013     app_shell.o (.rodata.str1.15195419684703654944.1)
                  00009ad5    00000013     app_shell.o (.rodata.str1.6394054571282083081.1)
                  00009ae8    00000013     app_shell.o (.rodata.str1.8602760754867183125.1)
                  00009afb    00000013     app_shell.o (.rodata.str1.8767742179201719121.1)
                  00009b0e    00000012     app_shell.o (.rodata.str1.107782727556153465.1)
                  00009b20    00000012     app_shell.o (.rodata.str1.11627215746227218045.1)
                  00009b32    00000012     app_shell.o (.rodata.str1.12588545937538655288.1)
                  00009b44    00000012     app_shell.o (.rodata.str1.13324323091560154661.1)
                  00009b56    00000012     app_shell.o (.rodata.str1.3801014448936389230.1)
                  00009b68    00000012     app_shell.o (.rodata.str1.560197181004569561.1)
                  00009b7a    00000012     app_shell.o (.rodata.str1.7579154775923007786.1)
                  00009b8c    00000012     shell.o (.rodata.str1.8246939600463437344.1)
                  00009b9e    00000012     app_shell.o (.rodata.str1.8573948346423057931.1)
                  00009bb0    00000011     app_shell.o (.rodata.str1.10018306225359911921.1)
                  00009bc1    00000011     app_shell.o (.rodata.str1.14082473703337987432.1)
                  00009bd2    00000011     app_shell.o (.rodata.str1.14613035533147221857.1)
                  00009be3    00000011     app_shell.o (.rodata.str1.15397327130298834941.1)
                  00009bf4    00000011     app_shell.o (.rodata.str1.16368304853068341593.1)
                  00009c05    00000011     app_shell.o (.rodata.str1.7950140236767125311.1)
                  00009c16    00000011     app_shell.o (.rodata.str1.8793534488315853255.1)
                  00009c27    00000011     app_shell.o (.rodata.str1.9705620893505900.1)
                  00009c38    00000010     app_shell.o (.rodata.str1.11085599432999950484.1)
                  00009c48    00000010     app_shell.o (.rodata.str1.13157479058689081212.1)
                  00009c58    00000010     app_shell.o (.rodata.str1.14008062965805295334.1)
                  00009c68    00000010     app_shell.o (.rodata.str1.14241588195389562460.1)
                  00009c78    00000010     app_shell.o (.rodata.str1.14827416709503782844.1)
                  00009c88    00000010     app_shell.o (.rodata.str1.15520279574724480647.1)
                  00009c98    00000010     app_shell.o (.rodata.str1.17029008240216598945.1)
                  00009ca8    00000010     app_shell.o (.rodata.str1.2112829382197544942.1)
                  00009cb8    00000010     app_shell.o (.rodata.str1.6219487071531100932.1)
                  00009cc8    00000010     app_shell.o (.rodata.str1.7571154574660953324.1)
                  00009cd8    00000010     app_shell.o (.rodata.str1.795459456749244188.1)
                  00009ce8    00000010     app_shell.o (.rodata.str1.9141388473721648320.1)
                  00009cf8    00000010     app_shell.o (.rodata.str1.9244822838137428263.1)
                  00009d08    0000000f     app_shell.o (.rodata.str1.12164603244115374595.1)
                  00009d17    0000000f     app_shell.o (.rodata.str1.17876943342118536213.1)
                  00009d26    0000000f     app_shell.o (.rodata.str1.3134304214227531536.1)
                  00009d35    0000000f     app_shell.o (.rodata.str1.3256265506082810711.1)
                  00009d44    0000000f     app_shell.o (.rodata.str1.3879560646291831357.1)
                  00009d53    0000000f     app_shell.o (.rodata.str1.4218503564476151687.1)
                  00009d62    0000000f     app_shell.o (.rodata.str1.4392945030196501414.1)
                  00009d71    0000000f     app_shell.o (.rodata.str1.4993949747219772545.1)
                  00009d80    0000000f     app_shell.o (.rodata.str1.5407661000085889072.1)
                  00009d8f    0000000f     app_shell.o (.rodata.str1.7267978533840413714.1)
                  00009d9e    0000000f     app_shell.o (.rodata.str1.9051984071380436030.1)
                  00009dad    0000000e     app_shell.o (.rodata.str1.10256891727475852015.1)
                  00009dbb    0000000e     app_shell.o (.rodata.str1.11903828385650032657.1)
                  00009dc9    0000000e     app_shell.o (.rodata.str1.12036585828892915957.1)
                  00009dd7    0000000e     app_shell.o (.rodata.str1.12185306449572332681.1)
                  00009de5    0000000e     app_shell.o (.rodata.str1.15403383602945839188.1)
                  00009df3    0000000e     app_shell.o (.rodata.str1.16815118733797554419.1)
                  00009e01    0000000e     app_shell.o (.rodata.str1.1715960982390498022.1)
                  00009e0f    0000000e     app_shell.o (.rodata.str1.2900415078221183578.1)
                  00009e1d    0000000e     app_shell.o (.rodata.str1.4126815238888174570.1)
                  00009e2b    0000000e     app_shell.o (.rodata.str1.626618899871332695.1)
                  00009e39    0000000e     app_shell.o (.rodata.str1.671945175647755142.1)
                  00009e47    0000000e     app_shell.o (.rodata.str1.6725838405751831500.1)
                  00009e55    0000000e     app_shell.o (.rodata.str1.6756868286634741853.1)
                  00009e63    0000000e     app_shell.o (.rodata.str1.7078129644076030331.1)
                  00009e71    0000000e     app_shell.o (.rodata.str1.7612592787831263617.1)
                  00009e7f    0000000e     app_shell.o (.rodata.str1.7923626403509450708.1)
                  00009e8d    0000000e     app_shell.o (.rodata.str1.9167415978045996327.1)
                  00009e9b    0000000d     app_shell.o (.rodata.str1.10761430618072912911.1)
                  00009ea8    0000000d     app_shell.o (.rodata.str1.11810056576553604146.1)
                  00009eb5    0000000d     app_shell.o (.rodata.str1.12082892960889789793.1)
                  00009ec2    0000000d     app_shell.o (.rodata.str1.12139680495649507277.1)
                  00009ecf    0000000d     app_shell.o (.rodata.str1.12824201010631389445.1)
                  00009edc    0000000d     app_shell.o (.rodata.str1.13993368087264210023.1)
                  00009ee9    0000000d     app_shell.o (.rodata.str1.1420893864952581301.1)
                  00009ef6    0000000d     app_shell.o (.rodata.str1.14355953386558495977.1)
                  00009f03    0000000d     app_shell.o (.rodata.str1.14677212197102816015.1)
                  00009f10    0000000d     app_shell.o (.rodata.str1.14678420154468417691.1)
                  00009f1d    0000000d     app_shell.o (.rodata.str1.15176035481894813218.1)
                  00009f2a    0000000d     app_shell.o (.rodata.str1.15409376994933409736.1)
                  00009f37    0000000d     app_shell.o (.rodata.str1.16167065860645901179.1)
                  00009f44    0000000d     app_shell.o (.rodata.str1.16227620492999702623.1)
                  00009f51    0000000d     app_shell.o (.rodata.str1.16835946644515092483.1)
                  00009f5e    0000000d     app_shell.o (.rodata.str1.18076126304851181080.1)
                  00009f6b    0000000d     app_shell.o (.rodata.str1.2319085888762997156.1)
                  00009f78    0000000d     app_shell.o (.rodata.str1.264036748927759168.1)
                  00009f85    0000000d     app_shell.o (.rodata.str1.2672312858105111990.1)
                  00009f92    0000000d     app_shell.o (.rodata.str1.3266044674648287831.1)
                  00009f9f    0000000d     app_shell.o (.rodata.str1.4203577644585159315.1)
                  00009fac    0000000d     app_shell.o (.rodata.str1.4641291215374644332.1)
                  00009fb9    0000000d     app_shell.o (.rodata.str1.4906473829960206720.1)
                  00009fc6    0000000d     app_shell.o (.rodata.str1.5515999138927817340.1)
                  00009fd3    0000000d     app_shell.o (.rodata.str1.5848672442950545206.1)
                  00009fe0    0000000d     app_shell.o (.rodata.str1.7850322238517394535.1)
                  00009fed    0000000d     app_shell.o (.rodata.str1.8435392788517128360.1)
                  00009ffa    00000002     app_shell.o (.rodata._ZZN3app12_GLOBAL__N_112MotorCommandEiPKPKcE7kM2Stop)
                  00009ffc    0000000c     board_button.o (.rodata..Lswitch.table._ZN5board19Board_ButtonGetNameENS_13BoardButtonIdE)
                  0000a008    0000000c     board_buzzer.o (.rodata._ZN5boardL14g_buzzerConfigE)
                  0000a014    0000000c     board_led.o (.rodata._ZN5boardL17g_statusLedConfigE)
                  0000a020    0000000c     app_shell.o (.rodata.str1.11515932757094173050.1)
                  0000a02c    0000000c     app_shell.o (.rodata.str1.12681352959443149009.1)
                  0000a038    0000000c     app_shell.o (.rodata.str1.13442463908107530774.1)
                  0000a044    0000000c     app_shell.o (.rodata.str1.13507390935846511250.1)
                  0000a050    0000000c     app_shell.o (.rodata.str1.15536306115837748184.1)
                  0000a05c    0000000c     app_shell.o (.rodata.str1.16216038010955657616.1)
                  0000a068    0000000c     app_shell.o (.rodata.str1.1642163497366634869.1)
                  0000a074    0000000c     app_shell.o (.rodata.str1.16423083052983990348.1)
                  0000a080    0000000c     app_shell.o (.rodata.str1.1983276796565948189.1)
                  0000a08c    0000000c     app_shell.o (.rodata.str1.2128407216864987192.1)
                  0000a098    0000000c     app_shell.o (.rodata.str1.2292235750072059597.1)
                  0000a0a4    0000000c     app_shell.o (.rodata.str1.3590894685082263268.1)
                  0000a0b0    0000000c     app_shell.o (.rodata.str1.3892416308557052197.1)
                  0000a0bc    0000000c     app_shell.o (.rodata.str1.7652650349062231201.1)
                  0000a0c8    0000000c     app_shell.o (.rodata.str1.8150600325345066189.1)
                  0000a0d4    0000000c     app_shell.o (.rodata.str1.9315764513386952153.1)
                  0000a0e0    0000000c     app_shell.o (.rodata.str1.97227345183721019.1)
                  0000a0ec    0000000b     app_shell.o (.rodata.str1.12144774989780088692.1)
                  0000a0f7    0000000b     app_shell.o (.rodata.str1.12583477948311004516.1)
                  0000a102    0000000b     app_shell.o (.rodata.str1.14031660303973722868.1)
                  0000a10d    0000000b     app_shell.o (.rodata.str1.15453031427744251291.1)
                  0000a118    0000000b     app_shell.o (.rodata.str1.16608939394091912599.1)
                  0000a123    0000000b     app_shell.o (.rodata.str1.16738014180672278497.1)
                  0000a12e    0000000b     app_shell.o (.rodata.str1.18243883703027276797.1)
                  0000a139    0000000b     app_shell.o (.rodata.str1.3587876751327453651.1)
                  0000a144    0000000b     app_shell.o (.rodata.str1.551504573030492924.1)
                  0000a14f    0000000b     app_shell.o (.rodata.str1.5770566940880199477.1)
                  0000a15a    0000000b     app_shell.o (.rodata.str1.7207923708610531365.1)
                  0000a165    0000000b     app_shell.o (.rodata.str1.738127925484632372.1)
                  0000a170    0000000b     app_shell.o (.rodata.str1.8287504627243269121.1)
                  0000a17b    00000001     --HOLE-- [fill = 0]
                  0000a17c    0000000a     ti_msp_dl_config.o (.rodata.gDEBUG_UARTConfig)
                  0000a186    0000000a     ti_msp_dl_config.o (.rodata.gIMU_SPI_config)
                  0000a190    0000000a     ti_msp_dl_config.o (.rodata.gLORA_UARTConfig)
                  0000a19a    0000000a     ti_msp_dl_config.o (.rodata.gMOTOR_UARTConfig)
                  0000a1a4    0000000a     app_shell.o (.rodata.str1.13772462829107236127.1)
                  0000a1ae    0000000a     app_shell.o (.rodata.str1.1431720735396876446.1)
                  0000a1b8    0000000a     app_shell.o (.rodata.str1.16330407060470052804.1)
                  0000a1c2    0000000a     app_shell.o (.rodata.str1.17149590331237407959.1)
                  0000a1cc    0000000a     shell.o (.rodata.str1.17922515892264497723.1)
                  0000a1d6    0000000a     app_shell.o (.rodata.str1.18173995716001367913.1)
                  0000a1e0    0000000a     app_shell.o (.rodata.str1.4561355912026728236.1)
                  0000a1ea    0000000a     app_shell.o (.rodata.str1.6578158171544725696.1)
                  0000a1f4    00000009     app_shell.o (.rodata.str1.11187590877126870748.1)
                  0000a1fd    00000009     app_shell.o (.rodata.str1.13247589138198607459.1)
                  0000a206    00000009     app_shell.o (.rodata.str1.5376205643164354286.1)
                  0000a20f    00000009     app_shell.o (.rodata.str1.5652790780262836254.1)
                  0000a218    00000009     app_shell.o (.rodata.str1.9017255012489828088.1)
                  0000a221    00000008     app_shell.o (.rodata.str1.10665909939688505188.1)
                  0000a229    00000008     board_button.o (.rodata.str1.10963450802004053816.1)
                  0000a231    00000008     app_shell.o (.rodata.str1.11327417708772392390.1)
                  0000a239    00000008     app_shell.o (.rodata.str1.11335294061225285764.1)
                  0000a241    00000008     app_shell.o (.rodata.str1.11698549779809542857.1)
                  0000a249    00000008     app_shell.o (.rodata.str1.17082220688523197928.1)
                  0000a251    00000008     board_button.o (.rodata.str1.17681505947258605906.1)
                  0000a259    00000008     board_button.o (.rodata.str1.18240515884718476655.1)
                  0000a261    00000008     app_main.o (.rodata.str1.1839410120130765391.1)
                  0000a269    00000008     app_shell.o (.rodata.str1.232704503142678858.1)
                  0000a271    00000008     app_shell.o (.rodata.str1.296188832848622959.1)
                  0000a279    00000008     app_shell.o (.rodata.str1.4754765727316804258.1)
                  0000a281    00000008     app_shell.o (.rodata.str1.5549424804698209806.1)
                  0000a289    00000008     board_button.o (.rodata.str1.5952028417427413650.1)
                  0000a291    00000008     app_shell.o (.rodata.str1.5998451886276286134.1)
                  0000a299    00000008     app_shell.o (.rodata.str1.6213986015100719150.1)
                  0000a2a1    00000008     app_shell.o (.rodata.str1.8730301986016609910.1)
                  0000a2a9    00000008     app_shell.o (.rodata.str1.9307220092008964426.1)
                  0000a2b1    00000008     app_shell.o (.rodata.str1.9555053908608242801.1)
                  0000a2b9    00000007     app_shell.o (.rodata.str1.11627259167888876947.1)
                  0000a2c0    00000007     app_shell.o (.rodata.str1.11774507841365577078.1)
                  0000a2c7    00000007     app_shell.o (.rodata.str1.11922244342622017285.1)
                  0000a2ce    00000007     app_shell.o (.rodata.str1.13029328624899454496.1)
                  0000a2d5    00000007     app_shell.o (.rodata.str1.16682001306138638370.1)
                  0000a2dc    00000007     app_shell.o (.rodata.str1.17269466629117989041.1)
                  0000a2e3    00000007     app_shell.o (.rodata.str1.17348661065144809008.1)
                  0000a2ea    00000007     board_i2c_bus.o (.rodata.str1.17771965703026024685.1)
                  0000a2f1    00000007     app_shell.o (.rodata.str1.18269279803075602796.1)
                  0000a2f8    00000007     app_shell.o (.rodata.str1.2029421846019890511.1)
                  0000a2ff    00000007     app_shell.o (.rodata.str1.27965927919619260.1)
                  0000a306    00000007     app_shell.o (.rodata.str1.2831129786622658843.1)
                  0000a30d    00000007     app_shell.o (.rodata.str1.2963890733414402023.1)
                  0000a314    00000007     app_shell.o (.rodata.str1.5612542551564952699.1)
                  0000a31b    00000007     app_shell.o (.rodata.str1.6741221679932540615.1)
                  0000a322    00000007     app_shell.o (.rodata.str1.7863334761919578676.1)
                  0000a329    00000007     app_shell.o (.rodata.str1.931795180867172166.1)
                  0000a330    00000007     app_shell.o (.rodata.str1.9376739677351878210.1)
                  0000a337    00000007     app_shell.o (.rodata.str1.9708937098353321336.1)
                  0000a33e    00000006     app_shell.o (.rodata._ZZN3app12_GLOBAL__N_111LoraCommandEiPKPKcE9kTestData)
                  0000a344    00000006     app_shell.o (.rodata._ZZN3app12_GLOBAL__N_112MotorCommandEiPKPKcE9kTestData)
                  0000a34a    00000006     app_shell.o (.rodata.str1.10195084751130023350.1)
                  0000a350    00000006     app_shell.o (.rodata.str1.10855919650491312362.1)
                  0000a356    00000006     app_shell.o (.rodata.str1.13643216153024045165.1)
                  0000a35c    00000006     app_shell.o (.rodata.str1.14223157730264656398.1)
                  0000a362    00000006     app_shell.o (.rodata.str1.15890787717468802715.1)
                  0000a368    00000006     app_shell.o (.rodata.str1.16079002699872141978.1)
                  0000a36e    00000006     app_shell.o (.rodata.str1.16234102244779358492.1)
                  0000a374    00000006     app_shell.o (.rodata.str1.16556295950709461880.1)
                  0000a37a    00000006     app_shell.o (.rodata.str1.16906130264434024515.1)
                  0000a380    00000006     app_shell.o (.rodata.str1.1695784342961477721.1)
                  0000a386    00000006     app_shell.o (.rodata.str1.17353931100524941225.1)
                  0000a38c    00000006     app_shell.o (.rodata.str1.17563913066770742391.1)
                  0000a392    00000006     app_shell.o (.rodata.str1.2370428100076675559.1)
                  0000a398    00000006     app_shell.o (.rodata.str1.587364518894469847.1)
                  0000a39e    00000006     app_shell.o (.rodata.str1.5909738732761903070.1)
                  0000a3a4    00000006     app_shell.o (.rodata.str1.6333935326310285001.1)
                  0000a3aa    00000006     app_shell.o (.rodata.str1.6351667589775284342.1)
                  0000a3b0    00000006     app_shell.o (.rodata.str1.6951946783319408118.1)
                  0000a3b6    00000006     app_shell.o (.rodata.str1.7493624433185208732.1)
                  0000a3bc    00000006     app_shell.o (.rodata.str1.8674441817985872181.1)
                  0000a3c2    00000006     app_shell.o (.rodata.str1.8963702969112686911.1)
                  0000a3c8    00000006     app_shell.o (.rodata.str1.9144633642026494361.1)
                  0000a3ce    00000006     app_shell.o (.rodata.str1.9805525145790407866.1)
                  0000a3d4    00000005     app_shell.o (.rodata.str1.10218881960771275491.1)
                  0000a3d9    00000005     app_shell.o (.rodata.str1.10673636489446728236.1)
                  0000a3de    00000005     board_i2c_bus.o (.rodata.str1.11524751692591293752.1)
                  0000a3e3    00000005     app_shell.o (.rodata.str1.12080946370607717659.1)
                  0000a3e8    00000005     app_shell.o (.rodata.str1.13640432584226954899.1)
                  0000a3ed    00000005     app_shell.o (.rodata.str1.14639049301600042713.1)
                  0000a3f2    00000005     app_shell.o (.rodata.str1.14891418699318862133.1)
                  0000a3f7    00000005     app_shell.o (.rodata.str1.15645525071624774828.1)
                  0000a3fc    00000005     app_shell.o (.rodata.str1.15816476343860600217.1)
                  0000a401    00000005     app_shell.o (.rodata.str1.15885433143163248817.1)
                  0000a406    00000005     shell.o (.rodata.str1.17405053739148516019.1)
                  0000a40b    00000005     app_shell.o (.rodata.str1.17414183638713165213.1)
                  0000a410    00000005     app_shell.o (.rodata.str1.17796269336985765740.1)
                  0000a415    00000005     app_shell.o (.rodata.str1.18221696243336245540.1)
                  0000a41a    00000005     app_shell.o (.rodata.str1.2160470991696560517.1)
                  0000a41f    00000005     app_shell.o (.rodata.str1.4179493015675024832.1)
                  0000a424    00000005     app_shell.o (.rodata.str1.5301191676092148263.1)
                  0000a429    00000005     app_shell.o (.rodata.str1.5640218363402806195.1)
                  0000a42e    00000005     app_shell.o (.rodata.str1.7212684690809077353.1)
                  0000a433    00000005     app_shell.o (.rodata.str1.7988978544830785654.1)
                  0000a438    00000005     app_shell.o (.rodata.str1.8934507472916618446.1)
                  0000a43d    00000004     app_shell.o (.rodata.str1.10756110055158838206.1)
                  0000a441    00000004     app_shell.o (.rodata.str1.1207053347194752072.1)
                  0000a445    00000004     app_shell.o (.rodata.str1.1223882822645374465.1)
                  0000a449    00000004     app_shell.o (.rodata.str1.13626453309717720227.1)
                  0000a44d    00000004     app_shell.o (.rodata.str1.141740382680400416.1)
                  0000a451    00000004     app_shell.o (.rodata.str1.14445045882516821416.1)
                  0000a455    00000004     app_shell.o (.rodata.str1.2767916714829989116.1)
                  0000a459    00000004     app_shell.o (.rodata.str1.3030045481369325523.1)
                  0000a45d    00000004     app_shell.o (.rodata.str1.3688985272902551570.1)
                  0000a461    00000004     app_shell.o (.rodata.str1.4138401803328556999.1)
                  0000a465    00000004     app_shell.o (.rodata.str1.4465400818469226320.1)
                  0000a469    00000004     app_shell.o (.rodata.str1.5531439754045694522.1)
                  0000a46d    00000004     app_shell.o (.rodata.str1.5716603645884478871.1)
                  0000a471    00000004     app_shell.o (.rodata.str1.6410197886599512152.1)
                  0000a475    00000004     shell.o (.rodata.str1.7348818734176781284.1)
                  0000a479    00000004     app_shell.o (.rodata.str1.7743837333376801574.1)
                  0000a47d    00000004     app_shell.o (.rodata.str1.7940456731757887554.1)
                  0000a481    00000004     app_shell.o (.rodata.str1.8406640635343907673.1)
                  0000a485    00000004     shell.o (.rodata.str1.8954516873856363469.1)
                  0000a489    00000004     app_shell.o (.rodata.str1.906066569443847875.1)
                  0000a48d    00000004     app_shell.o (.rodata.str1.9082118575882053516.1)
                  0000a491    00000003     app_shell.o (.rodata.str1.1418877803505809098.1)
                  0000a494    00000003     app_shell.o (.rodata.str1.16800956331689080151.1)
                  0000a497    00000003     app_shell.o (.rodata.str1.17946445462908322557.1)
                  0000a49a    00000003     app_shell.o (.rodata.str1.2027963614161212499.1)
                  0000a49d    00000003     shell.o (.rodata.str1.4282230880151502975.1)
                  0000a4a0    00000003     app_shell.o (.rodata.str1.5164433326538179767.1)
                  0000a4a3    00000003     app_shell.o (.rodata.str1.638712236475948105.1)
                  0000a4a6    00000003     app_shell.o (.rodata.str1.8035528561561339514.1)
                  0000a4a9    00000003     shell.o (.rodata.str1.8508895379925972626.1)
                  0000a4ac    00000002     ti_msp_dl_config.o (.rodata.gDEBUG_UARTClockConfig)
                  0000a4ae    00000002     ti_msp_dl_config.o (.rodata.gFRAM_I2CClockConfig)
                  0000a4b0    00000002     ti_msp_dl_config.o (.rodata.gIMU_SPI_clockConfig)
                  0000a4b2    00000002     ti_msp_dl_config.o (.rodata.gINA219_I2CClockConfig)
                  0000a4b4    00000002     ti_msp_dl_config.o (.rodata.gLORA_UARTClockConfig)
                  0000a4b6    00000002     ti_msp_dl_config.o (.rodata.gMOTOR_UARTClockConfig)
                  0000a4b8    00000002     app_shell.o (.rodata.str1.10091040128680290456.1)
                  0000a4ba    00000002     app_shell.o (.rodata.str1.16458884249986146812.1)
                  0000a4bc    00000002     app_shell.o (.rodata.str1.18057142085415363861.1)
                  0000a4be    00000002     app_shell.o (.rodata.str1.8867909630182175989.1)
                  0000a4c0    00000002     app_shell.o (.rodata.str1.9307362830757344490.1)
                  0000a4c2    0000000e     --HOLE-- [fill = 0]

.init_array 
*          0    00000000    00000000     UNINITIALIZED

.binit     0    00000000    00000000     

.bss       0    20200000    00000308     UNINITIALIZED
                  20200000    00000100     board_lora.o (.bss._ZN5boardL14g_loraRxBufferE)
                  20200100    00000100     board_motor_driver.o (.bss._ZN5boardL21g_motorDriverRxBufferE)
                  20200200    00000080     debug_uart.o (.bss._ZN8services12_GLOBAL__N_110g_rxBufferE)
                  20200280    00000060     shell.o (.bss._ZN8services12_GLOBAL__N_112g_lineBufferE)
                  202002e0    00000028     (.common:gIMU_SPIBackup)

.data      0    20200308    0000027c     UNINITIALIZED
                  20200308    00000100     shell.o (.data._ZN8services12_GLOBAL__N_110g_commandsE)
                  20200408    000000f0     scheduler.o (.data._ZN8servicesL7g_tasksE)
                  202004f8    00000030     board_button.o (.data._ZN5board12_GLOBAL__N_116g_buttonContextsE)
                  20200528    00000010     board_lora.o (.data._ZN5boardL13g_loraContextE)
                  20200538    00000010     board_motor_driver.o (.data._ZN5boardL20g_motorDriverContextE)
                  20200548    00000008     app_main.o (.data._ZN3appL10g_appStateE)
                  20200550    00000008     board_fram.o (.data._ZN5boardL13g_framContextE)
                  20200558    00000008     board_buzzer.o (.data._ZN5boardL15g_buzzerContextE)
                  20200560    00000008     board_ina219.o (.data._ZN5boardL15g_ina219ContextE)
                  20200568    00000008     board_led.o (.data._ZN5boardL18g_statusLedContextE)
                  20200570    00000004     shell.o (.data._ZN8services12_GLOBAL__N_112g_lineLengthE)
                  20200574    00000004     debug_uart.o (.data._ZN8services12_GLOBAL__N_116g_rxDroppedCountE)
                  20200578    00000004     time.o (.data._ZN8servicesL8g_millisE)
                  2020057c    00000002     debug_uart.o (.data._ZN8services12_GLOBAL__N_18g_rxHeadE)
                  2020057e    00000002     debug_uart.o (.data._ZN8services12_GLOBAL__N_18g_rxTailE)
                  20200580    00000001     board_imu.o (.data._ZN5board12_GLOBAL__N_110g_imuReadyE)
                  20200581    00000001     shell.o (.data._ZN8services12_GLOBAL__N_114g_ignoreNextLfE)
                  20200582    00000001     debug_uart.o (.data._ZN8services12_GLOBAL__N_116g_debugUartReadyE)
                  20200583    00000001     fault.o (.data._ZN8servicesL11g_faultCodeE)

.stack     0    2020ff00    00000100     UNINITIALIZED
                  2020ff00    00000004     libc.a : boot_cortex_m.c.obj (.stack)
                  2020ff04    000000fc     --HOLE--

__llvm_prf_cnts 
*          0    20200000    00000000     UNINITIALIZED

__llvm_prf_bits 
*          0    20200000    00000000     UNINITIALIZED

MODULE SUMMARY

       Module                         code    ro data   rw data
       ------                         ----    -------   -------
    .\
       ti_msp_dl_config.o             1128    52        40     
       startup_mspm0g351x_ticlang.o   6       192       0      
       empty_cpp.o                    82      0         0      
    +--+------------------------------+-------+---------+---------+
       Total:                         1216    244       40     
                                                               
    .\app\
       app_shell.o                    18460   4026      0      
       app_main.o                     102     8         8      
    +--+------------------------------+-------+---------+---------+
       Total:                         18562   4034      8      
                                                               
    .\board\
       board_imu.o                    2552    0         1      
       board_lora.o                   204     24        272    
       board_motor_driver.o           204     24        272    
       board_ina219.o                 356     56        8      
       board_button.o                 248     92        48     
       board_i2c_bus.o                204     100       0      
       board_fram.o                   210     44        8      
       board_buzzer.o                 68      12        8      
       board_led.o                    68      12        8      
       board.o                        38      0         0      
    +--+------------------------------+-------+---------+---------+
       Total:                         4152    364       625    
                                                               
    .\drivers\button\
       button.o                       306     0         0      
    +--+------------------------------+-------+---------+---------+
       Total:                         306     0         0      
                                                               
    .\drivers\buzzer\
       buzzer.o                       174     0         0      
    +--+------------------------------+-------+---------+---------+
       Total:                         174     0         0      
                                                               
    .\drivers\fm24cl64b\
       fm24cl64b.o                    1882    0         0      
    +--+------------------------------+-------+---------+---------+
       Total:                         1882    0         0      
                                                               
    .\drivers\i2c_diag\
       i2c_diag.o                     2152    0         0      
    +--+------------------------------+-------+---------+---------+
       Total:                         2152    0         0      
                                                               
    .\drivers\ina219\
       ina219.o                       2326    0         0      
    +--+------------------------------+-------+---------+---------+
       Total:                         2326    0         0      
                                                               
    .\drivers\led\
       led.o                          174     0         0      
    +--+------------------------------+-------+---------+---------+
       Total:                         174     0         0      
                                                               
    .\drivers\lora\
       lora.o                         908     0         0      
    +--+------------------------------+-------+---------+---------+
       Total:                         908     0         0      
                                                               
    .\drivers\motor_driver\
       motor_driver_uart.o            908     0         0      
    +--+------------------------------+-------+---------+---------+
       Total:                         908     0         0      
                                                               
    .\services\
       shell.o                        1800    111       357    
       scheduler.o                    832     0         240    
       debug_uart.o                   732     0         137    
       time.o                         84      0         4      
       fault.o                        40      0         1      
       log.o                          2       0         0      
    +--+------------------------------+-------+---------+---------+
       Total:                         3490    111       739    
                                                               
    C:/ti/mspm0_sdk_2_10_00_04/source/ti/driverlib/lib/ticlang/m0p/mspm0gx51x/driverlib.a
       dl_i2c.o                       240     0         0      
       dl_spi.o                       142     0         0      
       dl_uart.o                      138     0         0      
       dl_common.o                    10      0         0      
    +--+------------------------------+-------+---------+---------+
       Total:                         530     0         0      
                                                               
    C:\ti\ccs2100\ccs\tools\compiler\ti-cgt-armllvm_5.1.1.LTS\lib\armv6m-ti-none-eabi/c/libc.a
       memcpy16.S.obj                 154     0         0      
       copy_decompress_lzss.c.obj     124     0         0      
       memset16.S.obj                 98      0         0      
       autoinit.c.obj                 60      0         0      
       boot_cortex_m.c.obj            40      0         0      
       copy_zero_init.c.obj           22      0         0      
       copy_decompress_none.c.obj     18      0         0      
       exit.c.obj                     6       0         0      
       pre_init.c.obj                 4       0         0      
    +--+------------------------------+-------+---------+---------+
       Total:                         526     0         0      
                                                               
    C:\ti\ccs2100\ccs\tools\compiler\ti-cgt-armllvm_5.1.1.LTS\lib\armv6m-ti-none-eabi/c/libsysbm.a
       hostexit.c.obj                 4       0         0      
    +--+------------------------------+-------+---------+---------+
       Total:                         4       0         0      
                                                               
    C:\ti\ccs2100\ccs\tools\compiler\ti-cgt-armllvm_5.1.1.LTS\lib\armv6m-ti-none-eabi/libclang_rt.builtins.a
       aeabi_uidivmod.S.obj           64      0         0      
       aeabi_memset.S.obj             26      0         0      
       aeabi_memcpy.S.obj             8       0         0      
       aeabi_div0.c.obj               2       0         0      
    +--+------------------------------+-------+---------+---------+
       Total:                         100     0         0      
                                                               
       Stack:                         0       0         256    
       Linker Generated:              0       45        0      
    +--+------------------------------+-------+---------+---------+
       Grand Total:                   37410   4798      1668   


LINKER GENERATED COPY TABLES

__TI_cinit_table @ 0000a4f0 records: 2, size/record: 8, table size: 16
	.data: load addr=0000a4dc, load size=00000009 bytes, run addr=20200308, run size=0000027c bytes, compression=lzss
	.bss: load addr=0000a4e8, load size=00000008 bytes, run addr=20200000, run size=00000308 bytes, compression=zero_init


LINKER GENERATED HANDLER TABLE

__TI_handler_table @ 0000a4d0 records: 3, size/record: 4, table size: 12
	index: 0, handler: __TI_decompress_lzss
	index: 1, handler: __TI_decompress_none
	index: 2, handler: __TI_zero_init


GLOBAL SYMBOLS: SORTED ALPHABETICALLY BY Name 

address   name                                                                                        
-------   ----                                                                                        
00006f7b  ADC0_IRQHandler                                                                             
00006f7b  ADC1_IRQHandler                                                                             
00006f7b  AESADV_IRQHandler                                                                           
000092e0  C$$EXIT                                                                                     
00006f7b  CANFD0_IRQHandler                                                                           
00006f7b  CANFD1_IRQHandler                                                                           
00006f7b  DAC0_IRQHandler                                                                             
000092a1  DL_Common_delayCycles                                                                       
00007d69  DL_I2C_fillControllerTXFIFO                                                                 
00008805  DL_I2C_flushControllerRXFIFO                                                                
00008525  DL_I2C_flushControllerTXFIFO                                                                
00008b59  DL_I2C_setClockConfig                                                                       
000082d9  DL_SPI_init                                                                                 
00008c69  DL_SPI_receiveDataCheck8                                                                    
00008fb5  DL_SPI_setClockConfig                                                                       
00008c85  DL_SPI_transmitDataCheck8                                                                   
000081b9  DL_UART_init                                                                                
00008fc7  DL_UART_setClockConfig                                                                      
00008835  DL_UART_transmitDataBlocking                                                                
00006f7b  DMA_IRQHandler                                                                              
00006f7b  Default_Handler                                                                             
00006f7b  GROUP0_IRQHandler                                                                           
00006f7b  GROUP1_IRQHandler                                                                           
000092e1  HOSTexit                                                                                    
00006f7b  HardFault_Handler                                                                           
00006f7b  I2C0_IRQHandler                                                                             
00006f7b  I2C1_IRQHandler                                                                             
00006f7b  I2C2_IRQHandler                                                                             
00006f7b  LFSS_IRQHandler                                                                             
00006f7b  NMI_Handler                                                                                 
00006f7b  PendSV_Handler                                                                              
000092e5  Reset_Handler                                                                               
00006f7b  SPI0_IRQHandler                                                                             
00006f7b  SPI1_IRQHandler                                                                             
00006f7b  SPI2_IRQHandler                                                                             
00006f7b  SVC_Handler                                                                                 
00007379  SYSCFG_DL_DEBUG_UART_init                                                                   
00007ed5  SYSCFG_DL_FRAM_I2C_init                                                                     
00006211  SYSCFG_DL_GPIO_init                                                                         
0000816d  SYSCFG_DL_IMU_SPI_init                                                                      
00007f29  SYSCFG_DL_INA219_I2C_init                                                                   
00007401  SYSCFG_DL_LORA_UART_init                                                                    
00007489  SYSCFG_DL_MOTOR_UART_init                                                                   
00008865  SYSCFG_DL_SYSCTL_init                                                                       
00008769  SYSCFG_DL_init                                                                              
00007715  SYSCFG_DL_initPower                                                                         
00008fed  SysTick_Handler                                                                             
00006f7b  TIMA0_IRQHandler                                                                            
00006f7b  TIMA1_IRQHandler                                                                            
00006f7b  TIMG0_IRQHandler                                                                            
00006f7b  TIMG12_IRQHandler                                                                           
00006f7b  TIMG14_IRQHandler                                                                           
00006f7b  TIMG6_IRQHandler                                                                            
00006f7b  TIMG7_IRQHandler                                                                            
00006f7b  TIMG8_IRQHandler                                                                            
00006f7b  TIMG9_IRQHandler                                                                            
00008ffd  UART0_IRQHandler                                                                            
0000900d  UART1_IRQHandler                                                                            
00006f7b  UART3_IRQHandler                                                                            
00006f7b  UART4_IRQHandler                                                                            
00007979  UART5_IRQHandler                                                                            
00006f7b  UART6_IRQHandler                                                                            
00006f7b  UART7_IRQHandler                                                                            
00005dc5  _ZN3app25AppShell_RegisterCommandsEv                                                        
00008ca1  _ZN3app7App_RunEv                                                                           
0000879d  _ZN3app8App_InitEv                                                                          
00008ba5  _ZN5board10Board_InitEv                                                                     
00008c0d  _ZN5board13Board_ImuInitEv                                                                  
0000902d  _ZN5board14Board_BuzzerOnEv                                                                 
00008e9d  _ZN5board14Board_FramInitEv                                                                 
00008eb1  _ZN5board14Board_FramReadEtPht                                                              
000071cb  _ZN5board14Board_LateInitEv                                                                 
00008ae1  _ZN5board14Board_LoraInitEv                                                                 
0000903d  _ZN5board15Board_BuzzerOffEv                                                                
00008db9  _ZN5board15Board_I2cBusGetEj                                                                
00008ec5  _ZN5board15Board_LoraWriteEPKht                                                             
00008ed9  _ZN5board16Board_BuzzerInitEv                                                               
00006af9  _ZN5board16Board_I2cBusFindEPKc                                                             
0000924d  _ZN5board16Board_ImuIsReadyEv                                                               
000080cd  _ZN5board16Board_Ina219InitEv                                                               
0000859d  _ZN5board17Board_ButtonsInitEv                                                              
0000904d  _ZN5board17Board_FramIsReadyEv                                                              
000092e9  _ZN5board17Board_I2cBusCountEv                                                              
0000905d  _ZN5board17Board_Ina219ResetEv                                                              
0000906d  _ZN5board17Board_LoraIsReadyEv                                                              
0000907d  _ZN5board17Board_StatusLedOnEv                                                              
00008eed  _ZN5board18Board_FramReadByteEtPh                                                           
00008f01  _ZN5board18Board_FramSelfTestEv                                                             
0000908d  _ZN5board18Board_LoraReadByteEPh                                                            
0000909d  _ZN5board18Board_StatusLedOffEv                                                             
00008dd1  _ZN5board19Board_ButtonGetNameENS_13BoardButtonIdE                                          
00008cbd  _ZN5board19Board_ButtonReadRawENS_13BoardButtonIdEPb                                        
000087d1  _ZN5board19Board_ButtonsUpdateEj                                                            
000090ad  _ZN5board19Board_BuzzerIsReadyEv                                                            
00008f15  _ZN5board19Board_FramWriteByteEth                                                           
000090bd  _ZN5board19Board_Ina219IsReadyEv                                                            
[...]
00007715  SYSCFG_DL_initPower                                                                         
00007791  _ZN7drivers19LoraUart_IrqHandlerEPNS_15LoraUartContextE                                     
0000780d  _ZN7drivers26MotorDriverUart_IrqHandlerEPNS_22MotorDriverUartContextE                       
00007889  __TI_decompress_lzss                                                                        
00007905  _ZN7drivers22Ina219_ReadMeasurementEPNS_13Ina219ContextEPNS_17Ina219MeasurementE            
00007979  UART5_IRQHandler                                                                            
000079e5  _ZN8services21DebugUart_WriteStringEPKc                                                     
00007b1d  _ZN5board22Board_ImuGetLineStatusEPNS_18BoardImuLineStatusE                                 
00007b81  _ZN7drivers14Fm24cl64b_InitEPNS_16Fm24cl64bContextEPKNS_15Fm24cl64bConfigE                  
00007be5  memset                                                                                      
00007c47  _ZN8services8Log_InitEv                                                                     
00007ca9  _ZN7drivers22LoraUart_ClearRxBufferEPNS_15LoraUartContextE                                  
00007d09  _ZN7drivers29MotorDriverUart_ClearRxBufferEPNS_22MotorDriverUartContextE                    
00007d69  DL_I2C_fillControllerTXFIFO                                                                 
00007dc7  _ZN7drivers13Button_UpdateEPNS_13ButtonContextEj                                            
00007e25  _ZN7drivers17Ina219_SetAddressEPNS_13Ina219ContextEh                                        
00007e7d  _ZN7drivers20I2cDiag_GetBusStatusEPKNS_16I2cDiagBusConfigEPNS_16I2cDiagBusStatusE           
00007ed5  SYSCFG_DL_FRAM_I2C_init                                                                     
00007f29  SYSCFG_DL_INA219_I2C_init                                                                   
00008025  _ZN8services14DebugUart_InitEv                                                              
00008079  main                                                                                        
000080cb  __aeabi_idiv0                                                                               
000080cd  _ZN5board16Board_Ina219InitEv                                                               
0000811d  _ZN5board27Board_ImuSetChipSelectDebugEbbbb                                                 
0000816d  SYSCFG_DL_IMU_SPI_init                                                                      
000081b9  DL_UART_init                                                                                
00008201  _ZN5board22Board_FramGetBusStatusEPjPbS1_                                                   
00008249  _ZN5board24Board_Ina219GetBusStatusEPjPbS1_                                                 
00008291  _ZN8services18DebugUart_ReadByteEPh                                                         
000082d9  DL_SPI_init                                                                                 
0000831d  _ZN7drivers19Ina219_GetBusStatusEPNS_13Ina219ContextEPNS_15Ina219BusStatusE                 
00008361  _ZN7drivers22Fm24cl64b_GetBusStatusEPNS_16Fm24cl64bContextEPNS_18Fm24cl64bBusStatusE        
00008425  _ZN7drivers17LoraUart_ReadByteEPNS_15LoraUartContextEPh                                     
00008465  _ZN7drivers24MotorDriverUart_ReadByteEPNS_22MotorDriverUartContextEPh                       
000084a5  __aeabi_uidiv                                                                               
000084a5  __aeabi_uidivmod                                                                            
000084e5  _ZN7drivers11Button_InitEPNS_13ButtonContextEPKNS_12ButtonConfigE                           
00008525  DL_I2C_flushControllerTXFIFO                                                                
0000859d  _ZN5board17Board_ButtonsInitEv                                                              
000085d9  _ZN7drivers23Ina219_ConfigureDefaultEPNS_13Ina219ContextE                                   
00008615  __TI_auto_init_nobinit_nopinit                                                              
00008651  _ZN7drivers11Buzzer_InitEPNS_13BuzzerContextEPKNS_12BuzzerConfigE                           
00008689  _ZN7drivers14Button_ReadRawEPNS_13ButtonContextEPb                                          
000086c1  _ZN7drivers19Ina219_ProbeAddressEPNS_13Ina219ContextEhPt                                    
000086f9  _ZN7drivers8Led_InitEPNS_10LedContextEPKNS_9LedConfigE                                      
00008731  _ZN8services9Time_InitEv                                                                    
00008769  SYSCFG_DL_init                                                                              
0000879d  _ZN3app8App_InitEv                                                                          
000087d1  _ZN5board19Board_ButtonsUpdateEj                                                            
00008805  DL_I2C_flushControllerRXFIFO                                                                
00008835  DL_UART_transmitDataBlocking                                                                
00008865  SYSCFG_DL_SYSCTL_init                                                                       
000088c5  _ZN7drivers10Buzzer_OffEPNS_13BuzzerContextE                                                
000088f5  _ZN7drivers6Led_OnEPNS_10LedContextE                                                        
00008925  _ZN7drivers7Led_OffEPNS_10LedContextE                                                       
00008955  _ZN7drivers9Buzzer_OnEPNS_13BuzzerContextE                                                  
00008985  _ZN7drivers19Ina219_ReadRegisterEPNS_13Ina219ContextEhPt                                    
000089b3  _ZN7drivers20Ina219_WriteRegisterEPNS_13Ina219ContextEht                                    
000089e1  _ZN7drivers28LoraUart_GetControllerStatusEPKNS_15LoraUartContextEPj                         
00008a0d  _ZN7drivers35MotorDriverUart_GetControllerStatusEPKNS_22MotorDriverUartContextEPj           
00008a39  _ZN7drivers12Ina219_ResetEPNS_13Ina219ContextE                                              
00008a63  _ZN7drivers23LoraUart_GetRxAvailableEPKNS_15LoraUartContextE                                
00008a8d  _ZN7drivers30MotorDriverUart_GetRxAvailableEPKNS_22MotorDriverUartContextE                  
00008ae1  _ZN5board14Board_LoraInitEv                                                                 
00008b09  _ZN5board21Board_MotorDriverInitEv                                                          
00008b31  _c_int00_noargs                                                                             
00008b59  DL_I2C_setClockConfig                                                                       
00008ba5  _ZN5board10Board_InitEv                                                                     
00008bc9  _ZN7drivers17Button_WasPressedEPNS_13ButtonContextE                                         
00008beb  _ZN7drivers18Button_WasReleasedEPNS_13ButtonContextE                                        
00008c0d  _ZN5board13Board_ImuInitEv                                                                  
00008c2d  _ZN7drivers17Ina219_GetAddressEPKNS_13Ina219ContextE                                        
00008c4b  _ZN7drivers21Ina219_GetCalibrationEPKNS_13Ina219ContextE                                    
00008c69  DL_SPI_receiveDataCheck8                                                                    
00008c85  DL_SPI_transmitDataCheck8                                                                   
00008ca1  _ZN3app7App_RunEv                                                                           
00008cbd  _ZN5board19Board_ButtonReadRawENS_13BoardButtonIdEPb                                        
00008cd9  _ZN5board21Board_ButtonIsPressedENS_13BoardButtonIdE                                        
00008cf5  _ZN5board22Board_ButtonWasPressedENS_13BoardButtonIdE                                       
00008d11  _ZN5board23Board_ButtonWasReleasedENS_13BoardButtonIdE                                      
00008d2d  _ZN7drivers14Ina219_IsReadyEPKNS_13Ina219ContextE                                           
00008d49  _ZN7drivers17Fm24cl64b_IsReadyEPKNS_16Fm24cl64bContextE                                     
00008d65  _ZN8services19DebugUart_WriteCharEc                                                         
00008d81  _ZN7drivers16Button_IsPressedEPKNS_13ButtonContextE                                         
00008d9d  __aeabi_memset                                                                              
00008d9d  __aeabi_memset4                                                                             
00008d9d  __aeabi_memset8                                                                             
00008dab  __aeabi_memclr                                                                              
00008dab  __aeabi_memclr4                                                                             
00008dab  __aeabi_memclr8                                                                             
00008db9  _ZN5board15Board_I2cBusGetEj                                                                
00008dd1  _ZN5board19Board_ButtonGetNameENS_13BoardButtonIdE                                          
00008de9  _ZN7drivers20LoraUart_GetBaudrateEPKNS_15LoraUartContextE                                   
00008e01  _ZN7drivers27MotorDriverUart_GetBaudrateEPKNS_22MotorDriverUartContextE                     
00008e2f  _ZN7drivers11Led_IsReadyEPKNS_10LedContextE                                                 
00008e45  _ZN7drivers14Buzzer_IsReadyEPKNS_13BuzzerContextE                                           
00008e5b  _ZN7drivers16LoraUart_IsReadyEPKNS_15LoraUartContextE                                       
00008e71  _ZN7drivers23MotorDriverUart_IsReadyEPKNS_22MotorDriverUartContextE                         
00008e87  __TI_zero_init_nomemset                                                                     
00008e9d  _ZN5board14Board_FramInitEv                                                                 
00008eb1  _ZN5board14Board_FramReadEtPht                                                              
00008ec5  _ZN5board15Board_LoraWriteEPKht                                                             
00008ed9  _ZN5board16Board_BuzzerInitEv                                                               
00008eed  _ZN5board18Board_FramReadByteEtPh                                                           
00008f01  _ZN5board18Board_FramSelfTestEv                                                             
00008f15  _ZN5board19Board_FramWriteByteEth                                                           
00008f29  _ZN5board19Board_StatusLedInitEv                                                            
00008f3d  _ZN5board22Board_MotorDriverWriteEPKht                                                      
00008f51  _ZN5board24Board_Ina219ProbeAddressEhPt                                                     
00008f65  _ZN5board24Board_Ina219ReadRegisterEhPt                                                     
00008f79  _ZN5board25Board_Ina219WriteRegisterEht                                                     
00008f8d  _ZN7drivers19Fm24cl64b_WriteByteEPNS_16Fm24cl64bContextEth                                  
00008fa1  _ZN8services15Shell_WriteLineEPKc                                                           
00008fb5  DL_SPI_setClockConfig                                                                       
00008fc7  DL_UART_setClockConfig                                                                      
00008fd9  __TI_decompress_none                                                                        
00008fed  SysTick_Handler                                                                             
00008ffd  UART0_IRQHandler                                                                            
0000900d  UART1_IRQHandler                                                                            
0000902d  _ZN5board14Board_BuzzerOnEv                                                                 
0000903d  _ZN5board15Board_BuzzerOffEv                                                                
0000904d  _ZN5board17Board_FramIsReadyEv                                                              
0000905d  _ZN5board17Board_Ina219ResetEv                                                              
0000906d  _ZN5board17Board_LoraIsReadyEv                                                              
0000907d  _ZN5board17Board_StatusLedOnEv                                                              
0000908d  _ZN5board18Board_LoraReadByteEPh                                                            
0000909d  _ZN5board18Board_StatusLedOffEv                                                             
000090ad  _ZN5board19Board_BuzzerIsReadyEv                                                            
000090bd  _ZN5board19Board_Ina219IsReadyEv                                                            
000090cd  _ZN5board19Board_LoraWriteByteEh                                                            
000090dd  _ZN5board20Board_FramRecoverBusEv                                                           
000090ed  _ZN5board21Board_LoraGetBaudrateEv                                                          
000090fd  _ZN5board22Board_Ina219GetAddressEv                                                         
0000910d  _ZN5board22Board_Ina219RecoverBusEv                                                         
0000911d  _ZN5board22Board_Ina219SetAddressEh                                                         
0000912d  _ZN5board22Board_StatusLedIsReadyEv                                                         
0000913d  _ZN5board23Board_Ina219CalibrationEv                                                        
0000914d  _ZN5board23Board_LoraClearRxBufferEv                                                        
0000915d  _ZN5board24Board_LoraGetRxAvailableEv                                                       
0000916d  _ZN5board24Board_MotorDriverIsReadyEv                                                       
0000917d  _ZN5board25Board_MotorDriverReadByteEPh                                                     
0000918d  _ZN5board26Board_MotorDriverWriteByteEh                                                     
0000919d  _ZN5board27Board_Ina219ReadMeasurementEPN7drivers17Ina219MeasurementE                       
000091ad  _ZN5board27Board_LoraGetRxDroppedCountEv                                                    
000091bd  _ZN5board28Board_Ina219ConfigureDefaultEv                                                   
000091cd  _ZN5board28Board_Ina219ReadRawRegistersEPN7drivers18Ina219RawRegistersE                     
000091dd  _ZN5board28Board_MotorDriverGetBaudrateEv                                                   
000091ed  _ZN5board29Board_LoraGetControllerStatusEPj                                                 
000091fd  _ZN5board30Board_MotorDriverClearRxBufferEv                                                 
0000920d  _ZN5board31Board_MotorDriverGetRxAvailableEv                                                
0000921d  _ZN5board34Board_MotorDriverGetRxDroppedCountEv                                             
0000922d  _ZN5board36Board_MotorDriverGetControllerStatusEPj                                          
0000923d  _ZN8services9Fault_SetENS_9FaultCodeE                                                       
0000924d  _ZN5board16Board_ImuIsReadyEv                                                               
00009259  _ZN7drivers26LoraUart_GetRxDroppedCountEPKNS_15LoraUartContextE                             
00009265  _ZN7drivers33MotorDriverUart_GetRxDroppedCountEPKNS_22MotorDriverUartContextE               
00009271  _ZN8services10Fault_InitEv                                                                  
0000927d  _ZN8services11Time_MillisEv                                                                 
00009289  _ZN8services17DebugUart_IsReadyEv                                                           
00009295  _ZN8services9Fault_GetEv                                                                    
000092a1  DL_Common_delayCycles                                                                       
000092ab  _ZN7drivers18Fm24cl64b_ReadByteEPNS_16Fm24cl64bContextEtPh                                  
000092b5  _ZN8services15Shell_WriteCharEc                                                             
000092bd  _ZN8services17Shell_WriteStringEPKc                                                         
000092c5  _ZN8services17Shell_WriteUInt32Ej                                                           
000092cd  __aeabi_memcpy                                                                              
000092cd  __aeabi_memcpy4                                                                             
000092cd  __aeabi_memcpy8                                                                             
000092d5  _ZN5board23Board_FramCapacityBytesEv                                                        
000092db  abort                                                                                       
000092e0  C$$EXIT                                                                                     
000092e1  HOSTexit                                                                                    
000092e5  Reset_Handler                                                                               
000092e9  _ZN5board17Board_I2cBusCountEv                                                              
000092ed  _system_pre_init                                                                            
0000a4d0  __TI_Handler_Table_Base                                                                     
0000a4dc  __TI_Handler_Table_Limit                                                                    
0000a4f0  __TI_CINIT_Base                                                                             
0000a500  __TI_CINIT_Limit                                                                            
0000a500  __TI_CINIT_Warm                                                                             
20200000  __start___llvm_prf_bits                                                                     
20200000  __start___llvm_prf_cnts                                                                     
20200000  __stop___llvm_prf_bits                                                                      
20200000  __stop___llvm_prf_cnts                                                                      
202002e0  gIMU_SPIBackup                                                                              
2020ff00  __stack                                                                                     
20210000  __STACK_END                                                                                 
ffffffff  __TI_pprof_out_hndl                                                                         
ffffffff  __TI_prof_data_size                                                                         
ffffffff  __TI_prof_data_start                                                                        
ffffffff  __binit__                                                                                   
ffffffff  binit                                                                                       
UNDEFED   __mpu_init                                                                                  
UNDEFED   _system_post_cinit                                                                          

[277 symbols]
