******************************************************************************
            TI ARM Clang Linker PC v5.1.1                      
******************************************************************************
>> Linked Tue Jul  7 18:28:46 2026

OUTPUT FILE NAME:   <gugaPI.out>
ENTRY POINT SYMBOL: "_c_int00_noargs"  address: 0000f3b9


MEMORY CONFIGURATION

         name            origin    length      used     unused   attr    fill
----------------------  --------  ---------  --------  --------  ----  --------
  FLASH                 00000000   00080000  00011d00  0006e300  R  X
  SRAM_BANK0            20200000   00010000  00000707  0000f8f9  RW X
  SRAM_BANK1            20210000   00010000  00000000  00010000  RW X
  BCR_CONFIG            41c00000   000000ff  00000000  000000ff  R   
  BSL_CONFIG            41c00100   00000080  00000000  00000080  R   
  DATA                  41d00000   00004000  00000000  00004000  R   


SEGMENT ALLOCATION MAP

run origin  load origin   length   init length attrs members
----------  ----------- ---------- ----------- ----- -------
00000000    00000000    0000fd18   0000fd18    r-x
  00000000    00000000    000000c0   000000c0    r-- .intvecs
  000000c0    000000c0    0000fc58   0000fc58    r-x .text
0000fd20    0000fd20    00001fe8   00001fe8    r--
  0000fd20    0000fd20    00001fa0   00001fa0    r-- .rodata
  00011cc0    00011cc0    00000048   00000048    r-- .cinit
20200000    20200000    00000607   00000000    rw-
  20200000    20200000    00000338   00000000    rw- .bss
  20200338    20200338    000002cf   00000000    rw- .data
2020ff00    2020ff00    00000100   00000000    rw-
  2020ff00    2020ff00    00000100   00000000    rw- .stack


SECTION ALLOCATION MAP

 output                                  attributes/
section   page    origin      length       input sections
--------  ----  ----------  ----------   ----------------
.intvecs   0    00000000    000000c0     
                  00000000    000000c0     startup_mspm0g351x_ticlang.o (.intvecs)

.text      0    000000c0    0000fc58     
                  000000c0    00001dd0     app_shell.o (.text._ZN3app12_GLOBAL__N_112MotorCommandEiPKPKc)
                  00001e90    00000b40     app_shell.o (.text._ZN3app12_GLOBAL__N_112Gy931CommandEiPKPKc)
                  000029d0    00000b14     app_shell.o (.text._ZN3app12_GLOBAL__N_113Ina219CommandEiPKPKc)
                  000034e4    00000a5c     app_shell.o (.text._ZN3app12_GLOBAL__N_110ImuCommandEiPKPKc)
                  00003f40    00000978     app_shell.o (.text._ZN3app12_GLOBAL__N_123Ina219OledUpdateDisplayEv)
                  000048b8    00000880     app_shell.o (.text._ZN3app12_GLOBAL__N_111LoraCommandEiPKPKc)
                  00005138    00000830     app_shell.o (.text._ZN3app12_GLOBAL__N_111OledCommandEiPKPKc)
                  00005968    00000724     app_shell.o (.text._ZN3app12_GLOBAL__N_110I2cCommandEiPKPKc)
                  0000608c    00000474     shell.o (.text._ZN8services12_GLOBAL__N_113HandleLineEndEv)
                  00006500    00000430     app_shell.o (.text._ZN3app12_GLOBAL__N_111FramCommandEiPKPKc)
                  00006930    000003f8     app_shell.o (.text._ZN3app12_GLOBAL__N_112MotorRequestEhhPKhhPNS0_18MotorProtocolFrameE)
                  00006d28    000003dc     app_shell.o (.text._ZN3app12_GLOBAL__N_122Gy931OledUpdateDisplayEv)
                  00007104    00000360     soft_i2c.o (.text._ZN7drivers16SoftI2c_ReadReg8EPNS_14SoftI2cContextEhhPht)
                  00007464    00000328     app_shell.o (.text._ZN3app12_GLOBAL__N_110LedCommandEiPKPKc)
                  0000778c    000002cc     board_imu.o (.text._ZN5board12_GLOBAL__N_123ReadRegisterWithCommandEhPh)
                  00007a58    00000284     board_imu.o (.text._ZN5board22Board_ImuWiggleSpiPinsEj)
                  00007cdc    00000268     i2c_diag.o (.text._ZN7drivers22I2cDiag_WriteReg8BlockEPKNS_16I2cDiagBusConfigEhhPKht)
                  00007f44    00000248     soft_i2c.o (.text._ZN7drivers18SoftI2c_RecoverBusEPNS_14SoftI2cContextE)
                  0000818c    00000238     i2c_diag.o (.text._ZN7drivers16I2cDiag_ReadReg8EPKNS_16I2cDiagBusConfigEhhPht)
                  000083c4    00000234     board_imu.o (.text._ZN5board21Board_ImuSpiSampleIcmEhPhj)
                  000085f8    00000230     app_shell.o (.text._ZN3app12_GLOBAL__N_113ButtonCommandEiPKPKc)
                  00008828    00000224     fm24cl64b.o (.text._ZN7drivers14Fm24cl64b_ReadEPNS_16Fm24cl64bContextEtPht)
                  00008a4c    0000021c     board_imu.o (.text._ZN5board20Board_ImuSpiBurstIcmEjh)
                  00008c68    00000208     oled_ssd1306.o (.text._ZN7drivers22OledSsd1306_DrawStringEPNS_18OledSsd1306ContextEhhPKc)
                  00008e70    000001e0     app_shell.o (.text._ZN3app12_GLOBAL__N_123Gy931OledWriteAngleLineEhPKci)
                  00009050    000001e0     ina219.o (.text._ZN7drivers17Ina219_RecoverBusEPNS_13Ina219ContextE)
                  00009230    000001e0     fm24cl64b.o (.text._ZN7drivers20Fm24cl64b_RecoverBusEPNS_16Fm24cl64bContextE)
                  00009410    000001dc     gy931.o (.text._ZN7drivers16Gy931_ReadSampleEPNS_12Gy931ContextEPNS_11Gy931SampleE)
                  000095ec    000001d0     fm24cl64b.o (.text._ZN7drivers15Fm24cl64b_WriteEPNS_16Fm24cl64bContextEtPKht)
                  000097bc    000001d0     i2c_diag.o (.text._ZN7drivers18I2cDiag_RecoverBusEPKNS_16I2cDiagBusConfigE)
                  0000998c    000001c8     i2c_diag.o (.text._ZN7drivers17I2cDiag_WriteReg8EPKNS_16I2cDiagBusConfigEhhPKht)
                  00009b54    000001b0     scheduler.o (.text._ZN8services13Scheduler_RunEv)
                  00009d04    000001a4     ina219.o (.text._ZN7drivers12_GLOBAL__N_120ReadRegisterInternalEPNS_13Ina219ContextEhPt)
                  00009ea8    000001a0     app_shell.o (.text._ZN3app12_GLOBAL__N_123PrintMotorPositionBlockERKNS0_18MotorProtocolFrameE)
                  0000a048    00000188     i2c_diag.o (.text._ZN7drivers20I2cDiag_ProbeAddressEPKNS_16I2cDiagBusConfigEh)
                  0000a1d0    00000174     app_shell.o (.text._ZN3app12_GLOBAL__N_123WriteSignedVector3MilliEPKcPKiS2_)
                  0000a344    00000170     app_shell.o (.text._ZN3app12_GLOBAL__N_113ParseI2cRangeEiPKPKchPhS5_)
                  0000a4b4    00000170     oled_ssd1306.o (.text._ZN7drivers23OledSsd1306_DrawCheckerEPNS_18OledSsd1306ContextE)
                  0000a624    00000164     board_i2c_bus.o (.text._ZN5board16Board_I2cBusFindEPKc)
                  0000a788    00000150     app_shell.o (.text._ZN3app12_GLOBAL__N_115PrintMotorUsageEv)
                  0000a8d8    00000150     app_shell.o (.text._ZN3app25AppShell_RegisterCommandsEv)
                  0000aa28    00000148     app_shell.o (.text._ZN3app12_GLOBAL__N_114PrintI2cStatusEPKN7drivers16I2cDiagBusConfigE)
                  0000ab70    00000140     debug_uart.o (.text._ZN8services21DebugUart_WriteUInt32Ej)
                  0000acb0    0000013c     app_shell.o (.text._ZN3app12_GLOBAL__N_110I2cScanBusEPKN7drivers16I2cDiagBusConfigEhhb)
                  0000adec    00000126     gy931.o (.text._ZN7drivers22Gy931_ReadRawRegistersEPNS_12Gy931ContextEhPsh)
                  0000af12    00000002     startup_mspm0g351x_ticlang.o (.text.Default_Handler)
                  0000af14    00000120     app_shell.o (.text._ZN3app12_GLOBAL__N_114ApplyLedActionEN5board10BoardLedIdEPKc)
                  0000b034    00000120     ina219.o (.text._ZN7drivers12_GLOBAL__N_121WriteRegisterInternalEPNS_13Ina219ContextEht)
                  0000b154    00000118     ti_msp_dl_config.o (.text.SYSCFG_DL_GPIO_init)
                  0000b26c    00000108     app_shell.o (.text._ZN3app12_GLOBAL__N_119PrintMotorFrameDataEPKcRKNS0_18MotorProtocolFrameE)
                  0000b374    00000104     soft_i2c.o (.text._ZN7drivers12_GLOBAL__N_19WriteByteEPKNS_13SoftI2cConfigEh)
                  0000b478    00000100     shell.o (.text._ZN8services10Shell_InitEv)
                  0000b578    000000fc     app_shell.o (.text._ZN3app12_GLOBAL__N_119Gy931OledSetEnabledEb)
                  0000b674    000000fc     app_shell.o (.text._ZN3app12_GLOBAL__N_120Ina219OledSetEnabledEb)
                  0000b770    000000f8     app_shell.o (.text._ZN3app12_GLOBAL__N_110ParseInt32EPKciiPi)
                  0000b868    000000f4     soft_i2c.o (.text._ZN7drivers12_GLOBAL__N_110BeginWriteEPKNS_13SoftI2cConfigEh)
                  0000b95c    000000f0     gy931.o (.text._ZN7drivers16Gy931_ReadAnglesEPNS_12Gy931ContextEPNS_11Gy931AnglesE)
                  0000ba4c    000000e0     app_shell.o (.text._ZN3app12_GLOBAL__N_113BuzzerCommandEiPKPKc)
                  0000bb2c    000000e0     scheduler.o (.text._ZN8services17Scheduler_AddTaskEPKcPFvvEjjPh)
                  0000bc0c    000000d4     shell.o (.text._ZN8services21Shell_RegisterCommandEPKcS1_PFviPKS1_E)
                  0000bce0    000000d0     app_shell.o (.text._ZN3app12_GLOBAL__N_121PrintMotorEncoderLineEPKcRKNS0_18MotorProtocolFrameE)
                  0000bdb0    000000c8     board_imu.o (.text._ZN5board25Board_Lis3mdlReadRegisterEhPh)
                  0000be78    000000c8     ina219.o (.text._ZN7drivers11Ina219_InitEPNS_13Ina219ContextEPKNS_12Ina219ConfigE)
                  0000bf40    000000c8     lora.o (.text._ZN7drivers14LoraUart_WriteEPNS_15LoraUartContextEPKht)
                  0000c008    000000c8     motor_driver_uart.o (.text._ZN7drivers21MotorDriverUart_WriteEPNS_22MotorDriverUartContextEPKht)
                  0000c0d0    000000c4     board_imu.o (.text._ZN5board26Board_Icm45686ReadRegisterEhPh)
                  0000c194    000000c0     board_imu.o (.text._ZN5board23Board_Lis3mdlReadWhoAmIEPh)
                  0000c254    000000bc     soft_i2c.o (.text._ZN7drivers20SoftI2c_ProbeAddressEPNS_14SoftI2cContextEh)
                  0000c310    000000b8     ina219.o (.text._ZN7drivers12_GLOBAL__N_113ReleaseI2cBusEPKNS_12Ina219ConfigE)
                  0000c3c8    000000b8     i2c_diag.o (.text._ZN7drivers12_GLOBAL__N_113ReleaseI2cBusEPKNS_16I2cDiagBusConfigE)
                  0000c480    000000b4     oled_ssd1306.o (.text._ZN7drivers16OledSsd1306_InitEPNS_18OledSsd1306ContextEPKNS_17OledSsd1306ConfigE)
                  0000c534    000000b4     motor_driver_uart.o (.text._ZN7drivers20MotorDriverUart_InitEPNS_22MotorDriverUartContextEPKNS_21MotorDriverUartConfigE)
                  0000c5e8    000000b0     app_shell.o (.text._ZN3app12_GLOBAL__N_110WriteHex32Ej)
                  0000c698    000000b0     scheduler.o (.text._ZN8services14Scheduler_InitEv)
                  0000c748    000000ac     app_shell.o (.text._ZN3app12_GLOBAL__N_110PwmCommandEiPKPKc)
                  0000c7f4    000000a4     app_shell.o (.text._ZN3app12_GLOBAL__N_118PrintMotorRpmBlockERKNS0_18MotorProtocolFrameE)
                  0000c898    000000a4     fm24cl64b.o (.text._ZN7drivers18Fm24cl64b_SelfTestEPNS_16Fm24cl64bContextEt)
                  0000c93c    000000a2     libclang_rt.builtins.a : udivmoddi4.S.obj (.text)
                  0000c9de    0000009c     app_shell.o (.text._ZN3app12_GLOBAL__N_111ParseUint32EPKcjPj)
                  0000ca7a    00000002     board.o (.text._ZN5board14Board_LateInitEv)
                  0000ca7c    0000009c     board_imu.o (.text._ZN5board19Board_ImuSetSpiModeEh)
                  0000cb18    0000009a     libc.a : memcpy16.S.obj (.text:memcpy)
                  0000cbb2    00000002     log.o (.text._ZN8services8Log_InitEv)
                  0000cbb4    00000098     motor_driver_uart.o (.text._ZN7drivers29MotorDriverUart_ClearRxBufferEPNS_22MotorDriverUartContextE)
                  0000cc4c    00000094     oled_ssd1306.o (.text._ZN7drivers12_GLOBAL__N_113WriteRepeatedEPNS_18OledSsd1306ContextEh)
                  0000cce0    00000094     lora.o (.text._ZN7drivers18LoraUart_WriteByteEPNS_15LoraUartContextEh)
                  0000cd74    00000094     motor_driver_uart.o (.text._ZN7drivers25MotorDriverUart_WriteByteEPNS_22MotorDriverUartContextEh)
                  0000ce08    00000094     shell.o (.text._ZN8services13Shell_ProcessEv)
                  0000ce9c    00000092     ina219.o (.text._ZN7drivers23Ina219_ReadRawRegistersEPNS_13Ina219ContextEPNS_18Ina219RawRegistersE)
                  0000cf2e    0000008a     app_shell.o (.text._ZN3app12_GLOBAL__N_121MotorReadCountsPerRevEbPj)
                  0000cfb8    00000088     ti_msp_dl_config.o (.text.SYSCFG_DL_DEBUG_UART_init)
                  0000d040    00000088     ti_msp_dl_config.o (.text.SYSCFG_DL_LORA_UART_init)
                  0000d0c8    00000088     ti_msp_dl_config.o (.text.SYSCFG_DL_MOTOR_UART_init)
                  0000d150    00000084     lora.o (.text._ZN7drivers13LoraUart_InitEPNS_15LoraUartContextEPKNS_14LoraUartConfigE)
                  0000d1d4    00000080     app_shell.o (.text._ZN3app12_GLOBAL__N_115WriteFixedMilliEi)
                  0000d254    00000080     soft_i2c.o (.text._ZN7drivers12SoftI2c_InitEPNS_14SoftI2cContextEPKNS_13SoftI2cConfigE)
                  0000d2d4    0000007e     app_shell.o (.text._ZN3app12_GLOBAL__N_113LoraWriteArgsEiPKPKcbPt)
                  0000d352    0000007e     app_shell.o (.text._ZN3app12_GLOBAL__N_114MotorWriteArgsEiPKPKcbPt)
                  0000d3d0    0000007c     ti_msp_dl_config.o (.text.SYSCFG_DL_initPower)
                  0000d44c    0000007c     lora.o (.text._ZN7drivers19LoraUart_IrqHandlerEPNS_15LoraUartContextE)
                  0000d4c8    0000007c     libc.a : copy_decompress_lzss.c.obj (.text:decompress:lzss)
                  0000d544    00000078     app_shell.o (.text._ZN3app12_GLOBAL__N_117WriteAllLedStatusEv)
                  0000d5bc    00000078     app_shell.o (.text._ZN3app12_GLOBAL__N_130PrintMotorPositionControlBlockERKNS0_18MotorProtocolFrameE)
                  0000d634    00000074     app_shell.o (.text._ZN3app12_GLOBAL__N_116PrintIna219UsageEv)
                  0000d6a8    00000074     app_shell.o (.text._ZN3app12_GLOBAL__N_118PrintMotorPidBlockERKNS0_18MotorProtocolFrameE)
                  0000d71c    00000074     soft_i2c.o (.text._ZN7drivers12_GLOBAL__N_113StopConditionEPKNS_13SoftI2cConfigE)
                  0000d790    00000074     ina219.o (.text._ZN7drivers22Ina219_ReadMeasurementEPNS_13Ina219ContextEPNS_17Ina219MeasurementE)
                  0000d804    0000006c     debug_uart.o (.text.UART3_IRQHandler)
                  0000d870    0000006c     board_gy931.o (.text._ZN5board27Board_Gy931ReadRawRegistersEhPsh)
                  0000d8dc    0000006c     motor_driver_uart.o (.text._ZN7drivers26MotorDriverUart_IrqHandlerEPNS_22MotorDriverUartContextE)
                  0000d948    0000006c     debug_uart.o (.text._ZN8services21DebugUart_WriteStringEPKc)
                  0000d9b4    00000068     app_shell.o (.text._ZN3app12_GLOBAL__N_113PrintImuUsageEv)
                  0000da1c    00000068     app_shell.o (.text._ZN3app12_GLOBAL__N_115PrintGy931UsageEv)
                  0000da84    00000068     app_shell.o (.text._ZN3app12_GLOBAL__N_121PrintMotorConfigBlockERKNS0_18MotorProtocolFrameE)
                  0000daec    00000066     app_shell.o (.text._ZN3app12_GLOBAL__N_121MotorReadEncoderCountEbPi)
                  0000db52    00000002     libclang_rt.builtins.a : aeabi_div0.c.obj (.text.__aeabi_idiv0)
                  0000db54    00000064     app_shell.o (.text._ZN3app12_GLOBAL__N_110WriteHex16Et)
                  0000dbb8    00000064     app_shell.o (.text._ZN3app12_GLOBAL__N_127PrintMotorPositionPidFieldsEPKh)
                  0000dc1c    00000064     board_imu.o (.text._ZN5board22Board_ImuGetLineStatusEPNS_18BoardImuLineStatusE)
                  0000dc80    00000064     fm24cl64b.o (.text._ZN7drivers14Fm24cl64b_InitEPNS_16Fm24cl64bContextEPKNS_15Fm24cl64bConfigE)
                  0000dce4    00000062     libc.a : memset16.S.obj (.text:memset)
                  0000dd46    00000002     libclang_rt.builtins.a : aeabi_div0.c.obj (.text.__aeabi_ldiv0)
                  0000dd48    00000060     app_shell.o (.text._ZN3app12_GLOBAL__N_113PrintI2cUsageEv)
                  0000dda8    00000060     app_shell.o (.text._ZN3app12_GLOBAL__N_114PrintOledUsageEv)
                  0000de08    00000060     lora.o (.text._ZN7drivers22LoraUart_ClearRxBufferEPNS_15LoraUartContextE)
                  0000de68    0000005e     driverlib.a : dl_i2c.o (.text.DL_I2C_fillControllerTXFIFO)
                  0000dec6    0000005e     button.o (.text._ZN7drivers13Button_UpdateEPNS_13ButtonContextEj)
                  0000df24    0000005c     board_gy931.o (.text._ZN5board21Board_Gy931ReadAnglesEPN7drivers11Gy931AnglesE)
                  0000df80    0000005c     board_gy931.o (.text._ZN5board21Board_Gy931ReadSampleEPN7drivers11Gy931SampleE)
                  0000dfdc    0000005c     board_oled.o (.text._ZN5board22Board_OledGetBusStatusEPjPbS1_)
                  0000e038    0000005a     soft_i2c.o (.text._ZN7drivers20SoftI2c_GetBusStatusEPKNS_14SoftI2cContextEPNS_16SoftI2cBusStatusE)
                  0000e092    00000002     --HOLE-- [fill = 0]
                  0000e094    00000058     ina219.o (.text._ZN7drivers17Ina219_SetAddressEPNS_13Ina219ContextEh)
                  0000e0ec    00000058     i2c_diag.o (.text._ZN7drivers20I2cDiag_GetBusStatusEPKNS_16I2cDiagBusConfigEPNS_16I2cDiagBusStatusE)
                  0000e144    00000056     oled_ssd1306.o (.text._ZN7drivers21OledSsd1306_SetInvertEPNS_18OledSsd1306ContextEb)
                  0000e19a    00000056     oled_ssd1306.o (.text._ZN7drivers24OledSsd1306_SetDisplayOnEPNS_18OledSsd1306ContextEb)
                  0000e1f0    00000054     ti_msp_dl_config.o (.text.SYSCFG_DL_MOTOR_I2C_init)
                  0000e244    00000054     ti_msp_dl_config.o (.text.SYSCFG_DL_SENSOR_I2C_init)
                  0000e298    00000054     app_shell.o (.text._ZN3app12_GLOBAL__N_114PrintLoraUsageEv)
                  0000e2ec    00000054     debug_uart.o (.text._ZN8services14DebugUart_InitEv)
                  0000e340    00000052     empty_cpp.o (.text.main)
                  0000e392    00000002     --HOLE-- [fill = 0]
                  0000e394    00000050     board_ina219.o (.text._ZN5board16Board_Ina219InitEv)
                  0000e3e4    00000050     board_gy931.o (.text._ZN5board23Board_Gy931GetBusStatusEPbS0_)
                  0000e434    00000050     board_imu.o (.text._ZN5board27Board_ImuSetChipSelectDebugEbbbb)
                  0000e484    0000004c     ti_msp_dl_config.o (.text.SYSCFG_DL_IMU_SPI_init)
                  0000e4d0    0000004c     board_gy931.o (.text._ZN5board15Board_Gy931InitEv)
                  0000e51c    0000004c     board_gy931.o (.text._ZN5board21Board_Gy931SetAddressEh)
                  0000e568    00000048     driverlib.a : dl_uart.o (.text.DL_UART_init)
                  0000e5b0    00000048     board_gy931.o (.text._ZN5board16Board_Gy931ProbeEv)
                  0000e5f8    00000048     board_fram.o (.text._ZN5board22Board_FramGetBusStatusEPjPbS1_)
                  0000e640    00000048     board_ina219.o (.text._ZN5board24Board_Ina219GetBusStatusEPjPbS1_)
                  0000e688    00000048     gy931.o (.text._ZN7drivers10Gy931_InitEPNS_12Gy931ContextEPKNS_11Gy931ConfigE)
                  0000e6d0    00000048     debug_uart.o (.text._ZN8services18DebugUart_ReadByteEPh)
                  0000e718    00000044     driverlib.a : dl_spi.o (.text.DL_SPI_init)
                  0000e75c    00000044     board_imu.o (.text._ZN5board13Board_ImuInitEv)
                  0000e7a0    00000044     ina219.o (.text._ZN7drivers19Ina219_GetBusStatusEPNS_13Ina219ContextEPNS_15Ina219BusStatusE)
                  0000e7e4    00000044     fm24cl64b.o (.text._ZN7drivers22Fm24cl64b_GetBusStatusEPNS_16Fm24cl64bContextEPNS_18Fm24cl64bBusStatusE)
                  0000e828    00000040     ti_msp_dl_config.o (.text.SYSCFG_DL_init)
                  0000e868    00000040     app_shell.o (.text._ZN3app12_GLOBAL__N_114PrintFramUsageEv)
                  0000e8a8    00000040     app_shell.o (.text._ZN3app12_GLOBAL__N_114VersionCommandEiPKPKc)
                  0000e8e8    00000040     lora.o (.text._ZN7drivers17LoraUart_ReadByteEPNS_15LoraUartContextEPh)
                  0000e928    00000040     motor_driver_uart.o (.text._ZN7drivers24MotorDriverUart_ReadByteEPNS_22MotorDriverUartContextEPh)
                  0000e968    00000040     libclang_rt.builtins.a : aeabi_uidivmod.S.obj (.text)
                  0000e9a8    0000003e     button.o (.text._ZN7drivers11Button_InitEPNS_13ButtonContextEPKNS_12ButtonConfigE)
                  0000e9e6    0000003e     libclang_rt.builtins.a : divmoddi4.c.obj (.text.__divmoddi4)
                  0000ea24    0000003c     driverlib.a : dl_i2c.o (.text.DL_I2C_flushControllerTXFIFO)
                  0000ea60    0000003c     app_shell.o (.text._ZN3app12_GLOBAL__N_19WriteHex8Eh)
                  0000ea9c    0000003c     board_button.o (.text._ZN5board17Board_ButtonsInitEv)
                  0000ead8    0000003c     board_led.o (.text._ZN5board19Board_StatusLedInitEv)
                  0000eb14    0000003c     gy931.o (.text._ZN7drivers11Gy931_ProbeEPNS_12Gy931ContextE)
                  0000eb50    0000003c     gy931.o (.text._ZN7drivers13Gy931_IsReadyEPKNS_12Gy931ContextE)
                  0000eb8c    0000003c     ina219.o (.text._ZN7drivers23Ina219_ConfigureDefaultEPNS_13Ina219ContextE)
                  0000ebc8    0000003c     libc.a : autoinit.c.obj (.text:__TI_auto_init_nobinit_nopinit)
                  0000ec04    0000003a     soft_i2c.o (.text._ZN7drivers15SoftI2c_IsReadyEPKNS_14SoftI2cContextE)
                  0000ec3e    0000003a     oled_ssd1306.o (.text._ZN7drivers17OledSsd1306_ClearEPNS_18OledSsd1306ContextE)
                  0000ec78    0000003a     libclang_rt.builtins.a : muldsi3.S.obj (.text)
                  0000ecb2    00000002     --HOLE-- [fill = 0]
                  0000ecb4    00000038     board_gy931.o (.text._ZN5board23Board_Gy931ProbeAddressEh)
                  0000ecec    00000038     led.o (.text._ZN7drivers10Led_ToggleEPNS_10LedContextE)
                  0000ed24    00000038     buzzer.o (.text._ZN7drivers11Buzzer_InitEPNS_13BuzzerContextEPKNS_12BuzzerConfigE)
                  0000ed5c    00000038     button.o (.text._ZN7drivers14Button_ReadRawEPNS_13ButtonContextEPb)
                  0000ed94    00000038     oled_ssd1306.o (.text._ZN7drivers16OledSsd1306_FillEPNS_18OledSsd1306ContextEh)
                  0000edcc    00000038     ina219.o (.text._ZN7drivers19Ina219_ProbeAddressEPNS_13Ina219ContextEhPt)
                  0000ee04    00000038     led.o (.text._ZN7drivers8Led_InitEPNS_10LedContextEPKNS_9LedConfigE)
                  0000ee3c    00000038     time.o (.text._ZN8services9Time_InitEv)
                  0000ee74    00000036     oled_ssd1306.o (.text._ZN7drivers19OledSsd1306_IsReadyEPKNS_18OledSsd1306ContextE)
                  0000eeaa    00000002     --HOLE-- [fill = 0]
                  0000eeac    00000034     app_shell.o (.text._ZN3app12_GLOBAL__N_113Gy931OledTaskEv)
                  0000eee0    00000034     app_shell.o (.text._ZN3app12_GLOBAL__N_114Ina219OledTaskEv)
                  0000ef14    00000034     app_shell.o (.text._ZN3app12_GLOBAL__N_126PrintMotorPositionPidBlockERKNS0_18MotorProtocolFrameE)
                  0000ef48    00000034     app_main.o (.text._ZN3app8App_InitEv)
                  0000ef7c    00000034     board_button.o (.text._ZN5board19Board_ButtonsUpdateEj)
                  0000efb0    00000030     driverlib.a : dl_i2c.o (.text.DL_I2C_flushControllerRXFIFO)
                  0000efe0    00000030                 : dl_uart.o (.text.DL_UART_transmitDataBlocking)
                  0000f010    00000030     ti_msp_dl_config.o (.text.SYSCFG_DL_SYSCTL_init)
                  0000f040    00000030     app_shell.o (.text._ZN3app12_GLOBAL__N_115WriteStatusLineEPKcN7drivers12DriverStatusE)
                  0000f070    00000030     buzzer.o (.text._ZN7drivers10Buzzer_OffEPNS_13BuzzerContextE)
                  0000f0a0    00000030     i2c_diag.o (.text._ZN7drivers12_GLOBAL__N_118CheckTransferErrorEP8I2C_Regs)
                  0000f0d0    00000030     led.o (.text._ZN7drivers7Led_SetEPNS_10LedContextEb)
                  0000f100    00000030     buzzer.o (.text._ZN7drivers9Buzzer_OnEPNS_13BuzzerContextE)
                  0000f130    0000002e     ina219.o (.text._ZN7drivers19Ina219_ReadRegisterEPNS_13Ina219ContextEhPt)
                  0000f15e    00000002     --HOLE-- [fill = 0]
                  0000f160    0000002c     app_shell.o (.text._ZN3app12_GLOBAL__N_113PrintLedUsageEv)
                  0000f18c    0000002c     board.o (.text._ZN5board10Board_InitEv)
                  0000f1b8    0000002c     board_oled.o (.text._ZN5board15Board_OledProbeEv)
                  0000f1e4    0000002c     board_gy931.o (.text._ZN5board21Board_Gy931RecoverBusEv)
                  0000f210    0000002c     ina219.o (.text._ZN7drivers20Ina219_WriteRegisterEPNS_13Ina219ContextEht)
                  0000f23c    0000002c     lora.o (.text._ZN7drivers28LoraUart_GetControllerStatusEPKNS_15LoraUartContextEPj)
                  0000f268    0000002c     motor_driver_uart.o (.text._ZN7drivers35MotorDriverUart_GetControllerStatusEPKNS_22MotorDriverUartContextEPj)
                  0000f294    0000002c     scheduler.o (.text._ZN8services20Scheduler_EnableTaskEhb)
                  0000f2c0    0000002a     ina219.o (.text._ZN7drivers12Ina219_ResetEPNS_13Ina219ContextE)
                  0000f2ea    0000002a     lora.o (.text._ZN7drivers23LoraUart_GetRxAvailableEPKNS_15LoraUartContextE)
                  0000f314    0000002a     motor_driver_uart.o (.text._ZN7drivers30MotorDriverUart_GetRxAvailableEPKNS_22MotorDriverUartContextE)
                  0000f33e    00000002     --HOLE-- [fill = 0]
                  0000f340    00000028     app_shell.o (.text._ZN3app12_GLOBAL__N_112ResetCommandEiPKPKc)
                  0000f368    00000028     board_lora.o (.text._ZN5board14Board_LoraInitEv)
                  0000f390    00000028     board_motor_driver.o (.text._ZN5board21Board_MotorDriverInitEv)
                  0000f3b8    00000028     libc.a : boot_cortex_m.c.obj (.text:_c_int00_noargs)
                  0000f3e0    00000026     driverlib.a : dl_i2c.o (.text.DL_I2C_setClockConfig)
                  0000f406    00000002     --HOLE-- [fill = 0]
                  0000f408    00000024     app_shell.o (.text._ZN3app12_GLOBAL__N_110WriteInt32Ei)
                  0000f42c    00000024     time.o (.text._ZN8services12Time_DelayMsEj)
                  0000f450    00000024     libclang_rt.builtins.a : muldi3.S.obj (.text)
                  0000f474    00000022     button.o (.text._ZN7drivers17Button_WasPressedEPNS_13ButtonContextE)
                  0000f496    00000022     button.o (.text._ZN7drivers18Button_WasReleasedEPNS_13ButtonContextE)
                  0000f4b8    00000020     board_led.o (.text._ZN5board13Board_LedIsOnENS_10BoardLedIdE)
                  0000f4d8    00000020     board_oled.o (.text._ZN5board14Board_OledInitEv)
                  0000f4f8    00000020     board_led.o (.text._ZN5board16Board_LedIsReadyENS_10BoardLedIdE)
                  0000f518    0000001e     ina219.o (.text._ZN7drivers17Ina219_GetAddressEPKNS_13Ina219ContextE)
                  0000f536    0000001e     ina219.o (.text._ZN7drivers21Ina219_GetCalibrationEPKNS_13Ina219ContextE)
                  0000f554    0000001e     libclang_rt.builtins.a : ashldi3.S.obj (.text)
                  0000f572    00000002     --HOLE-- [fill = 0]
                  0000f574    0000001c     driverlib.a : dl_spi.o (.text.DL_SPI_receiveDataCheck8)
                  0000f590    0000001c                 : dl_spi.o (.text.DL_SPI_transmitDataCheck8)
                  0000f5ac    0000001c     app_main.o (.text._ZN3app7App_RunEv)
                  0000f5c8    0000001c     board_led.o (.text._ZN5board11Board_LedOnENS_10BoardLedIdE)
                  0000f5e4    0000001c     board_led.o (.text._ZN5board12Board_LedOffENS_10BoardLedIdE)
                  0000f600    0000001c     board_led.o (.text._ZN5board15Board_LedToggleENS_10BoardLedIdE)
                  0000f61c    0000001c     board_button.o (.text._ZN5board19Board_ButtonReadRawENS_13BoardButtonIdEPb)
                  0000f638    0000001c     board_button.o (.text._ZN5board21Board_ButtonIsPressedENS_13BoardButtonIdE)
                  0000f654    0000001c     board_button.o (.text._ZN5board22Board_ButtonWasPressedENS_13BoardButtonIdE)
                  0000f670    0000001c     board_button.o (.text._ZN5board23Board_ButtonWasReleasedENS_13BoardButtonIdE)
                  0000f68c    0000001c     ina219.o (.text._ZN7drivers14Ina219_IsReadyEPKNS_13Ina219ContextE)
                  0000f6a8    0000001c     fm24cl64b.o (.text._ZN7drivers17Fm24cl64b_IsReadyEPKNS_16Fm24cl64bContextE)
                  0000f6c4    0000001c     debug_uart.o (.text._ZN8services19DebugUart_WriteCharEc)
                  0000f6e0    0000001a     button.o (.text._ZN7drivers16Button_IsPressedEPKNS_13ButtonContextE)
                  0000f6fa    0000001a     led.o (.text._ZN7drivers8Led_IsOnEPKNS_10LedContextE)
                  0000f714    0000001a     libclang_rt.builtins.a : aeabi_memset.S.obj (.text)
                  0000f72e    00000002     --HOLE-- [fill = 0]
                  0000f730    00000018     board_i2c_bus.o (.text._ZN5board15Board_I2cBusGetEj)
                  0000f748    00000018     board_button.o (.text._ZN5board19Board_ButtonGetNameENS_13BoardButtonIdE)
                  0000f760    00000018     lora.o (.text._ZN7drivers20LoraUart_GetBaudrateEPKNS_15LoraUartContextE)
                  0000f778    00000018     motor_driver_uart.o (.text._ZN7drivers27MotorDriverUart_GetBaudrateEPKNS_22MotorDriverUartContextE)
                  0000f790    00000018     time.o (.text._ZN8services15Time_HasElapsedEjj)
                  0000f7a8    00000016     app_main.o (.text._ZN12_GLOBAL__N_118App_ButtonScanTaskEv)
                  0000f7be    00000016     led.o (.text._ZN7drivers11Led_IsReadyEPKNS_10LedContextE)
                  0000f7d4    00000016     buzzer.o (.text._ZN7drivers14Buzzer_IsReadyEPKNS_13BuzzerContextE)
                  0000f7ea    00000016     lora.o (.text._ZN7drivers16LoraUart_IsReadyEPKNS_15LoraUartContextE)
                  0000f800    00000016     motor_driver_uart.o (.text._ZN7drivers23MotorDriverUart_IsReadyEPKNS_22MotorDriverUartContextE)
                  0000f816    00000016     libc.a : copy_zero_init.c.obj (.text:decompress:ZI:__TI_zero_init_nomemset)
                  0000f82c    00000014     board_fram.o (.text._ZN5board14Board_FramInitEv)
                  0000f840    00000014     board_fram.o (.text._ZN5board14Board_FramReadEtPht)
                  0000f854    00000014     board_lora.o (.text._ZN5board15Board_LoraWriteEPKht)
                  0000f868    00000014     board_buzzer.o (.text._ZN5board16Board_BuzzerInitEv)
                  0000f87c    00000014     board_fram.o (.text._ZN5board18Board_FramReadByteEtPh)
                  0000f890    00000014     board_fram.o (.text._ZN5board18Board_FramSelfTestEv)
                  0000f8a4    00000014     board_fram.o (.text._ZN5board19Board_FramWriteByteEth)
                  0000f8b8    00000014     board_oled.o (.text._ZN5board19Board_OledWriteTextEhhPKc)
                  0000f8cc    00000014     board_motor_driver.o (.text._ZN5board22Board_MotorDriverWriteEPKht)
                  0000f8e0    00000014     board_ina219.o (.text._ZN5board24Board_Ina219ProbeAddressEhPt)
                  0000f8f4    00000014     board_ina219.o (.text._ZN5board24Board_Ina219ReadRegisterEhPt)
                  0000f908    00000014     board_ina219.o (.text._ZN5board25Board_Ina219WriteRegisterEht)
                  0000f91c    00000014     fm24cl64b.o (.text._ZN7drivers19Fm24cl64b_WriteByteEPNS_16Fm24cl64bContextEth)
                  0000f930    00000014     shell.o (.text._ZN8services15Shell_WriteLineEPKc)
                  0000f944    00000014     libclang_rt.builtins.a : aeabi_ldivmod.S.obj (.text)
                  0000f958    00000012     driverlib.a : dl_spi.o (.text.DL_SPI_setClockConfig)
                  0000f96a    00000012                 : dl_uart.o (.text.DL_UART_setClockConfig)
                  0000f97c    00000012     libc.a : copy_decompress_none.c.obj (.text:decompress:none)
                  0000f98e    00000002     --HOLE-- [fill = 0]
                  0000f990    00000010     time.o (.text.SysTick_Handler)
                  0000f9a0    00000010     board_lora.o (.text.UART0_IRQHandler)
                  0000f9b0    00000010     board_motor_driver.o (.text.UART1_IRQHandler)
                  0000f9c0    00000010     app_shell.o (.text._ZN3app12_GLOBAL__N_110AdcCommandEiPKPKc)
                  0000f9d0    00000010     board_buzzer.o (.text._ZN5board14Board_BuzzerOnEv)
                  0000f9e0    00000010     board_oled.o (.text._ZN5board14Board_OledFillEh)
                  0000f9f0    00000010     board_buzzer.o (.text._ZN5board15Board_BuzzerOffEv)
                  0000fa00    00000010     board_oled.o (.text._ZN5board15Board_OledClearEv)
                  0000fa10    00000010     board_fram.o (.text._ZN5board17Board_FramIsReadyEv)
                  0000fa20    00000010     board_ina219.o (.text._ZN5board17Board_Ina219ResetEv)
                  0000fa30    00000010     board_lora.o (.text._ZN5board17Board_LoraIsReadyEv)
                  0000fa40    00000010     board_oled.o (.text._ZN5board17Board_OledIsReadyEv)
                  0000fa50    00000010     board_gy931.o (.text._ZN5board18Board_Gy931IsReadyEv)
                  0000fa60    00000010     board_lora.o (.text._ZN5board18Board_LoraReadByteEPh)
                  0000fa70    00000010     board_buzzer.o (.text._ZN5board19Board_BuzzerIsReadyEv)
                  0000fa80    00000010     board_ina219.o (.text._ZN5board19Board_Ina219IsReadyEv)
                  0000fa90    00000010     board_lora.o (.text._ZN5board19Board_LoraWriteByteEh)
                  0000faa0    00000010     board_oled.o (.text._ZN5board19Board_OledSetInvertEb)
                  0000fab0    00000010     board_fram.o (.text._ZN5board20Board_FramRecoverBusEv)
                  0000fac0    00000010     board_lora.o (.text._ZN5board21Board_LoraGetBaudrateEv)
                  0000fad0    00000010     board_oled.o (.text._ZN5board21Board_OledTestPatternEv)
                  0000fae0    00000010     board_ina219.o (.text._ZN5board22Board_Ina219GetAddressEv)
                  0000faf0    00000010     board_ina219.o (.text._ZN5board22Board_Ina219RecoverBusEv)
                  0000fb00    00000010     board_ina219.o (.text._ZN5board22Board_Ina219SetAddressEh)
                  0000fb10    00000010     board_oled.o (.text._ZN5board22Board_OledSetDisplayOnEb)
                  0000fb20    00000010     board_ina219.o (.text._ZN5board23Board_Ina219CalibrationEv)
                  0000fb30    00000010     board_lora.o (.text._ZN5board23Board_LoraClearRxBufferEv)
                  0000fb40    00000010     board_lora.o (.text._ZN5board24Board_LoraGetRxAvailableEv)
                  0000fb50    00000010     board_motor_driver.o (.text._ZN5board24Board_MotorDriverIsReadyEv)
                  0000fb60    00000010     board_motor_driver.o (.text._ZN5board25Board_MotorDriverReadByteEPh)
                  0000fb70    00000010     board_motor_driver.o (.text._ZN5board26Board_MotorDriverWriteByteEh)
                  0000fb80    00000010     board_ina219.o (.text._ZN5board27Board_Ina219ReadMeasurementEPN7drivers17Ina219MeasurementE)
                  0000fb90    00000010     board_lora.o (.text._ZN5board27Board_LoraGetRxDroppedCountEv)
                  0000fba0    00000010     board_ina219.o (.text._ZN5board28Board_Ina219ConfigureDefaultEv)
                  0000fbb0    00000010     board_ina219.o (.text._ZN5board28Board_Ina219ReadRawRegistersEPN7drivers18Ina219RawRegistersE)
                  0000fbc0    00000010     board_motor_driver.o (.text._ZN5board28Board_MotorDriverGetBaudrateEv)
                  0000fbd0    00000010     board_lora.o (.text._ZN5board29Board_LoraGetControllerStatusEPj)
                  0000fbe0    00000010     board_motor_driver.o (.text._ZN5board30Board_MotorDriverClearRxBufferEv)
                  0000fbf0    00000010     board_motor_driver.o (.text._ZN5board31Board_MotorDriverGetRxAvailableEv)
                  0000fc00    00000010     board_motor_driver.o (.text._ZN5board34Board_MotorDriverGetRxDroppedCountEv)
                  0000fc10    00000010     board_motor_driver.o (.text._ZN5board36Board_MotorDriverGetControllerStatusEPj)
                  0000fc20    00000010     fault.o (.text._ZN8services9Fault_SetENS_9FaultCodeE)
                  0000fc30    0000000c     board_oled.o (.text._ZN5board15Board_OledWidthEv)
                  0000fc3c    0000000c     board_imu.o (.text._ZN5board16Board_ImuIsReadyEv)
                  0000fc48    0000000c     board_oled.o (.text._ZN5board16Board_OledHeightEv)
                  0000fc54    0000000c     board_oled.o (.text._ZN5board17Board_OledAddressEv)
                  0000fc60    0000000c     board_gy931.o (.text._ZN5board18Board_Gy931AddressEv)
                  0000fc6c    0000000c     lora.o (.text._ZN7drivers26LoraUart_GetRxDroppedCountEPKNS_15LoraUartContextE)
                  0000fc78    0000000c     motor_driver_uart.o (.text._ZN7drivers33MotorDriverUart_GetRxDroppedCountEPKNS_22MotorDriverUartContextE)
                  0000fc84    0000000c     fault.o (.text._ZN8services10Fault_InitEv)
                  0000fc90    0000000c     time.o (.text._ZN8services11Time_MillisEv)
                  0000fc9c    0000000c     debug_uart.o (.text._ZN8services17DebugUart_IsReadyEv)
                  0000fca8    0000000c     fault.o (.text._ZN8services9Fault_GetEv)
                  0000fcb4    0000000a     driverlib.a : dl_common.o (.text.DL_Common_delayCycles)
                  0000fcbe    0000000a     fm24cl64b.o (.text._ZN7drivers18Fm24cl64b_ReadByteEPNS_16Fm24cl64bContextEtPh)
                  0000fcc8    00000008     shell.o (.text._ZN8services15Shell_WriteCharEc)
                  0000fcd0    00000008     shell.o (.text._ZN8services17Shell_WriteStringEPKc)
                  0000fcd8    00000008     shell.o (.text._ZN8services17Shell_WriteUInt32Ej)
                  0000fce0    00000008     libclang_rt.builtins.a : aeabi_memcpy.S.obj (.text)
                  0000fce8    00000006     board_fram.o (.text._ZN5board23Board_FramCapacityBytesEv)
                  0000fcee    00000006     libc.a : exit.c.obj (.text:abort)
                  0000fcf4    00000004     libsysbm.a : hostexit.c.obj (.text.HOSTexit)
                  0000fcf8    00000004     startup_mspm0g351x_ticlang.o (.text.Reset_Handler)
                  0000fcfc    00000010     libc.a : boot_cortex_m.c.obj (.tramp._c_int00_noargs.1)
                  0000fd0c    00000004     board_led.o (.text._ZN5board14Board_LedCountEv)
                  0000fd10    00000004     board_i2c_bus.o (.text._ZN5board17Board_I2cBusCountEv)
                  0000fd14    00000004     libc.a : pre_init.c.obj (.text._system_pre_init)

.cinit     0    00011cc0    00000048     
                  00011cc0    00000024     (.cinit..data.load) [load image, compression = lzss]
                  00011ce4    0000000c     (__TI_handler_table)
                  00011cf0    00000008     (.cinit..bss.load) [load image, compression = zero_init]
                  00011cf8    00000010     (__TI_cinit_table)

.rodata    0    0000fd20    00001fa0     
                  0000fd20    000001e0     oled_ssd1306.o (.rodata._ZN7drivers12_GLOBAL__N_18kFont5x7E)
                  0000ff00    00000100     app_shell.o (.rodata..L.crctable)
                  00010000    000000b0     board_i2c_bus.o (.rodata._ZN5board12_GLOBAL__N_110g_i2cBusesE)
                  000100b0    00000045     app_shell.o (.rodata.str1.2354522874658768371.1)
                  000100f5    00000044     app_shell.o (.rodata.str1.17949724605236455182.1)
                  00010139    00000043     app_shell.o (.rodata.str1.10063100725489470447.1)
                  0001017c    00000040     app_shell.o (.rodata.str1.9993995378713752655.1)
                  000101bc    0000003b     app_shell.o (.rodata.str1.14683574465395229248.1)
                  000101f7    0000003a     app_shell.o (.rodata.str1.14384267027075031912.1)
                  00010231    00000039     app_shell.o (.rodata.str1.13305312957799781956.1)
                  0001026a    00000039     app_shell.o (.rodata.str1.9018689912544847403.1)
                  000102a3    00000001     app_shell.o (.rodata._ZZN3app12_GLOBAL__N_112MotorCommandEiPKPKcE18kResetBothEncoders)
                  000102a4    00000038     board_ina219.o (.rodata._ZN5boardL14g_ina219ConfigE)
                  000102dc    00000037     app_shell.o (.rodata.str1.9017255012489828088.1)
                  00010313    00000035     app_shell.o (.rodata.str1.9315764513386952153.1)
                  00010348    00000034     app_shell.o (.rodata.str1.8270660343300337824.1)
                  0001037c    00000033     app_shell.o (.rodata.str1.871335262082007188.1)
                  000103af    00000001     app_shell.o (.rodata.str1.1567959520594633527.1)
                  000103b0    00000030     board_button.o (.rodata._ZN5board12_GLOBAL__N_115g_buttonConfigsE)
                  000103e0    00000030     app_shell.o (.rodata.str1.444886150797460539.1)
                  00010410    00000030     app_shell.o (.rodata.str1.9210286441137644766.1)
                  00010440    0000002e     app_shell.o (.rodata.str1.1222417806814152126.1)
                  0001046e    0000002e     app_shell.o (.rodata.str1.16608939394091912599.1)
                  0001049c    0000002c     board_fram.o (.rodata._ZN5boardL12g_framConfigE)
                  000104c8    0000002c     app_shell.o (.rodata.str1.3261447141251759136.1)
                  000104f4    0000002b     app_shell.o (.rodata.str1.3185920080334599345.1)
                  0001051f    0000002a     app_shell.o (.rodata.str1.15631921964184120084.1)
                  00010549    0000002a     app_shell.o (.rodata.str1.2174065761012631512.1)
                  00010573    00000026     shell.o (.rodata.str1.6901712316327456926.1)
                  00010599    00000003     shell.o (.rodata.str1.10427229796524742636.1)
                  0001059c    00000024     board_led.o (.rodata._ZN5board12_GLOBAL__N_112g_ledConfigsE)
                  000105c0    00000023     app_shell.o (.rodata.str1.11903828385650032657.1)
                  000105e3    00000001     --HOLE-- [fill = 0]
                  000105e4    00000020     board_gy931.o (.rodata._ZN5board12_GLOBAL__N_116g_gy931I2cConfigE)
                  00010604    00000020     app_shell.o (.rodata.str1.14008062965805295334.1)
                  00010624    00000020     app_shell.o (.rodata.str1.2029421846019890511.1)
                  00010644    00000020     app_shell.o (.rodata.str1.8103717083034249282.1)
                  00010664    0000001f     app_shell.o (.rodata.str1.15718131002869739432.1)
                  00010683    0000001f     app_shell.o (.rodata.str1.18076126304851181080.1)
                  000106a2    0000001f     app_shell.o (.rodata.str1.5909738732761903070.1)
                  000106c1    0000001f     app_shell.o (.rodata.str1.5998459121093071997.1)
                  000106e0    0000001e     app_shell.o (.rodata.str1.15434941628325917383.1)
                  000106fe    0000001e     app_shell.o (.rodata.str1.18352946289163076249.1)
                  0001071c    0000001d     app_shell.o (.rodata.str1.10315330772167196409.1)
                  00010739    0000001d     app_shell.o (.rodata.str1.14205965562906606532.1)
                  00010756    0000001d     app_shell.o (.rodata.str1.16030027069547225168.1)
                  00010773    0000001d     app_shell.o (.rodata.str1.16403652897496990845.1)
                  00010790    0000001d     app_shell.o (.rodata.str1.7323251101578629502.1)
                  000107ad    0000001d     app_shell.o (.rodata.str1.7836821320996295404.1)
                  000107ca    0000001d     app_shell.o (.rodata.str1.9749413079945087756.1)
                  000107e7    00000001     --HOLE-- [fill = 0]
                  000107e8    0000001c     app_shell.o (.rodata..Lswitch.table._ZN3app12_GLOBAL__N_115WriteStatusLineEPKcN7drivers12DriverStatusE)
                  00010804    0000001c     app_shell.o (.rodata.str1.10465369967917398799.1)
                  00010820    0000001c     app_shell.o (.rodata.str1.15890787717468802715.1)
                  0001083c    0000001c     app_shell.o (.rodata.str1.18199392941174819197.1)
                  00010858    0000001b     app_shell.o (.rodata.str1.11085599432999950484.1)
                  00010873    0000001b     app_shell.o (.rodata.str1.11563976360612832870.1)
                  0001088e    0000001b     app_shell.o (.rodata.str1.16368304853068341593.1)
                  000108a9    0000001b     app_shell.o (.rodata.str1.3775892609595549761.1)
                  000108c4    0000001b     app_shell.o (.rodata.str1.7598868572271513517.1)
                  000108df    0000001b     app_shell.o (.rodata.str1.867258927394270769.1)
                  000108fa    0000001b     app_shell.o (.rodata.str1.9613508491485191367.1)
                  00010915    0000001a     app_shell.o (.rodata.str1.10898729738530409555.1)
                  0001092f    0000001a     app_shell.o (.rodata.str1.17956949396116821687.1)
                  00010949    0000001a     app_shell.o (.rodata.str1.7612592787831263617.1)
                  00010963    0000001a     app_shell.o (.rodata.str1.8573948346423057931.1)
                  0001097d    00000019     app_shell.o (.rodata.str1.10453793674332237457.1)
                  00010996    00000019     app_shell.o (.rodata.str1.15616611124726231738.1)
                  000109af    00000019     app_shell.o (.rodata.str1.17560467775276443071.1)
                  000109c8    00000019     app_shell.o (.rodata.str1.4218503564476151687.1)
                  000109e1    00000019     app_shell.o (.rodata.str1.5164433326538179767.1)
                  000109fa    00000002     app_shell.o (.rodata._ZZN3app12_GLOBAL__N_112MotorCommandEiPKPKcE7kM1Stop)
                  000109fc    00000018     oled_ssd1306.o (.rodata..L__const._ZN7drivers16OledSsd1306_InitEPNS_18OledSsd1306ContextEPKNS_17OledSsd1306ConfigE.init_commands)
                  00010a14    00000018     app_shell.o (.rodata..Lswitch.table._ZN3app12_GLOBAL__N_110LedCommandEiPKPKc)
                  00010a2c    00000018     app_shell.o (.rodata..Lswitch.table._ZN3app12_GLOBAL__N_114PrintI2cStatusEPKN7drivers16I2cDiagBusConfigE)
                  00010a44    00000018     board_lora.o (.rodata._ZN5boardL12g_loraConfigE)
                  00010a5c    00000018     board_motor_driver.o (.rodata._ZN5boardL19g_motorDriverConfigE)
                  00010a74    00000018     app_shell.o (.rodata.str1.12395812238841081648.1)
                  00010a8c    00000018     app_shell.o (.rodata.str1.1370999210712480726.1)
                  00010aa4    00000018     app_shell.o (.rodata.str1.13837654594440465327.1)
                  00010abc    00000018     app_shell.o (.rodata.str1.1982875910071538061.1)
                  00010ad4    00000018     app_shell.o (.rodata.str1.4830991237564729075.1)
                  00010aec    00000018     app_shell.o (.rodata.str1.8515655798636656221.1)
                  00010b04    00000018     app_shell.o (.rodata.str1.9771379453730038237.1)
                  00010b1c    00000017     app_shell.o (.rodata.str1.11695941591751426527.1)
                  00010b33    00000017     shell.o (.rodata.str1.5680428239841774557.1)
                  00010b4a    00000017     app_shell.o (.rodata.str1.7863986223166603054.1)
                  00010b61    00000017     app_shell.o (.rodata.str1.9620275128409837831.1)
                  00010b78    00000016     app_shell.o (.rodata.str1.1047053269920726699.1)
                  00010b8e    00000016     app_shell.o (.rodata.str1.13204140776596746875.1)
                  00010ba4    00000016     app_shell.o (.rodata.str1.14233940187144292863.1)
                  00010bba    00000016     app_shell.o (.rodata.str1.3801014448936389230.1)
                  00010bd0    00000016     app_shell.o (.rodata.str1.7850322238517394535.1)
                  00010be6    00000015     app_shell.o (.rodata.str1.1117190944701632139.1)
                  00010bfb    00000015     app_shell.o (.rodata.str1.14280360640269665673.1)
                  00010c10    00000015     app_shell.o (.rodata.str1.14648361161363975803.1)
                  00010c25    00000015     app_shell.o (.rodata.str1.15409376994933409736.1)
                  00010c3a    00000015     app_shell.o (.rodata.str1.16434931421802318348.1)
                  00010c4f    00000015     app_shell.o (.rodata.str1.1654390679581727887.1)
                  00010c64    00000015     app_shell.o (.rodata.str1.17082220688523197928.1)
                  00010c79    00000015     app_shell.o (.rodata.str1.1920446765128684034.1)
                  00010c8e    00000015     app_shell.o (.rodata.str1.6032807723822315695.1)
                  00010ca3    00000015     app_shell.o (.rodata.str1.9307362830757344490.1)
                  00010cb8    00000015     app_shell.o (.rodata.str1.9555053908608242801.1)
                  00010ccd    00000014     app_shell.o (.rodata.str1.13516618514429956117.1)
                  00010ce1    00000014     app_shell.o (.rodata.str1.16002955380413704612.1)
                  00010cf5    00000014     app_shell.o (.rodata.str1.16227620492999702623.1)
                  00010d09    00000014     app_shell.o (.rodata.str1.8913484995449839833.1)
                  00010d1d    00000013     app_shell.o (.rodata.str1.141740382680400416.1)
                  00010d30    00000013     app_shell.o (.rodata.str1.14613035533147221857.1)
                  00010d43    00000013     app_shell.o (.rodata.str1.15536306115837748184.1)
                  00010d56    00000013     app_shell.o (.rodata.str1.3407110844134482865.1)
                  00010d69    00000013     app_shell.o (.rodata.str1.5558565371248379366.1)
                  00010d7c    00000013     app_shell.o (.rodata.str1.8602760754867183125.1)
                  00010d8f    00000012     app_shell.o (.rodata.str1.12080946370607717659.1)
                  00010da1    00000012     app_shell.o (.rodata.str1.1218180957705702538.1)
                  00010db3    00000012     app_shell.o (.rodata.str1.1349469432826125676.1)
                  00010dc5    00000012     app_shell.o (.rodata.str1.13513309088777963189.1)
                  00010dd7    00000012     app_shell.o (.rodata.str1.15363985378575080056.1)
                  00010de9    00000012     app_shell.o (.rodata.str1.15645525071624774828.1)
                  00010dfb    00000012     app_shell.o (.rodata.str1.2128407216864987192.1)
                  00010e0d    00000012     app_shell.o (.rodata.str1.3134304214227531536.1)
                  00010e1f    00000012     app_shell.o (.rodata.str1.3797254539615626137.1)
                  00010e31    00000012     app_shell.o (.rodata.str1.457134685058795777.1)
                  00010e43    00000012     app_shell.o (.rodata.str1.4906473829960206720.1)
                  00010e55    00000012     app_shell.o (.rodata.str1.5372235894363256449.1)
                  00010e67    00000012     shell.o (.rodata.str1.8246939600463437344.1)
                  00010e79    00000011     app_shell.o (.rodata.str1.12144774989780088692.1)
                  00010e8a    00000011     app_shell.o (.rodata.str1.13643216153024045165.1)
                  00010e9b    00000011     app_shell.o (.rodata.str1.13760472749468428784.1)
                  00010eac    00000011     app_shell.o (.rodata.str1.15233515076766056445.1)
                  00010ebd    00000011     app_shell.o (.rodata.str1.15250642606891514023.1)
                  00010ece    00000011     app_shell.o (.rodata.str1.16751110918939779405.1)
                  00010edf    00000011     app_shell.o (.rodata.str1.2831129786622658843.1)
                  00010ef0    00000011     app_shell.o (.rodata.str1.5640218363402806195.1)
                  00010f01    00000011     app_shell.o (.rodata.str1.6578158171544725696.1)
                  00010f12    00000011     app_shell.o (.rodata.str1.8509687067808380963.1)
                  00010f23    00000010     app_shell.o (.rodata.str1.11537518471689317164.1)
                  00010f33    00000010     app_shell.o (.rodata.str1.12588545937538655288.1)
                  00010f43    00000010     app_shell.o (.rodata.str1.12824201010631389445.1)
                  00010f53    00000010     app_shell.o (.rodata.str1.13046583378940816508.1)
                  00010f63    00000010     app_shell.o (.rodata.str1.14047439488698303500.1)
                  00010f73    00000010     app_shell.o (.rodata.str1.14623014954758015065.1)
                  00010f83    00000010     app_shell.o (.rodata.str1.14936188070685842994.1)
                  00010f93    00000010     app_shell.o (.rodata.str1.16249557628706834344.1)
                  00010fa3    00000010     app_shell.o (.rodata.str1.16738014180672278497.1)
                  00010fb3    00000010     app_shell.o (.rodata.str1.16920742144462411612.1)
                  00010fc3    00000010     app_shell.o (.rodata.str1.17269466629117989041.1)
                  00010fd3    00000010     app_shell.o (.rodata.str1.1818528395550233868.1)
                  00010fe3    00000010     app_shell.o (.rodata.str1.18221696243336245540.1)
                  00010ff3    00000010     app_shell.o (.rodata.str1.638712236475948105.1)
                  00011003    00000010     app_shell.o (.rodata.str1.7078129644076030331.1)
                  00011013    00000010     app_shell.o (.rodata.str1.8150600325345066189.1)
                  00011023    00000010     app_shell.o (.rodata.str1.8406640635343907673.1)
                  00011033    0000000f     app_shell.o (.rodata.str1.10045272382687720110.1)
                  00011042    0000000f     app_shell.o (.rodata.str1.10112150257581002706.1)
                  00011051    0000000f     app_shell.o (.rodata.str1.10491446739592751644.1)
                  00011060    0000000f     app_shell.o (.rodata.str1.11836969374611347342.1)
                  0001106f    0000000f     app_shell.o (.rodata.str1.1207053347194752072.1)
                  0001107e    0000000f     app_shell.o (.rodata.str1.12139680495649507277.1)
                  0001108d    0000000f     app_shell.o (.rodata.str1.15520279574724480647.1)
                  0001109c    0000000f     app_shell.o (.rodata.str1.16192519054485599172.1)
                  000110ab    0000000f     app_shell.o (.rodata.str1.16216038010955657616.1)
                  000110ba    0000000f     app_shell.o (.rodata.str1.17942500811997078001.1)
                  000110c9    0000000f     app_shell.o (.rodata.str1.18064870084815154193.1)
                  000110d8    0000000f     app_shell.o (.rodata.str1.18269279803075602796.1)
                  000110e7    0000000f     app_shell.o (.rodata.str1.2160470991696560517.1)
                  000110f6    0000000f     app_shell.o (.rodata.str1.228054200419340106.1)
                  00011105    0000000f     app_shell.o (.rodata.str1.289627103221730650.1)
                  00011114    0000000f     app_shell.o (.rodata.str1.4179493015675024832.1)
                  00011123    0000000f     app_shell.o (.rodata.str1.4875989240936630559.1)
                  00011132    0000000f     app_shell.o (.rodata.str1.5770566940880199477.1)
                  00011141    0000000f     app_shell.o (.rodata.str1.699895553008956456.1)
                  00011150    0000000f     app_shell.o (.rodata.str1.8035528561561339514.1)
                  0001115f    0000000f     app_shell.o (.rodata.str1.9144633642026494361.1)
                  0001116e    0000000f     app_shell.o (.rodata.str1.9244822838137428263.1)
                  0001117d    0000000f     app_shell.o (.rodata.str1.9330511253547015856.1)
                  0001118c    0000000f     app_shell.o (.rodata.str1.9805525145790407866.1)
                  0001119b    0000000e     app_shell.o (.rodata.str1.10256891727475852015.1)
                  000111a9    0000000e     app_shell.o (.rodata.str1.11810056576553604146.1)
                  000111b7    0000000e     app_shell.o (.rodata.str1.13354450145327234839.1)
                  000111c5    0000000e     app_shell.o (.rodata.str1.15271578700424090375.1)
                  000111d3    0000000e     app_shell.o (.rodata.str1.15885433143163248817.1)
                  000111e1    0000000e     app_shell.o (.rodata.str1.16458884249986146812.1)
                  000111ef    0000000e     app_shell.o (.rodata.str1.17149590331237407959.1)
                  000111fd    0000000e     app_shell.o (.rodata.str1.17946445462908322557.1)
                  0001120b    0000000e     app_shell.o (.rodata.str1.18243883703027276797.1)
                  00011219    0000000e     app_shell.o (.rodata.str1.2672312858105111990.1)
                  00011227    0000000e     app_shell.o (.rodata.str1.2961690588144940041.1)
                  00011235    0000000e     app_shell.o (.rodata.str1.4190646769514731288.1)
                  00011243    0000000e     app_shell.o (.rodata.str1.560197181004569561.1)
                  00011251    0000000e     app_shell.o (.rodata.str1.5915467744016243284.1)
                  0001125f    0000000e     app_shell.o (.rodata.str1.6213986015100719150.1)
                  0001126d    0000000e     app_shell.o (.rodata.str1.626618899871332695.1)
                  0001127b    0000000e     app_shell.o (.rodata.str1.6333935326310285001.1)
                  00011289    0000000e     app_shell.o (.rodata.str1.6394054571282083081.1)
                  00011297    0000000e     app_shell.o (.rodata.str1.6732668152964995079.1)
                  000112a5    0000000e     app_shell.o (.rodata.str1.6985088606437959035.1)
                  000112b3    0000000e     app_shell.o (.rodata.str1.7940456731757887554.1)
                  000112c1    0000000e     app_shell.o (.rodata.str1.7950140236767125311.1)
                  000112cf    0000000e     app_shell.o (.rodata.str1.7988978544830785654.1)
                  000112dd    0000000e     app_shell.o (.rodata.str1.8567835230344529755.1)
                  000112eb    0000000e     app_shell.o (.rodata.str1.8767742179201719121.1)
                  000112f9    0000000d     app_shell.o (.rodata.str1.10594942368384070832.1)
                  00011306    0000000d     app_shell.o (.rodata.str1.11012206428812069270.1)
                  00011313    0000000d     app_shell.o (.rodata.str1.11187590877126870748.1)
                  00011320    0000000d     app_shell.o (.rodata.str1.11698549779809542857.1)
                  0001132d    0000000d     app_shell.o (.rodata.str1.11747346528919543944.1)
                  0001133a    0000000d     app_shell.o (.rodata.str1.11922244342622017285.1)
                  00011347    0000000d     app_shell.o (.rodata.str1.12185306449572332681.1)
                  00011354    0000000d     app_shell.o (.rodata.str1.12202420964197988914.1)
                  00011361    0000000d     app_shell.o (.rodata.str1.12984249117936450029.1)
                  0001136e    0000000d     app_shell.o (.rodata.str1.13030721149427952655.1)
                  0001137b    0000000d     app_shell.o (.rodata.str1.14152514258843500131.1)
                  00011388    0000000d     app_shell.o (.rodata.str1.1420893864952581301.1)
                  00011395    0000000d     app_shell.o (.rodata.str1.14399694733058290430.1)
                  000113a2    0000000d     app_shell.o (.rodata.str1.14891418699318862133.1)
                  000113af    0000000d     app_shell.o (.rodata.str1.15176035481894813218.1)
                  000113bc    0000000d     app_shell.o (.rodata.str1.1642163497366634869.1)
                  000113c9    0000000d     app_shell.o (.rodata.str1.16682001306138638370.1)
                  000113d6    0000000d     app_shell.o (.rodata.str1.16821001261222486393.1)
                  000113e3    0000000d     app_shell.o (.rodata.str1.16835946644515092483.1)
                  000113f0    0000000d     app_shell.o (.rodata.str1.17353931100524941225.1)
                  000113fd    0000000d     app_shell.o (.rodata.str1.18173995716001367913.1)
                  0001140a    0000000d     app_shell.o (.rodata.str1.2767916714829989116.1)
                  00011417    0000000d     app_shell.o (.rodata.str1.3012107245209823623.1)
                  00011424    0000000d     app_shell.o (.rodata.str1.3266044674648287831.1)
                  00011431    0000000d     app_shell.o (.rodata.str1.3587876751327453651.1)
                  0001143e    0000000d     app_shell.o (.rodata.str1.3879560646291831357.1)
                  0001144b    0000000d     app_shell.o (.rodata.str1.4203577644585159315.1)
                  00011458    0000000d     app_shell.o (.rodata.str1.4334110622959027977.1)
                  00011465    0000000d     app_shell.o (.rodata.str1.4641291215374644332.1)
                  00011472    0000000d     app_shell.o (.rodata.str1.4654016994079693252.1)
                  0001147f    0000000d     app_shell.o (.rodata.str1.4718301332189448330.1)
                  0001148c    0000000d     app_shell.o (.rodata.str1.4754765727316804258.1)
                  00011499    0000000d     app_shell.o (.rodata.str1.4765282673395706663.1)
                  000114a6    0000000d     app_shell.o (.rodata.str1.486096689455371503.1)
                  000114b3    0000000d     app_shell.o (.rodata.str1.5123905964118624653.1)
                  000114c0    0000000d     app_shell.o (.rodata.str1.6064720514220957747.1)
                  000114cd    0000000d     app_shell.o (.rodata.str1.6446933695614087048.1)
                  000114da    0000000d     app_shell.o (.rodata.str1.6622852920864620103.1)
                  000114e7    0000000d     app_shell.o (.rodata.str1.6963926815691589692.1)
                  000114f4    0000000d     app_shell.o (.rodata.str1.7652650349062231201.1)
                  00011501    0000000d     app_shell.o (.rodata.str1.7717429345810212474.1)
                  0001150e    0000000d     app_shell.o (.rodata.str1.8934507472916618446.1)
                  0001151b    0000000d     app_shell.o (.rodata.str1.9914841333937594294.1)
                  00011528    0000000c     board_button.o (.rodata..Lswitch.table._ZN5board19Board_ButtonGetNameENS_13BoardButtonIdE)
                  00011534    0000000c     board_imu.o (.rodata..Lswitch.table._ZN5board19Board_ImuSetSpiModeEh)
                  00011540    0000000c     board_buzzer.o (.rodata._ZN5boardL14g_buzzerConfigE)
                  0001154c    0000000c     app_shell.o (.rodata.str1.10756110055158838206.1)
                  00011558    0000000c     app_shell.o (.rodata.str1.11627259167888876947.1)
                  00011564    0000000c     app_shell.o (.rodata.str1.11988425272379929349.1)
                  00011570    0000000c     app_shell.o (.rodata.str1.12681352959443149009.1)
                  0001157c    0000000c     app_shell.o (.rodata.str1.12702218204047093678.1)
                  00011588    0000000c     app_shell.o (.rodata.str1.12775857017664274056.1)
                  00011594    0000000c     app_shell.o (.rodata.str1.13923183189790686887.1)
                  000115a0    0000000c     app_shell.o (.rodata.str1.14039278806392033347.1)
                  000115ac    0000000c     app_shell.o (.rodata.str1.14082473703337987432.1)
                  000115b8    0000000c     app_shell.o (.rodata.str1.14223157730264656398.1)
                  000115c4    0000000c     app_shell.o (.rodata.str1.1451090849677487530.1)
                  000115d0    0000000c     app_shell.o (.rodata.str1.15304479756170702175.1)
                  000115dc    0000000c     app_shell.o (.rodata.str1.15706013027452160776.1)
                  000115e8    0000000c     app_shell.o (.rodata.str1.15816476343860600217.1)
                  000115f4    0000000c     app_shell.o (.rodata.str1.15957297692044786119.1)
                  00011600    0000000c     app_shell.o (.rodata.str1.16800956331689080151.1)
                  0001160c    0000000c     app_shell.o (.rodata.str1.16815118733797554419.1)
                  00011618    0000000c     app_shell.o (.rodata.str1.17124062935232563653.1)
                  00011624    0000000c     app_shell.o (.rodata.str1.17348661065144809008.1)
                  00011630    0000000c     app_shell.o (.rodata.str1.17796269336985765740.1)
                  0001163c    0000000c     app_shell.o (.rodata.str1.2686006007855973365.1)
                  00011648    0000000c     app_shell.o (.rodata.str1.2888160770863374914.1)
                  00011654    0000000c     app_shell.o (.rodata.str1.347170334538847339.1)
                  00011660    0000000c     app_shell.o (.rodata.str1.3590894685082263268.1)
                  0001166c    0000000c     app_shell.o (.rodata.str1.4126815238888174570.1)
                  00011678    0000000c     app_shell.o (.rodata.str1.4138401803328556999.1)
                  00011684    0000000c     app_shell.o (.rodata.str1.4364833213939746011.1)
                  00011690    0000000c     app_shell.o (.rodata.str1.4542404440653722632.1)
                  0001169c    0000000c     app_shell.o (.rodata.str1.4561355912026728236.1)
                  000116a8    0000000c     app_shell.o (.rodata.str1.6351667589775284342.1)
                  000116b4    0000000c     app_shell.o (.rodata.str1.6449272601156908614.1)
                  000116c0    0000000c     app_shell.o (.rodata.str1.6756868286634741853.1)
                  000116cc    0000000c     app_shell.o (.rodata.str1.6784117614563954040.1)
                  000116d8    0000000c     app_shell.o (.rodata.str1.7571154574660953324.1)
                  000116e4    0000000c     app_shell.o (.rodata.str1.7962567377737770511.1)
                  000116f0    0000000c     app_shell.o (.rodata.str1.860288802755812513.1)
                  000116fc    0000000c     app_shell.o (.rodata.str1.8674441817985872181.1)
                  00011708    0000000c     app_shell.o (.rodata.str1.8807521281183353111.1)
                  00011714    0000000c     app_shell.o (.rodata.str1.9039581054213484543.1)
                  00011720    0000000b     app_shell.o (.rodata.str1.11066750309610323631.1)
                  0001172b    0000000b     app_shell.o (.rodata.str1.12583477948311004516.1)
                  00011736    0000000b     app_shell.o (.rodata.str1.13324323091560154661.1)
                  00011741    0000000b     app_shell.o (.rodata.str1.16954485173288524775.1)
                  0001174c    0000000b     app_shell.o (.rodata.str1.18027752678067221043.1)
                  00011757    0000000b     app_shell.o (.rodata.str1.2900415078221183578.1)
                  00011762    0000000b     app_shell.o (.rodata.str1.307130865115015209.1)
                  0001176d    0000000b     app_shell.o (.rodata.str1.4235466395725798433.1)
                  00011778    0000000b     app_shell.o (.rodata.str1.4581240687132052572.1)
                  00011783    0000000b     app_shell.o (.rodata.str1.5612542551564952699.1)
                  0001178e    0000000b     app_shell.o (.rodata.str1.5661974456178807691.1)
                  00011799    0000000b     app_shell.o (.rodata.str1.6357824671205653470.1)
                  000117a4    0000000b     app_shell.o (.rodata.str1.671945175647755142.1)
                  000117af    0000000b     app_shell.o (.rodata.str1.6725838405751831500.1)
                  000117ba    0000000b     app_shell.o (.rodata.str1.8635314900416989314.1)
                  000117c5    0000000b     app_shell.o (.rodata.str1.8793534488315853255.1)
                  000117d0    0000000b     app_shell.o (.rodata.str1.9055250215258332321.1)
                  000117db    0000000b     app_shell.o (.rodata.str1.9510743962955489881.1)
                  000117e6    0000000a     ti_msp_dl_config.o (.rodata.gDEBUG_UARTConfig)
                  000117f0    0000000a     ti_msp_dl_config.o (.rodata.gIMU_SPI_config)
                  000117fa    0000000a     ti_msp_dl_config.o (.rodata.gLORA_UARTConfig)
                  00011804    0000000a     ti_msp_dl_config.o (.rodata.gMOTOR_UARTConfig)
                  0001180e    0000000a     app_shell.o (.rodata.str1.12164603244115374595.1)
                  00011818    0000000a     app_shell.o (.rodata.str1.12957799291655329777.1)
                  00011822    0000000a     app_shell.o (.rodata.str1.14639049301600042713.1)
                  0001182c    0000000a     app_shell.o (.rodata.str1.16354136421054348586.1)
                  00011836    0000000a     app_shell.o (.rodata.str1.16714929730437686203.1)
                  00011840    0000000a     shell.o (.rodata.str1.17922515892264497723.1)
                  0001184a    0000000a     app_shell.o (.rodata.str1.2112829382197544942.1)
                  00011854    0000000a     app_shell.o (.rodata.str1.2208679373137722540.1)
                  0001185e    0000000a     app_shell.o (.rodata.str1.2885732806516245146.1)
                  00011868    0000000a     app_shell.o (.rodata.str1.2942266741242204019.1)
                  00011872    0000000a     app_shell.o (.rodata.str1.5183699985835163329.1)
                  0001187c    0000000a     app_shell.o (.rodata.str1.5763226748955673020.1)
                  00011886    0000000a     app_shell.o (.rodata.str1.9376739677351878210.1)
                  00011890    00000009     app_shell.o (.rodata.str1.10091040128680290456.1)
                  00011899    00000009     app_shell.o (.rodata.str1.10214528574276002300.1)
                  000118a2    00000009     app_shell.o (.rodata.str1.14827416709503782844.1)
                  000118ab    00000009     app_shell.o (.rodata.str1.16423083052983990348.1)
                  000118b4    00000009     app_shell.o (.rodata.str1.2994156742980555940.1)
                  000118bd    00000009     app_shell.o (.rodata.str1.868716187015188771.1)
                  000118c6    00000009     app_shell.o (.rodata.str1.906066569443847875.1)
                  000118cf    00000008     app_shell.o (.rodata.str1.10218881960771275491.1)
                  000118d7    00000008     app_shell.o (.rodata.str1.10323271120540767551.1)
                  000118df    00000008     app_shell.o (.rodata.str1.10855919650491312362.1)
                  000118e7    00000008     board_button.o (.rodata.str1.10963450802004053816.1)
                  000118ef    00000008     app_shell.o (.rodata.str1.11325690732168652611.1)
                  000118f7    00000008     app_shell.o (.rodata.str1.11327417708772392390.1)
                  000118ff    00000008     app_shell.o (.rodata.str1.11335294061225285764.1)
                  00011907    00000008     app_shell.o (.rodata.str1.11417636334450101405.1)
                  0001190f    00000008     app_shell.o (.rodata.str1.13456686701278321828.1)
                  00011917    00000008     app_shell.o (.rodata.str1.13507390935846511250.1)
                  0001191f    00000008     app_shell.o (.rodata.str1.16899430920103358112.1)
                  00011927    00000008     app_shell.o (.rodata.str1.17029008240216598945.1)
                  0001192f    00000008     app_shell.o (.rodata.str1.1715960982390498022.1)
                  00011937    00000008     board_button.o (.rodata.str1.17681505947258605906.1)
                  0001193f    00000008     app_shell.o (.rodata.str1.18057142085415363861.1)
                  00011947    00000008     board_button.o (.rodata.str1.18240515884718476655.1)
                  0001194f    00000008     app_shell.o (.rodata.str1.18321780392631004131.1)
                  00011957    00000008     app_main.o (.rodata.str1.1839410120130765391.1)
                  0001195f    00000008     app_shell.o (.rodata.str1.2703608743373828131.1)
                  00011967    00000008     app_shell.o (.rodata.str1.5848672442950545206.1)
                  0001196f    00000008     board_button.o (.rodata.str1.5952028417427413650.1)
                  00011977    00000008     app_shell.o (.rodata.str1.8859821711474065235.1)
                  0001197f    00000008     app_shell.o (.rodata.str1.8867909630182175989.1)
                  00011987    00000008     app_shell.o (.rodata.str1.97227345183721019.1)
                  0001198f    00000007     app_shell.o (.rodata.str1.10240434636320304394.1)
                  00011996    00000007     app_shell.o (.rodata.str1.11774507841365577078.1)
                  0001199d    00000007     app_shell.o (.rodata.str1.13029328624899454496.1)
                  000119a4    00000007     app_shell.o (.rodata.str1.13071761163155843764.1)
                  000119ab    00000007     app_shell.o (.rodata.str1.13245102848535749030.1)
                  000119b2    00000007     app_shell.o (.rodata.str1.13626453309717720227.1)
                  000119b9    00000007     app_shell.o (.rodata.str1.15451653635542139434.1)
                  000119c0    00000007     app_shell.o (.rodata.str1.15728559335418606553.1)
                  000119c7    00000007     app_shell.o (.rodata.str1.15776769504895676854.1)
                  000119ce    00000007     app_shell.o (.rodata.str1.16079002699872141978.1)
                  000119d5    00000007     app_shell.o (.rodata.str1.16330407060470052804.1)
                  000119dc    00000007     board_i2c_bus.o (.rodata.str1.16708140756708996588.1)
                  000119e3    00000007     app_shell.o (.rodata.str1.16762259460103771346.1)
                  000119ea    00000007     app_shell.o (.rodata.str1.1695784342961477721.1)
                  000119f1    00000007     app_shell.o (.rodata.str1.17563913066770742391.1)
                  000119f8    00000007     app_shell.o (.rodata.str1.17894747200582054988.1)
                  000119ff    00000007     app_shell.o (.rodata.str1.2370428100076675559.1)
                  00011a06    00000007     app_shell.o (.rodata.str1.2575300681215869353.1)
                  00011a0d    00000007     app_shell.o (.rodata.str1.27965927919619260.1)
                  00011a14    00000007     app_shell.o (.rodata.str1.296188832848622959.1)
                  00011a1b    00000007     app_shell.o (.rodata.str1.3791812099772881164.1)
                  00011a22    00000007     app_shell.o (.rodata.str1.4465720126653824720.1)
                  00011a29    00000007     app_shell.o (.rodata.str1.5000143241413183010.1)
                  00011a30    00000007     app_shell.o (.rodata.str1.5263001642383835309.1)
                  00011a37    00000007     app_shell.o (.rodata.str1.5407661000085889072.1)
                  00011a3e    00000007     app_shell.o (.rodata.str1.5557692366192543561.1)
                  00011a45    00000007     app_shell.o (.rodata.str1.5998451886276286134.1)
                  00011a4c    00000007     app_shell.o (.rodata.str1.6219487071531100932.1)
                  00011a53    00000007     app_shell.o (.rodata.str1.6410197886599512152.1)
                  00011a5a    00000007     app_shell.o (.rodata.str1.8435392788517128360.1)
                  00011a61    00000007     app_shell.o (.rodata.str1.8756111863556889466.1)
                  00011a68    00000007     app_shell.o (.rodata.str1.9141388473721648320.1)
                  00011a6f    00000006     app_shell.o (.rodata._ZZN3app12_GLOBAL__N_111LoraCommandEiPKPKcE9kTestData)
                  00011a75    00000006     app_shell.o (.rodata._ZZN3app12_GLOBAL__N_112MotorCommandEiPKPKcE9kTestData)
                  00011a7b    00000006     board_i2c_bus.o (.rodata.str1.11524751692591293752.1)
                  00011a81    00000006     app_shell.o (.rodata.str1.11627215746227218045.1)
                  00011a87    00000006     app_shell.o (.rodata.str1.12082892960889789793.1)
                  00011a8d    00000006     app_shell.o (.rodata.str1.12165419393892591306.1)
                  00011a93    00000006     app_shell.o (.rodata.str1.1223882822645374465.1)
                  00011a99    00000006     app_shell.o (.rodata.str1.12689837511127178451.1)
                  00011a9f    00000006     app_shell.o (.rodata.str1.13442463908107530774.1)
                  00011aa5    00000006     app_shell.o (.rodata.str1.14678420154468417691.1)
                  00011aab    00000006     app_shell.o (.rodata.str1.15243759629067864478.1)
                  00011ab1    00000006     app_shell.o (.rodata.str1.15474659119954869462.1)
                  00011ab7    00000006     app_shell.o (.rodata.str1.15478097508406171409.1)
                  00011abd    00000006     app_shell.o (.rodata.str1.16556295950709461880.1)
                  00011ac3    00000006     app_shell.o (.rodata.str1.3030045481369325523.1)
                  00011ac9    00000006     app_shell.o (.rodata.str1.3256265506082810711.1)
                  00011acf    00000006     app_shell.o (.rodata.str1.5376205643164354286.1)
                  00011ad5    00000006     app_shell.o (.rodata.str1.551504573030492924.1)
                  00011adb    00000006     app_shell.o (.rodata.str1.5652790780262836254.1)
                  00011ae1    00000006     app_shell.o (.rodata.str1.587364518894469847.1)
                  00011ae7    00000006     app_shell.o (.rodata.str1.6250143692566116756.1)
                  00011aed    00000006     app_shell.o (.rodata.str1.7212684690809077353.1)
                  00011af3    00000006     app_shell.o (.rodata.str1.7267978533840413714.1)
                  00011af9    00000006     app_shell.o (.rodata.str1.738127925484632372.1)
                  00011aff    00000006     app_shell.o (.rodata.str1.7536280090074249547.1)
                  00011b05    00000006     app_shell.o (.rodata.str1.7579154775923007786.1)
                  00011b0b    00000006     app_shell.o (.rodata.str1.7858154358613116398.1)
                  00011b11    00000006     app_shell.o (.rodata.str1.8175931356486144895.1)
                  00011b17    00000006     app_shell.o (.rodata.str1.8287504627243269121.1)
                  00011b1d    00000006     app_shell.o (.rodata.str1.8497090786602423890.1)
                  00011b23    00000006     app_shell.o (.rodata.str1.8569159511768566713.1)
                  00011b29    00000006     app_shell.o (.rodata.str1.8636089934477309606.1)
                  00011b2f    00000006     app_shell.o (.rodata.str1.8730613329291864653.1)
                  00011b35    00000006     app_shell.o (.rodata.str1.931795180867172166.1)
                  00011b3b    00000006     app_shell.o (.rodata.str1.9469166005307157086.1)
                  00011b41    00000005     app_shell.o (.rodata.str1.10655198733228341824.1)
                  00011b46    00000005     app_shell.o (.rodata.str1.10676024008785630941.1)
                  00011b4b    00000005     app_shell.o (.rodata.str1.10761430618072912911.1)
                  00011b50    00000005     app_shell.o (.rodata.str1.10765756584264170646.1)
                  00011b55    00000005     app_shell.o (.rodata.str1.11208828733426745331.1)
                  00011b5a    00000005     app_shell.o (.rodata.str1.13640432584226954899.1)
                  00011b5f    00000005     board_oled.o (.rodata.str1.13692234466500257678.1)
                  00011b64    00000005     app_shell.o (.rodata.str1.14031660303973722868.1)
                  00011b69    00000005     app_shell.o (.rodata.str1.1418877803505809098.1)
                  00011b6e    00000005     app_shell.o (.rodata.str1.1431720735396876446.1)
                  00011b73    00000005     app_shell.o (.rodata.str1.14445045882516821416.1)
[...]
0000e969  __aeabi_uidivmod                                                                            
0000e9a9  _ZN7drivers11Button_InitEPNS_13ButtonContextEPKNS_12ButtonConfigE                           
0000e9e7  __divmoddi4                                                                                 
0000ea25  DL_I2C_flushControllerTXFIFO                                                                
0000ea9d  _ZN5board17Board_ButtonsInitEv                                                              
0000ead9  _ZN5board19Board_StatusLedInitEv                                                            
0000eb15  _ZN7drivers11Gy931_ProbeEPNS_12Gy931ContextE                                                
0000eb51  _ZN7drivers13Gy931_IsReadyEPKNS_12Gy931ContextE                                             
0000eb8d  _ZN7drivers23Ina219_ConfigureDefaultEPNS_13Ina219ContextE                                   
0000ebc9  __TI_auto_init_nobinit_nopinit                                                              
0000ec05  _ZN7drivers15SoftI2c_IsReadyEPKNS_14SoftI2cContextE                                         
0000ec3f  _ZN7drivers17OledSsd1306_ClearEPNS_18OledSsd1306ContextE                                    
0000ec79  __muldsi3                                                                                   
0000ecb5  _ZN5board23Board_Gy931ProbeAddressEh                                                        
0000eced  _ZN7drivers10Led_ToggleEPNS_10LedContextE                                                   
0000ed25  _ZN7drivers11Buzzer_InitEPNS_13BuzzerContextEPKNS_12BuzzerConfigE                           
0000ed5d  _ZN7drivers14Button_ReadRawEPNS_13ButtonContextEPb                                          
0000ed95  _ZN7drivers16OledSsd1306_FillEPNS_18OledSsd1306ContextEh                                    
0000edcd  _ZN7drivers19Ina219_ProbeAddressEPNS_13Ina219ContextEhPt                                    
0000ee05  _ZN7drivers8Led_InitEPNS_10LedContextEPKNS_9LedConfigE                                      
0000ee3d  _ZN8services9Time_InitEv                                                                    
0000ee75  _ZN7drivers19OledSsd1306_IsReadyEPKNS_18OledSsd1306ContextE                                 
0000ef49  _ZN3app8App_InitEv                                                                          
0000ef7d  _ZN5board19Board_ButtonsUpdateEj                                                            
0000efb1  DL_I2C_flushControllerRXFIFO                                                                
0000efe1  DL_UART_transmitDataBlocking                                                                
0000f011  SYSCFG_DL_SYSCTL_init                                                                       
0000f071  _ZN7drivers10Buzzer_OffEPNS_13BuzzerContextE                                                
0000f0d1  _ZN7drivers7Led_SetEPNS_10LedContextEb                                                      
0000f101  _ZN7drivers9Buzzer_OnEPNS_13BuzzerContextE                                                  
0000f131  _ZN7drivers19Ina219_ReadRegisterEPNS_13Ina219ContextEhPt                                    
0000f18d  _ZN5board10Board_InitEv                                                                     
0000f1b9  _ZN5board15Board_OledProbeEv                                                                
0000f1e5  _ZN5board21Board_Gy931RecoverBusEv                                                          
0000f211  _ZN7drivers20Ina219_WriteRegisterEPNS_13Ina219ContextEht                                    
0000f23d  _ZN7drivers28LoraUart_GetControllerStatusEPKNS_15LoraUartContextEPj                         
0000f269  _ZN7drivers35MotorDriverUart_GetControllerStatusEPKNS_22MotorDriverUartContextEPj           
0000f295  _ZN8services20Scheduler_EnableTaskEhb                                                       
0000f2c1  _ZN7drivers12Ina219_ResetEPNS_13Ina219ContextE                                              
0000f2eb  _ZN7drivers23LoraUart_GetRxAvailableEPKNS_15LoraUartContextE                                
0000f315  _ZN7drivers30MotorDriverUart_GetRxAvailableEPKNS_22MotorDriverUartContextE                  
0000f369  _ZN5board14Board_LoraInitEv                                                                 
0000f391  _ZN5board21Board_MotorDriverInitEv                                                          
0000f3b9  _c_int00_noargs                                                                             
0000f3e1  DL_I2C_setClockConfig                                                                       
0000f42d  _ZN8services12Time_DelayMsEj                                                                
0000f451  __aeabi_lmul                                                                                
0000f451  __muldi3                                                                                    
0000f475  _ZN7drivers17Button_WasPressedEPNS_13ButtonContextE                                         
0000f497  _ZN7drivers18Button_WasReleasedEPNS_13ButtonContextE                                        
0000f4b9  _ZN5board13Board_LedIsOnENS_10BoardLedIdE                                                   
0000f4d9  _ZN5board14Board_OledInitEv                                                                 
0000f4f9  _ZN5board16Board_LedIsReadyENS_10BoardLedIdE                                                
0000f519  _ZN7drivers17Ina219_GetAddressEPKNS_13Ina219ContextE                                        
0000f537  _ZN7drivers21Ina219_GetCalibrationEPKNS_13Ina219ContextE                                    
0000f555  __aeabi_llsl                                                                                
0000f555  __ashldi3                                                                                   
0000f575  DL_SPI_receiveDataCheck8                                                                    
0000f591  DL_SPI_transmitDataCheck8                                                                   
0000f5ad  _ZN3app7App_RunEv                                                                           
0000f5c9  _ZN5board11Board_LedOnENS_10BoardLedIdE                                                     
0000f5e5  _ZN5board12Board_LedOffENS_10BoardLedIdE                                                    
0000f601  _ZN5board15Board_LedToggleENS_10BoardLedIdE                                                 
0000f61d  _ZN5board19Board_ButtonReadRawENS_13BoardButtonIdEPb                                        
0000f639  _ZN5board21Board_ButtonIsPressedENS_13BoardButtonIdE                                        
0000f655  _ZN5board22Board_ButtonWasPressedENS_13BoardButtonIdE                                       
0000f671  _ZN5board23Board_ButtonWasReleasedENS_13BoardButtonIdE                                      
0000f68d  _ZN7drivers14Ina219_IsReadyEPKNS_13Ina219ContextE                                           
0000f6a9  _ZN7drivers17Fm24cl64b_IsReadyEPKNS_16Fm24cl64bContextE                                     
0000f6c5  _ZN8services19DebugUart_WriteCharEc                                                         
0000f6e1  _ZN7drivers16Button_IsPressedEPKNS_13ButtonContextE                                         
0000f6fb  _ZN7drivers8Led_IsOnEPKNS_10LedContextE                                                     
0000f715  __aeabi_memset                                                                              
0000f715  __aeabi_memset4                                                                             
0000f715  __aeabi_memset8                                                                             
0000f723  __aeabi_memclr                                                                              
0000f723  __aeabi_memclr4                                                                             
0000f723  __aeabi_memclr8                                                                             
0000f731  _ZN5board15Board_I2cBusGetEj                                                                
0000f749  _ZN5board19Board_ButtonGetNameENS_13BoardButtonIdE                                          
0000f761  _ZN7drivers20LoraUart_GetBaudrateEPKNS_15LoraUartContextE                                   
0000f779  _ZN7drivers27MotorDriverUart_GetBaudrateEPKNS_22MotorDriverUartContextE                     
0000f791  _ZN8services15Time_HasElapsedEjj                                                            
0000f7bf  _ZN7drivers11Led_IsReadyEPKNS_10LedContextE                                                 
0000f7d5  _ZN7drivers14Buzzer_IsReadyEPKNS_13BuzzerContextE                                           
0000f7eb  _ZN7drivers16LoraUart_IsReadyEPKNS_15LoraUartContextE                                       
0000f801  _ZN7drivers23MotorDriverUart_IsReadyEPKNS_22MotorDriverUartContextE                         
0000f817  __TI_zero_init_nomemset                                                                     
0000f82d  _ZN5board14Board_FramInitEv                                                                 
0000f841  _ZN5board14Board_FramReadEtPht                                                              
0000f855  _ZN5board15Board_LoraWriteEPKht                                                             
0000f869  _ZN5board16Board_BuzzerInitEv                                                               
0000f87d  _ZN5board18Board_FramReadByteEtPh                                                           
0000f891  _ZN5board18Board_FramSelfTestEv                                                             
0000f8a5  _ZN5board19Board_FramWriteByteEth                                                           
0000f8b9  _ZN5board19Board_OledWriteTextEhhPKc                                                        
0000f8cd  _ZN5board22Board_MotorDriverWriteEPKht                                                      
0000f8e1  _ZN5board24Board_Ina219ProbeAddressEhPt                                                     
0000f8f5  _ZN5board24Board_Ina219ReadRegisterEhPt                                                     
0000f909  _ZN5board25Board_Ina219WriteRegisterEht                                                     
0000f91d  _ZN7drivers19Fm24cl64b_WriteByteEPNS_16Fm24cl64bContextEth                                  
0000f931  _ZN8services15Shell_WriteLineEPKc                                                           
0000f945  __aeabi_ldivmod                                                                             
0000f959  DL_SPI_setClockConfig                                                                       
0000f96b  DL_UART_setClockConfig                                                                      
0000f97d  __TI_decompress_none                                                                        
0000f991  SysTick_Handler                                                                             
0000f9a1  UART0_IRQHandler                                                                            
0000f9b1  UART1_IRQHandler                                                                            
0000f9d1  _ZN5board14Board_BuzzerOnEv                                                                 
0000f9e1  _ZN5board14Board_OledFillEh                                                                 
0000f9f1  _ZN5board15Board_BuzzerOffEv                                                                
0000fa01  _ZN5board15Board_OledClearEv                                                                
0000fa11  _ZN5board17Board_FramIsReadyEv                                                              
0000fa21  _ZN5board17Board_Ina219ResetEv                                                              
0000fa31  _ZN5board17Board_LoraIsReadyEv                                                              
0000fa41  _ZN5board17Board_OledIsReadyEv                                                              
0000fa51  _ZN5board18Board_Gy931IsReadyEv                                                             
0000fa61  _ZN5board18Board_LoraReadByteEPh                                                            
0000fa71  _ZN5board19Board_BuzzerIsReadyEv                                                            
0000fa81  _ZN5board19Board_Ina219IsReadyEv                                                            
0000fa91  _ZN5board19Board_LoraWriteByteEh                                                            
0000faa1  _ZN5board19Board_OledSetInvertEb                                                            
0000fab1  _ZN5board20Board_FramRecoverBusEv                                                           
0000fac1  _ZN5board21Board_LoraGetBaudrateEv                                                          
0000fad1  _ZN5board21Board_OledTestPatternEv                                                          
0000fae1  _ZN5board22Board_Ina219GetAddressEv                                                         
0000faf1  _ZN5board22Board_Ina219RecoverBusEv                                                         
0000fb01  _ZN5board22Board_Ina219SetAddressEh                                                         
0000fb11  _ZN5board22Board_OledSetDisplayOnEb                                                         
0000fb21  _ZN5board23Board_Ina219CalibrationEv                                                        
0000fb31  _ZN5board23Board_LoraClearRxBufferEv                                                        
0000fb41  _ZN5board24Board_LoraGetRxAvailableEv                                                       
0000fb51  _ZN5board24Board_MotorDriverIsReadyEv                                                       
0000fb61  _ZN5board25Board_MotorDriverReadByteEPh                                                     
0000fb71  _ZN5board26Board_MotorDriverWriteByteEh                                                     
0000fb81  _ZN5board27Board_Ina219ReadMeasurementEPN7drivers17Ina219MeasurementE                       
0000fb91  _ZN5board27Board_LoraGetRxDroppedCountEv                                                    
0000fba1  _ZN5board28Board_Ina219ConfigureDefaultEv                                                   
0000fbb1  _ZN5board28Board_Ina219ReadRawRegistersEPN7drivers18Ina219RawRegistersE                     
0000fbc1  _ZN5board28Board_MotorDriverGetBaudrateEv                                                   
0000fbd1  _ZN5board29Board_LoraGetControllerStatusEPj                                                 
0000fbe1  _ZN5board30Board_MotorDriverClearRxBufferEv                                                 
0000fbf1  _ZN5board31Board_MotorDriverGetRxAvailableEv                                                
0000fc01  _ZN5board34Board_MotorDriverGetRxDroppedCountEv                                             
0000fc11  _ZN5board36Board_MotorDriverGetControllerStatusEPj                                          
0000fc21  _ZN8services9Fault_SetENS_9FaultCodeE                                                       
0000fc31  _ZN5board15Board_OledWidthEv                                                                
0000fc3d  _ZN5board16Board_ImuIsReadyEv                                                               
0000fc49  _ZN5board16Board_OledHeightEv                                                               
0000fc55  _ZN5board17Board_OledAddressEv                                                              
0000fc61  _ZN5board18Board_Gy931AddressEv                                                             
0000fc6d  _ZN7drivers26LoraUart_GetRxDroppedCountEPKNS_15LoraUartContextE                             
0000fc79  _ZN7drivers33MotorDriverUart_GetRxDroppedCountEPKNS_22MotorDriverUartContextE               
0000fc85  _ZN8services10Fault_InitEv                                                                  
0000fc91  _ZN8services11Time_MillisEv                                                                 
0000fc9d  _ZN8services17DebugUart_IsReadyEv                                                           
0000fca9  _ZN8services9Fault_GetEv                                                                    
0000fcb5  DL_Common_delayCycles                                                                       
0000fcbf  _ZN7drivers18Fm24cl64b_ReadByteEPNS_16Fm24cl64bContextEtPh                                  
0000fcc9  _ZN8services15Shell_WriteCharEc                                                             
0000fcd1  _ZN8services17Shell_WriteStringEPKc                                                         
0000fcd9  _ZN8services17Shell_WriteUInt32Ej                                                           
0000fce1  __aeabi_memcpy                                                                              
0000fce1  __aeabi_memcpy4                                                                             
0000fce1  __aeabi_memcpy8                                                                             
0000fce9  _ZN5board23Board_FramCapacityBytesEv                                                        
0000fcef  abort                                                                                       
0000fcf4  C$$EXIT                                                                                     
0000fcf5  HOSTexit                                                                                    
0000fcf9  Reset_Handler                                                                               
0000fd0d  _ZN5board14Board_LedCountEv                                                                 
0000fd11  _ZN5board17Board_I2cBusCountEv                                                              
0000fd15  _system_pre_init                                                                            
00011ce4  __TI_Handler_Table_Base                                                                     
00011cf0  __TI_Handler_Table_Limit                                                                    
00011cf8  __TI_CINIT_Base                                                                             
00011d08  __TI_CINIT_Limit                                                                            
00011d08  __TI_CINIT_Warm                                                                             
20200000  __start___llvm_prf_bits                                                                     
20200000  __start___llvm_prf_cnts                                                                     
20200000  __stop___llvm_prf_bits                                                                      
20200000  __stop___llvm_prf_cnts                                                                      
202002e0  gDEBUG_UARTBackup                                                                           
20200310  gIMU_SPIBackup                                                                              
2020ff00  __stack                                                                                     
20210000  __STACK_END                                                                                 
ffffffff  __TI_pprof_out_hndl                                                                         
ffffffff  __TI_prof_data_size                                                                         
ffffffff  __TI_prof_data_start                                                                        
ffffffff  __binit__                                                                                   
ffffffff  binit                                                                                       
UNDEFED   __mpu_init                                                                                  
UNDEFED   _system_post_cinit                                                                          

[341 symbols]
