******************************************************************************
            TI ARM Clang Linker PC v5.1.1                      
******************************************************************************
>> Linked Tue Jun 30 21:21:31 2026

OUTPUT FILE NAME:   <gugaPI.out>
ENTRY POINT SYMBOL: "_c_int00_noargs"  address: 000048f5


MEMORY CONFIGURATION

         name            origin    length      used     unused   attr    fill
----------------------  --------  ---------  --------  --------  ----  --------
  FLASH                 00000000   00080000  000058e0  0007a720  R  X
  SRAM_BANK0            20200000   00010000  0000050b  0000faf5  RW X
  SRAM_BANK1            20210000   00010000  00000000  00010000  RW X
  BCR_CONFIG            41c00000   000000ff  00000000  000000ff  R   
  BSL_CONFIG            41c00100   00000080  00000000  00000080  R   
  DATA                  41d00000   00004000  00000000  00004000  R   


SEGMENT ALLOCATION MAP

run origin  load origin   length   init length attrs members
----------  ----------- ---------- ----------- ----- -------
00000000    00000000    000058e0   000058e0    r-x
  00000000    00000000    000000c0   000000c0    r-- .intvecs
  000000c0    000000c0    00004e80   00004e80    r-x .text
  00004f40    00004f40    00000970   00000970    r-- .rodata
  000058b0    000058b0    00000030   00000030    r-- .cinit
20200000    20200000    0000040b   00000000    rw-
  20200000    20200000    0000022b   00000000    rw- .data
  2020022b    2020022b    000001e0   00000000    rw- .bss
2020ff00    2020ff00    00000100   00000000    rw-
  2020ff00    2020ff00    00000100   00000000    rw- .stack


SECTION ALLOCATION MAP

 output                                  attributes/
section   page    origin      length       input sections
--------  ----  ----------  ----------   ----------------
.intvecs   0    00000000    000000c0     
                  00000000    000000c0     startup_mspm0g351x_ticlang.o (.intvecs)

.text      0    000000c0    00004e80     
                  000000c0    000008c0     app_shell.o (.text._ZN3app12_GLOBAL__N_113Ina219CommandEiPKPKc)
                  00000980    00000880     app_shell.o (.text._ZN3app12_GLOBAL__N_111LoraCommandEiPKPKc)
                  00001200    00000430     app_shell.o (.text._ZN3app12_GLOBAL__N_111FramCommandEiPKPKc)
                  00001630    00000410     shell.o (.text._ZN8services12_GLOBAL__N_113HandleLineEndEv)
                  00001a40    00000230     app_shell.o (.text._ZN3app12_GLOBAL__N_113ButtonCommandEiPKPKc)
                  00001c70    00000224     fm24cl64b.o (.text._ZN7drivers14Fm24cl64b_ReadEPNS_16Fm24cl64bContextEtPht)
                  00001e94    000001e0     ina219.o (.text._ZN7drivers17Ina219_RecoverBusEPNS_13Ina219ContextE)
                  00002074    000001e0     fm24cl64b.o (.text._ZN7drivers20Fm24cl64b_RecoverBusEPNS_16Fm24cl64bContextE)
                  00002254    000001d0     fm24cl64b.o (.text._ZN7drivers15Fm24cl64b_WriteEPNS_16Fm24cl64bContextEtPKht)
                  00002424    000001b0     scheduler.o (.text._ZN8services13Scheduler_RunEv)
                  000025d4    000001a4     ina219.o (.text._ZN7drivers12_GLOBAL__N_120ReadRegisterInternalEPNS_13Ina219ContextEhPt)
                  00002778    00000140     debug_uart.o (.text._ZN8services21DebugUart_WriteUInt32Ej)
                  000028b8    00000120     ina219.o (.text._ZN7drivers12_GLOBAL__N_121WriteRegisterInternalEPNS_13Ina219ContextEht)
                  000029d8    000000e0     app_shell.o (.text._ZN3app12_GLOBAL__N_110LedCommandEiPKPKc)
                  00002ab8    000000e0     app_shell.o (.text._ZN3app12_GLOBAL__N_113BuzzerCommandEiPKPKc)
                  00002b98    000000e0     app_shell.o (.text._ZN3app25AppShell_RegisterCommandsEv)
                  00002c78    000000e0     scheduler.o (.text._ZN8services17Scheduler_AddTaskEPKcPFvvEjjPh)
                  00002d58    000000c8     ina219.o (.text._ZN7drivers11Ina219_InitEPNS_13Ina219ContextEPKNS_12Ina219ConfigE)
                  00002e20    000000c8     lora.o (.text._ZN7drivers14LoraUart_WriteEPNS_15LoraUartContextEPKht)
                  00002ee8    000000c8     shell.o (.text._ZN8services10Shell_InitEv)
                  00002fb0    000000b8     ina219.o (.text._ZN7drivers12_GLOBAL__N_113ReleaseI2cBusEPKNS_12Ina219ConfigE)
                  00003068    000000b4     ti_msp_dl_config.o (.text.SYSCFG_DL_GPIO_init)
                  0000311c    000000b0     app_shell.o (.text._ZN3app12_GLOBAL__N_110WriteHex32Ej)
                  000031cc    000000b0     scheduler.o (.text._ZN8services14Scheduler_InitEv)
                  0000327c    000000ac     app_shell.o (.text._ZN3app12_GLOBAL__N_110PwmCommandEiPKPKc)
                  00003328    000000a4     fm24cl64b.o (.text._ZN7drivers18Fm24cl64b_SelfTestEPNS_16Fm24cl64bContextEt)
                  000033cc    000000a4     shell.o (.text._ZN8services21Shell_RegisterCommandEPKcS1_PFviPKS1_E)
                  00003470    0000009c     app_shell.o (.text._ZN3app12_GLOBAL__N_111ParseUint32EPKcjPj)
                  0000350c    0000009a     libc.a : memcpy16.S.obj (.text:memcpy)
                  000035a6    00000002     startup_mspm0g351x_ticlang.o (.text.Default_Handler)
                  000035a8    00000094     lora.o (.text._ZN7drivers18LoraUart_WriteByteEPNS_15LoraUartContextEh)
                  0000363c    00000094     shell.o (.text._ZN8services13Shell_ProcessEv)
                  000036d0    00000092     ina219.o (.text._ZN7drivers23Ina219_ReadRawRegistersEPNS_13Ina219ContextEPNS_18Ina219RawRegistersE)
                  00003762    00000002     board.o (.text._ZN5board14Board_LateInitEv)
                  00003764    00000088     ti_msp_dl_config.o (.text.SYSCFG_DL_DEBUG_UART_init)
                  000037ec    00000088     ti_msp_dl_config.o (.text.SYSCFG_DL_LORA_UART_init)
                  00003874    00000084     lora.o (.text._ZN7drivers13LoraUart_InitEPNS_15LoraUartContextEPKNS_14LoraUartConfigE)
                  000038f8    0000007e     app_shell.o (.text._ZN3app12_GLOBAL__N_113LoraWriteArgsEiPKPKcbPt)
                  00003976    00000002     log.o (.text._ZN8services8Log_InitEv)
                  00003978    0000007c     lora.o (.text._ZN7drivers19LoraUart_IrqHandlerEPNS_15LoraUartContextE)
                  000039f4    0000007c     libc.a : copy_decompress_lzss.c.obj (.text:decompress:lzss)
                  00003a70    00000074     ina219.o (.text._ZN7drivers22Ina219_ReadMeasurementEPNS_13Ina219ContextEPNS_17Ina219MeasurementE)
                  00003ae4    0000006c     debug_uart.o (.text.UART5_IRQHandler)
                  00003b50    0000006c     debug_uart.o (.text._ZN8services21DebugUart_WriteStringEPKc)
                  00003bbc    00000068     app_shell.o (.text._ZN3app12_GLOBAL__N_116PrintIna219UsageEv)
                  00003c24    00000064     app_shell.o (.text._ZN3app12_GLOBAL__N_110WriteHex16Et)
                  00003c88    00000064     fm24cl64b.o (.text._ZN7drivers14Fm24cl64b_InitEPNS_16Fm24cl64bContextEPKNS_15Fm24cl64bConfigE)
                  00003cec    00000060     ti_msp_dl_config.o (.text.SYSCFG_DL_initPower)
                  00003d4c    00000060     lora.o (.text._ZN7drivers22LoraUart_ClearRxBufferEPNS_15LoraUartContextE)
                  00003dac    0000005e     driverlib.a : dl_i2c.o (.text.DL_I2C_fillControllerTXFIFO)
                  00003e0a    0000005e     button.o (.text._ZN7drivers13Button_UpdateEPNS_13ButtonContextEj)
                  00003e68    00000058     ina219.o (.text._ZN7drivers17Ina219_SetAddressEPNS_13Ina219ContextEh)
                  00003ec0    00000054     ti_msp_dl_config.o (.text.SYSCFG_DL_FRAM_I2C_init)
                  00003f14    00000054     ti_msp_dl_config.o (.text.SYSCFG_DL_INA219_I2C_init)
                  00003f68    00000054     app_shell.o (.text._ZN3app12_GLOBAL__N_114PrintLoraUsageEv)
                  00003fbc    00000054     debug_uart.o (.text._ZN8services14DebugUart_InitEv)
                  00004010    00000052     empty_cpp.o (.text.main)
                  00004062    00000002     libclang_rt.builtins.a : aeabi_div0.c.obj (.text.__aeabi_idiv0)
                  00004064    00000050     board_ina219.o (.text._ZN5board16Board_Ina219InitEv)
                  000040b4    00000048     driverlib.a : dl_uart.o (.text.DL_UART_init)
                  000040fc    00000048     board_fram.o (.text._ZN5board22Board_FramGetBusStatusEPjPbS1_)
                  00004144    00000048     board_ina219.o (.text._ZN5board24Board_Ina219GetBusStatusEPjPbS1_)
                  0000418c    00000048     debug_uart.o (.text._ZN8services18DebugUart_ReadByteEPh)
                  000041d4    00000044     ina219.o (.text._ZN7drivers19Ina219_GetBusStatusEPNS_13Ina219ContextEPNS_15Ina219BusStatusE)
                  00004218    00000044     fm24cl64b.o (.text._ZN7drivers22Fm24cl64b_GetBusStatusEPNS_16Fm24cl64bContextEPNS_18Fm24cl64bBusStatusE)
                  0000425c    00000040     app_shell.o (.text._ZN3app12_GLOBAL__N_114PrintFramUsageEv)
                  0000429c    00000040     app_shell.o (.text._ZN3app12_GLOBAL__N_114VersionCommandEiPKPKc)
                  000042dc    00000040     lora.o (.text._ZN7drivers17LoraUart_ReadByteEPNS_15LoraUartContextEPh)
                  0000431c    00000040     libclang_rt.builtins.a : aeabi_uidivmod.S.obj (.text)
                  0000435c    0000003e     button.o (.text._ZN7drivers11Button_InitEPNS_13ButtonContextEPKNS_12ButtonConfigE)
                  0000439a    00000002     --HOLE-- [fill = 0]
                  0000439c    0000003c     driverlib.a : dl_i2c.o (.text.DL_I2C_flushControllerTXFIFO)
                  000043d8    0000003c     app_shell.o (.text._ZN3app12_GLOBAL__N_19WriteHex8Eh)
                  00004414    0000003c     board_button.o (.text._ZN5board17Board_ButtonsInitEv)
                  00004450    0000003c     ina219.o (.text._ZN7drivers23Ina219_ConfigureDefaultEPNS_13Ina219ContextE)
                  0000448c    0000003c     libc.a : autoinit.c.obj (.text:__TI_auto_init_nobinit_nopinit)
                  000044c8    00000038     buzzer.o (.text._ZN7drivers11Buzzer_InitEPNS_13BuzzerContextEPKNS_12BuzzerConfigE)
                  00004500    00000038     button.o (.text._ZN7drivers14Button_ReadRawEPNS_13ButtonContextEPb)
                  00004538    00000038     ina219.o (.text._ZN7drivers19Ina219_ProbeAddressEPNS_13Ina219ContextEhPt)
                  00004570    00000038     led.o (.text._ZN7drivers8Led_InitEPNS_10LedContextEPKNS_9LedConfigE)
                  000045a8    00000038     time.o (.text._ZN8services9Time_InitEv)
                  000045e0    00000034     app_main.o (.text._ZN3app8App_InitEv)
                  00004614    00000034     board_button.o (.text._ZN5board19Board_ButtonsUpdateEj)
                  00004648    00000030     driverlib.a : dl_i2c.o (.text.DL_I2C_flushControllerRXFIFO)
                  00004678    00000030                 : dl_uart.o (.text.DL_UART_transmitDataBlocking)
                  000046a8    00000030     ti_msp_dl_config.o (.text.SYSCFG_DL_SYSCTL_init)
                  000046d8    00000030     app_shell.o (.text._ZN3app12_GLOBAL__N_115WriteStatusLineEPKcN7drivers12DriverStatusE)
                  00004708    00000030     buzzer.o (.text._ZN7drivers10Buzzer_OffEPNS_13BuzzerContextE)
                  00004738    00000030     led.o (.text._ZN7drivers6Led_OnEPNS_10LedContextE)
                  00004768    00000030     led.o (.text._ZN7drivers7Led_OffEPNS_10LedContextE)
                  00004798    00000030     buzzer.o (.text._ZN7drivers9Buzzer_OnEPNS_13BuzzerContextE)
                  000047c8    0000002e     ina219.o (.text._ZN7drivers19Ina219_ReadRegisterEPNS_13Ina219ContextEhPt)
                  000047f6    0000002c     ina219.o (.text._ZN7drivers20Ina219_WriteRegisterEPNS_13Ina219ContextEht)
                  00004822    00000002     --HOLE-- [fill = 0]
                  00004824    0000002c     lora.o (.text._ZN7drivers28LoraUart_GetControllerStatusEPKNS_15LoraUartContextEPj)
                  00004850    0000002a     ina219.o (.text._ZN7drivers12Ina219_ResetEPNS_13Ina219ContextE)
                  0000487a    0000002a     lora.o (.text._ZN7drivers23LoraUart_GetRxAvailableEPKNS_15LoraUartContextE)
                  000048a4    00000028     app_shell.o (.text._ZN3app12_GLOBAL__N_112ResetCommandEiPKPKc)
                  000048cc    00000028     board_lora.o (.text._ZN5board14Board_LoraInitEv)
                  000048f4    00000028     libc.a : boot_cortex_m.c.obj (.text:_c_int00_noargs)
                  0000491c    00000026     driverlib.a : dl_i2c.o (.text.DL_I2C_setClockConfig)
                  00004942    00000002     --HOLE-- [fill = 0]
                  00004944    00000024     app_shell.o (.text._ZN3app12_GLOBAL__N_110WriteInt32Ei)
                  00004968    00000022     button.o (.text._ZN7drivers17Button_WasPressedEPNS_13ButtonContextE)
                  0000498a    00000022     button.o (.text._ZN7drivers18Button_WasReleasedEPNS_13ButtonContextE)
                  000049ac    00000020     ti_msp_dl_config.o (.text.SYSCFG_DL_init)
                  000049cc    0000001e     ina219.o (.text._ZN7drivers17Ina219_GetAddressEPKNS_13Ina219ContextE)
                  000049ea    0000001e     ina219.o (.text._ZN7drivers21Ina219_GetCalibrationEPKNS_13Ina219ContextE)
                  00004a08    0000001c     app_main.o (.text._ZN3app7App_RunEv)
                  00004a24    0000001c     board.o (.text._ZN5board10Board_InitEv)
                  00004a40    0000001c     board_button.o (.text._ZN5board19Board_ButtonReadRawENS_13BoardButtonIdEPb)
                  00004a5c    0000001c     board_button.o (.text._ZN5board21Board_ButtonIsPressedENS_13BoardButtonIdE)
                  00004a78    0000001c     board_button.o (.text._ZN5board22Board_ButtonWasPressedENS_13BoardButtonIdE)
                  00004a94    0000001c     board_button.o (.text._ZN5board23Board_ButtonWasReleasedENS_13BoardButtonIdE)
                  00004ab0    0000001c     ina219.o (.text._ZN7drivers14Ina219_IsReadyEPKNS_13Ina219ContextE)
                  00004acc    0000001c     fm24cl64b.o (.text._ZN7drivers17Fm24cl64b_IsReadyEPKNS_16Fm24cl64bContextE)
                  00004ae8    0000001c     debug_uart.o (.text._ZN8services19DebugUart_WriteCharEc)
                  00004b04    0000001a     button.o (.text._ZN7drivers16Button_IsPressedEPKNS_13ButtonContextE)
                  00004b1e    00000002     --HOLE-- [fill = 0]
                  00004b20    00000018     board_button.o (.text._ZN5board19Board_ButtonGetNameENS_13BoardButtonIdE)
                  00004b38    00000018     lora.o (.text._ZN7drivers20LoraUart_GetBaudrateEPKNS_15LoraUartContextE)
                  00004b50    00000016     app_main.o (.text._ZN12_GLOBAL__N_118App_ButtonScanTaskEv)
                  00004b66    00000016     led.o (.text._ZN7drivers11Led_IsReadyEPKNS_10LedContextE)
                  00004b7c    00000016     buzzer.o (.text._ZN7drivers14Buzzer_IsReadyEPKNS_13BuzzerContextE)
                  00004b92    00000016     lora.o (.text._ZN7drivers16LoraUart_IsReadyEPKNS_15LoraUartContextE)
                  00004ba8    00000016     libc.a : copy_zero_init.c.obj (.text:decompress:ZI:__TI_zero_init_nomemset)
                  00004bbe    00000002     --HOLE-- [fill = 0]
                  00004bc0    00000014     board_fram.o (.text._ZN5board14Board_FramInitEv)
                  00004bd4    00000014     board_fram.o (.text._ZN5board14Board_FramReadEtPht)
                  00004be8    00000014     board_lora.o (.text._ZN5board15Board_LoraWriteEPKht)
                  00004bfc    00000014     board_buzzer.o (.text._ZN5board16Board_BuzzerInitEv)
                  00004c10    00000014     board_fram.o (.text._ZN5board18Board_FramReadByteEtPh)
                  00004c24    00000014     board_fram.o (.text._ZN5board18Board_FramSelfTestEv)
                  00004c38    00000014     board_fram.o (.text._ZN5board19Board_FramWriteByteEth)
                  00004c4c    00000014     board_led.o (.text._ZN5board19Board_StatusLedInitEv)
                  00004c60    00000014     board_ina219.o (.text._ZN5board24Board_Ina219ProbeAddressEhPt)
                  00004c74    00000014     board_ina219.o (.text._ZN5board24Board_Ina219ReadRegisterEhPt)
                  00004c88    00000014     board_ina219.o (.text._ZN5board25Board_Ina219WriteRegisterEht)
                  00004c9c    00000014     fm24cl64b.o (.text._ZN7drivers19Fm24cl64b_WriteByteEPNS_16Fm24cl64bContextEth)
                  00004cb0    00000014     shell.o (.text._ZN8services15Shell_WriteLineEPKc)
                  00004cc4    00000012     driverlib.a : dl_uart.o (.text.DL_UART_setClockConfig)
                  00004cd6    00000012     libc.a : copy_decompress_none.c.obj (.text:decompress:none)
                  00004ce8    00000010     time.o (.text.SysTick_Handler)
                  00004cf8    00000010     board_lora.o (.text.UART0_IRQHandler)
                  00004d08    00000010     app_shell.o (.text._ZN3app12_GLOBAL__N_110AdcCommandEiPKPKc)
                  00004d18    00000010     board_buzzer.o (.text._ZN5board14Board_BuzzerOnEv)
                  00004d28    00000010     board_buzzer.o (.text._ZN5board15Board_BuzzerOffEv)
                  00004d38    00000010     board_fram.o (.text._ZN5board17Board_FramIsReadyEv)
                  00004d48    00000010     board_ina219.o (.text._ZN5board17Board_Ina219ResetEv)
                  00004d58    00000010     board_lora.o (.text._ZN5board17Board_LoraIsReadyEv)
                  00004d68    00000010     board_led.o (.text._ZN5board17Board_StatusLedOnEv)
                  00004d78    00000010     board_lora.o (.text._ZN5board18Board_LoraReadByteEPh)
                  00004d88    00000010     board_led.o (.text._ZN5board18Board_StatusLedOffEv)
                  00004d98    00000010     board_buzzer.o (.text._ZN5board19Board_BuzzerIsReadyEv)
                  00004da8    00000010     board_ina219.o (.text._ZN5board19Board_Ina219IsReadyEv)
                  00004db8    00000010     board_lora.o (.text._ZN5board19Board_LoraWriteByteEh)
                  00004dc8    00000010     board_fram.o (.text._ZN5board20Board_FramRecoverBusEv)
                  00004dd8    00000010     board_lora.o (.text._ZN5board21Board_LoraGetBaudrateEv)
                  00004de8    00000010     board_ina219.o (.text._ZN5board22Board_Ina219GetAddressEv)
                  00004df8    00000010     board_ina219.o (.text._ZN5board22Board_Ina219RecoverBusEv)
                  00004e08    00000010     board_ina219.o (.text._ZN5board22Board_Ina219SetAddressEh)
                  00004e18    00000010     board_led.o (.text._ZN5board22Board_StatusLedIsReadyEv)
                  00004e28    00000010     board_ina219.o (.text._ZN5board23Board_Ina219CalibrationEv)
                  00004e38    00000010     board_lora.o (.text._ZN5board23Board_LoraClearRxBufferEv)
                  00004e48    00000010     board_lora.o (.text._ZN5board24Board_LoraGetRxAvailableEv)
                  00004e58    00000010     board_ina219.o (.text._ZN5board27Board_Ina219ReadMeasurementEPN7drivers17Ina219MeasurementE)
                  00004e68    00000010     board_lora.o (.text._ZN5board27Board_LoraGetRxDroppedCountEv)
                  00004e78    00000010     board_ina219.o (.text._ZN5board28Board_Ina219ConfigureDefaultEv)
                  00004e88    00000010     board_ina219.o (.text._ZN5board28Board_Ina219ReadRawRegistersEPN7drivers18Ina219RawRegistersE)
                  00004e98    00000010     board_lora.o (.text._ZN5board29Board_LoraGetControllerStatusEPj)
                  00004ea8    00000010     fault.o (.text._ZN8services9Fault_SetENS_9FaultCodeE)
                  00004eb8    0000000c     lora.o (.text._ZN7drivers26LoraUart_GetRxDroppedCountEPKNS_15LoraUartContextE)
                  00004ec4    0000000c     fault.o (.text._ZN8services10Fault_InitEv)
                  00004ed0    0000000c     time.o (.text._ZN8services11Time_MillisEv)
                  00004edc    0000000c     debug_uart.o (.text._ZN8services17DebugUart_IsReadyEv)
                  00004ee8    0000000c     fault.o (.text._ZN8services9Fault_GetEv)
                  00004ef4    0000000a     driverlib.a : dl_common.o (.text.DL_Common_delayCycles)
                  00004efe    0000000a     fm24cl64b.o (.text._ZN7drivers18Fm24cl64b_ReadByteEPNS_16Fm24cl64bContextEtPh)
                  00004f08    00000008     shell.o (.text._ZN8services15Shell_WriteCharEc)
                  00004f10    00000008     shell.o (.text._ZN8services17Shell_WriteStringEPKc)
                  00004f18    00000008     shell.o (.text._ZN8services17Shell_WriteUInt32Ej)
                  00004f20    00000008     libclang_rt.builtins.a : aeabi_memcpy.S.obj (.text)
                  00004f28    00000006     board_fram.o (.text._ZN5board23Board_FramCapacityBytesEv)
                  00004f2e    00000006     libc.a : exit.c.obj (.text:abort)
                  00004f34    00000004     libsysbm.a : hostexit.c.obj (.text.HOSTexit)
                  00004f38    00000004     startup_mspm0g351x_ticlang.o (.text.Reset_Handler)
                  00004f3c    00000004     libc.a : pre_init.c.obj (.text._system_pre_init)

.cinit     0    000058b0    00000030     
                  000058b0    0000000c     (__TI_handler_table)
                  000058bc    00000009     (.cinit..data.load) [load image, compression = lzss]
                  000058c5    00000003     --HOLE-- [fill = 0]
                  000058c8    00000008     (.cinit..bss.load) [load image, compression = zero_init]
                  000058d0    00000010     (__TI_cinit_table)

.rodata    0    00004f40    00000970     
                  00004f40    00000045     app_shell.o (.rodata.str1.2354522874658768371.1)
                  00004f85    00000003     shell.o (.rodata.str1.10427229796524742636.1)
                  00004f88    00000038     board_ina219.o (.rodata._ZN5boardL14g_ina219ConfigE)
                  00004fc0    00000035     app_shell.o (.rodata.str1.14384267027075031912.1)
                  00004ff5    00000003     shell.o (.rodata.str1.4282230880151502975.1)
                  00004ff8    00000030     board_button.o (.rodata._ZN5board12_GLOBAL__N_115g_buttonConfigsE)
                  00005028    00000030     app_shell.o (.rodata.str1.9210286441137644766.1)
                  00005058    0000002c     board_fram.o (.rodata._ZN5boardL12g_framConfigE)
                  00005084    00000026     shell.o (.rodata.str1.6901712316327456926.1)
                  000050aa    00000020     app_shell.o (.rodata.str1.13305312957799781956.1)
                  000050ca    0000001f     app_shell.o (.rodata.str1.17876943342118536213.1)
                  000050e9    0000001f     app_shell.o (.rodata.str1.871335262082007188.1)
                  00005108    0000001e     app_shell.o (.rodata.str1.15434941628325917383.1)
                  00005126    0000001e     app_shell.o (.rodata.str1.16906130264434024515.1)
                  00005144    0000001d     app_shell.o (.rodata.str1.14205965562906606532.1)
                  00005161    00000003     app_shell.o (.rodata.str1.4465400818469226320.1)
                  00005164    0000001c     app_shell.o (.rodata..Lswitch.table._ZN3app12_GLOBAL__N_115WriteStatusLineEPKcN7drivers12DriverStatusE)
                  00005180    0000001c     app_shell.o (.rodata.str1.6446933695614087048.1)
                  0000519c    0000001c     app_shell.o (.rodata.str1.9705620893505900.1)
                  000051b8    0000001b     app_shell.o (.rodata.str1.3030045481369325523.1)
                  000051d3    0000001b     app_shell.o (.rodata.str1.6410197886599512152.1)
                  000051ee    00000002     ti_msp_dl_config.o (.rodata.gDEBUG_UARTClockConfig)
                  000051f0    00000018     board_lora.o (.rodata._ZN5boardL12g_loraConfigE)
                  00005208    00000018     app_shell.o (.rodata.str1.6741221679932540615.1)
                  00005220    00000017     shell.o (.rodata.str1.5680428239841774557.1)
                  00005237    00000016     app_shell.o (.rodata.str1.11085599432999950484.1)
                  0000524d    00000016     app_shell.o (.rodata.str1.15890787717468802715.1)
                  00005263    00000016     app_shell.o (.rodata.str1.9017255012489828088.1)
                  00005279    00000015     app_shell.o (.rodata.str1.13324323091560154661.1)
                  0000528e    00000015     app_shell.o (.rodata.str1.14683574465395229248.1)
                  000052a3    00000015     app_shell.o (.rodata.str1.17796269336985765740.1)
                  000052b8    00000013     app_shell.o (.rodata.str1.14223157730264656398.1)
                  000052cb    00000013     app_shell.o (.rodata.str1.8602760754867183125.1)
                  000052de    00000013     app_shell.o (.rodata.str1.9051984071380436030.1)
                  000052f1    00000012     app_shell.o (.rodata.str1.14241588195389562460.1)
                  00005303    00000012     app_shell.o (.rodata.str1.2963890733414402023.1)
                  00005315    00000012     app_shell.o (.rodata.str1.5407661000085889072.1)
                  00005327    00000012     app_shell.o (.rodata.str1.7863334761919578676.1)
                  00005339    00000012     shell.o (.rodata.str1.8246939600463437344.1)
                  0000534b    00000012     app_shell.o (.rodata.str1.9081962557253678714.1)
                  0000535d    00000012     app_shell.o (.rodata.str1.9708937098353321336.1)
                  0000536f    00000011     app_shell.o (.rodata.str1.10761430618072912911.1)
                  00005380    00000011     app_shell.o (.rodata.str1.2160470991696560517.1)
                  00005391    00000011     app_shell.o (.rodata.str1.8730301986016609910.1)
                  000053a2    00000010     app_shell.o (.rodata.str1.11903828385650032657.1)
                  000053b2    00000010     app_shell.o (.rodata.str1.15536306115837748184.1)
                  000053c2    00000010     app_shell.o (.rodata.str1.18076126304851181080.1)
                  000053d2    00000010     app_shell.o (.rodata.str1.3590894685082263268.1)
                  000053e2    00000010     app_shell.o (.rodata.str1.4203577644585159315.1)
                  000053f2    00000010     app_shell.o (.rodata.str1.9141388473721648320.1)
                  00005402    00000010     app_shell.o (.rodata.str1.9555053908608242801.1)
                  00005412    00000010     app_shell.o (.rodata.str1.97227345183721019.1)
                  00005422    00000010     app_shell.o (.rodata.str1.9805525145790407866.1)
                  00005432    0000000f     app_shell.o (.rodata.str1.11327417708772392390.1)
                  00005441    0000000f     app_shell.o (.rodata.str1.13507390935846511250.1)
                  00005450    0000000f     app_shell.o (.rodata.str1.14613035533147221857.1)
                  0000545f    0000000f     app_shell.o (.rodata.str1.14678420154468417691.1)
                  0000546e    0000000f     app_shell.o (.rodata.str1.18243883703027276797.1)
                  0000547d    0000000f     app_shell.o (.rodata.str1.4906473829960206720.1)
                  0000548c    0000000f     app_shell.o (.rodata.str1.8767742179201719121.1)
                  0000549b    0000000f     app_shell.o (.rodata.str1.9307362830757344490.1)
                  000054aa    0000000e     app_shell.o (.rodata.str1.10256891727475852015.1)
                  000054b8    0000000e     app_shell.o (.rodata.str1.13626453309717720227.1)
                  000054c6    0000000e     app_shell.o (.rodata.str1.13643216153024045165.1)
                  000054d4    0000000e     app_shell.o (.rodata.str1.15520279574724480647.1)
                  000054e2    0000000e     app_shell.o (.rodata.str1.16234102244779358492.1)
                  000054f0    0000000e     app_shell.o (.rodata.str1.18173995716001367913.1)
                  000054fe    0000000e     app_shell.o (.rodata.str1.18221696243336245540.1)
                  0000550c    0000000e     app_shell.o (.rodata.str1.2292235750072059597.1)
                  0000551a    0000000e     app_shell.o (.rodata.str1.2767916714829989116.1)
                  00005528    0000000e     app_shell.o (.rodata.str1.3587876751327453651.1)
                  00005536    0000000e     app_shell.o (.rodata.str1.8934507472916618446.1)
                  00005544    0000000d     app_shell.o (.rodata.str1.107782727556153465.1)
                  00005551    0000000d     app_shell.o (.rodata.str1.13247589138198607459.1)
                  0000555e    0000000d     app_shell.o (.rodata.str1.14827416709503782844.1)
                  0000556b    0000000d     app_shell.o (.rodata.str1.16738014180672278497.1)
                  00005578    0000000d     app_shell.o (.rodata.str1.2900415078221183578.1)
                  00005585    0000000d     app_shell.o (.rodata.str1.3892416308557052197.1)
                  00005592    0000000d     app_shell.o (.rodata.str1.638712236475948105.1)
                  0000559f    0000000d     app_shell.o (.rodata.str1.6394054571282083081.1)
                  000055ac    0000000d     app_shell.o (.rodata.str1.8150600325345066189.1)
                  000055b9    0000000d     app_shell.o (.rodata.str1.9018689912544847403.1)
                  000055c6    0000000d     app_shell.o (.rodata.str1.9244822838137428263.1)
                  000055d3    00000001     --HOLE-- [fill = 0]
                  000055d4    0000000c     board_button.o (.rodata..Lswitch.table._ZN5board19Board_ButtonGetNameENS_13BoardButtonIdE)
                  000055e0    0000000c     board_buzzer.o (.rodata._ZN5boardL14g_buzzerConfigE)
                  000055ec    0000000c     board_led.o (.rodata._ZN5boardL17g_statusLedConfigE)
                  000055f8    0000000c     app_shell.o (.rodata.str1.12824201010631389445.1)
                  00005604    0000000c     app_shell.o (.rodata.str1.1418877803505809098.1)
                  00005610    0000000c     app_shell.o (.rodata.str1.1420893864952581301.1)
                  0000561c    0000000c     app_shell.o (.rodata.str1.16330407060470052804.1)
                  00005628    0000000c     app_shell.o (.rodata.str1.18057142085415363861.1)
                  00005634    0000000c     app_shell.o (.rodata.str1.5376205643164354286.1)
                  00005640    0000000c     app_shell.o (.rodata.str1.6213986015100719150.1)
                  0000564c    0000000c     app_shell.o (.rodata.str1.7743837333376801574.1)
                  00005658    0000000c     app_shell.o (.rodata.str1.7950140236767125311.1)
                  00005664    0000000c     app_shell.o (.rodata.str1.9167415978045996327.1)
                  00005670    0000000b     app_shell.o (.rodata.str1.11922244342622017285.1)
                  0000567b    0000000b     app_shell.o (.rodata.str1.12144774989780088692.1)
                  00005686    0000000b     app_shell.o (.rodata.str1.1223882822645374465.1)
                  00005691    0000000b     app_shell.o (.rodata.str1.1349469432826125676.1)
                  0000569c    0000000b     app_shell.o (.rodata.str1.3256265506082810711.1)
                  000056a7    0000000b     app_shell.o (.rodata.str1.7267978533840413714.1)
                  000056b2    0000000b     app_shell.o (.rodata.str1.931795180867172166.1)
                  000056bd    00000001     --HOLE-- [fill = 0]
                  000056be    0000000a     ti_msp_dl_config.o (.rodata.gDEBUG_UARTConfig)
                  000056c8    0000000a     ti_msp_dl_config.o (.rodata.gLORA_UARTConfig)
                  000056d2    0000000a     app_shell.o (.rodata.str1.16835946644515092483.1)
                  000056dc    0000000a     shell.o (.rodata.str1.17922515892264497723.1)
                  000056e6    0000000a     app_shell.o (.rodata.str1.2027963614161212499.1)
                  000056f0    0000000a     app_shell.o (.rodata.str1.5848672442950545206.1)
                  000056fa    0000000a     app_shell.o (.rodata.str1.8406640635343907673.1)
                  00005704    00000009     app_shell.o (.rodata.str1.11627215746227218045.1)
                  0000570d    00000009     app_shell.o (.rodata.str1.15403383602945839188.1)
                  00005716    00000009     app_shell.o (.rodata.str1.8175931356486144895.1)
                  0000571f    00000008     board_button.o (.rodata.str1.10963450802004053816.1)
                  00005727    00000008     app_shell.o (.rodata.str1.11335294061225285764.1)
                  0000572f    00000008     app_shell.o (.rodata.str1.13993368087264210023.1)
                  00005737    00000008     app_shell.o (.rodata.str1.16079002699872141978.1)
                  0000573f    00000008     board_button.o (.rodata.str1.17681505947258605906.1)
                  00005747    00000008     board_button.o (.rodata.str1.18240515884718476655.1)
                  0000574f    00000008     app_main.o (.rodata.str1.1839410120130765391.1)
                  00005757    00000008     app_shell.o (.rodata.str1.2942266741242204019.1)
                  0000575f    00000008     board_button.o (.rodata.str1.5952028417427413650.1)
                  00005767    00000008     app_shell.o (.rodata.str1.6351667589775284342.1)
                  0000576f    00000008     app_shell.o (.rodata.str1.7078129644076030331.1)
                  00005777    00000008     app_shell.o (.rodata.str1.738127925484632372.1)
                  0000577f    00000008     app_shell.o (.rodata.str1.7940456731757887554.1)
                  00005787    00000008     app_shell.o (.rodata.str1.795459456749244188.1)
                  0000578f    00000007     app_shell.o (.rodata.str1.10218881960771275491.1)
                  00005796    00000007     app_shell.o (.rodata.str1.11774507841365577078.1)
                  0000579d    00000007     app_shell.o (.rodata.str1.1222417806814152126.1)
                  000057a4    00000007     app_shell.o (.rodata.str1.13029328624899454496.1)
                  000057ab    00000007     app_shell.o (.rodata.str1.16458884249986146812.1)
                  000057b2    00000007     app_shell.o (.rodata.str1.16920742144462411612.1)
                  000057b9    00000007     app_shell.o (.rodata.str1.2029421846019890511.1)
                  000057c0    00000007     app_shell.o (.rodata.str1.27965927919619260.1)
                  000057c7    00000007     app_shell.o (.rodata.str1.4392945030196501414.1)
                  000057ce    00000007     app_shell.o (.rodata.str1.5716603645884478871.1)
                  000057d5    00000007     app_shell.o (.rodata.str1.6756868286634741853.1)
                  000057dc    00000007     app_shell.o (.rodata.str1.8867909630182175989.1)
                  000057e3    00000006     app_shell.o (.rodata._ZZN3app12_GLOBAL__N_111LoraCommandEiPKPKcE9kTestData)
                  000057e9    00000006     app_shell.o (.rodata.str1.10091040128680290456.1)
                  000057ef    00000006     app_shell.o (.rodata.str1.10665909939688505188.1)
                  000057f5    00000006     app_shell.o (.rodata.str1.12164603244115374595.1)
                  000057fb    00000006     app_shell.o (.rodata.str1.12681352959443149009.1)
                  00005801    00000006     app_shell.o (.rodata.str1.15885433143163248817.1)
                  00005807    00000006     app_shell.o (.rodata.str1.2831129786622658843.1)
                  0000580d    00000006     app_shell.o (.rodata.str1.4179493015675024832.1)
                  00005813    00000006     app_shell.o (.rodata.str1.5549424804698209806.1)
                  00005819    00000006     app_shell.o (.rodata.str1.560197181004569561.1)
                  0000581f    00000006     app_shell.o (.rodata.str1.587364518894469847.1)
                  00005825    00000006     app_shell.o (.rodata.str1.6219487071531100932.1)
                  0000582b    00000006     app_shell.o (.rodata.str1.626618899871332695.1)
                  00005831    00000006     app_shell.o (.rodata.str1.9376739677351878210.1)
                  00005837    00000005     app_shell.o (.rodata.str1.10756110055158838206.1)
                  0000583c    00000005     app_shell.o (.rodata.str1.13640432584226954899.1)
                  00005841    00000005     app_shell.o (.rodata.str1.141740382680400416.1)
                  00005846    00000005     app_shell.o (.rodata.str1.14445045882516821416.1)
                  0000584b    00000005     app_shell.o (.rodata.str1.16556295950709461880.1)
                  00005850    00000005     app_shell.o (.rodata.str1.16815118733797554419.1)
                  00005855    00000005     app_shell.o (.rodata.str1.17029008240216598945.1)
                  0000585a    00000005     shell.o (.rodata.str1.17405053739148516019.1)
                  0000585f    00000005     app_shell.o (.rodata.str1.6725838405751831500.1)
                  00005864    00000005     app_shell.o (.rodata.str1.7579154775923007786.1)
                  00005869    00000004     app_shell.o (.rodata.str1.13245102848535749030.1)
                  0000586d    00000004     app_shell.o (.rodata.str1.16368304853068341593.1)
                  00005871    00000004     app_shell.o (.rodata.str1.3688985272902551570.1)
                  00005875    00000004     app_shell.o (.rodata.str1.3879560646291831357.1)
                  00005879    00000004     app_shell.o (.rodata.str1.6951946783319408118.1)
                  0000587d    00000004     app_shell.o (.rodata.str1.7212684690809077353.1)
                  00005881    00000004     shell.o (.rodata.str1.7348818734176781284.1)
                  00005885    00000004     app_shell.o (.rodata.str1.7850322238517394535.1)
                  00005889    00000004     shell.o (.rodata.str1.8954516873856363469.1)
                  0000588d    00000004     app_shell.o (.rodata.str1.9144633642026494361.1)
                  00005891    00000003     app_shell.o (.rodata.str1.5909738732761903070.1)
                  00005894    00000003     app_shell.o (.rodata.str1.7207923708610531365.1)
                  00005897    00000003     shell.o (.rodata.str1.8508895379925972626.1)
                  0000589a    00000002     ti_msp_dl_config.o (.rodata.gFRAM_I2CClockConfig)
                  0000589c    00000002     ti_msp_dl_config.o (.rodata.gINA219_I2CClockConfig)
                  0000589e    00000002     ti_msp_dl_config.o (.rodata.gLORA_UARTClockConfig)
                  000058a0    00000002     app_shell.o (.rodata.str1.17082220688523197928.1)
                  000058a2    00000002     app_shell.o (.rodata.str1.3134304214227531536.1)
                  000058a4    00000002     app_shell.o (.rodata.str1.444886150797460539.1)
                  000058a6    00000002     app_shell.o (.rodata.str1.8674441817985872181.1)
                  000058a8    00000002     app_shell.o (.rodata.str1.8793534488315853255.1)
                  000058aa    00000006     --HOLE-- [fill = 0]

.init_array 
*          0    00000000    00000000     UNINITIALIZED

.binit     0    00000000    00000000     

.data      0    20200000    0000022b     UNINITIALIZED
                  20200000    000000f0     scheduler.o (.data._ZN8servicesL7g_tasksE)
                  202000f0    000000c0     shell.o (.data._ZN8services12_GLOBAL__N_110g_commandsE)
                  202001b0    00000030     board_button.o (.data._ZN5board12_GLOBAL__N_116g_buttonContextsE)
                  202001e0    00000010     board_lora.o (.data._ZN5boardL13g_loraContextE)
                  202001f0    00000008     app_main.o (.data._ZN3appL10g_appStateE)
                  202001f8    00000008     board_fram.o (.data._ZN5boardL13g_framContextE)
                  20200200    00000008     board_buzzer.o (.data._ZN5boardL15g_buzzerContextE)
                  20200208    00000008     board_ina219.o (.data._ZN5boardL15g_ina219ContextE)
                  20200210    00000008     board_led.o (.data._ZN5boardL18g_statusLedContextE)
                  20200218    00000004     shell.o (.data._ZN8services12_GLOBAL__N_112g_lineLengthE)
                  2020021c    00000004     debug_uart.o (.data._ZN8services12_GLOBAL__N_116g_rxDroppedCountE)
                  20200220    00000004     time.o (.data._ZN8servicesL8g_millisE)
                  20200224    00000002     debug_uart.o (.data._ZN8services12_GLOBAL__N_18g_rxHeadE)
                  20200226    00000002     debug_uart.o (.data._ZN8services12_GLOBAL__N_18g_rxTailE)
                  20200228    00000001     shell.o (.data._ZN8services12_GLOBAL__N_114g_ignoreNextLfE)
                  20200229    00000001     debug_uart.o (.data._ZN8services12_GLOBAL__N_116g_debugUartReadyE)
                  2020022a    00000001     fault.o (.data._ZN8servicesL11g_faultCodeE)

.bss       0    2020022b    000001e0     UNINITIALIZED
                  2020022b    00000100     board_lora.o (.bss._ZN5boardL14g_loraRxBufferE)
                  2020032b    00000080     debug_uart.o (.bss._ZN8services12_GLOBAL__N_110g_rxBufferE)
                  202003ab    00000060     shell.o (.bss._ZN8services12_GLOBAL__N_112g_lineBufferE)

.stack     0    2020ff00    00000100     UNINITIALIZED
                  2020ff00    00000004     libc.a : boot_cortex_m.c.obj (.stack)
                  2020ff04    000000fc     --HOLE--

__llvm_prf_cnts 
*          0    20200000    00000000     UNINITIALIZED

__llvm_prf_bits 
*          0    20200000    00000000     UNINITIALIZED

MODULE SUMMARY

       Module                         code    ro data   rw data
       ------                         ----    -------   -------
    .\
       ti_msp_dl_config.o             796     28        0      
       startup_mspm0g351x_ticlang.o   6       192       0      
       empty_cpp.o                    82      0         0      
    +--+------------------------------+-------+---------+---------+
       Total:                         884     220       0      
                                                               
    .\app\
       app_shell.o                    7966    2021      0      
       app_main.o                     102     8         8      
    +--+------------------------------+-------+---------+---------+
       Total:                         8068    2029      8      
                                                               
    .\board\
       board_lora.o                   204     24        272    
       board_ina219.o                 356     56        8      
       board_button.o                 248     92        48     
       board_fram.o                   210     44        8      
       board_buzzer.o                 68      12        8      
       board_led.o                    68      12        8      
       board.o                        30      0         0      
    +--+------------------------------+-------+---------+---------+
       Total:                         1184    240       352    
                                                               
    .\drivers\button\
       button.o                       306     0         0      
    +--+------------------------------+-------+---------+---------+
       Total:                         306     0         0      
                                                               
    .\drivers\buzzer\
       buzzer.o                       174     0         0      
    +--+------------------------------+-------+---------+---------+
       Total:                         174     0         0      
                                                               
    .\drivers\fm24cl64b\
       fm24cl64b.o                    1882    0         0      
    +--+------------------------------+-------+---------+---------+
       Total:                         1882    0         0      
                                                               
    .\drivers\ina219\
       ina219.o                       2326    0         0      
    +--+------------------------------+-------+---------+---------+
       Total:                         2326    0         0      
                                                               
    .\drivers\led\
       led.o                          174     0         0      
    +--+------------------------------+-------+---------+---------+
       Total:                         174     0         0      
                                                               
    .\drivers\lora\
       lora.o                         908     0         0      
    +--+------------------------------+-------+---------+---------+
       Total:                         908     0         0      
                                                               
    .\services\
       shell.o                        1596    111       293    
       scheduler.o                    832     0         240    
       debug_uart.o                   732     0         137    
       time.o                         84      0         4      
       fault.o                        40      0         1      
       log.o                          2       0         0      
    +--+------------------------------+-------+---------+---------+
       Total:                         3286    111       675    
                                                               
    C:/ti/mspm0_sdk_2_10_00_04/source/ti/driverlib/lib/ticlang/m0p/mspm0gx51x/driverlib.a
       dl_i2c.o                       240     0         0      
       dl_uart.o                      138     0         0      
       dl_common.o                    10      0         0      
    +--+------------------------------+-------+---------+---------+
       Total:                         388     0         0      
                                                               
    C:\ti\ccs2100\ccs\tools\compiler\ti-cgt-armllvm_5.1.1.LTS\lib\armv6m-ti-none-eabi/c/libc.a
       memcpy16.S.obj                 154     0         0      
       copy_decompress_lzss.c.obj     124     0         0      
       autoinit.c.obj                 60      0         0      
       boot_cortex_m.c.obj            40      0         0      
       copy_zero_init.c.obj           22      0         0      
       copy_decompress_none.c.obj     18      0         0      
       exit.c.obj                     6       0         0      
       pre_init.c.obj                 4       0         0      
    +--+------------------------------+-------+---------+---------+
       Total:                         428     0         0      
                                                               
    C:\ti\ccs2100\ccs\tools\compiler\ti-cgt-armllvm_5.1.1.LTS\lib\armv6m-ti-none-eabi/c/libsysbm.a
       hostexit.c.obj                 4       0         0      
    +--+------------------------------+-------+---------+---------+
       Total:                         4       0         0      
                                                               
    C:\ti\ccs2100\ccs\tools\compiler\ti-cgt-armllvm_5.1.1.LTS\lib\armv6m-ti-none-eabi/libclang_rt.builtins.a
       aeabi_uidivmod.S.obj           64      0         0      
       aeabi_memcpy.S.obj             8       0         0      
       aeabi_div0.c.obj               2       0         0      
    +--+------------------------------+-------+---------+---------+
       Total:                         74      0         0      
                                                               
       Stack:                         0       0         256    
       Linker Generated:              0       45        0      
    +--+------------------------------+-------+---------+---------+
       Grand Total:                   20086   2645      1291   


LINKER GENERATED COPY TABLES

__TI_cinit_table @ 000058d0 records: 2, size/record: 8, table size: 16
	.data: load addr=000058bc, load size=00000009 bytes, run addr=20200000, run size=0000022b bytes, compression=lzss
	.bss: load addr=000058c8, load size=00000008 bytes, run addr=2020022b, run size=000001e0 bytes, compression=zero_init


LINKER GENERATED HANDLER TABLE

__TI_handler_table @ 000058b0 records: 3, size/record: 4, table size: 12
	index: 0, handler: __TI_decompress_lzss
	index: 1, handler: __TI_decompress_none
	index: 2, handler: __TI_zero_init


GLOBAL SYMBOLS: SORTED ALPHABETICALLY BY Name 

address   name                                                                                
-------   ----                                                                                
000035a7  ADC0_IRQHandler                                                                     
000035a7  ADC1_IRQHandler                                                                     
000035a7  AESADV_IRQHandler                                                                   
00004f34  C$$EXIT                                                                             
000035a7  CANFD0_IRQHandler                                                                   
000035a7  CANFD1_IRQHandler                                                                   
000035a7  DAC0_IRQHandler                                                                     
00004ef5  DL_Common_delayCycles                                                               
00003dad  DL_I2C_fillControllerTXFIFO                                                         
00004649  DL_I2C_flushControllerRXFIFO                                                        
0000439d  DL_I2C_flushControllerTXFIFO                                                        
0000491d  DL_I2C_setClockConfig                                                               
000040b5  DL_UART_init                                                                        
00004cc5  DL_UART_setClockConfig                                                              
00004679  DL_UART_transmitDataBlocking                                                        
000035a7  DMA_IRQHandler                                                                      
000035a7  Default_Handler                                                                     
000035a7  GROUP0_IRQHandler                                                                   
000035a7  GROUP1_IRQHandler                                                                   
00004f35  HOSTexit                                                                            
000035a7  HardFault_Handler                                                                   
000035a7  I2C0_IRQHandler                                                                     
000035a7  I2C1_IRQHandler                                                                     
000035a7  I2C2_IRQHandler                                                                     
000035a7  LFSS_IRQHandler                                                                     
000035a7  NMI_Handler                                                                         
000035a7  PendSV_Handler                                                                      
00004f39  Reset_Handler                                                                       
000035a7  SPI0_IRQHandler                                                                     
000035a7  SPI1_IRQHandler                                                                     
000035a7  SPI2_IRQHandler                                                                     
000035a7  SVC_Handler                                                                         
00003765  SYSCFG_DL_DEBUG_UART_init                                                           
00003ec1  SYSCFG_DL_FRAM_I2C_init                                                             
00003069  SYSCFG_DL_GPIO_init                                                                 
00003f15  SYSCFG_DL_INA219_I2C_init                                                           
000037ed  SYSCFG_DL_LORA_UART_init                                                            
000046a9  SYSCFG_DL_SYSCTL_init                                                               
000049ad  SYSCFG_DL_init                                                                      
00003ced  SYSCFG_DL_initPower                                                                 
00004ce9  SysTick_Handler                                                                     
000035a7  TIMA0_IRQHandler                                                                    
000035a7  TIMA1_IRQHandler                                                                    
000035a7  TIMG0_IRQHandler                                                                    
000035a7  TIMG12_IRQHandler                                                                   
000035a7  TIMG14_IRQHandler                                                                   
000035a7  TIMG6_IRQHandler                                                                    
000035a7  TIMG7_IRQHandler                                                                    
000035a7  TIMG8_IRQHandler                                                                    
000035a7  TIMG9_IRQHandler                                                                    
00004cf9  UART0_IRQHandler                                                                    
000035a7  UART1_IRQHandler                                                                    
000035a7  UART3_IRQHandler                                                                    
000035a7  UART4_IRQHandler                                                                    
00003ae5  UART5_IRQHandler                                                                    
000035a7  UART6_IRQHandler                                                                    
000035a7  UART7_IRQHandler                                                                    
00002b99  _ZN3app25AppShell_RegisterCommandsEv                                                
00004a09  _ZN3app7App_RunEv                                                                   
000045e1  _ZN3app8App_InitEv                                                                  
00004a25  _ZN5board10Board_InitEv                                                             
00004d19  _ZN5board14Board_BuzzerOnEv                                                         
00004bc1  _ZN5board14Board_FramInitEv                                                         
00004bd5  _ZN5board14Board_FramReadEtPht                                                      
00003763  _ZN5board14Board_LateInitEv                                                         
000048cd  _ZN5board14Board_LoraInitEv                                                         
00004d29  _ZN5board15Board_BuzzerOffEv                                                        
00004be9  _ZN5board15Board_LoraWriteEPKht                                                     
00004bfd  _ZN5board16Board_BuzzerInitEv                                                       
00004065  _ZN5board16Board_Ina219InitEv                                                       
00004415  _ZN5board17Board_ButtonsInitEv                                                      
00004d39  _ZN5board17Board_FramIsReadyEv                                                      
00004d49  _ZN5board17Board_Ina219ResetEv                                                      
00004d59  _ZN5board17Board_LoraIsReadyEv                                                      
00004d69  _ZN5board17Board_StatusLedOnEv                                                      
00004c11  _ZN5board18Board_FramReadByteEtPh                                                   
00004c25  _ZN5board18Board_FramSelfTestEv                                                     
00004d79  _ZN5board18Board_LoraReadByteEPh                                                    
00004d89  _ZN5board18Board_StatusLedOffEv                                                     
00004b21  _ZN5board19Board_ButtonGetNameENS_13BoardButtonIdE                                  
00004a41  _ZN5board19Board_ButtonReadRawENS_13BoardButtonIdEPb                                
00004615  _ZN5board19Board_ButtonsUpdateEj                                                    
00004d99  _ZN5board19Board_BuzzerIsReadyEv                                                    
00004c39  _ZN5board19Board_FramWriteByteEth                                                   
00004da9  _ZN5board19Board_Ina219IsReadyEv                                                    
00004db9  _ZN5board19Board_LoraWriteByteEh                                                    
00004c4d  _ZN5board19Board_StatusLedInitEv                                                    
00004dc9  _ZN5board20Board_FramRecoverBusEv                                                   
00004a5d  _ZN5board21Board_ButtonIsPressedENS_13BoardButtonIdE                                
00004dd9  _ZN5board21Board_LoraGetBaudrateEv                                                  
00004a79  _ZN5board22Board_ButtonWasPressedENS_13BoardButtonIdE                               
000040fd  _ZN5board22Board_FramGetBusStatusEPjPbS1_                                           
00004de9  _ZN5board22Board_Ina219GetAddressEv                                                 
00004df9  _ZN5board22Board_Ina219RecoverBusEv                                                 
00004e09  _ZN5board22Board_Ina219SetAddressEh                                                 
00004e19  _ZN5board22Board_StatusLedIsReadyEv                                                 
00004a95  _ZN5board23Board_ButtonWasReleasedENS_13BoardButtonIdE                              
00004f29  _ZN5board23Board_FramCapacityBytesEv                                                
00004e29  _ZN5board23Board_Ina219CalibrationEv                                                
00004e39  _ZN5board23Board_LoraClearRxBufferEv                                                
00004145  _ZN5board24Board_Ina219GetBusStatusEPjPbS1_                                         
00004c61  _ZN5board24Board_Ina219ProbeAddressEhPt                                             
00004c75  _ZN5board24Board_Ina219ReadRegisterEhPt                                             
00004e49  _ZN5board24Board_LoraGetRxAvailableEv                                               
00004c89  _ZN5board25Board_Ina219WriteRegisterEht                                             
00004e59  _ZN5board27Board_Ina219ReadMeasurementEPN7drivers17Ina219MeasurementE               
00004e69  _ZN5board27Board_LoraGetRxDroppedCountEv                                            
00004e79  _ZN5board28Board_Ina219ConfigureDefaultEv                                           
00004e89  _ZN5board28Board_Ina219ReadRawRegistersEPN7drivers18Ina219RawRegistersE             
00004e99  _ZN5board29Board_LoraGetControllerStatusEPj                                         
00004709  _ZN7drivers10Buzzer_OffEPNS_13BuzzerContextE                                        
0000435d  _ZN7drivers11Button_InitEPNS_13ButtonContextEPKNS_12ButtonConfigE                   
000044c9  _ZN7drivers11Buzzer_InitEPNS_13BuzzerContextEPKNS_12BuzzerConfigE                   
00002d59  _ZN7drivers11Ina219_InitEPNS_13Ina219ContextEPKNS_12Ina219ConfigE                   
00004b67  _ZN7drivers11Led_IsReadyEPKNS_10LedContextE                                         
00004851  _ZN7drivers12Ina219_ResetEPNS_13Ina219ContextE                                      
00003e0b  _ZN7drivers13Button_UpdateEPNS_13ButtonContextEj                                    
00003875  _ZN7drivers13LoraUart_InitEPNS_15LoraUartContextEPKNS_14LoraUartConfigE             
00004501  _ZN7drivers14Button_ReadRawEPNS_13ButtonContextEPb                                  
00004b7d  _ZN7drivers14Buzzer_IsReadyEPKNS_13BuzzerContextE                                   
00003c89  _ZN7drivers14Fm24cl64b_InitEPNS_16Fm24cl64bContextEPKNS_15Fm24cl64bConfigE          
00001c71  _ZN7drivers14Fm24cl64b_ReadEPNS_16Fm24cl64bContextEtPht                             
00004ab1  _ZN7drivers14Ina219_IsReadyEPKNS_13Ina219ContextE                                   
00002e21  _ZN7drivers14LoraUart_WriteEPNS_15LoraUartContextEPKht                              
00002255  _ZN7drivers15Fm24cl64b_WriteEPNS_16Fm24cl64bContextEtPKht                           
00004b05  _ZN7drivers16Button_IsPressedEPKNS_13ButtonContextE                                 
00004b93  _ZN7drivers16LoraUart_IsReadyEPKNS_15LoraUartContextE                               
00004969  _ZN7drivers17Button_WasPressedEPNS_13ButtonContextE                                 
00004acd  _ZN7drivers17Fm24cl64b_IsReadyEPKNS_16Fm24cl64bContextE                             
000049cd  _ZN7drivers17Ina219_GetAddressEPKNS_13Ina219ContextE                                
00001e95  _ZN7drivers17Ina219_RecoverBusEPNS_13Ina219ContextE                                 
00003e69  _ZN7drivers17Ina219_SetAddressEPNS_13Ina219ContextEh                                
000042dd  _ZN7drivers17LoraUart_ReadByteEPNS_15LoraUartContextEPh                             
0000498b  _ZN7drivers18Button_WasReleasedEPNS_13ButtonContextE                                
00004eff  _ZN7drivers18Fm24cl64b_ReadByteEPNS_16Fm24cl64bContextEtPh                          
00003329  _ZN7drivers18Fm24cl64b_SelfTestEPNS_16Fm24cl64bContextEt                            
000035a9  _ZN7drivers18LoraUart_WriteByteEPNS_15LoraUartContextEh                             
00004c9d  _ZN7drivers19Fm24cl64b_WriteByteEPNS_16Fm24cl64bContextEth                          
000041d5  _ZN7drivers19Ina219_GetBusStatusEPNS_13Ina219ContextEPNS_15Ina219BusStatusE         
00004539  _ZN7drivers19Ina219_ProbeAddressEPNS_13Ina219ContextEhPt                            
000047c9  _ZN7drivers19Ina219_ReadRegisterEPNS_13Ina219ContextEhPt                            
00003979  _ZN7drivers19LoraUart_IrqHandlerEPNS_15LoraUartContextE                             
00002075  _ZN7drivers20Fm24cl64b_RecoverBusEPNS_16Fm24cl64bContextE                           
000047f7  _ZN7drivers20Ina219_WriteRegisterEPNS_13Ina219ContextEht                            
00004b39  _ZN7drivers20LoraUart_GetBaudrateEPKNS_15LoraUartContextE                           
000049eb  _ZN7drivers21Ina219_GetCalibrationEPKNS_13Ina219ContextE                            
00004219  _ZN7drivers22Fm24cl64b_GetBusStatusEPNS_16Fm24cl64bContextEPNS_18Fm24cl64bBusStatusE
00003a71  _ZN7drivers22Ina219_ReadMeasurementEPNS_13Ina219ContextEPNS_17Ina219MeasurementE    
00003d4d  _ZN7drivers22LoraUart_ClearRxBufferEPNS_15LoraUartContextE                          
00004451  _ZN7drivers23Ina219_ConfigureDefaultEPNS_13Ina219ContextE                           
000036d1  _ZN7drivers23Ina219_ReadRawRegistersEPNS_13Ina219ContextEPNS_18Ina219RawRegistersE  
0000487b  _ZN7drivers23LoraUart_GetRxAvailableEPKNS_15LoraUartContextE                        
00004eb9  _ZN7drivers26LoraUart_GetRxDroppedCountEPKNS_15LoraUartContextE                     
00004825  _ZN7drivers28LoraUart_GetControllerStatusEPKNS_15LoraUartContextEPj                 
00004739  _ZN7drivers6Led_OnEPNS_10LedContextE                                                
00004769  _ZN7drivers7Led_OffEPNS_10LedContextE                                               
00004571  _ZN7drivers8Led_InitEPNS_10LedContextEPKNS_9LedConfigE                              
00004799  _ZN7drivers9Buzzer_OnEPNS_13BuzzerContextE                                          
00004ec5  _ZN8services10Fault_InitEv                                                          
00002ee9  _ZN8services10Shell_InitEv                                                          
00004ed1  _ZN8services11Time_MillisEv                                                         
00002425  _ZN8services13Scheduler_RunEv                                                       
0000363d  _ZN8services13Shell_ProcessEv                                                       
00003fbd  _ZN8services14DebugUart_InitEv                                                      
000031cd  _ZN8services14Scheduler_InitEv                                                      
00004f09  _ZN8services15Shell_WriteCharEc                                                     
00004cb1  _ZN8services15Shell_WriteLineEPKc                                                   
00004edd  _ZN8services17DebugUart_IsReadyEv                                                   
00002c79  _ZN8services17Scheduler_AddTaskEPKcPFvvEjjPh                                        
00004f11  _ZN8services17Shell_WriteStringEPKc                                                 
00004f19  _ZN8services17Shell_WriteUInt32Ej                                                   
0000418d  _ZN8services18DebugUart_ReadByteEPh                                                 
00004ae9  _ZN8services19DebugUart_WriteCharEc                                                 
00003b51  _ZN8services21DebugUart_WriteStringEPKc                                             
00002779  _ZN8services21DebugUart_WriteUInt32Ej                                               
000033cd  _ZN8services21Shell_RegisterCommandEPKcS1_PFviPKS1_E                                
00003977  _ZN8services8Log_InitEv                                                             
00004ee9  _ZN8services9Fault_GetEv                                                            
00004ea9  _ZN8services9Fault_SetENS_9FaultCodeE                                               
000045a9  _ZN8services9Time_InitEv                                                            
20210000  __STACK_END                                                                         
00000100  __STACK_SIZE                                                                        
00000000  __TI_ATRegion0_region_sz                                                            
00000000  __TI_ATRegion0_src_addr                                                             
00000000  __TI_ATRegion0_trg_addr                                                             
00000000  __TI_ATRegion1_region_sz                                                            
00000000  __TI_ATRegion1_src_addr                                                             
00000000  __TI_ATRegion1_trg_addr                                                             
00000000  __TI_ATRegion2_region_sz                                                            
00000000  __TI_ATRegion2_src_addr                                                             
00000000  __TI_ATRegion2_trg_addr                                                             
000058d0  __TI_CINIT_Base                                                                     
000058e0  __TI_CINIT_Limit                                                                    
000058e0  __TI_CINIT_Warm                                                                     
000058b0  __TI_Handler_Table_Base                                                             
000058bc  __TI_Handler_Table_Limit                                                            
0000448d  __TI_auto_init_nobinit_nopinit                                                      
000039f5  __TI_decompress_lzss                                                                
00004cd7  __TI_decompress_none                                                                
ffffffff  __TI_pprof_out_hndl                                                                 
ffffffff  __TI_prof_data_size                                                                 
ffffffff  __TI_prof_data_start                                                                
00000000  __TI_static_base__                                                                  
00004ba9  __TI_zero_init_nomemset                                                             
00004063  __aeabi_idiv0                                                                       
00004f21  __aeabi_memcpy                                                                      
00004f21  __aeabi_memcpy4                                                                     
00004f21  __aeabi_memcpy8                                                                     
0000431d  __aeabi_uidiv                                                                       
0000431d  __aeabi_uidivmod                                                                    
ffffffff  __binit__                                                                           
UNDEFED   __mpu_init                                                                          
2020ff00  __stack                                                                             
20200000  __start___llvm_prf_bits                                                             
20200000  __start___llvm_prf_cnts                                                             
20200000  __stop___llvm_prf_bits                                                              
20200000  __stop___llvm_prf_cnts                                                              
000048f5  _c_int00_noargs                                                                     
UNDEFED   _system_post_cinit                                                                  
00004f3d  _system_pre_init                                                                    
00004f2f  abort                                                                               
ffffffff  binit                                                                               
00000000  interruptVectors                                                                    
00004011  main                                                                                
0000350d  memcpy                                                                              


GLOBAL SYMBOLS: SORTED BY Symbol Address 

address   name                                                                                
-------   ----                                                                                
00000000  __TI_ATRegion0_region_sz                                                            
00000000  __TI_ATRegion0_src_addr                                                             
00000000  __TI_ATRegion0_trg_addr                                                             
00000000  __TI_ATRegion1_region_sz                                                            
00000000  __TI_ATRegion1_src_addr                                                             
00000000  __TI_ATRegion1_trg_addr                                                             
00000000  __TI_ATRegion2_region_sz                                                            
00000000  __TI_ATRegion2_src_addr                                                             
00000000  __TI_ATRegion2_trg_addr                                                             
00000000  __TI_static_base__                                                                  
00000000  interruptVectors                                                                    
00000100  __STACK_SIZE                                                                        
00001c71  _ZN7drivers14Fm24cl64b_ReadEPNS_16Fm24cl64bContextEtPht                             
00001e95  _ZN7drivers17Ina219_RecoverBusEPNS_13Ina219ContextE                                 
00002075  _ZN7drivers20Fm24cl64b_RecoverBusEPNS_16Fm24cl64bContextE                           
00002255  _ZN7drivers15Fm24cl64b_WriteEPNS_16Fm24cl64bContextEtPKht                           
00002425  _ZN8services13Scheduler_RunEv                                                       
00002779  _ZN8services21DebugUart_WriteUInt32Ej                                               
00002b99  _ZN3app25AppShell_RegisterCommandsEv                                                
00002c79  _ZN8services17Scheduler_AddTaskEPKcPFvvEjjPh                                        
00002d59  _ZN7drivers11Ina219_InitEPNS_13Ina219ContextEPKNS_12Ina219ConfigE                   
00002e21  _ZN7drivers14LoraUart_WriteEPNS_15LoraUartContextEPKht                              
00002ee9  _ZN8services10Shell_InitEv                                                          
00003069  SYSCFG_DL_GPIO_init                                                                 
000031cd  _ZN8services14Scheduler_InitEv                                                      
00003329  _ZN7drivers18Fm24cl64b_SelfTestEPNS_16Fm24cl64bContextEt                            
000033cd  _ZN8services21Shell_RegisterCommandEPKcS1_PFviPKS1_E                                
0000350d  memcpy                                                                              
000035a7  ADC0_IRQHandler                                                                     
000035a7  ADC1_IRQHandler                                                                     
000035a7  AESADV_IRQHandler                                                                   
000035a7  CANFD0_IRQHandler                                                                   
000035a7  CANFD1_IRQHandler                                                                   
000035a7  DAC0_IRQHandler                                                                     
000035a7  DMA_IRQHandler                                                                      
000035a7  Default_Handler                                                                     
000035a7  GROUP0_IRQHandler                                                                   
000035a7  GROUP1_IRQHandler                                                                   
000035a7  HardFault_Handler                                                                   
000035a7  I2C0_IRQHandler                                                                     
000035a7  I2C1_IRQHandler                                                                     
000035a7  I2C2_IRQHandler                                                                     
000035a7  LFSS_IRQHandler                                                                     
000035a7  NMI_Handler                                                                         
000035a7  PendSV_Handler                                                                      
000035a7  SPI0_IRQHandler                                                                     
000035a7  SPI1_IRQHandler                                                                     
000035a7  SPI2_IRQHandler                                                                     
000035a7  SVC_Handler                                                                         
000035a7  TIMA0_IRQHandler                                                                    
000035a7  TIMA1_IRQHandler                                                                    
000035a7  TIMG0_IRQHandler                                                                    
000035a7  TIMG12_IRQHandler                                                                   
000035a7  TIMG14_IRQHandler                                                                   
000035a7  TIMG6_IRQHandler                                                                    
000035a7  TIMG7_IRQHandler                                                                    
000035a7  TIMG8_IRQHandler                                                                    
000035a7  TIMG9_IRQHandler                                                                    
000035a7  UART1_IRQHandler                                                                    
000035a7  UART3_IRQHandler                                                                    
000035a7  UART4_IRQHandler                                                                    
000035a7  UART6_IRQHandler                                                                    
000035a7  UART7_IRQHandler                                                                    
000035a9  _ZN7drivers18LoraUart_WriteByteEPNS_15LoraUartContextEh                             
0000363d  _ZN8services13Shell_ProcessEv                                                       
000036d1  _ZN7drivers23Ina219_ReadRawRegistersEPNS_13Ina219ContextEPNS_18Ina219RawRegistersE  
00003763  _ZN5board14Board_LateInitEv                                                         
00003765  SYSCFG_DL_DEBUG_UART_init                                                           
000037ed  SYSCFG_DL_LORA_UART_init                                                            
00003875  _ZN7drivers13LoraUart_InitEPNS_15LoraUartContextEPKNS_14LoraUartConfigE             
00003977  _ZN8services8Log_InitEv                                                             
00003979  _ZN7drivers19LoraUart_IrqHandlerEPNS_15LoraUartContextE                             
000039f5  __TI_decompress_lzss                                                                
00003a71  _ZN7drivers22Ina219_ReadMeasurementEPNS_13Ina219ContextEPNS_17Ina219MeasurementE    
00003ae5  UART5_IRQHandler                                                                    
00003b51  _ZN8services21DebugUart_WriteStringEPKc                                             
00003c89  _ZN7drivers14Fm24cl64b_InitEPNS_16Fm24cl64bContextEPKNS_15Fm24cl64bConfigE          
00003ced  SYSCFG_DL_initPower                                                                 
00003d4d  _ZN7drivers22LoraUart_ClearRxBufferEPNS_15LoraUartContextE                          
00003dad  DL_I2C_fillControllerTXFIFO                                                         
00003e0b  _ZN7drivers13Button_UpdateEPNS_13ButtonContextEj                                    
00003e69  _ZN7drivers17Ina219_SetAddressEPNS_13Ina219ContextEh                                
00003ec1  SYSCFG_DL_FRAM_I2C_init                                                             
00003f15  SYSCFG_DL_INA219_I2C_init                                                           
00003fbd  _ZN8services14DebugUart_InitEv                                                      
00004011  main                                                                                
00004063  __aeabi_idiv0                                                                       
00004065  _ZN5board16Board_Ina219InitEv                                                       
000040b5  DL_UART_init                                                                        
000040fd  _ZN5board22Board_FramGetBusStatusEPjPbS1_                                           
00004145  _ZN5board24Board_Ina219GetBusStatusEPjPbS1_                                         
0000418d  _ZN8services18DebugUart_ReadByteEPh                                                 
000041d5  _ZN7drivers19Ina219_GetBusStatusEPNS_13Ina219ContextEPNS_15Ina219BusStatusE         
00004219  _ZN7drivers22Fm24cl64b_GetBusStatusEPNS_16Fm24cl64bContextEPNS_18Fm24cl64bBusStatusE
000042dd  _ZN7drivers17LoraUart_ReadByteEPNS_15LoraUartContextEPh                             
0000431d  __aeabi_uidiv                                                                       
0000431d  __aeabi_uidivmod                                                                    
0000435d  _ZN7drivers11Button_InitEPNS_13ButtonContextEPKNS_12ButtonConfigE                   
0000439d  DL_I2C_flushControllerTXFIFO                                                        
00004415  _ZN5board17Board_ButtonsInitEv                                                      
00004451  _ZN7drivers23Ina219_ConfigureDefaultEPNS_13Ina219ContextE                           
0000448d  __TI_auto_init_nobinit_nopinit                                                      
000044c9  _ZN7drivers11Buzzer_InitEPNS_13BuzzerContextEPKNS_12BuzzerConfigE                   
00004501  _ZN7drivers14Button_ReadRawEPNS_13ButtonContextEPb                                  
00004539  _ZN7drivers19Ina219_ProbeAddressEPNS_13Ina219ContextEhPt                            
00004571  _ZN7drivers8Led_InitEPNS_10LedContextEPKNS_9LedConfigE                              
000045a9  _ZN8services9Time_InitEv                                                            
000045e1  _ZN3app8App_InitEv                                                                  
00004615  _ZN5board19Board_ButtonsUpdateEj                                                    
00004649  DL_I2C_flushControllerRXFIFO                                                        
00004679  DL_UART_transmitDataBlocking                                                        
000046a9  SYSCFG_DL_SYSCTL_init                                                               
00004709  _ZN7drivers10Buzzer_OffEPNS_13BuzzerContextE                                        
00004739  _ZN7drivers6Led_OnEPNS_10LedContextE                                                
00004769  _ZN7drivers7Led_OffEPNS_10LedContextE                                               
00004799  _ZN7drivers9Buzzer_OnEPNS_13BuzzerContextE                                          
000047c9  _ZN7drivers19Ina219_ReadRegisterEPNS_13Ina219ContextEhPt                            
000047f7  _ZN7drivers20Ina219_WriteRegisterEPNS_13Ina219ContextEht                            
00004825  _ZN7drivers28LoraUart_GetControllerStatusEPKNS_15LoraUartContextEPj                 
00004851  _ZN7drivers12Ina219_ResetEPNS_13Ina219ContextE                                      
0000487b  _ZN7drivers23LoraUart_GetRxAvailableEPKNS_15LoraUartContextE                        
000048cd  _ZN5board14Board_LoraInitEv                                                         
000048f5  _c_int00_noargs                                                                     
0000491d  DL_I2C_setClockConfig                                                               
00004969  _ZN7drivers17Button_WasPressedEPNS_13ButtonContextE                                 
0000498b  _ZN7drivers18Button_WasReleasedEPNS_13ButtonContextE                                
000049ad  SYSCFG_DL_init                                                                      
000049cd  _ZN7drivers17Ina219_GetAddressEPKNS_13Ina219ContextE                                
000049eb  _ZN7drivers21Ina219_GetCalibrationEPKNS_13Ina219ContextE                            
00004a09  _ZN3app7App_RunEv                                                                   
00004a25  _ZN5board10Board_InitEv                                                             
00004a41  _ZN5board19Board_ButtonReadRawENS_13BoardButtonIdEPb                                
00004a5d  _ZN5board21Board_ButtonIsPressedENS_13BoardButtonIdE                                
00004a79  _ZN5board22Board_ButtonWasPressedENS_13BoardButtonIdE                               
00004a95  _ZN5board23Board_ButtonWasReleasedENS_13BoardButtonIdE                              
00004ab1  _ZN7drivers14Ina219_IsReadyEPKNS_13Ina219ContextE                                   
00004acd  _ZN7drivers17Fm24cl64b_IsReadyEPKNS_16Fm24cl64bContextE                             
00004ae9  _ZN8services19DebugUart_WriteCharEc                                                 
00004b05  _ZN7drivers16Button_IsPressedEPKNS_13ButtonContextE                                 
00004b21  _ZN5board19Board_ButtonGetNameENS_13BoardButtonIdE                                  
00004b39  _ZN7drivers20LoraUart_GetBaudrateEPKNS_15LoraUartContextE                           
00004b67  _ZN7drivers11Led_IsReadyEPKNS_10LedContextE                                         
00004b7d  _ZN7drivers14Buzzer_IsReadyEPKNS_13BuzzerContextE                                   
00004b93  _ZN7drivers16LoraUart_IsReadyEPKNS_15LoraUartContextE                               
00004ba9  __TI_zero_init_nomemset                                                             
00004bc1  _ZN5board14Board_FramInitEv                                                         
00004bd5  _ZN5board14Board_FramReadEtPht                                                      
00004be9  _ZN5board15Board_LoraWriteEPKht                                                     
00004bfd  _ZN5board16Board_BuzzerInitEv                                                       
00004c11  _ZN5board18Board_FramReadByteEtPh                                                   
00004c25  _ZN5board18Board_FramSelfTestEv                                                     
00004c39  _ZN5board19Board_FramWriteByteEth                                                   
00004c4d  _ZN5board19Board_StatusLedInitEv                                                    
00004c61  _ZN5board24Board_Ina219ProbeAddressEhPt                                             
00004c75  _ZN5board24Board_Ina219ReadRegisterEhPt                                             
00004c89  _ZN5board25Board_Ina219WriteRegisterEht                                             
00004c9d  _ZN7drivers19Fm24cl64b_WriteByteEPNS_16Fm24cl64bContextEth                          
00004cb1  _ZN8services15Shell_WriteLineEPKc                                                   
00004cc5  DL_UART_setClockConfig                                                              
00004cd7  __TI_decompress_none                                                                
00004ce9  SysTick_Handler                                                                     
00004cf9  UART0_IRQHandler                                                                    
00004d19  _ZN5board14Board_BuzzerOnEv                                                         
00004d29  _ZN5board15Board_BuzzerOffEv                                                        
00004d39  _ZN5board17Board_FramIsReadyEv                                                      
00004d49  _ZN5board17Board_Ina219ResetEv                                                      
00004d59  _ZN5board17Board_LoraIsReadyEv                                                      
00004d69  _ZN5board17Board_StatusLedOnEv                                                      
00004d79  _ZN5board18Board_LoraReadByteEPh                                                    
00004d89  _ZN5board18Board_StatusLedOffEv                                                     
00004d99  _ZN5board19Board_BuzzerIsReadyEv                                                    
00004da9  _ZN5board19Board_Ina219IsReadyEv                                                    
00004db9  _ZN5board19Board_LoraWriteByteEh                                                    
00004dc9  _ZN5board20Board_FramRecoverBusEv                                                   
00004dd9  _ZN5board21Board_LoraGetBaudrateEv                                                  
00004de9  _ZN5board22Board_Ina219GetAddressEv                                                 
00004df9  _ZN5board22Board_Ina219RecoverBusEv                                                 
00004e09  _ZN5board22Board_Ina219SetAddressEh                                                 
00004e19  _ZN5board22Board_StatusLedIsReadyEv                                                 
00004e29  _ZN5board23Board_Ina219CalibrationEv                                                
00004e39  _ZN5board23Board_LoraClearRxBufferEv                                                
00004e49  _ZN5board24Board_LoraGetRxAvailableEv                                               
00004e59  _ZN5board27Board_Ina219ReadMeasurementEPN7drivers17Ina219MeasurementE               
00004e69  _ZN5board27Board_LoraGetRxDroppedCountEv                                            
00004e79  _ZN5board28Board_Ina219ConfigureDefaultEv                                           
00004e89  _ZN5board28Board_Ina219ReadRawRegistersEPN7drivers18Ina219RawRegistersE             
00004e99  _ZN5board29Board_LoraGetControllerStatusEPj                                         
00004ea9  _ZN8services9Fault_SetENS_9FaultCodeE                                               
00004eb9  _ZN7drivers26LoraUart_GetRxDroppedCountEPKNS_15LoraUartContextE                     
00004ec5  _ZN8services10Fault_InitEv                                                          
00004ed1  _ZN8services11Time_MillisEv                                                         
00004edd  _ZN8services17DebugUart_IsReadyEv                                                   
00004ee9  _ZN8services9Fault_GetEv                                                            
00004ef5  DL_Common_delayCycles                                                               
00004eff  _ZN7drivers18Fm24cl64b_ReadByteEPNS_16Fm24cl64bContextEtPh                          
00004f09  _ZN8services15Shell_WriteCharEc                                                     
00004f11  _ZN8services17Shell_WriteStringEPKc                                                 
00004f19  _ZN8services17Shell_WriteUInt32Ej                                                   
00004f21  __aeabi_memcpy                                                                      
00004f21  __aeabi_memcpy4                                                                     
00004f21  __aeabi_memcpy8                                                                     
00004f29  _ZN5board23Board_FramCapacityBytesEv                                                
00004f2f  abort                                                                               
00004f34  C$$EXIT                                                                             
00004f35  HOSTexit                                                                            
00004f39  Reset_Handler                                                                       
00004f3d  _system_pre_init                                                                    
000058b0  __TI_Handler_Table_Base                                                             
000058bc  __TI_Handler_Table_Limit                                                            
000058d0  __TI_CINIT_Base                                                                     
000058e0  __TI_CINIT_Limit                                                                    
000058e0  __TI_CINIT_Warm                                                                     
20200000  __start___llvm_prf_bits                                                             
20200000  __start___llvm_prf_cnts                                                             
20200000  __stop___llvm_prf_bits                                                              
20200000  __stop___llvm_prf_cnts                                                              
2020ff00  __stack                                                                             
20210000  __STACK_END                                                                         
ffffffff  __TI_pprof_out_hndl                                                                 
ffffffff  __TI_prof_data_size                                                                 
ffffffff  __TI_prof_data_start                                                                
ffffffff  __binit__                                                                           
ffffffff  binit                                                                               
UNDEFED   __mpu_init                                                                          
UNDEFED   _system_post_cinit                                                                  

[225 symbols]
