******************************************************************************
            TI ARM Clang Linker PC v5.1.1                      
******************************************************************************
>> Linked Wed Jul  8 20:34:55 2026

OUTPUT FILE NAME:   <gugaPI.out>
ENTRY POINT SYMBOL: "_c_int00_noargs"  address: 00012d71


MEMORY CONFIGURATION

         name            origin    length      used     unused   attr    fill
----------------------  --------  ---------  --------  --------  ----  --------
  FLASH                 00000000   00080000  00016238  00069dc8  R  X
  SRAM_BANK0            20200000   00010000  000007f2  0000f80e  RW X
  SRAM_BANK1            20210000   00010000  00000000  00010000  RW X
  BCR_CONFIG            41c00000   000000ff  00000000  000000ff  R   
  BSL_CONFIG            41c00100   00000080  00000000  00000080  R   
  DATA                  41d00000   00004000  00000000  00004000  R   


SEGMENT ALLOCATION MAP

run origin  load origin   length   init length attrs members
----------  ----------- ---------- ----------- ----- -------
00000000    00000000    00013738   00013738    r-x
  00000000    00000000    000000c0   000000c0    r-- .intvecs
  000000c0    000000c0    00013678   00013678    r-x .text
00013740    00013740    00002b00   00002b00    r--
  00013740    00013740    00002a80   00002a80    r-- .rodata
  000161c0    000161c0    00000080   00000080    r-- .cinit
20200000    20200000    000006f4   00000000    rw-
  20200000    20200000    00000376   00000000    rw- .data
  20200378    20200378    00000338   00000000    rw- .bss
  202006b0    202006b0    00000044   00000000    rw- .TrimTable
2020ff00    2020ff00    00000100   00000000    rw-
  2020ff00    2020ff00    00000100   00000000    rw- .stack


SECTION ALLOCATION MAP

 output                                  attributes/
section   page    origin      length       input sections
--------  ----  ----------  ----------   ----------------
.intvecs   0    00000000    000000c0     
                  00000000    000000c0     startup_mspm0g351x_ticlang.o (.intvecs)

.text      0    000000c0    00013678     
                  000000c0    00001ea0     app_shell.o (.text._ZN3app12_GLOBAL__N_112MotorCommandEiPKPKc)
                  00001f60    00000b40     app_shell.o (.text._ZN3app12_GLOBAL__N_112Gy931CommandEiPKPKc)
                  00002aa0    00000b14     app_shell.o (.text._ZN3app12_GLOBAL__N_113Ina219CommandEiPKPKc)
                  000035b4    00000a5c     app_shell.o (.text._ZN3app12_GLOBAL__N_110ImuCommandEiPKPKc)
                  00004010    00000990     app_shell.o (.text._ZN3app19motor_driver_client12ReceiveFrameEPNS0_5FrameE)
                  000049a0    00000978     app_shell.o (.text._ZN3app12_GLOBAL__N_123Ina219OledUpdateDisplayEv)
                  00005318    00000880     app_shell.o (.text._ZN3app12_GLOBAL__N_111LoraCommandEiPKPKc)
                  00005b98    00000830     app_shell.o (.text._ZN3app12_GLOBAL__N_111OledCommandEiPKPKc)
                  000063c8    00000820     config_store.o (.text._ZN3app16ConfigStore_LoadEv)
                  00006be8    00000724     app_shell.o (.text._ZN3app12_GLOBAL__N_110I2cCommandEiPKPKc)
                  0000730c    000004cc     app_shell.o (.text._ZN3app12_GLOBAL__N_112ParamCommandEiPKPKc)
                  000077d8    00000474     shell.o (.text._ZN8services12_GLOBAL__N_113HandleLineEndEv)
                  00007c4c    00000430     app_shell.o (.text._ZN3app12_GLOBAL__N_111FramCommandEiPKPKc)
                  0000807c    000003dc     app_shell.o (.text._ZN3app12_GLOBAL__N_122Gy931OledUpdateDisplayEv)
                  00008458    00000394     app_shell.o (.text._ZN3app12_GLOBAL__N_114ChassisCommandEiPKPKc)
                  000087ec    00000360     soft_i2c.o (.text._ZN7drivers16SoftI2c_ReadReg8EPNS_14SoftI2cContextEhhPht)
                  00008b4c    00000344     config_store.o (.text._ZN3app15ConfigStore_SetEPKci)
                  00008e90    00000328     app_shell.o (.text._ZN3app12_GLOBAL__N_110LedCommandEiPKPKc)
                  000091b8    000002cc     board_imu.o (.text._ZN5board12_GLOBAL__N_123ReadRegisterWithCommandEhPh)
                  00009484    00000294     config_store.o (.text._ZN3app16ConfigStore_SaveEv)
                  00009718    00000284     board_imu.o (.text._ZN5board22Board_ImuWiggleSpiPinsEj)
                  0000999c    00000268     i2c_diag.o (.text._ZN7drivers22I2cDiag_WriteReg8BlockEPKNS_16I2cDiagBusConfigEhhPKht)
                  00009c04    00000248     soft_i2c.o (.text._ZN7drivers18SoftI2c_RecoverBusEPNS_14SoftI2cContextE)
                  00009e4c    00000238     i2c_diag.o (.text._ZN7drivers16I2cDiag_ReadReg8EPKNS_16I2cDiagBusConfigEhhPht)
                  0000a084    00000234     board_imu.o (.text._ZN5board21Board_ImuSpiSampleIcmEhPhj)
                  0000a2b8    00000230     app_shell.o (.text._ZN3app12_GLOBAL__N_113ButtonCommandEiPKPKc)
                  0000a4e8    00000224     fm24cl64b.o (.text._ZN7drivers14Fm24cl64b_ReadEPNS_16Fm24cl64bContextEtPht)
                  0000a70c    0000021c     board_imu.o (.text._ZN5board20Board_ImuSpiBurstIcmEjh)
                  0000a928    00000208     oled_ssd1306.o (.text._ZN7drivers22OledSsd1306_DrawStringEPNS_18OledSsd1306ContextEhhPKc)
                  0000ab30    00000200     chassis.o (.text._ZN3app19Chassis_SetVelocityEii)
                  0000ad30    000001e0     app_shell.o (.text._ZN3app12_GLOBAL__N_123Gy931OledWriteAngleLineEhPKci)
                  0000af10    000001e0     ina219.o (.text._ZN7drivers17Ina219_RecoverBusEPNS_13Ina219ContextE)
                  0000b0f0    000001e0     fm24cl64b.o (.text._ZN7drivers20Fm24cl64b_RecoverBusEPNS_16Fm24cl64bContextE)
                  0000b2d0    000001dc     gy931.o (.text._ZN7drivers16Gy931_ReadSampleEPNS_12Gy931ContextEPNS_11Gy931SampleE)
                  0000b4ac    000001d0     fm24cl64b.o (.text._ZN7drivers15Fm24cl64b_WriteEPNS_16Fm24cl64bContextEtPKht)
                  0000b67c    000001d0     i2c_diag.o (.text._ZN7drivers18I2cDiag_RecoverBusEPKNS_16I2cDiagBusConfigE)
                  0000b84c    000001c8     i2c_diag.o (.text._ZN7drivers17I2cDiag_WriteReg8EPKNS_16I2cDiagBusConfigEhhPKht)
                  0000ba14    000001b0     app_shell.o (.text._ZN3app19motor_driver_client4StopEPNS0_6ClientEPNS0_10StopResultE)
                  0000bbc4    000001b0     scheduler.o (.text._ZN8services13Scheduler_RunEv)
                  0000bd74    000001a4     ina219.o (.text._ZN7drivers12_GLOBAL__N_120ReadRegisterInternalEPNS_13Ina219ContextEhPt)
                  0000bf18    00000188     i2c_diag.o (.text._ZN7drivers20I2cDiag_ProbeAddressEPKNS_16I2cDiagBusConfigEh)
                  0000c0a0    00000180     app_shell.o (.text._ZN3app19motor_driver_client15SetCountsPerRevEPNS0_6ClientEjj)
                  0000c220    0000017c     app_shell.o (.text._ZN3app25AppShell_RegisterCommandsEv)
                  0000c39c    00000174     app_shell.o (.text._ZN3app12_GLOBAL__N_123WriteSignedVector3MilliEPKcPKiS2_)
                  0000c510    00000170     app_shell.o (.text._ZN3app12_GLOBAL__N_113ParseI2cRangeEiPKPKchPhS5_)
                  0000c680    00000170     oled_ssd1306.o (.text._ZN7drivers23OledSsd1306_DrawCheckerEPNS_18OledSsd1306ContextE)
                  0000c7f0    0000016c     app_shell.o (.text._ZN3app12_GLOBAL__N_115PrintMotorUsageEv)
                  0000c95c    00000166     app_shell.o (.text._ZN3app19motor_driver_client19SetPositionRelativeEPNS0_6ClientEbiPNS0_12MotionResultE)
                  0000cac2    00000002     startup_mspm0g351x_ticlang.o (.text.Default_Handler)
                  0000cac4    00000164     board_i2c_bus.o (.text._ZN5board16Board_I2cBusFindEPKc)
                  0000cc28    00000160     app_shell.o (.text._ZN3app12_GLOBAL__N_110ParseOnOffEPKcPb)
                  0000cd88    00000148     app_shell.o (.text._ZN3app12_GLOBAL__N_114PrintI2cStatusEPKN7drivers16I2cDiagBusConfigE)
                  0000ced0    00000140     debug_uart.o (.text._ZN8services21DebugUart_WriteUInt32Ej)
                  0000d010    0000013c     app_shell.o (.text._ZN3app12_GLOBAL__N_110I2cScanBusEPKN7drivers16I2cDiagBusConfigEhhb)
                  0000d14c    0000013c     app_shell.o (.text._ZN3app12_GLOBAL__N_123PrintMotorPositionBlockERKNS_19motor_driver_client12PositionDataE)
                  0000d288    00000130     chassis.o (.text._ZN3app14Chassis_UpdateEv)
                  0000d3b8    00000126     gy931.o (.text._ZN7drivers22Gy931_ReadRawRegistersEPNS_12Gy931ContextEhPsh)
                  0000d4de    00000002     board.o (.text._ZN5board14Board_LateInitEv)
                  0000d4e0    00000124     ti_msp_dl_config.o (.text.SYSCFG_DL_GPIO_init)
                  0000d604    00000120     app_shell.o (.text._ZN3app12_GLOBAL__N_114ApplyLedActionEN5board10BoardLedIdEPKc)
                  0000d724    00000120     ina219.o (.text._ZN7drivers12_GLOBAL__N_121WriteRegisterInternalEPNS_13Ina219ContextEht)
                  0000d844    00000114     config_store.o (.text._ZN3app20ConfigStore_GetValueEPKcPiS2_S2_)
                  0000d958    00000108     app_shell.o (.text._ZN3app12_GLOBAL__N_119PrintMotorFrameDataEPKcRKNS_19motor_driver_client5FrameE)
                  0000da60    00000104     soft_i2c.o (.text._ZN7drivers12_GLOBAL__N_19WriteByteEPKNS_13SoftI2cConfigEh)
                  0000db64    00000100     app_shell.o (.text._ZN3app12_GLOBAL__N_110ParseInt32EPKciiPi)
                  0000dc64    00000100     shell.o (.text._ZN8services10Shell_InitEv)
                  0000dd64    000000fc     app_shell.o (.text._ZN3app12_GLOBAL__N_119Gy931OledSetEnabledEb)
                  0000de60    000000fc     app_shell.o (.text._ZN3app12_GLOBAL__N_120Ina219OledSetEnabledEb)
                  0000df5c    000000f8     app_shell.o (.text._ZN3app19motor_driver_client15SetInvertConfigEPNS0_6ClientERKNS0_12InvertConfigE)
                  0000e054    000000f4     app_shell.o (.text._ZN3app12_GLOBAL__N_121PrintMotorInvertBlockERKNS_19motor_driver_client12InvertConfigE)
                  0000e148    000000f4     soft_i2c.o (.text._ZN7drivers12_GLOBAL__N_110BeginWriteEPKNS_13SoftI2cConfigEh)
                  0000e23c    000000f0     gy931.o (.text._ZN7drivers16Gy931_ReadAnglesEPNS_12Gy931ContextEPNS_11Gy931AnglesE)
                  0000e32c    000000ee     app_shell.o (.text._ZN3app19motor_driver_client11SetPositionEPNS0_6ClientEbiPNS0_12MotionResultE)
                  0000e41a    00000002     log.o (.text._ZN8services8Log_InitEv)
                  0000e41c    000000e0     app_shell.o (.text._ZN3app12_GLOBAL__N_113BuzzerCommandEiPKPKc)
                  0000e4fc    000000e0     scheduler.o (.text._ZN8services17Scheduler_AddTaskEPKcPFvvEjjPh)
                  0000e5dc    000000d8     app_shell.o (.text._ZN3app19motor_driver_client13ResetEncodersEPNS0_6ClientE)
                  0000e6b4    000000d6     app_shell.o (.text._ZN3app19motor_driver_client17SetPositionCountsEPNS0_6ClientEbiPNS0_12MotionResultE)
                  0000e78a    00000002     libclang_rt.builtins.a : aeabi_div0.c.obj (.text.__aeabi_idiv0)
                  0000e78c    000000d4     app_shell.o (.text._ZN3app12_GLOBAL__N_122PrintChassisWheelStateEPKcRKNS_17ChassisWheelStateE)
                  0000e860    000000d4     shell.o (.text._ZN8services21Shell_RegisterCommandEPKcS1_PFviPKS1_E)
                  0000e934    000000d0     app_shell.o (.text._ZN3app19motor_driver_client8SetSpeedEPNS0_6ClientEbtbPNS0_12MotionResultE)
                  0000ea04    000000ce     app_shell.o (.text._ZN3app19motor_driver_client12ReadPositionEPNS0_6ClientEPNS0_12PositionDataE)
                  0000ead2    00000002     libclang_rt.builtins.a : aeabi_div0.c.obj (.text.__aeabi_ldiv0)
                  0000ead4    000000c8     app_shell.o (.text._ZN3app19motor_driver_client13ReadRegistersEPNS0_6ClientEhhPNS0_5FrameE)
                  0000eb9c    000000c8     board_imu.o (.text._ZN5board25Board_Lis3mdlReadRegisterEhPh)
                  0000ec64    000000c8     ina219.o (.text._ZN7drivers11Ina219_InitEPNS_13Ina219ContextEPKNS_12Ina219ConfigE)
                  0000ed2c    000000c8     lora.o (.text._ZN7drivers14LoraUart_WriteEPNS_15LoraUartContextEPKht)
                  0000edf4    000000c8     motor_driver_uart.o (.text._ZN7drivers21MotorDriverUart_WriteEPNS_22MotorDriverUartContextEPKht)
                  0000eebc    000000c4     app_shell.o (.text._ZN3app19motor_driver_client14WriteRegistersEPNS0_6ClientEhPKhhPNS0_5FrameE)
                  0000ef80    000000c4     board_imu.o (.text._ZN5board26Board_Icm45686ReadRegisterEhPh)
                  0000f044    000000c0     board_imu.o (.text._ZN5board23Board_Lis3mdlReadWhoAmIEPh)
                  0000f104    000000bc     soft_i2c.o (.text._ZN7drivers20SoftI2c_ProbeAddressEPNS_14SoftI2cContextEh)
                  0000f1c0    000000b8     app_shell.o (.text._ZN3app19motor_driver_client4PingEPNS0_6ClientEPb)
                  0000f278    000000b8     ina219.o (.text._ZN7drivers12_GLOBAL__N_113ReleaseI2cBusEPKNS_12Ina219ConfigE)
                  0000f330    000000b8     i2c_diag.o (.text._ZN7drivers12_GLOBAL__N_113ReleaseI2cBusEPKNS_16I2cDiagBusConfigE)
                  0000f3e8    000000b4     oled_ssd1306.o (.text._ZN7drivers16OledSsd1306_InitEPNS_18OledSsd1306ContextEPKNS_17OledSsd1306ConfigE)
                  0000f49c    000000b4     motor_driver_uart.o (.text._ZN7drivers20MotorDriverUart_InitEPNS_22MotorDriverUartContextEPKNS_21MotorDriverUartConfigE)
                  0000f550    000000b0     app_shell.o (.text._ZN3app12_GLOBAL__N_110WriteHex32Ej)
                  0000f600    000000b0     chassis.o (.text._ZN3app12_GLOBAL__N_114SetOneWheelRpmEbi)
                  0000f6b0    000000b0     scheduler.o (.text._ZN8services14Scheduler_InitEv)
                  0000f760    000000ac     app_shell.o (.text._ZN3app12_GLOBAL__N_110PwmCommandEiPKPKc)
                  0000f80c    000000a8     app_shell.o (.text._ZN3app12_GLOBAL__N_114PrintParamLineEPKc)
                  0000f8b4    000000a4     fm24cl64b.o (.text._ZN7drivers18Fm24cl64b_SelfTestEPNS_16Fm24cl64bContextEt)
                  0000f958    000000a2     libclang_rt.builtins.a : udivmoddi4.S.obj (.text)
                  0000f9fa    0000009c     app_shell.o (.text._ZN3app12_GLOBAL__N_111ParseUint32EPKcjPj)
                  0000fa96    00000002     --HOLE-- [fill = 0]
                  0000fa98    0000009c     board_imu.o (.text._ZN5board19Board_ImuSetSpiModeEh)
                  0000fb34    0000009a     libc.a : memcpy16.S.obj (.text:memcpy)
                  0000fbce    00000002     --HOLE-- [fill = 0]
                  0000fbd0    00000098     app_shell.o (.text._ZN3app12_GLOBAL__N_121PrintMotorEncoderLineEPKcRKNS_19motor_driver_client11EncoderDataE)
                  0000fc68    00000098     app_shell.o (.text._ZN3app19motor_driver_client9SendFrameEhhPKhh)
                  0000fd00    00000098     motor_driver_uart.o (.text._ZN7drivers29MotorDriverUart_ClearRxBufferEPNS_22MotorDriverUartContextE)
                  0000fd98    00000094     chassis.o (.text._ZN3app19Chassis_SetWheelRpmEii)
                  0000fe2c    00000094     oled_ssd1306.o (.text._ZN7drivers12_GLOBAL__N_113WriteRepeatedEPNS_18OledSsd1306ContextEh)
                  0000fec0    00000094     lora.o (.text._ZN7drivers18LoraUart_WriteByteEPNS_15LoraUartContextEh)
                  0000ff54    00000094     motor_driver_uart.o (.text._ZN7drivers25MotorDriverUart_WriteByteEPNS_22MotorDriverUartContextEh)
                  0000ffe8    00000094     shell.o (.text._ZN8services13Shell_ProcessEv)
                  0001007c    00000092     ina219.o (.text._ZN7drivers23Ina219_ReadRawRegistersEPNS_13Ina219ContextEPNS_18Ina219RawRegistersE)
                  0001010e    00000002     --HOLE-- [fill = 0]
                  00010110    00000088     driverlib.a : dl_sysctl_mspm0gx51x.o (.text.DL_SYSCTL_setHFCLKSourceHFXTParams)
                  00010198    00000088     ti_msp_dl_config.o (.text.SYSCFG_DL_DEBUG_UART_init)
                  00010220    00000088     ti_msp_dl_config.o (.text.SYSCFG_DL_LORA_UART_init)
                  000102a8    00000088     ti_msp_dl_config.o (.text.SYSCFG_DL_MOTOR_UART_init)
                  00010330    00000088     app_shell.o (.text._ZN3app19motor_driver_client4HoldEPNS0_6ClientEbPNS0_12MotionResultE)
                  000103b8    00000084     lora.o (.text._ZN7drivers13LoraUart_InitEPNS_15LoraUartContextEPKNS_14LoraUartConfigE)
                  0001043c    00000080     app_shell.o (.text._ZN3app12_GLOBAL__N_115WriteFixedMilliEi)
                  000104bc    00000080     soft_i2c.o (.text._ZN7drivers12SoftI2c_InitEPNS_14SoftI2cContextEPKNS_13SoftI2cConfigE)
                  0001053c    0000007e     app_shell.o (.text._ZN3app12_GLOBAL__N_113LoraWriteArgsEiPKPKcbPt)
                  000105ba    0000007e     app_shell.o (.text._ZN3app12_GLOBAL__N_114MotorWriteArgsEiPKPKcbPt)
                  00010638    0000007e     app_shell.o (.text._ZN3app19motor_driver_client11ReadEncoderEPNS0_6ClientEbPNS0_11EncoderDataE)
                  000106b6    00000002     --HOLE-- [fill = 0]
                  000106b8    0000007c     ti_msp_dl_config.o (.text.SYSCFG_DL_initPower)
                  00010734    0000007c     lora.o (.text._ZN7drivers19LoraUart_IrqHandlerEPNS_15LoraUartContextE)
                  000107b0    0000007c     libc.a : copy_decompress_lzss.c.obj (.text:decompress:lzss)
                  0001082c    00000078     app_shell.o (.text._ZN3app12_GLOBAL__N_117WriteAllLedStatusEv)
                  000108a4    00000078     app_shell.o (.text._ZN3app12_GLOBAL__N_118PrintMotorRpmBlockERKNS_19motor_driver_client7RpmDataE)
                  0001091c    00000074     app_shell.o (.text._ZN3app12_GLOBAL__N_116PrintIna219UsageEv)
                  00010990    00000074     app_shell.o (.text._ZN3app19motor_driver_client6SetRunEPNS0_6ClientEbhbPNS0_12MotionResultE)
                  00010a04    00000074     app_shell.o (.text._ZN3app19motor_driver_client8SetBrakeEPNS0_6ClientEbPNS0_12MotionResultE)
                  00010a78    00000074     soft_i2c.o (.text._ZN7drivers12_GLOBAL__N_113StopConditionEPKNS_13SoftI2cConfigE)
                  00010aec    00000074     ina219.o (.text._ZN7drivers22Ina219_ReadMeasurementEPNS_13Ina219ContextEPNS_17Ina219MeasurementE)
                  00010b60    00000070     chassis.o (.text._ZN3app12Chassis_InitEv)
                  00010bd0    00000070     app_shell.o (.text._ZN3app19motor_driver_client16ReadCountsPerRevEPNS0_6ClientEPNS0_12CountsPerRevE)
                  00010c40    0000006c     debug_uart.o (.text.UART3_IRQHandler)
                  00010cac    0000006c     app_shell.o (.text._ZN3app19motor_driver_client7ReadRpmEPNS0_6ClientEPNS0_7RpmDataE)
                  00010d18    0000006c     board_gy931.o (.text._ZN5board27Board_Gy931ReadRawRegistersEhPsh)
                  00010d84    0000006c     motor_driver_uart.o (.text._ZN7drivers26MotorDriverUart_IrqHandlerEPNS_22MotorDriverUartContextE)
                  00010df0    0000006c     debug_uart.o (.text._ZN8services21DebugUart_WriteStringEPKc)
                  00010e5c    0000006a     app_shell.o (.text._ZN3app19motor_driver_client8SetCoastEPNS0_6ClientEbPNS0_12MotionResultE)
                  00010ec6    00000002     --HOLE-- [fill = 0]
                  00010ec8    00000068     app_shell.o (.text._ZN3app12_GLOBAL__N_113PrintImuUsageEv)
                  00010f30    00000068     app_shell.o (.text._ZN3app12_GLOBAL__N_115PrintGy931UsageEv)
                  00010f98    00000064     app_shell.o (.text._ZN3app12_GLOBAL__N_110WriteHex16Et)
                  00010ffc    00000064     board_imu.o (.text._ZN5board22Board_ImuGetLineStatusEPNS_18BoardImuLineStatusE)
                  00011060    00000064     fm24cl64b.o (.text._ZN7drivers14Fm24cl64b_InitEPNS_16Fm24cl64bContextEPKNS_15Fm24cl64bConfigE)
                  000110c4    00000062     libc.a : memset16.S.obj (.text:memset)
                  00011126    00000002     --HOLE-- [fill = 0]
                  00011128    00000060     app_shell.o (.text._ZN3app12_GLOBAL__N_113PrintI2cUsageEv)
                  00011188    00000060     app_shell.o (.text._ZN3app12_GLOBAL__N_114PrintOledUsageEv)
                  000111e8    00000060     app_shell.o (.text._ZN3app12_GLOBAL__N_118PrintMotorPidBlockERKNS_19motor_driver_client8SpeedPidE)
                  00011248    00000060     app_main.o (.text._ZN3app8App_InitEv)
                  000112a8    00000060     lora.o (.text._ZN7drivers22LoraUart_ClearRxBufferEPNS_15LoraUartContextE)
                  00011308    0000005e     driverlib.a : dl_i2c.o (.text.DL_I2C_fillControllerTXFIFO)
                  00011366    0000005e     app_shell.o (.text._ZN3app19motor_driver_client19ReadPositionControlEPNS0_6ClientEPNS0_15PositionControlE)
                  000113c4    0000005e     app_shell.o (.text._ZN3app19motor_driver_client8ReadInfoEPNS0_6ClientEPNS0_10DeviceInfoE)
                  00011422    0000005e     button.o (.text._ZN7drivers13Button_UpdateEPNS_13ButtonContextEj)
                  00011480    0000005c     ti_msp_dl_config.o (.text.SYSCFG_DL_SYSCTL_init)
                  000114dc    0000005c     app_shell.o (.text._ZN3app12_GLOBAL__N_130PrintMotorPositionControlBlockERKNS_19motor_driver_client15PositionControlE)
                  00011538    0000005c     board_gy931.o (.text._ZN5board21Board_Gy931ReadAnglesEPN7drivers11Gy931AnglesE)
                  00011594    0000005c     board_gy931.o (.text._ZN5board21Board_Gy931ReadSampleEPN7drivers11Gy931SampleE)
                  000115f0    0000005c     board_oled.o (.text._ZN5board22Board_OledGetBusStatusEPjPbS1_)
                  0001164c    0000005a     soft_i2c.o (.text._ZN7drivers20SoftI2c_GetBusStatusEPKNS_14SoftI2cContextEPNS_16SoftI2cBusStatusE)
                  000116a6    00000002     --HOLE-- [fill = 0]
                  000116a8    00000058     driverlib.a : dl_factoryregion.o (.text.DL_FactoryRegion_initTrimTable)
                  00011700    00000058     app_main.o (.text._ZN12_GLOBAL__N_125App_ButtonChassisTestTaskEv)
                  00011758    00000058     app_shell.o (.text._ZN3app12_GLOBAL__N_127PrintMotorPositionPidFieldsERKNS_19motor_driver_client11PositionPidE)
                  000117b0    00000058     app_shell.o (.text._ZN3app19motor_driver_client15ReadPositionPidEPNS0_6ClientEPNS0_11PositionPidE)
                  00011808    00000058     app_shell.o (.text._ZN3app19motor_driver_client7ReadPidEPNS0_6ClientEPNS0_8SpeedPidE)
                  00011860    00000058     ina219.o (.text._ZN7drivers17Ina219_SetAddressEPNS_13Ina219ContextEh)
                  000118b8    00000058     i2c_diag.o (.text._ZN7drivers20I2cDiag_GetBusStatusEPKNS_16I2cDiagBusConfigEPNS_16I2cDiagBusStatusE)
                  00011910    00000056     oled_ssd1306.o (.text._ZN7drivers21OledSsd1306_SetInvertEPNS_18OledSsd1306ContextEb)
                  00011966    00000056     oled_ssd1306.o (.text._ZN7drivers24OledSsd1306_SetDisplayOnEPNS_18OledSsd1306ContextEb)
                  000119bc    00000054     ti_msp_dl_config.o (.text.SYSCFG_DL_MOTOR_I2C_init)
                  00011a10    00000054     ti_msp_dl_config.o (.text.SYSCFG_DL_SENSOR_I2C_init)
                  00011a64    00000054     app_shell.o (.text._ZN3app12_GLOBAL__N_114PrintLoraUsageEv)
                  00011ab8    00000054     debug_uart.o (.text._ZN8services14DebugUart_InitEv)
                  00011b0c    00000052     app_shell.o (.text._ZN3app19motor_driver_client16ReadInvertConfigEPNS0_6ClientEPNS0_12InvertConfigE)
                  00011b5e    00000052     empty_cpp.o (.text.main)
                  00011bb0    00000050     board_ina219.o (.text._ZN5board16Board_Ina219InitEv)
                  00011c00    00000050     board_gy931.o (.text._ZN5board23Board_Gy931GetBusStatusEPbS0_)
                  00011c50    00000050     board_imu.o (.text._ZN5board27Board_ImuSetChipSelectDebugEbbbb)
                  00011ca0    0000004c     ti_msp_dl_config.o (.text.SYSCFG_DL_IMU_SPI_init)
                  00011cec    0000004c     app_shell.o (.text._ZN3app12_GLOBAL__N_115PrintParamUsageEv)
                  00011d38    0000004c     config_store.o (.text._ZN3app25ConfigStore_ResetDefaultsEv)
                  00011d84    0000004c     board_gy931.o (.text._ZN5board15Board_Gy931InitEv)
                  00011dd0    0000004c     board_gy931.o (.text._ZN5board21Board_Gy931SetAddressEh)
                  00011e1c    00000048     driverlib.a : dl_uart.o (.text.DL_UART_init)
                  00011e64    00000048     board_gy931.o (.text._ZN5board16Board_Gy931ProbeEv)
                  00011eac    00000048     board_fram.o (.text._ZN5board22Board_FramGetBusStatusEPjPbS1_)
                  00011ef4    00000048     board_ina219.o (.text._ZN5board24Board_Ina219GetBusStatusEPjPbS1_)
                  00011f3c    00000048     gy931.o (.text._ZN7drivers10Gy931_InitEPNS_12Gy931ContextEPKNS_11Gy931ConfigE)
                  00011f84    00000048     debug_uart.o (.text._ZN8services18DebugUart_ReadByteEPh)
                  00011fcc    00000044     driverlib.a : dl_spi.o (.text.DL_SPI_init)
                  00012010    00000044                 : dl_sysctl_mspm0gx51x.o (.text.DL_SYSCTL_switchMCLKfromSYSOSCtoHSCLK)
                  00012054    00000044     ti_msp_dl_config.o (.text.SYSCFG_DL_init)
                  00012098    00000044     board_imu.o (.text._ZN5board13Board_ImuInitEv)
                  000120dc    00000044     ina219.o (.text._ZN7drivers19Ina219_GetBusStatusEPNS_13Ina219ContextEPNS_15Ina219BusStatusE)
                  00012120    00000044     fm24cl64b.o (.text._ZN7drivers22Fm24cl64b_GetBusStatusEPNS_16Fm24cl64bContextEPNS_18Fm24cl64bBusStatusE)
                  00012164    00000040     app_shell.o (.text._ZN3app12_GLOBAL__N_114PrintFramUsageEv)
                  000121a4    00000040     app_shell.o (.text._ZN3app12_GLOBAL__N_114VersionCommandEiPKPKc)
                  000121e4    00000040     app_shell.o (.text._ZN3app19motor_driver_client14SetPositionPidEPNS0_6ClientEPKhh)
                  00012224    00000040     app_shell.o (.text._ZN3app19motor_driver_client18SetPositionControlEPNS0_6ClientEPKhh)
                  00012264    00000040     app_shell.o (.text._ZN3app19motor_driver_client6SetPidEPNS0_6ClientEPKhh)
                  000122a4    00000040     lora.o (.text._ZN7drivers17LoraUart_ReadByteEPNS_15LoraUartContextEPh)
                  000122e4    00000040     motor_driver_uart.o (.text._ZN7drivers24MotorDriverUart_ReadByteEPNS_22MotorDriverUartContextEPh)
                  00012324    00000040     libclang_rt.builtins.a : aeabi_uidivmod.S.obj (.text)
                  00012364    0000003e     button.o (.text._ZN7drivers11Button_InitEPNS_13ButtonContextEPKNS_12ButtonConfigE)
                  000123a2    0000003e     libclang_rt.builtins.a : divmoddi4.c.obj (.text.__divmoddi4)
                  000123e0    0000003c     driverlib.a : dl_i2c.o (.text.DL_I2C_flushControllerTXFIFO)
                  0001241c    0000003c     chassis.o (.text._ZN3app12Chassis_StopEv)
                  00012458    0000003c     app_shell.o (.text._ZN3app12_GLOBAL__N_19WriteHex8Eh)
                  00012494    0000003c     board_button.o (.text._ZN5board17Board_ButtonsInitEv)
                  000124d0    0000003c     board_led.o (.text._ZN5board19Board_StatusLedInitEv)
                  0001250c    0000003c     gy931.o (.text._ZN7drivers11Gy931_ProbeEPNS_12Gy931ContextE)
                  00012548    0000003c     gy931.o (.text._ZN7drivers13Gy931_IsReadyEPKNS_12Gy931ContextE)
                  00012584    0000003c     ina219.o (.text._ZN7drivers23Ina219_ConfigureDefaultEPNS_13Ina219ContextE)
                  000125c0    0000003c     libc.a : autoinit.c.obj (.text:__TI_auto_init_nobinit_nopinit)
                  000125fc    0000003a     soft_i2c.o (.text._ZN7drivers15SoftI2c_IsReadyEPKNS_14SoftI2cContextE)
                  00012636    0000003a     oled_ssd1306.o (.text._ZN7drivers17OledSsd1306_ClearEPNS_18OledSsd1306ContextE)
                  00012670    0000003a     libclang_rt.builtins.a : muldsi3.S.obj (.text)
                  000126aa    00000002     --HOLE-- [fill = 0]
                  000126ac    00000038     board_gy931.o (.text._ZN5board23Board_Gy931ProbeAddressEh)
                  000126e4    00000038     led.o (.text._ZN7drivers10Led_ToggleEPNS_10LedContextE)
                  0001271c    00000038     buzzer.o (.text._ZN7drivers11Buzzer_InitEPNS_13BuzzerContextEPKNS_12BuzzerConfigE)
                  00012754    00000038     button.o (.text._ZN7drivers14Button_ReadRawEPNS_13ButtonContextEPb)
                  0001278c    00000038     oled_ssd1306.o (.text._ZN7drivers16OledSsd1306_FillEPNS_18OledSsd1306ContextEh)
                  000127c4    00000038     ina219.o (.text._ZN7drivers19Ina219_ProbeAddressEPNS_13Ina219ContextEhPt)
                  000127fc    00000038     led.o (.text._ZN7drivers8Led_InitEPNS_10LedContextEPKNS_9LedConfigE)
                  00012834    00000038     time.o (.text._ZN8services9Time_InitEv)
                  0001286c    00000036     oled_ssd1306.o (.text._ZN7drivers19OledSsd1306_IsReadyEPKNS_18OledSsd1306ContextE)
                  000128a2    00000002     --HOLE-- [fill = 0]
                  000128a4    00000034     app_shell.o (.text._ZN3app12_GLOBAL__N_113Gy931OledTaskEv)
                  000128d8    00000034     app_shell.o (.text._ZN3app12_GLOBAL__N_114Ina219OledTaskEv)
                  0001290c    00000034     board_button.o (.text._ZN5board19Board_ButtonsUpdateEj)
                  00012940    00000030     driverlib.a : dl_i2c.o (.text.DL_I2C_flushControllerRXFIFO)
                  00012970    00000030                 : dl_uart.o (.text.DL_UART_transmitDataBlocking)
                  000129a0    00000030     app_shell.o (.text._ZN3app12_GLOBAL__N_115WriteStatusLineEPKcN7drivers12DriverStatusE)
                  000129d0    00000030     app_shell.o (.text._ZN3app12_GLOBAL__N_121PrintMotorConfigBlockERKNS_19motor_driver_client12CountsPerRevE)
                  00012a00    00000030     buzzer.o (.text._ZN7drivers10Buzzer_OffEPNS_13BuzzerContextE)
                  00012a30    00000030     i2c_diag.o (.text._ZN7drivers12_GLOBAL__N_118CheckTransferErrorEP8I2C_Regs)
                  00012a60    00000030     led.o (.text._ZN7drivers7Led_SetEPNS_10LedContextEb)
                  00012a90    00000030     buzzer.o (.text._ZN7drivers9Buzzer_OnEPNS_13BuzzerContextE)
                  00012ac0    0000002e     ina219.o (.text._ZN7drivers19Ina219_ReadRegisterEPNS_13Ina219ContextEhPt)
                  00012aee    00000002     --HOLE-- [fill = 0]
                  00012af0    0000002c     app_shell.o (.text._ZN3app12_GLOBAL__N_113PrintLedUsageEv)
                  00012b1c    0000002c     board.o (.text._ZN5board10Board_InitEv)
                  00012b48    0000002c     board_oled.o (.text._ZN5board15Board_OledProbeEv)
                  00012b74    0000002c     board_gy931.o (.text._ZN5board21Board_Gy931RecoverBusEv)
                  00012ba0    0000002c     ina219.o (.text._ZN7drivers20Ina219_WriteRegisterEPNS_13Ina219ContextEht)
                  00012bcc    0000002c     lora.o (.text._ZN7drivers28LoraUart_GetControllerStatusEPKNS_15LoraUartContextEPj)
                  00012bf8    0000002c     motor_driver_uart.o (.text._ZN7drivers35MotorDriverUart_GetControllerStatusEPKNS_22MotorDriverUartContextEPj)
                  00012c24    0000002c     scheduler.o (.text._ZN8services20Scheduler_EnableTaskEhb)
                  00012c50    0000002a     ina219.o (.text._ZN7drivers12Ina219_ResetEPNS_13Ina219ContextE)
                  00012c7a    0000002a     lora.o (.text._ZN7drivers23LoraUart_GetRxAvailableEPKNS_15LoraUartContextE)
                  00012ca4    0000002a     motor_driver_uart.o (.text._ZN7drivers30MotorDriverUart_GetRxAvailableEPKNS_22MotorDriverUartContextE)
                  00012cce    00000002     --HOLE-- [fill = 0]
                  00012cd0    00000028     ti_msp_dl_config.o (.text.SYSCFG_DL_SYSCTL_CLK_init)
                  00012cf8    00000028     app_shell.o (.text._ZN3app12_GLOBAL__N_112ResetCommandEiPKPKc)
                  00012d20    00000028     board_lora.o (.text._ZN5board14Board_LoraInitEv)
                  00012d48    00000028     board_motor_driver.o (.text._ZN5board21Board_MotorDriverInitEv)
                  00012d70    00000028     libc.a : boot_cortex_m.c.obj (.text:_c_int00_noargs)
                  00012d98    00000026     driverlib.a : dl_i2c.o (.text.DL_I2C_setClockConfig)
                  00012dbe    00000002     --HOLE-- [fill = 0]
                  00012dc0    00000024     app_shell.o (.text._ZN3app12_GLOBAL__N_110WriteInt32Ei)
                  00012de4    00000024     time.o (.text._ZN8services12Time_DelayMsEj)
                  00012e08    00000024     libclang_rt.builtins.a : muldi3.S.obj (.text)
                  00012e2c    00000022     button.o (.text._ZN7drivers17Button_WasPressedEPNS_13ButtonContextE)
                  00012e4e    00000022     button.o (.text._ZN7drivers18Button_WasReleasedEPNS_13ButtonContextE)
                  00012e70    00000020     app_shell.o (.text._ZN3app12_GLOBAL__N_126PrintMotorPositionPidBlockERKNS_19motor_driver_client11PositionPidE)
                  00012e90    00000020     board_led.o (.text._ZN5board13Board_LedIsOnENS_10BoardLedIdE)
                  00012eb0    00000020     board_oled.o (.text._ZN5board14Board_OledInitEv)
                  00012ed0    00000020     board_led.o (.text._ZN5board16Board_LedIsReadyENS_10BoardLedIdE)
                  00012ef0    0000001e     ina219.o (.text._ZN7drivers17Ina219_GetAddressEPKNS_13Ina219ContextE)
                  00012f0e    0000001e     ina219.o (.text._ZN7drivers21Ina219_GetCalibrationEPKNS_13Ina219ContextE)
                  00012f2c    0000001e     libclang_rt.builtins.a : ashldi3.S.obj (.text)
                  00012f4a    00000002     --HOLE-- [fill = 0]
                  00012f4c    0000001c     driverlib.a : dl_spi.o (.text.DL_SPI_receiveDataCheck8)
                  00012f68    0000001c                 : dl_spi.o (.text.DL_SPI_transmitDataCheck8)
                  00012f84    0000001c     app_main.o (.text._ZN3app7App_RunEv)
                  00012fa0    0000001c     board_led.o (.text._ZN5board11Board_LedOnENS_10BoardLedIdE)
                  00012fbc    0000001c     board_led.o (.text._ZN5board12Board_LedOffENS_10BoardLedIdE)
                  00012fd8    0000001c     board_led.o (.text._ZN5board15Board_LedToggleENS_10BoardLedIdE)
                  00012ff4    0000001c     board_button.o (.text._ZN5board19Board_ButtonReadRawENS_13BoardButtonIdEPb)
                  00013010    0000001c     board_button.o (.text._ZN5board21Board_ButtonIsPressedENS_13BoardButtonIdE)
                  0001302c    0000001c     board_button.o (.text._ZN5board22Board_ButtonWasPressedENS_13BoardButtonIdE)
                  00013048    0000001c     board_button.o (.text._ZN5board23Board_ButtonWasReleasedENS_13BoardButtonIdE)
                  00013064    0000001c     ina219.o (.text._ZN7drivers14Ina219_IsReadyEPKNS_13Ina219ContextE)
                  00013080    0000001c     fm24cl64b.o (.text._ZN7drivers17Fm24cl64b_IsReadyEPKNS_16Fm24cl64bContextE)
                  0001309c    0000001c     debug_uart.o (.text._ZN8services19DebugUart_WriteCharEc)
                  000130b8    0000001a     button.o (.text._ZN7drivers16Button_IsPressedEPKNS_13ButtonContextE)
                  000130d2    0000001a     led.o (.text._ZN7drivers8Led_IsOnEPKNS_10LedContextE)
                  000130ec    0000001a     libclang_rt.builtins.a : aeabi_memset.S.obj (.text)
                  00013106    00000002     --HOLE-- [fill = 0]
                  00013108    00000018     board_i2c_bus.o (.text._ZN5board15Board_I2cBusGetEj)
                  00013120    00000018     board_button.o (.text._ZN5board19Board_ButtonGetNameENS_13BoardButtonIdE)
                  00013138    00000018     lora.o (.text._ZN7drivers20LoraUart_GetBaudrateEPKNS_15LoraUartContextE)
                  00013150    00000018     motor_driver_uart.o (.text._ZN7drivers27MotorDriverUart_GetBaudrateEPKNS_22MotorDriverUartContextE)
                  00013168    00000018     time.o (.text._ZN8services15Time_HasElapsedEjj)
                  00013180    00000016     app_main.o (.text._ZN12_GLOBAL__N_118App_ButtonScanTaskEv)
                  00013196    00000016     led.o (.text._ZN7drivers11Led_IsReadyEPKNS_10LedContextE)
                  000131ac    00000016     buzzer.o (.text._ZN7drivers14Buzzer_IsReadyEPKNS_13BuzzerContextE)
                  000131c2    00000016     lora.o (.text._ZN7drivers16LoraUart_IsReadyEPKNS_15LoraUartContextE)
                  000131d8    00000016     motor_driver_uart.o (.text._ZN7drivers23MotorDriverUart_IsReadyEPKNS_22MotorDriverUartContextE)
                  000131ee    00000016     libc.a : copy_zero_init.c.obj (.text:decompress:ZI:__TI_zero_init_nomemset)
                  00013204    00000014     config_store.o (.text._ZN3app21ConfigStore_ParamNameEh)
                  00013218    00000014     board_fram.o (.text._ZN5board14Board_FramInitEv)
                  0001322c    00000014     board_fram.o (.text._ZN5board14Board_FramReadEtPht)
                  00013240    00000014     board_fram.o (.text._ZN5board15Board_FramWriteEtPKht)
                  00013254    00000014     board_lora.o (.text._ZN5board15Board_LoraWriteEPKht)
                  00013268    00000014     board_buzzer.o (.text._ZN5board16Board_BuzzerInitEv)
                  0001327c    00000014     board_fram.o (.text._ZN5board18Board_FramReadByteEtPh)
                  00013290    00000014     board_fram.o (.text._ZN5board18Board_FramSelfTestEv)
                  000132a4    00000014     board_fram.o (.text._ZN5board19Board_FramWriteByteEth)
                  000132b8    00000014     board_oled.o (.text._ZN5board19Board_OledWriteTextEhhPKc)
                  000132cc    00000014     board_motor_driver.o (.text._ZN5board22Board_MotorDriverWriteEPKht)
                  000132e0    00000014     board_ina219.o (.text._ZN5board24Board_Ina219ProbeAddressEhPt)
                  000132f4    00000014     board_ina219.o (.text._ZN5board24Board_Ina219ReadRegisterEhPt)
                  00013308    00000014     board_ina219.o (.text._ZN5board25Board_Ina219WriteRegisterEht)
                  0001331c    00000014     fm24cl64b.o (.text._ZN7drivers19Fm24cl64b_WriteByteEPNS_16Fm24cl64bContextEth)
                  00013330    00000014     shell.o (.text._ZN8services15Shell_WriteLineEPKc)
                  00013344    00000014     libclang_rt.builtins.a : aeabi_ldivmod.S.obj (.text)
                  00013358    00000012     driverlib.a : dl_spi.o (.text.DL_SPI_setClockConfig)
                  0001336a    00000012                 : dl_uart.o (.text.DL_UART_setClockConfig)
                  0001337c    00000012     libc.a : copy_decompress_none.c.obj (.text:decompress:none)
                  0001338e    00000002     --HOLE-- [fill = 0]
                  00013390    00000010     time.o (.text.SysTick_Handler)
                  000133a0    00000010     board_lora.o (.text.UART0_IRQHandler)
                  000133b0    00000010     board_motor_driver.o (.text.UART1_IRQHandler)
                  000133c0    00000010     app_shell.o (.text._ZN3app12_GLOBAL__N_110AdcCommandEiPKPKc)
                  000133d0    00000010     board_buzzer.o (.text._ZN5board14Board_BuzzerOnEv)
                  000133e0    00000010     board_oled.o (.text._ZN5board14Board_OledFillEh)
                  000133f0    00000010     board_buzzer.o (.text._ZN5board15Board_BuzzerOffEv)
                  00013400    00000010     board_oled.o (.text._ZN5board15Board_OledClearEv)
                  00013410    00000010     board_fram.o (.text._ZN5board17Board_FramIsReadyEv)
                  00013420    00000010     board_ina219.o (.text._ZN5board17Board_Ina219ResetEv)
                  00013430    00000010     board_lora.o (.text._ZN5board17Board_LoraIsReadyEv)
                  00013440    00000010     board_oled.o (.text._ZN5board17Board_OledIsReadyEv)
                  00013450    00000010     board_gy931.o (.text._ZN5board18Board_Gy931IsReadyEv)
                  00013460    00000010     board_lora.o (.text._ZN5board18Board_LoraReadByteEPh)
                  00013470    00000010     board_buzzer.o (.text._ZN5board19Board_BuzzerIsReadyEv)
                  00013480    00000010     board_ina219.o (.text._ZN5board19Board_Ina219IsReadyEv)
                  00013490    00000010     board_lora.o (.text._ZN5board19Board_LoraWriteByteEh)
                  000134a0    00000010     board_oled.o (.text._ZN5board19Board_OledSetInvertEb)
                  000134b0    00000010     board_fram.o (.text._ZN5board20Board_FramRecoverBusEv)
                  000134c0    00000010     board_lora.o (.text._ZN5board21Board_LoraGetBaudrateEv)
                  000134d0    00000010     board_oled.o (.text._ZN5board21Board_OledTestPatternEv)
                  000134e0    00000010     board_ina219.o (.text._ZN5board22Board_Ina219GetAddressEv)
                  000134f0    00000010     board_ina219.o (.text._ZN5board22Board_Ina219RecoverBusEv)
                  00013500    00000010     board_ina219.o (.text._ZN5board22Board_Ina219SetAddressEh)
                  00013510    00000010     board_oled.o (.text._ZN5board22Board_OledSetDisplayOnEb)
                  00013520    00000010     board_ina219.o (.text._ZN5board23Board_Ina219CalibrationEv)
                  00013530    00000010     board_lora.o (.text._ZN5board23Board_LoraClearRxBufferEv)
                  00013540    00000010     board_lora.o (.text._ZN5board24Board_LoraGetRxAvailableEv)
                  00013550    00000010     board_motor_driver.o (.text._ZN5board24Board_MotorDriverIsReadyEv)
                  00013560    00000010     board_motor_driver.o (.text._ZN5board25Board_MotorDriverReadByteEPh)
                  00013570    00000010     board_motor_driver.o (.text._ZN5board26Board_MotorDriverWriteByteEh)
                  00013580    00000010     board_ina219.o (.text._ZN5board27Board_Ina219ReadMeasurementEPN7drivers17Ina219MeasurementE)
                  00013590    00000010     board_lora.o (.text._ZN5board27Board_LoraGetRxDroppedCountEv)
                  000135a0    00000010     board_ina219.o (.text._ZN5board28Board_Ina219ConfigureDefaultEv)
                  000135b0    00000010     board_ina219.o (.text._ZN5board28Board_Ina219ReadRawRegistersEPN7drivers18Ina219RawRegistersE)
                  000135c0    00000010     board_motor_driver.o (.text._ZN5board28Board_MotorDriverGetBaudrateEv)
                  000135d0    00000010     board_lora.o (.text._ZN5board29Board_LoraGetControllerStatusEPj)
                  000135e0    00000010     board_motor_driver.o (.text._ZN5board30Board_MotorDriverClearRxBufferEv)
                  000135f0    00000010     board_motor_driver.o (.text._ZN5board31Board_MotorDriverGetRxAvailableEv)
                  00013600    00000010     board_motor_driver.o (.text._ZN5board34Board_MotorDriverGetRxDroppedCountEv)
                  00013610    00000010     board_motor_driver.o (.text._ZN5board36Board_MotorDriverGetControllerStatusEPj)
                  00013620    00000010     fault.o (.text._ZN8services9Fault_SetENS_9FaultCodeE)
                  00013630    0000000c     board_oled.o (.text._ZN5board15Board_OledWidthEv)
                  0001363c    0000000c     board_imu.o (.text._ZN5board16Board_ImuIsReadyEv)
                  00013648    0000000c     board_oled.o (.text._ZN5board16Board_OledHeightEv)
                  00013654    0000000c     board_oled.o (.text._ZN5board17Board_OledAddressEv)
                  00013660    0000000c     board_gy931.o (.text._ZN5board18Board_Gy931AddressEv)
                  0001366c    0000000c     lora.o (.text._ZN7drivers26LoraUart_GetRxDroppedCountEPKNS_15LoraUartContextE)
                  00013678    0000000c     motor_driver_uart.o (.text._ZN7drivers33MotorDriverUart_GetRxDroppedCountEPKNS_22MotorDriverUartContextE)
                  00013684    0000000c     fault.o (.text._ZN8services10Fault_InitEv)
                  00013690    0000000c     time.o (.text._ZN8services11Time_MillisEv)
                  0001369c    0000000c     debug_uart.o (.text._ZN8services17DebugUart_IsReadyEv)
                  000136a8    0000000c     fault.o (.text._ZN8services9Fault_GetEv)
                  000136b4    0000000a     driverlib.a : dl_common.o (.text.DL_Common_delayCycles)
                  000136be    0000000a     fm24cl64b.o (.text._ZN7drivers18Fm24cl64b_ReadByteEPNS_16Fm24cl64bContextEtPh)
                  000136c8    00000008     config_store.o (.text._ZN3app15ConfigStore_GetEv)
                  000136d0    00000008     chassis.o (.text._ZN3app16Chassis_GetStateEv)
                  000136d8    00000008     config_store.o (.text._ZN3app21ConfigStore_GetStatusEv)
                  000136e0    00000008     shell.o (.text._ZN8services15Shell_WriteCharEc)
                  000136e8    00000008     shell.o (.text._ZN8services17Shell_WriteStringEPKc)
                  000136f0    00000008     shell.o (.text._ZN8services17Shell_WriteUInt32Ej)
                  000136f8    00000008     libclang_rt.builtins.a : aeabi_memcpy.S.obj (.text)
                  00013700    00000006     board_fram.o (.text._ZN5board23Board_FramCapacityBytesEv)
                  00013706    00000006     libc.a : exit.c.obj (.text:abort)
                  0001370c    00000004     libsysbm.a : hostexit.c.obj (.text.HOSTexit)
                  00013710    00000004     startup_mspm0g351x_ticlang.o (.text.Reset_Handler)
                  00013714    00000010     libc.a : boot_cortex_m.c.obj (.tramp._c_int00_noargs.1)
                  00013724    00000004     config_store.o (.text._ZN3app22ConfigStore_ParamCountEv)
                  00013728    00000004     board_led.o (.text._ZN5board14Board_LedCountEv)
                  0001372c    00000004     board_i2c_bus.o (.text._ZN5board17Board_I2cBusCountEv)
                  00013730    00000004     libc.a : pre_init.c.obj (.text._system_pre_init)
                  00013734    00000004     --HOLE-- [fill = 0]

.cinit     0    000161c0    00000080     
                  000161c0    00000048     (.cinit..data.load) [load image, compression = lzss]
                  00016208    0000000c     (__TI_handler_table)
                  00016214    00000008     (.cinit..TrimTable.load) [load image, compression = zero_init]
                  0001621c    00000008     (.cinit..bss.load) [load image, compression = zero_init]
                  00016224    00000018     (__TI_cinit_table)
                  0001623c    00000004     --HOLE-- [fill = 0]

.rodata    0    00013740    00002a80     
                  00013740    00000400     config_store.o (.rodata..L.crctable)
                  00013b40    000001e0     oled_ssd1306.o (.rodata._ZN7drivers12_GLOBAL__N_18kFont5x7E)
                  00013d20    000001a0     config_store.o (.rodata._ZN3app12_GLOBAL__N_117kParamDescriptorsE)
                  00013ec0    00000100     app_shell.o (.rodata..L.crctable)
                  00013fc0    000000b0     board_i2c_bus.o (.rodata._ZN5board12_GLOBAL__N_110g_i2cBusesE)
                  00014070    00000045     app_shell.o (.rodata.str1.2354522874658768371.1)
                  000140b5    00000044     app_shell.o (.rodata.str1.9914841333937594294.1)
                  000140f9    00000043     app_shell.o (.rodata.str1.4373942943625881212.1)
                  0001413c    00000040     app_shell.o (.rodata.str1.867258927394270769.1)
                  0001417c    0000003f     app_shell.o (.rodata.str1.9307362830757344490.1)
                  000141bb    0000003b     app_shell.o (.rodata.str1.13305312957799781956.1)
                  000141f6    0000003a     app_shell.o (.rodata.str1.9210286441137644766.1)
                  00014230    00000039     app_shell.o (.rodata.str1.2029421846019890511.1)
                  00014269    00000039     app_shell.o (.rodata.str1.444886150797460539.1)
                  000142a2    00000002     ti_msp_dl_config.o (.rodata.gDEBUG_UARTClockConfig)
                  000142a4    00000038     board_ina219.o (.rodata._ZN5boardL14g_ina219ConfigE)
                  000142dc    00000037     app_shell.o (.rodata.str1.1695784342961477721.1)
                  00014313    00000035     app_shell.o (.rodata.str1.1983276796565948189.1)
                  00014348    00000034     app_shell.o (.rodata.str1.10765756584264170646.1)
                  0001437c    00000033     app_shell.o (.rodata.str1.871335262082007188.1)
                  000143af    00000001     app_shell.o (.rodata._ZZN3app19motor_driver_client13ResetEncodersEPNS0_6ClientEE18kResetBothEncoders)
                  000143b0    00000030     board_button.o (.rodata._ZN5board12_GLOBAL__N_115g_buttonConfigsE)
                  000143e0    00000030     app_shell.o (.rodata.str1.1222417806814152126.1)
                  00014410    00000030     app_shell.o (.rodata.str1.14683574465395229248.1)
                  00014440    0000002e     app_shell.o (.rodata.str1.2112829382197544942.1)
                  0001446e    0000002e     app_shell.o (.rodata.str1.9018689912544847403.1)
                  0001449c    0000002d     app_shell.o (.rodata.str1.15191095550199914221.1)
                  000144c9    00000003     shell.o (.rodata.str1.10427229796524742636.1)
                  000144cc    0000002c     board_fram.o (.rodata._ZN5boardL12g_framConfigE)
                  000144f8    0000002c     app_shell.o (.rodata.str1.6784117614563954040.1)
                  00014524    0000002b     app_shell.o (.rodata.str1.14764860569804947382.1)
                  0001454f    0000002a     app_shell.o (.rodata.str1.11596455395092152221.1)
                  00014579    0000002a     app_shell.o (.rodata.str1.3797254539615626137.1)
                  000145a3    00000027     app_shell.o (.rodata.str1.14384267027075031912.1)
                  000145ca    00000027     app_shell.o (.rodata.str1.16382682332685916288.1)
                  000145f1    00000026     shell.o (.rodata.str1.6901712316327456926.1)
                  00014617    00000001     app_shell.o (.rodata.str1.16396290157895994996.1)
                  00014618    00000024     board_led.o (.rodata._ZN5board12_GLOBAL__N_112g_ledConfigsE)
                  0001463c    00000023     app_shell.o (.rodata.str1.3590894685082263268.1)
                  0001465f    00000001     --HOLE-- [fill = 0]
                  00014660    00000020     board_gy931.o (.rodata._ZN5board12_GLOBAL__N_116g_gy931I2cConfigE)
                  00014680    00000020     app_shell.o (.rodata.str1.12395812238841081648.1)
                  000146a0    00000020     app_shell.o (.rodata.str1.12689837511127178451.1)
                  000146c0    00000020     app_shell.o (.rodata.str1.16423083052983990348.1)
                  000146e0    00000020     app_shell.o (.rodata.str1.5407661000085889072.1)
                  00014700    0000001f     app_shell.o (.rodata.str1.14613035533147221857.1)
                  0001471f    0000001f     app_shell.o (.rodata.str1.14648361161363975803.1)
                  0001473e    0000001f     app_shell.o (.rodata.str1.5763226748955673020.1)
                  0001475d    0000001f     app_shell.o (.rodata.str1.7078129644076030331.1)
                  0001477c    0000001e     app_shell.o (.rodata.str1.15434941628325917383.1)
                  0001479a    0000001e     app_shell.o (.rodata.str1.16704859502029595055.1)
                  000147b8    0000001d     app_shell.o (.rodata.str1.10214528574276002300.1)
                  000147d5    0000001d     app_shell.o (.rodata.str1.11417636334450101405.1)
                  000147f2    0000001d     app_shell.o (.rodata.str1.14205965562906606532.1)
                  0001480f    0000001d     app_shell.o (.rodata.str1.4574943756938435304.1)
                  0001482c    0000001d     app_shell.o (.rodata.str1.4765282673395706663.1)
                  00014849    0000001d     app_shell.o (.rodata.str1.7598868572271513517.1)
                  00014866    0000001d     app_shell.o (.rodata.str1.8674060046003533625.1)
                  00014883    00000001     --HOLE-- [fill = 0]
                  00014884    0000001c     app_shell.o (.rodata..Lswitch.table._ZN3app12_GLOBAL__N_115WriteStatusLineEPKcN7drivers12DriverStatusE)
                  000148a0    0000001c     app_shell.o (.rodata.str1.4087775114754293678.1)
                  000148bc    0000001c     app_shell.o (.rodata.str1.4561355912026728236.1)
                  000148d8    0000001c     app_shell.o (.rodata.str1.5915467744016243284.1)
                  000148f4    0000001c     app_shell.o (.rodata.str1.6250143692566116756.1)
                  00014910    0000001b     app_shell.o (.rodata.str1.15478097508406171409.1)
                  0001492b    0000001b     app_shell.o (.rodata.str1.18352946289163076249.1)
                  00014946    0000001b     config_store.o (.rodata.str1.2236637114522060655.1)
                  00014961    0000001b     app_shell.o (.rodata.str1.2703608743373828131.1)
                  0001497c    0000001b     app_shell.o (.rodata.str1.8287504627243269121.1)
                  00014997    0000001b     app_shell.o (.rodata.str1.8406640635343907673.1)
                  000149b2    0000001b     app_shell.o (.rodata.str1.8913484995449839833.1)
                  000149cd    0000001b     app_shell.o (.rodata.str1.931795180867172166.1)
                  000149e8    0000001a     app_shell.o (.rodata.str1.1047053269920726699.1)
                  00014a02    0000001a     config_store.o (.rodata.str1.11392457666285366609.1)
                  00014a1c    0000001a     app_shell.o (.rodata.str1.15718131002869739432.1)
                  00014a36    0000001a     app_shell.o (.rodata.str1.1982875910071538061.1)
                  00014a50    0000001a     config_store.o (.rodata.str1.2838908260229807131.1)
                  00014a6a    0000001a     app_shell.o (.rodata.str1.8635314900416989314.1)
                  00014a84    0000001a     app_shell.o (.rodata.str1.8963702969112686911.1)
                  00014a9e    00000019     app_shell.o (.rodata.str1.11515932757094173050.1)
                  00014ab7    00000019     app_shell.o (.rodata.str1.15453031427744251291.1)
                  00014ad0    00000019     app_shell.o (.rodata.str1.4760549623963180888.1)
                  00014ae9    00000019     app_shell.o (.rodata.str1.5661974456178807691.1)
                  00014b02    00000002     ti_msp_dl_config.o (.rodata.gIMU_SPI_clockConfig)
                  00014b04    00000018     oled_ssd1306.o (.rodata..L__const._ZN7drivers16OledSsd1306_InitEPNS_18OledSsd1306ContextEPKNS_17OledSsd1306ConfigE.init_commands)
                  00014b1c    00000018     app_shell.o (.rodata..Lswitch.table._ZN3app12_GLOBAL__N_110LedCommandEiPKPKc)
                  00014b34    00000018     app_shell.o (.rodata..Lswitch.table._ZN3app12_GLOBAL__N_114ChassisCommandEiPKPKc)
                  00014b4c    00000018     app_shell.o (.rodata..Lswitch.table._ZN3app12_GLOBAL__N_114PrintI2cStatusEPKN7drivers16I2cDiagBusConfigE)
                  00014b64    00000018     board_lora.o (.rodata._ZN5boardL12g_loraConfigE)
                  00014b7c    00000018     board_motor_driver.o (.rodata._ZN5boardL19g_motorDriverConfigE)
                  00014b94    00000018     app_shell.o (.rodata.str1.11563976360612832870.1)
                  00014bac    00000018     app_shell.o (.rodata.str1.18064870084815154193.1)
                  00014bc4    00000018     app_shell.o (.rodata.str1.9771379453730038237.1)
                  00014bdc    00000017     app_shell.o (.rodata.str1.12165419393892591306.1)
                  00014bf3    00000017     app_shell.o (.rodata.str1.12740913980015652509.1)
                  00014c0a    00000017     app_shell.o (.rodata.str1.1920446765128684034.1)
                  00014c21    00000017     shell.o (.rodata.str1.5680428239841774557.1)
                  00014c38    00000017     app_shell.o (.rodata.str1.8730613329291864653.1)
                  00014c4f    00000016     app_shell.o (.rodata.str1.10655198733228341824.1)
                  00014c65    00000016     app_shell.o (.rodata.str1.12144774989780088692.1)
                  00014c7b    00000016     app_shell.o (.rodata.str1.13204140776596746875.1)
                  00014c91    00000016     app_shell.o (.rodata.str1.13513309088777963189.1)
                  00014ca7    00000016     config_store.o (.rodata.str1.3725611125351957354.1)
                  00014cbd    00000016     app_shell.o (.rodata.str1.699895553008956456.1)
                  00014cd3    00000015     app_shell.o (.rodata.str1.10063100725489470447.1)
                  00014ce8    00000015     config_store.o (.rodata.str1.10150284861949655031.1)
                  00014cfd    00000015     config_store.o (.rodata.str1.10605337665644237881.1)
                  00014d12    00000015     app_shell.o (.rodata.str1.10898729738530409555.1)
                  00014d27    00000015     app_shell.o (.rodata.str1.11988425272379929349.1)
                  00014d3c    00000015     app_shell.o (.rodata.str1.13993368087264210023.1)
                  00014d51    00000015     app_shell.o (.rodata.str1.14355953386558495977.1)
                  00014d66    00000015     app_shell.o (.rodata.str1.15233515076766056445.1)
                  00014d7b    00000015     app_shell.o (.rodata.str1.15957297692044786119.1)
                  00014d90    00000015     config_store.o (.rodata.str1.17282935567747796149.1)
                  00014da5    00000015     app_shell.o (.rodata.str1.2767916714829989116.1)
                  00014dba    00000015     app_shell.o (.rodata.str1.4235466395725798433.1)
                  00014dcf    00000015     config_store.o (.rodata.str1.6020816126973889502.1)
                  00014de4    00000015     app_shell.o (.rodata.str1.603491450591505373.1)
                  00014df9    00000015     app_shell.o (.rodata.str1.7717429345810212474.1)
                  00014e0e    00000015     app_shell.o (.rodata.str1.7836821320996295404.1)
                  00014e23    00000015     config_store.o (.rodata.str1.7855644257009699570.1)
                  00014e38    00000015     app_shell.o (.rodata.str1.7950140236767125311.1)
                  00014e4d    00000015     app_shell.o (.rodata.str1.9174659539396871698.1)
                  00014e62    00000014     app_shell.o (.rodata.str1.11810056576553604146.1)
                  00014e76    00000014     config_store.o (.rodata.str1.14046477834994395825.1)
                  00014e8a    00000014     config_store.o (.rodata.str1.16396527236185789208.1)
                  00014e9e    00000014     config_store.o (.rodata.str1.17439377310877603789.1)
                  00014eb2    00000014     config_store.o (.rodata.str1.17460830964141532537.1)
                  00014ec6    00000014     app_shell.o (.rodata.str1.17828083914467509567.1)
                  00014eda    00000014     config_store.o (.rodata.str1.439253798699179061.1)
                  00014eee    00000014     app_shell.o (.rodata.str1.5558565371248379366.1)
                  00014f02    00000014     app_shell.o (.rodata.str1.7858154358613116398.1)
                  00014f16    00000014     app_shell.o (.rodata.str1.8718534738695724520.1)
                  00014f2a    00000013     app_shell.o (.rodata.str1.11325690732168652611.1)
                  00014f3d    00000013     app_shell.o (.rodata.str1.16079002699872141978.1)
                  00014f50    00000013     app_shell.o (.rodata.str1.16835946644515092483.1)
                  00014f63    00000013     app_shell.o (.rodata.str1.2034895498426947182.1)
                  00014f76    00000013     app_shell.o (.rodata.str1.3775892609595549761.1)
                  00014f89    00000013     app_shell.o (.rodata.str1.6741221679932540615.1)
                  00014f9c    00000013     app_shell.o (.rodata.str1.8602760754867183125.1)
                  00014faf    00000012     app_shell.o (.rodata.str1.10942142601811546277.1)
                  00014fc1    00000012     app_shell.o (.rodata.str1.12139680495649507277.1)
                  00014fd3    00000012     app_shell.o (.rodata.str1.12185306449572332681.1)
                  00014fe5    00000012     app_shell.o (.rodata.str1.14391673264418435202.1)
                  00014ff7    00000012     app_shell.o (.rodata.str1.14520633566092975123.1)
                  00015009    00000012     app_shell.o (.rodata.str1.16002955380413704612.1)
                  0001501b    00000012     app_shell.o (.rodata.str1.16556295950709461880.1)
                  0001502d    00000012     app_shell.o (.rodata.str1.3256265506082810711.1)
                  0001503f    00000012     app_shell.o (.rodata.str1.6141924026740255213.1)
                  00015051    00000012     app_shell.o (.rodata.str1.7112165894667225227.1)
                  00015063    00000012     app_shell.o (.rodata.str1.7267978533840413714.1)
                  00015075    00000012     shell.o (.rodata.str1.8246939600463437344.1)
                  00015087    00000012     app_shell.o (.rodata.str1.9055250215258332321.1)
                  00015099    00000011     app_shell.o (.rodata.str1.10686345719893916156.1)
                  000150aa    00000011     app_shell.o (.rodata.str1.11187590877126870748.1)
                  000150bb    00000011     app_shell.o (.rodata.str1.12824201010631389445.1)
                  000150cc    00000011     app_shell.o (.rodata.str1.13030721149427952655.1)
                  000150dd    00000011     app_shell.o (.rodata.str1.13354450145327234839.1)
                  000150ee    00000011     app_shell.o (.rodata.str1.15176035481894813218.1)
                  000150ff    00000011     app_shell.o (.rodata.str1.289627103221730650.1)
                  00015110    00000011     app_shell.o (.rodata.str1.3030045481369325523.1)
                  00015121    00000011     app_shell.o (.rodata.str1.3261447141251759136.1)
                  00015132    00000011     app_shell.o (.rodata.str1.355323809480126203.1)
                  00015143    00000011     app_shell.o (.rodata.str1.671945175647755142.1)
                  00015154    00000011     app_shell.o (.rodata.str1.7323251101578629502.1)
                  00015165    00000011     app_shell.o (.rodata.str1.8567835230344529755.1)
                  00015176    00000011     app_shell.o (.rodata.str1.860288802755812513.1)
                  00015187    00000011     config_store.o (.rodata.str1.8760345401795888346.1)
                  00015198    00000011     app_shell.o (.rodata.str1.8778837135027269807.1)
                  000151a9    00000011     app_shell.o (.rodata.str1.9391809367291156356.1)
                  000151ba    00000010     app_shell.o (.rodata.str1.10673636489446728236.1)
                  000151ca    00000010     app_shell.o (.rodata.str1.11208828733426745331.1)
                  000151da    00000010     app_shell.o (.rodata.str1.12775857017664274056.1)
                  000151ea    00000010     app_shell.o (.rodata.str1.13643216153024045165.1)
                  000151fa    00000010     app_shell.o (.rodata.str1.14039278806392033347.1)
                  0001520a    00000010     app_shell.o (.rodata.str1.1420893864952581301.1)
                  0001521a    00000010     app_shell.o (.rodata.str1.1431720735396876446.1)
                  0001522a    00000010     app_shell.o (.rodata.str1.15631921964184120084.1)
                  0001523a    00000010     app_shell.o (.rodata.str1.16368304853068341593.1)
                  0001524a    00000010     app_shell.o (.rodata.str1.16458884249986146812.1)
                  0001525a    00000010     app_shell.o (.rodata.str1.2686006007855973365.1)
                  0001526a    00000010     app_shell.o (.rodata.str1.3408180322678171874.1)
                  0001527a    00000010     app_shell.o (.rodata.str1.4542404440653722632.1)
                  0001528a    00000010     config_store.o (.rodata.str1.5276595031501217099.1)
                  0001529a    00000010     app_shell.o (.rodata.str1.5515999138927817340.1)
                  000152aa    00000010     app_shell.o (.rodata.str1.5531439754045694522.1)
                  000152ba    00000010     app_shell.o (.rodata.str1.6357824671205653470.1)
                  000152ca    00000010     app_shell.o (.rodata.str1.738127925484632372.1)
                  000152da    00000010     app_shell.o (.rodata.str1.9330511253547015856.1)
                  000152ea    00000010     app_shell.o (.rodata.str1.97227345183721019.1)
                  000152fa    0000000f     app_shell.o (.rodata.str1.10240434636320304394.1)
                  00015309    0000000f     app_shell.o (.rodata.str1.10676024008785630941.1)
                  00015318    0000000f     config_store.o (.rodata.str1.11187368836135200185.1)
                  00015327    0000000f     app_shell.o (.rodata.str1.11627259167888876947.1)
                  00015336    0000000f     app_shell.o (.rodata.str1.12171028956779732402.1)
                  00015345    0000000f     app_shell.o (.rodata.str1.13071761163155843764.1)
                  00015354    0000000f     app_shell.o (.rodata.str1.13760472749468428784.1)
                  00015363    0000000f     app_shell.o (.rodata.str1.13837654594440465327.1)
                  00015372    0000000f     app_shell.o (.rodata.str1.13884664080836546401.1)
                  00015381    0000000f     app_shell.o (.rodata.str1.15616611124726231738.1)
                  00015390    0000000f     config_store.o (.rodata.str1.15852422492383229417.1)
                  0001539f    0000000f     app_shell.o (.rodata.str1.17079496693311907377.1)
                  000153ae    0000000f     app_shell.o (.rodata.str1.17124062935232563653.1)
                  000153bd    0000000f     app_shell.o (.rodata.str1.1818528395550233868.1)
                  000153cc    0000000f     config_store.o (.rodata.str1.18351778878402045207.1)
                  000153db    0000000f     app_shell.o (.rodata.str1.2370428100076675559.1)
                  000153ea    0000000f     app_shell.o (.rodata.str1.2831129786622658843.1)
                  000153f9    0000000f     app_shell.o (.rodata.str1.4641291215374644332.1)
                  00015408    0000000f     app_shell.o (.rodata.str1.486096689455371503.1)
                  00015417    0000000f     app_shell.o (.rodata.str1.4906473829960206720.1)
                  00015426    0000000f     app_shell.o (.rodata.str1.5263001642383835309.1)
                  00015435    0000000f     app_shell.o (.rodata.str1.551504573030492924.1)
                  00015444    0000000f     app_main.o (.rodata.str1.5564718753887216056.1)
                  00015453    0000000f     app_shell.o (.rodata.str1.5640218363402806195.1)
                  00015462    0000000f     app_shell.o (.rodata.str1.6032807723822315695.1)
                  00015471    0000000f     app_shell.o (.rodata.str1.638712236475948105.1)
                  00015480    0000000f     app_shell.o (.rodata.str1.6756868286634741853.1)
                  0001548f    0000000f     app_shell.o (.rodata.str1.7536280090074249547.1)
                  0001549e    0000000f     app_shell.o (.rodata.str1.7743837333376801574.1)
                  000154ad    0000000f     app_shell.o (.rodata.str1.7863986223166603054.1)
                  000154bc    0000000f     app_shell.o (.rodata.str1.8767742179201719121.1)
                  000154cb    0000000f     app_shell.o (.rodata.str1.9167415978045996327.1)
                  000154da    0000000f     app_shell.o (.rodata.str1.9613508491485191367.1)
                  000154e9    0000000e     app_shell.o (.rodata.str1.10256891727475852015.1)
                  000154f7    0000000e     app_shell.o (.rodata.str1.10289290574810046808.1)
                  00015505    0000000e     app_shell.o (.rodata.str1.10315330772167196409.1)
                  00015513    0000000e     app_shell.o (.rodata.str1.10453793674332237457.1)
                  00015521    0000000e     app_shell.o (.rodata.str1.10594942368384070832.1)
                  0001552f    0000000e     app_shell.o (.rodata.str1.107782727556153465.1)
                  0001553d    0000000e     app_shell.o (.rodata.str1.11085599432999950484.1)
                  0001554b    0000000e     app_shell.o (.rodata.str1.11695941591751426527.1)
                  00015559    0000000e     app_shell.o (.rodata.str1.11886110321540570233.1)
                  00015567    0000000e     app_shell.o (.rodata.str1.12164603244115374595.1)
                  00015575    0000000e     app_shell.o (.rodata.str1.13442463908107530774.1)
                  00015583    0000000e     app_shell.o (.rodata.str1.13905551555577476806.1)
                  00015591    0000000e     config_store.o (.rodata.str1.14135675076917525159.1)
                  0001559f    0000000e     app_shell.o (.rodata.str1.14223157730264656398.1)
                  000155ad    0000000e     app_shell.o (.rodata.str1.15243759629067864478.1)
                  000155bb    0000000e     app_shell.o (.rodata.str1.15271578700424090375.1)
                  000155c9    0000000e     app_shell.o (.rodata.str1.15728559335418606553.1)
                  000155d7    0000000e     app_shell.o (.rodata.str1.16800956331689080151.1)
                  000155e5    0000000e     app_shell.o (.rodata.str1.17348661065144809008.1)
                  000155f3    0000000e     app_shell.o (.rodata.str1.1735606048226007486.1)
                  00015601    0000000e     app_shell.o (.rodata.str1.17876943342118536213.1)
                  0001560f    0000000e     app_shell.o (.rodata.str1.18269279803075602796.1)
                  0001561d    0000000e     app_shell.o (.rodata.str1.2160470991696560517.1)
                  0001562b    0000000e     app_shell.o (.rodata.str1.4179493015675024832.1)
                  00015639    0000000e     app_shell.o (.rodata.str1.5123905964118624653.1)
                  00015647    0000000e     app_shell.o (.rodata.str1.6213986015100719150.1)
                  00015655    0000000e     app_shell.o (.rodata.str1.6411710860483804230.1)
                  00015663    0000000e     app_shell.o (.rodata.str1.7571154574660953324.1)
                  00015671    0000000e     app_shell.o (.rodata.str1.8674441817985872181.1)
                  0001567f    0000000e     app_shell.o (.rodata.str1.8909966966318238916.1)
                  0001568d    0000000e     app_shell.o (.rodata.str1.9144633642026494361.1)
                  0001569b    0000000e     app_shell.o (.rodata.str1.9307220092008964426.1)
                  000156a9    0000000e     app_shell.o (.rodata.str1.9315764513386952153.1)
                  000156b7    0000000d     app_shell.o (.rodata.str1.10491446739592751644.1)
                  000156c4    0000000d     app_shell.o (.rodata.str1.10756110055158838206.1)
                  000156d1    0000000d     app_shell.o (.rodata.str1.11066750309610323631.1)
                  000156de    0000000d     app_shell.o (.rodata.str1.11139999694760206320.1)
                  000156eb    0000000d     app_shell.o (.rodata.str1.11627215746227218045.1)
                  000156f8    0000000d     app_shell.o (.rodata.str1.1207053347194752072.1)
                  00015705    0000000d     app_shell.o (.rodata.str1.12583477948311004516.1)
                  00015712    0000000d     app_shell.o (.rodata.str1.13456686701278321828.1)
                  0001571f    0000000d     app_shell.o (.rodata.str1.14031660303973722868.1)
                  0001572c    0000000d     app_shell.o (.rodata.str1.14241588195389562460.1)
                  00015739    0000000d     app_shell.o (.rodata.str1.15586260887364424134.1)
                  00015746    0000000d     app_shell.o (.rodata.str1.15645525071624774828.1)
                  00015753    0000000d     app_shell.o (.rodata.str1.15890787717468802715.1)
                  00015760    0000000d     app_shell.o (.rodata.str1.16434931421802318348.1)
                  0001576d    0000000d     app_shell.o (.rodata.str1.16954485173288524775.1)
                  0001577a    0000000d     app_shell.o (.rodata.str1.17563913066770742391.1)
                  00015787    0000000d     app_shell.o (.rodata.str1.17894747200582054988.1)
                  00015794    0000000d     app_shell.o (.rodata.str1.17946445462908322557.1)
                  000157a1    0000000d     app_shell.o (.rodata.str1.2355494237171943752.1)
                  000157ae    0000000d     app_shell.o (.rodata.str1.3012107245209823623.1)
                  000157bb    0000000d     app_shell.o (.rodata.str1.307130865115015209.1)
                  000157c8    0000000d     app_shell.o (.rodata.str1.347170334538847339.1)
                  000157d5    0000000d     app_shell.o (.rodata.str1.3791812099772881164.1)
                  000157e2    0000000d     app_shell.o (.rodata.str1.3879560646291831357.1)
                  000157ef    0000000d     app_shell.o (.rodata.str1.3892416308557052197.1)
                  000157fc    0000000d     app_shell.o (.rodata.str1.4203577644585159315.1)
                  00015809    0000000d     app_shell.o (.rodata.str1.4537851641835472601.1)
                  00015816    0000000d     app_shell.o (.rodata.str1.457134685058795777.1)
                  00015823    0000000d     app_shell.o (.rodata.str1.4581240687132052572.1)
                  00015830    0000000d     app_shell.o (.rodata.str1.4718301332189448330.1)
                  0001583d    0000000d     app_shell.o (.rodata.str1.5164433326538179767.1)
                  0001584a    0000000d     app_shell.o (.rodata.str1.5215965920267335660.1)
                  00015857    0000000d     app_shell.o (.rodata.str1.5372235894363256449.1)
                  00015864    0000000d     app_shell.o (.rodata.str1.5376205643164354286.1)
                  00015871    0000000d     app_shell.o (.rodata.str1.560197181004569561.1)
                  0001587e    0000000d     app_shell.o (.rodata.str1.6429102455957669569.1)
                  0001588b    0000000d     app_shell.o (.rodata.str1.6985088606437959035.1)
                  00015898    0000000d     app_shell.o (.rodata.str1.7523381390121946373.1)
                  000158a5    0000000d     app_shell.o (.rodata.str1.7612592787831263617.1)
                  000158b2    0000000d     app_shell.o (.rodata.str1.7850322238517394535.1)
                  000158bf    0000000d     app_shell.o (.rodata.str1.7923626403509450708.1)
                  000158cc    0000000d     app_shell.o (.rodata.str1.8035528561561339514.1)
                  000158d9    0000000d     app_shell.o (.rodata.str1.8270660343300337824.1)
                  000158e6    0000000d     app_shell.o (.rodata.str1.8497090786602423890.1)
                  000158f3    0000000d     app_shell.o (.rodata.str1.8509687067808380963.1)
                  00015900    0000000d     app_shell.o (.rodata.str1.8515655798636656221.1)
                  0001590d    0000000d     app_shell.o (.rodata.str1.868716187015188771.1)
                  0001591a    0000000d     app_shell.o (.rodata.str1.906066569443847875.1)
                  00015927    0000000d     app_shell.o (.rodata.str1.9244822838137428263.1)
                  00015934    0000000d     app_shell.o (.rodata.str1.9340981210136901086.1)
                  00015941    00000003     app_shell.o (.rodata.str1.11537518471689317164.1)
                  00015944    0000000c     board_button.o (.rodata..Lswitch.table._ZN5board19Board_ButtonGetNameENS_13BoardButtonIdE)
                  00015950    0000000c     board_imu.o (.rodata..Lswitch.table._ZN5board19Board_ImuSetSpiModeEh)
                  0001595c    0000000c     board_buzzer.o (.rodata._ZN5boardL14g_buzzerConfigE)
                  00015968    0000000c     app_shell.o (.rodata.str1.10218881960771275491.1)
                  00015974    0000000c     config_store.o (.rodata.str1.10230824036256239097.1)
                  00015980    0000000c     config_store.o (.rodata.str1.12033219760783693721.1)
                  0001598c    0000000c     app_shell.o (.rodata.str1.12588545937538655288.1)
                  00015998    0000000c     app_shell.o (.rodata.str1.13507390935846511250.1)
                  000159a4    0000000c     app_shell.o (.rodata.str1.1370999210712480726.1)
                  000159b0    0000000c     app_shell.o (.rodata.str1.13772462829107236127.1)
                  000159bc    0000000c     app_shell.o (.rodata.str1.13923183189790686887.1)
                  000159c8    0000000c     app_shell.o (.rodata.str1.14639049301600042713.1)
                  000159d4    0000000c     app_shell.o (.rodata.str1.14891418699318862133.1)
                  000159e0    0000000c     app_shell.o (.rodata.str1.15397327130298834941.1)
                  000159ec    0000000c     config_store.o (.rodata.str1.15686160682059732547.1)
                  000159f8    0000000c     app_shell.o (.rodata.str1.16234102244779358492.1)
                  00015a04    0000000c     app_shell.o (.rodata.str1.16354136421054348586.1)
                  00015a10    0000000c     app_shell.o (.rodata.str1.16403652897496990845.1)
                  00015a1c    0000000c     app_shell.o (.rodata.str1.1654390679581727887.1)
                  00015a28    0000000c     app_shell.o (.rodata.str1.1666417036609286127.1)
                  00015a34    0000000c     app_shell.o (.rodata.str1.16986343509753490348.1)
                  00015a40    0000000c     app_shell.o (.rodata.str1.17269466629117989041.1)
                  00015a4c    0000000c     app_shell.o (.rodata.str1.18321780392631004131.1)
                  00015a58    0000000c     app_shell.o (.rodata.str1.1886428569580364902.1)
                  00015a64    0000000c     app_shell.o (.rodata.str1.2672312858105111990.1)
                  00015a70    0000000c     app_shell.o (.rodata.str1.2888160770863374914.1)
                  00015a7c    0000000c     app_shell.o (.rodata.str1.2961690588144940041.1)
                  00015a88    0000000c     app_shell.o (.rodata.str1.4126815238888174570.1)
                  00015a94    0000000c     app_shell.o (.rodata.str1.4190646769514731288.1)
                  00015aa0    0000000c     app_shell.o (.rodata.str1.4215151899724944882.1)
                  00015aac    0000000c     app_shell.o (.rodata.str1.4334110622959027977.1)
                  00015ab8    0000000c     app_shell.o (.rodata.str1.4392945030196501414.1)
                  00015ac4    0000000c     app_shell.o (.rodata.str1.4654016994079693252.1)
                  00015ad0    0000000c     app_shell.o (.rodata.str1.4830991237564729075.1)
                  00015adc    0000000c     app_shell.o (.rodata.str1.5191515299446853227.1)
                  00015ae8    0000000c     app_shell.o (.rodata.str1.5652790780262836254.1)
                  00015af4    0000000c     app_shell.o (.rodata.str1.6064720514220957747.1)
                  00015b00    0000000c     app_shell.o (.rodata.str1.6351667589775284342.1)
                  00015b0c    0000000c     app_shell.o (.rodata.str1.6578158171544725696.1)
                  00015b18    0000000c     app_shell.o (.rodata.str1.6732668152964995079.1)
                  00015b24    0000000c     app_shell.o (.rodata.str1.7232347160047529429.1)
                  00015b30    0000000c     app_shell.o (.rodata.str1.7940456731757887554.1)
                  00015b3c    0000000c     app_shell.o (.rodata.str1.8934507472916618446.1)
                  00015b48    0000000c     app_shell.o (.rodata.str1.9081962557253678714.1)
                  00015b54    0000000c     app_shell.o (.rodata.str1.9082118575882053516.1)
                  00015b60    0000000c     app_shell.o (.rodata.str1.9555752271679171493.1)
[...]
00012585  _ZN7drivers23Ina219_ConfigureDefaultEPNS_13Ina219ContextE                                   
000125c1  __TI_auto_init_nobinit_nopinit                                                              
000125fd  _ZN7drivers15SoftI2c_IsReadyEPKNS_14SoftI2cContextE                                         
00012637  _ZN7drivers17OledSsd1306_ClearEPNS_18OledSsd1306ContextE                                    
00012671  __muldsi3                                                                                   
000126ad  _ZN5board23Board_Gy931ProbeAddressEh                                                        
000126e5  _ZN7drivers10Led_ToggleEPNS_10LedContextE                                                   
0001271d  _ZN7drivers11Buzzer_InitEPNS_13BuzzerContextEPKNS_12BuzzerConfigE                           
00012755  _ZN7drivers14Button_ReadRawEPNS_13ButtonContextEPb                                          
0001278d  _ZN7drivers16OledSsd1306_FillEPNS_18OledSsd1306ContextEh                                    
000127c5  _ZN7drivers19Ina219_ProbeAddressEPNS_13Ina219ContextEhPt                                    
000127fd  _ZN7drivers8Led_InitEPNS_10LedContextEPKNS_9LedConfigE                                      
00012835  _ZN8services9Time_InitEv                                                                    
0001286d  _ZN7drivers19OledSsd1306_IsReadyEPKNS_18OledSsd1306ContextE                                 
0001290d  _ZN5board19Board_ButtonsUpdateEj                                                            
00012941  DL_I2C_flushControllerRXFIFO                                                                
00012971  DL_UART_transmitDataBlocking                                                                
00012a01  _ZN7drivers10Buzzer_OffEPNS_13BuzzerContextE                                                
00012a61  _ZN7drivers7Led_SetEPNS_10LedContextEb                                                      
00012a91  _ZN7drivers9Buzzer_OnEPNS_13BuzzerContextE                                                  
00012ac1  _ZN7drivers19Ina219_ReadRegisterEPNS_13Ina219ContextEhPt                                    
00012b1d  _ZN5board10Board_InitEv                                                                     
00012b49  _ZN5board15Board_OledProbeEv                                                                
00012b75  _ZN5board21Board_Gy931RecoverBusEv                                                          
00012ba1  _ZN7drivers20Ina219_WriteRegisterEPNS_13Ina219ContextEht                                    
00012bcd  _ZN7drivers28LoraUart_GetControllerStatusEPKNS_15LoraUartContextEPj                         
00012bf9  _ZN7drivers35MotorDriverUart_GetControllerStatusEPKNS_22MotorDriverUartContextEPj           
00012c25  _ZN8services20Scheduler_EnableTaskEhb                                                       
00012c51  _ZN7drivers12Ina219_ResetEPNS_13Ina219ContextE                                              
00012c7b  _ZN7drivers23LoraUart_GetRxAvailableEPKNS_15LoraUartContextE                                
00012ca5  _ZN7drivers30MotorDriverUart_GetRxAvailableEPKNS_22MotorDriverUartContextE                  
00012cd1  SYSCFG_DL_SYSCTL_CLK_init                                                                   
00012d21  _ZN5board14Board_LoraInitEv                                                                 
00012d49  _ZN5board21Board_MotorDriverInitEv                                                          
00012d71  _c_int00_noargs                                                                             
00012d99  DL_I2C_setClockConfig                                                                       
00012de5  _ZN8services12Time_DelayMsEj                                                                
00012e09  __aeabi_lmul                                                                                
00012e09  __muldi3                                                                                    
00012e2d  _ZN7drivers17Button_WasPressedEPNS_13ButtonContextE                                         
00012e4f  _ZN7drivers18Button_WasReleasedEPNS_13ButtonContextE                                        
00012e91  _ZN5board13Board_LedIsOnENS_10BoardLedIdE                                                   
00012eb1  _ZN5board14Board_OledInitEv                                                                 
00012ed1  _ZN5board16Board_LedIsReadyENS_10BoardLedIdE                                                
00012ef1  _ZN7drivers17Ina219_GetAddressEPKNS_13Ina219ContextE                                        
00012f0f  _ZN7drivers21Ina219_GetCalibrationEPKNS_13Ina219ContextE                                    
00012f2d  __aeabi_llsl                                                                                
00012f2d  __ashldi3                                                                                   
00012f4d  DL_SPI_receiveDataCheck8                                                                    
00012f69  DL_SPI_transmitDataCheck8                                                                   
00012f85  _ZN3app7App_RunEv                                                                           
00012fa1  _ZN5board11Board_LedOnENS_10BoardLedIdE                                                     
00012fbd  _ZN5board12Board_LedOffENS_10BoardLedIdE                                                    
00012fd9  _ZN5board15Board_LedToggleENS_10BoardLedIdE                                                 
00012ff5  _ZN5board19Board_ButtonReadRawENS_13BoardButtonIdEPb                                        
00013011  _ZN5board21Board_ButtonIsPressedENS_13BoardButtonIdE                                        
0001302d  _ZN5board22Board_ButtonWasPressedENS_13BoardButtonIdE                                       
00013049  _ZN5board23Board_ButtonWasReleasedENS_13BoardButtonIdE                                      
00013065  _ZN7drivers14Ina219_IsReadyEPKNS_13Ina219ContextE                                           
00013081  _ZN7drivers17Fm24cl64b_IsReadyEPKNS_16Fm24cl64bContextE                                     
0001309d  _ZN8services19DebugUart_WriteCharEc                                                         
000130b9  _ZN7drivers16Button_IsPressedEPKNS_13ButtonContextE                                         
000130d3  _ZN7drivers8Led_IsOnEPKNS_10LedContextE                                                     
000130ed  __aeabi_memset                                                                              
000130ed  __aeabi_memset4                                                                             
000130ed  __aeabi_memset8                                                                             
000130fb  __aeabi_memclr                                                                              
000130fb  __aeabi_memclr4                                                                             
000130fb  __aeabi_memclr8                                                                             
00013109  _ZN5board15Board_I2cBusGetEj                                                                
00013121  _ZN5board19Board_ButtonGetNameENS_13BoardButtonIdE                                          
00013139  _ZN7drivers20LoraUart_GetBaudrateEPKNS_15LoraUartContextE                                   
00013151  _ZN7drivers27MotorDriverUart_GetBaudrateEPKNS_22MotorDriverUartContextE                     
00013169  _ZN8services15Time_HasElapsedEjj                                                            
00013197  _ZN7drivers11Led_IsReadyEPKNS_10LedContextE                                                 
000131ad  _ZN7drivers14Buzzer_IsReadyEPKNS_13BuzzerContextE                                           
000131c3  _ZN7drivers16LoraUart_IsReadyEPKNS_15LoraUartContextE                                       
000131d9  _ZN7drivers23MotorDriverUart_IsReadyEPKNS_22MotorDriverUartContextE                         
000131ef  __TI_zero_init_nomemset                                                                     
00013205  _ZN3app21ConfigStore_ParamNameEh                                                            
00013219  _ZN5board14Board_FramInitEv                                                                 
0001322d  _ZN5board14Board_FramReadEtPht                                                              
00013241  _ZN5board15Board_FramWriteEtPKht                                                            
00013255  _ZN5board15Board_LoraWriteEPKht                                                             
00013269  _ZN5board16Board_BuzzerInitEv                                                               
0001327d  _ZN5board18Board_FramReadByteEtPh                                                           
00013291  _ZN5board18Board_FramSelfTestEv                                                             
000132a5  _ZN5board19Board_FramWriteByteEth                                                           
000132b9  _ZN5board19Board_OledWriteTextEhhPKc                                                        
000132cd  _ZN5board22Board_MotorDriverWriteEPKht                                                      
000132e1  _ZN5board24Board_Ina219ProbeAddressEhPt                                                     
000132f5  _ZN5board24Board_Ina219ReadRegisterEhPt                                                     
00013309  _ZN5board25Board_Ina219WriteRegisterEht                                                     
0001331d  _ZN7drivers19Fm24cl64b_WriteByteEPNS_16Fm24cl64bContextEth                                  
00013331  _ZN8services15Shell_WriteLineEPKc                                                           
00013345  __aeabi_ldivmod                                                                             
00013359  DL_SPI_setClockConfig                                                                       
0001336b  DL_UART_setClockConfig                                                                      
0001337d  __TI_decompress_none                                                                        
00013391  SysTick_Handler                                                                             
000133a1  UART0_IRQHandler                                                                            
000133b1  UART1_IRQHandler                                                                            
000133d1  _ZN5board14Board_BuzzerOnEv                                                                 
000133e1  _ZN5board14Board_OledFillEh                                                                 
000133f1  _ZN5board15Board_BuzzerOffEv                                                                
00013401  _ZN5board15Board_OledClearEv                                                                
00013411  _ZN5board17Board_FramIsReadyEv                                                              
00013421  _ZN5board17Board_Ina219ResetEv                                                              
00013431  _ZN5board17Board_LoraIsReadyEv                                                              
00013441  _ZN5board17Board_OledIsReadyEv                                                              
00013451  _ZN5board18Board_Gy931IsReadyEv                                                             
00013461  _ZN5board18Board_LoraReadByteEPh                                                            
00013471  _ZN5board19Board_BuzzerIsReadyEv                                                            
00013481  _ZN5board19Board_Ina219IsReadyEv                                                            
00013491  _ZN5board19Board_LoraWriteByteEh                                                            
000134a1  _ZN5board19Board_OledSetInvertEb                                                            
000134b1  _ZN5board20Board_FramRecoverBusEv                                                           
000134c1  _ZN5board21Board_LoraGetBaudrateEv                                                          
000134d1  _ZN5board21Board_OledTestPatternEv                                                          
000134e1  _ZN5board22Board_Ina219GetAddressEv                                                         
000134f1  _ZN5board22Board_Ina219RecoverBusEv                                                         
00013501  _ZN5board22Board_Ina219SetAddressEh                                                         
00013511  _ZN5board22Board_OledSetDisplayOnEb                                                         
00013521  _ZN5board23Board_Ina219CalibrationEv                                                        
00013531  _ZN5board23Board_LoraClearRxBufferEv                                                        
00013541  _ZN5board24Board_LoraGetRxAvailableEv                                                       
00013551  _ZN5board24Board_MotorDriverIsReadyEv                                                       
00013561  _ZN5board25Board_MotorDriverReadByteEPh                                                     
00013571  _ZN5board26Board_MotorDriverWriteByteEh                                                     
00013581  _ZN5board27Board_Ina219ReadMeasurementEPN7drivers17Ina219MeasurementE                       
00013591  _ZN5board27Board_LoraGetRxDroppedCountEv                                                    
000135a1  _ZN5board28Board_Ina219ConfigureDefaultEv                                                   
000135b1  _ZN5board28Board_Ina219ReadRawRegistersEPN7drivers18Ina219RawRegistersE                     
000135c1  _ZN5board28Board_MotorDriverGetBaudrateEv                                                   
000135d1  _ZN5board29Board_LoraGetControllerStatusEPj                                                 
000135e1  _ZN5board30Board_MotorDriverClearRxBufferEv                                                 
000135f1  _ZN5board31Board_MotorDriverGetRxAvailableEv                                                
00013601  _ZN5board34Board_MotorDriverGetRxDroppedCountEv                                             
00013611  _ZN5board36Board_MotorDriverGetControllerStatusEPj                                          
00013621  _ZN8services9Fault_SetENS_9FaultCodeE                                                       
00013631  _ZN5board15Board_OledWidthEv                                                                
0001363d  _ZN5board16Board_ImuIsReadyEv                                                               
00013649  _ZN5board16Board_OledHeightEv                                                               
00013655  _ZN5board17Board_OledAddressEv                                                              
00013661  _ZN5board18Board_Gy931AddressEv                                                             
0001366d  _ZN7drivers26LoraUart_GetRxDroppedCountEPKNS_15LoraUartContextE                             
00013679  _ZN7drivers33MotorDriverUart_GetRxDroppedCountEPKNS_22MotorDriverUartContextE               
00013685  _ZN8services10Fault_InitEv                                                                  
00013691  _ZN8services11Time_MillisEv                                                                 
0001369d  _ZN8services17DebugUart_IsReadyEv                                                           
000136a9  _ZN8services9Fault_GetEv                                                                    
000136b5  DL_Common_delayCycles                                                                       
000136bf  _ZN7drivers18Fm24cl64b_ReadByteEPNS_16Fm24cl64bContextEtPh                                  
000136c9  _ZN3app15ConfigStore_GetEv                                                                  
000136d1  _ZN3app16Chassis_GetStateEv                                                                 
000136d9  _ZN3app21ConfigStore_GetStatusEv                                                            
000136e1  _ZN8services15Shell_WriteCharEc                                                             
000136e9  _ZN8services17Shell_WriteStringEPKc                                                         
000136f1  _ZN8services17Shell_WriteUInt32Ej                                                           
000136f9  __aeabi_memcpy                                                                              
000136f9  __aeabi_memcpy4                                                                             
000136f9  __aeabi_memcpy8                                                                             
00013701  _ZN5board23Board_FramCapacityBytesEv                                                        
00013707  abort                                                                                       
0001370c  C$$EXIT                                                                                     
0001370d  HOSTexit                                                                                    
00013711  Reset_Handler                                                                               
00013725  _ZN3app22ConfigStore_ParamCountEv                                                           
00013729  _ZN5board14Board_LedCountEv                                                                 
0001372d  _ZN5board17Board_I2cBusCountEv                                                              
00013731  _system_pre_init                                                                            
000143af  _ZZN3app19motor_driver_client13ResetEncodersEPNS0_6ClientEE18kResetBothEncoders             
00016208  __TI_Handler_Table_Base                                                                     
00016214  __TI_Handler_Table_Limit                                                                    
00016224  __TI_CINIT_Base                                                                             
0001623c  __TI_CINIT_Limit                                                                            
0001623c  __TI_CINIT_Warm                                                                             
20200000  __start___llvm_prf_bits                                                                     
20200000  __start___llvm_prf_cnts                                                                     
20200000  __stop___llvm_prf_bits                                                                      
20200000  __stop___llvm_prf_cnts                                                                      
2020033c  FACTORYVALUE                                                                                
20200658  gDEBUG_UARTBackup                                                                           
20200688  gIMU_SPIBackup                                                                              
202006b0  DL_FACTORYREGION_TrimTable                                                                  
2020ff00  __stack                                                                                     
20210000  __STACK_END                                                                                 
ffffffff  __TI_pprof_out_hndl                                                                         
ffffffff  __TI_prof_data_size                                                                         
ffffffff  __TI_prof_data_start                                                                        
ffffffff  __binit__                                                                                   
ffffffff  binit                                                                                       
UNDEFED   __mpu_init                                                                                  
UNDEFED   _system_post_cinit                                                                          

[393 symbols]
