******************************************************************************
            TI ARM Clang Linker PC v5.1.1                      
******************************************************************************
>> Linked Sun Jul  5 03:33:23 2026

OUTPUT FILE NAME:   <gugaPI.out>
ENTRY POINT SYMBOL: "_c_int00_noargs"  address: 000090d1


MEMORY CONFIGURATION

         name            origin    length      used     unused   attr    fill
----------------------  --------  ---------  --------  --------  ----  --------
  FLASH                 00000000   00080000  0000aaf0  00075510  R  X
  SRAM_BANK0            20200000   00010000  00000684  0000f97c  RW X
  SRAM_BANK1            20210000   00010000  00000000  00010000  RW X
  BCR_CONFIG            41c00000   000000ff  00000000  000000ff  R   
  BSL_CONFIG            41c00100   00000080  00000000  00000080  R   
  DATA                  41d00000   00004000  00000000  00004000  R   


SEGMENT ALLOCATION MAP

run origin  load origin   length   init length attrs members
----------  ----------- ---------- ----------- ----- -------
00000000    00000000    0000aaf0   0000aaf0    r-x
  00000000    00000000    000000c0   000000c0    r-- .intvecs
  000000c0    000000c0    000097b0   000097b0    r-x .text
  00009870    00009870    00001250   00001250    r-- .rodata
  0000aac0    0000aac0    00000030   00000030    r-- .cinit
20200000    20200000    00000584   00000000    rw-
  20200000    20200000    00000308   00000000    rw- .bss
  20200308    20200308    0000027c   00000000    rw- .data
2020ff00    2020ff00    00000100   00000000    rw-
  2020ff00    2020ff00    00000100   00000000    rw- .stack


SECTION ALLOCATION MAP

 output                                  attributes/
section   page    origin      length       input sections
--------  ----  ----------  ----------   ----------------
.intvecs   0    00000000    000000c0     
                  00000000    000000c0     startup_mspm0g351x_ticlang.o (.intvecs)

.text      0    000000c0    000097b0     
                  000000c0    00000f1c     app_shell.o (.text._ZN3app12_GLOBAL__N_112MotorCommandEiPKPKc)
                  00000fdc    00000a5c     app_shell.o (.text._ZN3app12_GLOBAL__N_110ImuCommandEiPKPKc)
                  00001a38    000008c0     app_shell.o (.text._ZN3app12_GLOBAL__N_113Ina219CommandEiPKPKc)
                  000022f8    00000880     app_shell.o (.text._ZN3app12_GLOBAL__N_111LoraCommandEiPKPKc)
                  00002b78    00000724     app_shell.o (.text._ZN3app12_GLOBAL__N_110I2cCommandEiPKPKc)
                  0000329c    00000474     shell.o (.text._ZN8services12_GLOBAL__N_113HandleLineEndEv)
                  00003710    00000430     app_shell.o (.text._ZN3app12_GLOBAL__N_111FramCommandEiPKPKc)
                  00003b40    0000032c     app_shell.o (.text._ZN3app12_GLOBAL__N_112MotorRequestEhhPKhhPNS0_18MotorProtocolFrameE)
                  00003e6c    000002cc     board_imu.o (.text._ZN5board12_GLOBAL__N_123ReadRegisterWithCommandEhPh)
                  00004138    00000284     board_imu.o (.text._ZN5board22Board_ImuWiggleSpiPinsEj)
                  000043bc    00000238     i2c_diag.o (.text._ZN7drivers16I2cDiag_ReadReg8EPKNS_16I2cDiagBusConfigEhhPht)
                  000045f4    00000234     board_imu.o (.text._ZN5board21Board_ImuSpiSampleIcmEhPhj)
                  00004828    00000230     app_shell.o (.text._ZN3app12_GLOBAL__N_113ButtonCommandEiPKPKc)
                  00004a58    00000224     fm24cl64b.o (.text._ZN7drivers14Fm24cl64b_ReadEPNS_16Fm24cl64bContextEtPht)
                  00004c7c    0000021c     board_imu.o (.text._ZN5board20Board_ImuSpiBurstIcmEjh)
                  00004e98    000001e0     ina219.o (.text._ZN7drivers17Ina219_RecoverBusEPNS_13Ina219ContextE)
                  00005078    000001e0     fm24cl64b.o (.text._ZN7drivers20Fm24cl64b_RecoverBusEPNS_16Fm24cl64bContextE)
                  00005258    000001d0     fm24cl64b.o (.text._ZN7drivers15Fm24cl64b_WriteEPNS_16Fm24cl64bContextEtPKht)
                  00005428    000001d0     i2c_diag.o (.text._ZN7drivers18I2cDiag_RecoverBusEPKNS_16I2cDiagBusConfigE)
                  000055f8    000001c8     i2c_diag.o (.text._ZN7drivers17I2cDiag_WriteReg8EPKNS_16I2cDiagBusConfigEhhPKht)
                  000057c0    000001b0     scheduler.o (.text._ZN8services13Scheduler_RunEv)
                  00005970    000001a4     ina219.o (.text._ZN7drivers12_GLOBAL__N_120ReadRegisterInternalEPNS_13Ina219ContextEhPt)
                  00005b14    00000188     i2c_diag.o (.text._ZN7drivers20I2cDiag_ProbeAddressEPKNS_16I2cDiagBusConfigEh)
                  00005c9c    00000170     app_shell.o (.text._ZN3app12_GLOBAL__N_113ParseI2cRangeEiPKPKchPhS5_)
                  00005e0c    00000148     app_shell.o (.text._ZN3app12_GLOBAL__N_114PrintI2cStatusEPKN7drivers16I2cDiagBusConfigE)
                  00005f54    00000140     debug_uart.o (.text._ZN8services21DebugUart_WriteUInt32Ej)
                  00006094    0000013c     app_shell.o (.text._ZN3app12_GLOBAL__N_110I2cScanBusEPKN7drivers16I2cDiagBusConfigEhhb)
                  000061d0    00000124     app_shell.o (.text._ZN3app25AppShell_RegisterCommandsEv)
                  000062f4    00000120     ina219.o (.text._ZN7drivers12_GLOBAL__N_121WriteRegisterInternalEPNS_13Ina219ContextEht)
                  00006414    00000108     app_shell.o (.text._ZN3app12_GLOBAL__N_119PrintMotorFrameDataEPKcRKNS0_18MotorProtocolFrameE)
                  0000651c    00000100     shell.o (.text._ZN8services10Shell_InitEv)
                  0000661c    000000fc     ti_msp_dl_config.o (.text.SYSCFG_DL_GPIO_init)
                  00006718    000000e0     app_shell.o (.text._ZN3app12_GLOBAL__N_110LedCommandEiPKPKc)
                  000067f8    000000e0     app_shell.o (.text._ZN3app12_GLOBAL__N_113BuzzerCommandEiPKPKc)
                  000068d8    000000e0     scheduler.o (.text._ZN8services17Scheduler_AddTaskEPKcPFvvEjjPh)
                  000069b8    000000d4     shell.o (.text._ZN8services21Shell_RegisterCommandEPKcS1_PFviPKS1_E)
                  00006a8c    000000c8     board_imu.o (.text._ZN5board25Board_Lis3mdlReadRegisterEhPh)
                  00006b54    000000c8     ina219.o (.text._ZN7drivers11Ina219_InitEPNS_13Ina219ContextEPKNS_12Ina219ConfigE)
                  00006c1c    000000c8     lora.o (.text._ZN7drivers14LoraUart_WriteEPNS_15LoraUartContextEPKht)
                  00006ce4    000000c8     motor_driver_uart.o (.text._ZN7drivers21MotorDriverUart_WriteEPNS_22MotorDriverUartContextEPKht)
                  00006dac    000000c4     board_imu.o (.text._ZN5board26Board_Icm45686ReadRegisterEhPh)
                  00006e70    000000c0     board_imu.o (.text._ZN5board23Board_Lis3mdlReadWhoAmIEPh)
                  00006f30    000000b8     ina219.o (.text._ZN7drivers12_GLOBAL__N_113ReleaseI2cBusEPKNS_12Ina219ConfigE)
                  00006fe8    000000b8     i2c_diag.o (.text._ZN7drivers12_GLOBAL__N_113ReleaseI2cBusEPKNS_16I2cDiagBusConfigE)
                  000070a0    000000b0     app_shell.o (.text._ZN3app12_GLOBAL__N_110WriteHex32Ej)
                  00007150    000000b0     board_i2c_bus.o (.text._ZN5board16Board_I2cBusFindEPKc)
                  00007200    000000b0     scheduler.o (.text._ZN8services14Scheduler_InitEv)
                  000072b0    000000ac     app_shell.o (.text._ZN3app12_GLOBAL__N_110PwmCommandEiPKPKc)
                  0000735c    000000a4     fm24cl64b.o (.text._ZN7drivers18Fm24cl64b_SelfTestEPNS_16Fm24cl64bContextEt)
                  00007400    0000009c     app_shell.o (.text._ZN3app12_GLOBAL__N_111ParseUint32EPKcjPj)
                  0000749c    0000009c     app_shell.o (.text._ZN3app12_GLOBAL__N_115PrintMotorUsageEv)
                  00007538    0000009c     board_imu.o (.text._ZN5board19Board_ImuSetSpiModeEh)
                  000075d4    0000009a     libc.a : memcpy16.S.obj (.text:memcpy)
                  0000766e    00000002     startup_mspm0g351x_ticlang.o (.text.Default_Handler)
                  00007670    00000094     lora.o (.text._ZN7drivers18LoraUart_WriteByteEPNS_15LoraUartContextEh)
                  00007704    00000094     motor_driver_uart.o (.text._ZN7drivers25MotorDriverUart_WriteByteEPNS_22MotorDriverUartContextEh)
                  00007798    00000094     shell.o (.text._ZN8services13Shell_ProcessEv)
                  0000782c    00000092     ina219.o (.text._ZN7drivers23Ina219_ReadRawRegistersEPNS_13Ina219ContextEPNS_18Ina219RawRegistersE)
                  000078be    00000002     board.o (.text._ZN5board14Board_LateInitEv)
                  000078c0    00000088     ti_msp_dl_config.o (.text.SYSCFG_DL_DEBUG_UART_init)
                  00007948    00000088     ti_msp_dl_config.o (.text.SYSCFG_DL_LORA_UART_init)
                  000079d0    00000088     ti_msp_dl_config.o (.text.SYSCFG_DL_MOTOR_UART_init)
                  00007a58    00000084     lora.o (.text._ZN7drivers13LoraUart_InitEPNS_15LoraUartContextEPKNS_14LoraUartConfigE)
                  00007adc    00000084     motor_driver_uart.o (.text._ZN7drivers20MotorDriverUart_InitEPNS_22MotorDriverUartContextEPKNS_21MotorDriverUartConfigE)
                  00007b60    0000007e     app_shell.o (.text._ZN3app12_GLOBAL__N_113LoraWriteArgsEiPKPKcbPt)
                  00007bde    0000007e     app_shell.o (.text._ZN3app12_GLOBAL__N_114MotorWriteArgsEiPKPKcbPt)
                  00007c5c    0000007c     ti_msp_dl_config.o (.text.SYSCFG_DL_initPower)
                  00007cd8    0000007c     lora.o (.text._ZN7drivers19LoraUart_IrqHandlerEPNS_15LoraUartContextE)
                  00007d54    0000007c     motor_driver_uart.o (.text._ZN7drivers26MotorDriverUart_IrqHandlerEPNS_22MotorDriverUartContextE)
                  00007dd0    0000007c     libc.a : copy_decompress_lzss.c.obj (.text:decompress:lzss)
                  00007e4c    00000074     ina219.o (.text._ZN7drivers22Ina219_ReadMeasurementEPNS_13Ina219ContextEPNS_17Ina219MeasurementE)
                  00007ec0    0000006c     debug_uart.o (.text.UART5_IRQHandler)
                  00007f2c    0000006c     debug_uart.o (.text._ZN8services21DebugUart_WriteStringEPKc)
                  00007f98    00000068     app_shell.o (.text._ZN3app12_GLOBAL__N_113PrintImuUsageEv)
                  00008000    00000068     app_shell.o (.text._ZN3app12_GLOBAL__N_116PrintIna219UsageEv)
                  00008068    00000064     app_shell.o (.text._ZN3app12_GLOBAL__N_110WriteHex16Et)
                  000080cc    00000064     board_imu.o (.text._ZN5board22Board_ImuGetLineStatusEPNS_18BoardImuLineStatusE)
                  00008130    00000064     fm24cl64b.o (.text._ZN7drivers14Fm24cl64b_InitEPNS_16Fm24cl64bContextEPKNS_15Fm24cl64bConfigE)
                  00008194    00000062     libc.a : memset16.S.obj (.text:memset)
                  000081f6    00000002     log.o (.text._ZN8services8Log_InitEv)
                  000081f8    00000060     app_shell.o (.text._ZN3app12_GLOBAL__N_113PrintI2cUsageEv)
                  00008258    00000060     lora.o (.text._ZN7drivers22LoraUart_ClearRxBufferEPNS_15LoraUartContextE)
                  000082b8    00000060     motor_driver_uart.o (.text._ZN7drivers29MotorDriverUart_ClearRxBufferEPNS_22MotorDriverUartContextE)
                  00008318    0000005e     driverlib.a : dl_i2c.o (.text.DL_I2C_fillControllerTXFIFO)
                  00008376    0000005e     button.o (.text._ZN7drivers13Button_UpdateEPNS_13ButtonContextEj)
                  000083d4    00000058     ina219.o (.text._ZN7drivers17Ina219_SetAddressEPNS_13Ina219ContextEh)
                  0000842c    00000058     i2c_diag.o (.text._ZN7drivers20I2cDiag_GetBusStatusEPKNS_16I2cDiagBusConfigEPNS_16I2cDiagBusStatusE)
                  00008484    00000054     ti_msp_dl_config.o (.text.SYSCFG_DL_FRAM_I2C_init)
                  000084d8    00000054     ti_msp_dl_config.o (.text.SYSCFG_DL_INA219_I2C_init)
                  0000852c    00000054     app_shell.o (.text._ZN3app12_GLOBAL__N_114PrintLoraUsageEv)
                  00008580    00000054     debug_uart.o (.text._ZN8services14DebugUart_InitEv)
                  000085d4    00000052     empty_cpp.o (.text.main)
                  00008626    00000002     libclang_rt.builtins.a : aeabi_div0.c.obj (.text.__aeabi_idiv0)
                  00008628    00000050     board_ina219.o (.text._ZN5board16Board_Ina219InitEv)
                  00008678    00000050     board_imu.o (.text._ZN5board27Board_ImuSetChipSelectDebugEbbbb)
                  000086c8    0000004c     ti_msp_dl_config.o (.text.SYSCFG_DL_IMU_SPI_init)
                  00008714    00000048     driverlib.a : dl_uart.o (.text.DL_UART_init)
                  0000875c    00000048     board_fram.o (.text._ZN5board22Board_FramGetBusStatusEPjPbS1_)
                  000087a4    00000048     board_ina219.o (.text._ZN5board24Board_Ina219GetBusStatusEPjPbS1_)
                  000087ec    00000048     debug_uart.o (.text._ZN8services18DebugUart_ReadByteEPh)
                  00008834    00000044     driverlib.a : dl_spi.o (.text.DL_SPI_init)
                  00008878    00000044     board_imu.o (.text._ZN5board13Board_ImuInitEv)
                  000088bc    00000044     ina219.o (.text._ZN7drivers19Ina219_GetBusStatusEPNS_13Ina219ContextEPNS_15Ina219BusStatusE)
                  00008900    00000044     fm24cl64b.o (.text._ZN7drivers22Fm24cl64b_GetBusStatusEPNS_16Fm24cl64bContextEPNS_18Fm24cl64bBusStatusE)
                  00008944    00000040     app_shell.o (.text._ZN3app12_GLOBAL__N_114PrintFramUsageEv)
                  00008984    00000040     app_shell.o (.text._ZN3app12_GLOBAL__N_114VersionCommandEiPKPKc)
                  000089c4    00000040     lora.o (.text._ZN7drivers17LoraUart_ReadByteEPNS_15LoraUartContextEPh)
                  00008a04    00000040     motor_driver_uart.o (.text._ZN7drivers24MotorDriverUart_ReadByteEPNS_22MotorDriverUartContextEPh)
                  00008a44    00000040     libclang_rt.builtins.a : aeabi_uidivmod.S.obj (.text)
                  00008a84    0000003e     button.o (.text._ZN7drivers11Button_InitEPNS_13ButtonContextEPKNS_12ButtonConfigE)
                  00008ac2    00000002     --HOLE-- [fill = 0]
                  00008ac4    0000003c     driverlib.a : dl_i2c.o (.text.DL_I2C_flushControllerTXFIFO)
                  00008b00    0000003c     app_shell.o (.text._ZN3app12_GLOBAL__N_19WriteHex8Eh)
                  00008b3c    0000003c     board_button.o (.text._ZN5board17Board_ButtonsInitEv)
                  00008b78    0000003c     ina219.o (.text._ZN7drivers23Ina219_ConfigureDefaultEPNS_13Ina219ContextE)
                  00008bb4    0000003c     libc.a : autoinit.c.obj (.text:__TI_auto_init_nobinit_nopinit)
                  00008bf0    00000038     buzzer.o (.text._ZN7drivers11Buzzer_InitEPNS_13BuzzerContextEPKNS_12BuzzerConfigE)
                  00008c28    00000038     button.o (.text._ZN7drivers14Button_ReadRawEPNS_13ButtonContextEPb)
                  00008c60    00000038     ina219.o (.text._ZN7drivers19Ina219_ProbeAddressEPNS_13Ina219ContextEhPt)
                  00008c98    00000038     led.o (.text._ZN7drivers8Led_InitEPNS_10LedContextEPKNS_9LedConfigE)
                  00008cd0    00000038     time.o (.text._ZN8services9Time_InitEv)
                  00008d08    00000034     ti_msp_dl_config.o (.text.SYSCFG_DL_init)
                  00008d3c    00000034     app_main.o (.text._ZN3app8App_InitEv)
                  00008d70    00000034     board_button.o (.text._ZN5board19Board_ButtonsUpdateEj)
                  00008da4    00000030     driverlib.a : dl_i2c.o (.text.DL_I2C_flushControllerRXFIFO)
                  00008dd4    00000030                 : dl_uart.o (.text.DL_UART_transmitDataBlocking)
                  00008e04    00000030     ti_msp_dl_config.o (.text.SYSCFG_DL_SYSCTL_init)
                  00008e34    00000030     app_shell.o (.text._ZN3app12_GLOBAL__N_115WriteStatusLineEPKcN7drivers12DriverStatusE)
                  00008e64    00000030     buzzer.o (.text._ZN7drivers10Buzzer_OffEPNS_13BuzzerContextE)
                  00008e94    00000030     led.o (.text._ZN7drivers6Led_OnEPNS_10LedContextE)
                  00008ec4    00000030     led.o (.text._ZN7drivers7Led_OffEPNS_10LedContextE)
                  00008ef4    00000030     buzzer.o (.text._ZN7drivers9Buzzer_OnEPNS_13BuzzerContextE)
                  00008f24    0000002e     ina219.o (.text._ZN7drivers19Ina219_ReadRegisterEPNS_13Ina219ContextEhPt)
                  00008f52    0000002c     ina219.o (.text._ZN7drivers20Ina219_WriteRegisterEPNS_13Ina219ContextEht)
                  00008f7e    00000002     --HOLE-- [fill = 0]
                  00008f80    0000002c     lora.o (.text._ZN7drivers28LoraUart_GetControllerStatusEPKNS_15LoraUartContextEPj)
                  00008fac    0000002c     motor_driver_uart.o (.text._ZN7drivers35MotorDriverUart_GetControllerStatusEPKNS_22MotorDriverUartContextEPj)
                  00008fd8    0000002a     ina219.o (.text._ZN7drivers12Ina219_ResetEPNS_13Ina219ContextE)
                  00009002    0000002a     lora.o (.text._ZN7drivers23LoraUart_GetRxAvailableEPKNS_15LoraUartContextE)
                  0000902c    0000002a     motor_driver_uart.o (.text._ZN7drivers30MotorDriverUart_GetRxAvailableEPKNS_22MotorDriverUartContextE)
                  00009056    00000002     --HOLE-- [fill = 0]
                  00009058    00000028     app_shell.o (.text._ZN3app12_GLOBAL__N_112ResetCommandEiPKPKc)
                  00009080    00000028     board_lora.o (.text._ZN5board14Board_LoraInitEv)
                  000090a8    00000028     board_motor_driver.o (.text._ZN5board21Board_MotorDriverInitEv)
                  000090d0    00000028     libc.a : boot_cortex_m.c.obj (.text:_c_int00_noargs)
                  000090f8    00000026     driverlib.a : dl_i2c.o (.text.DL_I2C_setClockConfig)
                  0000911e    00000002     --HOLE-- [fill = 0]
                  00009120    00000024     app_shell.o (.text._ZN3app12_GLOBAL__N_110WriteInt32Ei)
                  00009144    00000024     board.o (.text._ZN5board10Board_InitEv)
                  00009168    00000022     button.o (.text._ZN7drivers17Button_WasPressedEPNS_13ButtonContextE)
                  0000918a    00000022     button.o (.text._ZN7drivers18Button_WasReleasedEPNS_13ButtonContextE)
                  000091ac    0000001e     ina219.o (.text._ZN7drivers17Ina219_GetAddressEPKNS_13Ina219ContextE)
                  000091ca    0000001e     ina219.o (.text._ZN7drivers21Ina219_GetCalibrationEPKNS_13Ina219ContextE)
                  000091e8    0000001c     driverlib.a : dl_spi.o (.text.DL_SPI_receiveDataCheck8)
                  00009204    0000001c                 : dl_spi.o (.text.DL_SPI_transmitDataCheck8)
                  00009220    0000001c     app_main.o (.text._ZN3app7App_RunEv)
                  0000923c    0000001c     board_button.o (.text._ZN5board19Board_ButtonReadRawENS_13BoardButtonIdEPb)
                  00009258    0000001c     board_button.o (.text._ZN5board21Board_ButtonIsPressedENS_13BoardButtonIdE)
                  00009274    0000001c     board_button.o (.text._ZN5board22Board_ButtonWasPressedENS_13BoardButtonIdE)
                  00009290    0000001c     board_button.o (.text._ZN5board23Board_ButtonWasReleasedENS_13BoardButtonIdE)
                  000092ac    0000001c     ina219.o (.text._ZN7drivers14Ina219_IsReadyEPKNS_13Ina219ContextE)
                  000092c8    0000001c     fm24cl64b.o (.text._ZN7drivers17Fm24cl64b_IsReadyEPKNS_16Fm24cl64bContextE)
                  000092e4    0000001c     debug_uart.o (.text._ZN8services19DebugUart_WriteCharEc)
                  00009300    0000001a     button.o (.text._ZN7drivers16Button_IsPressedEPKNS_13ButtonContextE)
                  0000931a    00000002     --HOLE-- [fill = 0]
                  0000931c    0000001a     libclang_rt.builtins.a : aeabi_memset.S.obj (.text)
                  00009336    00000002     --HOLE-- [fill = 0]
                  00009338    00000018     board_i2c_bus.o (.text._ZN5board15Board_I2cBusGetEj)
                  00009350    00000018     board_button.o (.text._ZN5board19Board_ButtonGetNameENS_13BoardButtonIdE)
                  00009368    00000018     lora.o (.text._ZN7drivers20LoraUart_GetBaudrateEPKNS_15LoraUartContextE)
                  00009380    00000018     motor_driver_uart.o (.text._ZN7drivers27MotorDriverUart_GetBaudrateEPKNS_22MotorDriverUartContextE)
                  00009398    00000016     app_main.o (.text._ZN12_GLOBAL__N_118App_ButtonScanTaskEv)
                  000093ae    00000016     led.o (.text._ZN7drivers11Led_IsReadyEPKNS_10LedContextE)
                  000093c4    00000016     buzzer.o (.text._ZN7drivers14Buzzer_IsReadyEPKNS_13BuzzerContextE)
                  000093da    00000016     lora.o (.text._ZN7drivers16LoraUart_IsReadyEPKNS_15LoraUartContextE)
                  000093f0    00000016     motor_driver_uart.o (.text._ZN7drivers23MotorDriverUart_IsReadyEPKNS_22MotorDriverUartContextE)
                  00009406    00000016     libc.a : copy_zero_init.c.obj (.text:decompress:ZI:__TI_zero_init_nomemset)
                  0000941c    00000014     board_fram.o (.text._ZN5board14Board_FramInitEv)
                  00009430    00000014     board_fram.o (.text._ZN5board14Board_FramReadEtPht)
                  00009444    00000014     board_lora.o (.text._ZN5board15Board_LoraWriteEPKht)
                  00009458    00000014     board_buzzer.o (.text._ZN5board16Board_BuzzerInitEv)
                  0000946c    00000014     board_fram.o (.text._ZN5board18Board_FramReadByteEtPh)
                  00009480    00000014     board_fram.o (.text._ZN5board18Board_FramSelfTestEv)
                  00009494    00000014     board_fram.o (.text._ZN5board19Board_FramWriteByteEth)
                  000094a8    00000014     board_led.o (.text._ZN5board19Board_StatusLedInitEv)
                  000094bc    00000014     board_motor_driver.o (.text._ZN5board22Board_MotorDriverWriteEPKht)
                  000094d0    00000014     board_ina219.o (.text._ZN5board24Board_Ina219ProbeAddressEhPt)
                  000094e4    00000014     board_ina219.o (.text._ZN5board24Board_Ina219ReadRegisterEhPt)
                  000094f8    00000014     board_ina219.o (.text._ZN5board25Board_Ina219WriteRegisterEht)
                  0000950c    00000014     fm24cl64b.o (.text._ZN7drivers19Fm24cl64b_WriteByteEPNS_16Fm24cl64bContextEth)
                  00009520    00000014     shell.o (.text._ZN8services15Shell_WriteLineEPKc)
                  00009534    00000012     driverlib.a : dl_spi.o (.text.DL_SPI_setClockConfig)
                  00009546    00000012                 : dl_uart.o (.text.DL_UART_setClockConfig)
                  00009558    00000012     libc.a : copy_decompress_none.c.obj (.text:decompress:none)
                  0000956a    00000002     --HOLE-- [fill = 0]
                  0000956c    00000010     time.o (.text.SysTick_Handler)
                  0000957c    00000010     board_lora.o (.text.UART0_IRQHandler)
                  0000958c    00000010     board_motor_driver.o (.text.UART1_IRQHandler)
                  0000959c    00000010     app_shell.o (.text._ZN3app12_GLOBAL__N_110AdcCommandEiPKPKc)
                  000095ac    00000010     board_buzzer.o (.text._ZN5board14Board_BuzzerOnEv)
                  000095bc    00000010     board_buzzer.o (.text._ZN5board15Board_BuzzerOffEv)
                  000095cc    00000010     board_fram.o (.text._ZN5board17Board_FramIsReadyEv)
                  000095dc    00000010     board_ina219.o (.text._ZN5board17Board_Ina219ResetEv)
                  000095ec    00000010     board_lora.o (.text._ZN5board17Board_LoraIsReadyEv)
                  000095fc    00000010     board_led.o (.text._ZN5board17Board_StatusLedOnEv)
                  0000960c    00000010     board_lora.o (.text._ZN5board18Board_LoraReadByteEPh)
                  0000961c    00000010     board_led.o (.text._ZN5board18Board_StatusLedOffEv)
                  0000962c    00000010     board_buzzer.o (.text._ZN5board19Board_BuzzerIsReadyEv)
                  0000963c    00000010     board_ina219.o (.text._ZN5board19Board_Ina219IsReadyEv)
                  0000964c    00000010     board_lora.o (.text._ZN5board19Board_LoraWriteByteEh)
                  0000965c    00000010     board_fram.o (.text._ZN5board20Board_FramRecoverBusEv)
                  0000966c    00000010     board_lora.o (.text._ZN5board21Board_LoraGetBaudrateEv)
                  0000967c    00000010     board_ina219.o (.text._ZN5board22Board_Ina219GetAddressEv)
                  0000968c    00000010     board_ina219.o (.text._ZN5board22Board_Ina219RecoverBusEv)
                  0000969c    00000010     board_ina219.o (.text._ZN5board22Board_Ina219SetAddressEh)
                  000096ac    00000010     board_led.o (.text._ZN5board22Board_StatusLedIsReadyEv)
                  000096bc    00000010     board_ina219.o (.text._ZN5board23Board_Ina219CalibrationEv)
                  000096cc    00000010     board_lora.o (.text._ZN5board23Board_LoraClearRxBufferEv)
                  000096dc    00000010     board_lora.o (.text._ZN5board24Board_LoraGetRxAvailableEv)
                  000096ec    00000010     board_motor_driver.o (.text._ZN5board24Board_MotorDriverIsReadyEv)
                  000096fc    00000010     board_motor_driver.o (.text._ZN5board25Board_MotorDriverReadByteEPh)
                  0000970c    00000010     board_motor_driver.o (.text._ZN5board26Board_MotorDriverWriteByteEh)
                  0000971c    00000010     board_ina219.o (.text._ZN5board27Board_Ina219ReadMeasurementEPN7drivers17Ina219MeasurementE)
                  0000972c    00000010     board_lora.o (.text._ZN5board27Board_LoraGetRxDroppedCountEv)
                  0000973c    00000010     board_ina219.o (.text._ZN5board28Board_Ina219ConfigureDefaultEv)
                  0000974c    00000010     board_ina219.o (.text._ZN5board28Board_Ina219ReadRawRegistersEPN7drivers18Ina219RawRegistersE)
                  0000975c    00000010     board_motor_driver.o (.text._ZN5board28Board_MotorDriverGetBaudrateEv)
                  0000976c    00000010     board_lora.o (.text._ZN5board29Board_LoraGetControllerStatusEPj)
                  0000977c    00000010     board_motor_driver.o (.text._ZN5board30Board_MotorDriverClearRxBufferEv)
                  0000978c    00000010     board_motor_driver.o (.text._ZN5board31Board_MotorDriverGetRxAvailableEv)
                  0000979c    00000010     board_motor_driver.o (.text._ZN5board34Board_MotorDriverGetRxDroppedCountEv)
                  000097ac    00000010     board_motor_driver.o (.text._ZN5board36Board_MotorDriverGetControllerStatusEPj)
                  000097bc    00000010     fault.o (.text._ZN8services9Fault_SetENS_9FaultCodeE)
                  000097cc    0000000c     board_imu.o (.text._ZN5board16Board_ImuIsReadyEv)
                  000097d8    0000000c     lora.o (.text._ZN7drivers26LoraUart_GetRxDroppedCountEPKNS_15LoraUartContextE)
                  000097e4    0000000c     motor_driver_uart.o (.text._ZN7drivers33MotorDriverUart_GetRxDroppedCountEPKNS_22MotorDriverUartContextE)
                  000097f0    0000000c     fault.o (.text._ZN8services10Fault_InitEv)
                  000097fc    0000000c     time.o (.text._ZN8services11Time_MillisEv)
                  00009808    0000000c     debug_uart.o (.text._ZN8services17DebugUart_IsReadyEv)
                  00009814    0000000c     fault.o (.text._ZN8services9Fault_GetEv)
                  00009820    0000000a     driverlib.a : dl_common.o (.text.DL_Common_delayCycles)
                  0000982a    0000000a     fm24cl64b.o (.text._ZN7drivers18Fm24cl64b_ReadByteEPNS_16Fm24cl64bContextEtPh)
                  00009834    00000008     shell.o (.text._ZN8services15Shell_WriteCharEc)
                  0000983c    00000008     shell.o (.text._ZN8services17Shell_WriteStringEPKc)
                  00009844    00000008     shell.o (.text._ZN8services17Shell_WriteUInt32Ej)
                  0000984c    00000008     libclang_rt.builtins.a : aeabi_memcpy.S.obj (.text)
                  00009854    00000006     board_fram.o (.text._ZN5board23Board_FramCapacityBytesEv)
                  0000985a    00000006     libc.a : exit.c.obj (.text:abort)
                  00009860    00000004     libsysbm.a : hostexit.c.obj (.text.HOSTexit)
                  00009864    00000004     startup_mspm0g351x_ticlang.o (.text.Reset_Handler)
                  00009868    00000004     board_i2c_bus.o (.text._ZN5board17Board_I2cBusCountEv)
                  0000986c    00000004     libc.a : pre_init.c.obj (.text._system_pre_init)

.cinit     0    0000aac0    00000030     
                  0000aac0    0000000c     (__TI_handler_table)
                  0000aacc    00000009     (.cinit..data.load) [load image, compression = lzss]
                  0000aad5    00000003     --HOLE-- [fill = 0]
                  0000aad8    00000008     (.cinit..bss.load) [load image, compression = zero_init]
                  0000aae0    00000010     (__TI_cinit_table)

.rodata    0    00009870    00001250     
                  00009870    00000100     app_shell.o (.rodata..L.crctable)
                  00009970    00000058     board_i2c_bus.o (.rodata._ZN5board12_GLOBAL__N_110g_i2cBusesE)
                  000099c8    00000045     app_shell.o (.rodata.str1.2354522874658768371.1)
                  00009a0d    00000039     app_shell.o (.rodata.str1.444886150797460539.1)
                  00009a46    00000039     app_shell.o (.rodata.str1.9210286441137644766.1)
                  00009a7f    00000001     app_shell.o (.rodata.str1.8573948346423057931.1)
                  00009a80    00000038     board_ina219.o (.rodata._ZN5boardL14g_ina219ConfigE)
                  00009ab8    00000035     app_shell.o (.rodata.str1.14384267027075031912.1)
                  00009aed    00000031     app_shell.o (.rodata.str1.13305312957799781956.1)
                  00009b1e    00000002     app_shell.o (.rodata._ZZN3app12_GLOBAL__N_112MotorCommandEiPKPKcE7kM1Stop)
                  00009b20    00000030     board_button.o (.rodata._ZN5board12_GLOBAL__N_115g_buttonConfigsE)
                  00009b50    00000030     app_shell.o (.rodata.str1.14683574465395229248.1)
                  00009b80    0000002c     board_fram.o (.rodata._ZN5boardL12g_framConfigE)
                  00009bac    0000002b     app_shell.o (.rodata.str1.17946445462908322557.1)
                  00009bd7    0000002a     app_shell.o (.rodata.str1.10195084751130023350.1)
                  00009c01    0000002a     app_shell.o (.rodata.str1.11698549779809542857.1)
                  00009c2b    00000026     shell.o (.rodata.str1.6901712316327456926.1)
                  00009c51    00000020     app_shell.o (.rodata.str1.1431720735396876446.1)
                  00009c71    00000020     app_shell.o (.rodata.str1.9018689912544847403.1)
                  00009c91    0000001f     app_shell.o (.rodata.str1.11187590877126870748.1)
                  00009cb0    0000001f     app_shell.o (.rodata.str1.6963926815691589692.1)
                  00009ccf    0000001f     app_shell.o (.rodata.str1.8175931356486144895.1)
                  00009cee    0000001f     app_shell.o (.rodata.str1.871335262082007188.1)
                  00009d0d    0000001e     app_shell.o (.rodata.str1.14280360640269665673.1)
                  00009d2b    0000001e     app_shell.o (.rodata.str1.15434941628325917383.1)
                  00009d49    0000001d     app_shell.o (.rodata.str1.14205965562906606532.1)
                  00009d66    0000001d     app_shell.o (.rodata.str1.15176035481894813218.1)
                  00009d83    0000001d     app_shell.o (.rodata.str1.17149590331237407959.1)
                  00009da0    0000001d     app_shell.o (.rodata.str1.17942500811997078001.1)
                  00009dbd    00000003     shell.o (.rodata.str1.10427229796524742636.1)
                  00009dc0    0000001c     app_shell.o (.rodata..Lswitch.table._ZN3app12_GLOBAL__N_115WriteStatusLineEPKcN7drivers12DriverStatusE)
                  00009ddc    0000001c     app_shell.o (.rodata.str1.11208828733426745331.1)
                  00009df8    0000001c     app_shell.o (.rodata.str1.16920742144462411612.1)
                  00009e14    0000001c     app_shell.o (.rodata.str1.2994156742980555940.1)
                  00009e30    0000001b     app_shell.o (.rodata.str1.6446933695614087048.1)
                  00009e4b    0000001b     app_shell.o (.rodata.str1.9081962557253678714.1)
                  00009e66    0000001a     app_shell.o (.rodata.str1.4641291215374644332.1)
                  00009e80    0000001a     app_shell.o (.rodata.str1.7571154574660953324.1)
                  00009e9a    00000019     app_shell.o (.rodata.str1.13442463908107530774.1)
                  00009eb3    00000019     app_shell.o (.rodata.str1.16682001306138638370.1)
                  00009ecc    00000019     app_shell.o (.rodata.str1.5640218363402806195.1)
                  00009ee5    00000003     app_shell.o (.rodata.str1.12185306449572332681.1)
                  00009ee8    00000018     app_shell.o (.rodata..Lswitch.table._ZN3app12_GLOBAL__N_114PrintI2cStatusEPKN7drivers16I2cDiagBusConfigE)
                  00009f00    00000018     board_lora.o (.rodata._ZN5boardL12g_loraConfigE)
                  00009f18    00000018     board_motor_driver.o (.rodata._ZN5boardL19g_motorDriverConfigE)
                  00009f30    00000018     app_shell.o (.rodata.str1.15645525071624774828.1)
                  00009f48    00000017     app_shell.o (.rodata.str1.17353931100524941225.1)
                  00009f5f    00000017     shell.o (.rodata.str1.5680428239841774557.1)
                  00009f76    00000017     app_shell.o (.rodata.str1.7493624433185208732.1)
                  00009f8d    00000016     app_shell.o (.rodata.str1.1349469432826125676.1)
                  00009fa3    00000016     app_shell.o (.rodata.str1.14891418699318862133.1)
                  00009fb9    00000016     app_shell.o (.rodata.str1.1642163497366634869.1)
                  00009fcf    00000016     app_shell.o (.rodata.str1.5612542551564952699.1)
                  00009fe5    00000016     app_shell.o (.rodata.str1.8287504627243269121.1)
                  00009ffb    00000015     app_shell.o (.rodata.str1.1222417806814152126.1)
                  0000a010    00000015     app_shell.o (.rodata.str1.14031660303973722868.1)
                  0000a025    00000015     app_shell.o (.rodata.str1.16227620492999702623.1)
                  0000a03a    00000015     app_shell.o (.rodata.str1.17348661065144809008.1)
                  0000a04f    00000015     app_shell.o (.rodata.str1.2942266741242204019.1)
                  0000a064    00000014     app_shell.o (.rodata.str1.8509687067808380963.1)
                  0000a078    00000013     app_shell.o (.rodata.str1.12588545937538655288.1)
                  0000a08b    00000013     app_shell.o (.rodata.str1.6394054571282083081.1)
                  0000a09e    00000013     app_shell.o (.rodata.str1.8602760754867183125.1)
                  0000a0b1    00000013     app_shell.o (.rodata.str1.8767742179201719121.1)
                  0000a0c4    00000012     app_shell.o (.rodata.str1.10465369967917398799.1)
                  0000a0d6    00000012     app_shell.o (.rodata.str1.107782727556153465.1)
                  0000a0e8    00000012     app_shell.o (.rodata.str1.11627215746227218045.1)
                  0000a0fa    00000012     app_shell.o (.rodata.str1.13324323091560154661.1)
                  0000a10c    00000012     app_shell.o (.rodata.str1.16249557628706834344.1)
                  0000a11e    00000012     app_shell.o (.rodata.str1.560197181004569561.1)
                  0000a130    00000012     app_shell.o (.rodata.str1.7579154775923007786.1)
                  0000a142    00000012     shell.o (.rodata.str1.8246939600463437344.1)
                  0000a154    00000012     app_shell.o (.rodata.str1.9055250215258332321.1)
                  0000a166    00000011     app_shell.o (.rodata.str1.11627259167888876947.1)
                  0000a177    00000011     app_shell.o (.rodata.str1.12036585828892915957.1)
                  0000a188    00000011     app_shell.o (.rodata.str1.14613035533147221857.1)
                  0000a199    00000011     app_shell.o (.rodata.str1.14677212197102816015.1)
                  0000a1aa    00000011     app_shell.o (.rodata.str1.16368304853068341593.1)
                  0000a1bb    00000011     app_shell.o (.rodata.str1.6578158171544725696.1)
                  0000a1cc    00000011     app_shell.o (.rodata.str1.7950140236767125311.1)
                  0000a1dd    00000011     app_shell.o (.rodata.str1.8793534488315853255.1)
                  0000a1ee    00000010     app_shell.o (.rodata.str1.11085599432999950484.1)
                  0000a1fe    00000010     app_shell.o (.rodata.str1.14827416709503782844.1)
                  0000a20e    00000010     app_shell.o (.rodata.str1.15520279574724480647.1)
                  0000a21e    00000010     app_shell.o (.rodata.str1.17029008240216598945.1)
                  0000a22e    00000010     app_shell.o (.rodata.str1.264036748927759168.1)
                  0000a23e    00000010     app_shell.o (.rodata.str1.4561355912026728236.1)
                  0000a24e    00000010     app_shell.o (.rodata.str1.5557692366192543561.1)
                  0000a25e    00000010     app_shell.o (.rodata.str1.6219487071531100932.1)
                  0000a26e    00000010     app_shell.o (.rodata.str1.7923626403509450708.1)
                  0000a27e    00000010     app_shell.o (.rodata.str1.795459456749244188.1)
                  0000a28e    00000010     app_shell.o (.rodata.str1.9082118575882053516.1)
                  0000a29e    00000010     app_shell.o (.rodata.str1.9141388473721648320.1)
                  0000a2ae    00000010     app_shell.o (.rodata.str1.9244822838137428263.1)
                  0000a2be    0000000f     app_shell.o (.rodata.str1.11747346528919543944.1)
                  0000a2cd    0000000f     app_shell.o (.rodata.str1.12164603244115374595.1)
                  0000a2dc    0000000f     app_shell.o (.rodata.str1.14241588195389562460.1)
                  0000a2eb    0000000f     app_shell.o (.rodata.str1.17876943342118536213.1)
                  0000a2fa    0000000f     app_shell.o (.rodata.str1.3134304214227531536.1)
                  0000a309    0000000f     app_shell.o (.rodata.str1.3256265506082810711.1)
                  0000a318    0000000f     app_shell.o (.rodata.str1.3345426052653886543.1)
                  0000a327    0000000f     app_shell.o (.rodata.str1.3879560646291831357.1)
                  0000a336    0000000f     app_shell.o (.rodata.str1.4392945030196501414.1)
                  0000a345    0000000f     app_shell.o (.rodata.str1.5407661000085889072.1)
                  0000a354    0000000f     app_shell.o (.rodata.str1.7267978533840413714.1)
                  0000a363    0000000f     app_shell.o (.rodata.str1.9051984071380436030.1)
                  0000a372    0000000e     app_shell.o (.rodata.str1.10256891727475852015.1)
                  0000a380    0000000e     app_shell.o (.rodata.str1.11903828385650032657.1)
                  0000a38e    0000000e     app_shell.o (.rodata.str1.12583477948311004516.1)
                  0000a39c    0000000e     app_shell.o (.rodata.str1.13323525510459860336.1)
                  0000a3aa    0000000e     app_shell.o (.rodata.str1.14082473703337987432.1)
                  0000a3b8    0000000e     app_shell.o (.rodata.str1.1451090849677487530.1)
                  0000a3c6    0000000e     app_shell.o (.rodata.str1.15403383602945839188.1)
                  0000a3d4    0000000e     app_shell.o (.rodata.str1.16167065860645901179.1)
                  0000a3e2    0000000e     app_shell.o (.rodata.str1.16815118733797554419.1)
                  0000a3f0    0000000e     app_shell.o (.rodata.str1.17894747200582054988.1)
                  0000a3fe    0000000e     app_shell.o (.rodata.str1.2900415078221183578.1)
                  0000a40c    0000000e     app_shell.o (.rodata.str1.626618899871332695.1)
                  0000a41a    0000000e     app_shell.o (.rodata.str1.6725838405751831500.1)
                  0000a428    0000000e     app_shell.o (.rodata.str1.6756868286634741853.1)
                  0000a436    0000000e     app_shell.o (.rodata.str1.7078129644076030331.1)
                  0000a444    0000000e     app_shell.o (.rodata.str1.9167415978045996327.1)
                  0000a452    0000000e     app_shell.o (.rodata.str1.9315764513386952153.1)
                  0000a460    0000000d     app_shell.o (.rodata.str1.10673636489446728236.1)
                  0000a46d    0000000d     app_shell.o (.rodata.str1.10761430618072912911.1)
                  0000a47a    0000000d     app_shell.o (.rodata.str1.10851017352621485976.1)
                  0000a487    0000000d     app_shell.o (.rodata.str1.1117190944701632139.1)
                  0000a494    0000000d     app_shell.o (.rodata.str1.11325690732168652611.1)
                  0000a4a1    0000000d     app_shell.o (.rodata.str1.11836969374611347342.1)
                  0000a4ae    0000000d     app_shell.o (.rodata.str1.1207053347194752072.1)
                  0000a4bb    0000000d     app_shell.o (.rodata.str1.12082892960889789793.1)
                  0000a4c8    0000000d     app_shell.o (.rodata.str1.12824201010631389445.1)
                  0000a4d5    0000000d     app_shell.o (.rodata.str1.13438288695896508174.1)
                  0000a4e2    0000000d     app_shell.o (.rodata.str1.13993368087264210023.1)
                  0000a4ef    0000000d     app_shell.o (.rodata.str1.1420893864952581301.1)
                  0000a4fc    0000000d     app_shell.o (.rodata.str1.14678420154468417691.1)
                  0000a509    0000000d     app_shell.o (.rodata.str1.15397327130298834941.1)
                  0000a516    0000000d     app_shell.o (.rodata.str1.16608939394091912599.1)
                  0000a523    0000000d     app_shell.o (.rodata.str1.16835946644515092483.1)
                  0000a530    0000000d     app_shell.o (.rodata.str1.18076126304851181080.1)
                  0000a53d    0000000d     app_shell.o (.rodata.str1.2370428100076675559.1)
                  0000a54a    0000000d     app_shell.o (.rodata.str1.296188832848622959.1)
                  0000a557    0000000d     app_shell.o (.rodata.str1.4126815238888174570.1)
                  0000a564    0000000d     app_shell.o (.rodata.str1.4203577644585159315.1)
                  0000a571    0000000d     app_shell.o (.rodata.str1.4906473829960206720.1)
                  0000a57e    0000000d     app_shell.o (.rodata.str1.5000143241413183010.1)
                  0000a58b    0000000d     app_shell.o (.rodata.str1.5263001642383835309.1)
                  0000a598    0000000d     app_shell.o (.rodata.str1.5848672442950545206.1)
                  0000a5a5    0000000d     app_shell.o (.rodata.str1.7850322238517394535.1)
                  0000a5b2    0000000d     app_shell.o (.rodata.str1.8435392788517128360.1)
                  0000a5bf    0000000d     app_shell.o (.rodata.str1.9705620893505900.1)
                  0000a5cc    0000000c     board_button.o (.rodata..Lswitch.table._ZN5board19Board_ButtonGetNameENS_13BoardButtonIdE)
                  0000a5d8    0000000c     board_imu.o (.rodata..Lswitch.table._ZN5board19Board_ImuSetSpiModeEh)
                  0000a5e4    0000000c     board_buzzer.o (.rodata._ZN5boardL14g_buzzerConfigE)
                  0000a5f0    0000000c     board_led.o (.rodata._ZN5boardL17g_statusLedConfigE)
                  0000a5fc    0000000c     app_shell.o (.rodata.str1.12681352959443149009.1)
                  0000a608    0000000c     app_shell.o (.rodata.str1.13157479058689081212.1)
                  0000a614    0000000c     app_shell.o (.rodata.str1.13507390935846511250.1)
                  0000a620    0000000c     app_shell.o (.rodata.str1.15195419684703654944.1)
                  0000a62c    0000000c     app_shell.o (.rodata.str1.15409376994933409736.1)
                  0000a638    0000000c     app_shell.o (.rodata.str1.15536306115837748184.1)
                  0000a644    0000000c     app_shell.o (.rodata.str1.16800956331689080151.1)
                  0000a650    0000000c     app_shell.o (.rodata.str1.16821001261222486393.1)
                  0000a65c    0000000c     app_shell.o (.rodata.str1.1715960982390498022.1)
                  0000a668    0000000c     app_shell.o (.rodata.str1.17414183638713165213.1)
                  0000a674    0000000c     app_shell.o (.rodata.str1.17563913066770742391.1)
                  0000a680    0000000c     app_shell.o (.rodata.str1.2292235750072059597.1)
                  0000a68c    0000000c     app_shell.o (.rodata.str1.2319085888762997156.1)
                  0000a698    0000000c     app_shell.o (.rodata.str1.3590894685082263268.1)
                  0000a6a4    0000000c     app_shell.o (.rodata.str1.3892416308557052197.1)
                  0000a6b0    0000000c     app_shell.o (.rodata.str1.4190646769514731288.1)
                  0000a6bc    0000000c     app_shell.o (.rodata.str1.8150600325345066189.1)
                  0000a6c8    0000000c     app_shell.o (.rodata.str1.97227345183721019.1)
                  0000a6d4    0000000b     app_shell.o (.rodata.str1.12080946370607717659.1)
                  0000a6df    0000000b     app_shell.o (.rodata.str1.12144774989780088692.1)
                  0000a6ea    0000000b     app_shell.o (.rodata.str1.13760472749468428784.1)
                  0000a6f5    0000000b     app_shell.o (.rodata.str1.13923183189790686887.1)
                  0000a700    0000000b     app_shell.o (.rodata.str1.16738014180672278497.1)
                  0000a70b    0000000b     app_shell.o (.rodata.str1.1695784342961477721.1)
                  0000a716    0000000b     app_shell.o (.rodata.str1.18243883703027276797.1)
                  0000a721    0000000b     app_shell.o (.rodata.str1.1983276796565948189.1)
                  0000a72c    0000000b     app_shell.o (.rodata.str1.3587876751327453651.1)
                  0000a737    0000000b     app_shell.o (.rodata.str1.5770566940880199477.1)
                  0000a742    0000000b     app_shell.o (.rodata.str1.7207923708610531365.1)
                  0000a74d    0000000b     app_shell.o (.rodata.str1.738127925484632372.1)
                  0000a758    0000000b     app_shell.o (.rodata.str1.7652650349062231201.1)
                  0000a763    00000001     --HOLE-- [fill = 0]
                  0000a764    0000000a     ti_msp_dl_config.o (.rodata.gDEBUG_UARTConfig)
                  0000a76e    0000000a     ti_msp_dl_config.o (.rodata.gIMU_SPI_config)
                  0000a778    0000000a     ti_msp_dl_config.o (.rodata.gLORA_UARTConfig)
                  0000a782    0000000a     ti_msp_dl_config.o (.rodata.gMOTOR_UARTConfig)
                  0000a78c    0000000a     app_shell.o (.rodata.str1.13772462829107236127.1)
                  0000a796    0000000a     app_shell.o (.rodata.str1.16216038010955657616.1)
                  0000a7a0    0000000a     app_shell.o (.rodata.str1.16330407060470052804.1)
                  0000a7aa    0000000a     shell.o (.rodata.str1.17922515892264497723.1)
                  0000a7b4    0000000a     app_shell.o (.rodata.str1.18173995716001367913.1)
                  0000a7be    0000000a     app_shell.o (.rodata.str1.3801014448936389230.1)
                  0000a7c8    0000000a     app_shell.o (.rodata.str1.4218503564476151687.1)
                  0000a7d2    0000000a     app_shell.o (.rodata.str1.8035528561561339514.1)
                  0000a7dc    00000009     app_shell.o (.rodata.str1.11515932757094173050.1)
                  0000a7e5    00000009     app_shell.o (.rodata.str1.13247589138198607459.1)
                  0000a7ee    00000009     app_shell.o (.rodata.str1.2672312858105111990.1)
                  0000a7f7    00000009     app_shell.o (.rodata.str1.5376205643164354286.1)
                  0000a800    00000009     app_shell.o (.rodata.str1.9017255012489828088.1)
                  0000a809    00000008     app_shell.o (.rodata.str1.10665909939688505188.1)
                  0000a811    00000008     board_button.o (.rodata.str1.10963450802004053816.1)
                  0000a819    00000008     app_shell.o (.rodata.str1.11327417708772392390.1)
                  0000a821    00000008     app_shell.o (.rodata.str1.11335294061225285764.1)
                  0000a829    00000008     app_shell.o (.rodata.str1.14639049301600042713.1)
                  0000a831    00000008     app_shell.o (.rodata.str1.15706013027452160776.1)
                  0000a839    00000008     app_shell.o (.rodata.str1.16751110918939779405.1)
                  0000a841    00000008     app_shell.o (.rodata.str1.17082220688523197928.1)
                  0000a849    00000008     board_button.o (.rodata.str1.17681505947258605906.1)
                  0000a851    00000008     board_button.o (.rodata.str1.18240515884718476655.1)
                  0000a859    00000008     app_main.o (.rodata.str1.1839410120130765391.1)
                  0000a861    00000008     app_shell.o (.rodata.str1.2128407216864987192.1)
                  0000a869    00000008     app_shell.o (.rodata.str1.232704503142678858.1)
                  0000a871    00000008     app_shell.o (.rodata.str1.3791812099772881164.1)
                  0000a879    00000008     app_shell.o (.rodata.str1.5549424804698209806.1)
                  0000a881    00000008     board_button.o (.rodata.str1.5952028417427413650.1)
                  0000a889    00000008     app_shell.o (.rodata.str1.6213986015100719150.1)
                  0000a891    00000008     app_shell.o (.rodata.str1.8730301986016609910.1)
                  0000a899    00000008     app_shell.o (.rodata.str1.9555053908608242801.1)
                  0000a8a1    00000007     app_shell.o (.rodata.str1.11774507841365577078.1)
                  0000a8a8    00000007     app_shell.o (.rodata.str1.11922244342622017285.1)
                  0000a8af    00000007     app_shell.o (.rodata.str1.13029328624899454496.1)
                  0000a8b6    00000007     app_shell.o (.rodata.str1.15816476343860600217.1)
                  0000a8bd    00000007     board_i2c_bus.o (.rodata.str1.17771965703026024685.1)
                  0000a8c4    00000007     app_shell.o (.rodata.str1.2029421846019890511.1)
                  0000a8cb    00000007     app_shell.o (.rodata.str1.2112829382197544942.1)
                  0000a8d2    00000007     app_shell.o (.rodata.str1.27965927919619260.1)
                  0000a8d9    00000007     app_shell.o (.rodata.str1.2831129786622658843.1)
                  0000a8e0    00000007     app_shell.o (.rodata.str1.2963890733414402023.1)
                  0000a8e7    00000007     app_shell.o (.rodata.str1.551504573030492924.1)
                  0000a8ee    00000007     app_shell.o (.rodata.str1.5515999138927817340.1)
                  0000a8f5    00000007     app_shell.o (.rodata.str1.5998459121093071997.1)
                  0000a8fc    00000007     app_shell.o (.rodata.str1.671945175647755142.1)
                  0000a903    00000007     app_shell.o (.rodata.str1.6741221679932540615.1)
                  0000a90a    00000007     app_shell.o (.rodata.str1.7988978544830785654.1)
                  0000a911    00000007     app_shell.o (.rodata.str1.931795180867172166.1)
                  0000a918    00000007     app_shell.o (.rodata.str1.9376739677351878210.1)
                  0000a91f    00000007     app_shell.o (.rodata.str1.9708937098353321336.1)
                  0000a926    00000006     app_shell.o (.rodata._ZZN3app12_GLOBAL__N_111LoraCommandEiPKPKcE9kTestData)
                  0000a92c    00000006     app_shell.o (.rodata._ZZN3app12_GLOBAL__N_112MotorCommandEiPKPKcE9kTestData)
                  0000a932    00000006     app_shell.o (.rodata.str1.10018306225359911921.1)
                  0000a938    00000006     app_shell.o (.rodata.str1.13643216153024045165.1)
                  0000a93e    00000006     app_shell.o (.rodata.str1.14223157730264656398.1)
                  0000a944    00000006     app_shell.o (.rodata.str1.14355953386558495977.1)
                  0000a94a    00000006     app_shell.o (.rodata.str1.15453031427744251291.1)
                  0000a950    00000006     app_shell.o (.rodata.str1.15890787717468802715.1)
                  0000a956    00000006     app_shell.o (.rodata.str1.16079002699872141978.1)
                  0000a95c    00000006     app_shell.o (.rodata.str1.16234102244779358492.1)
                  0000a962    00000006     app_shell.o (.rodata.str1.16556295950709461880.1)
                  0000a968    00000006     app_shell.o (.rodata.str1.3266044674648287831.1)
                  0000a96e    00000006     app_shell.o (.rodata.str1.4138401803328556999.1)
                  0000a974    00000006     app_shell.o (.rodata.str1.5164433326538179767.1)
                  0000a97a    00000006     app_shell.o (.rodata.str1.5301191676092148263.1)
                  0000a980    00000006     app_shell.o (.rodata.str1.587364518894469847.1)
                  0000a986    00000006     app_shell.o (.rodata.str1.5909738732761903070.1)
                  0000a98c    00000006     app_shell.o (.rodata.str1.6351667589775284342.1)
                  0000a992    00000006     app_shell.o (.rodata.str1.6951946783319408118.1)
                  0000a998    00000006     app_shell.o (.rodata.str1.7612592787831263617.1)
                  0000a99e    00000006     app_shell.o (.rodata.str1.8674441817985872181.1)
                  0000a9a4    00000006     app_shell.o (.rodata.str1.8963702969112686911.1)
                  0000a9aa    00000006     app_shell.o (.rodata.str1.9144633642026494361.1)
                  0000a9b0    00000006     app_shell.o (.rodata.str1.9307220092008964426.1)
                  0000a9b6    00000006     app_shell.o (.rodata.str1.9805525145790407866.1)
                  0000a9bc    00000005     app_shell.o (.rodata.str1.10218881960771275491.1)
                  0000a9c1    00000005     board_i2c_bus.o (.rodata.str1.11524751692591293752.1)
                  0000a9c6    00000005     app_shell.o (.rodata.str1.13640432584226954899.1)
                  0000a9cb    00000005     app_shell.o (.rodata.str1.15885433143163248817.1)
                  0000a9d0    00000005     app_shell.o (.rodata.str1.16423083052983990348.1)
                  0000a9d5    00000005     app_shell.o (.rodata.str1.16906130264434024515.1)
                  0000a9da    00000005     shell.o (.rodata.str1.17405053739148516019.1)
                  0000a9df    00000005     app_shell.o (.rodata.str1.17796269336985765740.1)
                  0000a9e4    00000005     app_shell.o (.rodata.str1.1818528395550233868.1)
                  0000a9e9    00000005     app_shell.o (.rodata.str1.18221696243336245540.1)
                  0000a9ee    00000005     app_shell.o (.rodata.str1.18269279803075602796.1)
                  0000a9f3    00000005     app_shell.o (.rodata.str1.2160470991696560517.1)
                  0000a9f8    00000005     app_shell.o (.rodata.str1.4179493015675024832.1)
                  0000a9fd    00000005     app_shell.o (.rodata.str1.4754765727316804258.1)
                  0000aa02    00000005     app_shell.o (.rodata.str1.5531439754045694522.1)
                  0000aa07    00000005     app_shell.o (.rodata.str1.5652790780262836254.1)
                  0000aa0c    00000005     app_shell.o (.rodata.str1.5998451886276286134.1)
                  0000aa11    00000005     app_shell.o (.rodata.str1.6333935326310285001.1)
                  0000aa16    00000005     app_shell.o (.rodata.str1.7212684690809077353.1)
                  0000aa1b    00000005     app_shell.o (.rodata.str1.8569159511768566713.1)
                  0000aa20    00000005     app_shell.o (.rodata.str1.8934507472916618446.1)
                  0000aa25    00000005     app_shell.o (.rodata.str1.906066569443847875.1)
                  0000aa2a    00000004     app_shell.o (.rodata.str1.10756110055158838206.1)
                  0000aa2e    00000004     app_shell.o (.rodata.str1.10855919650491312362.1)
                  0000aa32    00000004     app_shell.o (.rodata.str1.11810056576553604146.1)
                  0000aa36    00000004     app_shell.o (.rodata.str1.12139680495649507277.1)
                  0000aa3a    00000004     app_shell.o (.rodata.str1.1223882822645374465.1)
                  0000aa3e    00000004     app_shell.o (.rodata.str1.13626453309717720227.1)
                  0000aa42    00000004     app_shell.o (.rodata.str1.14008062965805295334.1)
                  0000aa46    00000004     app_shell.o (.rodata.str1.141740382680400416.1)
                  0000aa4a    00000004     app_shell.o (.rodata.str1.14445045882516821416.1)
                  0000aa4e    00000004     app_shell.o (.rodata.str1.14623014954758015065.1)
                  0000aa52    00000004     app_shell.o (.rodata.str1.2767916714829989116.1)
                  0000aa56    00000004     app_shell.o (.rodata.str1.3030045481369325523.1)
                  0000aa5a    00000004     app_shell.o (.rodata.str1.3688985272902551570.1)
                  0000aa5e    00000004     app_shell.o (.rodata.str1.4465400818469226320.1)
                  0000aa62    00000004     app_shell.o (.rodata.str1.5716603645884478871.1)
                  0000aa66    00000004     app_shell.o (.rodata.str1.6410197886599512152.1)
                  0000aa6a    00000004     shell.o (.rodata.str1.7348818734176781284.1)
                  0000aa6e    00000004     app_shell.o (.rodata.str1.7743837333376801574.1)
                  0000aa72    00000004     app_shell.o (.rodata.str1.7940456731757887554.1)
                  0000aa76    00000004     app_shell.o (.rodata.str1.8406640635343907673.1)
                  0000aa7a    00000004     shell.o (.rodata.str1.8954516873856363469.1)
                  0000aa7e    00000003     app_shell.o (.rodata.str1.13245102848535749030.1)
                  0000aa81    00000003     app_shell.o (.rodata.str1.1418877803505809098.1)
                  0000aa84    00000003     app_shell.o (.rodata.str1.17269466629117989041.1)
                  0000aa87    00000003     app_shell.o (.rodata.str1.2027963614161212499.1)
                  0000aa8a    00000003     shell.o (.rodata.str1.4282230880151502975.1)
                  0000aa8d    00000003     app_shell.o (.rodata.str1.4993949747219772545.1)
                  0000aa90    00000003     app_shell.o (.rodata.str1.638712236475948105.1)
                  0000aa93    00000003     app_shell.o (.rodata.str1.7863334761919578676.1)
                  0000aa96    00000003     app_shell.o (.rodata.str1.8103717083034249282.1)
                  0000aa99    00000003     shell.o (.rodata.str1.8508895379925972626.1)
                  0000aa9c    00000002     app_shell.o (.rodata._ZZN3app12_GLOBAL__N_112MotorCommandEiPKPKcE7kM2Stop)
                  0000aa9e    00000002     ti_msp_dl_config.o (.rodata.gDEBUG_UARTClockConfig)
                  0000aaa0    00000002     ti_msp_dl_config.o (.rodata.gFRAM_I2CClockConfig)
                  0000aaa2    00000002     ti_msp_dl_config.o (.rodata.gIMU_SPI_clockConfig)
                  0000aaa4    00000002     ti_msp_dl_config.o (.rodata.gINA219_I2CClockConfig)
                  0000aaa6    00000002     ti_msp_dl_config.o (.rodata.gLORA_UARTClockConfig)
                  0000aaa8    00000002     ti_msp_dl_config.o (.rodata.gMOTOR_UARTClockConfig)
                  0000aaaa    00000002     app_shell.o (.rodata.str1.10091040128680290456.1)
                  0000aaac    00000002     app_shell.o (.rodata.str1.16458884249986146812.1)
                  0000aaae    00000002     app_shell.o (.rodata.str1.18057142085415363861.1)
                  0000aab0    00000002     app_shell.o (.rodata.str1.8867909630182175989.1)
                  0000aab2    00000002     app_shell.o (.rodata.str1.9307362830757344490.1)
                  0000aab4    0000000c     --HOLE-- [fill = 0]

.init_array 
*          0    00000000    00000000     UNINITIALIZED

.binit     0    00000000    00000000     

.bss       0    20200000    00000308     UNINITIALIZED
                  20200000    00000100     board_lora.o (.bss._ZN5boardL14g_loraRxBufferE)
                  20200100    00000100     board_motor_driver.o (.bss._ZN5boardL21g_motorDriverRxBufferE)
                  20200200    00000080     debug_uart.o (.bss._ZN8services12_GLOBAL__N_110g_rxBufferE)
                  20200280    00000060     shell.o (.bss._ZN8services12_GLOBAL__N_112g_lineBufferE)
                  202002e0    00000028     (.common:gIMU_SPIBackup)

.data      0    20200308    0000027c     UNINITIALIZED
                  20200308    00000100     shell.o (.data._ZN8services12_GLOBAL__N_110g_commandsE)
                  20200408    000000f0     scheduler.o (.data._ZN8servicesL7g_tasksE)
                  202004f8    00000030     board_button.o (.data._ZN5board12_GLOBAL__N_116g_buttonContextsE)
                  20200528    00000010     board_lora.o (.data._ZN5boardL13g_loraContextE)
                  20200538    00000010     board_motor_driver.o (.data._ZN5boardL20g_motorDriverContextE)
                  20200548    00000008     app_main.o (.data._ZN3appL10g_appStateE)
                  20200550    00000008     board_fram.o (.data._ZN5boardL13g_framContextE)
                  20200558    00000008     board_buzzer.o (.data._ZN5boardL15g_buzzerContextE)
                  20200560    00000008     board_ina219.o (.data._ZN5boardL15g_ina219ContextE)
                  20200568    00000008     board_led.o (.data._ZN5boardL18g_statusLedContextE)
                  20200570    00000004     shell.o (.data._ZN8services12_GLOBAL__N_112g_lineLengthE)
                  20200574    00000004     debug_uart.o (.data._ZN8services12_GLOBAL__N_116g_rxDroppedCountE)
                  20200578    00000004     time.o (.data._ZN8servicesL8g_millisE)
                  2020057c    00000002     debug_uart.o (.data._ZN8services12_GLOBAL__N_18g_rxHeadE)
                  2020057e    00000002     debug_uart.o (.data._ZN8services12_GLOBAL__N_18g_rxTailE)
                  20200580    00000001     board_imu.o (.data._ZN5board12_GLOBAL__N_110g_imuReadyE)
                  20200581    00000001     shell.o (.data._ZN8services12_GLOBAL__N_114g_ignoreNextLfE)
                  20200582    00000001     debug_uart.o (.data._ZN8services12_GLOBAL__N_116g_debugUartReadyE)
                  20200583    00000001     fault.o (.data._ZN8servicesL11g_faultCodeE)

.stack     0    2020ff00    00000100     UNINITIALIZED
                  2020ff00    00000004     libc.a : boot_cortex_m.c.obj (.stack)
                  2020ff04    000000fc     --HOLE--

__llvm_prf_cnts 
*          0    20200000    00000000     UNINITIALIZED

__llvm_prf_bits 
*          0    20200000    00000000     UNINITIALIZED

MODULE SUMMARY

       Module                         code    ro data   rw data
       ------                         ----    -------   -------
    .\
       ti_msp_dl_config.o             1128    52        40     
       startup_mspm0g351x_ticlang.o   6       192       0      
       empty_cpp.o                    82      0         0      
    +--+------------------------------+-------+---------+---------+
       Total:                         1216    244       40     
                                                               
    .\app\
       app_shell.o                    18952   4128      0      
       app_main.o                     102     8         8      
    +--+------------------------------+-------+---------+---------+
       Total:                         19054   4136      8      
                                                               
    .\board\
       board_imu.o                    3468    12        1      
       board_lora.o                   204     24        272    
       board_motor_driver.o           204     24        272    
       board_ina219.o                 356     56        8      
       board_button.o                 248     92        48     
       board_i2c_bus.o                204     100       0      
       board_fram.o                   210     44        8      
       board_buzzer.o                 68      12        8      
       board_led.o                    68      12        8      
       board.o                        38      0         0      
    +--+------------------------------+-------+---------+---------+
       Total:                         5068    376       625    
                                                               
    .\drivers\button\
       button.o                       306     0         0      
    +--+------------------------------+-------+---------+---------+
       Total:                         306     0         0      
                                                               
    .\drivers\buzzer\
       buzzer.o                       174     0         0      
    +--+------------------------------+-------+---------+---------+
       Total:                         174     0         0      
                                                               
    .\drivers\fm24cl64b\
       fm24cl64b.o                    1882    0         0      
    +--+------------------------------+-------+---------+---------+
       Total:                         1882    0         0      
                                                               
    .\drivers\i2c_diag\
       i2c_diag.o                     2152    0         0      
    +--+------------------------------+-------+---------+---------+
       Total:                         2152    0         0      
                                                               
    .\drivers\ina219\
       ina219.o                       2326    0         0      
    +--+------------------------------+-------+---------+---------+
       Total:                         2326    0         0      
                                                               
    .\drivers\led\
       led.o                          174     0         0      
    +--+------------------------------+-------+---------+---------+
       Total:                         174     0         0      
                                                               
    .\drivers\lora\
       lora.o                         908     0         0      
    +--+------------------------------+-------+---------+---------+
       Total:                         908     0         0      
                                                               
    .\drivers\motor_driver\
       motor_driver_uart.o            908     0         0      
    +--+------------------------------+-------+---------+---------+
       Total:                         908     0         0      
                                                               
    .\services\
       shell.o                        1800    111       357    
       scheduler.o                    832     0         240    
       debug_uart.o                   732     0         137    
       time.o                         84      0         4      
       fault.o                        40      0         1      
       log.o                          2       0         0      
    +--+------------------------------+-------+---------+---------+
       Total:                         3490    111       739    
                                                               
    C:/ti/mspm0_sdk_2_10_00_04/source/ti/driverlib/lib/ticlang/m0p/mspm0gx51x/driverlib.a
       dl_i2c.o                       240     0         0      
       dl_spi.o                       142     0         0      
       dl_uart.o                      138     0         0      
       dl_common.o                    10      0         0      
    +--+------------------------------+-------+---------+---------+
       Total:                         530     0         0      
                                                               
    C:\ti\ccs2100\ccs\tools\compiler\ti-cgt-armllvm_5.1.1.LTS\lib\armv6m-ti-none-eabi/c/libc.a
       memcpy16.S.obj                 154     0         0      
       copy_decompress_lzss.c.obj     124     0         0      
       memset16.S.obj                 98      0         0      
       autoinit.c.obj                 60      0         0      
       boot_cortex_m.c.obj            40      0         0      
       copy_zero_init.c.obj           22      0         0      
       copy_decompress_none.c.obj     18      0         0      
       exit.c.obj                     6       0         0      
       pre_init.c.obj                 4       0         0      
    +--+------------------------------+-------+---------+---------+
       Total:                         526     0         0      
                                                               
    C:\ti\ccs2100\ccs\tools\compiler\ti-cgt-armllvm_5.1.1.LTS\lib\armv6m-ti-none-eabi/c/libsysbm.a
       hostexit.c.obj                 4       0         0      
    +--+------------------------------+-------+---------+---------+
       Total:                         4       0         0      
                                                               
    C:\ti\ccs2100\ccs\tools\compiler\ti-cgt-armllvm_5.1.1.LTS\lib\armv6m-ti-none-eabi/libclang_rt.builtins.a
       aeabi_uidivmod.S.obj           64      0         0      
       aeabi_memset.S.obj             26      0         0      
       aeabi_memcpy.S.obj             8       0         0      
       aeabi_div0.c.obj               2       0         0      
    +--+------------------------------+-------+---------+---------+
       Total:                         100     0         0      
                                                               
       Stack:                         0       0         256    
       Linker Generated:              0       45        0      
    +--+------------------------------+-------+---------+---------+
       Grand Total:                   38818   4912      1668   


LINKER GENERATED COPY TABLES

__TI_cinit_table @ 0000aae0 records: 2, size/record: 8, table size: 16
	.data: load addr=0000aacc, load size=00000009 bytes, run addr=20200308, run size=0000027c bytes, compression=lzss
	.bss: load addr=0000aad8, load size=00000008 bytes, run addr=20200000, run size=00000308 bytes, compression=zero_init


LINKER GENERATED HANDLER TABLE

__TI_handler_table @ 0000aac0 records: 3, size/record: 4, table size: 12
	index: 0, handler: __TI_decompress_lzss
	index: 1, handler: __TI_decompress_none
	index: 2, handler: __TI_zero_init


GLOBAL SYMBOLS: SORTED ALPHABETICALLY BY Name 

address   name                                                                                        
-------   ----                                                                                        
0000766f  ADC0_IRQHandler                                                                             
0000766f  ADC1_IRQHandler                                                                             
0000766f  AESADV_IRQHandler                                                                           
00009860  C$$EXIT                                                                                     
0000766f  CANFD0_IRQHandler                                                                           
0000766f  CANFD1_IRQHandler                                                                           
0000766f  DAC0_IRQHandler                                                                             
00009821  DL_Common_delayCycles                                                                       
00008319  DL_I2C_fillControllerTXFIFO                                                                 
00008da5  DL_I2C_flushControllerRXFIFO                                                                
00008ac5  DL_I2C_flushControllerTXFIFO                                                                
000090f9  DL_I2C_setClockConfig                                                                       
00008835  DL_SPI_init                                                                                 
000091e9  DL_SPI_receiveDataCheck8                                                                    
00009535  DL_SPI_setClockConfig                                                                       
00009205  DL_SPI_transmitDataCheck8                                                                   
00008715  DL_UART_init                                                                                
00009547  DL_UART_setClockConfig                                                                      
00008dd5  DL_UART_transmitDataBlocking                                                                
0000766f  DMA_IRQHandler                                                                              
0000766f  Default_Handler                                                                             
0000766f  GROUP0_IRQHandler                                                                           
0000766f  GROUP1_IRQHandler                                                                           
00009861  HOSTexit                                                                                    
0000766f  HardFault_Handler                                                                           
0000766f  I2C0_IRQHandler                                                                             
0000766f  I2C1_IRQHandler                                                                             
0000766f  I2C2_IRQHandler                                                                             
0000766f  LFSS_IRQHandler                                                                             
0000766f  NMI_Handler                                                                                 
0000766f  PendSV_Handler                                                                              
00009865  Reset_Handler                                                                               
0000766f  SPI0_IRQHandler                                                                             
0000766f  SPI1_IRQHandler                                                                             
0000766f  SPI2_IRQHandler                                                                             
0000766f  SVC_Handler                                                                                 
000078c1  SYSCFG_DL_DEBUG_UART_init                                                                   
00008485  SYSCFG_DL_FRAM_I2C_init                                                                     
0000661d  SYSCFG_DL_GPIO_init                                                                         
000086c9  SYSCFG_DL_IMU_SPI_init                                                                      
000084d9  SYSCFG_DL_INA219_I2C_init                                                                   
00007949  SYSCFG_DL_LORA_UART_init                                                                    
000079d1  SYSCFG_DL_MOTOR_UART_init                                                                   
00008e05  SYSCFG_DL_SYSCTL_init                                                                       
00008d09  SYSCFG_DL_init                                                                              
00007c5d  SYSCFG_DL_initPower                                                                         
0000956d  SysTick_Handler                                                                             
0000766f  TIMA0_IRQHandler                                                                            
0000766f  TIMA1_IRQHandler                                                                            
0000766f  TIMG0_IRQHandler                                                                            
0000766f  TIMG12_IRQHandler                                                                           
0000766f  TIMG14_IRQHandler                                                                           
0000766f  TIMG6_IRQHandler                                                                            
0000766f  TIMG7_IRQHandler                                                                            
0000766f  TIMG8_IRQHandler                                                                            
0000766f  TIMG9_IRQHandler                                                                            
0000957d  UART0_IRQHandler                                                                            
0000958d  UART1_IRQHandler                                                                            
0000766f  UART3_IRQHandler                                                                            
0000766f  UART4_IRQHandler                                                                            
00007ec1  UART5_IRQHandler                                                                            
0000766f  UART6_IRQHandler                                                                            
0000766f  UART7_IRQHandler                                                                            
000061d1  _ZN3app25AppShell_RegisterCommandsEv                                                        
00009221  _ZN3app7App_RunEv                                                                           
00008d3d  _ZN3app8App_InitEv                                                                          
00009145  _ZN5board10Board_InitEv                                                                     
00008879  _ZN5board13Board_ImuInitEv                                                                  
000095ad  _ZN5board14Board_BuzzerOnEv                                                                 
0000941d  _ZN5board14Board_FramInitEv                                                                 
00009431  _ZN5board14Board_FramReadEtPht                                                              
000078bf  _ZN5board14Board_LateInitEv                                                                 
00009081  _ZN5board14Board_LoraInitEv                                                                 
000095bd  _ZN5board15Board_BuzzerOffEv                                                                
00009339  _ZN5board15Board_I2cBusGetEj                                                                
00009445  _ZN5board15Board_LoraWriteEPKht                                                             
00009459  _ZN5board16Board_BuzzerInitEv                                                               
00007151  _ZN5board16Board_I2cBusFindEPKc                                                             
000097cd  _ZN5board16Board_ImuIsReadyEv                                                               
00008629  _ZN5board16Board_Ina219InitEv                                                               
00008b3d  _ZN5board17Board_ButtonsInitEv                                                              
000095cd  _ZN5board17Board_FramIsReadyEv                                                              
00009869  _ZN5board17Board_I2cBusCountEv                                                              
000095dd  _ZN5board17Board_Ina219ResetEv                                                              
000095ed  _ZN5board17Board_LoraIsReadyEv                                                              
000095fd  _ZN5board17Board_StatusLedOnEv                                                              
0000946d  _ZN5board18Board_FramReadByteEtPh                                                           
[...]
00007c5d  SYSCFG_DL_initPower                                                                         
00007cd9  _ZN7drivers19LoraUart_IrqHandlerEPNS_15LoraUartContextE                                     
00007d55  _ZN7drivers26MotorDriverUart_IrqHandlerEPNS_22MotorDriverUartContextE                       
00007dd1  __TI_decompress_lzss                                                                        
00007e4d  _ZN7drivers22Ina219_ReadMeasurementEPNS_13Ina219ContextEPNS_17Ina219MeasurementE            
00007ec1  UART5_IRQHandler                                                                            
00007f2d  _ZN8services21DebugUart_WriteStringEPKc                                                     
000080cd  _ZN5board22Board_ImuGetLineStatusEPNS_18BoardImuLineStatusE                                 
00008131  _ZN7drivers14Fm24cl64b_InitEPNS_16Fm24cl64bContextEPKNS_15Fm24cl64bConfigE                  
00008195  memset                                                                                      
000081f7  _ZN8services8Log_InitEv                                                                     
00008259  _ZN7drivers22LoraUart_ClearRxBufferEPNS_15LoraUartContextE                                  
000082b9  _ZN7drivers29MotorDriverUart_ClearRxBufferEPNS_22MotorDriverUartContextE                    
00008319  DL_I2C_fillControllerTXFIFO                                                                 
00008377  _ZN7drivers13Button_UpdateEPNS_13ButtonContextEj                                            
000083d5  _ZN7drivers17Ina219_SetAddressEPNS_13Ina219ContextEh                                        
0000842d  _ZN7drivers20I2cDiag_GetBusStatusEPKNS_16I2cDiagBusConfigEPNS_16I2cDiagBusStatusE           
00008485  SYSCFG_DL_FRAM_I2C_init                                                                     
000084d9  SYSCFG_DL_INA219_I2C_init                                                                   
00008581  _ZN8services14DebugUart_InitEv                                                              
000085d5  main                                                                                        
00008627  __aeabi_idiv0                                                                               
00008629  _ZN5board16Board_Ina219InitEv                                                               
00008679  _ZN5board27Board_ImuSetChipSelectDebugEbbbb                                                 
000086c9  SYSCFG_DL_IMU_SPI_init                                                                      
00008715  DL_UART_init                                                                                
0000875d  _ZN5board22Board_FramGetBusStatusEPjPbS1_                                                   
000087a5  _ZN5board24Board_Ina219GetBusStatusEPjPbS1_                                                 
000087ed  _ZN8services18DebugUart_ReadByteEPh                                                         
00008835  DL_SPI_init                                                                                 
00008879  _ZN5board13Board_ImuInitEv                                                                  
000088bd  _ZN7drivers19Ina219_GetBusStatusEPNS_13Ina219ContextEPNS_15Ina219BusStatusE                 
00008901  _ZN7drivers22Fm24cl64b_GetBusStatusEPNS_16Fm24cl64bContextEPNS_18Fm24cl64bBusStatusE        
000089c5  _ZN7drivers17LoraUart_ReadByteEPNS_15LoraUartContextEPh                                     
00008a05  _ZN7drivers24MotorDriverUart_ReadByteEPNS_22MotorDriverUartContextEPh                       
00008a45  __aeabi_uidiv                                                                               
00008a45  __aeabi_uidivmod                                                                            
00008a85  _ZN7drivers11Button_InitEPNS_13ButtonContextEPKNS_12ButtonConfigE                           
00008ac5  DL_I2C_flushControllerTXFIFO                                                                
00008b3d  _ZN5board17Board_ButtonsInitEv                                                              
00008b79  _ZN7drivers23Ina219_ConfigureDefaultEPNS_13Ina219ContextE                                   
00008bb5  __TI_auto_init_nobinit_nopinit                                                              
00008bf1  _ZN7drivers11Buzzer_InitEPNS_13BuzzerContextEPKNS_12BuzzerConfigE                           
00008c29  _ZN7drivers14Button_ReadRawEPNS_13ButtonContextEPb                                          
00008c61  _ZN7drivers19Ina219_ProbeAddressEPNS_13Ina219ContextEhPt                                    
00008c99  _ZN7drivers8Led_InitEPNS_10LedContextEPKNS_9LedConfigE                                      
00008cd1  _ZN8services9Time_InitEv                                                                    
00008d09  SYSCFG_DL_init                                                                              
00008d3d  _ZN3app8App_InitEv                                                                          
00008d71  _ZN5board19Board_ButtonsUpdateEj                                                            
00008da5  DL_I2C_flushControllerRXFIFO                                                                
00008dd5  DL_UART_transmitDataBlocking                                                                
00008e05  SYSCFG_DL_SYSCTL_init                                                                       
00008e65  _ZN7drivers10Buzzer_OffEPNS_13BuzzerContextE                                                
00008e95  _ZN7drivers6Led_OnEPNS_10LedContextE                                                        
00008ec5  _ZN7drivers7Led_OffEPNS_10LedContextE                                                       
00008ef5  _ZN7drivers9Buzzer_OnEPNS_13BuzzerContextE                                                  
00008f25  _ZN7drivers19Ina219_ReadRegisterEPNS_13Ina219ContextEhPt                                    
00008f53  _ZN7drivers20Ina219_WriteRegisterEPNS_13Ina219ContextEht                                    
00008f81  _ZN7drivers28LoraUart_GetControllerStatusEPKNS_15LoraUartContextEPj                         
00008fad  _ZN7drivers35MotorDriverUart_GetControllerStatusEPKNS_22MotorDriverUartContextEPj           
00008fd9  _ZN7drivers12Ina219_ResetEPNS_13Ina219ContextE                                              
00009003  _ZN7drivers23LoraUart_GetRxAvailableEPKNS_15LoraUartContextE                                
0000902d  _ZN7drivers30MotorDriverUart_GetRxAvailableEPKNS_22MotorDriverUartContextE                  
00009081  _ZN5board14Board_LoraInitEv                                                                 
000090a9  _ZN5board21Board_MotorDriverInitEv                                                          
000090d1  _c_int00_noargs                                                                             
000090f9  DL_I2C_setClockConfig                                                                       
00009145  _ZN5board10Board_InitEv                                                                     
00009169  _ZN7drivers17Button_WasPressedEPNS_13ButtonContextE                                         
0000918b  _ZN7drivers18Button_WasReleasedEPNS_13ButtonContextE                                        
000091ad  _ZN7drivers17Ina219_GetAddressEPKNS_13Ina219ContextE                                        
000091cb  _ZN7drivers21Ina219_GetCalibrationEPKNS_13Ina219ContextE                                    
000091e9  DL_SPI_receiveDataCheck8                                                                    
00009205  DL_SPI_transmitDataCheck8                                                                   
00009221  _ZN3app7App_RunEv                                                                           
0000923d  _ZN5board19Board_ButtonReadRawENS_13BoardButtonIdEPb                                        
00009259  _ZN5board21Board_ButtonIsPressedENS_13BoardButtonIdE                                        
00009275  _ZN5board22Board_ButtonWasPressedENS_13BoardButtonIdE                                       
00009291  _ZN5board23Board_ButtonWasReleasedENS_13BoardButtonIdE                                      
000092ad  _ZN7drivers14Ina219_IsReadyEPKNS_13Ina219ContextE                                           
000092c9  _ZN7drivers17Fm24cl64b_IsReadyEPKNS_16Fm24cl64bContextE                                     
000092e5  _ZN8services19DebugUart_WriteCharEc                                                         
00009301  _ZN7drivers16Button_IsPressedEPKNS_13ButtonContextE                                         
0000931d  __aeabi_memset                                                                              
0000931d  __aeabi_memset4                                                                             
0000931d  __aeabi_memset8                                                                             
0000932b  __aeabi_memclr                                                                              
0000932b  __aeabi_memclr4                                                                             
0000932b  __aeabi_memclr8                                                                             
00009339  _ZN5board15Board_I2cBusGetEj                                                                
00009351  _ZN5board19Board_ButtonGetNameENS_13BoardButtonIdE                                          
00009369  _ZN7drivers20LoraUart_GetBaudrateEPKNS_15LoraUartContextE                                   
00009381  _ZN7drivers27MotorDriverUart_GetBaudrateEPKNS_22MotorDriverUartContextE                     
000093af  _ZN7drivers11Led_IsReadyEPKNS_10LedContextE                                                 
000093c5  _ZN7drivers14Buzzer_IsReadyEPKNS_13BuzzerContextE                                           
000093db  _ZN7drivers16LoraUart_IsReadyEPKNS_15LoraUartContextE                                       
000093f1  _ZN7drivers23MotorDriverUart_IsReadyEPKNS_22MotorDriverUartContextE                         
00009407  __TI_zero_init_nomemset                                                                     
0000941d  _ZN5board14Board_FramInitEv                                                                 
00009431  _ZN5board14Board_FramReadEtPht                                                              
00009445  _ZN5board15Board_LoraWriteEPKht                                                             
00009459  _ZN5board16Board_BuzzerInitEv                                                               
0000946d  _ZN5board18Board_FramReadByteEtPh                                                           
00009481  _ZN5board18Board_FramSelfTestEv                                                             
00009495  _ZN5board19Board_FramWriteByteEth                                                           
000094a9  _ZN5board19Board_StatusLedInitEv                                                            
000094bd  _ZN5board22Board_MotorDriverWriteEPKht                                                      
000094d1  _ZN5board24Board_Ina219ProbeAddressEhPt                                                     
000094e5  _ZN5board24Board_Ina219ReadRegisterEhPt                                                     
000094f9  _ZN5board25Board_Ina219WriteRegisterEht                                                     
0000950d  _ZN7drivers19Fm24cl64b_WriteByteEPNS_16Fm24cl64bContextEth                                  
00009521  _ZN8services15Shell_WriteLineEPKc                                                           
00009535  DL_SPI_setClockConfig                                                                       
00009547  DL_UART_setClockConfig                                                                      
00009559  __TI_decompress_none                                                                        
0000956d  SysTick_Handler                                                                             
0000957d  UART0_IRQHandler                                                                            
0000958d  UART1_IRQHandler                                                                            
000095ad  _ZN5board14Board_BuzzerOnEv                                                                 
000095bd  _ZN5board15Board_BuzzerOffEv                                                                
000095cd  _ZN5board17Board_FramIsReadyEv                                                              
000095dd  _ZN5board17Board_Ina219ResetEv                                                              
000095ed  _ZN5board17Board_LoraIsReadyEv                                                              
000095fd  _ZN5board17Board_StatusLedOnEv                                                              
0000960d  _ZN5board18Board_LoraReadByteEPh                                                            
0000961d  _ZN5board18Board_StatusLedOffEv                                                             
0000962d  _ZN5board19Board_BuzzerIsReadyEv                                                            
0000963d  _ZN5board19Board_Ina219IsReadyEv                                                            
0000964d  _ZN5board19Board_LoraWriteByteEh                                                            
0000965d  _ZN5board20Board_FramRecoverBusEv                                                           
0000966d  _ZN5board21Board_LoraGetBaudrateEv                                                          
0000967d  _ZN5board22Board_Ina219GetAddressEv                                                         
0000968d  _ZN5board22Board_Ina219RecoverBusEv                                                         
0000969d  _ZN5board22Board_Ina219SetAddressEh                                                         
000096ad  _ZN5board22Board_StatusLedIsReadyEv                                                         
000096bd  _ZN5board23Board_Ina219CalibrationEv                                                        
000096cd  _ZN5board23Board_LoraClearRxBufferEv                                                        
000096dd  _ZN5board24Board_LoraGetRxAvailableEv                                                       
000096ed  _ZN5board24Board_MotorDriverIsReadyEv                                                       
000096fd  _ZN5board25Board_MotorDriverReadByteEPh                                                     
0000970d  _ZN5board26Board_MotorDriverWriteByteEh                                                     
0000971d  _ZN5board27Board_Ina219ReadMeasurementEPN7drivers17Ina219MeasurementE                       
0000972d  _ZN5board27Board_LoraGetRxDroppedCountEv                                                    
0000973d  _ZN5board28Board_Ina219ConfigureDefaultEv                                                   
0000974d  _ZN5board28Board_Ina219ReadRawRegistersEPN7drivers18Ina219RawRegistersE                     
0000975d  _ZN5board28Board_MotorDriverGetBaudrateEv                                                   
0000976d  _ZN5board29Board_LoraGetControllerStatusEPj                                                 
0000977d  _ZN5board30Board_MotorDriverClearRxBufferEv                                                 
0000978d  _ZN5board31Board_MotorDriverGetRxAvailableEv                                                
0000979d  _ZN5board34Board_MotorDriverGetRxDroppedCountEv                                             
000097ad  _ZN5board36Board_MotorDriverGetControllerStatusEPj                                          
000097bd  _ZN8services9Fault_SetENS_9FaultCodeE                                                       
000097cd  _ZN5board16Board_ImuIsReadyEv                                                               
000097d9  _ZN7drivers26LoraUart_GetRxDroppedCountEPKNS_15LoraUartContextE                             
000097e5  _ZN7drivers33MotorDriverUart_GetRxDroppedCountEPKNS_22MotorDriverUartContextE               
000097f1  _ZN8services10Fault_InitEv                                                                  
000097fd  _ZN8services11Time_MillisEv                                                                 
00009809  _ZN8services17DebugUart_IsReadyEv                                                           
00009815  _ZN8services9Fault_GetEv                                                                    
00009821  DL_Common_delayCycles                                                                       
0000982b  _ZN7drivers18Fm24cl64b_ReadByteEPNS_16Fm24cl64bContextEtPh                                  
00009835  _ZN8services15Shell_WriteCharEc                                                             
0000983d  _ZN8services17Shell_WriteStringEPKc                                                         
00009845  _ZN8services17Shell_WriteUInt32Ej                                                           
0000984d  __aeabi_memcpy                                                                              
0000984d  __aeabi_memcpy4                                                                             
0000984d  __aeabi_memcpy8                                                                             
00009855  _ZN5board23Board_FramCapacityBytesEv                                                        
0000985b  abort                                                                                       
00009860  C$$EXIT                                                                                     
00009861  HOSTexit                                                                                    
00009865  Reset_Handler                                                                               
00009869  _ZN5board17Board_I2cBusCountEv                                                              
0000986d  _system_pre_init                                                                            
0000aac0  __TI_Handler_Table_Base                                                                     
0000aacc  __TI_Handler_Table_Limit                                                                    
0000aae0  __TI_CINIT_Base                                                                             
0000aaf0  __TI_CINIT_Limit                                                                            
0000aaf0  __TI_CINIT_Warm                                                                             
20200000  __start___llvm_prf_bits                                                                     
20200000  __start___llvm_prf_cnts                                                                     
20200000  __stop___llvm_prf_bits                                                                      
20200000  __stop___llvm_prf_cnts                                                                      
202002e0  gIMU_SPIBackup                                                                              
2020ff00  __stack                                                                                     
20210000  __STACK_END                                                                                 
ffffffff  __TI_pprof_out_hndl                                                                         
ffffffff  __TI_prof_data_size                                                                         
ffffffff  __TI_prof_data_start                                                                        
ffffffff  __binit__                                                                                   
ffffffff  binit                                                                                       
UNDEFED   __mpu_init                                                                                  
UNDEFED   _system_post_cinit                                                                          

[279 symbols]
