******************************************************************************
            TI ARM Clang Linker PC v5.1.1                      
******************************************************************************
>> Linked Wed Jul  8 17:06:01 2026

OUTPUT FILE NAME:   <gugaPI.out>
ENTRY POINT SYMBOL: "_c_int00_noargs"  address: 00012541


MEMORY CONFIGURATION

         name            origin    length      used     unused   attr    fill
----------------------  --------  ---------  --------  --------  ----  --------
  FLASH                 00000000   00080000  000158b8  0006a748  R  X
  SRAM_BANK0            20200000   00010000  000007ed  0000f813  RW X
  SRAM_BANK1            20210000   00010000  00000000  00010000  RW X
  BCR_CONFIG            41c00000   000000ff  00000000  000000ff  R   
  BSL_CONFIG            41c00100   00000080  00000000  00000080  R   
  DATA                  41d00000   00004000  00000000  00004000  R   


SEGMENT ALLOCATION MAP

run origin  load origin   length   init length attrs members
----------  ----------- ---------- ----------- ----- -------
00000000    00000000    00012f08   00012f08    r-x
  00000000    00000000    000000c0   000000c0    r-- .intvecs
  000000c0    000000c0    00012e48   00012e48    r-x .text
00012f10    00012f10    000029b0   000029b0    r--
  00012f10    00012f10    00002930   00002930    r-- .rodata
  00015840    00015840    00000080   00000080    r-- .cinit
20200000    20200000    000006f0   00000000    rw-
  20200000    20200000    00000371   00000000    rw- .data
  20200374    20200374    00000338   00000000    rw- .bss
  202006ac    202006ac    00000044   00000000    rw- .TrimTable
2020ff00    2020ff00    00000100   00000000    rw-
  2020ff00    2020ff00    00000100   00000000    rw- .stack


SECTION ALLOCATION MAP

 output                                  attributes/
section   page    origin      length       input sections
--------  ----  ----------  ----------   ----------------
.intvecs   0    00000000    000000c0     
                  00000000    000000c0     startup_mspm0g351x_ticlang.o (.intvecs)

.text      0    000000c0    00012e48     
                  000000c0    00001bec     app_shell.o (.text._ZN3app12_GLOBAL__N_112MotorCommandEiPKPKc)
                  00001cac    00000b40     app_shell.o (.text._ZN3app12_GLOBAL__N_112Gy931CommandEiPKPKc)
                  000027ec    00000b14     app_shell.o (.text._ZN3app12_GLOBAL__N_113Ina219CommandEiPKPKc)
                  00003300    00000a5c     app_shell.o (.text._ZN3app12_GLOBAL__N_110ImuCommandEiPKPKc)
                  00003d5c    00000990     app_shell.o (.text._ZN3app19motor_driver_client12ReceiveFrameEPNS0_5FrameE)
                  000046ec    00000978     app_shell.o (.text._ZN3app12_GLOBAL__N_123Ina219OledUpdateDisplayEv)
                  00005064    00000880     app_shell.o (.text._ZN3app12_GLOBAL__N_111LoraCommandEiPKPKc)
                  000058e4    00000830     app_shell.o (.text._ZN3app12_GLOBAL__N_111OledCommandEiPKPKc)
                  00006114    00000724     app_shell.o (.text._ZN3app12_GLOBAL__N_110I2cCommandEiPKPKc)
                  00006838    00000548     config_store.o (.text._ZN3app16ConfigStore_LoadEv)
                  00006d80    000004cc     app_shell.o (.text._ZN3app12_GLOBAL__N_112ParamCommandEiPKPKc)
                  0000724c    000004a8     config_store.o (.text._ZN3app15ConfigStore_SetEPKci)
                  000076f4    00000474     shell.o (.text._ZN8services12_GLOBAL__N_113HandleLineEndEv)
                  00007b68    00000430     app_shell.o (.text._ZN3app12_GLOBAL__N_111FramCommandEiPKPKc)
                  00007f98    000003dc     app_shell.o (.text._ZN3app12_GLOBAL__N_122Gy931OledUpdateDisplayEv)
                  00008374    00000394     app_shell.o (.text._ZN3app12_GLOBAL__N_114ChassisCommandEiPKPKc)
                  00008708    00000360     soft_i2c.o (.text._ZN7drivers16SoftI2c_ReadReg8EPNS_14SoftI2cContextEhhPht)
                  00008a68    00000328     app_shell.o (.text._ZN3app12_GLOBAL__N_110LedCommandEiPKPKc)
                  00008d90    000002cc     board_imu.o (.text._ZN5board12_GLOBAL__N_123ReadRegisterWithCommandEhPh)
                  0000905c    00000284     board_imu.o (.text._ZN5board22Board_ImuWiggleSpiPinsEj)
                  000092e0    00000268     i2c_diag.o (.text._ZN7drivers22I2cDiag_WriteReg8BlockEPKNS_16I2cDiagBusConfigEhhPKht)
                  00009548    00000258     config_store.o (.text._ZN3app20ConfigStore_GetValueEPKcPiS2_S2_)
                  000097a0    00000248     soft_i2c.o (.text._ZN7drivers18SoftI2c_RecoverBusEPNS_14SoftI2cContextE)
                  000099e8    00000238     i2c_diag.o (.text._ZN7drivers16I2cDiag_ReadReg8EPKNS_16I2cDiagBusConfigEhhPht)
                  00009c20    00000234     board_imu.o (.text._ZN5board21Board_ImuSpiSampleIcmEhPhj)
                  00009e54    00000230     app_shell.o (.text._ZN3app12_GLOBAL__N_113ButtonCommandEiPKPKc)
                  0000a084    00000224     fm24cl64b.o (.text._ZN7drivers14Fm24cl64b_ReadEPNS_16Fm24cl64bContextEtPht)
                  0000a2a8    0000021c     board_imu.o (.text._ZN5board20Board_ImuSpiBurstIcmEjh)
                  0000a4c4    00000208     oled_ssd1306.o (.text._ZN7drivers22OledSsd1306_DrawStringEPNS_18OledSsd1306ContextEhhPKc)
                  0000a6cc    00000200     chassis.o (.text._ZN3app19Chassis_SetVelocityEii)
                  0000a8cc    000001e0     app_shell.o (.text._ZN3app12_GLOBAL__N_123Gy931OledWriteAngleLineEhPKci)
                  0000aaac    000001e0     ina219.o (.text._ZN7drivers17Ina219_RecoverBusEPNS_13Ina219ContextE)
                  0000ac8c    000001e0     fm24cl64b.o (.text._ZN7drivers20Fm24cl64b_RecoverBusEPNS_16Fm24cl64bContextE)
                  0000ae6c    000001dc     gy931.o (.text._ZN7drivers16Gy931_ReadSampleEPNS_12Gy931ContextEPNS_11Gy931SampleE)
                  0000b048    000001d0     fm24cl64b.o (.text._ZN7drivers15Fm24cl64b_WriteEPNS_16Fm24cl64bContextEtPKht)
                  0000b218    000001d0     i2c_diag.o (.text._ZN7drivers18I2cDiag_RecoverBusEPKNS_16I2cDiagBusConfigE)
                  0000b3e8    000001c8     i2c_diag.o (.text._ZN7drivers17I2cDiag_WriteReg8EPKNS_16I2cDiagBusConfigEhhPKht)
                  0000b5b0    000001b0     app_shell.o (.text._ZN3app19motor_driver_client4StopEPNS0_6ClientEPNS0_10StopResultE)
                  0000b760    000001b0     scheduler.o (.text._ZN8services13Scheduler_RunEv)
                  0000b910    000001a4     ina219.o (.text._ZN7drivers12_GLOBAL__N_120ReadRegisterInternalEPNS_13Ina219ContextEhPt)
                  0000bab4    00000194     config_store.o (.text._ZN3app16ConfigStore_SaveEv)
                  0000bc48    00000188     i2c_diag.o (.text._ZN7drivers20I2cDiag_ProbeAddressEPKNS_16I2cDiagBusConfigEh)
                  0000bdd0    00000180     app_shell.o (.text._ZN3app19motor_driver_client15SetCountsPerRevEPNS0_6ClientEjj)
                  0000bf50    0000017c     app_shell.o (.text._ZN3app25AppShell_RegisterCommandsEv)
                  0000c0cc    00000174     app_shell.o (.text._ZN3app12_GLOBAL__N_123WriteSignedVector3MilliEPKcPKiS2_)
                  0000c240    00000170     app_shell.o (.text._ZN3app12_GLOBAL__N_113ParseI2cRangeEiPKPKchPhS5_)
                  0000c3b0    00000170     oled_ssd1306.o (.text._ZN7drivers23OledSsd1306_DrawCheckerEPNS_18OledSsd1306ContextE)
                  0000c520    00000166     app_shell.o (.text._ZN3app19motor_driver_client19SetPositionRelativeEPNS0_6ClientEbiPNS0_12MotionResultE)
                  0000c686    00000002     startup_mspm0g351x_ticlang.o (.text.Default_Handler)
                  0000c688    00000164     board_i2c_bus.o (.text._ZN5board16Board_I2cBusFindEPKc)
                  0000c7ec    00000150     app_shell.o (.text._ZN3app12_GLOBAL__N_115PrintMotorUsageEv)
                  0000c93c    00000148     app_shell.o (.text._ZN3app12_GLOBAL__N_114PrintI2cStatusEPKN7drivers16I2cDiagBusConfigE)
                  0000ca84    00000140     debug_uart.o (.text._ZN8services21DebugUart_WriteUInt32Ej)
                  0000cbc4    0000013c     app_shell.o (.text._ZN3app12_GLOBAL__N_110I2cScanBusEPKN7drivers16I2cDiagBusConfigEhhb)
                  0000cd00    0000013c     app_shell.o (.text._ZN3app12_GLOBAL__N_123PrintMotorPositionBlockERKNS_19motor_driver_client12PositionDataE)
                  0000ce3c    00000130     chassis.o (.text._ZN3app14Chassis_UpdateEv)
                  0000cf6c    00000126     gy931.o (.text._ZN7drivers22Gy931_ReadRawRegistersEPNS_12Gy931ContextEhPsh)
                  0000d092    00000002     board.o (.text._ZN5board14Board_LateInitEv)
                  0000d094    00000124     ti_msp_dl_config.o (.text.SYSCFG_DL_GPIO_init)
                  0000d1b8    00000120     app_shell.o (.text._ZN3app12_GLOBAL__N_114ApplyLedActionEN5board10BoardLedIdEPKc)
                  0000d2d8    00000120     ina219.o (.text._ZN7drivers12_GLOBAL__N_121WriteRegisterInternalEPNS_13Ina219ContextEht)
                  0000d3f8    00000108     app_shell.o (.text._ZN3app12_GLOBAL__N_119PrintMotorFrameDataEPKcRKNS_19motor_driver_client5FrameE)
                  0000d500    00000104     soft_i2c.o (.text._ZN7drivers12_GLOBAL__N_19WriteByteEPKNS_13SoftI2cConfigEh)
                  0000d604    00000100     app_shell.o (.text._ZN3app12_GLOBAL__N_110ParseInt32EPKciiPi)
                  0000d704    00000100     shell.o (.text._ZN8services10Shell_InitEv)
                  0000d804    000000fc     app_shell.o (.text._ZN3app12_GLOBAL__N_119Gy931OledSetEnabledEb)
                  0000d900    000000fc     app_shell.o (.text._ZN3app12_GLOBAL__N_120Ina219OledSetEnabledEb)
                  0000d9fc    000000f4     soft_i2c.o (.text._ZN7drivers12_GLOBAL__N_110BeginWriteEPKNS_13SoftI2cConfigEh)
                  0000daf0    000000f0     gy931.o (.text._ZN7drivers16Gy931_ReadAnglesEPNS_12Gy931ContextEPNS_11Gy931AnglesE)
                  0000dbe0    000000ee     app_shell.o (.text._ZN3app19motor_driver_client11SetPositionEPNS0_6ClientEbiPNS0_12MotionResultE)
                  0000dcce    00000002     log.o (.text._ZN8services8Log_InitEv)
                  0000dcd0    000000e0     app_shell.o (.text._ZN3app12_GLOBAL__N_113BuzzerCommandEiPKPKc)
                  0000ddb0    000000e0     scheduler.o (.text._ZN8services17Scheduler_AddTaskEPKcPFvvEjjPh)
                  0000de90    000000d8     app_shell.o (.text._ZN3app19motor_driver_client13ResetEncodersEPNS0_6ClientE)
                  0000df68    000000d6     app_shell.o (.text._ZN3app19motor_driver_client17SetPositionCountsEPNS0_6ClientEbiPNS0_12MotionResultE)
                  0000e03e    00000002     libclang_rt.builtins.a : aeabi_div0.c.obj (.text.__aeabi_idiv0)
                  0000e040    000000d4     app_shell.o (.text._ZN3app12_GLOBAL__N_122PrintChassisWheelStateEPKcRKNS_17ChassisWheelStateE)
                  0000e114    000000d4     shell.o (.text._ZN8services21Shell_RegisterCommandEPKcS1_PFviPKS1_E)
                  0000e1e8    000000d0     app_shell.o (.text._ZN3app19motor_driver_client8SetSpeedEPNS0_6ClientEbtbPNS0_12MotionResultE)
                  0000e2b8    000000ce     app_shell.o (.text._ZN3app19motor_driver_client12ReadPositionEPNS0_6ClientEPNS0_12PositionDataE)
                  0000e386    00000002     libclang_rt.builtins.a : aeabi_div0.c.obj (.text.__aeabi_ldiv0)
                  0000e388    000000c8     app_shell.o (.text._ZN3app19motor_driver_client13ReadRegistersEPNS0_6ClientEhhPNS0_5FrameE)
                  0000e450    000000c8     board_imu.o (.text._ZN5board25Board_Lis3mdlReadRegisterEhPh)
                  0000e518    000000c8     ina219.o (.text._ZN7drivers11Ina219_InitEPNS_13Ina219ContextEPKNS_12Ina219ConfigE)
                  0000e5e0    000000c8     lora.o (.text._ZN7drivers14LoraUart_WriteEPNS_15LoraUartContextEPKht)
                  0000e6a8    000000c8     motor_driver_uart.o (.text._ZN7drivers21MotorDriverUart_WriteEPNS_22MotorDriverUartContextEPKht)
                  0000e770    000000c4     app_shell.o (.text._ZN3app19motor_driver_client14WriteRegistersEPNS0_6ClientEhPKhhPNS0_5FrameE)
                  0000e834    000000c4     board_imu.o (.text._ZN5board26Board_Icm45686ReadRegisterEhPh)
                  0000e8f8    000000c0     board_imu.o (.text._ZN5board23Board_Lis3mdlReadWhoAmIEPh)
                  0000e9b8    000000bc     soft_i2c.o (.text._ZN7drivers20SoftI2c_ProbeAddressEPNS_14SoftI2cContextEh)
                  0000ea74    000000b8     app_shell.o (.text._ZN3app19motor_driver_client4PingEPNS0_6ClientEPb)
                  0000eb2c    000000b8     ina219.o (.text._ZN7drivers12_GLOBAL__N_113ReleaseI2cBusEPKNS_12Ina219ConfigE)
                  0000ebe4    000000b8     i2c_diag.o (.text._ZN7drivers12_GLOBAL__N_113ReleaseI2cBusEPKNS_16I2cDiagBusConfigE)
                  0000ec9c    000000b4     oled_ssd1306.o (.text._ZN7drivers16OledSsd1306_InitEPNS_18OledSsd1306ContextEPKNS_17OledSsd1306ConfigE)
                  0000ed50    000000b4     motor_driver_uart.o (.text._ZN7drivers20MotorDriverUart_InitEPNS_22MotorDriverUartContextEPKNS_21MotorDriverUartConfigE)
                  0000ee04    000000b0     app_shell.o (.text._ZN3app12_GLOBAL__N_110WriteHex32Ej)
                  0000eeb4    000000b0     chassis.o (.text._ZN3app12_GLOBAL__N_114SetOneWheelRpmEbi)
                  0000ef64    000000b0     scheduler.o (.text._ZN8services14Scheduler_InitEv)
                  0000f014    000000ac     app_shell.o (.text._ZN3app12_GLOBAL__N_110PwmCommandEiPKPKc)
                  0000f0c0    000000a8     app_shell.o (.text._ZN3app12_GLOBAL__N_114PrintParamLineEPKc)
                  0000f168    000000a4     fm24cl64b.o (.text._ZN7drivers18Fm24cl64b_SelfTestEPNS_16Fm24cl64bContextEt)
                  0000f20c    000000a2     libclang_rt.builtins.a : udivmoddi4.S.obj (.text)
                  0000f2ae    0000009c     app_shell.o (.text._ZN3app12_GLOBAL__N_111ParseUint32EPKcjPj)
                  0000f34a    00000002     --HOLE-- [fill = 0]
                  0000f34c    0000009c     board_imu.o (.text._ZN5board19Board_ImuSetSpiModeEh)
                  0000f3e8    0000009a     libc.a : memcpy16.S.obj (.text:memcpy)
                  0000f482    00000002     --HOLE-- [fill = 0]
                  0000f484    00000098     app_shell.o (.text._ZN3app12_GLOBAL__N_121PrintMotorEncoderLineEPKcRKNS_19motor_driver_client11EncoderDataE)
                  0000f51c    00000098     app_shell.o (.text._ZN3app19motor_driver_client9SendFrameEhhPKhh)
                  0000f5b4    00000098     motor_driver_uart.o (.text._ZN7drivers29MotorDriverUart_ClearRxBufferEPNS_22MotorDriverUartContextE)
                  0000f64c    00000094     chassis.o (.text._ZN3app19Chassis_SetWheelRpmEii)
                  0000f6e0    00000094     oled_ssd1306.o (.text._ZN7drivers12_GLOBAL__N_113WriteRepeatedEPNS_18OledSsd1306ContextEh)
                  0000f774    00000094     lora.o (.text._ZN7drivers18LoraUart_WriteByteEPNS_15LoraUartContextEh)
                  0000f808    00000094     motor_driver_uart.o (.text._ZN7drivers25MotorDriverUart_WriteByteEPNS_22MotorDriverUartContextEh)
                  0000f89c    00000094     shell.o (.text._ZN8services13Shell_ProcessEv)
                  0000f930    00000092     ina219.o (.text._ZN7drivers23Ina219_ReadRawRegistersEPNS_13Ina219ContextEPNS_18Ina219RawRegistersE)
                  0000f9c2    00000002     --HOLE-- [fill = 0]
                  0000f9c4    00000088     driverlib.a : dl_sysctl_mspm0gx51x.o (.text.DL_SYSCTL_setHFCLKSourceHFXTParams)
                  0000fa4c    00000088     ti_msp_dl_config.o (.text.SYSCFG_DL_DEBUG_UART_init)
                  0000fad4    00000088     ti_msp_dl_config.o (.text.SYSCFG_DL_LORA_UART_init)
                  0000fb5c    00000088     ti_msp_dl_config.o (.text.SYSCFG_DL_MOTOR_UART_init)
                  0000fbe4    00000088     app_shell.o (.text._ZN3app19motor_driver_client4HoldEPNS0_6ClientEbPNS0_12MotionResultE)
                  0000fc6c    00000084     lora.o (.text._ZN7drivers13LoraUart_InitEPNS_15LoraUartContextEPKNS_14LoraUartConfigE)
                  0000fcf0    00000080     app_shell.o (.text._ZN3app12_GLOBAL__N_115WriteFixedMilliEi)
                  0000fd70    00000080     soft_i2c.o (.text._ZN7drivers12SoftI2c_InitEPNS_14SoftI2cContextEPKNS_13SoftI2cConfigE)
                  0000fdf0    0000007e     app_shell.o (.text._ZN3app12_GLOBAL__N_113LoraWriteArgsEiPKPKcbPt)
                  0000fe6e    0000007e     app_shell.o (.text._ZN3app12_GLOBAL__N_114MotorWriteArgsEiPKPKcbPt)
                  0000feec    0000007e     app_shell.o (.text._ZN3app19motor_driver_client11ReadEncoderEPNS0_6ClientEbPNS0_11EncoderDataE)
                  0000ff6a    00000002     --HOLE-- [fill = 0]
                  0000ff6c    0000007c     ti_msp_dl_config.o (.text.SYSCFG_DL_initPower)
                  0000ffe8    0000007c     lora.o (.text._ZN7drivers19LoraUart_IrqHandlerEPNS_15LoraUartContextE)
                  00010064    0000007c     libc.a : copy_decompress_lzss.c.obj (.text:decompress:lzss)
                  000100e0    00000078     app_shell.o (.text._ZN3app12_GLOBAL__N_117WriteAllLedStatusEv)
                  00010158    00000078     app_shell.o (.text._ZN3app12_GLOBAL__N_118PrintMotorRpmBlockERKNS_19motor_driver_client7RpmDataE)
                  000101d0    00000074     app_shell.o (.text._ZN3app12_GLOBAL__N_116PrintIna219UsageEv)
                  00010244    00000074     app_shell.o (.text._ZN3app19motor_driver_client6SetRunEPNS0_6ClientEbhbPNS0_12MotionResultE)
                  000102b8    00000074     app_shell.o (.text._ZN3app19motor_driver_client8SetBrakeEPNS0_6ClientEbPNS0_12MotionResultE)
                  0001032c    00000074     soft_i2c.o (.text._ZN7drivers12_GLOBAL__N_113StopConditionEPKNS_13SoftI2cConfigE)
                  000103a0    00000074     ina219.o (.text._ZN7drivers22Ina219_ReadMeasurementEPNS_13Ina219ContextEPNS_17Ina219MeasurementE)
                  00010414    00000070     app_shell.o (.text._ZN3app19motor_driver_client16ReadCountsPerRevEPNS0_6ClientEPNS0_12CountsPerRevE)
                  00010484    0000006c     debug_uart.o (.text.UART3_IRQHandler)
                  000104f0    0000006c     app_shell.o (.text._ZN3app19motor_driver_client7ReadRpmEPNS0_6ClientEPNS0_7RpmDataE)
                  0001055c    0000006c     board_gy931.o (.text._ZN5board27Board_Gy931ReadRawRegistersEhPsh)
                  000105c8    0000006c     motor_driver_uart.o (.text._ZN7drivers26MotorDriverUart_IrqHandlerEPNS_22MotorDriverUartContextE)
                  00010634    0000006c     debug_uart.o (.text._ZN8services21DebugUart_WriteStringEPKc)
                  000106a0    0000006a     app_shell.o (.text._ZN3app19motor_driver_client8SetCoastEPNS0_6ClientEbPNS0_12MotionResultE)
                  0001070a    00000002     --HOLE-- [fill = 0]
                  0001070c    00000068     app_shell.o (.text._ZN3app12_GLOBAL__N_113PrintImuUsageEv)
                  00010774    00000068     app_shell.o (.text._ZN3app12_GLOBAL__N_115PrintGy931UsageEv)
                  000107dc    00000064     app_shell.o (.text._ZN3app12_GLOBAL__N_110WriteHex16Et)
                  00010840    00000064     board_imu.o (.text._ZN5board22Board_ImuGetLineStatusEPNS_18BoardImuLineStatusE)
                  000108a4    00000064     fm24cl64b.o (.text._ZN7drivers14Fm24cl64b_InitEPNS_16Fm24cl64bContextEPKNS_15Fm24cl64bConfigE)
                  00010908    00000062     libc.a : memset16.S.obj (.text:memset)
                  0001096a    00000002     --HOLE-- [fill = 0]
                  0001096c    00000060     app_shell.o (.text._ZN3app12_GLOBAL__N_113PrintI2cUsageEv)
                  000109cc    00000060     app_shell.o (.text._ZN3app12_GLOBAL__N_114PrintOledUsageEv)
                  00010a2c    00000060     app_shell.o (.text._ZN3app12_GLOBAL__N_118PrintMotorPidBlockERKNS_19motor_driver_client8SpeedPidE)
                  00010a8c    00000060     lora.o (.text._ZN7drivers22LoraUart_ClearRxBufferEPNS_15LoraUartContextE)
                  00010aec    0000005e     driverlib.a : dl_i2c.o (.text.DL_I2C_fillControllerTXFIFO)
                  00010b4a    0000005e     app_shell.o (.text._ZN3app19motor_driver_client19ReadPositionControlEPNS0_6ClientEPNS0_15PositionControlE)
                  00010ba8    0000005e     app_shell.o (.text._ZN3app19motor_driver_client8ReadInfoEPNS0_6ClientEPNS0_10DeviceInfoE)
                  00010c06    0000005e     button.o (.text._ZN7drivers13Button_UpdateEPNS_13ButtonContextEj)
                  00010c64    0000005c     ti_msp_dl_config.o (.text.SYSCFG_DL_SYSCTL_init)
                  00010cc0    0000005c     app_shell.o (.text._ZN3app12_GLOBAL__N_130PrintMotorPositionControlBlockERKNS_19motor_driver_client15PositionControlE)
                  00010d1c    0000005c     board_gy931.o (.text._ZN5board21Board_Gy931ReadAnglesEPN7drivers11Gy931AnglesE)
                  00010d78    0000005c     board_gy931.o (.text._ZN5board21Board_Gy931ReadSampleEPN7drivers11Gy931SampleE)
                  00010dd4    0000005c     board_oled.o (.text._ZN5board22Board_OledGetBusStatusEPjPbS1_)
                  00010e30    0000005a     soft_i2c.o (.text._ZN7drivers20SoftI2c_GetBusStatusEPKNS_14SoftI2cContextEPNS_16SoftI2cBusStatusE)
                  00010e8a    00000002     --HOLE-- [fill = 0]
                  00010e8c    00000058     driverlib.a : dl_factoryregion.o (.text.DL_FactoryRegion_initTrimTable)
                  00010ee4    00000058     app_shell.o (.text._ZN3app12_GLOBAL__N_127PrintMotorPositionPidFieldsERKNS_19motor_driver_client11PositionPidE)
                  00010f3c    00000058     app_shell.o (.text._ZN3app19motor_driver_client15ReadPositionPidEPNS0_6ClientEPNS0_11PositionPidE)
                  00010f94    00000058     app_shell.o (.text._ZN3app19motor_driver_client7ReadPidEPNS0_6ClientEPNS0_8SpeedPidE)
                  00010fec    00000058     config_store.o (.text._ZN3app25ConfigStore_ResetDefaultsEv)
                  00011044    00000058     ina219.o (.text._ZN7drivers17Ina219_SetAddressEPNS_13Ina219ContextEh)
                  0001109c    00000058     i2c_diag.o (.text._ZN7drivers20I2cDiag_GetBusStatusEPKNS_16I2cDiagBusConfigEPNS_16I2cDiagBusStatusE)
                  000110f4    00000056     oled_ssd1306.o (.text._ZN7drivers21OledSsd1306_SetInvertEPNS_18OledSsd1306ContextEb)
                  0001114a    00000056     oled_ssd1306.o (.text._ZN7drivers24OledSsd1306_SetDisplayOnEPNS_18OledSsd1306ContextEb)
                  000111a0    00000054     ti_msp_dl_config.o (.text.SYSCFG_DL_MOTOR_I2C_init)
                  000111f4    00000054     ti_msp_dl_config.o (.text.SYSCFG_DL_SENSOR_I2C_init)
                  00011248    00000054     app_shell.o (.text._ZN3app12_GLOBAL__N_114PrintLoraUsageEv)
                  0001129c    00000054     debug_uart.o (.text._ZN8services14DebugUart_InitEv)
                  000112f0    00000052     empty_cpp.o (.text.main)
                  00011342    00000002     --HOLE-- [fill = 0]
                  00011344    00000050     board_ina219.o (.text._ZN5board16Board_Ina219InitEv)
                  00011394    00000050     board_gy931.o (.text._ZN5board23Board_Gy931GetBusStatusEPbS0_)
                  000113e4    00000050     board_imu.o (.text._ZN5board27Board_ImuSetChipSelectDebugEbbbb)
                  00011434    0000004c     ti_msp_dl_config.o (.text.SYSCFG_DL_IMU_SPI_init)
                  00011480    0000004c     app_shell.o (.text._ZN3app12_GLOBAL__N_115PrintParamUsageEv)
                  000114cc    0000004c     board_gy931.o (.text._ZN5board15Board_Gy931InitEv)
                  00011518    0000004c     board_gy931.o (.text._ZN5board21Board_Gy931SetAddressEh)
                  00011564    00000048     driverlib.a : dl_uart.o (.text.DL_UART_init)
                  000115ac    00000048     chassis.o (.text._ZN3app12Chassis_InitEv)
                  000115f4    00000048     board_gy931.o (.text._ZN5board16Board_Gy931ProbeEv)
                  0001163c    00000048     board_fram.o (.text._ZN5board22Board_FramGetBusStatusEPjPbS1_)
                  00011684    00000048     board_ina219.o (.text._ZN5board24Board_Ina219GetBusStatusEPjPbS1_)
                  000116cc    00000048     gy931.o (.text._ZN7drivers10Gy931_InitEPNS_12Gy931ContextEPKNS_11Gy931ConfigE)
                  00011714    00000048     debug_uart.o (.text._ZN8services18DebugUart_ReadByteEPh)
                  0001175c    00000044     driverlib.a : dl_spi.o (.text.DL_SPI_init)
                  000117a0    00000044                 : dl_sysctl_mspm0gx51x.o (.text.DL_SYSCTL_switchMCLKfromSYSOSCtoHSCLK)
                  000117e4    00000044     ti_msp_dl_config.o (.text.SYSCFG_DL_init)
                  00011828    00000044     board_imu.o (.text._ZN5board13Board_ImuInitEv)
                  0001186c    00000044     ina219.o (.text._ZN7drivers19Ina219_GetBusStatusEPNS_13Ina219ContextEPNS_15Ina219BusStatusE)
                  000118b0    00000044     fm24cl64b.o (.text._ZN7drivers22Fm24cl64b_GetBusStatusEPNS_16Fm24cl64bContextEPNS_18Fm24cl64bBusStatusE)
                  000118f4    00000040     app_shell.o (.text._ZN3app12_GLOBAL__N_114PrintFramUsageEv)
                  00011934    00000040     app_shell.o (.text._ZN3app12_GLOBAL__N_114VersionCommandEiPKPKc)
                  00011974    00000040     app_shell.o (.text._ZN3app19motor_driver_client14SetPositionPidEPNS0_6ClientEPKhh)
                  000119b4    00000040     app_shell.o (.text._ZN3app19motor_driver_client18SetPositionControlEPNS0_6ClientEPKhh)
                  000119f4    00000040     app_shell.o (.text._ZN3app19motor_driver_client6SetPidEPNS0_6ClientEPKhh)
                  00011a34    00000040     app_main.o (.text._ZN3app8App_InitEv)
                  00011a74    00000040     lora.o (.text._ZN7drivers17LoraUart_ReadByteEPNS_15LoraUartContextEPh)
                  00011ab4    00000040     motor_driver_uart.o (.text._ZN7drivers24MotorDriverUart_ReadByteEPNS_22MotorDriverUartContextEPh)
                  00011af4    00000040     libclang_rt.builtins.a : aeabi_uidivmod.S.obj (.text)
                  00011b34    0000003e     button.o (.text._ZN7drivers11Button_InitEPNS_13ButtonContextEPKNS_12ButtonConfigE)
                  00011b72    0000003e     libclang_rt.builtins.a : divmoddi4.c.obj (.text.__divmoddi4)
                  00011bb0    0000003c     driverlib.a : dl_i2c.o (.text.DL_I2C_flushControllerTXFIFO)
                  00011bec    0000003c     chassis.o (.text._ZN3app12Chassis_StopEv)
                  00011c28    0000003c     app_shell.o (.text._ZN3app12_GLOBAL__N_19WriteHex8Eh)
                  00011c64    0000003c     board_button.o (.text._ZN5board17Board_ButtonsInitEv)
                  00011ca0    0000003c     board_led.o (.text._ZN5board19Board_StatusLedInitEv)
                  00011cdc    0000003c     gy931.o (.text._ZN7drivers11Gy931_ProbeEPNS_12Gy931ContextE)
                  00011d18    0000003c     gy931.o (.text._ZN7drivers13Gy931_IsReadyEPKNS_12Gy931ContextE)
                  00011d54    0000003c     ina219.o (.text._ZN7drivers23Ina219_ConfigureDefaultEPNS_13Ina219ContextE)
                  00011d90    0000003c     libc.a : autoinit.c.obj (.text:__TI_auto_init_nobinit_nopinit)
                  00011dcc    0000003a     soft_i2c.o (.text._ZN7drivers15SoftI2c_IsReadyEPKNS_14SoftI2cContextE)
                  00011e06    0000003a     oled_ssd1306.o (.text._ZN7drivers17OledSsd1306_ClearEPNS_18OledSsd1306ContextE)
                  00011e40    0000003a     libclang_rt.builtins.a : muldsi3.S.obj (.text)
                  00011e7a    00000002     --HOLE-- [fill = 0]
                  00011e7c    00000038     board_gy931.o (.text._ZN5board23Board_Gy931ProbeAddressEh)
                  00011eb4    00000038     led.o (.text._ZN7drivers10Led_ToggleEPNS_10LedContextE)
                  00011eec    00000038     buzzer.o (.text._ZN7drivers11Buzzer_InitEPNS_13BuzzerContextEPKNS_12BuzzerConfigE)
                  00011f24    00000038     button.o (.text._ZN7drivers14Button_ReadRawEPNS_13ButtonContextEPb)
                  00011f5c    00000038     oled_ssd1306.o (.text._ZN7drivers16OledSsd1306_FillEPNS_18OledSsd1306ContextEh)
                  00011f94    00000038     ina219.o (.text._ZN7drivers19Ina219_ProbeAddressEPNS_13Ina219ContextEhPt)
                  00011fcc    00000038     led.o (.text._ZN7drivers8Led_InitEPNS_10LedContextEPKNS_9LedConfigE)
                  00012004    00000038     time.o (.text._ZN8services9Time_InitEv)
                  0001203c    00000036     oled_ssd1306.o (.text._ZN7drivers19OledSsd1306_IsReadyEPKNS_18OledSsd1306ContextE)
                  00012072    00000002     --HOLE-- [fill = 0]
                  00012074    00000034     app_shell.o (.text._ZN3app12_GLOBAL__N_113Gy931OledTaskEv)
                  000120a8    00000034     app_shell.o (.text._ZN3app12_GLOBAL__N_114Ina219OledTaskEv)
                  000120dc    00000034     board_button.o (.text._ZN5board19Board_ButtonsUpdateEj)
                  00012110    00000030     driverlib.a : dl_i2c.o (.text.DL_I2C_flushControllerRXFIFO)
                  00012140    00000030                 : dl_uart.o (.text.DL_UART_transmitDataBlocking)
                  00012170    00000030     app_shell.o (.text._ZN3app12_GLOBAL__N_115WriteStatusLineEPKcN7drivers12DriverStatusE)
                  000121a0    00000030     app_shell.o (.text._ZN3app12_GLOBAL__N_121PrintMotorConfigBlockERKNS_19motor_driver_client12CountsPerRevE)
                  000121d0    00000030     buzzer.o (.text._ZN7drivers10Buzzer_OffEPNS_13BuzzerContextE)
                  00012200    00000030     i2c_diag.o (.text._ZN7drivers12_GLOBAL__N_118CheckTransferErrorEP8I2C_Regs)
                  00012230    00000030     led.o (.text._ZN7drivers7Led_SetEPNS_10LedContextEb)
                  00012260    00000030     buzzer.o (.text._ZN7drivers9Buzzer_OnEPNS_13BuzzerContextE)
                  00012290    0000002e     ina219.o (.text._ZN7drivers19Ina219_ReadRegisterEPNS_13Ina219ContextEhPt)
                  000122be    00000002     --HOLE-- [fill = 0]
                  000122c0    0000002c     app_shell.o (.text._ZN3app12_GLOBAL__N_113PrintLedUsageEv)
                  000122ec    0000002c     board.o (.text._ZN5board10Board_InitEv)
                  00012318    0000002c     board_oled.o (.text._ZN5board15Board_OledProbeEv)
                  00012344    0000002c     board_gy931.o (.text._ZN5board21Board_Gy931RecoverBusEv)
                  00012370    0000002c     ina219.o (.text._ZN7drivers20Ina219_WriteRegisterEPNS_13Ina219ContextEht)
                  0001239c    0000002c     lora.o (.text._ZN7drivers28LoraUart_GetControllerStatusEPKNS_15LoraUartContextEPj)
                  000123c8    0000002c     motor_driver_uart.o (.text._ZN7drivers35MotorDriverUart_GetControllerStatusEPKNS_22MotorDriverUartContextEPj)
                  000123f4    0000002c     scheduler.o (.text._ZN8services20Scheduler_EnableTaskEhb)
                  00012420    0000002a     ina219.o (.text._ZN7drivers12Ina219_ResetEPNS_13Ina219ContextE)
                  0001244a    0000002a     lora.o (.text._ZN7drivers23LoraUart_GetRxAvailableEPKNS_15LoraUartContextE)
                  00012474    0000002a     motor_driver_uart.o (.text._ZN7drivers30MotorDriverUart_GetRxAvailableEPKNS_22MotorDriverUartContextE)
                  0001249e    00000002     --HOLE-- [fill = 0]
                  000124a0    00000028     ti_msp_dl_config.o (.text.SYSCFG_DL_SYSCTL_CLK_init)
                  000124c8    00000028     app_shell.o (.text._ZN3app12_GLOBAL__N_112ResetCommandEiPKPKc)
                  000124f0    00000028     board_lora.o (.text._ZN5board14Board_LoraInitEv)
                  00012518    00000028     board_motor_driver.o (.text._ZN5board21Board_MotorDriverInitEv)
                  00012540    00000028     libc.a : boot_cortex_m.c.obj (.text:_c_int00_noargs)
                  00012568    00000026     driverlib.a : dl_i2c.o (.text.DL_I2C_setClockConfig)
                  0001258e    00000002     --HOLE-- [fill = 0]
                  00012590    00000024     app_shell.o (.text._ZN3app12_GLOBAL__N_110WriteInt32Ei)
                  000125b4    00000024     time.o (.text._ZN8services12Time_DelayMsEj)
                  000125d8    00000024     libclang_rt.builtins.a : muldi3.S.obj (.text)
                  000125fc    00000022     button.o (.text._ZN7drivers17Button_WasPressedEPNS_13ButtonContextE)
                  0001261e    00000022     button.o (.text._ZN7drivers18Button_WasReleasedEPNS_13ButtonContextE)
                  00012640    00000020     app_shell.o (.text._ZN3app12_GLOBAL__N_126PrintMotorPositionPidBlockERKNS_19motor_driver_client11PositionPidE)
                  00012660    00000020     board_led.o (.text._ZN5board13Board_LedIsOnENS_10BoardLedIdE)
                  00012680    00000020     board_oled.o (.text._ZN5board14Board_OledInitEv)
                  000126a0    00000020     board_led.o (.text._ZN5board16Board_LedIsReadyENS_10BoardLedIdE)
                  000126c0    0000001e     ina219.o (.text._ZN7drivers17Ina219_GetAddressEPKNS_13Ina219ContextE)
                  000126de    0000001e     ina219.o (.text._ZN7drivers21Ina219_GetCalibrationEPKNS_13Ina219ContextE)
                  000126fc    0000001e     libclang_rt.builtins.a : ashldi3.S.obj (.text)
                  0001271a    00000002     --HOLE-- [fill = 0]
                  0001271c    0000001c     driverlib.a : dl_spi.o (.text.DL_SPI_receiveDataCheck8)
                  00012738    0000001c                 : dl_spi.o (.text.DL_SPI_transmitDataCheck8)
                  00012754    0000001c     app_main.o (.text._ZN3app7App_RunEv)
                  00012770    0000001c     board_led.o (.text._ZN5board11Board_LedOnENS_10BoardLedIdE)
                  0001278c    0000001c     board_led.o (.text._ZN5board12Board_LedOffENS_10BoardLedIdE)
                  000127a8    0000001c     board_led.o (.text._ZN5board15Board_LedToggleENS_10BoardLedIdE)
                  000127c4    0000001c     board_button.o (.text._ZN5board19Board_ButtonReadRawENS_13BoardButtonIdEPb)
                  000127e0    0000001c     board_button.o (.text._ZN5board21Board_ButtonIsPressedENS_13BoardButtonIdE)
                  000127fc    0000001c     board_button.o (.text._ZN5board22Board_ButtonWasPressedENS_13BoardButtonIdE)
                  00012818    0000001c     board_button.o (.text._ZN5board23Board_ButtonWasReleasedENS_13BoardButtonIdE)
                  00012834    0000001c     ina219.o (.text._ZN7drivers14Ina219_IsReadyEPKNS_13Ina219ContextE)
                  00012850    0000001c     fm24cl64b.o (.text._ZN7drivers17Fm24cl64b_IsReadyEPKNS_16Fm24cl64bContextE)
                  0001286c    0000001c     debug_uart.o (.text._ZN8services19DebugUart_WriteCharEc)
                  00012888    0000001a     button.o (.text._ZN7drivers16Button_IsPressedEPKNS_13ButtonContextE)
                  000128a2    0000001a     led.o (.text._ZN7drivers8Led_IsOnEPKNS_10LedContextE)
                  000128bc    0000001a     libclang_rt.builtins.a : aeabi_memset.S.obj (.text)
                  000128d6    00000002     --HOLE-- [fill = 0]
                  000128d8    00000018     board_i2c_bus.o (.text._ZN5board15Board_I2cBusGetEj)
                  000128f0    00000018     board_button.o (.text._ZN5board19Board_ButtonGetNameENS_13BoardButtonIdE)
                  00012908    00000018     lora.o (.text._ZN7drivers20LoraUart_GetBaudrateEPKNS_15LoraUartContextE)
                  00012920    00000018     motor_driver_uart.o (.text._ZN7drivers27MotorDriverUart_GetBaudrateEPKNS_22MotorDriverUartContextE)
                  00012938    00000018     time.o (.text._ZN8services15Time_HasElapsedEjj)
                  00012950    00000016     app_main.o (.text._ZN12_GLOBAL__N_118App_ButtonScanTaskEv)
                  00012966    00000016     led.o (.text._ZN7drivers11Led_IsReadyEPKNS_10LedContextE)
                  0001297c    00000016     buzzer.o (.text._ZN7drivers14Buzzer_IsReadyEPKNS_13BuzzerContextE)
                  00012992    00000016     lora.o (.text._ZN7drivers16LoraUart_IsReadyEPKNS_15LoraUartContextE)
                  000129a8    00000016     motor_driver_uart.o (.text._ZN7drivers23MotorDriverUart_IsReadyEPKNS_22MotorDriverUartContextE)
                  000129be    00000016     libc.a : copy_zero_init.c.obj (.text:decompress:ZI:__TI_zero_init_nomemset)
                  000129d4    00000014     config_store.o (.text._ZN3app21ConfigStore_ParamNameEh)
                  000129e8    00000014     board_fram.o (.text._ZN5board14Board_FramInitEv)
                  000129fc    00000014     board_fram.o (.text._ZN5board14Board_FramReadEtPht)
                  00012a10    00000014     board_fram.o (.text._ZN5board15Board_FramWriteEtPKht)
                  00012a24    00000014     board_lora.o (.text._ZN5board15Board_LoraWriteEPKht)
                  00012a38    00000014     board_buzzer.o (.text._ZN5board16Board_BuzzerInitEv)
                  00012a4c    00000014     board_fram.o (.text._ZN5board18Board_FramReadByteEtPh)
                  00012a60    00000014     board_fram.o (.text._ZN5board18Board_FramSelfTestEv)
                  00012a74    00000014     board_fram.o (.text._ZN5board19Board_FramWriteByteEth)
                  00012a88    00000014     board_oled.o (.text._ZN5board19Board_OledWriteTextEhhPKc)
                  00012a9c    00000014     board_motor_driver.o (.text._ZN5board22Board_MotorDriverWriteEPKht)
                  00012ab0    00000014     board_ina219.o (.text._ZN5board24Board_Ina219ProbeAddressEhPt)
                  00012ac4    00000014     board_ina219.o (.text._ZN5board24Board_Ina219ReadRegisterEhPt)
                  00012ad8    00000014     board_ina219.o (.text._ZN5board25Board_Ina219WriteRegisterEht)
                  00012aec    00000014     fm24cl64b.o (.text._ZN7drivers19Fm24cl64b_WriteByteEPNS_16Fm24cl64bContextEth)
                  00012b00    00000014     shell.o (.text._ZN8services15Shell_WriteLineEPKc)
                  00012b14    00000014     libclang_rt.builtins.a : aeabi_ldivmod.S.obj (.text)
                  00012b28    00000012     driverlib.a : dl_spi.o (.text.DL_SPI_setClockConfig)
                  00012b3a    00000012                 : dl_uart.o (.text.DL_UART_setClockConfig)
                  00012b4c    00000012     libc.a : copy_decompress_none.c.obj (.text:decompress:none)
                  00012b5e    00000002     --HOLE-- [fill = 0]
                  00012b60    00000010     time.o (.text.SysTick_Handler)
                  00012b70    00000010     board_lora.o (.text.UART0_IRQHandler)
                  00012b80    00000010     board_motor_driver.o (.text.UART1_IRQHandler)
                  00012b90    00000010     app_shell.o (.text._ZN3app12_GLOBAL__N_110AdcCommandEiPKPKc)
                  00012ba0    00000010     board_buzzer.o (.text._ZN5board14Board_BuzzerOnEv)
                  00012bb0    00000010     board_oled.o (.text._ZN5board14Board_OledFillEh)
                  00012bc0    00000010     board_buzzer.o (.text._ZN5board15Board_BuzzerOffEv)
                  00012bd0    00000010     board_oled.o (.text._ZN5board15Board_OledClearEv)
                  00012be0    00000010     board_fram.o (.text._ZN5board17Board_FramIsReadyEv)
                  00012bf0    00000010     board_ina219.o (.text._ZN5board17Board_Ina219ResetEv)
                  00012c00    00000010     board_lora.o (.text._ZN5board17Board_LoraIsReadyEv)
                  00012c10    00000010     board_oled.o (.text._ZN5board17Board_OledIsReadyEv)
                  00012c20    00000010     board_gy931.o (.text._ZN5board18Board_Gy931IsReadyEv)
                  00012c30    00000010     board_lora.o (.text._ZN5board18Board_LoraReadByteEPh)
                  00012c40    00000010     board_buzzer.o (.text._ZN5board19Board_BuzzerIsReadyEv)
                  00012c50    00000010     board_ina219.o (.text._ZN5board19Board_Ina219IsReadyEv)
                  00012c60    00000010     board_lora.o (.text._ZN5board19Board_LoraWriteByteEh)
                  00012c70    00000010     board_oled.o (.text._ZN5board19Board_OledSetInvertEb)
                  00012c80    00000010     board_fram.o (.text._ZN5board20Board_FramRecoverBusEv)
                  00012c90    00000010     board_lora.o (.text._ZN5board21Board_LoraGetBaudrateEv)
                  00012ca0    00000010     board_oled.o (.text._ZN5board21Board_OledTestPatternEv)
                  00012cb0    00000010     board_ina219.o (.text._ZN5board22Board_Ina219GetAddressEv)
                  00012cc0    00000010     board_ina219.o (.text._ZN5board22Board_Ina219RecoverBusEv)
                  00012cd0    00000010     board_ina219.o (.text._ZN5board22Board_Ina219SetAddressEh)
                  00012ce0    00000010     board_oled.o (.text._ZN5board22Board_OledSetDisplayOnEb)
                  00012cf0    00000010     board_ina219.o (.text._ZN5board23Board_Ina219CalibrationEv)
                  00012d00    00000010     board_lora.o (.text._ZN5board23Board_LoraClearRxBufferEv)
                  00012d10    00000010     board_lora.o (.text._ZN5board24Board_LoraGetRxAvailableEv)
                  00012d20    00000010     board_motor_driver.o (.text._ZN5board24Board_MotorDriverIsReadyEv)
                  00012d30    00000010     board_motor_driver.o (.text._ZN5board25Board_MotorDriverReadByteEPh)
                  00012d40    00000010     board_motor_driver.o (.text._ZN5board26Board_MotorDriverWriteByteEh)
                  00012d50    00000010     board_ina219.o (.text._ZN5board27Board_Ina219ReadMeasurementEPN7drivers17Ina219MeasurementE)
                  00012d60    00000010     board_lora.o (.text._ZN5board27Board_LoraGetRxDroppedCountEv)
                  00012d70    00000010     board_ina219.o (.text._ZN5board28Board_Ina219ConfigureDefaultEv)
                  00012d80    00000010     board_ina219.o (.text._ZN5board28Board_Ina219ReadRawRegistersEPN7drivers18Ina219RawRegistersE)
                  00012d90    00000010     board_motor_driver.o (.text._ZN5board28Board_MotorDriverGetBaudrateEv)
                  00012da0    00000010     board_lora.o (.text._ZN5board29Board_LoraGetControllerStatusEPj)
                  00012db0    00000010     board_motor_driver.o (.text._ZN5board30Board_MotorDriverClearRxBufferEv)
                  00012dc0    00000010     board_motor_driver.o (.text._ZN5board31Board_MotorDriverGetRxAvailableEv)
                  00012dd0    00000010     board_motor_driver.o (.text._ZN5board34Board_MotorDriverGetRxDroppedCountEv)
                  00012de0    00000010     board_motor_driver.o (.text._ZN5board36Board_MotorDriverGetControllerStatusEPj)
                  00012df0    00000010     fault.o (.text._ZN8services9Fault_SetENS_9FaultCodeE)
                  00012e00    0000000c     board_oled.o (.text._ZN5board15Board_OledWidthEv)
                  00012e0c    0000000c     board_imu.o (.text._ZN5board16Board_ImuIsReadyEv)
                  00012e18    0000000c     board_oled.o (.text._ZN5board16Board_OledHeightEv)
                  00012e24    0000000c     board_oled.o (.text._ZN5board17Board_OledAddressEv)
                  00012e30    0000000c     board_gy931.o (.text._ZN5board18Board_Gy931AddressEv)
                  00012e3c    0000000c     lora.o (.text._ZN7drivers26LoraUart_GetRxDroppedCountEPKNS_15LoraUartContextE)
                  00012e48    0000000c     motor_driver_uart.o (.text._ZN7drivers33MotorDriverUart_GetRxDroppedCountEPKNS_22MotorDriverUartContextE)
                  00012e54    0000000c     fault.o (.text._ZN8services10Fault_InitEv)
                  00012e60    0000000c     time.o (.text._ZN8services11Time_MillisEv)
                  00012e6c    0000000c     debug_uart.o (.text._ZN8services17DebugUart_IsReadyEv)
                  00012e78    0000000c     fault.o (.text._ZN8services9Fault_GetEv)
                  00012e84    0000000a     driverlib.a : dl_common.o (.text.DL_Common_delayCycles)
                  00012e8e    0000000a     fm24cl64b.o (.text._ZN7drivers18Fm24cl64b_ReadByteEPNS_16Fm24cl64bContextEtPh)
                  00012e98    00000008     config_store.o (.text._ZN3app15ConfigStore_GetEv)
                  00012ea0    00000008     chassis.o (.text._ZN3app16Chassis_GetStateEv)
                  00012ea8    00000008     config_store.o (.text._ZN3app21ConfigStore_GetStatusEv)
                  00012eb0    00000008     shell.o (.text._ZN8services15Shell_WriteCharEc)
                  00012eb8    00000008     shell.o (.text._ZN8services17Shell_WriteStringEPKc)
                  00012ec0    00000008     shell.o (.text._ZN8services17Shell_WriteUInt32Ej)
                  00012ec8    00000008     libclang_rt.builtins.a : aeabi_memcpy.S.obj (.text)
                  00012ed0    00000006     board_fram.o (.text._ZN5board23Board_FramCapacityBytesEv)
                  00012ed6    00000006     libc.a : exit.c.obj (.text:abort)
                  00012edc    00000004     libsysbm.a : hostexit.c.obj (.text.HOSTexit)
                  00012ee0    00000004     startup_mspm0g351x_ticlang.o (.text.Reset_Handler)
                  00012ee4    00000010     libc.a : boot_cortex_m.c.obj (.tramp._c_int00_noargs.1)
                  00012ef4    00000004     config_store.o (.text._ZN3app22ConfigStore_ParamCountEv)
                  00012ef8    00000004     board_led.o (.text._ZN5board14Board_LedCountEv)
                  00012efc    00000004     board_i2c_bus.o (.text._ZN5board17Board_I2cBusCountEv)
                  00012f00    00000004     libc.a : pre_init.c.obj (.text._system_pre_init)
                  00012f04    00000004     --HOLE-- [fill = 0]

.cinit     0    00015840    00000080     
                  00015840    00000046     (.cinit..data.load) [load image, compression = lzss]
                  00015886    00000002     --HOLE-- [fill = 0]
                  00015888    0000000c     (__TI_handler_table)
                  00015894    00000008     (.cinit..TrimTable.load) [load image, compression = zero_init]
                  0001589c    00000008     (.cinit..bss.load) [load image, compression = zero_init]
                  000158a4    00000018     (__TI_cinit_table)
                  000158bc    00000004     --HOLE-- [fill = 0]

.rodata    0    00012f10    00002930     
                  00012f10    00000400     config_store.o (.rodata..L.crctable)
                  00013310    000001e0     oled_ssd1306.o (.rodata._ZN7drivers12_GLOBAL__N_18kFont5x7E)
                  000134f0    00000180     config_store.o (.rodata._ZN3app12_GLOBAL__N_117kParamDescriptorsE)
                  00013670    00000100     app_shell.o (.rodata..L.crctable)
                  00013770    000000b0     board_i2c_bus.o (.rodata._ZN5board12_GLOBAL__N_110g_i2cBusesE)
                  00013820    00000045     app_shell.o (.rodata.str1.2354522874658768371.1)
                  00013865    00000044     app_shell.o (.rodata.str1.10765756584264170646.1)
                  000138a9    00000043     app_shell.o (.rodata.str1.6250143692566116756.1)
                  000138ec    00000040     app_shell.o (.rodata.str1.16002955380413704612.1)
                  0001392c    0000003f     app_shell.o (.rodata.str1.9307362830757344490.1)
                  0001396b    0000003b     app_shell.o (.rodata.str1.13305312957799781956.1)
                  000139a6    0000003a     app_shell.o (.rodata.str1.9210286441137644766.1)
                  000139e0    00000039     app_shell.o (.rodata.str1.2029421846019890511.1)
                  00013a19    00000039     app_shell.o (.rodata.str1.444886150797460539.1)
                  00013a52    00000002     ti_msp_dl_config.o (.rodata.gDEBUG_UARTClockConfig)
                  00013a54    00000038     board_ina219.o (.rodata._ZN5boardL14g_ina219ConfigE)
                  00013a8c    00000037     app_shell.o (.rodata.str1.1695784342961477721.1)
                  00013ac3    00000035     app_shell.o (.rodata.str1.1983276796565948189.1)
                  00013af8    00000034     app_shell.o (.rodata.str1.8515655798636656221.1)
                  00013b2c    00000033     app_shell.o (.rodata.str1.871335262082007188.1)
                  00013b5f    00000001     app_shell.o (.rodata._ZZN3app19motor_driver_client13ResetEncodersEPNS0_6ClientEE18kResetBothEncoders)
                  00013b60    00000030     board_button.o (.rodata._ZN5board12_GLOBAL__N_115g_buttonConfigsE)
                  00013b90    00000030     app_shell.o (.rodata.str1.1222417806814152126.1)
                  00013bc0    00000030     app_shell.o (.rodata.str1.14683574465395229248.1)
                  00013bf0    0000002e     app_shell.o (.rodata.str1.2112829382197544942.1)
                  00013c1e    0000002e     app_shell.o (.rodata.str1.9018689912544847403.1)
                  00013c4c    0000002d     app_shell.o (.rodata.str1.15586260887364424134.1)
                  00013c79    00000003     shell.o (.rodata.str1.10427229796524742636.1)
                  00013c7c    0000002c     board_fram.o (.rodata._ZN5boardL12g_framConfigE)
                  00013ca8    0000002c     app_shell.o (.rodata.str1.9914841333937594294.1)
                  00013cd4    0000002b     app_shell.o (.rodata.str1.17219850762613485852.1)
                  00013cff    0000002a     app_shell.o (.rodata.str1.4584059769797829508.1)
                  00013d29    0000002a     app_shell.o (.rodata.str1.9613508491485191367.1)
                  00013d53    00000027     app_shell.o (.rodata.str1.10399184169238940547.1)
                  00013d7a    00000027     app_shell.o (.rodata.str1.14384267027075031912.1)
                  00013da1    00000026     shell.o (.rodata.str1.6901712316327456926.1)
                  00013dc7    00000001     app_shell.o (.rodata.str1.2556158338242340190.1)
                  00013dc8    00000024     board_led.o (.rodata._ZN5board12_GLOBAL__N_112g_ledConfigsE)
                  00013dec    00000023     app_shell.o (.rodata.str1.3590894685082263268.1)
                  00013e0f    00000001     --HOLE-- [fill = 0]
                  00013e10    00000020     board_gy931.o (.rodata._ZN5board12_GLOBAL__N_116g_gy931I2cConfigE)
                  00013e30    00000020     app_shell.o (.rodata.str1.12395812238841081648.1)
                  00013e50    00000020     app_shell.o (.rodata.str1.16423083052983990348.1)
                  00013e70    00000020     app_shell.o (.rodata.str1.5407661000085889072.1)
                  00013e90    0000001f     app_shell.o (.rodata.str1.12689837511127178451.1)
                  00013eaf    0000001f     app_shell.o (.rodata.str1.14613035533147221857.1)
                  00013ece    0000001f     app_shell.o (.rodata.str1.14648361161363975803.1)
                  00013eed    0000001f     app_shell.o (.rodata.str1.7078129644076030331.1)
                  00013f0c    0000001e     app_shell.o (.rodata.str1.15434941628325917383.1)
                  00013f2a    0000001e     app_shell.o (.rodata.str1.18150999503394594367.1)
                  00013f48    0000001d     app_shell.o (.rodata.str1.10898729738530409555.1)
                  00013f65    0000001d     app_shell.o (.rodata.str1.14205965562906606532.1)
                  00013f82    0000001d     app_shell.o (.rodata.str1.3218378721581701344.1)
                  00013f9f    0000001d     app_shell.o (.rodata.str1.4830991237564729075.1)
                  00013fbc    0000001d     app_shell.o (.rodata.str1.5661974456178807691.1)
                  00013fd9    0000001d     app_shell.o (.rodata.str1.7535482591133560768.1)
                  00013ff6    0000001d     app_shell.o (.rodata.str1.9330511253547015856.1)
                  00014013    00000001     --HOLE-- [fill = 0]
                  00014014    0000001c     app_shell.o (.rodata..Lswitch.table._ZN3app12_GLOBAL__N_115WriteStatusLineEPKcN7drivers12DriverStatusE)
                  00014030    0000001c     app_shell.o (.rodata.str1.2034895498426947182.1)
                  0001404c    0000001c     app_shell.o (.rodata.str1.4561355912026728236.1)
                  00014068    0000001c     app_shell.o (.rodata.str1.5915467744016243284.1)
                  00014084    0000001b     app_shell.o (.rodata.str1.11988425272379929349.1)
                  0001409f    0000001b     app_shell.o (.rodata.str1.17828083914467509567.1)
                  000140ba    0000001b     app_shell.o (.rodata.str1.5763226748955673020.1)
                  000140d5    0000001b     app_shell.o (.rodata.str1.8287504627243269121.1)
                  000140f0    0000001b     app_shell.o (.rodata.str1.8406640635343907673.1)
                  0001410b    0000001b     app_shell.o (.rodata.str1.931795180867172166.1)
                  00014126    0000001a     app_shell.o (.rodata.str1.1047053269920726699.1)
                  00014140    0000001a     config_store.o (.rodata.str1.12033219760783693721.1)
                  0001415a    0000001a     app_shell.o (.rodata.str1.4364833213939746011.1)
                  00014174    0000001a     app_shell.o (.rodata.str1.6732668152964995079.1)
                  0001418e    0000001a     app_shell.o (.rodata.str1.8963702969112686911.1)
                  000141a8    00000019     app_shell.o (.rodata.str1.11364370692028555065.1)
                  000141c1    00000019     app_shell.o (.rodata.str1.11515932757094173050.1)
                  000141da    00000019     app_shell.o (.rodata.str1.15453031427744251291.1)
                  000141f3    00000019     app_shell.o (.rodata.str1.3797254539615626137.1)
                  0001420c    00000018     oled_ssd1306.o (.rodata..L__const._ZN7drivers16OledSsd1306_InitEPNS_18OledSsd1306ContextEPKNS_17OledSsd1306ConfigE.init_commands)
                  00014224    00000018     app_shell.o (.rodata..Lswitch.table._ZN3app12_GLOBAL__N_110LedCommandEiPKPKc)
                  0001423c    00000018     app_shell.o (.rodata..Lswitch.table._ZN3app12_GLOBAL__N_114ChassisCommandEiPKPKc)
                  00014254    00000018     app_shell.o (.rodata..Lswitch.table._ZN3app12_GLOBAL__N_114PrintI2cStatusEPKN7drivers16I2cDiagBusConfigE)
                  0001426c    00000018     board_lora.o (.rodata._ZN5boardL12g_loraConfigE)
                  00014284    00000018     board_motor_driver.o (.rodata._ZN5boardL19g_motorDriverConfigE)
                  0001429c    00000018     app_shell.o (.rodata.str1.12984249117936450029.1)
                  000142b4    00000018     app_shell.o (.rodata.str1.18064870084815154193.1)
                  000142cc    00000018     app_shell.o (.rodata.str1.4373942943625881212.1)
                  000142e4    00000017     app_shell.o (.rodata.str1.4581240687132052572.1)
                  000142fb    00000017     app_shell.o (.rodata.str1.4718301332189448330.1)
                  00014312    00000017     app_shell.o (.rodata.str1.4765282673395706663.1)
                  00014329    00000017     shell.o (.rodata.str1.5680428239841774557.1)
                  00014340    00000017     app_shell.o (.rodata.str1.9910804097406052719.1)
                  00014357    00000016     config_store.o (.rodata.str1.11392457666285366609.1)
                  0001436d    00000016     app_shell.o (.rodata.str1.12144774989780088692.1)
                  00014383    00000016     app_shell.o (.rodata.str1.13204140776596746875.1)
                  00014399    00000016     app_shell.o (.rodata.str1.13513309088777963189.1)
                  000143af    00000016     app_shell.o (.rodata.str1.699895553008956456.1)
                  000143c5    00000016     app_shell.o (.rodata.str1.8635314900416989314.1)
                  000143db    00000015     app_shell.o (.rodata.str1.10112150257581002706.1)
                  000143f0    00000015     app_shell.o (.rodata.str1.10655198733228341824.1)
                  00014405    00000015     app_shell.o (.rodata.str1.11809445933227703494.1)
                  0001441a    00000015     app_shell.o (.rodata.str1.12165419393892591306.1)
                  0001442f    00000015     app_shell.o (.rodata.str1.13993368087264210023.1)
                  00014444    00000015     app_shell.o (.rodata.str1.14355953386558495977.1)
                  00014459    00000015     app_shell.o (.rodata.str1.15233515076766056445.1)
                  0001446e    00000015     app_shell.o (.rodata.str1.15957297692044786119.1)
                  00014483    00000015     config_store.o (.rodata.str1.17439377310877603789.1)
                  00014498    00000015     config_store.o (.rodata.str1.17460830964141532537.1)
                  000144ad    00000015     app_shell.o (.rodata.str1.2767916714829989116.1)
                  000144c2    00000015     config_store.o (.rodata.str1.6020816126973889502.1)
                  000144d7    00000015     app_shell.o (.rodata.str1.7717429345810212474.1)
                  000144ec    00000015     config_store.o (.rodata.str1.7855644257009699570.1)
                  00014501    00000015     app_shell.o (.rodata.str1.7950140236767125311.1)
                  00014516    00000015     config_store.o (.rodata.str1.8760345401795888346.1)
                  0001452b    00000015     app_shell.o (.rodata.str1.9993995378713752655.1)
                  00014540    00000014     config_store.o (.rodata.str1.10150284861949655031.1)
                  00014554    00000014     app_shell.o (.rodata.str1.11810056576553604146.1)
                  00014568    00000014     config_store.o (.rodata.str1.14046477834994395825.1)
                  0001457c    00000014     config_store.o (.rodata.str1.16396527236185789208.1)
                  00014590    00000014     app_shell.o (.rodata.str1.1735606048226007486.1)
                  000145a4    00000014     config_store.o (.rodata.str1.3725611125351957354.1)
                  000145b8    00000014     config_store.o (.rodata.str1.439253798699179061.1)
                  000145cc    00000014     app_shell.o (.rodata.str1.6429102455957669569.1)
                  000145e0    00000014     app_shell.o (.rodata.str1.7858154358613116398.1)
                  000145f4    00000014     app_shell.o (.rodata.str1.9749413079945087756.1)
                  00014608    00000013     app_shell.o (.rodata.str1.11325690732168652611.1)
                  0001461b    00000013     app_shell.o (.rodata.str1.16079002699872141978.1)
                  0001462e    00000013     app_shell.o (.rodata.str1.16835946644515092483.1)
                  00014641    00000013     app_shell.o (.rodata.str1.2355494237171943752.1)
                  00014654    00000013     app_shell.o (.rodata.str1.486096689455371503.1)
                  00014667    00000013     app_shell.o (.rodata.str1.6741221679932540615.1)
                  0001467a    00000013     app_shell.o (.rodata.str1.8602760754867183125.1)
                  0001468d    00000012     app_shell.o (.rodata.str1.11880935390437614102.1)
                  0001469f    00000012     app_shell.o (.rodata.str1.12139680495649507277.1)
                  000146b1    00000012     app_shell.o (.rodata.str1.12185306449572332681.1)
                  000146c3    00000012     app_shell.o (.rodata.str1.14689973629795250186.1)
                  000146d5    00000012     app_shell.o (.rodata.str1.16556295950709461880.1)
                  000146e7    00000012     app_shell.o (.rodata.str1.1920446765128684034.1)
                  000146f9    00000012     app_shell.o (.rodata.str1.2174065761012631512.1)
                  0001470b    00000012     app_shell.o (.rodata.str1.2509688030770190454.1)
                  0001471d    00000012     app_shell.o (.rodata.str1.3256265506082810711.1)
                  0001472f    00000012     app_shell.o (.rodata.str1.6141924026740255213.1)
                  00014741    00000012     app_shell.o (.rodata.str1.7267978533840413714.1)
                  00014753    00000012     shell.o (.rodata.str1.8246939600463437344.1)
                  00014765    00000012     app_shell.o (.rodata.str1.9055250215258332321.1)
                  00014777    00000011     config_store.o (.rodata.str1.10230824036256239097.1)
                  00014788    00000011     app_shell.o (.rodata.str1.10942142601811546277.1)
                  00014799    00000011     app_shell.o (.rodata.str1.11187590877126870748.1)
                  000147aa    00000011     app_shell.o (.rodata.str1.12824201010631389445.1)
                  000147bb    00000011     app_shell.o (.rodata.str1.13030721149427952655.1)
                  000147cc    00000011     app_shell.o (.rodata.str1.14399694733058290430.1)
                  000147dd    00000011     app_shell.o (.rodata.str1.15176035481894813218.1)
                  000147ee    00000011     app_shell.o (.rodata.str1.15718131002869739432.1)
                  000147ff    00000011     app_shell.o (.rodata.str1.2575300681215869353.1)
                  00014810    00000011     app_shell.o (.rodata.str1.289627103221730650.1)
                  00014821    00000011     app_shell.o (.rodata.str1.3030045481369325523.1)
                  00014832    00000011     app_shell.o (.rodata.str1.457134685058795777.1)
                  00014843    00000011     app_shell.o (.rodata.str1.5183699985835163329.1)
                  00014854    00000011     app_shell.o (.rodata.str1.671945175647755142.1)
                  00014865    00000011     app_shell.o (.rodata.str1.860288802755812513.1)
                  00014876    00000011     app_shell.o (.rodata.str1.8778837135027269807.1)
                  00014887    00000010     app_shell.o (.rodata.str1.10045272382687720110.1)
                  00014897    00000010     app_shell.o (.rodata.str1.10063100725489470447.1)
                  000148a7    00000010     app_shell.o (.rodata.str1.10594942368384070832.1)
                  000148b7    00000010     app_shell.o (.rodata.str1.10673636489446728236.1)
                  000148c7    00000010     app_shell.o (.rodata.str1.11208828733426745331.1)
                  000148d7    00000010     app_shell.o (.rodata.str1.13643216153024045165.1)
                  000148e7    00000010     app_shell.o (.rodata.str1.1420893864952581301.1)
                  000148f7    00000010     app_shell.o (.rodata.str1.1431720735396876446.1)
                  00014907    00000010     app_shell.o (.rodata.str1.16368304853068341593.1)
                  00014917    00000010     app_shell.o (.rodata.str1.16458884249986146812.1)
                  00014927    00000010     app_shell.o (.rodata.str1.2686006007855973365.1)
                  00014937    00000010     app_shell.o (.rodata.str1.4542404440653722632.1)
                  00014947    00000010     config_store.o (.rodata.str1.5276595031501217099.1)
                  00014957    00000010     app_shell.o (.rodata.str1.5515999138927817340.1)
                  00014967    00000010     app_shell.o (.rodata.str1.5531439754045694522.1)
                  00014977    00000010     app_shell.o (.rodata.str1.6357824671205653470.1)
                  00014987    00000010     app_shell.o (.rodata.str1.738127925484632372.1)
                  00014997    00000010     app_shell.o (.rodata.str1.7863986223166603054.1)
                  000149a7    00000010     app_shell.o (.rodata.str1.9620275128409837831.1)
                  000149b7    00000010     app_shell.o (.rodata.str1.97227345183721019.1)
                  000149c7    0000000f     app_shell.o (.rodata.str1.10240434636320304394.1)
                  000149d6    0000000f     app_shell.o (.rodata.str1.10676024008785630941.1)
                  000149e5    0000000f     app_shell.o (.rodata.str1.11627259167888876947.1)
                  000149f4    0000000f     app_shell.o (.rodata.str1.13071761163155843764.1)
                  00014a03    0000000f     app_shell.o (.rodata.str1.13760472749468428784.1)
                  00014a12    0000000f     app_shell.o (.rodata.str1.15271578700424090375.1)
                  00014a21    0000000f     app_shell.o (.rodata.str1.15616611124726231738.1)
                  00014a30    0000000f     config_store.o (.rodata.str1.15852422492383229417.1)
                  00014a3f    0000000f     app_shell.o (.rodata.str1.16762259460103771346.1)
                  00014a4e    0000000f     app_shell.o (.rodata.str1.17079496693311907377.1)
                  00014a5d    0000000f     config_store.o (.rodata.str1.17906242668176345138.1)
                  00014a6c    0000000f     app_shell.o (.rodata.str1.1818528395550233868.1)
                  00014a7b    0000000f     app_shell.o (.rodata.str1.18199392941174819197.1)
                  00014a8a    0000000f     app_shell.o (.rodata.str1.2370428100076675559.1)
                  00014a99    0000000f     app_shell.o (.rodata.str1.2831129786622658843.1)
                  00014aa8    0000000f     app_shell.o (.rodata.str1.2961690588144940041.1)
                  00014ab7    0000000f     app_shell.o (.rodata.str1.4641291215374644332.1)
                  00014ac6    0000000f     app_shell.o (.rodata.str1.4906473829960206720.1)
                  00014ad5    0000000f     app_shell.o (.rodata.str1.5263001642383835309.1)
                  00014ae4    0000000f     app_shell.o (.rodata.str1.551504573030492924.1)
                  00014af3    0000000f     app_shell.o (.rodata.str1.5640218363402806195.1)
                  00014b02    0000000f     app_shell.o (.rodata.str1.638712236475948105.1)
                  00014b11    0000000f     app_shell.o (.rodata.str1.6756868286634741853.1)
                  00014b20    0000000f     app_shell.o (.rodata.str1.6985088606437959035.1)
                  00014b2f    0000000f     app_shell.o (.rodata.str1.7536280090074249547.1)
                  00014b3e    0000000f     config_store.o (.rodata.str1.756060086756481603.1)
                  00014b4d    0000000f     app_shell.o (.rodata.str1.7743837333376801574.1)
                  00014b5c    0000000f     app_shell.o (.rodata.str1.8567835230344529755.1)
                  00014b6b    0000000f     app_shell.o (.rodata.str1.8767742179201719121.1)
                  00014b7a    0000000f     app_shell.o (.rodata.str1.9167415978045996327.1)
                  00014b89    0000000e     app_shell.o (.rodata.str1.10256891727475852015.1)
                  00014b97    0000000e     app_shell.o (.rodata.str1.10453793674332237457.1)
                  00014ba5    0000000e     app_shell.o (.rodata.str1.107782727556153465.1)
                  00014bb3    0000000e     app_shell.o (.rodata.str1.11085599432999950484.1)
                  00014bc1    0000000e     app_shell.o (.rodata.str1.11417636334450101405.1)
                  00014bcf    0000000e     app_shell.o (.rodata.str1.12164603244115374595.1)
                  00014bdd    0000000e     app_shell.o (.rodata.str1.13442463908107530774.1)
                  00014beb    0000000e     app_shell.o (.rodata.str1.13801472938381369419.1)
                  00014bf9    0000000e     app_shell.o (.rodata.str1.13905551555577476806.1)
                  00014c07    0000000e     config_store.o (.rodata.str1.14135675076917525159.1)
                  00014c15    0000000e     app_shell.o (.rodata.str1.14223157730264656398.1)
                  00014c23    0000000e     app_shell.o (.rodata.str1.15170798190507263349.1)
                  00014c31    0000000e     app_shell.o (.rodata.str1.15250642606891514023.1)
                  00014c3f    0000000e     app_shell.o (.rodata.str1.15631921964184120084.1)
                  00014c4d    0000000e     app_shell.o (.rodata.str1.15728559335418606553.1)
                  00014c5b    0000000e     app_shell.o (.rodata.str1.16800956331689080151.1)
                  00014c69    0000000e     app_shell.o (.rodata.str1.17348661065144809008.1)
                  00014c77    0000000e     app_shell.o (.rodata.str1.17876943342118536213.1)
                  00014c85    0000000e     app_shell.o (.rodata.str1.18269279803075602796.1)
                  00014c93    0000000e     app_shell.o (.rodata.str1.2160470991696560517.1)
                  00014ca1    0000000e     app_shell.o (.rodata.str1.307130865115015209.1)
                  00014caf    0000000e     app_shell.o (.rodata.str1.4179493015675024832.1)
                  00014cbd    0000000e     app_shell.o (.rodata.str1.5123905964118624653.1)
                  00014ccb    0000000e     app_shell.o (.rodata.str1.5372235894363256449.1)
                  00014cd9    0000000e     app_shell.o (.rodata.str1.6213986015100719150.1)
                  00014ce7    0000000e     app_shell.o (.rodata.str1.6411710860483804230.1)
                  00014cf5    0000000e     app_shell.o (.rodata.str1.6784117614563954040.1)
                  00014d03    0000000e     app_shell.o (.rodata.str1.7571154574660953324.1)
                  00014d11    0000000e     app_shell.o (.rodata.str1.8674441817985872181.1)
                  00014d1f    0000000e     app_shell.o (.rodata.str1.9144633642026494361.1)
                  00014d2d    0000000e     app_shell.o (.rodata.str1.9307220092008964426.1)
                  00014d3b    0000000e     app_shell.o (.rodata.str1.9315764513386952153.1)
                  00014d49    0000000e     app_shell.o (.rodata.str1.9771379453730038237.1)
                  00014d57    0000000d     app_shell.o (.rodata.str1.10491446739592751644.1)
                  00014d64    0000000d     app_shell.o (.rodata.str1.10756110055158838206.1)
                  00014d71    0000000d     app_shell.o (.rodata.str1.11066750309610323631.1)
                  00014d7e    0000000d     app_shell.o (.rodata.str1.11139999694760206320.1)
                  00014d8b    0000000d     app_shell.o (.rodata.str1.11627215746227218045.1)
                  00014d98    0000000d     app_shell.o (.rodata.str1.11695941591751426527.1)
                  00014da5    0000000d     app_shell.o (.rodata.str1.1207053347194752072.1)
                  00014db2    0000000d     app_shell.o (.rodata.str1.12171028956779732402.1)
                  00014dbf    0000000d     app_shell.o (.rodata.str1.12583477948311004516.1)
                  00014dcc    0000000d     app_shell.o (.rodata.str1.13456686701278321828.1)
                  00014dd9    0000000d     app_shell.o (.rodata.str1.14031660303973722868.1)
                  00014de6    0000000d     app_shell.o (.rodata.str1.14241588195389562460.1)
                  00014df3    0000000d     app_shell.o (.rodata.str1.15243759629067864478.1)
                  00014e00    0000000d     app_shell.o (.rodata.str1.15645525071624774828.1)
                  00014e0d    0000000d     app_shell.o (.rodata.str1.15890787717468802715.1)
                  00014e1a    0000000d     app_shell.o (.rodata.str1.16030027069547225168.1)
                  00014e27    0000000d     app_shell.o (.rodata.str1.16954485173288524775.1)
                  00014e34    0000000d     app_shell.o (.rodata.str1.17563913066770742391.1)
                  00014e41    0000000d     app_shell.o (.rodata.str1.17894747200582054988.1)
                  00014e4e    0000000d     app_shell.o (.rodata.str1.17946445462908322557.1)
                  00014e5b    0000000d     app_shell.o (.rodata.str1.18321780392631004131.1)
                  00014e68    0000000d     app_shell.o (.rodata.str1.3012107245209823623.1)
                  00014e75    0000000d     app_shell.o (.rodata.str1.3408180322678171874.1)
                  00014e82    0000000d     app_shell.o (.rodata.str1.347170334538847339.1)
                  00014e8f    0000000d     app_shell.o (.rodata.str1.3775892609595549761.1)
                  00014e9c    0000000d     app_shell.o (.rodata.str1.3791812099772881164.1)
                  00014ea9    0000000d     app_shell.o (.rodata.str1.3879560646291831357.1)
                  00014eb6    0000000d     app_shell.o (.rodata.str1.3892416308557052197.1)
                  00014ec3    0000000d     app_shell.o (.rodata.str1.3931913316430279012.1)
                  00014ed0    0000000d     app_shell.o (.rodata.str1.4203577644585159315.1)
                  00014edd    0000000d     app_shell.o (.rodata.str1.5164433326538179767.1)
                  00014eea    0000000d     app_shell.o (.rodata.str1.5376205643164354286.1)
                  00014ef7    0000000d     app_shell.o (.rodata.str1.560197181004569561.1)
                  00014f04    0000000d     app_shell.o (.rodata.str1.603491450591505373.1)
                  00014f11    0000000d     app_shell.o (.rodata.str1.6990210706562570998.1)
                  00014f1e    0000000d     app_shell.o (.rodata.str1.7323251101578629502.1)
                  00014f2b    0000000d     app_shell.o (.rodata.str1.7523381390121946373.1)
                  00014f38    0000000d     app_shell.o (.rodata.str1.7598868572271513517.1)
                  00014f45    0000000d     app_shell.o (.rodata.str1.7612592787831263617.1)
                  00014f52    0000000d     app_shell.o (.rodata.str1.7850322238517394535.1)
                  00014f5f    0000000d     app_shell.o (.rodata.str1.7923626403509450708.1)
                  00014f6c    0000000d     app_shell.o (.rodata.str1.8035528561561339514.1)
                  00014f79    0000000d     app_shell.o (.rodata.str1.8497090786602423890.1)
                  00014f86    0000000d     app_shell.o (.rodata.str1.8509687067808380963.1)
                  00014f93    0000000d     app_shell.o (.rodata.str1.867258927394270769.1)
                  00014fa0    0000000d     app_shell.o (.rodata.str1.868716187015188771.1)
                  00014fad    0000000d     app_shell.o (.rodata.str1.906066569443847875.1)
                  00014fba    0000000d     app_shell.o (.rodata.str1.9244822838137428263.1)
                  00014fc7    0000000d     app_shell.o (.rodata.str1.9340981210136901086.1)
                  00014fd4    0000000d     app_shell.o (.rodata.str1.9510743962955489881.1)
                  00014fe1    00000003     app_shell.o (.rodata.str1.12202420964197988914.1)
                  00014fe4    0000000c     board_button.o (.rodata..Lswitch.table._ZN5board19Board_ButtonGetNameENS_13BoardButtonIdE)
                  00014ff0    0000000c     board_imu.o (.rodata..Lswitch.table._ZN5board19Board_ImuSetSpiModeEh)
                  00014ffc    0000000c     board_buzzer.o (.rodata._ZN5boardL14g_buzzerConfigE)
                  00015008    0000000c     app_shell.o (.rodata.str1.10214528574276002300.1)
                  00015014    0000000c     app_shell.o (.rodata.str1.10218881960771275491.1)
                  00015020    0000000c     app_shell.o (.rodata.str1.10315330772167196409.1)
                  0001502c    0000000c     app_shell.o (.rodata.str1.10686345719893916156.1)
                  00015038    0000000c     config_store.o (.rodata.str1.11187368836135200185.1)
                  00015044    0000000c     app_shell.o (.rodata.str1.11537518471689317164.1)
                  00015050    0000000c     app_shell.o (.rodata.str1.12588545937538655288.1)
                  0001505c    0000000c     app_shell.o (.rodata.str1.12740913980015652509.1)
                  00015068    0000000c     app_shell.o (.rodata.str1.13507390935846511250.1)
                  00015074    0000000c     app_shell.o (.rodata.str1.1370999210712480726.1)
                  00015080    0000000c     app_shell.o (.rodata.str1.13772462829107236127.1)
                  0001508c    0000000c     app_shell.o (.rodata.str1.13837654594440465327.1)
                  00015098    0000000c     app_shell.o (.rodata.str1.13923183189790686887.1)
                  000150a4    0000000c     app_shell.o (.rodata.str1.14233940187144292863.1)
                  000150b0    0000000c     app_shell.o (.rodata.str1.14639049301600042713.1)
                  000150bc    0000000c     app_shell.o (.rodata.str1.14891418699318862133.1)
                  000150c8    0000000c     app_shell.o (.rodata.str1.15397327130298834941.1)
                  000150d4    0000000c     config_store.o (.rodata.str1.15686160682059732547.1)
                  000150e0    0000000c     app_shell.o (.rodata.str1.16234102244779358492.1)
                  000150ec    0000000c     app_shell.o (.rodata.str1.16354136421054348586.1)
                  000150f8    0000000c     app_shell.o (.rodata.str1.16403652897496990845.1)
                  00015104    0000000c     app_shell.o (.rodata.str1.16434931421802318348.1)
                  00015110    0000000c     app_shell.o (.rodata.str1.1654390679581727887.1)
                  0001511c    0000000c     app_shell.o (.rodata.str1.1666417036609286127.1)
                  00015128    0000000c     app_shell.o (.rodata.str1.17124062935232563653.1)
                  00015134    0000000c     app_shell.o (.rodata.str1.17269466629117989041.1)
                  00015140    0000000c     config_store.o (.rodata.str1.18351778878402045207.1)
                  0001514c    0000000c     app_shell.o (.rodata.str1.1886428569580364902.1)
                  00015158    0000000c     app_shell.o (.rodata.str1.1982875910071538061.1)
                  00015164    0000000c     app_shell.o (.rodata.str1.2672312858105111990.1)
                  00015170    0000000c     app_shell.o (.rodata.str1.4126815238888174570.1)
                  0001517c    0000000c     app_shell.o (.rodata.str1.4190646769514731288.1)
                  00015188    0000000c     app_shell.o (.rodata.str1.4215151899724944882.1)
                  00015194    0000000c     app_shell.o (.rodata.str1.4334110622959027977.1)
                  000151a0    0000000c     app_shell.o (.rodata.str1.4392945030196501414.1)
                  000151ac    0000000c     app_shell.o (.rodata.str1.4654016994079693252.1)
                  000151b8    0000000c     app_shell.o (.rodata.str1.5652790780262836254.1)
                  000151c4    0000000c     app_shell.o (.rodata.str1.6351667589775284342.1)
                  000151d0    0000000c     app_shell.o (.rodata.str1.6578158171544725696.1)
                  000151dc    0000000c     app_shell.o (.rodata.str1.7940456731757887554.1)
                  000151e8    0000000c     app_shell.o (.rodata.str1.8934507472916618446.1)
                  000151f4    0000000c     app_shell.o (.rodata.str1.9024521824633140134.1)
                  00015200    0000000c     app_shell.o (.rodata.str1.9081962557253678714.1)
                  0001520c    0000000c     app_shell.o (.rodata.str1.9082118575882053516.1)
                  00015218    0000000b     app_shell.o (.rodata.str1.10091040128680290456.1)
                  00015223    0000000b     app_shell.o (.rodata.str1.10465369967917398799.1)
                  0001522e    0000000b     app_shell.o (.rodata.str1.11698549779809542857.1)
                  00015239    0000000b     app_shell.o (.rodata.str1.11886110321540570233.1)
                  00015244    0000000b     app_shell.o (.rodata.str1.13626453309717720227.1)
                  0001524f    0000000b     app_shell.o (.rodata.str1.13884664080836546401.1)
                  0001525a    0000000b     app_shell.o (.rodata.str1.15191095550199914221.1)
                  00015265    0000000b     app_shell.o (.rodata.str1.15385430944853875839.1)
                  00015270    0000000b     app_shell.o (.rodata.str1.15776769504895676854.1)
                  0001527b    0000000b     app_shell.o (.rodata.str1.16906130264434024515.1)
                  00015286    0000000b     app_shell.o (.rodata.str1.17560467775276443071.1)
                  00015291    0000000b     app_shell.o (.rodata.str1.17814141777586519065.1)
                  0001529c    0000000b     app_shell.o (.rodata.str1.18334646164448261171.1)
                  000152a7    0000000b     app_shell.o (.rodata.str1.3185920080334599345.1)
                  000152b2    0000000b     app_shell.o (.rodata.str1.3993449766649777392.1)
                  000152bd    0000000b     app_shell.o (.rodata.str1.3993930801943470712.1)
                  000152c8    0000000b     app_shell.o (.rodata.str1.4722871664019758228.1)
                  000152d3    0000000b     app_shell.o (.rodata.str1.5998451886276286134.1)
[...]
00011d55  _ZN7drivers23Ina219_ConfigureDefaultEPNS_13Ina219ContextE                                   
00011d91  __TI_auto_init_nobinit_nopinit                                                              
00011dcd  _ZN7drivers15SoftI2c_IsReadyEPKNS_14SoftI2cContextE                                         
00011e07  _ZN7drivers17OledSsd1306_ClearEPNS_18OledSsd1306ContextE                                    
00011e41  __muldsi3                                                                                   
00011e7d  _ZN5board23Board_Gy931ProbeAddressEh                                                        
00011eb5  _ZN7drivers10Led_ToggleEPNS_10LedContextE                                                   
00011eed  _ZN7drivers11Buzzer_InitEPNS_13BuzzerContextEPKNS_12BuzzerConfigE                           
00011f25  _ZN7drivers14Button_ReadRawEPNS_13ButtonContextEPb                                          
00011f5d  _ZN7drivers16OledSsd1306_FillEPNS_18OledSsd1306ContextEh                                    
00011f95  _ZN7drivers19Ina219_ProbeAddressEPNS_13Ina219ContextEhPt                                    
00011fcd  _ZN7drivers8Led_InitEPNS_10LedContextEPKNS_9LedConfigE                                      
00012005  _ZN8services9Time_InitEv                                                                    
0001203d  _ZN7drivers19OledSsd1306_IsReadyEPKNS_18OledSsd1306ContextE                                 
000120dd  _ZN5board19Board_ButtonsUpdateEj                                                            
00012111  DL_I2C_flushControllerRXFIFO                                                                
00012141  DL_UART_transmitDataBlocking                                                                
000121d1  _ZN7drivers10Buzzer_OffEPNS_13BuzzerContextE                                                
00012231  _ZN7drivers7Led_SetEPNS_10LedContextEb                                                      
00012261  _ZN7drivers9Buzzer_OnEPNS_13BuzzerContextE                                                  
00012291  _ZN7drivers19Ina219_ReadRegisterEPNS_13Ina219ContextEhPt                                    
000122ed  _ZN5board10Board_InitEv                                                                     
00012319  _ZN5board15Board_OledProbeEv                                                                
00012345  _ZN5board21Board_Gy931RecoverBusEv                                                          
00012371  _ZN7drivers20Ina219_WriteRegisterEPNS_13Ina219ContextEht                                    
0001239d  _ZN7drivers28LoraUart_GetControllerStatusEPKNS_15LoraUartContextEPj                         
000123c9  _ZN7drivers35MotorDriverUart_GetControllerStatusEPKNS_22MotorDriverUartContextEPj           
000123f5  _ZN8services20Scheduler_EnableTaskEhb                                                       
00012421  _ZN7drivers12Ina219_ResetEPNS_13Ina219ContextE                                              
0001244b  _ZN7drivers23LoraUart_GetRxAvailableEPKNS_15LoraUartContextE                                
00012475  _ZN7drivers30MotorDriverUart_GetRxAvailableEPKNS_22MotorDriverUartContextE                  
000124a1  SYSCFG_DL_SYSCTL_CLK_init                                                                   
000124f1  _ZN5board14Board_LoraInitEv                                                                 
00012519  _ZN5board21Board_MotorDriverInitEv                                                          
00012541  _c_int00_noargs                                                                             
00012569  DL_I2C_setClockConfig                                                                       
000125b5  _ZN8services12Time_DelayMsEj                                                                
000125d9  __aeabi_lmul                                                                                
000125d9  __muldi3                                                                                    
000125fd  _ZN7drivers17Button_WasPressedEPNS_13ButtonContextE                                         
0001261f  _ZN7drivers18Button_WasReleasedEPNS_13ButtonContextE                                        
00012661  _ZN5board13Board_LedIsOnENS_10BoardLedIdE                                                   
00012681  _ZN5board14Board_OledInitEv                                                                 
000126a1  _ZN5board16Board_LedIsReadyENS_10BoardLedIdE                                                
000126c1  _ZN7drivers17Ina219_GetAddressEPKNS_13Ina219ContextE                                        
000126df  _ZN7drivers21Ina219_GetCalibrationEPKNS_13Ina219ContextE                                    
000126fd  __aeabi_llsl                                                                                
000126fd  __ashldi3                                                                                   
0001271d  DL_SPI_receiveDataCheck8                                                                    
00012739  DL_SPI_transmitDataCheck8                                                                   
00012755  _ZN3app7App_RunEv                                                                           
00012771  _ZN5board11Board_LedOnENS_10BoardLedIdE                                                     
0001278d  _ZN5board12Board_LedOffENS_10BoardLedIdE                                                    
000127a9  _ZN5board15Board_LedToggleENS_10BoardLedIdE                                                 
000127c5  _ZN5board19Board_ButtonReadRawENS_13BoardButtonIdEPb                                        
000127e1  _ZN5board21Board_ButtonIsPressedENS_13BoardButtonIdE                                        
000127fd  _ZN5board22Board_ButtonWasPressedENS_13BoardButtonIdE                                       
00012819  _ZN5board23Board_ButtonWasReleasedENS_13BoardButtonIdE                                      
00012835  _ZN7drivers14Ina219_IsReadyEPKNS_13Ina219ContextE                                           
00012851  _ZN7drivers17Fm24cl64b_IsReadyEPKNS_16Fm24cl64bContextE                                     
0001286d  _ZN8services19DebugUart_WriteCharEc                                                         
00012889  _ZN7drivers16Button_IsPressedEPKNS_13ButtonContextE                                         
000128a3  _ZN7drivers8Led_IsOnEPKNS_10LedContextE                                                     
000128bd  __aeabi_memset                                                                              
000128bd  __aeabi_memset4                                                                             
000128bd  __aeabi_memset8                                                                             
000128cb  __aeabi_memclr                                                                              
000128cb  __aeabi_memclr4                                                                             
000128cb  __aeabi_memclr8                                                                             
000128d9  _ZN5board15Board_I2cBusGetEj                                                                
000128f1  _ZN5board19Board_ButtonGetNameENS_13BoardButtonIdE                                          
00012909  _ZN7drivers20LoraUart_GetBaudrateEPKNS_15LoraUartContextE                                   
00012921  _ZN7drivers27MotorDriverUart_GetBaudrateEPKNS_22MotorDriverUartContextE                     
00012939  _ZN8services15Time_HasElapsedEjj                                                            
00012967  _ZN7drivers11Led_IsReadyEPKNS_10LedContextE                                                 
0001297d  _ZN7drivers14Buzzer_IsReadyEPKNS_13BuzzerContextE                                           
00012993  _ZN7drivers16LoraUart_IsReadyEPKNS_15LoraUartContextE                                       
000129a9  _ZN7drivers23MotorDriverUart_IsReadyEPKNS_22MotorDriverUartContextE                         
000129bf  __TI_zero_init_nomemset                                                                     
000129d5  _ZN3app21ConfigStore_ParamNameEh                                                            
000129e9  _ZN5board14Board_FramInitEv                                                                 
000129fd  _ZN5board14Board_FramReadEtPht                                                              
00012a11  _ZN5board15Board_FramWriteEtPKht                                                            
00012a25  _ZN5board15Board_LoraWriteEPKht                                                             
00012a39  _ZN5board16Board_BuzzerInitEv                                                               
00012a4d  _ZN5board18Board_FramReadByteEtPh                                                           
00012a61  _ZN5board18Board_FramSelfTestEv                                                             
00012a75  _ZN5board19Board_FramWriteByteEth                                                           
00012a89  _ZN5board19Board_OledWriteTextEhhPKc                                                        
00012a9d  _ZN5board22Board_MotorDriverWriteEPKht                                                      
00012ab1  _ZN5board24Board_Ina219ProbeAddressEhPt                                                     
00012ac5  _ZN5board24Board_Ina219ReadRegisterEhPt                                                     
00012ad9  _ZN5board25Board_Ina219WriteRegisterEht                                                     
00012aed  _ZN7drivers19Fm24cl64b_WriteByteEPNS_16Fm24cl64bContextEth                                  
00012b01  _ZN8services15Shell_WriteLineEPKc                                                           
00012b15  __aeabi_ldivmod                                                                             
00012b29  DL_SPI_setClockConfig                                                                       
00012b3b  DL_UART_setClockConfig                                                                      
00012b4d  __TI_decompress_none                                                                        
00012b61  SysTick_Handler                                                                             
00012b71  UART0_IRQHandler                                                                            
00012b81  UART1_IRQHandler                                                                            
00012ba1  _ZN5board14Board_BuzzerOnEv                                                                 
00012bb1  _ZN5board14Board_OledFillEh                                                                 
00012bc1  _ZN5board15Board_BuzzerOffEv                                                                
00012bd1  _ZN5board15Board_OledClearEv                                                                
00012be1  _ZN5board17Board_FramIsReadyEv                                                              
00012bf1  _ZN5board17Board_Ina219ResetEv                                                              
00012c01  _ZN5board17Board_LoraIsReadyEv                                                              
00012c11  _ZN5board17Board_OledIsReadyEv                                                              
00012c21  _ZN5board18Board_Gy931IsReadyEv                                                             
00012c31  _ZN5board18Board_LoraReadByteEPh                                                            
00012c41  _ZN5board19Board_BuzzerIsReadyEv                                                            
00012c51  _ZN5board19Board_Ina219IsReadyEv                                                            
00012c61  _ZN5board19Board_LoraWriteByteEh                                                            
00012c71  _ZN5board19Board_OledSetInvertEb                                                            
00012c81  _ZN5board20Board_FramRecoverBusEv                                                           
00012c91  _ZN5board21Board_LoraGetBaudrateEv                                                          
00012ca1  _ZN5board21Board_OledTestPatternEv                                                          
00012cb1  _ZN5board22Board_Ina219GetAddressEv                                                         
00012cc1  _ZN5board22Board_Ina219RecoverBusEv                                                         
00012cd1  _ZN5board22Board_Ina219SetAddressEh                                                         
00012ce1  _ZN5board22Board_OledSetDisplayOnEb                                                         
00012cf1  _ZN5board23Board_Ina219CalibrationEv                                                        
00012d01  _ZN5board23Board_LoraClearRxBufferEv                                                        
00012d11  _ZN5board24Board_LoraGetRxAvailableEv                                                       
00012d21  _ZN5board24Board_MotorDriverIsReadyEv                                                       
00012d31  _ZN5board25Board_MotorDriverReadByteEPh                                                     
00012d41  _ZN5board26Board_MotorDriverWriteByteEh                                                     
00012d51  _ZN5board27Board_Ina219ReadMeasurementEPN7drivers17Ina219MeasurementE                       
00012d61  _ZN5board27Board_LoraGetRxDroppedCountEv                                                    
00012d71  _ZN5board28Board_Ina219ConfigureDefaultEv                                                   
00012d81  _ZN5board28Board_Ina219ReadRawRegistersEPN7drivers18Ina219RawRegistersE                     
00012d91  _ZN5board28Board_MotorDriverGetBaudrateEv                                                   
00012da1  _ZN5board29Board_LoraGetControllerStatusEPj                                                 
00012db1  _ZN5board30Board_MotorDriverClearRxBufferEv                                                 
00012dc1  _ZN5board31Board_MotorDriverGetRxAvailableEv                                                
00012dd1  _ZN5board34Board_MotorDriverGetRxDroppedCountEv                                             
00012de1  _ZN5board36Board_MotorDriverGetControllerStatusEPj                                          
00012df1  _ZN8services9Fault_SetENS_9FaultCodeE                                                       
00012e01  _ZN5board15Board_OledWidthEv                                                                
00012e0d  _ZN5board16Board_ImuIsReadyEv                                                               
00012e19  _ZN5board16Board_OledHeightEv                                                               
00012e25  _ZN5board17Board_OledAddressEv                                                              
00012e31  _ZN5board18Board_Gy931AddressEv                                                             
00012e3d  _ZN7drivers26LoraUart_GetRxDroppedCountEPKNS_15LoraUartContextE                             
00012e49  _ZN7drivers33MotorDriverUart_GetRxDroppedCountEPKNS_22MotorDriverUartContextE               
00012e55  _ZN8services10Fault_InitEv                                                                  
00012e61  _ZN8services11Time_MillisEv                                                                 
00012e6d  _ZN8services17DebugUart_IsReadyEv                                                           
00012e79  _ZN8services9Fault_GetEv                                                                    
00012e85  DL_Common_delayCycles                                                                       
00012e8f  _ZN7drivers18Fm24cl64b_ReadByteEPNS_16Fm24cl64bContextEtPh                                  
00012e99  _ZN3app15ConfigStore_GetEv                                                                  
00012ea1  _ZN3app16Chassis_GetStateEv                                                                 
00012ea9  _ZN3app21ConfigStore_GetStatusEv                                                            
00012eb1  _ZN8services15Shell_WriteCharEc                                                             
00012eb9  _ZN8services17Shell_WriteStringEPKc                                                         
00012ec1  _ZN8services17Shell_WriteUInt32Ej                                                           
00012ec9  __aeabi_memcpy                                                                              
00012ec9  __aeabi_memcpy4                                                                             
00012ec9  __aeabi_memcpy8                                                                             
00012ed1  _ZN5board23Board_FramCapacityBytesEv                                                        
00012ed7  abort                                                                                       
00012edc  C$$EXIT                                                                                     
00012edd  HOSTexit                                                                                    
00012ee1  Reset_Handler                                                                               
00012ef5  _ZN3app22ConfigStore_ParamCountEv                                                           
00012ef9  _ZN5board14Board_LedCountEv                                                                 
00012efd  _ZN5board17Board_I2cBusCountEv                                                              
00012f01  _system_pre_init                                                                            
00013b5f  _ZZN3app19motor_driver_client13ResetEncodersEPNS0_6ClientEE18kResetBothEncoders             
00015888  __TI_Handler_Table_Base                                                                     
00015894  __TI_Handler_Table_Limit                                                                    
000158a4  __TI_CINIT_Base                                                                             
000158bc  __TI_CINIT_Limit                                                                            
000158bc  __TI_CINIT_Warm                                                                             
20200000  __start___llvm_prf_bits                                                                     
20200000  __start___llvm_prf_cnts                                                                     
20200000  __stop___llvm_prf_bits                                                                      
20200000  __stop___llvm_prf_cnts                                                                      
2020033c  FACTORYVALUE                                                                                
20200654  gDEBUG_UARTBackup                                                                           
20200684  gIMU_SPIBackup                                                                              
202006ac  DL_FACTORYREGION_TrimTable                                                                  
2020ff00  __stack                                                                                     
20210000  __STACK_END                                                                                 
ffffffff  __TI_pprof_out_hndl                                                                         
ffffffff  __TI_prof_data_size                                                                         
ffffffff  __TI_prof_data_start                                                                        
ffffffff  __binit__                                                                                   
ffffffff  binit                                                                                       
UNDEFED   __mpu_init                                                                                  
UNDEFED   _system_post_cinit                                                                          

[391 symbols]
