******************************************************************************
            TI ARM Clang Linker PC v5.1.1                      
******************************************************************************
>> Linked Mon Jul  6 03:07:16 2026

OUTPUT FILE NAME:   <gugaPI.out>
ENTRY POINT SYMBOL: "_c_int00_noargs"  address: 00009981


MEMORY CONFIGURATION

         name            origin    length      used     unused   attr    fill
----------------------  --------  ---------  --------  --------  ----  --------
  FLASH                 00000000   00080000  0000b650  000749b0  R  X
  SRAM_BANK0            20200000   00010000  00000684  0000f97c  RW X
  SRAM_BANK1            20210000   00010000  00000000  00010000  RW X
  BCR_CONFIG            41c00000   000000ff  00000000  000000ff  R   
  BSL_CONFIG            41c00100   00000080  00000000  00000080  R   
  DATA                  41d00000   00004000  00000000  00004000  R   


SEGMENT ALLOCATION MAP

run origin  load origin   length   init length attrs members
----------  ----------- ---------- ----------- ----- -------
00000000    00000000    0000b650   0000b650    r-x
  00000000    00000000    000000c0   000000c0    r-- .intvecs
  000000c0    000000c0    0000a060   0000a060    r-x .text
  0000a120    0000a120    00001500   00001500    r-- .rodata
  0000b620    0000b620    00000030   00000030    r-- .cinit
20200000    20200000    00000584   00000000    rw-
  20200000    20200000    00000308   00000000    rw- .bss
  20200308    20200308    0000027c   00000000    rw- .data
2020ff00    2020ff00    00000100   00000000    rw-
  2020ff00    2020ff00    00000100   00000000    rw- .stack


SECTION ALLOCATION MAP

 output                                  attributes/
section   page    origin      length       input sections
--------  ----  ----------  ----------   ----------------
.intvecs   0    00000000    000000c0     
                  00000000    000000c0     startup_mspm0g351x_ticlang.o (.intvecs)

.text      0    000000c0    0000a060     
                  000000c0    000014cc     app_shell.o (.text._ZN3app12_GLOBAL__N_112MotorCommandEiPKPKc)
                  0000158c    00000a5c     app_shell.o (.text._ZN3app12_GLOBAL__N_110ImuCommandEiPKPKc)
                  00001fe8    000008c0     app_shell.o (.text._ZN3app12_GLOBAL__N_113Ina219CommandEiPKPKc)
                  000028a8    00000880     app_shell.o (.text._ZN3app12_GLOBAL__N_111LoraCommandEiPKPKc)
                  00003128    00000724     app_shell.o (.text._ZN3app12_GLOBAL__N_110I2cCommandEiPKPKc)
                  0000384c    00000474     shell.o (.text._ZN8services12_GLOBAL__N_113HandleLineEndEv)
                  00003cc0    00000430     app_shell.o (.text._ZN3app12_GLOBAL__N_111FramCommandEiPKPKc)
                  000040f0    00000334     app_shell.o (.text._ZN3app12_GLOBAL__N_112MotorRequestEhhPKhhPNS0_18MotorProtocolFrameE)
                  00004424    000002cc     board_imu.o (.text._ZN5board12_GLOBAL__N_123ReadRegisterWithCommandEhPh)
                  000046f0    00000284     board_imu.o (.text._ZN5board22Board_ImuWiggleSpiPinsEj)
                  00004974    00000238     i2c_diag.o (.text._ZN7drivers16I2cDiag_ReadReg8EPKNS_16I2cDiagBusConfigEhhPht)
                  00004bac    00000234     board_imu.o (.text._ZN5board21Board_ImuSpiSampleIcmEhPhj)
                  00004de0    00000230     app_shell.o (.text._ZN3app12_GLOBAL__N_113ButtonCommandEiPKPKc)
                  00005010    00000224     fm24cl64b.o (.text._ZN7drivers14Fm24cl64b_ReadEPNS_16Fm24cl64bContextEtPht)
                  00005234    0000021c     board_imu.o (.text._ZN5board20Board_ImuSpiBurstIcmEjh)
                  00005450    000001e0     ina219.o (.text._ZN7drivers17Ina219_RecoverBusEPNS_13Ina219ContextE)
                  00005630    000001e0     fm24cl64b.o (.text._ZN7drivers20Fm24cl64b_RecoverBusEPNS_16Fm24cl64bContextE)
                  00005810    000001d0     fm24cl64b.o (.text._ZN7drivers15Fm24cl64b_WriteEPNS_16Fm24cl64bContextEtPKht)
                  000059e0    000001d0     i2c_diag.o (.text._ZN7drivers18I2cDiag_RecoverBusEPKNS_16I2cDiagBusConfigE)
                  00005bb0    000001c8     i2c_diag.o (.text._ZN7drivers17I2cDiag_WriteReg8EPKNS_16I2cDiagBusConfigEhhPKht)
                  00005d78    000001b0     scheduler.o (.text._ZN8services13Scheduler_RunEv)
                  00005f28    000001a4     ina219.o (.text._ZN7drivers12_GLOBAL__N_120ReadRegisterInternalEPNS_13Ina219ContextEhPt)
                  000060cc    00000188     i2c_diag.o (.text._ZN7drivers20I2cDiag_ProbeAddressEPKNS_16I2cDiagBusConfigEh)
                  00006254    00000170     app_shell.o (.text._ZN3app12_GLOBAL__N_113ParseI2cRangeEiPKPKchPhS5_)
                  000063c4    00000148     app_shell.o (.text._ZN3app12_GLOBAL__N_114PrintI2cStatusEPKN7drivers16I2cDiagBusConfigE)
                  0000650c    00000140     debug_uart.o (.text._ZN8services21DebugUart_WriteUInt32Ej)
                  0000664c    0000013c     app_shell.o (.text._ZN3app12_GLOBAL__N_110I2cScanBusEPKN7drivers16I2cDiagBusConfigEhhb)
                  00006788    00000124     app_shell.o (.text._ZN3app25AppShell_RegisterCommandsEv)
                  000068ac    00000120     ina219.o (.text._ZN7drivers12_GLOBAL__N_121WriteRegisterInternalEPNS_13Ina219ContextEht)
                  000069cc    00000108     app_shell.o (.text._ZN3app12_GLOBAL__N_119PrintMotorFrameDataEPKcRKNS0_18MotorProtocolFrameE)
                  00006ad4    00000100     shell.o (.text._ZN8services10Shell_InitEv)
                  00006bd4    000000fc     ti_msp_dl_config.o (.text.SYSCFG_DL_GPIO_init)
                  00006cd0    000000ec     app_shell.o (.text._ZN3app12_GLOBAL__N_115PrintMotorUsageEv)
                  00006dbc    000000e0     app_shell.o (.text._ZN3app12_GLOBAL__N_110LedCommandEiPKPKc)
                  00006e9c    000000e0     app_shell.o (.text._ZN3app12_GLOBAL__N_113BuzzerCommandEiPKPKc)
                  00006f7c    000000e0     scheduler.o (.text._ZN8services17Scheduler_AddTaskEPKcPFvvEjjPh)
                  0000705c    000000d4     shell.o (.text._ZN8services21Shell_RegisterCommandEPKcS1_PFviPKS1_E)
                  00007130    000000d0     app_shell.o (.text._ZN3app12_GLOBAL__N_121PrintMotorEncoderLineEPKcRKNS0_18MotorProtocolFrameE)
                  00007200    000000c8     board_imu.o (.text._ZN5board25Board_Lis3mdlReadRegisterEhPh)
                  000072c8    000000c8     ina219.o (.text._ZN7drivers11Ina219_InitEPNS_13Ina219ContextEPKNS_12Ina219ConfigE)
                  00007390    000000c8     lora.o (.text._ZN7drivers14LoraUart_WriteEPNS_15LoraUartContextEPKht)
                  00007458    000000c8     motor_driver_uart.o (.text._ZN7drivers21MotorDriverUart_WriteEPNS_22MotorDriverUartContextEPKht)
                  00007520    000000c4     board_imu.o (.text._ZN5board26Board_Icm45686ReadRegisterEhPh)
                  000075e4    000000c0     board_imu.o (.text._ZN5board23Board_Lis3mdlReadWhoAmIEPh)
                  000076a4    000000b8     ina219.o (.text._ZN7drivers12_GLOBAL__N_113ReleaseI2cBusEPKNS_12Ina219ConfigE)
                  0000775c    000000b8     i2c_diag.o (.text._ZN7drivers12_GLOBAL__N_113ReleaseI2cBusEPKNS_16I2cDiagBusConfigE)
                  00007814    000000b4     motor_driver_uart.o (.text._ZN7drivers20MotorDriverUart_InitEPNS_22MotorDriverUartContextEPKNS_21MotorDriverUartConfigE)
                  000078c8    000000b0     app_shell.o (.text._ZN3app12_GLOBAL__N_110WriteHex32Ej)
                  00007978    000000b0     board_i2c_bus.o (.text._ZN5board16Board_I2cBusFindEPKc)
                  00007a28    000000b0     scheduler.o (.text._ZN8services14Scheduler_InitEv)
                  00007ad8    000000ac     app_shell.o (.text._ZN3app12_GLOBAL__N_110PwmCommandEiPKPKc)
                  00007b84    000000a4     app_shell.o (.text._ZN3app12_GLOBAL__N_118PrintMotorRpmBlockERKNS0_18MotorProtocolFrameE)
                  00007c28    000000a4     fm24cl64b.o (.text._ZN7drivers18Fm24cl64b_SelfTestEPNS_16Fm24cl64bContextEt)
                  00007ccc    0000009c     app_shell.o (.text._ZN3app12_GLOBAL__N_111ParseUint32EPKcjPj)
                  00007d68    0000009c     board_imu.o (.text._ZN5board19Board_ImuSetSpiModeEh)
                  00007e04    0000009a     libc.a : memcpy16.S.obj (.text:memcpy)
                  00007e9e    00000002     startup_mspm0g351x_ticlang.o (.text.Default_Handler)
                  00007ea0    00000098     motor_driver_uart.o (.text._ZN7drivers29MotorDriverUart_ClearRxBufferEPNS_22MotorDriverUartContextE)
                  00007f38    00000094     lora.o (.text._ZN7drivers18LoraUart_WriteByteEPNS_15LoraUartContextEh)
                  00007fcc    00000094     motor_driver_uart.o (.text._ZN7drivers25MotorDriverUart_WriteByteEPNS_22MotorDriverUartContextEh)
                  00008060    00000094     shell.o (.text._ZN8services13Shell_ProcessEv)
                  000080f4    00000092     ina219.o (.text._ZN7drivers23Ina219_ReadRawRegistersEPNS_13Ina219ContextEPNS_18Ina219RawRegistersE)
                  00008186    00000002     board.o (.text._ZN5board14Board_LateInitEv)
                  00008188    00000088     ti_msp_dl_config.o (.text.SYSCFG_DL_DEBUG_UART_init)
                  00008210    00000088     ti_msp_dl_config.o (.text.SYSCFG_DL_LORA_UART_init)
                  00008298    00000088     ti_msp_dl_config.o (.text.SYSCFG_DL_MOTOR_UART_init)
                  00008320    00000084     lora.o (.text._ZN7drivers13LoraUart_InitEPNS_15LoraUartContextEPKNS_14LoraUartConfigE)
                  000083a4    0000007e     app_shell.o (.text._ZN3app12_GLOBAL__N_113LoraWriteArgsEiPKPKcbPt)
                  00008422    0000007e     app_shell.o (.text._ZN3app12_GLOBAL__N_114MotorWriteArgsEiPKPKcbPt)
                  000084a0    0000007c     ti_msp_dl_config.o (.text.SYSCFG_DL_initPower)
                  0000851c    0000007c     lora.o (.text._ZN7drivers19LoraUart_IrqHandlerEPNS_15LoraUartContextE)
                  00008598    0000007c     libc.a : copy_decompress_lzss.c.obj (.text:decompress:lzss)
                  00008614    00000074     app_shell.o (.text._ZN3app12_GLOBAL__N_118PrintMotorPidBlockERKNS0_18MotorProtocolFrameE)
                  00008688    00000074     ina219.o (.text._ZN7drivers22Ina219_ReadMeasurementEPNS_13Ina219ContextEPNS_17Ina219MeasurementE)
                  000086fc    0000006c     debug_uart.o (.text.UART5_IRQHandler)
                  00008768    0000006c     motor_driver_uart.o (.text._ZN7drivers26MotorDriverUart_IrqHandlerEPNS_22MotorDriverUartContextE)
                  000087d4    0000006c     debug_uart.o (.text._ZN8services21DebugUart_WriteStringEPKc)
                  00008840    00000068     app_shell.o (.text._ZN3app12_GLOBAL__N_113PrintImuUsageEv)
                  000088a8    00000068     app_shell.o (.text._ZN3app12_GLOBAL__N_116PrintIna219UsageEv)
                  00008910    00000068     app_shell.o (.text._ZN3app12_GLOBAL__N_121PrintMotorConfigBlockERKNS0_18MotorProtocolFrameE)
                  00008978    00000064     app_shell.o (.text._ZN3app12_GLOBAL__N_110WriteHex16Et)
                  000089dc    00000064     board_imu.o (.text._ZN5board22Board_ImuGetLineStatusEPNS_18BoardImuLineStatusE)
                  00008a40    00000064     fm24cl64b.o (.text._ZN7drivers14Fm24cl64b_InitEPNS_16Fm24cl64bContextEPKNS_15Fm24cl64bConfigE)
                  00008aa4    00000062     libc.a : memset16.S.obj (.text:memset)
                  00008b06    00000002     log.o (.text._ZN8services8Log_InitEv)
                  00008b08    00000060     app_shell.o (.text._ZN3app12_GLOBAL__N_113PrintI2cUsageEv)
                  00008b68    00000060     lora.o (.text._ZN7drivers22LoraUart_ClearRxBufferEPNS_15LoraUartContextE)
                  00008bc8    0000005e     driverlib.a : dl_i2c.o (.text.DL_I2C_fillControllerTXFIFO)
                  00008c26    0000005e     button.o (.text._ZN7drivers13Button_UpdateEPNS_13ButtonContextEj)
                  00008c84    00000058     ina219.o (.text._ZN7drivers17Ina219_SetAddressEPNS_13Ina219ContextEh)
                  00008cdc    00000058     i2c_diag.o (.text._ZN7drivers20I2cDiag_GetBusStatusEPKNS_16I2cDiagBusConfigEPNS_16I2cDiagBusStatusE)
                  00008d34    00000054     ti_msp_dl_config.o (.text.SYSCFG_DL_FRAM_I2C_init)
                  00008d88    00000054     ti_msp_dl_config.o (.text.SYSCFG_DL_INA219_I2C_init)
                  00008ddc    00000054     app_shell.o (.text._ZN3app12_GLOBAL__N_114PrintLoraUsageEv)
                  00008e30    00000054     debug_uart.o (.text._ZN8services14DebugUart_InitEv)
                  00008e84    00000052     empty_cpp.o (.text.main)
                  00008ed6    00000002     libclang_rt.builtins.a : aeabi_div0.c.obj (.text.__aeabi_idiv0)
                  00008ed8    00000050     board_ina219.o (.text._ZN5board16Board_Ina219InitEv)
                  00008f28    00000050     board_imu.o (.text._ZN5board27Board_ImuSetChipSelectDebugEbbbb)
                  00008f78    0000004c     ti_msp_dl_config.o (.text.SYSCFG_DL_IMU_SPI_init)
                  00008fc4    00000048     driverlib.a : dl_uart.o (.text.DL_UART_init)
                  0000900c    00000048     board_fram.o (.text._ZN5board22Board_FramGetBusStatusEPjPbS1_)
                  00009054    00000048     board_ina219.o (.text._ZN5board24Board_Ina219GetBusStatusEPjPbS1_)
                  0000909c    00000048     debug_uart.o (.text._ZN8services18DebugUart_ReadByteEPh)
                  000090e4    00000044     driverlib.a : dl_spi.o (.text.DL_SPI_init)
                  00009128    00000044     board_imu.o (.text._ZN5board13Board_ImuInitEv)
                  0000916c    00000044     ina219.o (.text._ZN7drivers19Ina219_GetBusStatusEPNS_13Ina219ContextEPNS_15Ina219BusStatusE)
                  000091b0    00000044     fm24cl64b.o (.text._ZN7drivers22Fm24cl64b_GetBusStatusEPNS_16Fm24cl64bContextEPNS_18Fm24cl64bBusStatusE)
                  000091f4    00000040     app_shell.o (.text._ZN3app12_GLOBAL__N_114PrintFramUsageEv)
                  00009234    00000040     app_shell.o (.text._ZN3app12_GLOBAL__N_114VersionCommandEiPKPKc)
                  00009274    00000040     lora.o (.text._ZN7drivers17LoraUart_ReadByteEPNS_15LoraUartContextEPh)
                  000092b4    00000040     motor_driver_uart.o (.text._ZN7drivers24MotorDriverUart_ReadByteEPNS_22MotorDriverUartContextEPh)
                  000092f4    00000040     libclang_rt.builtins.a : aeabi_uidivmod.S.obj (.text)
                  00009334    0000003e     button.o (.text._ZN7drivers11Button_InitEPNS_13ButtonContextEPKNS_12ButtonConfigE)
                  00009372    00000002     --HOLE-- [fill = 0]
                  00009374    0000003c     driverlib.a : dl_i2c.o (.text.DL_I2C_flushControllerTXFIFO)
                  000093b0    0000003c     app_shell.o (.text._ZN3app12_GLOBAL__N_19WriteHex8Eh)
                  000093ec    0000003c     board_button.o (.text._ZN5board17Board_ButtonsInitEv)
                  00009428    0000003c     ina219.o (.text._ZN7drivers23Ina219_ConfigureDefaultEPNS_13Ina219ContextE)
                  00009464    0000003c     libc.a : autoinit.c.obj (.text:__TI_auto_init_nobinit_nopinit)
                  000094a0    00000038     buzzer.o (.text._ZN7drivers11Buzzer_InitEPNS_13BuzzerContextEPKNS_12BuzzerConfigE)
                  000094d8    00000038     button.o (.text._ZN7drivers14Button_ReadRawEPNS_13ButtonContextEPb)
                  00009510    00000038     ina219.o (.text._ZN7drivers19Ina219_ProbeAddressEPNS_13Ina219ContextEhPt)
                  00009548    00000038     led.o (.text._ZN7drivers8Led_InitEPNS_10LedContextEPKNS_9LedConfigE)
                  00009580    00000038     time.o (.text._ZN8services9Time_InitEv)
                  000095b8    00000034     ti_msp_dl_config.o (.text.SYSCFG_DL_init)
                  000095ec    00000034     app_main.o (.text._ZN3app8App_InitEv)
                  00009620    00000034     board_button.o (.text._ZN5board19Board_ButtonsUpdateEj)
                  00009654    00000030     driverlib.a : dl_i2c.o (.text.DL_I2C_flushControllerRXFIFO)
                  00009684    00000030                 : dl_uart.o (.text.DL_UART_transmitDataBlocking)
                  000096b4    00000030     ti_msp_dl_config.o (.text.SYSCFG_DL_SYSCTL_init)
                  000096e4    00000030     app_shell.o (.text._ZN3app12_GLOBAL__N_115WriteStatusLineEPKcN7drivers12DriverStatusE)
                  00009714    00000030     buzzer.o (.text._ZN7drivers10Buzzer_OffEPNS_13BuzzerContextE)
                  00009744    00000030     led.o (.text._ZN7drivers6Led_OnEPNS_10LedContextE)
                  00009774    00000030     led.o (.text._ZN7drivers7Led_OffEPNS_10LedContextE)
                  000097a4    00000030     buzzer.o (.text._ZN7drivers9Buzzer_OnEPNS_13BuzzerContextE)
                  000097d4    0000002e     ina219.o (.text._ZN7drivers19Ina219_ReadRegisterEPNS_13Ina219ContextEhPt)
                  00009802    0000002c     ina219.o (.text._ZN7drivers20Ina219_WriteRegisterEPNS_13Ina219ContextEht)
                  0000982e    00000002     --HOLE-- [fill = 0]
                  00009830    0000002c     lora.o (.text._ZN7drivers28LoraUart_GetControllerStatusEPKNS_15LoraUartContextEPj)
                  0000985c    0000002c     motor_driver_uart.o (.text._ZN7drivers35MotorDriverUart_GetControllerStatusEPKNS_22MotorDriverUartContextEPj)
                  00009888    0000002a     ina219.o (.text._ZN7drivers12Ina219_ResetEPNS_13Ina219ContextE)
                  000098b2    0000002a     lora.o (.text._ZN7drivers23LoraUart_GetRxAvailableEPKNS_15LoraUartContextE)
                  000098dc    0000002a     motor_driver_uart.o (.text._ZN7drivers30MotorDriverUart_GetRxAvailableEPKNS_22MotorDriverUartContextE)
                  00009906    00000002     --HOLE-- [fill = 0]
                  00009908    00000028     app_shell.o (.text._ZN3app12_GLOBAL__N_112ResetCommandEiPKPKc)
                  00009930    00000028     board_lora.o (.text._ZN5board14Board_LoraInitEv)
                  00009958    00000028     board_motor_driver.o (.text._ZN5board21Board_MotorDriverInitEv)
                  00009980    00000028     libc.a : boot_cortex_m.c.obj (.text:_c_int00_noargs)
                  000099a8    00000026     driverlib.a : dl_i2c.o (.text.DL_I2C_setClockConfig)
                  000099ce    00000002     --HOLE-- [fill = 0]
                  000099d0    00000024     app_shell.o (.text._ZN3app12_GLOBAL__N_110WriteInt32Ei)
                  000099f4    00000024     board.o (.text._ZN5board10Board_InitEv)
                  00009a18    00000022     button.o (.text._ZN7drivers17Button_WasPressedEPNS_13ButtonContextE)
                  00009a3a    00000022     button.o (.text._ZN7drivers18Button_WasReleasedEPNS_13ButtonContextE)
                  00009a5c    0000001e     ina219.o (.text._ZN7drivers17Ina219_GetAddressEPKNS_13Ina219ContextE)
                  00009a7a    0000001e     ina219.o (.text._ZN7drivers21Ina219_GetCalibrationEPKNS_13Ina219ContextE)
                  00009a98    0000001c     driverlib.a : dl_spi.o (.text.DL_SPI_receiveDataCheck8)
                  00009ab4    0000001c                 : dl_spi.o (.text.DL_SPI_transmitDataCheck8)
                  00009ad0    0000001c     app_main.o (.text._ZN3app7App_RunEv)
                  00009aec    0000001c     board_button.o (.text._ZN5board19Board_ButtonReadRawENS_13BoardButtonIdEPb)
                  00009b08    0000001c     board_button.o (.text._ZN5board21Board_ButtonIsPressedENS_13BoardButtonIdE)
                  00009b24    0000001c     board_button.o (.text._ZN5board22Board_ButtonWasPressedENS_13BoardButtonIdE)
                  00009b40    0000001c     board_button.o (.text._ZN5board23Board_ButtonWasReleasedENS_13BoardButtonIdE)
                  00009b5c    0000001c     ina219.o (.text._ZN7drivers14Ina219_IsReadyEPKNS_13Ina219ContextE)
                  00009b78    0000001c     fm24cl64b.o (.text._ZN7drivers17Fm24cl64b_IsReadyEPKNS_16Fm24cl64bContextE)
                  00009b94    0000001c     debug_uart.o (.text._ZN8services19DebugUart_WriteCharEc)
                  00009bb0    0000001a     button.o (.text._ZN7drivers16Button_IsPressedEPKNS_13ButtonContextE)
                  00009bca    00000002     --HOLE-- [fill = 0]
                  00009bcc    0000001a     libclang_rt.builtins.a : aeabi_memset.S.obj (.text)
                  00009be6    00000002     --HOLE-- [fill = 0]
                  00009be8    00000018     board_i2c_bus.o (.text._ZN5board15Board_I2cBusGetEj)
                  00009c00    00000018     board_button.o (.text._ZN5board19Board_ButtonGetNameENS_13BoardButtonIdE)
                  00009c18    00000018     lora.o (.text._ZN7drivers20LoraUart_GetBaudrateEPKNS_15LoraUartContextE)
                  00009c30    00000018     motor_driver_uart.o (.text._ZN7drivers27MotorDriverUart_GetBaudrateEPKNS_22MotorDriverUartContextE)
                  00009c48    00000016     app_main.o (.text._ZN12_GLOBAL__N_118App_ButtonScanTaskEv)
                  00009c5e    00000016     led.o (.text._ZN7drivers11Led_IsReadyEPKNS_10LedContextE)
                  00009c74    00000016     buzzer.o (.text._ZN7drivers14Buzzer_IsReadyEPKNS_13BuzzerContextE)
                  00009c8a    00000016     lora.o (.text._ZN7drivers16LoraUart_IsReadyEPKNS_15LoraUartContextE)
                  00009ca0    00000016     motor_driver_uart.o (.text._ZN7drivers23MotorDriverUart_IsReadyEPKNS_22MotorDriverUartContextE)
                  00009cb6    00000016     libc.a : copy_zero_init.c.obj (.text:decompress:ZI:__TI_zero_init_nomemset)
                  00009ccc    00000014     board_fram.o (.text._ZN5board14Board_FramInitEv)
                  00009ce0    00000014     board_fram.o (.text._ZN5board14Board_FramReadEtPht)
                  00009cf4    00000014     board_lora.o (.text._ZN5board15Board_LoraWriteEPKht)
                  00009d08    00000014     board_buzzer.o (.text._ZN5board16Board_BuzzerInitEv)
                  00009d1c    00000014     board_fram.o (.text._ZN5board18Board_FramReadByteEtPh)
                  00009d30    00000014     board_fram.o (.text._ZN5board18Board_FramSelfTestEv)
                  00009d44    00000014     board_fram.o (.text._ZN5board19Board_FramWriteByteEth)
                  00009d58    00000014     board_led.o (.text._ZN5board19Board_StatusLedInitEv)
                  00009d6c    00000014     board_motor_driver.o (.text._ZN5board22Board_MotorDriverWriteEPKht)
                  00009d80    00000014     board_ina219.o (.text._ZN5board24Board_Ina219ProbeAddressEhPt)
                  00009d94    00000014     board_ina219.o (.text._ZN5board24Board_Ina219ReadRegisterEhPt)
                  00009da8    00000014     board_ina219.o (.text._ZN5board25Board_Ina219WriteRegisterEht)
                  00009dbc    00000014     fm24cl64b.o (.text._ZN7drivers19Fm24cl64b_WriteByteEPNS_16Fm24cl64bContextEth)
                  00009dd0    00000014     shell.o (.text._ZN8services15Shell_WriteLineEPKc)
                  00009de4    00000012     driverlib.a : dl_spi.o (.text.DL_SPI_setClockConfig)
                  00009df6    00000012                 : dl_uart.o (.text.DL_UART_setClockConfig)
                  00009e08    00000012     libc.a : copy_decompress_none.c.obj (.text:decompress:none)
                  00009e1a    00000002     --HOLE-- [fill = 0]
                  00009e1c    00000010     time.o (.text.SysTick_Handler)
                  00009e2c    00000010     board_lora.o (.text.UART0_IRQHandler)
                  00009e3c    00000010     board_motor_driver.o (.text.UART1_IRQHandler)
                  00009e4c    00000010     app_shell.o (.text._ZN3app12_GLOBAL__N_110AdcCommandEiPKPKc)
                  00009e5c    00000010     board_buzzer.o (.text._ZN5board14Board_BuzzerOnEv)
                  00009e6c    00000010     board_buzzer.o (.text._ZN5board15Board_BuzzerOffEv)
                  00009e7c    00000010     board_fram.o (.text._ZN5board17Board_FramIsReadyEv)
                  00009e8c    00000010     board_ina219.o (.text._ZN5board17Board_Ina219ResetEv)
                  00009e9c    00000010     board_lora.o (.text._ZN5board17Board_LoraIsReadyEv)
                  00009eac    00000010     board_led.o (.text._ZN5board17Board_StatusLedOnEv)
                  00009ebc    00000010     board_lora.o (.text._ZN5board18Board_LoraReadByteEPh)
                  00009ecc    00000010     board_led.o (.text._ZN5board18Board_StatusLedOffEv)
                  00009edc    00000010     board_buzzer.o (.text._ZN5board19Board_BuzzerIsReadyEv)
                  00009eec    00000010     board_ina219.o (.text._ZN5board19Board_Ina219IsReadyEv)
                  00009efc    00000010     board_lora.o (.text._ZN5board19Board_LoraWriteByteEh)
                  00009f0c    00000010     board_fram.o (.text._ZN5board20Board_FramRecoverBusEv)
                  00009f1c    00000010     board_lora.o (.text._ZN5board21Board_LoraGetBaudrateEv)
                  00009f2c    00000010     board_ina219.o (.text._ZN5board22Board_Ina219GetAddressEv)
                  00009f3c    00000010     board_ina219.o (.text._ZN5board22Board_Ina219RecoverBusEv)
                  00009f4c    00000010     board_ina219.o (.text._ZN5board22Board_Ina219SetAddressEh)
                  00009f5c    00000010     board_led.o (.text._ZN5board22Board_StatusLedIsReadyEv)
                  00009f6c    00000010     board_ina219.o (.text._ZN5board23Board_Ina219CalibrationEv)
                  00009f7c    00000010     board_lora.o (.text._ZN5board23Board_LoraClearRxBufferEv)
                  00009f8c    00000010     board_lora.o (.text._ZN5board24Board_LoraGetRxAvailableEv)
                  00009f9c    00000010     board_motor_driver.o (.text._ZN5board24Board_MotorDriverIsReadyEv)
                  00009fac    00000010     board_motor_driver.o (.text._ZN5board25Board_MotorDriverReadByteEPh)
                  00009fbc    00000010     board_motor_driver.o (.text._ZN5board26Board_MotorDriverWriteByteEh)
                  00009fcc    00000010     board_ina219.o (.text._ZN5board27Board_Ina219ReadMeasurementEPN7drivers17Ina219MeasurementE)
                  00009fdc    00000010     board_lora.o (.text._ZN5board27Board_LoraGetRxDroppedCountEv)
                  00009fec    00000010     board_ina219.o (.text._ZN5board28Board_Ina219ConfigureDefaultEv)
                  00009ffc    00000010     board_ina219.o (.text._ZN5board28Board_Ina219ReadRawRegistersEPN7drivers18Ina219RawRegistersE)
                  0000a00c    00000010     board_motor_driver.o (.text._ZN5board28Board_MotorDriverGetBaudrateEv)
                  0000a01c    00000010     board_lora.o (.text._ZN5board29Board_LoraGetControllerStatusEPj)
                  0000a02c    00000010     board_motor_driver.o (.text._ZN5board30Board_MotorDriverClearRxBufferEv)
                  0000a03c    00000010     board_motor_driver.o (.text._ZN5board31Board_MotorDriverGetRxAvailableEv)
                  0000a04c    00000010     board_motor_driver.o (.text._ZN5board34Board_MotorDriverGetRxDroppedCountEv)
                  0000a05c    00000010     board_motor_driver.o (.text._ZN5board36Board_MotorDriverGetControllerStatusEPj)
                  0000a06c    00000010     fault.o (.text._ZN8services9Fault_SetENS_9FaultCodeE)
                  0000a07c    0000000c     board_imu.o (.text._ZN5board16Board_ImuIsReadyEv)
                  0000a088    0000000c     lora.o (.text._ZN7drivers26LoraUart_GetRxDroppedCountEPKNS_15LoraUartContextE)
                  0000a094    0000000c     motor_driver_uart.o (.text._ZN7drivers33MotorDriverUart_GetRxDroppedCountEPKNS_22MotorDriverUartContextE)
                  0000a0a0    0000000c     fault.o (.text._ZN8services10Fault_InitEv)
                  0000a0ac    0000000c     time.o (.text._ZN8services11Time_MillisEv)
                  0000a0b8    0000000c     debug_uart.o (.text._ZN8services17DebugUart_IsReadyEv)
                  0000a0c4    0000000c     fault.o (.text._ZN8services9Fault_GetEv)
                  0000a0d0    0000000a     driverlib.a : dl_common.o (.text.DL_Common_delayCycles)
                  0000a0da    0000000a     fm24cl64b.o (.text._ZN7drivers18Fm24cl64b_ReadByteEPNS_16Fm24cl64bContextEtPh)
                  0000a0e4    00000008     shell.o (.text._ZN8services15Shell_WriteCharEc)
                  0000a0ec    00000008     shell.o (.text._ZN8services17Shell_WriteStringEPKc)
                  0000a0f4    00000008     shell.o (.text._ZN8services17Shell_WriteUInt32Ej)
                  0000a0fc    00000008     libclang_rt.builtins.a : aeabi_memcpy.S.obj (.text)
                  0000a104    00000006     board_fram.o (.text._ZN5board23Board_FramCapacityBytesEv)
                  0000a10a    00000006     libc.a : exit.c.obj (.text:abort)
                  0000a110    00000004     libsysbm.a : hostexit.c.obj (.text.HOSTexit)
                  0000a114    00000004     startup_mspm0g351x_ticlang.o (.text.Reset_Handler)
                  0000a118    00000004     board_i2c_bus.o (.text._ZN5board17Board_I2cBusCountEv)
                  0000a11c    00000004     libc.a : pre_init.c.obj (.text._system_pre_init)

.cinit     0    0000b620    00000030     
                  0000b620    0000000c     (__TI_handler_table)
                  0000b62c    00000009     (.cinit..data.load) [load image, compression = lzss]
                  0000b635    00000003     --HOLE-- [fill = 0]
                  0000b638    00000008     (.cinit..bss.load) [load image, compression = zero_init]
                  0000b640    00000010     (__TI_cinit_table)

.rodata    0    0000a120    00001500     
                  0000a120    00000100     app_shell.o (.rodata..L.crctable)
                  0000a220    00000058     board_i2c_bus.o (.rodata._ZN5board12_GLOBAL__N_110g_i2cBusesE)
                  0000a278    00000045     app_shell.o (.rodata.str1.2354522874658768371.1)
                  0000a2bd    00000040     app_shell.o (.rodata.str1.16821001261222486393.1)
                  0000a2fd    00000039     app_shell.o (.rodata.str1.444886150797460539.1)
                  0000a336    00000039     app_shell.o (.rodata.str1.9210286441137644766.1)
                  0000a36f    00000001     app_shell.o (.rodata._ZZN3app12_GLOBAL__N_112MotorCommandEiPKPKcE18kResetBothEncoders)
                  0000a370    00000038     board_ina219.o (.rodata._ZN5boardL14g_ina219ConfigE)
                  0000a3a8    00000035     app_shell.o (.rodata.str1.14384267027075031912.1)
                  0000a3dd    00000034     app_shell.o (.rodata.str1.5770566940880199477.1)
                  0000a411    00000031     app_shell.o (.rodata.str1.13305312957799781956.1)
                  0000a442    00000002     app_shell.o (.rodata._ZZN3app12_GLOBAL__N_112MotorCommandEiPKPKcE11kTargetZero)
                  0000a444    00000030     board_button.o (.rodata._ZN5board12_GLOBAL__N_115g_buttonConfigsE)
                  0000a474    00000030     app_shell.o (.rodata.str1.14683574465395229248.1)
                  0000a4a4    0000002c     board_fram.o (.rodata._ZN5boardL12g_framConfigE)
                  0000a4d0    0000002c     app_shell.o (.rodata.str1.12588545937538655288.1)
                  0000a4fc    0000002b     app_shell.o (.rodata.str1.2885732806516245146.1)
                  0000a527    0000002a     app_shell.o (.rodata.str1.13760472749468428784.1)
                  0000a551    0000002a     app_shell.o (.rodata.str1.9469166005307157086.1)
                  0000a57b    00000026     shell.o (.rodata.str1.6901712316327456926.1)
                  0000a5a1    00000020     app_shell.o (.rodata.str1.1431720735396876446.1)
                  0000a5c1    00000020     app_shell.o (.rodata.str1.9018689912544847403.1)
                  0000a5e1    0000001f     app_shell.o (.rodata.str1.11187590877126870748.1)
                  0000a600    0000001f     app_shell.o (.rodata.str1.15706013027452160776.1)
                  0000a61f    0000001f     app_shell.o (.rodata.str1.8175931356486144895.1)
                  0000a63e    0000001f     app_shell.o (.rodata.str1.871335262082007188.1)
                  0000a65d    0000001e     app_shell.o (.rodata.str1.15434941628325917383.1)
                  0000a67b    0000001e     app_shell.o (.rodata.str1.15616611124726231738.1)
                  0000a699    0000001d     app_shell.o (.rodata.str1.14205965562906606532.1)
                  0000a6b6    0000001d     app_shell.o (.rodata.str1.14665588872345235888.1)
                  0000a6d3    0000001d     app_shell.o (.rodata.str1.15776769504895676854.1)
                  0000a6f0    0000001d     app_shell.o (.rodata.str1.8569159511768566713.1)
                  0000a70d    0000001d     app_shell.o (.rodata.str1.9055250215258332321.1)
                  0000a72a    00000002     app_shell.o (.rodata._ZZN3app12_GLOBAL__N_112MotorCommandEiPKPKcE7kM1Stop)
                  0000a72c    0000001c     app_shell.o (.rodata..Lswitch.table._ZN3app12_GLOBAL__N_115WriteStatusLineEPKcN7drivers12DriverStatusE)
                  0000a748    0000001c     app_shell.o (.rodata.str1.11208828733426745331.1)
                  0000a764    0000001c     app_shell.o (.rodata.str1.16920742144462411612.1)
                  0000a780    0000001c     app_shell.o (.rodata.str1.868716187015188771.1)
                  0000a79c    0000001b     app_shell.o (.rodata.str1.6446933695614087048.1)
                  0000a7b7    0000001b     app_shell.o (.rodata.str1.9081962557253678714.1)
                  0000a7d2    0000001a     app_shell.o (.rodata.str1.10195084751130023350.1)
                  0000a7ec    0000001a     app_shell.o (.rodata.str1.3791812099772881164.1)
                  0000a806    0000001a     app_shell.o (.rodata.str1.7571154574660953324.1)
                  0000a820    00000019     app_shell.o (.rodata.str1.13442463908107530774.1)
                  0000a839    00000019     app_shell.o (.rodata.str1.17946445462908322557.1)
                  0000a852    00000019     app_shell.o (.rodata.str1.18027752678067221043.1)
                  0000a86b    00000001     app_shell.o (.rodata.str1.16899430920103358112.1)
                  0000a86c    00000018     app_shell.o (.rodata..Lswitch.table._ZN3app12_GLOBAL__N_114PrintI2cStatusEPKN7drivers16I2cDiagBusConfigE)
                  0000a884    00000018     board_lora.o (.rodata._ZN5boardL12g_loraConfigE)
                  0000a89c    00000018     board_motor_driver.o (.rodata._ZN5boardL19g_motorDriverConfigE)
                  0000a8b4    00000018     app_shell.o (.rodata.str1.15645525071624774828.1)
                  0000a8cc    00000018     app_shell.o (.rodata.str1.16249557628706834344.1)
                  0000a8e4    00000018     app_shell.o (.rodata.str1.2208679373137722540.1)
                  0000a8fc    00000018     app_shell.o (.rodata.str1.8103717083034249282.1)
                  0000a914    00000017     app_shell.o (.rodata.str1.17149590331237407959.1)
                  0000a92b    00000017     app_shell.o (.rodata.str1.5263001642383835309.1)
                  0000a942    00000017     shell.o (.rodata.str1.5680428239841774557.1)
                  0000a959    00000017     app_shell.o (.rodata.str1.8509687067808380963.1)
                  0000a970    00000016     app_shell.o (.rodata.str1.1349469432826125676.1)
                  0000a986    00000016     app_shell.o (.rodata.str1.14891418699318862133.1)
                  0000a99c    00000016     app_shell.o (.rodata.str1.1642163497366634869.1)
                  0000a9b2    00000016     app_shell.o (.rodata.str1.16682001306138638370.1)
                  0000a9c8    00000016     app_shell.o (.rodata.str1.8287504627243269121.1)
                  0000a9de    00000015     app_shell.o (.rodata.str1.1222417806814152126.1)
                  0000a9f3    00000015     app_shell.o (.rodata.str1.14031660303973722868.1)
                  0000aa08    00000015     app_shell.o (.rodata.str1.14280360640269665673.1)
                  0000aa1d    00000015     app_shell.o (.rodata.str1.16227620492999702623.1)
                  0000aa32    00000015     app_shell.o (.rodata.str1.16751110918939779405.1)
                  0000aa47    00000015     app_shell.o (.rodata.str1.17348661065144809008.1)
                  0000aa5c    00000015     app_shell.o (.rodata.str1.2942266741242204019.1)
                  0000aa71    00000015     app_shell.o (.rodata.str1.4641291215374644332.1)
                  0000aa86    00000014     app_shell.o (.rodata.str1.2994156742980555940.1)
                  0000aa9a    00000014     app_shell.o (.rodata.str1.6357824671205653470.1)
                  0000aaae    00000013     app_shell.o (.rodata.str1.15233515076766056445.1)
                  0000aac1    00000013     app_shell.o (.rodata.str1.6394054571282083081.1)
                  0000aad4    00000013     app_shell.o (.rodata.str1.8602760754867183125.1)
                  0000aae7    00000013     app_shell.o (.rodata.str1.8767742179201719121.1)
                  0000aafa    00000012     app_shell.o (.rodata.str1.107782727556153465.1)
                  0000ab0c    00000012     app_shell.o (.rodata.str1.11627215746227218045.1)
                  0000ab1e    00000012     app_shell.o (.rodata.str1.12080946370607717659.1)
                  0000ab30    00000012     app_shell.o (.rodata.str1.12957799291655329777.1)
                  0000ab42    00000012     app_shell.o (.rodata.str1.13324323091560154661.1)
                  0000ab54    00000012     app_shell.o (.rodata.str1.17814141777586519065.1)
                  0000ab66    00000012     app_shell.o (.rodata.str1.18334646164448261171.1)
                  0000ab78    00000012     app_shell.o (.rodata.str1.560197181004569561.1)
                  0000ab8a    00000012     app_shell.o (.rodata.str1.7579154775923007786.1)
                  0000ab9c    00000012     app_shell.o (.rodata.str1.8035528561561339514.1)
                  0000abae    00000012     shell.o (.rodata.str1.8246939600463437344.1)
                  0000abc0    00000011     app_shell.o (.rodata.str1.11627259167888876947.1)
                  0000abd1    00000011     app_shell.o (.rodata.str1.12036585828892915957.1)
                  0000abe2    00000011     app_shell.o (.rodata.str1.14613035533147221857.1)
                  0000abf3    00000011     app_shell.o (.rodata.str1.14677212197102816015.1)
                  0000ac04    00000011     app_shell.o (.rodata.str1.16368304853068341593.1)
                  0000ac15    00000011     app_shell.o (.rodata.str1.6578158171544725696.1)
                  0000ac26    00000011     app_shell.o (.rodata.str1.7950140236767125311.1)
                  0000ac37    00000011     app_shell.o (.rodata.str1.8793534488315853255.1)
                  0000ac48    00000010     app_shell.o (.rodata.str1.11085599432999950484.1)
                  0000ac58    00000010     app_shell.o (.rodata.str1.14827416709503782844.1)
                  0000ac68    00000010     app_shell.o (.rodata.str1.15453031427744251291.1)
                  0000ac78    00000010     app_shell.o (.rodata.str1.15520279574724480647.1)
                  0000ac88    00000010     app_shell.o (.rodata.str1.16167065860645901179.1)
                  0000ac98    00000010     app_shell.o (.rodata.str1.17029008240216598945.1)
                  0000aca8    00000010     app_shell.o (.rodata.str1.264036748927759168.1)
                  0000acb8    00000010     app_shell.o (.rodata.str1.4561355912026728236.1)
                  0000acc8    00000010     app_shell.o (.rodata.str1.6219487071531100932.1)
                  0000acd8    00000010     app_shell.o (.rodata.str1.7923626403509450708.1)
                  0000ace8    00000010     app_shell.o (.rodata.str1.795459456749244188.1)
                  0000acf8    00000010     app_shell.o (.rodata.str1.8435392788517128360.1)
                  0000ad08    00000010     app_shell.o (.rodata.str1.9141388473721648320.1)
                  0000ad18    00000010     app_shell.o (.rodata.str1.9244822838137428263.1)
                  0000ad28    0000000f     app_shell.o (.rodata.str1.10465369967917398799.1)
                  0000ad37    0000000f     app_shell.o (.rodata.str1.10855919650491312362.1)
                  0000ad46    0000000f     app_shell.o (.rodata.str1.11747346528919543944.1)
                  0000ad55    0000000f     app_shell.o (.rodata.str1.12164603244115374595.1)
                  0000ad64    0000000f     app_shell.o (.rodata.str1.14241588195389562460.1)
                  0000ad73    0000000f     app_shell.o (.rodata.str1.17876943342118536213.1)
                  0000ad82    0000000f     app_shell.o (.rodata.str1.3134304214227531536.1)
                  0000ad91    0000000f     app_shell.o (.rodata.str1.3256265506082810711.1)
                  0000ada0    0000000f     app_shell.o (.rodata.str1.3879560646291831357.1)
                  0000adaf    0000000f     app_shell.o (.rodata.str1.4392945030196501414.1)
                  0000adbe    0000000f     app_shell.o (.rodata.str1.5407661000085889072.1)
                  0000adcd    0000000f     app_shell.o (.rodata.str1.551504573030492924.1)
                  0000addc    0000000f     app_shell.o (.rodata.str1.5531439754045694522.1)
                  0000adeb    0000000f     app_shell.o (.rodata.str1.7267978533840413714.1)
                  0000adfa    0000000f     app_shell.o (.rodata.str1.9051984071380436030.1)
                  0000ae09    0000000e     app_shell.o (.rodata.str1.10256891727475852015.1)
                  0000ae17    0000000e     app_shell.o (.rodata.str1.11698549779809542857.1)
                  0000ae25    0000000e     app_shell.o (.rodata.str1.11903828385650032657.1)
                  0000ae33    0000000e     app_shell.o (.rodata.str1.13071761163155843764.1)
                  0000ae41    0000000e     app_shell.o (.rodata.str1.14082473703337987432.1)
                  0000ae4f    0000000e     app_shell.o (.rodata.str1.1451090849677487530.1)
                  0000ae5d    0000000e     app_shell.o (.rodata.str1.15403383602945839188.1)
                  0000ae6b    0000000e     app_shell.o (.rodata.str1.16815118733797554419.1)
                  0000ae79    0000000e     app_shell.o (.rodata.str1.17894747200582054988.1)
                  0000ae87    0000000e     app_shell.o (.rodata.str1.2900415078221183578.1)
                  0000ae95    0000000e     app_shell.o (.rodata.str1.5640218363402806195.1)
                  0000aea3    0000000e     app_shell.o (.rodata.str1.626618899871332695.1)
                  0000aeb1    0000000e     app_shell.o (.rodata.str1.6725838405751831500.1)
                  0000aebf    0000000e     app_shell.o (.rodata.str1.6756868286634741853.1)
                  0000aecd    0000000e     app_shell.o (.rodata.str1.7078129644076030331.1)
                  0000aedb    0000000e     app_shell.o (.rodata.str1.7493624433185208732.1)
                  0000aee9    0000000e     app_shell.o (.rodata.str1.9167415978045996327.1)
                  0000aef7    0000000e     app_shell.o (.rodata.str1.9307220092008964426.1)
                  0000af05    0000000d     app_shell.o (.rodata.str1.10673636489446728236.1)
                  0000af12    0000000d     app_shell.o (.rodata.str1.10761430618072912911.1)
                  0000af1f    0000000d     app_shell.o (.rodata.str1.11325690732168652611.1)
                  0000af2c    0000000d     app_shell.o (.rodata.str1.12082892960889789793.1)
                  0000af39    0000000d     app_shell.o (.rodata.str1.12583477948311004516.1)
                  0000af46    0000000d     app_shell.o (.rodata.str1.12824201010631389445.1)
                  0000af53    0000000d     app_shell.o (.rodata.str1.13438288695896508174.1)
                  0000af60    0000000d     app_shell.o (.rodata.str1.13993368087264210023.1)
                  0000af6d    0000000d     app_shell.o (.rodata.str1.1420893864952581301.1)
                  0000af7a    0000000d     app_shell.o (.rodata.str1.14678420154468417691.1)
                  0000af87    0000000d     app_shell.o (.rodata.str1.15176035481894813218.1)
                  0000af94    0000000d     app_shell.o (.rodata.str1.15397327130298834941.1)
                  0000afa1    0000000d     app_shell.o (.rodata.str1.16423083052983990348.1)
                  0000afae    0000000d     app_shell.o (.rodata.str1.16608939394091912599.1)
                  0000afbb    0000000d     app_shell.o (.rodata.str1.16835946644515092483.1)
                  0000afc8    0000000d     app_shell.o (.rodata.str1.17563913066770742391.1)
                  0000afd5    0000000d     app_shell.o (.rodata.str1.18076126304851181080.1)
                  0000afe2    0000000d     app_shell.o (.rodata.str1.1818528395550233868.1)
                  0000afef    0000000d     app_shell.o (.rodata.str1.1983276796565948189.1)
                  0000affc    0000000d     app_shell.o (.rodata.str1.2370428100076675559.1)
                  0000b009    0000000d     app_shell.o (.rodata.str1.296188832848622959.1)
                  0000b016    0000000d     app_shell.o (.rodata.str1.4203577644585159315.1)
                  0000b023    0000000d     app_shell.o (.rodata.str1.4334110622959027977.1)
                  0000b030    0000000d     app_shell.o (.rodata.str1.4906473829960206720.1)
                  0000b03d    0000000d     app_shell.o (.rodata.str1.5000143241413183010.1)
                  0000b04a    0000000d     app_shell.o (.rodata.str1.5557692366192543561.1)
                  0000b057    0000000d     app_shell.o (.rodata.str1.5848672442950545206.1)
                  0000b064    0000000d     app_shell.o (.rodata.str1.7850322238517394535.1)
                  0000b071    0000000d     app_shell.o (.rodata.str1.9082118575882053516.1)
                  0000b07e    0000000d     app_shell.o (.rodata.str1.9705620893505900.1)
                  0000b08b    00000001     --HOLE-- [fill = 0]
                  0000b08c    0000000c     board_button.o (.rodata..Lswitch.table._ZN5board19Board_ButtonGetNameENS_13BoardButtonIdE)
                  0000b098    0000000c     board_imu.o (.rodata..Lswitch.table._ZN5board19Board_ImuSetSpiModeEh)
                  0000b0a4    0000000c     board_buzzer.o (.rodata._ZN5boardL14g_buzzerConfigE)
                  0000b0b0    0000000c     board_led.o (.rodata._ZN5boardL17g_statusLedConfigE)
                  0000b0bc    0000000c     app_shell.o (.rodata.str1.1047053269920726699.1)
                  0000b0c8    0000000c     app_shell.o (.rodata.str1.11810056576553604146.1)
                  0000b0d4    0000000c     app_shell.o (.rodata.str1.12139680495649507277.1)
                  0000b0e0    0000000c     app_shell.o (.rodata.str1.12185306449572332681.1)
                  0000b0ec    0000000c     app_shell.o (.rodata.str1.12681352959443149009.1)
                  0000b0f8    0000000c     app_shell.o (.rodata.str1.13157479058689081212.1)
                  0000b104    0000000c     app_shell.o (.rodata.str1.13204140776596746875.1)
                  0000b110    0000000c     app_shell.o (.rodata.str1.13507390935846511250.1)
                  0000b11c    0000000c     app_shell.o (.rodata.str1.15195419684703654944.1)
                  0000b128    0000000c     app_shell.o (.rodata.str1.15409376994933409736.1)
                  0000b134    0000000c     app_shell.o (.rodata.str1.15536306115837748184.1)
                  0000b140    0000000c     app_shell.o (.rodata.str1.1715960982390498022.1)
                  0000b14c    0000000c     app_shell.o (.rodata.str1.17414183638713165213.1)
                  0000b158    0000000c     app_shell.o (.rodata.str1.2292235750072059597.1)
                  0000b164    0000000c     app_shell.o (.rodata.str1.232704503142678858.1)
                  0000b170    0000000c     app_shell.o (.rodata.str1.3590894685082263268.1)
                  0000b17c    0000000c     app_shell.o (.rodata.str1.3892416308557052197.1)
                  0000b188    0000000c     app_shell.o (.rodata.str1.4190646769514731288.1)
                  0000b194    0000000c     app_shell.o (.rodata.str1.5164433326538179767.1)
                  0000b1a0    0000000c     app_shell.o (.rodata.str1.5301191676092148263.1)
                  0000b1ac    0000000c     app_shell.o (.rodata.str1.5998451886276286134.1)
                  0000b1b8    0000000c     app_shell.o (.rodata.str1.671945175647755142.1)
                  0000b1c4    0000000c     app_shell.o (.rodata.str1.8150600325345066189.1)
                  0000b1d0    0000000c     app_shell.o (.rodata.str1.8963702969112686911.1)
                  0000b1dc    0000000c     app_shell.o (.rodata.str1.97227345183721019.1)
                  0000b1e8    0000000b     app_shell.o (.rodata.str1.12144774989780088692.1)
                  0000b1f3    0000000b     app_shell.o (.rodata.str1.13923183189790686887.1)
                  0000b1fe    0000000b     app_shell.o (.rodata.str1.15957297692044786119.1)
                  0000b209    0000000b     app_shell.o (.rodata.str1.16738014180672278497.1)
                  0000b214    0000000b     app_shell.o (.rodata.str1.1695784342961477721.1)
                  0000b21f    0000000b     app_shell.o (.rodata.str1.18243883703027276797.1)
                  0000b22a    0000000b     app_shell.o (.rodata.str1.3587876751327453651.1)
                  0000b235    0000000b     app_shell.o (.rodata.str1.5123905964118624653.1)
                  0000b240    0000000b     app_shell.o (.rodata.str1.5915467744016243284.1)
                  0000b24b    0000000b     app_shell.o (.rodata.str1.6411710860483804230.1)
                  0000b256    0000000b     app_shell.o (.rodata.str1.7207923708610531365.1)
                  0000b261    0000000b     app_shell.o (.rodata.str1.738127925484632372.1)
                  0000b26c    0000000b     app_shell.o (.rodata.str1.7652650349062231201.1)
                  0000b277    00000001     --HOLE-- [fill = 0]
                  0000b278    0000000a     ti_msp_dl_config.o (.rodata.gDEBUG_UARTConfig)
                  0000b282    0000000a     ti_msp_dl_config.o (.rodata.gIMU_SPI_config)
                  0000b28c    0000000a     ti_msp_dl_config.o (.rodata.gLORA_UARTConfig)
                  0000b296    0000000a     ti_msp_dl_config.o (.rodata.gMOTOR_UARTConfig)
                  0000b2a0    0000000a     app_shell.o (.rodata.str1.10491446739592751644.1)
                  0000b2aa    0000000a     app_shell.o (.rodata.str1.13772462829107236127.1)
                  0000b2b4    0000000a     app_shell.o (.rodata.str1.14008062965805295334.1)
                  0000b2be    0000000a     app_shell.o (.rodata.str1.16216038010955657616.1)
                  0000b2c8    0000000a     app_shell.o (.rodata.str1.16330407060470052804.1)
                  0000b2d2    0000000a     shell.o (.rodata.str1.17922515892264497723.1)
                  0000b2dc    0000000a     app_shell.o (.rodata.str1.18173995716001367913.1)
                  0000b2e6    0000000a     app_shell.o (.rodata.str1.4218503564476151687.1)
                  0000b2f0    00000009     app_shell.o (.rodata.str1.1117190944701632139.1)
                  0000b2f9    00000009     app_shell.o (.rodata.str1.11515932757094173050.1)
                  0000b302    00000009     app_shell.o (.rodata.str1.13247589138198607459.1)
                  0000b30b    00000009     app_shell.o (.rodata.str1.2672312858105111990.1)
                  0000b314    00000009     app_shell.o (.rodata.str1.5376205643164354286.1)
                  0000b31d    00000009     app_shell.o (.rodata.str1.9017255012489828088.1)
                  0000b326    00000008     app_shell.o (.rodata.str1.10665909939688505188.1)
                  0000b32e    00000008     board_button.o (.rodata.str1.10963450802004053816.1)
                  0000b336    00000008     app_shell.o (.rodata.str1.11327417708772392390.1)
                  0000b33e    00000008     app_shell.o (.rodata.str1.11335294061225285764.1)
                  0000b346    00000008     app_shell.o (.rodata.str1.13456686701278321828.1)
                  0000b34e    00000008     app_shell.o (.rodata.str1.14639049301600042713.1)
                  0000b356    00000008     app_shell.o (.rodata.str1.14648361161363975803.1)
                  0000b35e    00000008     app_shell.o (.rodata.str1.17082220688523197928.1)
                  0000b366    00000008     board_button.o (.rodata.str1.17681505947258605906.1)
                  0000b36e    00000008     board_button.o (.rodata.str1.18240515884718476655.1)
                  0000b376    00000008     app_main.o (.rodata.str1.1839410120130765391.1)
                  0000b37e    00000008     app_shell.o (.rodata.str1.2128407216864987192.1)
                  0000b386    00000008     app_shell.o (.rodata.str1.5549424804698209806.1)
                  0000b38e    00000008     board_button.o (.rodata.str1.5952028417427413650.1)
                  0000b396    00000008     app_shell.o (.rodata.str1.5998459121093071997.1)
                  0000b39e    00000008     app_shell.o (.rodata.str1.6213986015100719150.1)
                  0000b3a6    00000008     app_shell.o (.rodata.str1.7122307362297942762.1)
                  0000b3ae    00000008     app_shell.o (.rodata.str1.8573948346423057931.1)
                  0000b3b6    00000008     app_shell.o (.rodata.str1.8730301986016609910.1)
                  0000b3be    00000008     app_shell.o (.rodata.str1.9555053908608242801.1)
                  0000b3c6    00000007     app_shell.o (.rodata.str1.11774507841365577078.1)
                  0000b3cd    00000007     app_shell.o (.rodata.str1.11922244342622017285.1)
                  0000b3d4    00000007     app_shell.o (.rodata.str1.13029328624899454496.1)
                  0000b3db    00000007     app_shell.o (.rodata.str1.15816476343860600217.1)
                  0000b3e2    00000007     app_shell.o (.rodata.str1.17353931100524941225.1)
                  0000b3e9    00000007     board_i2c_bus.o (.rodata.str1.17771965703026024685.1)
                  0000b3f0    00000007     app_shell.o (.rodata.str1.1886428569580364902.1)
                  0000b3f7    00000007     app_shell.o (.rodata.str1.2029421846019890511.1)
                  0000b3fe    00000007     app_shell.o (.rodata.str1.2112829382197544942.1)
                  0000b405    00000007     app_shell.o (.rodata.str1.27965927919619260.1)
                  0000b40c    00000007     app_shell.o (.rodata.str1.2831129786622658843.1)
                  0000b413    00000007     app_shell.o (.rodata.str1.2963890733414402023.1)
                  0000b41a    00000007     app_shell.o (.rodata.str1.4542404440653722632.1)
                  0000b421    00000007     app_shell.o (.rodata.str1.5515999138927817340.1)
                  0000b428    00000007     app_shell.o (.rodata.str1.6741221679932540615.1)
                  0000b42f    00000007     app_shell.o (.rodata.str1.7988978544830785654.1)
                  0000b436    00000007     app_shell.o (.rodata.str1.931795180867172166.1)
                  0000b43d    00000007     app_shell.o (.rodata.str1.9376739677351878210.1)
                  0000b444    00000007     app_shell.o (.rodata.str1.9708937098353321336.1)
                  0000b44b    00000006     app_shell.o (.rodata._ZZN3app12_GLOBAL__N_111LoraCommandEiPKPKcE9kTestData)
                  0000b451    00000006     app_shell.o (.rodata._ZZN3app12_GLOBAL__N_112MotorCommandEiPKPKcE9kTestData)
                  0000b457    00000006     app_shell.o (.rodata.str1.10018306225359911921.1)
                  0000b45d    00000006     app_shell.o (.rodata.str1.10851017352621485976.1)
                  0000b463    00000006     app_shell.o (.rodata.str1.13643216153024045165.1)
                  0000b469    00000006     app_shell.o (.rodata.str1.14152514258843500131.1)
                  0000b46f    00000006     app_shell.o (.rodata.str1.14223157730264656398.1)
                  0000b475    00000006     app_shell.o (.rodata.str1.14355953386558495977.1)
                  0000b47b    00000006     app_shell.o (.rodata.str1.15890787717468802715.1)
                  0000b481    00000006     app_shell.o (.rodata.str1.16079002699872141978.1)
                  0000b487    00000006     app_shell.o (.rodata.str1.16234102244779358492.1)
                  0000b48d    00000006     app_shell.o (.rodata.str1.16354136421054348586.1)
                  0000b493    00000006     app_shell.o (.rodata.str1.16556295950709461880.1)
                  0000b499    00000006     app_shell.o (.rodata.str1.2686006007855973365.1)
                  0000b49f    00000006     app_shell.o (.rodata.str1.3266044674648287831.1)
                  0000b4a5    00000006     app_shell.o (.rodata.str1.3345426052653886543.1)
                  0000b4ab    00000006     app_shell.o (.rodata.str1.3801014448936389230.1)
                  0000b4b1    00000006     app_shell.o (.rodata.str1.4126815238888174570.1)
                  0000b4b7    00000006     app_shell.o (.rodata.str1.4138401803328556999.1)
                  0000b4bd    00000006     app_shell.o (.rodata.str1.587364518894469847.1)
                  0000b4c3    00000006     app_shell.o (.rodata.str1.5909738732761903070.1)
                  0000b4c9    00000006     app_shell.o (.rodata.str1.6351667589775284342.1)
                  0000b4cf    00000006     app_shell.o (.rodata.str1.6822338819583971375.1)
                  0000b4d5    00000006     app_shell.o (.rodata.str1.6951946783319408118.1)
                  0000b4db    00000006     app_shell.o (.rodata.str1.8497090786602423890.1)
                  0000b4e1    00000006     app_shell.o (.rodata.str1.8674441817985872181.1)
                  0000b4e7    00000006     app_shell.o (.rodata.str1.8778837135027269807.1)
                  0000b4ed    00000006     app_shell.o (.rodata.str1.9144633642026494361.1)
                  0000b4f3    00000006     app_shell.o (.rodata.str1.9805525145790407866.1)
                  0000b4f9    00000005     app_shell.o (.rodata.str1.10218881960771275491.1)
                  0000b4fe    00000005     app_shell.o (.rodata.str1.11066750309610323631.1)
                  0000b503    00000005     board_i2c_bus.o (.rodata.str1.11524751692591293752.1)
                  0000b508    00000005     app_shell.o (.rodata.str1.12395812238841081648.1)
                  0000b50d    00000005     app_shell.o (.rodata.str1.13030721149427952655.1)
                  0000b512    00000005     app_shell.o (.rodata.str1.13640432584226954899.1)
                  0000b517    00000005     app_shell.o (.rodata.str1.15451653635542139434.1)
                  0000b51c    00000005     app_shell.o (.rodata.str1.15885433143163248817.1)
                  0000b521    00000005     app_shell.o (.rodata.str1.16906130264434024515.1)
                  0000b526    00000005     app_shell.o (.rodata.str1.16954485173288524775.1)
                  0000b52b    00000005     shell.o (.rodata.str1.17405053739148516019.1)
                  0000b530    00000005     app_shell.o (.rodata.str1.17796269336985765740.1)
                  0000b535    00000005     app_shell.o (.rodata.str1.18221696243336245540.1)
                  0000b53a    00000005     app_shell.o (.rodata.str1.18269279803075602796.1)
                  0000b53f    00000005     app_shell.o (.rodata.str1.2160470991696560517.1)
                  0000b544    00000005     app_shell.o (.rodata.str1.289627103221730650.1)
                  0000b549    00000005     app_shell.o (.rodata.str1.4179493015675024832.1)
                  0000b54e    00000005     app_shell.o (.rodata.str1.4754765727316804258.1)
                  0000b553    00000005     app_shell.o (.rodata.str1.4993949747219772545.1)
                  0000b558    00000005     app_shell.o (.rodata.str1.5652790780262836254.1)
                  0000b55d    00000005     app_shell.o (.rodata.str1.6333935326310285001.1)
                  0000b562    00000005     app_shell.o (.rodata.str1.7212684690809077353.1)
                  0000b567    00000005     app_shell.o (.rodata.str1.8934507472916618446.1)
                  0000b56c    00000005     app_shell.o (.rodata.str1.906066569443847875.1)
                  0000b571    00000004     app_shell.o (.rodata.str1.10756110055158838206.1)
                  0000b575    00000004     app_shell.o (.rodata.str1.11836969374611347342.1)
                  0000b579    00000004     app_shell.o (.rodata.str1.1207053347194752072.1)
                  0000b57d    00000004     app_shell.o (.rodata.str1.1223882822645374465.1)
                  0000b581    00000004     app_shell.o (.rodata.str1.13626453309717720227.1)
                  0000b585    00000004     app_shell.o (.rodata.str1.141740382680400416.1)
                  0000b589    00000004     app_shell.o (.rodata.str1.14445045882516821416.1)
                  0000b58d    00000004     app_shell.o (.rodata.str1.14623014954758015065.1)
                  0000b591    00000004     app_shell.o (.rodata.str1.16800956331689080151.1)
                  0000b595    00000004     app_shell.o (.rodata.str1.17269466629117989041.1)
                  0000b599    00000004     app_shell.o (.rodata.str1.17942500811997078001.1)
                  0000b59d    00000004     app_shell.o (.rodata.str1.2767916714829989116.1)
                  0000b5a1    00000004     app_shell.o (.rodata.str1.3030045481369325523.1)
                  0000b5a5    00000004     app_shell.o (.rodata.str1.3688985272902551570.1)
                  0000b5a9    00000004     app_shell.o (.rodata.str1.4465400818469226320.1)
                  0000b5ad    00000004     app_shell.o (.rodata.str1.5716603645884478871.1)
                  0000b5b1    00000004     app_shell.o (.rodata.str1.6410197886599512152.1)
                  0000b5b5    00000004     app_shell.o (.rodata.str1.6963926815691589692.1)
                  0000b5b9    00000004     shell.o (.rodata.str1.7348818734176781284.1)
                  0000b5bd    00000004     app_shell.o (.rodata.str1.7612592787831263617.1)
                  0000b5c1    00000004     app_shell.o (.rodata.str1.7743837333376801574.1)
                  0000b5c5    00000004     app_shell.o (.rodata.str1.7940456731757887554.1)
                  0000b5c9    00000004     app_shell.o (.rodata.str1.8406640635343907673.1)
                  0000b5cd    00000004     shell.o (.rodata.str1.8954516873856363469.1)
                  0000b5d1    00000004     app_shell.o (.rodata.str1.9315764513386952153.1)
                  0000b5d5    00000003     shell.o (.rodata.str1.10427229796524742636.1)
                  0000b5d8    00000003     app_shell.o (.rodata.str1.13245102848535749030.1)
                  0000b5db    00000003     app_shell.o (.rodata.str1.13323525510459860336.1)
                  0000b5de    00000003     app_shell.o (.rodata.str1.1418877803505809098.1)
                  0000b5e1    00000003     app_shell.o (.rodata.str1.2027963614161212499.1)
                  0000b5e4    00000003     app_shell.o (.rodata.str1.2319085888762997156.1)
                  0000b5e7    00000003     shell.o (.rodata.str1.4282230880151502975.1)
                  0000b5ea    00000003     app_shell.o (.rodata.str1.5612542551564952699.1)
                  0000b5ed    00000003     app_shell.o (.rodata.str1.638712236475948105.1)
                  0000b5f0    00000003     app_shell.o (.rodata.str1.6622852920864620103.1)
                  0000b5f3    00000003     app_shell.o (.rodata.str1.7863334761919578676.1)
                  0000b5f6    00000003     shell.o (.rodata.str1.8508895379925972626.1)
                  0000b5f9    00000002     app_shell.o (.rodata._ZZN3app12_GLOBAL__N_112MotorCommandEiPKPKcE7kM2Stop)
                  0000b5fb    00000002     ti_msp_dl_config.o (.rodata.gDEBUG_UARTClockConfig)
                  0000b5fd    00000002     ti_msp_dl_config.o (.rodata.gFRAM_I2CClockConfig)
                  0000b5ff    00000002     ti_msp_dl_config.o (.rodata.gIMU_SPI_clockConfig)
                  0000b601    00000002     ti_msp_dl_config.o (.rodata.gINA219_I2CClockConfig)
                  0000b603    00000002     ti_msp_dl_config.o (.rodata.gLORA_UARTClockConfig)
                  0000b605    00000002     ti_msp_dl_config.o (.rodata.gMOTOR_UARTClockConfig)
                  0000b607    00000002     app_shell.o (.rodata.str1.10091040128680290456.1)
                  0000b609    00000002     app_shell.o (.rodata.str1.16458884249986146812.1)
                  0000b60b    00000002     app_shell.o (.rodata.str1.18057142085415363861.1)
                  0000b60d    00000002     app_shell.o (.rodata.str1.8867909630182175989.1)
                  0000b60f    00000002     app_shell.o (.rodata.str1.9307362830757344490.1)
                  0000b611    0000000f     --HOLE-- [fill = 0]

.init_array 
*          0    00000000    00000000     UNINITIALIZED

.binit     0    00000000    00000000     

.bss       0    20200000    00000308     UNINITIALIZED
                  20200000    00000100     board_lora.o (.bss._ZN5boardL14g_loraRxBufferE)
                  20200100    00000100     board_motor_driver.o (.bss._ZN5boardL21g_motorDriverRxBufferE)
                  20200200    00000080     debug_uart.o (.bss._ZN8services12_GLOBAL__N_110g_rxBufferE)
                  20200280    00000060     shell.o (.bss._ZN8services12_GLOBAL__N_112g_lineBufferE)
                  202002e0    00000028     (.common:gIMU_SPIBackup)

.data      0    20200308    0000027c     UNINITIALIZED
                  20200308    00000100     shell.o (.data._ZN8services12_GLOBAL__N_110g_commandsE)
                  20200408    000000f0     scheduler.o (.data._ZN8servicesL7g_tasksE)
                  202004f8    00000030     board_button.o (.data._ZN5board12_GLOBAL__N_116g_buttonContextsE)
                  20200528    00000010     board_lora.o (.data._ZN5boardL13g_loraContextE)
                  20200538    00000010     board_motor_driver.o (.data._ZN5boardL20g_motorDriverContextE)
                  20200548    00000008     app_main.o (.data._ZN3appL10g_appStateE)
                  20200550    00000008     board_fram.o (.data._ZN5boardL13g_framContextE)
                  20200558    00000008     board_buzzer.o (.data._ZN5boardL15g_buzzerContextE)
                  20200560    00000008     board_ina219.o (.data._ZN5boardL15g_ina219ContextE)
                  20200568    00000008     board_led.o (.data._ZN5boardL18g_statusLedContextE)
                  20200570    00000004     shell.o (.data._ZN8services12_GLOBAL__N_112g_lineLengthE)
                  20200574    00000004     debug_uart.o (.data._ZN8services12_GLOBAL__N_116g_rxDroppedCountE)
                  20200578    00000004     time.o (.data._ZN8servicesL8g_millisE)
                  2020057c    00000002     debug_uart.o (.data._ZN8services12_GLOBAL__N_18g_rxHeadE)
                  2020057e    00000002     debug_uart.o (.data._ZN8services12_GLOBAL__N_18g_rxTailE)
                  20200580    00000001     board_imu.o (.data._ZN5board12_GLOBAL__N_110g_imuReadyE)
                  20200581    00000001     shell.o (.data._ZN8services12_GLOBAL__N_114g_ignoreNextLfE)
                  20200582    00000001     debug_uart.o (.data._ZN8services12_GLOBAL__N_116g_debugUartReadyE)
                  20200583    00000001     fault.o (.data._ZN8servicesL11g_faultCodeE)

.stack     0    2020ff00    00000100     UNINITIALIZED
                  2020ff00    00000004     libc.a : boot_cortex_m.c.obj (.stack)
                  2020ff04    000000fc     --HOLE--

__llvm_prf_cnts 
*          0    20200000    00000000     UNINITIALIZED

__llvm_prf_bits 
*          0    20200000    00000000     UNINITIALIZED

MODULE SUMMARY

       Module                         code    ro data   rw data
       ------                         ----    -------   -------
    .\
       ti_msp_dl_config.o             1128    52        40     
       startup_mspm0g351x_ticlang.o   6       192       0      
       empty_cpp.o                    82      0         0      
    +--+------------------------------+-------+---------+---------+
       Total:                         1216    244       40     
                                                               
    .\app\
       app_shell.o                    21088   4812      0      
       app_main.o                     102     8         8      
    +--+------------------------------+-------+---------+---------+
       Total:                         21190   4820      8      
                                                               
    .\board\
       board_imu.o                    3468    12        1      
       board_lora.o                   204     24        272    
       board_motor_driver.o           204     24        272    
       board_ina219.o                 356     56        8      
       board_button.o                 248     92        48     
       board_i2c_bus.o                204     100       0      
       board_fram.o                   210     44        8      
       board_buzzer.o                 68      12        8      
       board_led.o                    68      12        8      
       board.o                        38      0         0      
    +--+------------------------------+-------+---------+---------+
       Total:                         5068    376       625    
                                                               
    .\drivers\button\
       button.o                       306     0         0      
    +--+------------------------------+-------+---------+---------+
       Total:                         306     0         0      
                                                               
    .\drivers\buzzer\
       buzzer.o                       174     0         0      
    +--+------------------------------+-------+---------+---------+
       Total:                         174     0         0      
                                                               
    .\drivers\fm24cl64b\
       fm24cl64b.o                    1882    0         0      
    +--+------------------------------+-------+---------+---------+
       Total:                         1882    0         0      
                                                               
    .\drivers\i2c_diag\
       i2c_diag.o                     2152    0         0      
    +--+------------------------------+-------+---------+---------+
       Total:                         2152    0         0      
                                                               
    .\drivers\ina219\
       ina219.o                       2326    0         0      
    +--+------------------------------+-------+---------+---------+
       Total:                         2326    0         0      
                                                               
    .\drivers\led\
       led.o                          174     0         0      
    +--+------------------------------+-------+---------+---------+
       Total:                         174     0         0      
                                                               
    .\drivers\lora\
       lora.o                         908     0         0      
    +--+------------------------------+-------+---------+---------+
       Total:                         908     0         0      
                                                               
    .\drivers\motor_driver\
       motor_driver_uart.o            996     0         0      
    +--+------------------------------+-------+---------+---------+
       Total:                         996     0         0      
                                                               
    .\services\
       shell.o                        1800    111       357    
       scheduler.o                    832     0         240    
       debug_uart.o                   732     0         137    
       time.o                         84      0         4      
       fault.o                        40      0         1      
       log.o                          2       0         0      
    +--+------------------------------+-------+---------+---------+
       Total:                         3490    111       739    
                                                               
    C:/ti/mspm0_sdk_2_10_00_04/source/ti/driverlib/lib/ticlang/m0p/mspm0gx51x/driverlib.a
       dl_i2c.o                       240     0         0      
       dl_spi.o                       142     0         0      
       dl_uart.o                      138     0         0      
       dl_common.o                    10      0         0      
    +--+------------------------------+-------+---------+---------+
       Total:                         530     0         0      
                                                               
    C:\ti\ccs2100\ccs\tools\compiler\ti-cgt-armllvm_5.1.1.LTS\lib\armv6m-ti-none-eabi/c/libc.a
       memcpy16.S.obj                 154     0         0      
       copy_decompress_lzss.c.obj     124     0         0      
       memset16.S.obj                 98      0         0      
       autoinit.c.obj                 60      0         0      
       boot_cortex_m.c.obj            40      0         0      
       copy_zero_init.c.obj           22      0         0      
       copy_decompress_none.c.obj     18      0         0      
       exit.c.obj                     6       0         0      
       pre_init.c.obj                 4       0         0      
    +--+------------------------------+-------+---------+---------+
       Total:                         526     0         0      
                                                               
    C:\ti\ccs2100\ccs\tools\compiler\ti-cgt-armllvm_5.1.1.LTS\lib\armv6m-ti-none-eabi/c/libsysbm.a
       hostexit.c.obj                 4       0         0      
    +--+------------------------------+-------+---------+---------+
       Total:                         4       0         0      
                                                               
    C:\ti\ccs2100\ccs\tools\compiler\ti-cgt-armllvm_5.1.1.LTS\lib\armv6m-ti-none-eabi/libclang_rt.builtins.a
       aeabi_uidivmod.S.obj           64      0         0      
       aeabi_memset.S.obj             26      0         0      
       aeabi_memcpy.S.obj             8       0         0      
       aeabi_div0.c.obj               2       0         0      
    +--+------------------------------+-------+---------+---------+
       Total:                         100     0         0      
                                                               
       Stack:                         0       0         256    
       Linker Generated:              0       45        0      
    +--+------------------------------+-------+---------+---------+
       Grand Total:                   41042   5596      1668   


LINKER GENERATED COPY TABLES

__TI_cinit_table @ 0000b640 records: 2, size/record: 8, table size: 16
	.data: load addr=0000b62c, load size=00000009 bytes, run addr=20200308, run size=0000027c bytes, compression=lzss
	.bss: load addr=0000b638, load size=00000008 bytes, run addr=20200000, run size=00000308 bytes, compression=zero_init


LINKER GENERATED HANDLER TABLE

__TI_handler_table @ 0000b620 records: 3, size/record: 4, table size: 12
	index: 0, handler: __TI_decompress_lzss
	index: 1, handler: __TI_decompress_none
	index: 2, handler: __TI_zero_init


GLOBAL SYMBOLS: SORTED ALPHABETICALLY BY Name 

address   name                                                                                        
-------   ----                                                                                        
00007e9f  ADC0_IRQHandler                                                                             
00007e9f  ADC1_IRQHandler                                                                             
00007e9f  AESADV_IRQHandler                                                                           
0000a110  C$$EXIT                                                                                     
00007e9f  CANFD0_IRQHandler                                                                           
00007e9f  CANFD1_IRQHandler                                                                           
00007e9f  DAC0_IRQHandler                                                                             
0000a0d1  DL_Common_delayCycles                                                                       
00008bc9  DL_I2C_fillControllerTXFIFO                                                                 
00009655  DL_I2C_flushControllerRXFIFO                                                                
00009375  DL_I2C_flushControllerTXFIFO                                                                
000099a9  DL_I2C_setClockConfig                                                                       
000090e5  DL_SPI_init                                                                                 
00009a99  DL_SPI_receiveDataCheck8                                                                    
00009de5  DL_SPI_setClockConfig                                                                       
00009ab5  DL_SPI_transmitDataCheck8                                                                   
00008fc5  DL_UART_init                                                                                
00009df7  DL_UART_setClockConfig                                                                      
00009685  DL_UART_transmitDataBlocking                                                                
00007e9f  DMA_IRQHandler                                                                              
00007e9f  Default_Handler                                                                             
00007e9f  GROUP0_IRQHandler                                                                           
00007e9f  GROUP1_IRQHandler                                                                           
0000a111  HOSTexit                                                                                    
00007e9f  HardFault_Handler                                                                           
00007e9f  I2C0_IRQHandler                                                                             
00007e9f  I2C1_IRQHandler                                                                             
00007e9f  I2C2_IRQHandler                                                                             
00007e9f  LFSS_IRQHandler                                                                             
00007e9f  NMI_Handler                                                                                 
00007e9f  PendSV_Handler                                                                              
0000a115  Reset_Handler                                                                               
00007e9f  SPI0_IRQHandler                                                                             
00007e9f  SPI1_IRQHandler                                                                             
00007e9f  SPI2_IRQHandler                                                                             
00007e9f  SVC_Handler                                                                                 
00008189  SYSCFG_DL_DEBUG_UART_init                                                                   
00008d35  SYSCFG_DL_FRAM_I2C_init                                                                     
00006bd5  SYSCFG_DL_GPIO_init                                                                         
00008f79  SYSCFG_DL_IMU_SPI_init                                                                      
00008d89  SYSCFG_DL_INA219_I2C_init                                                                   
00008211  SYSCFG_DL_LORA_UART_init                                                                    
[...]
00008321  _ZN7drivers13LoraUart_InitEPNS_15LoraUartContextEPKNS_14LoraUartConfigE                     
000084a1  SYSCFG_DL_initPower                                                                         
0000851d  _ZN7drivers19LoraUart_IrqHandlerEPNS_15LoraUartContextE                                     
00008599  __TI_decompress_lzss                                                                        
00008689  _ZN7drivers22Ina219_ReadMeasurementEPNS_13Ina219ContextEPNS_17Ina219MeasurementE            
000086fd  UART5_IRQHandler                                                                            
00008769  _ZN7drivers26MotorDriverUart_IrqHandlerEPNS_22MotorDriverUartContextE                       
000087d5  _ZN8services21DebugUart_WriteStringEPKc                                                     
000089dd  _ZN5board22Board_ImuGetLineStatusEPNS_18BoardImuLineStatusE                                 
00008a41  _ZN7drivers14Fm24cl64b_InitEPNS_16Fm24cl64bContextEPKNS_15Fm24cl64bConfigE                  
00008aa5  memset                                                                                      
00008b07  _ZN8services8Log_InitEv                                                                     
00008b69  _ZN7drivers22LoraUart_ClearRxBufferEPNS_15LoraUartContextE                                  
00008bc9  DL_I2C_fillControllerTXFIFO                                                                 
00008c27  _ZN7drivers13Button_UpdateEPNS_13ButtonContextEj                                            
00008c85  _ZN7drivers17Ina219_SetAddressEPNS_13Ina219ContextEh                                        
00008cdd  _ZN7drivers20I2cDiag_GetBusStatusEPKNS_16I2cDiagBusConfigEPNS_16I2cDiagBusStatusE           
00008d35  SYSCFG_DL_FRAM_I2C_init                                                                     
00008d89  SYSCFG_DL_INA219_I2C_init                                                                   
00008e31  _ZN8services14DebugUart_InitEv                                                              
00008e85  main                                                                                        
00008ed7  __aeabi_idiv0                                                                               
00008ed9  _ZN5board16Board_Ina219InitEv                                                               
00008f29  _ZN5board27Board_ImuSetChipSelectDebugEbbbb                                                 
00008f79  SYSCFG_DL_IMU_SPI_init                                                                      
00008fc5  DL_UART_init                                                                                
0000900d  _ZN5board22Board_FramGetBusStatusEPjPbS1_                                                   
00009055  _ZN5board24Board_Ina219GetBusStatusEPjPbS1_                                                 
0000909d  _ZN8services18DebugUart_ReadByteEPh                                                         
000090e5  DL_SPI_init                                                                                 
00009129  _ZN5board13Board_ImuInitEv                                                                  
0000916d  _ZN7drivers19Ina219_GetBusStatusEPNS_13Ina219ContextEPNS_15Ina219BusStatusE                 
000091b1  _ZN7drivers22Fm24cl64b_GetBusStatusEPNS_16Fm24cl64bContextEPNS_18Fm24cl64bBusStatusE        
00009275  _ZN7drivers17LoraUart_ReadByteEPNS_15LoraUartContextEPh                                     
000092b5  _ZN7drivers24MotorDriverUart_ReadByteEPNS_22MotorDriverUartContextEPh                       
000092f5  __aeabi_uidiv                                                                               
000092f5  __aeabi_uidivmod                                                                            
00009335  _ZN7drivers11Button_InitEPNS_13ButtonContextEPKNS_12ButtonConfigE                           
00009375  DL_I2C_flushControllerTXFIFO                                                                
000093ed  _ZN5board17Board_ButtonsInitEv                                                              
00009429  _ZN7drivers23Ina219_ConfigureDefaultEPNS_13Ina219ContextE                                   
00009465  __TI_auto_init_nobinit_nopinit                                                              
000094a1  _ZN7drivers11Buzzer_InitEPNS_13BuzzerContextEPKNS_12BuzzerConfigE                           
000094d9  _ZN7drivers14Button_ReadRawEPNS_13ButtonContextEPb                                          
00009511  _ZN7drivers19Ina219_ProbeAddressEPNS_13Ina219ContextEhPt                                    
00009549  _ZN7drivers8Led_InitEPNS_10LedContextEPKNS_9LedConfigE                                      
00009581  _ZN8services9Time_InitEv                                                                    
000095b9  SYSCFG_DL_init                                                                              
000095ed  _ZN3app8App_InitEv                                                                          
00009621  _ZN5board19Board_ButtonsUpdateEj                                                            
00009655  DL_I2C_flushControllerRXFIFO                                                                
00009685  DL_UART_transmitDataBlocking                                                                
000096b5  SYSCFG_DL_SYSCTL_init                                                                       
00009715  _ZN7drivers10Buzzer_OffEPNS_13BuzzerContextE                                                
00009745  _ZN7drivers6Led_OnEPNS_10LedContextE                                                        
00009775  _ZN7drivers7Led_OffEPNS_10LedContextE                                                       
000097a5  _ZN7drivers9Buzzer_OnEPNS_13BuzzerContextE                                                  
000097d5  _ZN7drivers19Ina219_ReadRegisterEPNS_13Ina219ContextEhPt                                    
00009803  _ZN7drivers20Ina219_WriteRegisterEPNS_13Ina219ContextEht                                    
00009831  _ZN7drivers28LoraUart_GetControllerStatusEPKNS_15LoraUartContextEPj                         
0000985d  _ZN7drivers35MotorDriverUart_GetControllerStatusEPKNS_22MotorDriverUartContextEPj           
00009889  _ZN7drivers12Ina219_ResetEPNS_13Ina219ContextE                                              
000098b3  _ZN7drivers23LoraUart_GetRxAvailableEPKNS_15LoraUartContextE                                
000098dd  _ZN7drivers30MotorDriverUart_GetRxAvailableEPKNS_22MotorDriverUartContextE                  
00009931  _ZN5board14Board_LoraInitEv                                                                 
00009959  _ZN5board21Board_MotorDriverInitEv                                                          
00009981  _c_int00_noargs                                                                             
000099a9  DL_I2C_setClockConfig                                                                       
000099f5  _ZN5board10Board_InitEv                                                                     
00009a19  _ZN7drivers17Button_WasPressedEPNS_13ButtonContextE                                         
00009a3b  _ZN7drivers18Button_WasReleasedEPNS_13ButtonContextE                                        
00009a5d  _ZN7drivers17Ina219_GetAddressEPKNS_13Ina219ContextE                                        
00009a7b  _ZN7drivers21Ina219_GetCalibrationEPKNS_13Ina219ContextE                                    
00009a99  DL_SPI_receiveDataCheck8                                                                    
00009ab5  DL_SPI_transmitDataCheck8                                                                   
00009ad1  _ZN3app7App_RunEv                                                                           
00009aed  _ZN5board19Board_ButtonReadRawENS_13BoardButtonIdEPb                                        
00009b09  _ZN5board21Board_ButtonIsPressedENS_13BoardButtonIdE                                        
00009b25  _ZN5board22Board_ButtonWasPressedENS_13BoardButtonIdE                                       
00009b41  _ZN5board23Board_ButtonWasReleasedENS_13BoardButtonIdE                                      
00009b5d  _ZN7drivers14Ina219_IsReadyEPKNS_13Ina219ContextE                                           
00009b79  _ZN7drivers17Fm24cl64b_IsReadyEPKNS_16Fm24cl64bContextE                                     
00009b95  _ZN8services19DebugUart_WriteCharEc                                                         
00009bb1  _ZN7drivers16Button_IsPressedEPKNS_13ButtonContextE                                         
00009bcd  __aeabi_memset                                                                              
00009bcd  __aeabi_memset4                                                                             
00009bcd  __aeabi_memset8                                                                             
00009bdb  __aeabi_memclr                                                                              
00009bdb  __aeabi_memclr4                                                                             
00009bdb  __aeabi_memclr8                                                                             
00009be9  _ZN5board15Board_I2cBusGetEj                                                                
00009c01  _ZN5board19Board_ButtonGetNameENS_13BoardButtonIdE                                          
00009c19  _ZN7drivers20LoraUart_GetBaudrateEPKNS_15LoraUartContextE                                   
00009c31  _ZN7drivers27MotorDriverUart_GetBaudrateEPKNS_22MotorDriverUartContextE                     
00009c5f  _ZN7drivers11Led_IsReadyEPKNS_10LedContextE                                                 
00009c75  _ZN7drivers14Buzzer_IsReadyEPKNS_13BuzzerContextE                                           
00009c8b  _ZN7drivers16LoraUart_IsReadyEPKNS_15LoraUartContextE                                       
00009ca1  _ZN7drivers23MotorDriverUart_IsReadyEPKNS_22MotorDriverUartContextE                         
00009cb7  __TI_zero_init_nomemset                                                                     
00009ccd  _ZN5board14Board_FramInitEv                                                                 
00009ce1  _ZN5board14Board_FramReadEtPht                                                              
00009cf5  _ZN5board15Board_LoraWriteEPKht                                                             
00009d09  _ZN5board16Board_BuzzerInitEv                                                               
00009d1d  _ZN5board18Board_FramReadByteEtPh                                                           
00009d31  _ZN5board18Board_FramSelfTestEv                                                             
00009d45  _ZN5board19Board_FramWriteByteEth                                                           
00009d59  _ZN5board19Board_StatusLedInitEv                                                            
00009d6d  _ZN5board22Board_MotorDriverWriteEPKht                                                      
00009d81  _ZN5board24Board_Ina219ProbeAddressEhPt                                                     
00009d95  _ZN5board24Board_Ina219ReadRegisterEhPt                                                     
00009da9  _ZN5board25Board_Ina219WriteRegisterEht                                                     
00009dbd  _ZN7drivers19Fm24cl64b_WriteByteEPNS_16Fm24cl64bContextEth                                  
00009dd1  _ZN8services15Shell_WriteLineEPKc                                                           
00009de5  DL_SPI_setClockConfig                                                                       
00009df7  DL_UART_setClockConfig                                                                      
00009e09  __TI_decompress_none                                                                        
00009e1d  SysTick_Handler                                                                             
00009e2d  UART0_IRQHandler                                                                            
00009e3d  UART1_IRQHandler                                                                            
00009e5d  _ZN5board14Board_BuzzerOnEv                                                                 
00009e6d  _ZN5board15Board_BuzzerOffEv                                                                
00009e7d  _ZN5board17Board_FramIsReadyEv                                                              
00009e8d  _ZN5board17Board_Ina219ResetEv                                                              
00009e9d  _ZN5board17Board_LoraIsReadyEv                                                              
00009ead  _ZN5board17Board_StatusLedOnEv                                                              
00009ebd  _ZN5board18Board_LoraReadByteEPh                                                            
00009ecd  _ZN5board18Board_StatusLedOffEv                                                             
00009edd  _ZN5board19Board_BuzzerIsReadyEv                                                            
00009eed  _ZN5board19Board_Ina219IsReadyEv                                                            
00009efd  _ZN5board19Board_LoraWriteByteEh                                                            
00009f0d  _ZN5board20Board_FramRecoverBusEv                                                           
00009f1d  _ZN5board21Board_LoraGetBaudrateEv                                                          
00009f2d  _ZN5board22Board_Ina219GetAddressEv                                                         
00009f3d  _ZN5board22Board_Ina219RecoverBusEv                                                         
00009f4d  _ZN5board22Board_Ina219SetAddressEh                                                         
00009f5d  _ZN5board22Board_StatusLedIsReadyEv                                                         
00009f6d  _ZN5board23Board_Ina219CalibrationEv                                                        
00009f7d  _ZN5board23Board_LoraClearRxBufferEv                                                        
00009f8d  _ZN5board24Board_LoraGetRxAvailableEv                                                       
00009f9d  _ZN5board24Board_MotorDriverIsReadyEv                                                       
00009fad  _ZN5board25Board_MotorDriverReadByteEPh                                                     
00009fbd  _ZN5board26Board_MotorDriverWriteByteEh                                                     
00009fcd  _ZN5board27Board_Ina219ReadMeasurementEPN7drivers17Ina219MeasurementE                       
00009fdd  _ZN5board27Board_LoraGetRxDroppedCountEv                                                    
00009fed  _ZN5board28Board_Ina219ConfigureDefaultEv                                                   
00009ffd  _ZN5board28Board_Ina219ReadRawRegistersEPN7drivers18Ina219RawRegistersE                     
0000a00d  _ZN5board28Board_MotorDriverGetBaudrateEv                                                   
0000a01d  _ZN5board29Board_LoraGetControllerStatusEPj                                                 
0000a02d  _ZN5board30Board_MotorDriverClearRxBufferEv                                                 
0000a03d  _ZN5board31Board_MotorDriverGetRxAvailableEv                                                
0000a04d  _ZN5board34Board_MotorDriverGetRxDroppedCountEv                                             
0000a05d  _ZN5board36Board_MotorDriverGetControllerStatusEPj                                          
0000a06d  _ZN8services9Fault_SetENS_9FaultCodeE                                                       
0000a07d  _ZN5board16Board_ImuIsReadyEv                                                               
0000a089  _ZN7drivers26LoraUart_GetRxDroppedCountEPKNS_15LoraUartContextE                             
0000a095  _ZN7drivers33MotorDriverUart_GetRxDroppedCountEPKNS_22MotorDriverUartContextE               
0000a0a1  _ZN8services10Fault_InitEv                                                                  
0000a0ad  _ZN8services11Time_MillisEv                                                                 
0000a0b9  _ZN8services17DebugUart_IsReadyEv                                                           
0000a0c5  _ZN8services9Fault_GetEv                                                                    
0000a0d1  DL_Common_delayCycles                                                                       
0000a0db  _ZN7drivers18Fm24cl64b_ReadByteEPNS_16Fm24cl64bContextEtPh                                  
0000a0e5  _ZN8services15Shell_WriteCharEc                                                             
0000a0ed  _ZN8services17Shell_WriteStringEPKc                                                         
0000a0f5  _ZN8services17Shell_WriteUInt32Ej                                                           
0000a0fd  __aeabi_memcpy                                                                              
0000a0fd  __aeabi_memcpy4                                                                             
0000a0fd  __aeabi_memcpy8                                                                             
0000a105  _ZN5board23Board_FramCapacityBytesEv                                                        
0000a10b  abort                                                                                       
0000a110  C$$EXIT                                                                                     
0000a111  HOSTexit                                                                                    
0000a115  Reset_Handler                                                                               
0000a119  _ZN5board17Board_I2cBusCountEv                                                              
0000a11d  _system_pre_init                                                                            
0000b620  __TI_Handler_Table_Base                                                                     
0000b62c  __TI_Handler_Table_Limit                                                                    
0000b640  __TI_CINIT_Base                                                                             
0000b650  __TI_CINIT_Limit                                                                            
0000b650  __TI_CINIT_Warm                                                                             
20200000  __start___llvm_prf_bits                                                                     
20200000  __start___llvm_prf_cnts                                                                     
20200000  __stop___llvm_prf_bits                                                                      
20200000  __stop___llvm_prf_cnts                                                                      
202002e0  gIMU_SPIBackup                                                                              
2020ff00  __stack                                                                                     
20210000  __STACK_END                                                                                 
ffffffff  __TI_pprof_out_hndl                                                                         
ffffffff  __TI_prof_data_size                                                                         
ffffffff  __TI_prof_data_start                                                                        
ffffffff  __binit__                                                                                   
ffffffff  binit                                                                                       
UNDEFED   __mpu_init                                                                                  
UNDEFED   _system_post_cinit                                                                          

[279 symbols]
