******************************************************************************
            TI ARM Clang Linker PC v5.1.1                      
******************************************************************************
>> Linked Thu Jul  2 22:58:56 2026

OUTPUT FILE NAME:   <gugaPI.out>
ENTRY POINT SYMBOL: "_c_int00_noargs"  address: 00007765


MEMORY CONFIGURATION

         name            origin    length      used     unused   attr    fill
----------------------  --------  ---------  --------  --------  ----  --------
  FLASH                 00000000   00080000  00008eb0  00077150  R  X
  SRAM_BANK0            20200000   00010000  0000065b  0000f9a5  RW X
  SRAM_BANK1            20210000   00010000  00000000  00010000  RW X
  BCR_CONFIG            41c00000   000000ff  00000000  000000ff  R   
  BSL_CONFIG            41c00100   00000080  00000000  00000080  R   
  DATA                  41d00000   00004000  00000000  00004000  R   


SEGMENT ALLOCATION MAP

run origin  load origin   length   init length attrs members
----------  ----------- ---------- ----------- ----- -------
00000000    00000000    00008eb0   00008eb0    r-x
  00000000    00000000    000000c0   000000c0    r-- .intvecs
  000000c0    000000c0    00007e10   00007e10    r-x .text
  00007ed0    00007ed0    00000fb0   00000fb0    r-- .rodata
  00008e80    00008e80    00000030   00000030    r-- .cinit
20200000    20200000    0000055b   00000000    rw-
  20200000    20200000    000002e0   00000000    rw- .bss
  202002e0    202002e0    0000027b   00000000    rw- .data
2020ff00    2020ff00    00000100   00000000    rw-
  2020ff00    2020ff00    00000100   00000000    rw- .stack


SECTION ALLOCATION MAP

 output                                  attributes/
section   page    origin      length       input sections
--------  ----  ----------  ----------   ----------------
.intvecs   0    00000000    000000c0     
                  00000000    000000c0     startup_mspm0g351x_ticlang.o (.intvecs)

.text      0    000000c0    00007e10     
                  000000c0    00000f1c     app_shell.o (.text._ZN3app12_GLOBAL__N_112MotorCommandEiPKPKc)
                  00000fdc    000008c0     app_shell.o (.text._ZN3app12_GLOBAL__N_113Ina219CommandEiPKPKc)
                  0000189c    00000880     app_shell.o (.text._ZN3app12_GLOBAL__N_111LoraCommandEiPKPKc)
                  0000211c    00000724     app_shell.o (.text._ZN3app12_GLOBAL__N_110I2cCommandEiPKPKc)
                  00002840    00000474     shell.o (.text._ZN8services12_GLOBAL__N_113HandleLineEndEv)
                  00002cb4    00000430     app_shell.o (.text._ZN3app12_GLOBAL__N_111FramCommandEiPKPKc)
                  000030e4    0000032c     app_shell.o (.text._ZN3app12_GLOBAL__N_112MotorRequestEhhPKhhPNS0_18MotorProtocolFrameE)
                  00003410    00000238     i2c_diag.o (.text._ZN7drivers16I2cDiag_ReadReg8EPKNS_16I2cDiagBusConfigEhhPht)
                  00003648    00000230     app_shell.o (.text._ZN3app12_GLOBAL__N_113ButtonCommandEiPKPKc)
                  00003878    00000224     fm24cl64b.o (.text._ZN7drivers14Fm24cl64b_ReadEPNS_16Fm24cl64bContextEtPht)
                  00003a9c    000001e0     ina219.o (.text._ZN7drivers17Ina219_RecoverBusEPNS_13Ina219ContextE)
                  00003c7c    000001e0     fm24cl64b.o (.text._ZN7drivers20Fm24cl64b_RecoverBusEPNS_16Fm24cl64bContextE)
                  00003e5c    000001d0     fm24cl64b.o (.text._ZN7drivers15Fm24cl64b_WriteEPNS_16Fm24cl64bContextEtPKht)
                  0000402c    000001d0     i2c_diag.o (.text._ZN7drivers18I2cDiag_RecoverBusEPKNS_16I2cDiagBusConfigE)
                  000041fc    000001c8     i2c_diag.o (.text._ZN7drivers17I2cDiag_WriteReg8EPKNS_16I2cDiagBusConfigEhhPKht)
                  000043c4    000001b0     scheduler.o (.text._ZN8services13Scheduler_RunEv)
                  00004574    000001a4     ina219.o (.text._ZN7drivers12_GLOBAL__N_120ReadRegisterInternalEPNS_13Ina219ContextEhPt)
                  00004718    00000188     i2c_diag.o (.text._ZN7drivers20I2cDiag_ProbeAddressEPKNS_16I2cDiagBusConfigEh)
                  000048a0    00000170     app_shell.o (.text._ZN3app12_GLOBAL__N_113ParseI2cRangeEiPKPKchPhS5_)
                  00004a10    00000148     app_shell.o (.text._ZN3app12_GLOBAL__N_114PrintI2cStatusEPKN7drivers16I2cDiagBusConfigE)
                  00004b58    00000140     debug_uart.o (.text._ZN8services21DebugUart_WriteUInt32Ej)
                  00004c98    0000013c     app_shell.o (.text._ZN3app12_GLOBAL__N_110I2cScanBusEPKN7drivers16I2cDiagBusConfigEhhb)
                  00004dd4    00000120     ina219.o (.text._ZN7drivers12_GLOBAL__N_121WriteRegisterInternalEPNS_13Ina219ContextEht)
                  00004ef4    0000010c     app_shell.o (.text._ZN3app25AppShell_RegisterCommandsEv)
                  00005000    00000108     app_shell.o (.text._ZN3app12_GLOBAL__N_119PrintMotorFrameDataEPKcRKNS0_18MotorProtocolFrameE)
                  00005108    00000100     shell.o (.text._ZN8services10Shell_InitEv)
                  00005208    000000e0     app_shell.o (.text._ZN3app12_GLOBAL__N_110LedCommandEiPKPKc)
                  000052e8    000000e0     app_shell.o (.text._ZN3app12_GLOBAL__N_113BuzzerCommandEiPKPKc)
                  000053c8    000000e0     scheduler.o (.text._ZN8services17Scheduler_AddTaskEPKcPFvvEjjPh)
                  000054a8    000000d4     shell.o (.text._ZN8services21Shell_RegisterCommandEPKcS1_PFviPKS1_E)
                  0000557c    000000c8     ina219.o (.text._ZN7drivers11Ina219_InitEPNS_13Ina219ContextEPKNS_12Ina219ConfigE)
                  00005644    000000c8     lora.o (.text._ZN7drivers14LoraUart_WriteEPNS_15LoraUartContextEPKht)
                  0000570c    000000c8     motor_driver_uart.o (.text._ZN7drivers21MotorDriverUart_WriteEPNS_22MotorDriverUartContextEPKht)
                  000057d4    000000bc     ti_msp_dl_config.o (.text.SYSCFG_DL_GPIO_init)
                  00005890    000000b8     ina219.o (.text._ZN7drivers12_GLOBAL__N_113ReleaseI2cBusEPKNS_12Ina219ConfigE)
                  00005948    000000b8     i2c_diag.o (.text._ZN7drivers12_GLOBAL__N_113ReleaseI2cBusEPKNS_16I2cDiagBusConfigE)
                  00005a00    000000b0     app_shell.o (.text._ZN3app12_GLOBAL__N_110WriteHex32Ej)
                  00005ab0    000000b0     board_i2c_bus.o (.text._ZN5board16Board_I2cBusFindEPKc)
                  00005b60    000000b0     scheduler.o (.text._ZN8services14Scheduler_InitEv)
                  00005c10    000000ac     app_shell.o (.text._ZN3app12_GLOBAL__N_110PwmCommandEiPKPKc)
                  00005cbc    000000a4     fm24cl64b.o (.text._ZN7drivers18Fm24cl64b_SelfTestEPNS_16Fm24cl64bContextEt)
                  00005d60    0000009c     app_shell.o (.text._ZN3app12_GLOBAL__N_111ParseUint32EPKcjPj)
                  00005dfc    0000009c     app_shell.o (.text._ZN3app12_GLOBAL__N_115PrintMotorUsageEv)
                  00005e98    0000009a     libc.a : memcpy16.S.obj (.text:memcpy)
                  00005f32    00000002     startup_mspm0g351x_ticlang.o (.text.Default_Handler)
                  00005f34    00000094     lora.o (.text._ZN7drivers18LoraUart_WriteByteEPNS_15LoraUartContextEh)
                  00005fc8    00000094     motor_driver_uart.o (.text._ZN7drivers25MotorDriverUart_WriteByteEPNS_22MotorDriverUartContextEh)
                  0000605c    00000094     shell.o (.text._ZN8services13Shell_ProcessEv)
                  000060f0    00000092     ina219.o (.text._ZN7drivers23Ina219_ReadRawRegistersEPNS_13Ina219ContextEPNS_18Ina219RawRegistersE)
                  00006182    00000002     board.o (.text._ZN5board14Board_LateInitEv)
                  00006184    00000088     ti_msp_dl_config.o (.text.SYSCFG_DL_DEBUG_UART_init)
                  0000620c    00000088     ti_msp_dl_config.o (.text.SYSCFG_DL_LORA_UART_init)
                  00006294    00000088     ti_msp_dl_config.o (.text.SYSCFG_DL_MOTOR_UART_init)
                  0000631c    00000084     lora.o (.text._ZN7drivers13LoraUart_InitEPNS_15LoraUartContextEPKNS_14LoraUartConfigE)
                  000063a0    00000084     motor_driver_uart.o (.text._ZN7drivers20MotorDriverUart_InitEPNS_22MotorDriverUartContextEPKNS_21MotorDriverUartConfigE)
                  00006424    0000007e     app_shell.o (.text._ZN3app12_GLOBAL__N_113LoraWriteArgsEiPKPKcbPt)
                  000064a2    0000007e     app_shell.o (.text._ZN3app12_GLOBAL__N_114MotorWriteArgsEiPKPKcbPt)
                  00006520    0000007c     lora.o (.text._ZN7drivers19LoraUart_IrqHandlerEPNS_15LoraUartContextE)
                  0000659c    0000007c     motor_driver_uart.o (.text._ZN7drivers26MotorDriverUart_IrqHandlerEPNS_22MotorDriverUartContextE)
                  00006618    0000007c     libc.a : copy_decompress_lzss.c.obj (.text:decompress:lzss)
                  00006694    00000074     ina219.o (.text._ZN7drivers22Ina219_ReadMeasurementEPNS_13Ina219ContextEPNS_17Ina219MeasurementE)
                  00006708    00000070     ti_msp_dl_config.o (.text.SYSCFG_DL_initPower)
                  00006778    0000006c     debug_uart.o (.text.UART5_IRQHandler)
                  000067e4    0000006c     debug_uart.o (.text._ZN8services21DebugUart_WriteStringEPKc)
                  00006850    00000068     app_shell.o (.text._ZN3app12_GLOBAL__N_116PrintIna219UsageEv)
                  000068b8    00000064     app_shell.o (.text._ZN3app12_GLOBAL__N_110WriteHex16Et)
                  0000691c    00000064     fm24cl64b.o (.text._ZN7drivers14Fm24cl64b_InitEPNS_16Fm24cl64bContextEPKNS_15Fm24cl64bConfigE)
                  00006980    00000062     libc.a : memset16.S.obj (.text:memset)
                  000069e2    00000002     log.o (.text._ZN8services8Log_InitEv)
                  000069e4    00000060     app_shell.o (.text._ZN3app12_GLOBAL__N_113PrintI2cUsageEv)
                  00006a44    00000060     lora.o (.text._ZN7drivers22LoraUart_ClearRxBufferEPNS_15LoraUartContextE)
                  00006aa4    00000060     motor_driver_uart.o (.text._ZN7drivers29MotorDriverUart_ClearRxBufferEPNS_22MotorDriverUartContextE)
                  00006b04    0000005e     driverlib.a : dl_i2c.o (.text.DL_I2C_fillControllerTXFIFO)
                  00006b62    0000005e     button.o (.text._ZN7drivers13Button_UpdateEPNS_13ButtonContextEj)
                  00006bc0    00000058     ina219.o (.text._ZN7drivers17Ina219_SetAddressEPNS_13Ina219ContextEh)
                  00006c18    00000058     i2c_diag.o (.text._ZN7drivers20I2cDiag_GetBusStatusEPKNS_16I2cDiagBusConfigEPNS_16I2cDiagBusStatusE)
                  00006c70    00000054     ti_msp_dl_config.o (.text.SYSCFG_DL_FRAM_I2C_init)
                  00006cc4    00000054     ti_msp_dl_config.o (.text.SYSCFG_DL_INA219_I2C_init)
                  00006d18    00000054     app_shell.o (.text._ZN3app12_GLOBAL__N_114PrintLoraUsageEv)
                  00006d6c    00000054     debug_uart.o (.text._ZN8services14DebugUart_InitEv)
                  00006dc0    00000052     empty_cpp.o (.text.main)
                  00006e12    00000002     libclang_rt.builtins.a : aeabi_div0.c.obj (.text.__aeabi_idiv0)
                  00006e14    00000050     board_ina219.o (.text._ZN5board16Board_Ina219InitEv)
                  00006e64    00000048     driverlib.a : dl_uart.o (.text.DL_UART_init)
                  00006eac    00000048     board_fram.o (.text._ZN5board22Board_FramGetBusStatusEPjPbS1_)
                  00006ef4    00000048     board_ina219.o (.text._ZN5board24Board_Ina219GetBusStatusEPjPbS1_)
                  00006f3c    00000048     debug_uart.o (.text._ZN8services18DebugUart_ReadByteEPh)
                  00006f84    00000044     ina219.o (.text._ZN7drivers19Ina219_GetBusStatusEPNS_13Ina219ContextEPNS_15Ina219BusStatusE)
                  00006fc8    00000044     fm24cl64b.o (.text._ZN7drivers22Fm24cl64b_GetBusStatusEPNS_16Fm24cl64bContextEPNS_18Fm24cl64bBusStatusE)
                  0000700c    00000040     app_shell.o (.text._ZN3app12_GLOBAL__N_114PrintFramUsageEv)
                  0000704c    00000040     app_shell.o (.text._ZN3app12_GLOBAL__N_114VersionCommandEiPKPKc)
                  0000708c    00000040     lora.o (.text._ZN7drivers17LoraUart_ReadByteEPNS_15LoraUartContextEPh)
                  000070cc    00000040     motor_driver_uart.o (.text._ZN7drivers24MotorDriverUart_ReadByteEPNS_22MotorDriverUartContextEPh)
                  0000710c    00000040     libclang_rt.builtins.a : aeabi_uidivmod.S.obj (.text)
                  0000714c    0000003e     button.o (.text._ZN7drivers11Button_InitEPNS_13ButtonContextEPKNS_12ButtonConfigE)
                  0000718a    00000002     --HOLE-- [fill = 0]
                  0000718c    0000003c     driverlib.a : dl_i2c.o (.text.DL_I2C_flushControllerTXFIFO)
                  000071c8    0000003c     app_shell.o (.text._ZN3app12_GLOBAL__N_19WriteHex8Eh)
                  00007204    0000003c     board_button.o (.text._ZN5board17Board_ButtonsInitEv)
                  00007240    0000003c     ina219.o (.text._ZN7drivers23Ina219_ConfigureDefaultEPNS_13Ina219ContextE)
                  0000727c    0000003c     libc.a : autoinit.c.obj (.text:__TI_auto_init_nobinit_nopinit)
                  000072b8    00000038     buzzer.o (.text._ZN7drivers11Buzzer_InitEPNS_13BuzzerContextEPKNS_12BuzzerConfigE)
                  000072f0    00000038     button.o (.text._ZN7drivers14Button_ReadRawEPNS_13ButtonContextEPb)
                  00007328    00000038     ina219.o (.text._ZN7drivers19Ina219_ProbeAddressEPNS_13Ina219ContextEhPt)
                  00007360    00000038     led.o (.text._ZN7drivers8Led_InitEPNS_10LedContextEPKNS_9LedConfigE)
                  00007398    00000038     time.o (.text._ZN8services9Time_InitEv)
                  000073d0    00000034     app_main.o (.text._ZN3app8App_InitEv)
                  00007404    00000034     board_button.o (.text._ZN5board19Board_ButtonsUpdateEj)
                  00007438    00000030     driverlib.a : dl_i2c.o (.text.DL_I2C_flushControllerRXFIFO)
                  00007468    00000030                 : dl_uart.o (.text.DL_UART_transmitDataBlocking)
                  00007498    00000030     ti_msp_dl_config.o (.text.SYSCFG_DL_SYSCTL_init)
                  000074c8    00000030     app_shell.o (.text._ZN3app12_GLOBAL__N_115WriteStatusLineEPKcN7drivers12DriverStatusE)
                  000074f8    00000030     buzzer.o (.text._ZN7drivers10Buzzer_OffEPNS_13BuzzerContextE)
                  00007528    00000030     led.o (.text._ZN7drivers6Led_OnEPNS_10LedContextE)
                  00007558    00000030     led.o (.text._ZN7drivers7Led_OffEPNS_10LedContextE)
                  00007588    00000030     buzzer.o (.text._ZN7drivers9Buzzer_OnEPNS_13BuzzerContextE)
                  000075b8    0000002e     ina219.o (.text._ZN7drivers19Ina219_ReadRegisterEPNS_13Ina219ContextEhPt)
                  000075e6    0000002c     ina219.o (.text._ZN7drivers20Ina219_WriteRegisterEPNS_13Ina219ContextEht)
                  00007612    00000002     --HOLE-- [fill = 0]
                  00007614    0000002c     lora.o (.text._ZN7drivers28LoraUart_GetControllerStatusEPKNS_15LoraUartContextEPj)
                  00007640    0000002c     motor_driver_uart.o (.text._ZN7drivers35MotorDriverUart_GetControllerStatusEPKNS_22MotorDriverUartContextEPj)
                  0000766c    0000002a     ina219.o (.text._ZN7drivers12Ina219_ResetEPNS_13Ina219ContextE)
                  00007696    0000002a     lora.o (.text._ZN7drivers23LoraUart_GetRxAvailableEPKNS_15LoraUartContextE)
                  000076c0    0000002a     motor_driver_uart.o (.text._ZN7drivers30MotorDriverUart_GetRxAvailableEPKNS_22MotorDriverUartContextE)
                  000076ea    00000002     --HOLE-- [fill = 0]
                  000076ec    00000028     app_shell.o (.text._ZN3app12_GLOBAL__N_112ResetCommandEiPKPKc)
                  00007714    00000028     board_lora.o (.text._ZN5board14Board_LoraInitEv)
                  0000773c    00000028     board_motor_driver.o (.text._ZN5board21Board_MotorDriverInitEv)
                  00007764    00000028     libc.a : boot_cortex_m.c.obj (.text:_c_int00_noargs)
                  0000778c    00000026     driverlib.a : dl_i2c.o (.text.DL_I2C_setClockConfig)
                  000077b2    00000024     ti_msp_dl_config.o (.text.SYSCFG_DL_init)
                  000077d6    00000002     --HOLE-- [fill = 0]
                  000077d8    00000024     app_shell.o (.text._ZN3app12_GLOBAL__N_110WriteInt32Ei)
                  000077fc    00000022     button.o (.text._ZN7drivers17Button_WasPressedEPNS_13ButtonContextE)
                  0000781e    00000022     button.o (.text._ZN7drivers18Button_WasReleasedEPNS_13ButtonContextE)
                  00007840    00000020     board.o (.text._ZN5board10Board_InitEv)
                  00007860    0000001e     ina219.o (.text._ZN7drivers17Ina219_GetAddressEPKNS_13Ina219ContextE)
                  0000787e    0000001e     ina219.o (.text._ZN7drivers21Ina219_GetCalibrationEPKNS_13Ina219ContextE)
                  0000789c    0000001c     app_main.o (.text._ZN3app7App_RunEv)
                  000078b8    0000001c     board_button.o (.text._ZN5board19Board_ButtonReadRawENS_13BoardButtonIdEPb)
                  000078d4    0000001c     board_button.o (.text._ZN5board21Board_ButtonIsPressedENS_13BoardButtonIdE)
                  000078f0    0000001c     board_button.o (.text._ZN5board22Board_ButtonWasPressedENS_13BoardButtonIdE)
                  0000790c    0000001c     board_button.o (.text._ZN5board23Board_ButtonWasReleasedENS_13BoardButtonIdE)
                  00007928    0000001c     ina219.o (.text._ZN7drivers14Ina219_IsReadyEPKNS_13Ina219ContextE)
                  00007944    0000001c     fm24cl64b.o (.text._ZN7drivers17Fm24cl64b_IsReadyEPKNS_16Fm24cl64bContextE)
                  00007960    0000001c     debug_uart.o (.text._ZN8services19DebugUart_WriteCharEc)
                  0000797c    0000001a     button.o (.text._ZN7drivers16Button_IsPressedEPKNS_13ButtonContextE)
                  00007996    00000002     --HOLE-- [fill = 0]
                  00007998    0000001a     libclang_rt.builtins.a : aeabi_memset.S.obj (.text)
                  000079b2    00000002     --HOLE-- [fill = 0]
                  000079b4    00000018     board_i2c_bus.o (.text._ZN5board15Board_I2cBusGetEj)
                  000079cc    00000018     board_button.o (.text._ZN5board19Board_ButtonGetNameENS_13BoardButtonIdE)
                  000079e4    00000018     lora.o (.text._ZN7drivers20LoraUart_GetBaudrateEPKNS_15LoraUartContextE)
                  000079fc    00000018     motor_driver_uart.o (.text._ZN7drivers27MotorDriverUart_GetBaudrateEPKNS_22MotorDriverUartContextE)
                  00007a14    00000016     app_main.o (.text._ZN12_GLOBAL__N_118App_ButtonScanTaskEv)
                  00007a2a    00000016     led.o (.text._ZN7drivers11Led_IsReadyEPKNS_10LedContextE)
                  00007a40    00000016     buzzer.o (.text._ZN7drivers14Buzzer_IsReadyEPKNS_13BuzzerContextE)
                  00007a56    00000016     lora.o (.text._ZN7drivers16LoraUart_IsReadyEPKNS_15LoraUartContextE)
                  00007a6c    00000016     motor_driver_uart.o (.text._ZN7drivers23MotorDriverUart_IsReadyEPKNS_22MotorDriverUartContextE)
                  00007a82    00000016     libc.a : copy_zero_init.c.obj (.text:decompress:ZI:__TI_zero_init_nomemset)
                  00007a98    00000014     board_fram.o (.text._ZN5board14Board_FramInitEv)
                  00007aac    00000014     board_fram.o (.text._ZN5board14Board_FramReadEtPht)
                  00007ac0    00000014     board_lora.o (.text._ZN5board15Board_LoraWriteEPKht)
                  00007ad4    00000014     board_buzzer.o (.text._ZN5board16Board_BuzzerInitEv)
                  00007ae8    00000014     board_fram.o (.text._ZN5board18Board_FramReadByteEtPh)
                  00007afc    00000014     board_fram.o (.text._ZN5board18Board_FramSelfTestEv)
                  00007b10    00000014     board_fram.o (.text._ZN5board19Board_FramWriteByteEth)
                  00007b24    00000014     board_led.o (.text._ZN5board19Board_StatusLedInitEv)
                  00007b38    00000014     board_motor_driver.o (.text._ZN5board22Board_MotorDriverWriteEPKht)
                  00007b4c    00000014     board_ina219.o (.text._ZN5board24Board_Ina219ProbeAddressEhPt)
                  00007b60    00000014     board_ina219.o (.text._ZN5board24Board_Ina219ReadRegisterEhPt)
                  00007b74    00000014     board_ina219.o (.text._ZN5board25Board_Ina219WriteRegisterEht)
                  00007b88    00000014     fm24cl64b.o (.text._ZN7drivers19Fm24cl64b_WriteByteEPNS_16Fm24cl64bContextEth)
                  00007b9c    00000014     shell.o (.text._ZN8services15Shell_WriteLineEPKc)
                  00007bb0    00000012     driverlib.a : dl_uart.o (.text.DL_UART_setClockConfig)
                  00007bc2    00000012     libc.a : copy_decompress_none.c.obj (.text:decompress:none)
                  00007bd4    00000010     time.o (.text.SysTick_Handler)
                  00007be4    00000010     board_lora.o (.text.UART0_IRQHandler)
                  00007bf4    00000010     board_motor_driver.o (.text.UART1_IRQHandler)
                  00007c04    00000010     app_shell.o (.text._ZN3app12_GLOBAL__N_110AdcCommandEiPKPKc)
                  00007c14    00000010     board_buzzer.o (.text._ZN5board14Board_BuzzerOnEv)
                  00007c24    00000010     board_buzzer.o (.text._ZN5board15Board_BuzzerOffEv)
                  00007c34    00000010     board_fram.o (.text._ZN5board17Board_FramIsReadyEv)
                  00007c44    00000010     board_ina219.o (.text._ZN5board17Board_Ina219ResetEv)
                  00007c54    00000010     board_lora.o (.text._ZN5board17Board_LoraIsReadyEv)
                  00007c64    00000010     board_led.o (.text._ZN5board17Board_StatusLedOnEv)
                  00007c74    00000010     board_lora.o (.text._ZN5board18Board_LoraReadByteEPh)
                  00007c84    00000010     board_led.o (.text._ZN5board18Board_StatusLedOffEv)
                  00007c94    00000010     board_buzzer.o (.text._ZN5board19Board_BuzzerIsReadyEv)
                  00007ca4    00000010     board_ina219.o (.text._ZN5board19Board_Ina219IsReadyEv)
                  00007cb4    00000010     board_lora.o (.text._ZN5board19Board_LoraWriteByteEh)
                  00007cc4    00000010     board_fram.o (.text._ZN5board20Board_FramRecoverBusEv)
                  00007cd4    00000010     board_lora.o (.text._ZN5board21Board_LoraGetBaudrateEv)
                  00007ce4    00000010     board_ina219.o (.text._ZN5board22Board_Ina219GetAddressEv)
                  00007cf4    00000010     board_ina219.o (.text._ZN5board22Board_Ina219RecoverBusEv)
                  00007d04    00000010     board_ina219.o (.text._ZN5board22Board_Ina219SetAddressEh)
                  00007d14    00000010     board_led.o (.text._ZN5board22Board_StatusLedIsReadyEv)
                  00007d24    00000010     board_ina219.o (.text._ZN5board23Board_Ina219CalibrationEv)
                  00007d34    00000010     board_lora.o (.text._ZN5board23Board_LoraClearRxBufferEv)
                  00007d44    00000010     board_lora.o (.text._ZN5board24Board_LoraGetRxAvailableEv)
                  00007d54    00000010     board_motor_driver.o (.text._ZN5board24Board_MotorDriverIsReadyEv)
                  00007d64    00000010     board_motor_driver.o (.text._ZN5board25Board_MotorDriverReadByteEPh)
                  00007d74    00000010     board_motor_driver.o (.text._ZN5board26Board_MotorDriverWriteByteEh)
                  00007d84    00000010     board_ina219.o (.text._ZN5board27Board_Ina219ReadMeasurementEPN7drivers17Ina219MeasurementE)
                  00007d94    00000010     board_lora.o (.text._ZN5board27Board_LoraGetRxDroppedCountEv)
                  00007da4    00000010     board_ina219.o (.text._ZN5board28Board_Ina219ConfigureDefaultEv)
                  00007db4    00000010     board_ina219.o (.text._ZN5board28Board_Ina219ReadRawRegistersEPN7drivers18Ina219RawRegistersE)
                  00007dc4    00000010     board_motor_driver.o (.text._ZN5board28Board_MotorDriverGetBaudrateEv)
                  00007dd4    00000010     board_lora.o (.text._ZN5board29Board_LoraGetControllerStatusEPj)
                  00007de4    00000010     board_motor_driver.o (.text._ZN5board30Board_MotorDriverClearRxBufferEv)
                  00007df4    00000010     board_motor_driver.o (.text._ZN5board31Board_MotorDriverGetRxAvailableEv)
                  00007e04    00000010     board_motor_driver.o (.text._ZN5board34Board_MotorDriverGetRxDroppedCountEv)
                  00007e14    00000010     board_motor_driver.o (.text._ZN5board36Board_MotorDriverGetControllerStatusEPj)
                  00007e24    00000010     fault.o (.text._ZN8services9Fault_SetENS_9FaultCodeE)
                  00007e34    0000000c     lora.o (.text._ZN7drivers26LoraUart_GetRxDroppedCountEPKNS_15LoraUartContextE)
                  00007e40    0000000c     motor_driver_uart.o (.text._ZN7drivers33MotorDriverUart_GetRxDroppedCountEPKNS_22MotorDriverUartContextE)
                  00007e4c    0000000c     fault.o (.text._ZN8services10Fault_InitEv)
                  00007e58    0000000c     time.o (.text._ZN8services11Time_MillisEv)
                  00007e64    0000000c     debug_uart.o (.text._ZN8services17DebugUart_IsReadyEv)
                  00007e70    0000000c     fault.o (.text._ZN8services9Fault_GetEv)
                  00007e7c    0000000a     driverlib.a : dl_common.o (.text.DL_Common_delayCycles)
                  00007e86    0000000a     fm24cl64b.o (.text._ZN7drivers18Fm24cl64b_ReadByteEPNS_16Fm24cl64bContextEtPh)
                  00007e90    00000008     shell.o (.text._ZN8services15Shell_WriteCharEc)
                  00007e98    00000008     shell.o (.text._ZN8services17Shell_WriteStringEPKc)
                  00007ea0    00000008     shell.o (.text._ZN8services17Shell_WriteUInt32Ej)
                  00007ea8    00000008     libclang_rt.builtins.a : aeabi_memcpy.S.obj (.text)
                  00007eb0    00000006     board_fram.o (.text._ZN5board23Board_FramCapacityBytesEv)
                  00007eb6    00000006     libc.a : exit.c.obj (.text:abort)
                  00007ebc    00000004     libsysbm.a : hostexit.c.obj (.text.HOSTexit)
                  00007ec0    00000004     startup_mspm0g351x_ticlang.o (.text.Reset_Handler)
                  00007ec4    00000004     board_i2c_bus.o (.text._ZN5board17Board_I2cBusCountEv)
                  00007ec8    00000004     libc.a : pre_init.c.obj (.text._system_pre_init)
                  00007ecc    00000004     --HOLE-- [fill = 0]

.cinit     0    00008e80    00000030     
                  00008e80    0000000c     (__TI_handler_table)
                  00008e8c    00000009     (.cinit..data.load) [load image, compression = lzss]
                  00008e95    00000003     --HOLE-- [fill = 0]
                  00008e98    00000008     (.cinit..bss.load) [load image, compression = zero_init]
                  00008ea0    00000010     (__TI_cinit_table)

.rodata    0    00007ed0    00000fb0     
                  00007ed0    00000100     app_shell.o (.rodata..L.crctable)
                  00007fd0    00000058     board_i2c_bus.o (.rodata._ZN5board12_GLOBAL__N_110g_i2cBusesE)
                  00008028    00000045     app_shell.o (.rodata.str1.2354522874658768371.1)
                  0000806d    00000039     app_shell.o (.rodata.str1.13305312957799781956.1)
                  000080a6    00000002     app_shell.o (.rodata._ZZN3app12_GLOBAL__N_112MotorCommandEiPKPKcE7kM1Stop)
                  000080a8    00000038     board_ina219.o (.rodata._ZN5boardL14g_ina219ConfigE)
                  000080e0    00000035     app_shell.o (.rodata.str1.14384267027075031912.1)
                  00008115    00000031     app_shell.o (.rodata.str1.14683574465395229248.1)
                  00008146    00000002     app_shell.o (.rodata._ZZN3app12_GLOBAL__N_112MotorCommandEiPKPKcE7kM2Stop)
                  00008148    00000030     board_button.o (.rodata._ZN5board12_GLOBAL__N_115g_buttonConfigsE)
                  00008178    00000030     app_shell.o (.rodata.str1.9210286441137644766.1)
                  000081a8    0000002c     board_fram.o (.rodata._ZN5boardL12g_framConfigE)
                  000081d4    0000002b     app_shell.o (.rodata.str1.12139680495649507277.1)
                  000081ff    0000002a     app_shell.o (.rodata.str1.14008062965805295334.1)
                  00008229    0000002a     app_shell.o (.rodata.str1.16227620492999702623.1)
                  00008253    00000026     shell.o (.rodata.str1.6901712316327456926.1)
                  00008279    00000020     app_shell.o (.rodata.str1.1222417806814152126.1)
                  00008299    0000001f     app_shell.o (.rodata.str1.2128407216864987192.1)
                  000082b8    0000001f     app_shell.o (.rodata.str1.871335262082007188.1)
                  000082d7    0000001f     app_shell.o (.rodata.str1.9051984071380436030.1)
                  000082f6    0000001e     app_shell.o (.rodata.str1.13323525510459860336.1)
                  00008314    0000001e     app_shell.o (.rodata.str1.15434941628325917383.1)
                  00008332    0000001d     app_shell.o (.rodata.str1.14082473703337987432.1)
                  0000834f    0000001d     app_shell.o (.rodata.str1.14205965562906606532.1)
                  0000836c    0000001d     app_shell.o (.rodata.str1.7612592787831263617.1)
                  00008389    0000001d     app_shell.o (.rodata.str1.9315764513386952153.1)
                  000083a6    00000002     ti_msp_dl_config.o (.rodata.gDEBUG_UARTClockConfig)
                  000083a8    0000001c     app_shell.o (.rodata..Lswitch.table._ZN3app12_GLOBAL__N_115WriteStatusLineEPKcN7drivers12DriverStatusE)
                  000083c4    0000001c     app_shell.o (.rodata.str1.11836969374611347342.1)
                  000083e0    0000001c     app_shell.o (.rodata.str1.15403383602945839188.1)
                  000083fc    0000001b     app_shell.o (.rodata.str1.12681352959443149009.1)
                  00008417    0000001b     app_shell.o (.rodata.str1.15520279574724480647.1)
                  00008432    0000001a     app_shell.o (.rodata.str1.14891418699318862133.1)
                  0000844c    00000019     app_shell.o (.rodata.str1.11810056576553604146.1)
                  00008465    00000019     app_shell.o (.rodata.str1.14677212197102816015.1)
                  0000847e    00000019     app_shell.o (.rodata.str1.6578158171544725696.1)
                  00008497    00000001     app_shell.o (.rodata.str1.4993949747219772545.1)
                  00008498    00000018     app_shell.o (.rodata..Lswitch.table._ZN3app12_GLOBAL__N_114PrintI2cStatusEPKN7drivers16I2cDiagBusConfigE)
                  000084b0    00000018     board_lora.o (.rodata._ZN5boardL12g_loraConfigE)
                  000084c8    00000018     board_motor_driver.o (.rodata._ZN5boardL19g_motorDriverConfigE)
                  000084e0    00000018     app_shell.o (.rodata.str1.14241588195389562460.1)
                  000084f8    00000017     app_shell.o (.rodata.str1.12082892960889789793.1)
                  0000850f    00000017     app_shell.o (.rodata.str1.15645525071624774828.1)
                  00008526    00000017     shell.o (.rodata.str1.5680428239841774557.1)
                  0000853d    00000016     app_shell.o (.rodata.str1.107782727556153465.1)
                  00008553    00000016     app_shell.o (.rodata.str1.4190646769514731288.1)
                  00008569    00000016     app_shell.o (.rodata.str1.7743837333376801574.1)
                  0000857f    00000016     app_shell.o (.rodata.str1.931795180867172166.1)
                  00008595    00000015     app_shell.o (.rodata.str1.13626453309717720227.1)
                  000085aa    00000015     app_shell.o (.rodata.str1.16906130264434024515.1)
                  000085bf    00000015     app_shell.o (.rodata.str1.444886150797460539.1)
                  000085d4    00000014     app_shell.o (.rodata.str1.5164433326538179767.1)
                  000085e8    00000013     app_shell.o (.rodata.str1.10761430618072912911.1)
                  000085fb    00000013     app_shell.o (.rodata.str1.17269466629117989041.1)
                  0000860e    00000013     app_shell.o (.rodata.str1.7579154775923007786.1)
                  00008621    00000013     app_shell.o (.rodata.str1.8602760754867183125.1)
                  00008634    00000012     app_shell.o (.rodata.str1.10665909939688505188.1)
                  00008646    00000012     app_shell.o (.rodata.str1.10851017352621485976.1)
                  00008658    00000012     app_shell.o (.rodata.str1.13245102848535749030.1)
                  0000866a    00000012     app_shell.o (.rodata.str1.3345426052653886543.1)
                  0000867c    00000012     app_shell.o (.rodata.str1.671945175647755142.1)
                  0000868e    00000012     app_shell.o (.rodata.str1.8175931356486144895.1)
                  000086a0    00000012     shell.o (.rodata.str1.8246939600463437344.1)
                  000086b2    00000012     app_shell.o (.rodata.str1.9805525145790407866.1)
                  000086c4    00000011     app_shell.o (.rodata.str1.13157479058689081212.1)
                  000086d5    00000011     app_shell.o (.rodata.str1.2900415078221183578.1)
                  000086e6    00000011     app_shell.o (.rodata.str1.4906473829960206720.1)
                  000086f7    00000011     app_shell.o (.rodata.str1.9376739677351878210.1)
                  00008708    00000010     app_shell.o (.rodata.str1.14613035533147221857.1)
                  00008718    00000010     app_shell.o (.rodata.str1.15536306115837748184.1)
                  00008728    00000010     app_shell.o (.rodata.str1.16920742144462411612.1)
                  00008738    00000010     app_shell.o (.rodata.str1.1715960982390498022.1)
                  00008748    00000010     app_shell.o (.rodata.str1.17348661065144809008.1)
                  00008758    00000010     app_shell.o (.rodata.str1.2292235750072059597.1)
                  00008768    00000010     app_shell.o (.rodata.str1.3590894685082263268.1)
                  00008778    00000010     app_shell.o (.rodata.str1.6351667589775284342.1)
                  00008788    00000010     app_shell.o (.rodata.str1.6446933695614087048.1)
                  00008798    00000010     app_shell.o (.rodata.str1.6756868286634741853.1)
                  000087a8    00000010     app_shell.o (.rodata.str1.8406640635343907673.1)
                  000087b8    0000000f     app_shell.o (.rodata.str1.13923183189790686887.1)
                  000087c7    0000000f     app_shell.o (.rodata.str1.13993368087264210023.1)
                  000087d6    0000000f     app_shell.o (.rodata.str1.14678420154468417691.1)
                  000087e5    0000000f     app_shell.o (.rodata.str1.14827416709503782844.1)
                  000087f4    0000000f     app_shell.o (.rodata.str1.2963890733414402023.1)
                  00008803    0000000f     app_shell.o (.rodata.str1.4179493015675024832.1)
                  00008812    0000000f     app_shell.o (.rodata.str1.4392945030196501414.1)
                  00008821    0000000f     app_shell.o (.rodata.str1.6219487071531100932.1)
                  00008830    0000000f     app_shell.o (.rodata.str1.8793534488315853255.1)
                  0000883f    0000000e     app_shell.o (.rodata.str1.10256891727475852015.1)
                  0000884d    0000000e     app_shell.o (.rodata.str1.1349469432826125676.1)
                  0000885b    0000000e     app_shell.o (.rodata.str1.13643216153024045165.1)
                  00008869    0000000e     app_shell.o (.rodata.str1.14623014954758015065.1)
                  00008877    0000000e     app_shell.o (.rodata.str1.15409376994933409736.1)
                  00008885    0000000e     app_shell.o (.rodata.str1.16330407060470052804.1)
                  00008893    0000000e     app_shell.o (.rodata.str1.17414183638713165213.1)
                  000088a1    0000000e     app_shell.o (.rodata.str1.3030045481369325523.1)
                  000088af    0000000e     app_shell.o (.rodata.str1.3134304214227531536.1)
                  000088bd    0000000e     app_shell.o (.rodata.str1.4218503564476151687.1)
                  000088cb    0000000e     app_shell.o (.rodata.str1.5376205643164354286.1)
                  000088d9    0000000e     app_shell.o (.rodata.str1.560197181004569561.1)
                  000088e7    0000000e     app_shell.o (.rodata.str1.6741221679932540615.1)
                  000088f5    0000000e     app_shell.o (.rodata.str1.8767742179201719121.1)
                  00008903    0000000e     app_shell.o (.rodata.str1.9141388473721648320.1)
                  00008911    0000000d     app_shell.o (.rodata.str1.12824201010631389445.1)
                  0000891e    0000000d     app_shell.o (.rodata.str1.13438288695896508174.1)
                  0000892b    0000000d     app_shell.o (.rodata.str1.14031660303973722868.1)
                  00008938    0000000d     app_shell.o (.rodata.str1.15890787717468802715.1)
                  00008945    0000000d     app_shell.o (.rodata.str1.16079002699872141978.1)
                  00008952    0000000d     app_shell.o (.rodata.str1.1642163497366634869.1)
                  0000895f    0000000d     app_shell.o (.rodata.str1.16458884249986146812.1)
                  0000896c    0000000d     app_shell.o (.rodata.str1.18076126304851181080.1)
                  00008979    0000000d     app_shell.o (.rodata.str1.18173995716001367913.1)
                  00008986    0000000d     app_shell.o (.rodata.str1.2029421846019890511.1)
                  00008993    0000000d     app_shell.o (.rodata.str1.2160470991696560517.1)
                  000089a0    0000000d     app_shell.o (.rodata.str1.2319085888762997156.1)
                  000089ad    0000000d     app_shell.o (.rodata.str1.264036748927759168.1)
                  000089ba    0000000d     app_shell.o (.rodata.str1.3266044674648287831.1)
                  000089c7    0000000d     app_shell.o (.rodata.str1.3879560646291831357.1)
                  000089d4    0000000d     app_shell.o (.rodata.str1.4754765727316804258.1)
                  000089e1    0000000d     app_shell.o (.rodata.str1.5515999138927817340.1)
                  000089ee    0000000d     app_shell.o (.rodata.str1.5652790780262836254.1)
                  000089fb    0000000d     app_shell.o (.rodata.str1.6333935326310285001.1)
                  00008a08    0000000d     app_shell.o (.rodata.str1.7267978533840413714.1)
                  00008a15    0000000d     app_shell.o (.rodata.str1.7863334761919578676.1)
                  00008a22    00000002     ti_msp_dl_config.o (.rodata.gFRAM_I2CClockConfig)
                  00008a24    0000000c     board_button.o (.rodata..Lswitch.table._ZN5board19Board_ButtonGetNameENS_13BoardButtonIdE)
                  00008a30    0000000c     board_buzzer.o (.rodata._ZN5boardL14g_buzzerConfigE)
                  00008a3c    0000000c     board_led.o (.rodata._ZN5boardL17g_statusLedConfigE)
                  00008a48    0000000c     app_shell.o (.rodata.str1.10018306225359911921.1)
                  00008a54    0000000c     app_shell.o (.rodata.str1.10855919650491312362.1)
                  00008a60    0000000c     app_shell.o (.rodata.str1.11327417708772392390.1)
                  00008a6c    0000000c     app_shell.o (.rodata.str1.11747346528919543944.1)
                  00008a78    0000000c     app_shell.o (.rodata.str1.1418877803505809098.1)
                  00008a84    0000000c     app_shell.o (.rodata.str1.1431720735396876446.1)
                  00008a90    0000000c     app_shell.o (.rodata.str1.16815118733797554419.1)
                  00008a9c    0000000c     app_shell.o (.rodata.str1.18243883703027276797.1)
                  00008aa8    0000000c     app_shell.o (.rodata.str1.5549424804698209806.1)
                  00008ab4    0000000c     app_shell.o (.rodata.str1.638712236475948105.1)
                  00008ac0    0000000c     app_shell.o (.rodata.str1.6410197886599512152.1)
                  00008acc    0000000c     app_shell.o (.rodata.str1.7571154574660953324.1)
                  00008ad8    0000000c     app_shell.o (.rodata.str1.8035528561561339514.1)
                  00008ae4    0000000c     app_shell.o (.rodata.str1.8150600325345066189.1)
                  00008af0    0000000c     app_shell.o (.rodata.str1.8674441817985872181.1)
                  00008afc    0000000c     app_shell.o (.rodata.str1.9705620893505900.1)
                  00008b08    0000000b     app_shell.o (.rodata.str1.11627215746227218045.1)
                  00008b13    0000000b     app_shell.o (.rodata.str1.12185306449572332681.1)
                  00008b1e    0000000b     app_shell.o (.rodata.str1.1420893864952581301.1)
                  00008b29    0000000b     app_shell.o (.rodata.str1.14639049301600042713.1)
                  00008b34    0000000b     app_shell.o (.rodata.str1.16738014180672278497.1)
                  00008b3f    0000000b     app_shell.o (.rodata.str1.16800956331689080151.1)
                  00008b4a    0000000b     app_shell.o (.rodata.str1.2767916714829989116.1)
                  00008b55    0000000b     app_shell.o (.rodata.str1.626618899871332695.1)
                  00008b60    0000000b     app_shell.o (.rodata.str1.8867909630182175989.1)
                  00008b6b    0000000b     app_shell.o (.rodata.str1.906066569443847875.1)
                  00008b76    0000000b     app_shell.o (.rodata.str1.9708937098353321336.1)
                  00008b81    00000001     --HOLE-- [fill = 0]
                  00008b82    0000000a     ti_msp_dl_config.o (.rodata.gDEBUG_UARTConfig)
                  00008b8c    0000000a     ti_msp_dl_config.o (.rodata.gLORA_UARTConfig)
                  00008b96    0000000a     ti_msp_dl_config.o (.rodata.gMOTOR_UARTConfig)
                  00008ba0    0000000a     app_shell.o (.rodata.str1.10756110055158838206.1)
                  00008baa    0000000a     app_shell.o (.rodata.str1.14223157730264656398.1)
                  00008bb4    0000000a     app_shell.o (.rodata.str1.1451090849677487530.1)
                  00008bbe    0000000a     app_shell.o (.rodata.str1.16167065860645901179.1)
                  00008bc8    0000000a     shell.o (.rodata.str1.17922515892264497723.1)
                  00008bd2    0000000a     app_shell.o (.rodata.str1.2942266741242204019.1)
                  00008bdc    0000000a     app_shell.o (.rodata.str1.5848672442950545206.1)
                  00008be6    0000000a     app_shell.o (.rodata.str1.8287504627243269121.1)
                  00008bf0    00000009     app_shell.o (.rodata.str1.17894747200582054988.1)
                  00008bf9    00000009     app_shell.o (.rodata.str1.3256265506082810711.1)
                  00008c02    00000009     app_shell.o (.rodata.str1.5909738732761903070.1)
                  00008c0b    00000009     app_shell.o (.rodata.str1.6394054571282083081.1)
                  00008c14    00000008     app_shell.o (.rodata.str1.10218881960771275491.1)
                  00008c1c    00000008     board_button.o (.rodata.str1.10963450802004053816.1)
                  00008c24    00000008     app_shell.o (.rodata.str1.11335294061225285764.1)
                  00008c2c    00000008     app_shell.o (.rodata.str1.11903828385650032657.1)
                  00008c34    00000008     app_shell.o (.rodata.str1.11922244342622017285.1)
                  00008c3c    00000008     app_shell.o (.rodata.str1.1207053347194752072.1)
                  00008c44    00000008     app_shell.o (.rodata.str1.14355953386558495977.1)
                  00008c4c    00000008     app_shell.o (.rodata.str1.15397327130298834941.1)
                  00008c54    00000008     app_shell.o (.rodata.str1.17563913066770742391.1)
                  00008c5c    00000008     board_button.o (.rodata.str1.17681505947258605906.1)
                  00008c64    00000008     app_shell.o (.rodata.str1.17796269336985765740.1)
                  00008c6c    00000008     board_button.o (.rodata.str1.18240515884718476655.1)
                  00008c74    00000008     app_main.o (.rodata.str1.1839410120130765391.1)
                  00008c7c    00000008     app_shell.o (.rodata.str1.5557692366192543561.1)
                  00008c84    00000008     board_button.o (.rodata.str1.5952028417427413650.1)
                  00008c8c    00000008     app_shell.o (.rodata.str1.6213986015100719150.1)
                  00008c94    00000008     app_shell.o (.rodata.str1.7850322238517394535.1)
                  00008c9c    00000008     app_shell.o (.rodata.str1.8730301986016609910.1)
                  00008ca4    00000008     app_shell.o (.rodata.str1.97227345183721019.1)
                  00008cac    00000007     app_shell.o (.rodata.str1.11325690732168652611.1)
                  00008cb3    00000007     app_shell.o (.rodata.str1.11774507841365577078.1)
                  00008cba    00000007     app_shell.o (.rodata.str1.12164603244115374595.1)
                  00008cc1    00000007     app_shell.o (.rodata.str1.13029328624899454496.1)
                  00008cc8    00000007     app_shell.o (.rodata.str1.13442463908107530774.1)
                  00008ccf    00000007     app_shell.o (.rodata.str1.16234102244779358492.1)
                  00008cd6    00000007     app_shell.o (.rodata.str1.17082220688523197928.1)
                  00008cdd    00000007     board_i2c_bus.o (.rodata.str1.17771965703026024685.1)
                  00008ce4    00000007     app_shell.o (.rodata.str1.17876943342118536213.1)
                  00008ceb    00000007     app_shell.o (.rodata.str1.27965927919619260.1)
                  00008cf2    00000007     app_shell.o (.rodata.str1.3892416308557052197.1)
                  00008cf9    00000007     app_shell.o (.rodata.str1.4138401803328556999.1)
                  00008d00    00000007     app_shell.o (.rodata.str1.4203577644585159315.1)
                  00008d07    00000007     app_shell.o (.rodata.str1.4465400818469226320.1)
                  00008d0e    00000007     app_shell.o (.rodata.str1.5407661000085889072.1)
                  00008d15    00000007     app_shell.o (.rodata.str1.8435392788517128360.1)
                  00008d1c    00000007     app_shell.o (.rodata.str1.9307362830757344490.1)
                  00008d23    00000006     app_shell.o (.rodata._ZZN3app12_GLOBAL__N_111LoraCommandEiPKPKcE9kTestData)
                  00008d29    00000006     app_shell.o (.rodata._ZZN3app12_GLOBAL__N_112MotorCommandEiPKPKcE9kTestData)
                  00008d2f    00000006     app_shell.o (.rodata.str1.11085599432999950484.1)
                  00008d35    00000006     app_shell.o (.rodata.str1.11208828733426745331.1)
                  00008d3b    00000006     app_shell.o (.rodata.str1.141740382680400416.1)
                  00008d41    00000006     app_shell.o (.rodata.str1.16216038010955657616.1)
                  00008d47    00000006     app_shell.o (.rodata.str1.17029008240216598945.1)
                  00008d4d    00000006     app_shell.o (.rodata.str1.18057142085415363861.1)
                  00008d53    00000006     app_shell.o (.rodata.str1.18221696243336245540.1)
                  00008d59    00000006     app_shell.o (.rodata.str1.18269279803075602796.1)
                  00008d5f    00000006     app_shell.o (.rodata.str1.2112829382197544942.1)
                  00008d65    00000006     app_shell.o (.rodata.str1.2370428100076675559.1)
                  00008d6b    00000006     app_shell.o (.rodata.str1.2672312858105111990.1)
                  00008d71    00000006     app_shell.o (.rodata.str1.296188832848622959.1)
                  00008d77    00000006     app_shell.o (.rodata.str1.3587876751327453651.1)
                  00008d7d    00000006     app_shell.o (.rodata.str1.587364518894469847.1)
                  00008d83    00000006     app_shell.o (.rodata.str1.6725838405751831500.1)
                  00008d89    00000006     app_shell.o (.rodata.str1.7212684690809077353.1)
                  00008d8f    00000006     app_shell.o (.rodata.str1.738127925484632372.1)
                  00008d95    00000006     app_shell.o (.rodata.str1.8934507472916618446.1)
                  00008d9b    00000006     app_shell.o (.rodata.str1.9017255012489828088.1)
                  00008da1    00000006     app_shell.o (.rodata.str1.9144633642026494361.1)
                  00008da7    00000006     app_shell.o (.rodata.str1.9244822838137428263.1)
                  00008dad    00000005     app_shell.o (.rodata.str1.10091040128680290456.1)
                  00008db2    00000005     app_shell.o (.rodata.str1.11515932757094173050.1)
                  00008db7    00000005     board_i2c_bus.o (.rodata.str1.11524751692591293752.1)
                  00008dbc    00000005     app_shell.o (.rodata.str1.11627259167888876947.1)
                  00008dc1    00000005     app_shell.o (.rodata.str1.12036585828892915957.1)
                  00008dc6    00000005     app_shell.o (.rodata.str1.12144774989780088692.1)
                  00008dcb    00000005     app_shell.o (.rodata.str1.13247589138198607459.1)
                  00008dd0    00000005     app_shell.o (.rodata.str1.13640432584226954899.1)
                  00008dd5    00000005     app_shell.o (.rodata.str1.13772462829107236127.1)
                  00008dda    00000005     app_shell.o (.rodata.str1.14445045882516821416.1)
                  00008ddf    00000005     app_shell.o (.rodata.str1.15885433143163248817.1)
                  00008de4    00000005     app_shell.o (.rodata.str1.16368304853068341593.1)
                  00008de9    00000005     shell.o (.rodata.str1.17405053739148516019.1)
                  00008dee    00000005     app_shell.o (.rodata.str1.5000143241413183010.1)
                  00008df3    00000005     app_shell.o (.rodata.str1.5531439754045694522.1)
                  00008df8    00000005     app_shell.o (.rodata.str1.7923626403509450708.1)
                  00008dfd    00000005     app_shell.o (.rodata.str1.795459456749244188.1)
                  00008e02    00000005     app_shell.o (.rodata.str1.9081962557253678714.1)
                  00008e07    00000005     app_shell.o (.rodata.str1.9082118575882053516.1)
                  00008e0c    00000004     app_shell.o (.rodata.str1.11187590877126870748.1)
                  00008e10    00000004     app_shell.o (.rodata.str1.1223882822645374465.1)
                  00008e14    00000004     app_shell.o (.rodata.str1.15816476343860600217.1)
                  00008e18    00000004     app_shell.o (.rodata.str1.2027963614161212499.1)
                  00008e1c    00000004     app_shell.o (.rodata.str1.2831129786622658843.1)
                  00008e20    00000004     app_shell.o (.rodata.str1.3688985272902551570.1)
                  00008e24    00000004     app_shell.o (.rodata.str1.5716603645884478871.1)
                  00008e28    00000004     app_shell.o (.rodata.str1.6951946783319408118.1)
                  00008e2c    00000004     shell.o (.rodata.str1.7348818734176781284.1)
                  00008e30    00000004     app_shell.o (.rodata.str1.7652650349062231201.1)
                  00008e34    00000004     app_shell.o (.rodata.str1.7940456731757887554.1)
                  00008e38    00000004     app_shell.o (.rodata.str1.7988978544830785654.1)
                  00008e3c    00000004     shell.o (.rodata.str1.8954516873856363469.1)
                  00008e40    00000004     app_shell.o (.rodata.str1.9167415978045996327.1)
                  00008e44    00000004     app_shell.o (.rodata.str1.9555053908608242801.1)
                  00008e48    00000003     shell.o (.rodata.str1.10427229796524742636.1)
                  00008e4b    00000003     app_shell.o (.rodata.str1.13324323091560154661.1)
                  00008e4e    00000003     app_shell.o (.rodata.str1.16608939394091912599.1)
                  00008e51    00000003     app_shell.o (.rodata.str1.1695784342961477721.1)
                  00008e54    00000003     shell.o (.rodata.str1.4282230880151502975.1)
                  00008e57    00000003     app_shell.o (.rodata.str1.4561355912026728236.1)
                  00008e5a    00000003     app_shell.o (.rodata.str1.5263001642383835309.1)
                  00008e5d    00000003     app_shell.o (.rodata.str1.7078129644076030331.1)
                  00008e60    00000003     app_shell.o (.rodata.str1.7207923708610531365.1)
                  00008e63    00000003     shell.o (.rodata.str1.8508895379925972626.1)
                  00008e66    00000002     ti_msp_dl_config.o (.rodata.gINA219_I2CClockConfig)
                  00008e68    00000002     ti_msp_dl_config.o (.rodata.gLORA_UARTClockConfig)
                  00008e6a    00000002     ti_msp_dl_config.o (.rodata.gMOTOR_UARTClockConfig)
                  00008e6c    00000002     app_shell.o (.rodata.str1.13507390935846511250.1)
                  00008e6e    00000002     app_shell.o (.rodata.str1.16556295950709461880.1)
                  00008e70    00000002     app_shell.o (.rodata.str1.16835946644515092483.1)
                  00008e72    00000002     app_shell.o (.rodata.str1.7950140236767125311.1)
                  00008e74    00000002     app_shell.o (.rodata.str1.9018689912544847403.1)
                  00008e76    0000000a     --HOLE-- [fill = 0]

.init_array 
*          0    00000000    00000000     UNINITIALIZED

.binit     0    00000000    00000000     

.bss       0    20200000    000002e0     UNINITIALIZED
                  20200000    00000100     board_lora.o (.bss._ZN5boardL14g_loraRxBufferE)
                  20200100    00000100     board_motor_driver.o (.bss._ZN5boardL21g_motorDriverRxBufferE)
                  20200200    00000080     debug_uart.o (.bss._ZN8services12_GLOBAL__N_110g_rxBufferE)
                  20200280    00000060     shell.o (.bss._ZN8services12_GLOBAL__N_112g_lineBufferE)

.data      0    202002e0    0000027b     UNINITIALIZED
                  202002e0    00000100     shell.o (.data._ZN8services12_GLOBAL__N_110g_commandsE)
                  202003e0    000000f0     scheduler.o (.data._ZN8servicesL7g_tasksE)
                  202004d0    00000030     board_button.o (.data._ZN5board12_GLOBAL__N_116g_buttonContextsE)
                  20200500    00000010     board_lora.o (.data._ZN5boardL13g_loraContextE)
                  20200510    00000010     board_motor_driver.o (.data._ZN5boardL20g_motorDriverContextE)
                  20200520    00000008     app_main.o (.data._ZN3appL10g_appStateE)
                  20200528    00000008     board_fram.o (.data._ZN5boardL13g_framContextE)
                  20200530    00000008     board_buzzer.o (.data._ZN5boardL15g_buzzerContextE)
                  20200538    00000008     board_ina219.o (.data._ZN5boardL15g_ina219ContextE)
                  20200540    00000008     board_led.o (.data._ZN5boardL18g_statusLedContextE)
                  20200548    00000004     shell.o (.data._ZN8services12_GLOBAL__N_112g_lineLengthE)
                  2020054c    00000004     debug_uart.o (.data._ZN8services12_GLOBAL__N_116g_rxDroppedCountE)
                  20200550    00000004     time.o (.data._ZN8servicesL8g_millisE)
                  20200554    00000002     debug_uart.o (.data._ZN8services12_GLOBAL__N_18g_rxHeadE)
                  20200556    00000002     debug_uart.o (.data._ZN8services12_GLOBAL__N_18g_rxTailE)
                  20200558    00000001     shell.o (.data._ZN8services12_GLOBAL__N_114g_ignoreNextLfE)
                  20200559    00000001     debug_uart.o (.data._ZN8services12_GLOBAL__N_116g_debugUartReadyE)
                  2020055a    00000001     fault.o (.data._ZN8servicesL11g_faultCodeE)

.stack     0    2020ff00    00000100     UNINITIALIZED
                  2020ff00    00000004     libc.a : boot_cortex_m.c.obj (.stack)
                  2020ff04    000000fc     --HOLE--

__llvm_prf_cnts 
*          0    20200000    00000000     UNINITIALIZED

__llvm_prf_bits 
*          0    20200000    00000000     UNINITIALIZED

MODULE SUMMARY

       Module                         code    ro data   rw data
       ------                         ----    -------   -------
    .\
       ti_msp_dl_config.o             960     40        0      
       startup_mspm0g351x_ticlang.o   6       192       0      
       empty_cpp.o                    82      0         0      
    +--+------------------------------+-------+---------+---------+
       Total:                         1048    232       0      
                                                               
    .\app\
       app_shell.o                    16172   3482      0      
       app_main.o                     102     8         8      
    +--+------------------------------+-------+---------+---------+
       Total:                         16274   3490      8      
                                                               
    .\board\
       board_lora.o                   204     24        272    
       board_motor_driver.o           204     24        272    
       board_ina219.o                 356     56        8      
       board_button.o                 248     92        48     
       board_i2c_bus.o                204     100       0      
       board_fram.o                   210     44        8      
       board_buzzer.o                 68      12        8      
       board_led.o                    68      12        8      
       board.o                        34      0         0      
    +--+------------------------------+-------+---------+---------+
       Total:                         1596    364       624    
                                                               
    .\drivers\button\
       button.o                       306     0         0      
    +--+------------------------------+-------+---------+---------+
       Total:                         306     0         0      
                                                               
    .\drivers\buzzer\
       buzzer.o                       174     0         0      
    +--+------------------------------+-------+---------+---------+
       Total:                         174     0         0      
                                                               
    .\drivers\fm24cl64b\
       fm24cl64b.o                    1882    0         0      
    +--+------------------------------+-------+---------+---------+
       Total:                         1882    0         0      
                                                               
    .\drivers\i2c_diag\
       i2c_diag.o                     2152    0         0      
    +--+------------------------------+-------+---------+---------+
       Total:                         2152    0         0      
                                                               
    .\drivers\ina219\
       ina219.o                       2326    0         0      
    +--+------------------------------+-------+---------+---------+
       Total:                         2326    0         0      
                                                               
    .\drivers\led\
       led.o                          174     0         0      
    +--+------------------------------+-------+---------+---------+
       Total:                         174     0         0      
                                                               
    .\drivers\lora\
       lora.o                         908     0         0      
    +--+------------------------------+-------+---------+---------+
       Total:                         908     0         0      
                                                               
    .\drivers\motor_driver\
       motor_driver_uart.o            908     0         0      
    +--+------------------------------+-------+---------+---------+
       Total:                         908     0         0      
                                                               
    .\services\
       shell.o                        1800    111       357    
       scheduler.o                    832     0         240    
       debug_uart.o                   732     0         137    
       time.o                         84      0         4      
       fault.o                        40      0         1      
       log.o                          2       0         0      
    +--+------------------------------+-------+---------+---------+
       Total:                         3490    111       739    
                                                               
    C:/ti/mspm0_sdk_2_10_00_04/source/ti/driverlib/lib/ticlang/m0p/mspm0gx51x/driverlib.a
       dl_i2c.o                       240     0         0      
       dl_uart.o                      138     0         0      
       dl_common.o                    10      0         0      
    +--+------------------------------+-------+---------+---------+
       Total:                         388     0         0      
                                                               
    C:\ti\ccs2100\ccs\tools\compiler\ti-cgt-armllvm_5.1.1.LTS\lib\armv6m-ti-none-eabi/c/libc.a
       memcpy16.S.obj                 154     0         0      
       copy_decompress_lzss.c.obj     124     0         0      
       memset16.S.obj                 98      0         0      
       autoinit.c.obj                 60      0         0      
       boot_cortex_m.c.obj            40      0         0      
       copy_zero_init.c.obj           22      0         0      
       copy_decompress_none.c.obj     18      0         0      
       exit.c.obj                     6       0         0      
       pre_init.c.obj                 4       0         0      
    +--+------------------------------+-------+---------+---------+
       Total:                         526     0         0      
                                                               
    C:\ti\ccs2100\ccs\tools\compiler\ti-cgt-armllvm_5.1.1.LTS\lib\armv6m-ti-none-eabi/c/libsysbm.a
       hostexit.c.obj                 4       0         0      
    +--+------------------------------+-------+---------+---------+
       Total:                         4       0         0      
                                                               
    C:\ti\ccs2100\ccs\tools\compiler\ti-cgt-armllvm_5.1.1.LTS\lib\armv6m-ti-none-eabi/libclang_rt.builtins.a
       aeabi_uidivmod.S.obj           64      0         0      
       aeabi_memset.S.obj             26      0         0      
       aeabi_memcpy.S.obj             8       0         0      
       aeabi_div0.c.obj               2       0         0      
    +--+------------------------------+-------+---------+---------+
       Total:                         100     0         0      
                                                               
       Stack:                         0       0         256    
       Linker Generated:              0       45        0      
    +--+------------------------------+-------+---------+---------+
       Grand Total:                   32256   4242      1627   


LINKER GENERATED COPY TABLES

__TI_cinit_table @ 00008ea0 records: 2, size/record: 8, table size: 16
	.data: load addr=00008e8c, load size=00000009 bytes, run addr=202002e0, run size=0000027b bytes, compression=lzss
	.bss: load addr=00008e98, load size=00000008 bytes, run addr=20200000, run size=000002e0 bytes, compression=zero_init


LINKER GENERATED HANDLER TABLE

__TI_handler_table @ 00008e80 records: 3, size/record: 4, table size: 12
	index: 0, handler: __TI_decompress_lzss
	index: 1, handler: __TI_decompress_none
	index: 2, handler: __TI_zero_init


GLOBAL SYMBOLS: SORTED ALPHABETICALLY BY Name 

address   name                                                                                        
-------   ----                                                                                        
00005f33  ADC0_IRQHandler                                                                             
00005f33  ADC1_IRQHandler                                                                             
00005f33  AESADV_IRQHandler                                                                           
00007ebc  C$$EXIT                                                                                     
00005f33  CANFD0_IRQHandler                                                                           
00005f33  CANFD1_IRQHandler                                                                           
00005f33  DAC0_IRQHandler                                                                             
00007e7d  DL_Common_delayCycles                                                                       
00006b05  DL_I2C_fillControllerTXFIFO                                                                 
00007439  DL_I2C_flushControllerRXFIFO                                                                
0000718d  DL_I2C_flushControllerTXFIFO                                                                
0000778d  DL_I2C_setClockConfig                                                                       
00006e65  DL_UART_init                                                                                
00007bb1  DL_UART_setClockConfig                                                                      
00007469  DL_UART_transmitDataBlocking                                                                
00005f33  DMA_IRQHandler                                                                              
00005f33  Default_Handler                                                                             
00005f33  GROUP0_IRQHandler                                                                           
00005f33  GROUP1_IRQHandler                                                                           
00007ebd  HOSTexit                                                                                    
00005f33  HardFault_Handler                                                                           
00005f33  I2C0_IRQHandler                                                                             
00005f33  I2C1_IRQHandler                                                                             
00005f33  I2C2_IRQHandler                                                                             
00005f33  LFSS_IRQHandler                                                                             
00005f33  NMI_Handler                                                                                 
00005f33  PendSV_Handler                                                                              
00007ec1  Reset_Handler                                                                               
00005f33  SPI0_IRQHandler                                                                             
00005f33  SPI1_IRQHandler                                                                             
00005f33  SPI2_IRQHandler                                                                             
00005f33  SVC_Handler                                                                                 
00006185  SYSCFG_DL_DEBUG_UART_init                                                                   
00006c71  SYSCFG_DL_FRAM_I2C_init                                                                     
000057d5  SYSCFG_DL_GPIO_init                                                                         
00006cc5  SYSCFG_DL_INA219_I2C_init                                                                   
0000620d  SYSCFG_DL_LORA_UART_init                                                                    
00006295  SYSCFG_DL_MOTOR_UART_init                                                                   
00007499  SYSCFG_DL_SYSCTL_init                                                                       
000077b3  SYSCFG_DL_init                                                                              
00006709  SYSCFG_DL_initPower                                                                         
00007bd5  SysTick_Handler                                                                             
00005f33  TIMA0_IRQHandler                                                                            
00005f33  TIMA1_IRQHandler                                                                            
00005f33  TIMG0_IRQHandler                                                                            
00005f33  TIMG12_IRQHandler                                                                           
00005f33  TIMG14_IRQHandler                                                                           
00005f33  TIMG6_IRQHandler                                                                            
00005f33  TIMG7_IRQHandler                                                                            
00005f33  TIMG8_IRQHandler                                                                            
00005f33  TIMG9_IRQHandler                                                                            
00007be5  UART0_IRQHandler                                                                            
00007bf5  UART1_IRQHandler                                                                            
00005f33  UART3_IRQHandler                                                                            
00005f33  UART4_IRQHandler                                                                            
00006779  UART5_IRQHandler                                                                            
00005f33  UART6_IRQHandler                                                                            
00005f33  UART7_IRQHandler                                                                            
00004ef5  _ZN3app25AppShell_RegisterCommandsEv                                                        
0000789d  _ZN3app7App_RunEv                                                                           
000073d1  _ZN3app8App_InitEv                                                                          
00007841  _ZN5board10Board_InitEv                                                                     
00007c15  _ZN5board14Board_BuzzerOnEv                                                                 
00007a99  _ZN5board14Board_FramInitEv                                                                 
00007aad  _ZN5board14Board_FramReadEtPht                                                              
00006183  _ZN5board14Board_LateInitEv                                                                 
00007715  _ZN5board14Board_LoraInitEv                                                                 
00007c25  _ZN5board15Board_BuzzerOffEv                                                                
000079b5  _ZN5board15Board_I2cBusGetEj                                                                
00007ac1  _ZN5board15Board_LoraWriteEPKht                                                             
00007ad5  _ZN5board16Board_BuzzerInitEv                                                               
00005ab1  _ZN5board16Board_I2cBusFindEPKc                                                             
00006e15  _ZN5board16Board_Ina219InitEv                                                               
00007205  _ZN5board17Board_ButtonsInitEv                                                              
00007c35  _ZN5board17Board_FramIsReadyEv                                                              
00007ec5  _ZN5board17Board_I2cBusCountEv                                                              
00007c45  _ZN5board17Board_Ina219ResetEv                                                              
00007c55  _ZN5board17Board_LoraIsReadyEv                                                              
00007c65  _ZN5board17Board_StatusLedOnEv                                                              
00007ae9  _ZN5board18Board_FramReadByteEtPh                                                           
00007afd  _ZN5board18Board_FramSelfTestEv                                                             
00007c75  _ZN5board18Board_LoraReadByteEPh                                                            
00007c85  _ZN5board18Board_StatusLedOffEv                                                             
000079cd  _ZN5board19Board_ButtonGetNameENS_13BoardButtonIdE                                          
000078b9  _ZN5board19Board_ButtonReadRawENS_13BoardButtonIdEPb                                        
00007405  _ZN5board19Board_ButtonsUpdateEj                                                            
00007c95  _ZN5board19Board_BuzzerIsReadyEv                                                            
00007b11  _ZN5board19Board_FramWriteByteEth                                                           
00007ca5  _ZN5board19Board_Ina219IsReadyEv                                                            
00007cb5  _ZN5board19Board_LoraWriteByteEh                                                            
00007b25  _ZN5board19Board_StatusLedInitEv                                                            
00007cc5  _ZN5board20Board_FramRecoverBusEv                                                           
000078d5  _ZN5board21Board_ButtonIsPressedENS_13BoardButtonIdE                                        
00007cd5  _ZN5board21Board_LoraGetBaudrateEv                                                          
0000773d  _ZN5board21Board_MotorDriverInitEv                                                          
000078f1  _ZN5board22Board_ButtonWasPressedENS_13BoardButtonIdE                                       
00006ead  _ZN5board22Board_FramGetBusStatusEPjPbS1_                                                   
00007ce5  _ZN5board22Board_Ina219GetAddressEv                                                         
00007cf5  _ZN5board22Board_Ina219RecoverBusEv                                                         
00007d05  _ZN5board22Board_Ina219SetAddressEh                                                         
00007b39  _ZN5board22Board_MotorDriverWriteEPKht                                                      
00007d15  _ZN5board22Board_StatusLedIsReadyEv                                                         
0000790d  _ZN5board23Board_ButtonWasReleasedENS_13BoardButtonIdE                                      
00007eb1  _ZN5board23Board_FramCapacityBytesEv                                                        
00007d25  _ZN5board23Board_Ina219CalibrationEv                                                        
00007d35  _ZN5board23Board_LoraClearRxBufferEv                                                        
00006ef5  _ZN5board24Board_Ina219GetBusStatusEPjPbS1_                                                 
00007b4d  _ZN5board24Board_Ina219ProbeAddressEhPt                                                     
00007b61  _ZN5board24Board_Ina219ReadRegisterEhPt                                                     
00007d45  _ZN5board24Board_LoraGetRxAvailableEv                                                       
00007d55  _ZN5board24Board_MotorDriverIsReadyEv                                                       
00007b75  _ZN5board25Board_Ina219WriteRegisterEht                                                     
00007d65  _ZN5board25Board_MotorDriverReadByteEPh                                                     
00007d75  _ZN5board26Board_MotorDriverWriteByteEh                                                     
00007d85  _ZN5board27Board_Ina219ReadMeasurementEPN7drivers17Ina219MeasurementE                       
00007d95  _ZN5board27Board_LoraGetRxDroppedCountEv                                                    
00007da5  _ZN5board28Board_Ina219ConfigureDefaultEv                                                   
00007db5  _ZN5board28Board_Ina219ReadRawRegistersEPN7drivers18Ina219RawRegistersE                     
00007dc5  _ZN5board28Board_MotorDriverGetBaudrateEv                                                   
00007dd5  _ZN5board29Board_LoraGetControllerStatusEPj                                                 
00007de5  _ZN5board30Board_MotorDriverClearRxBufferEv                                                 
00007df5  _ZN5board31Board_MotorDriverGetRxAvailableEv                                                
00007e05  _ZN5board34Board_MotorDriverGetRxDroppedCountEv                                             
00007e15  _ZN5board36Board_MotorDriverGetControllerStatusEPj                                          
000074f9  _ZN7drivers10Buzzer_OffEPNS_13BuzzerContextE                                                
0000714d  _ZN7drivers11Button_InitEPNS_13ButtonContextEPKNS_12ButtonConfigE                           
000072b9  _ZN7drivers11Buzzer_InitEPNS_13BuzzerContextEPKNS_12BuzzerConfigE                           
0000557d  _ZN7drivers11Ina219_InitEPNS_13Ina219ContextEPKNS_12Ina219ConfigE                           
00007a2b  _ZN7drivers11Led_IsReadyEPKNS_10LedContextE                                                 
0000766d  _ZN7drivers12Ina219_ResetEPNS_13Ina219ContextE                                              
00006b63  _ZN7drivers13Button_UpdateEPNS_13ButtonContextEj                                            
0000631d  _ZN7drivers13LoraUart_InitEPNS_15LoraUartContextEPKNS_14LoraUartConfigE                     
000072f1  _ZN7drivers14Button_ReadRawEPNS_13ButtonContextEPb                                          
00007a41  _ZN7drivers14Buzzer_IsReadyEPKNS_13BuzzerContextE                                           
0000691d  _ZN7drivers14Fm24cl64b_InitEPNS_16Fm24cl64bContextEPKNS_15Fm24cl64bConfigE                  
00003879  _ZN7drivers14Fm24cl64b_ReadEPNS_16Fm24cl64bContextEtPht                                     
00007929  _ZN7drivers14Ina219_IsReadyEPKNS_13Ina219ContextE                                           
00005645  _ZN7drivers14LoraUart_WriteEPNS_15LoraUartContextEPKht                                      
00003e5d  _ZN7drivers15Fm24cl64b_WriteEPNS_16Fm24cl64bContextEtPKht                                   
0000797d  _ZN7drivers16Button_IsPressedEPKNS_13ButtonContextE                                         
00003411  _ZN7drivers16I2cDiag_ReadReg8EPKNS_16I2cDiagBusConfigEhhPht                                 
00007a57  _ZN7drivers16LoraUart_IsReadyEPKNS_15LoraUartContextE                                       
000077fd  _ZN7drivers17Button_WasPressedEPNS_13ButtonContextE                                         
00007945  _ZN7drivers17Fm24cl64b_IsReadyEPKNS_16Fm24cl64bContextE                                     
000041fd  _ZN7drivers17I2cDiag_WriteReg8EPKNS_16I2cDiagBusConfigEhhPKht                               
00007861  _ZN7drivers17Ina219_GetAddressEPKNS_13Ina219ContextE                                        
00003a9d  _ZN7drivers17Ina219_RecoverBusEPNS_13Ina219ContextE                                         
00006bc1  _ZN7drivers17Ina219_SetAddressEPNS_13Ina219ContextEh                                        
0000708d  _ZN7drivers17LoraUart_ReadByteEPNS_15LoraUartContextEPh                                     
0000781f  _ZN7drivers18Button_WasReleasedEPNS_13ButtonContextE                                        
00007e87  _ZN7drivers18Fm24cl64b_ReadByteEPNS_16Fm24cl64bContextEtPh                                  
00005cbd  _ZN7drivers18Fm24cl64b_SelfTestEPNS_16Fm24cl64bContextEt                                    
0000402d  _ZN7drivers18I2cDiag_RecoverBusEPKNS_16I2cDiagBusConfigE                                    
[...]
00005f35  _ZN7drivers18LoraUart_WriteByteEPNS_15LoraUartContextEh                                     
00005fc9  _ZN7drivers25MotorDriverUart_WriteByteEPNS_22MotorDriverUartContextEh                       
0000605d  _ZN8services13Shell_ProcessEv                                                               
000060f1  _ZN7drivers23Ina219_ReadRawRegistersEPNS_13Ina219ContextEPNS_18Ina219RawRegistersE          
00006183  _ZN5board14Board_LateInitEv                                                                 
00006185  SYSCFG_DL_DEBUG_UART_init                                                                   
0000620d  SYSCFG_DL_LORA_UART_init                                                                    
00006295  SYSCFG_DL_MOTOR_UART_init                                                                   
0000631d  _ZN7drivers13LoraUart_InitEPNS_15LoraUartContextEPKNS_14LoraUartConfigE                     
000063a1  _ZN7drivers20MotorDriverUart_InitEPNS_22MotorDriverUartContextEPKNS_21MotorDriverUartConfigE
00006521  _ZN7drivers19LoraUart_IrqHandlerEPNS_15LoraUartContextE                                     
0000659d  _ZN7drivers26MotorDriverUart_IrqHandlerEPNS_22MotorDriverUartContextE                       
00006619  __TI_decompress_lzss                                                                        
00006695  _ZN7drivers22Ina219_ReadMeasurementEPNS_13Ina219ContextEPNS_17Ina219MeasurementE            
00006709  SYSCFG_DL_initPower                                                                         
00006779  UART5_IRQHandler                                                                            
000067e5  _ZN8services21DebugUart_WriteStringEPKc                                                     
0000691d  _ZN7drivers14Fm24cl64b_InitEPNS_16Fm24cl64bContextEPKNS_15Fm24cl64bConfigE                  
00006981  memset                                                                                      
000069e3  _ZN8services8Log_InitEv                                                                     
00006a45  _ZN7drivers22LoraUart_ClearRxBufferEPNS_15LoraUartContextE                                  
00006aa5  _ZN7drivers29MotorDriverUart_ClearRxBufferEPNS_22MotorDriverUartContextE                    
00006b05  DL_I2C_fillControllerTXFIFO                                                                 
00006b63  _ZN7drivers13Button_UpdateEPNS_13ButtonContextEj                                            
00006bc1  _ZN7drivers17Ina219_SetAddressEPNS_13Ina219ContextEh                                        
00006c19  _ZN7drivers20I2cDiag_GetBusStatusEPKNS_16I2cDiagBusConfigEPNS_16I2cDiagBusStatusE           
00006c71  SYSCFG_DL_FRAM_I2C_init                                                                     
00006cc5  SYSCFG_DL_INA219_I2C_init                                                                   
00006d6d  _ZN8services14DebugUart_InitEv                                                              
00006dc1  main                                                                                        
00006e13  __aeabi_idiv0                                                                               
00006e15  _ZN5board16Board_Ina219InitEv                                                               
00006e65  DL_UART_init                                                                                
00006ead  _ZN5board22Board_FramGetBusStatusEPjPbS1_                                                   
00006ef5  _ZN5board24Board_Ina219GetBusStatusEPjPbS1_                                                 
00006f3d  _ZN8services18DebugUart_ReadByteEPh                                                         
00006f85  _ZN7drivers19Ina219_GetBusStatusEPNS_13Ina219ContextEPNS_15Ina219BusStatusE                 
00006fc9  _ZN7drivers22Fm24cl64b_GetBusStatusEPNS_16Fm24cl64bContextEPNS_18Fm24cl64bBusStatusE        
0000708d  _ZN7drivers17LoraUart_ReadByteEPNS_15LoraUartContextEPh                                     
000070cd  _ZN7drivers24MotorDriverUart_ReadByteEPNS_22MotorDriverUartContextEPh                       
0000710d  __aeabi_uidiv                                                                               
0000710d  __aeabi_uidivmod                                                                            
0000714d  _ZN7drivers11Button_InitEPNS_13ButtonContextEPKNS_12ButtonConfigE                           
0000718d  DL_I2C_flushControllerTXFIFO                                                                
00007205  _ZN5board17Board_ButtonsInitEv                                                              
00007241  _ZN7drivers23Ina219_ConfigureDefaultEPNS_13Ina219ContextE                                   
0000727d  __TI_auto_init_nobinit_nopinit                                                              
000072b9  _ZN7drivers11Buzzer_InitEPNS_13BuzzerContextEPKNS_12BuzzerConfigE                           
000072f1  _ZN7drivers14Button_ReadRawEPNS_13ButtonContextEPb                                          
00007329  _ZN7drivers19Ina219_ProbeAddressEPNS_13Ina219ContextEhPt                                    
00007361  _ZN7drivers8Led_InitEPNS_10LedContextEPKNS_9LedConfigE                                      
00007399  _ZN8services9Time_InitEv                                                                    
000073d1  _ZN3app8App_InitEv                                                                          
00007405  _ZN5board19Board_ButtonsUpdateEj                                                            
00007439  DL_I2C_flushControllerRXFIFO                                                                
00007469  DL_UART_transmitDataBlocking                                                                
00007499  SYSCFG_DL_SYSCTL_init                                                                       
000074f9  _ZN7drivers10Buzzer_OffEPNS_13BuzzerContextE                                                
00007529  _ZN7drivers6Led_OnEPNS_10LedContextE                                                        
00007559  _ZN7drivers7Led_OffEPNS_10LedContextE                                                       
00007589  _ZN7drivers9Buzzer_OnEPNS_13BuzzerContextE                                                  
000075b9  _ZN7drivers19Ina219_ReadRegisterEPNS_13Ina219ContextEhPt                                    
000075e7  _ZN7drivers20Ina219_WriteRegisterEPNS_13Ina219ContextEht                                    
00007615  _ZN7drivers28LoraUart_GetControllerStatusEPKNS_15LoraUartContextEPj                         
00007641  _ZN7drivers35MotorDriverUart_GetControllerStatusEPKNS_22MotorDriverUartContextEPj           
0000766d  _ZN7drivers12Ina219_ResetEPNS_13Ina219ContextE                                              
00007697  _ZN7drivers23LoraUart_GetRxAvailableEPKNS_15LoraUartContextE                                
000076c1  _ZN7drivers30MotorDriverUart_GetRxAvailableEPKNS_22MotorDriverUartContextE                  
00007715  _ZN5board14Board_LoraInitEv                                                                 
0000773d  _ZN5board21Board_MotorDriverInitEv                                                          
00007765  _c_int00_noargs                                                                             
0000778d  DL_I2C_setClockConfig                                                                       
000077b3  SYSCFG_DL_init                                                                              
000077fd  _ZN7drivers17Button_WasPressedEPNS_13ButtonContextE                                         
0000781f  _ZN7drivers18Button_WasReleasedEPNS_13ButtonContextE                                        
00007841  _ZN5board10Board_InitEv                                                                     
00007861  _ZN7drivers17Ina219_GetAddressEPKNS_13Ina219ContextE                                        
0000787f  _ZN7drivers21Ina219_GetCalibrationEPKNS_13Ina219ContextE                                    
0000789d  _ZN3app7App_RunEv                                                                           
000078b9  _ZN5board19Board_ButtonReadRawENS_13BoardButtonIdEPb                                        
000078d5  _ZN5board21Board_ButtonIsPressedENS_13BoardButtonIdE                                        
000078f1  _ZN5board22Board_ButtonWasPressedENS_13BoardButtonIdE                                       
0000790d  _ZN5board23Board_ButtonWasReleasedENS_13BoardButtonIdE                                      
00007929  _ZN7drivers14Ina219_IsReadyEPKNS_13Ina219ContextE                                           
00007945  _ZN7drivers17Fm24cl64b_IsReadyEPKNS_16Fm24cl64bContextE                                     
00007961  _ZN8services19DebugUart_WriteCharEc                                                         
0000797d  _ZN7drivers16Button_IsPressedEPKNS_13ButtonContextE                                         
00007999  __aeabi_memset                                                                              
00007999  __aeabi_memset4                                                                             
00007999  __aeabi_memset8                                                                             
000079a7  __aeabi_memclr                                                                              
000079a7  __aeabi_memclr4                                                                             
000079a7  __aeabi_memclr8                                                                             
000079b5  _ZN5board15Board_I2cBusGetEj                                                                
000079cd  _ZN5board19Board_ButtonGetNameENS_13BoardButtonIdE                                          
000079e5  _ZN7drivers20LoraUart_GetBaudrateEPKNS_15LoraUartContextE                                   
000079fd  _ZN7drivers27MotorDriverUart_GetBaudrateEPKNS_22MotorDriverUartContextE                     
00007a2b  _ZN7drivers11Led_IsReadyEPKNS_10LedContextE                                                 
00007a41  _ZN7drivers14Buzzer_IsReadyEPKNS_13BuzzerContextE                                           
00007a57  _ZN7drivers16LoraUart_IsReadyEPKNS_15LoraUartContextE                                       
00007a6d  _ZN7drivers23MotorDriverUart_IsReadyEPKNS_22MotorDriverUartContextE                         
00007a83  __TI_zero_init_nomemset                                                                     
00007a99  _ZN5board14Board_FramInitEv                                                                 
00007aad  _ZN5board14Board_FramReadEtPht                                                              
00007ac1  _ZN5board15Board_LoraWriteEPKht                                                             
00007ad5  _ZN5board16Board_BuzzerInitEv                                                               
00007ae9  _ZN5board18Board_FramReadByteEtPh                                                           
00007afd  _ZN5board18Board_FramSelfTestEv                                                             
00007b11  _ZN5board19Board_FramWriteByteEth                                                           
00007b25  _ZN5board19Board_StatusLedInitEv                                                            
00007b39  _ZN5board22Board_MotorDriverWriteEPKht                                                      
00007b4d  _ZN5board24Board_Ina219ProbeAddressEhPt                                                     
00007b61  _ZN5board24Board_Ina219ReadRegisterEhPt                                                     
00007b75  _ZN5board25Board_Ina219WriteRegisterEht                                                     
00007b89  _ZN7drivers19Fm24cl64b_WriteByteEPNS_16Fm24cl64bContextEth                                  
00007b9d  _ZN8services15Shell_WriteLineEPKc                                                           
00007bb1  DL_UART_setClockConfig                                                                      
00007bc3  __TI_decompress_none                                                                        
00007bd5  SysTick_Handler                                                                             
00007be5  UART0_IRQHandler                                                                            
00007bf5  UART1_IRQHandler                                                                            
00007c15  _ZN5board14Board_BuzzerOnEv                                                                 
00007c25  _ZN5board15Board_BuzzerOffEv                                                                
00007c35  _ZN5board17Board_FramIsReadyEv                                                              
00007c45  _ZN5board17Board_Ina219ResetEv                                                              
00007c55  _ZN5board17Board_LoraIsReadyEv                                                              
00007c65  _ZN5board17Board_StatusLedOnEv                                                              
00007c75  _ZN5board18Board_LoraReadByteEPh                                                            
00007c85  _ZN5board18Board_StatusLedOffEv                                                             
00007c95  _ZN5board19Board_BuzzerIsReadyEv                                                            
00007ca5  _ZN5board19Board_Ina219IsReadyEv                                                            
00007cb5  _ZN5board19Board_LoraWriteByteEh                                                            
00007cc5  _ZN5board20Board_FramRecoverBusEv                                                           
00007cd5  _ZN5board21Board_LoraGetBaudrateEv                                                          
00007ce5  _ZN5board22Board_Ina219GetAddressEv                                                         
00007cf5  _ZN5board22Board_Ina219RecoverBusEv                                                         
00007d05  _ZN5board22Board_Ina219SetAddressEh                                                         
00007d15  _ZN5board22Board_StatusLedIsReadyEv                                                         
00007d25  _ZN5board23Board_Ina219CalibrationEv                                                        
00007d35  _ZN5board23Board_LoraClearRxBufferEv                                                        
00007d45  _ZN5board24Board_LoraGetRxAvailableEv                                                       
00007d55  _ZN5board24Board_MotorDriverIsReadyEv                                                       
00007d65  _ZN5board25Board_MotorDriverReadByteEPh                                                     
00007d75  _ZN5board26Board_MotorDriverWriteByteEh                                                     
00007d85  _ZN5board27Board_Ina219ReadMeasurementEPN7drivers17Ina219MeasurementE                       
00007d95  _ZN5board27Board_LoraGetRxDroppedCountEv                                                    
00007da5  _ZN5board28Board_Ina219ConfigureDefaultEv                                                   
00007db5  _ZN5board28Board_Ina219ReadRawRegistersEPN7drivers18Ina219RawRegistersE                     
00007dc5  _ZN5board28Board_MotorDriverGetBaudrateEv                                                   
00007dd5  _ZN5board29Board_LoraGetControllerStatusEPj                                                 
00007de5  _ZN5board30Board_MotorDriverClearRxBufferEv                                                 
00007df5  _ZN5board31Board_MotorDriverGetRxAvailableEv                                                
00007e05  _ZN5board34Board_MotorDriverGetRxDroppedCountEv                                             
00007e15  _ZN5board36Board_MotorDriverGetControllerStatusEPj                                          
00007e25  _ZN8services9Fault_SetENS_9FaultCodeE                                                       
00007e35  _ZN7drivers26LoraUart_GetRxDroppedCountEPKNS_15LoraUartContextE                             
00007e41  _ZN7drivers33MotorDriverUart_GetRxDroppedCountEPKNS_22MotorDriverUartContextE               
00007e4d  _ZN8services10Fault_InitEv                                                                  
00007e59  _ZN8services11Time_MillisEv                                                                 
00007e65  _ZN8services17DebugUart_IsReadyEv                                                           
00007e71  _ZN8services9Fault_GetEv                                                                    
00007e7d  DL_Common_delayCycles                                                                       
00007e87  _ZN7drivers18Fm24cl64b_ReadByteEPNS_16Fm24cl64bContextEtPh                                  
00007e91  _ZN8services15Shell_WriteCharEc                                                             
00007e99  _ZN8services17Shell_WriteStringEPKc                                                         
00007ea1  _ZN8services17Shell_WriteUInt32Ej                                                           
00007ea9  __aeabi_memcpy                                                                              
00007ea9  __aeabi_memcpy4                                                                             
00007ea9  __aeabi_memcpy8                                                                             
00007eb1  _ZN5board23Board_FramCapacityBytesEv                                                        
00007eb7  abort                                                                                       
00007ebc  C$$EXIT                                                                                     
00007ebd  HOSTexit                                                                                    
00007ec1  Reset_Handler                                                                               
00007ec5  _ZN5board17Board_I2cBusCountEv                                                              
00007ec9  _system_pre_init                                                                            
00008e80  __TI_Handler_Table_Base                                                                     
00008e8c  __TI_Handler_Table_Limit                                                                    
00008ea0  __TI_CINIT_Base                                                                             
00008eb0  __TI_CINIT_Limit                                                                            
00008eb0  __TI_CINIT_Warm                                                                             
20200000  __start___llvm_prf_bits                                                                     
20200000  __start___llvm_prf_cnts                                                                     
20200000  __stop___llvm_prf_bits                                                                      
20200000  __stop___llvm_prf_cnts                                                                      
2020ff00  __stack                                                                                     
20210000  __STACK_END                                                                                 
ffffffff  __TI_pprof_out_hndl                                                                         
ffffffff  __TI_prof_data_size                                                                         
ffffffff  __TI_prof_data_start                                                                        
ffffffff  __binit__                                                                                   
ffffffff  binit                                                                                       
UNDEFED   __mpu_init                                                                                  
UNDEFED   _system_post_cinit                                                                          

[262 symbols]
