<?xml version="1.0" encoding="ISO-8859-1" ?>
<link_info>
   <banner>TI ARM Clang Linker PC v5.1.1.LTS</banner>
   <copyright>Copyright (c) 1996-2018 Texas Instruments Incorporated</copyright>
   <command_line>C:\ti\ccs2100\ccs\tools\compiler\ti-cgt-armllvm_5.1.1.LTS\bin\tiarmlnk -IC:\ti\ccs2100\ccs\tools\compiler\ti-cgt-armllvm_5.1.1.LTS\lib -o MotorDriver.out --cg_opt_level=2 -mMotorDriver.map -iC:/ti/mspm0_sdk_2_10_00_04/source -iC:/Users/DdXd/workspace_ccstheia/MotorDriver -iC:/Users/DdXd/workspace_ccstheia/MotorDriver/Debug/syscfg -iC:/ti/ccs2100/ccs/tools/compiler/ti-cgt-armllvm_5.1.1.LTS/lib --diag_wrap=off --display_error_number --warn_sections --xml_link_info=MotorDriver_linkInfo.xml --rom_model ./empty_cpp.o ./ti_msp_dl_config.o ./startup_mspm0g351x_ticlang.o ./app/motor_app.o ./board/board_encoders.o ./board/board_motor_outputs.o ./board/board_uart.o ./control/motor_control.o ./drivers/drv8701.o ./drivers/quadrature_encoder.o ./drivers/uart_link.o ./protocol/register_map.o ./protocol/serial_protocol.o -l./device_linker.cmd -ldevice.cmd.genlibs -llibc.a --start-group -llibc++.a -llibc++abi.a -llibc.a -llibsys.a -llibsysbm.a -llibclang_rt.builtins.a -llibclang_rt.profile.a --end-group</command_line>
   <link_time>0x6a4ab5c2</link_time>
   <link_errors>0x0</link_errors>
   <output_file>C:\Users\DdXd\workspace_ccstheia\MotorDriver\Debug\MotorDriver.out</output_file>
   <entry_point>
      <name>_c_int00_noargs</name>
      <address>0x207d</address>
   </entry_point>
   <input_file_list>
      <input_file id="fl-1">
         <path>C:\Users\DdXd\workspace_ccstheia\MotorDriver\Debug\.\</path>
         <kind>object</kind>
         <file>empty_cpp.o</file>
         <name>empty_cpp.o</name>
      </input_file>
      <input_file id="fl-2">
         <path>C:\Users\DdXd\workspace_ccstheia\MotorDriver\Debug\.\</path>
         <kind>object</kind>
         <file>ti_msp_dl_config.o</file>
         <name>ti_msp_dl_config.o</name>
      </input_file>
      <input_file id="fl-3">
         <path>C:\Users\DdXd\workspace_ccstheia\MotorDriver\Debug\.\</path>
         <kind>object</kind>
         <file>startup_mspm0g351x_ticlang.o</file>
         <name>startup_mspm0g351x_ticlang.o</name>
      </input_file>
      <input_file id="fl-4">
         <path>C:\Users\DdXd\workspace_ccstheia\MotorDriver\Debug\.\app\</path>
         <kind>object</kind>
         <file>motor_app.o</file>
         <name>motor_app.o</name>
      </input_file>
      <input_file id="fl-5">
         <path>C:\Users\DdXd\workspace_ccstheia\MotorDriver\Debug\.\board\</path>
         <kind>object</kind>
         <file>board_encoders.o</file>
         <name>board_encoders.o</name>
      </input_file>
      <input_file id="fl-6">
         <path>C:\Users\DdXd\workspace_ccstheia\MotorDriver\Debug\.\board\</path>
         <kind>object</kind>
         <file>board_motor_outputs.o</file>
         <name>board_motor_outputs.o</name>
      </input_file>
      <input_file id="fl-7">
         <path>C:\Users\DdXd\workspace_ccstheia\MotorDriver\Debug\.\board\</path>
         <kind>object</kind>
         <file>board_uart.o</file>
         <name>board_uart.o</name>
      </input_file>
      <input_file id="fl-8">
         <path>C:\Users\DdXd\workspace_ccstheia\MotorDriver\Debug\.\control\</path>
         <kind>object</kind>
         <file>motor_control.o</file>
         <name>motor_control.o</name>
      </input_file>
      <input_file id="fl-9">
         <path>C:\Users\DdXd\workspace_ccstheia\MotorDriver\Debug\.\drivers\</path>
         <kind>object</kind>
         <file>drv8701.o</file>
         <name>drv8701.o</name>
      </input_file>
      <input_file id="fl-a">
         <path>C:\Users\DdXd\workspace_ccstheia\MotorDriver\Debug\.\drivers\</path>
         <kind>object</kind>
         <file>quadrature_encoder.o</file>
         <name>quadrature_encoder.o</name>
      </input_file>
      <input_file id="fl-b">
         <path>C:\Users\DdXd\workspace_ccstheia\MotorDriver\Debug\.\drivers\</path>
         <kind>object</kind>
         <file>uart_link.o</file>
         <name>uart_link.o</name>
      </input_file>
      <input_file id="fl-c">
         <path>C:\Users\DdXd\workspace_ccstheia\MotorDriver\Debug\.\protocol\</path>
         <kind>object</kind>
         <file>register_map.o</file>
         <name>register_map.o</name>
      </input_file>
      <input_file id="fl-d">
         <path>C:\Users\DdXd\workspace_ccstheia\MotorDriver\Debug\.\protocol\</path>
         <kind>object</kind>
         <file>serial_protocol.o</file>
         <name>serial_protocol.o</name>
      </input_file>
      <input_file id="fl-1a">
         <path>C:\Users\DdXd\workspace_ccstheia\MotorDriver\Debug\</path>
         <kind>object</kind>
         <file>&lt;internal&gt;</file>
         <name>&lt;internal&gt;</name>
      </input_file>
      <input_file id="fl-1b">
         <path>C:\ti\mspm0_sdk_2_10_00_04\source\ti\driverlib\lib\ticlang\m0p\mspm0gx51x\</path>
         <kind>archive</kind>
         <file>driverlib.a</file>
         <name>dl_common.o</name>
      </input_file>
      <input_file id="fl-1c">
         <path>C:\ti\mspm0_sdk_2_10_00_04\source\ti\driverlib\lib\ticlang\m0p\mspm0gx51x\</path>
         <kind>archive</kind>
         <file>driverlib.a</file>
         <name>dl_timer.o</name>
      </input_file>
      <input_file id="fl-1d">
         <path>C:\ti\mspm0_sdk_2_10_00_04\source\ti\driverlib\lib\ticlang\m0p\mspm0gx51x\</path>
         <kind>archive</kind>
         <file>driverlib.a</file>
         <name>dl_uart.o</name>
      </input_file>
      <input_file id="fl-3a">
         <path>C:\ti\ccs2100\ccs\tools\compiler\ti-cgt-armllvm_5.1.1.LTS\lib\armv6m-ti-none-eabi\c\</path>
         <kind>archive</kind>
         <file>libc.a</file>
         <name>boot_cortex_m.c.obj</name>
      </input_file>
      <input_file id="fl-3b">
         <path>C:\ti\ccs2100\ccs\tools\compiler\ti-cgt-armllvm_5.1.1.LTS\lib\armv6m-ti-none-eabi\c\</path>
         <kind>archive</kind>
         <file>libc.a</file>
         <name>mathacl_init.c.obj</name>
      </input_file>
      <input_file id="fl-3c">
         <path>C:\ti\ccs2100\ccs\tools\compiler\ti-cgt-armllvm_5.1.1.LTS\lib\armv6m-ti-none-eabi\c\</path>
         <kind>archive</kind>
         <file>libc.a</file>
         <name>autoinit.c.obj</name>
      </input_file>
      <input_file id="fl-3d">
         <path>C:\ti\ccs2100\ccs\tools\compiler\ti-cgt-armllvm_5.1.1.LTS\lib\armv6m-ti-none-eabi\c\</path>
         <kind>archive</kind>
         <file>libc.a</file>
         <name>pre_init.c.obj</name>
      </input_file>
      <input_file id="fl-3e">
         <path>C:\ti\ccs2100\ccs\tools\compiler\ti-cgt-armllvm_5.1.1.LTS\lib\armv6m-ti-none-eabi\c\</path>
         <kind>archive</kind>
         <file>libc.a</file>
         <name>cpy_tbl.c.obj</name>
      </input_file>
      <input_file id="fl-3f">
         <path>C:\ti\ccs2100\ccs\tools\compiler\ti-cgt-armllvm_5.1.1.LTS\lib\armv6m-ti-none-eabi\c\</path>
         <kind>archive</kind>
         <file>libc.a</file>
         <name>copy_zero_init.c.obj</name>
      </input_file>
      <input_file id="fl-40">
         <path>C:\ti\ccs2100\ccs\tools\compiler\ti-cgt-armllvm_5.1.1.LTS\lib\armv6m-ti-none-eabi\c\</path>
         <kind>archive</kind>
         <file>libc.a</file>
         <name>copy_decompress_none.c.obj</name>
      </input_file>
      <input_file id="fl-41">
         <path>C:\ti\ccs2100\ccs\tools\compiler\ti-cgt-armllvm_5.1.1.LTS\lib\armv6m-ti-none-eabi\c\</path>
         <kind>archive</kind>
         <file>libc.a</file>
         <name>copy_decompress_lzss.c.obj</name>
      </input_file>
      <input_file id="fl-42">
         <path>C:\ti\ccs2100\ccs\tools\compiler\ti-cgt-armllvm_5.1.1.LTS\lib\armv6m-ti-none-eabi\c\</path>
         <kind>archive</kind>
         <file>libc.a</file>
         <name>exit.c.obj</name>
      </input_file>
      <input_file id="fl-43">
         <path>C:\ti\ccs2100\ccs\tools\compiler\ti-cgt-armllvm_5.1.1.LTS\lib\armv6m-ti-none-eabi\c\</path>
         <kind>archive</kind>
         <file>libc.a</file>
         <name>_lock.c.obj</name>
      </input_file>
      <input_file id="fl-44">
         <path>C:\ti\ccs2100\ccs\tools\compiler\ti-cgt-armllvm_5.1.1.LTS\lib\armv6m-ti-none-eabi\c\</path>
         <kind>archive</kind>
         <file>libc.a</file>
         <name>args_main.c.obj</name>
      </input_file>
      <input_file id="fl-138">
         <path>C:\ti\ccs2100\ccs\tools\compiler\ti-cgt-armllvm_5.1.1.LTS\lib\armv6m-ti-none-eabi\c\</path>
         <kind>archive</kind>
         <file>libsysbm.a</file>
         <name>hostexit.c.obj</name>
      </input_file>
      <input_file id="fl-139">
         <path>C:\ti\ccs2100\ccs\tools\compiler\ti-cgt-armllvm_5.1.1.LTS\lib\armv6m-ti-none-eabi\</path>
         <kind>archive</kind>
         <file>libclang_rt.builtins.a</file>
         <name>muldi3.S.obj</name>
      </input_file>
      <input_file id="fl-13a">
         <path>C:\ti\ccs2100\ccs\tools\compiler\ti-cgt-armllvm_5.1.1.LTS\lib\armv6m-ti-none-eabi\</path>
         <kind>archive</kind>
         <file>libclang_rt.builtins.a</file>
         <name>aeabi_ldivmod.S.obj</name>
      </input_file>
      <input_file id="fl-13b">
         <path>C:\ti\ccs2100\ccs\tools\compiler\ti-cgt-armllvm_5.1.1.LTS\lib\armv6m-ti-none-eabi\</path>
         <kind>archive</kind>
         <file>libclang_rt.builtins.a</file>
         <name>aeabi_uidivmod.S.obj</name>
      </input_file>
      <input_file id="fl-13c">
         <path>C:\ti\ccs2100\ccs\tools\compiler\ti-cgt-armllvm_5.1.1.LTS\lib\armv6m-ti-none-eabi\</path>
         <kind>archive</kind>
         <file>libclang_rt.builtins.a</file>
         <name>aeabi_memcpy.S.obj</name>
      </input_file>
      <input_file id="fl-13d">
         <path>C:\ti\ccs2100\ccs\tools\compiler\ti-cgt-armllvm_5.1.1.LTS\lib\armv6m-ti-none-eabi\</path>
         <kind>archive</kind>
         <file>libclang_rt.builtins.a</file>
         <name>aeabi_memset.S.obj</name>
      </input_file>
      <input_file id="fl-13e">
         <path>C:\ti\ccs2100\ccs\tools\compiler\ti-cgt-armllvm_5.1.1.LTS\lib\armv6m-ti-none-eabi\</path>
         <kind>archive</kind>
         <file>libclang_rt.builtins.a</file>
         <name>muldsi3.S.obj</name>
      </input_file>
      <input_file id="fl-13f">
         <path>C:\ti\ccs2100\ccs\tools\compiler\ti-cgt-armllvm_5.1.1.LTS\lib\armv6m-ti-none-eabi\</path>
         <kind>archive</kind>
         <file>libclang_rt.builtins.a</file>
         <name>divmoddi4.c.obj</name>
      </input_file>
      <input_file id="fl-140">
         <path>C:\ti\ccs2100\ccs\tools\compiler\ti-cgt-armllvm_5.1.1.LTS\lib\armv6m-ti-none-eabi\</path>
         <kind>archive</kind>
         <file>libclang_rt.builtins.a</file>
         <name>aeabi_div0.c.obj</name>
      </input_file>
      <input_file id="fl-141">
         <path>C:\ti\ccs2100\ccs\tools\compiler\ti-cgt-armllvm_5.1.1.LTS\lib\armv6m-ti-none-eabi\</path>
         <kind>archive</kind>
         <file>libclang_rt.builtins.a</file>
         <name>udivmoddi4.S.obj</name>
      </input_file>
      <input_file id="fl-142">
         <path>C:\ti\ccs2100\ccs\tools\compiler\ti-cgt-armllvm_5.1.1.LTS\lib\armv6m-ti-none-eabi\</path>
         <kind>archive</kind>
         <file>libclang_rt.builtins.a</file>
         <name>ashldi3.S.obj</name>
      </input_file>
      <input_file id="fl-143">
         <path>C:\ti\ccs2100\ccs\tools\compiler\ti-cgt-armllvm_5.1.1.LTS\lib\armv6m-ti-none-eabi\c\</path>
         <kind>archive</kind>
         <file>libc.a</file>
         <name>memcpy16.S.obj</name>
      </input_file>
      <input_file id="fl-144">
         <path>C:\ti\ccs2100\ccs\tools\compiler\ti-cgt-armllvm_5.1.1.LTS\lib\armv6m-ti-none-eabi\c\</path>
         <kind>archive</kind>
         <file>libc.a</file>
         <name>memset16.S.obj</name>
      </input_file>
   </input_file_list>
   <object_component_list>
      <object_component id="oc-1a">
         <name>.intvecs</name>
         <load_address>0x0</load_address>
         <readonly>true</readonly>
         <run_address>0x0</run_address>
         <size>0xc0</size>
         <alignment>0x4</alignment>
         <input_file_ref idref="fl-3"/>
      </object_component>
      <object_component id="oc-159">
         <name>.text._ZN7control12_GLOBAL__N_116UpdateSpeedMotorERN8protocol11RegisterMapEPNS0_13SpeedPidStateEbisj</name>
         <load_address>0xc0</load_address>
         <readonly>true</readonly>
         <executable>true</executable>
         <run_address>0xc0</run_address>
         <size>0x472</size>
         <alignment>0x2</alignment>
         <input_file_ref idref="fl-8"/>
      </object_component>
      <object_component id="oc-35">
         <name>.text.Default_Handler</name>
         <load_address>0x532</load_address>
         <readonly>true</readonly>
         <executable>true</executable>
         <run_address>0x532</run_address>
         <size>0x2</size>
         <alignment>0x2</alignment>
         <input_file_ref idref="fl-3"/>
      </object_component>
      <object_component id="oc-155">
         <name>.text._ZN8protocol14SerialProtocol11HandleFrameEPNS_14SerialResponseEPbS3_</name>
         <load_address>0x534</load_address>
         <readonly>true</readonly>
         <executable>true</executable>
         <run_address>0x534</run_address>
         <size>0x214</size>
         <alignment>0x4</alignment>
         <input_file_ref idref="fl-d"/>
      </object_component>
      <object_component id="oc-af">
         <name>.text._ZN3app16MotorApp_ProcessEv</name>
         <load_address>0x748</load_address>
         <readonly>true</readonly>
         <executable>true</executable>
         <run_address>0x748</run_address>
         <size>0x1c4</size>
         <alignment>0x4</alignment>
         <input_file_ref idref="fl-4"/>
      </object_component>
      <object_component id="oc-ef">
         <name>.text._ZN8protocol11RegisterMap13RefreshStatusEv</name>
         <load_address>0x90c</load_address>
         <readonly>true</readonly>
         <executable>true</executable>
         <run_address>0x90c</run_address>
         <size>0x17a</size>
         <alignment>0x2</alignment>
         <input_file_ref idref="fl-c"/>
      </object_component>
      <object_component id="oc-1b3">
         <name>.text.__aeabi_idiv0</name>
         <load_address>0xa86</load_address>
         <readonly>true</readonly>
         <executable>true</executable>
         <run_address>0xa86</run_address>
         <size>0x2</size>
         <alignment>0x2</alignment>
         <input_file_ref idref="fl-140"/>
      </object_component>
      <object_component id="oc-f7">
         <name>.text._ZN8protocol14SerialProtocol11ProcessByteEhPNS_14SerialResponseEPbS3_</name>
         <load_address>0xa88</load_address>
         <readonly>true</readonly>
         <executable>true</executable>
         <run_address>0xa88</run_address>
         <size>0x14c</size>
         <alignment>0x4</alignment>
         <input_file_ref idref="fl-d"/>
      </object_component>
      <object_component id="oc-183">
         <name>.text._ZN8protocol11RegisterMap11CommitWriteEhPKhhPb</name>
         <load_address>0xbd4</load_address>
         <readonly>true</readonly>
         <executable>true</executable>
         <run_address>0xbd4</run_address>
         <size>0x142</size>
         <alignment>0x4</alignment>
         <input_file_ref idref="fl-c"/>
      </object_component>
      <object_component id="oc-1a8">
         <name>.text.__aeabi_ldiv0</name>
         <load_address>0xd16</load_address>
         <readonly>true</readonly>
         <executable>true</executable>
         <run_address>0xd16</run_address>
         <size>0x2</size>
         <alignment>0x2</alignment>
         <input_file_ref idref="fl-140"/>
      </object_component>
      <object_component id="oc-f0">
         <name>.text._ZN3app12_GLOBAL__N_120SyncEncoderRegistersEv</name>
         <load_address>0xd18</load_address>
         <readonly>true</readonly>
         <executable>true</executable>
         <run_address>0xd18</run_address>
         <size>0x124</size>
         <alignment>0x4</alignment>
         <input_file_ref idref="fl-4"/>
      </object_component>
      <object_component id="oc-120">
         <name>.text.DL_Timer_initFourCCPWMMode</name>
         <load_address>0xe3c</load_address>
         <readonly>true</readonly>
         <executable>true</executable>
         <run_address>0xe3c</run_address>
         <size>0x104</size>
         <alignment>0x4</alignment>
         <input_file_ref idref="fl-1c"/>
      </object_component>
      <object_component id="oc-13e">
         <name>.text._ZN7drivers22QuadratureEncoder_InitEv</name>
         <load_address>0xf40</load_address>
         <readonly>true</readonly>
         <executable>true</executable>
         <run_address>0xf40</run_address>
         <size>0xd8</size>
         <alignment>0x4</alignment>
         <input_file_ref idref="fl-a"/>
      </object_component>
      <object_component id="oc-157">
         <name>.text._ZN7drivers14UartLink_WriteEPNS_15UartLinkContextEPKhh</name>
         <load_address>0x1018</load_address>
         <readonly>true</readonly>
         <executable>true</executable>
         <run_address>0x1018</run_address>
         <size>0xc8</size>
         <alignment>0x4</alignment>
         <input_file_ref idref="fl-b"/>
      </object_component>
      <object_component id="oc-184">
         <name>.text._ZNK8protocol11RegisterMap9ReadBlockEhhPh</name>
         <load_address>0x10e0</load_address>
         <readonly>true</readonly>
         <executable>true</executable>
         <run_address>0x10e0</run_address>
         <size>0xc0</size>
         <alignment>0x2</alignment>
         <input_file_ref idref="fl-c"/>
      </object_component>
      <object_component id="oc-1a2">
         <name>.text._ZNK8protocol11RegisterMap12ApplyWriteToEPhhh</name>
         <load_address>0x11a0</load_address>
         <readonly>true</readonly>
         <executable>true</executable>
         <run_address>0x11a0</run_address>
         <size>0xbc</size>
         <alignment>0x4</alignment>
         <input_file_ref idref="fl-c"/>
      </object_component>
      <object_component id="oc-f1">
         <name>.text._ZN7control18MotorControl_ApplyERKN8protocol11RegisterMapEb</name>
         <load_address>0x125c</load_address>
         <readonly>true</readonly>
         <executable>true</executable>
         <run_address>0x125c</run_address>
         <size>0xb0</size>
         <alignment>0x2</alignment>
         <input_file_ref idref="fl-8"/>
      </object_component>
      <object_component id="oc-17f">
         <name>.text._ZN7drivers14Drv8701_SetRunENS_7MotorIdENS_14MotorDirectionEh</name>
         <load_address>0x130c</load_address>
         <readonly>true</readonly>
         <executable>true</executable>
         <run_address>0x130c</run_address>
         <size>0xa8</size>
         <alignment>0x4</alignment>
         <input_file_ref idref="fl-9"/>
      </object_component>
      <object_component id="oc-19b">
         <name>.text</name>
         <load_address>0x13b4</load_address>
         <readonly>true</readonly>
         <executable>true</executable>
         <run_address>0x13b4</run_address>
         <size>0xa2</size>
         <alignment>0x4</alignment>
         <input_file_ref idref="fl-141"/>
      </object_component>
      <object_component id="oc-6b">
         <name>.text._ZN7drivers37QuadratureEncoder_HandleGpioInterruptEv</name>
         <load_address>0x1458</load_address>
         <readonly>true</readonly>
         <executable>true</executable>
         <run_address>0x1458</run_address>
         <size>0xa0</size>
         <alignment>0x4</alignment>
         <input_file_ref idref="fl-a"/>
      </object_component>
      <object_component id="oc-a4">
         <name>.text:memcpy</name>
         <load_address>0x14f8</load_address>
         <readonly>true</readonly>
         <executable>true</executable>
         <run_address>0x14f8</run_address>
         <size>0x9a</size>
         <alignment>0x1</alignment>
         <input_file_ref idref="fl-143"/>
      </object_component>
      <object_component id="oc-d8">
         <name>.text.SYSCFG_DL_UART_CONTROL_init</name>
         <load_address>0x1594</load_address>
         <readonly>true</readonly>
         <executable>true</executable>
         <run_address>0x1594</run_address>
         <size>0x88</size>
         <alignment>0x4</alignment>
         <input_file_ref idref="fl-2"/>
      </object_component>
      <object_component id="oc-13f">
         <name>.text._ZN7drivers13UartLink_InitEPNS_15UartLinkContextEPKNS_14UartLinkConfigE</name>
         <load_address>0x161c</load_address>
         <readonly>true</readonly>
         <executable>true</executable>
         <run_address>0x161c</run_address>
         <size>0x84</size>
         <alignment>0x4</alignment>
         <input_file_ref idref="fl-b"/>
      </object_component>
      <object_component id="oc-1a3">
         <name>.text._ZNK8protocol11RegisterMap17IsControlRegisterEh</name>
         <load_address>0x16a0</load_address>
         <readonly>true</readonly>
         <executable>true</executable>
         <run_address>0x16a0</run_address>
         <size>0x7e</size>
         <alignment>0x4</alignment>
         <input_file_ref idref="fl-c"/>
      </object_component>
      <object_component id="oc-153">
         <name>.text._ZN7drivers25QuadratureEncoder_ProcessEj</name>
         <load_address>0x1720</load_address>
         <readonly>true</readonly>
         <executable>true</executable>
         <run_address>0x1720</run_address>
         <size>0x7c</size>
         <alignment>0x4</alignment>
         <input_file_ref idref="fl-a"/>
      </object_component>
      <object_component id="oc-1e">
         <name>.text:decompress:lzss</name>
         <load_address>0x179c</load_address>
         <readonly>true</readonly>
         <executable>true</executable>
         <run_address>0x179c</run_address>
         <size>0x7c</size>
         <alignment>0x4</alignment>
         <input_file_ref idref="fl-41"/>
      </object_component>
      <object_component id="oc-d3">
         <name>.text.SYSCFG_DL_GPIO_init</name>
         <load_address>0x1818</load_address>
         <readonly>true</readonly>
         <executable>true</executable>
         <run_address>0x1818</run_address>
         <size>0x78</size>
         <alignment>0x4</alignment>
         <input_file_ref idref="fl-2"/>
      </object_component>
      <object_component id="oc-ae">
         <name>.text._ZN3app13MotorApp_InitEv</name>
         <load_address>0x1890</load_address>
         <readonly>true</readonly>
         <executable>true</executable>
         <run_address>0x1890</run_address>
         <size>0x78</size>
         <alignment>0x4</alignment>
         <input_file_ref idref="fl-4"/>
      </object_component>
      <object_component id="oc-db">
         <name>.text._ZN8protocol11RegisterMap4InitEv</name>
         <load_address>0x1908</load_address>
         <readonly>true</readonly>
         <executable>true</executable>
         <run_address>0x1908</run_address>
         <size>0x76</size>
         <alignment>0x2</alignment>
         <input_file_ref idref="fl-c"/>
      </object_component>
      <object_component id="oc-d6">
         <name>.text.SYSCFG_DL_PWM_M1_EN_init</name>
         <load_address>0x1980</load_address>
         <readonly>true</readonly>
         <executable>true</executable>
         <run_address>0x1980</run_address>
         <size>0x74</size>
         <alignment>0x4</alignment>
         <input_file_ref idref="fl-2"/>
      </object_component>
      <object_component id="oc-d7">
         <name>.text.SYSCFG_DL_PWM_M2_EN_init</name>
         <load_address>0x19f4</load_address>
         <readonly>true</readonly>
         <executable>true</executable>
         <run_address>0x19f4</run_address>
         <size>0x74</size>
         <alignment>0x4</alignment>
         <input_file_ref idref="fl-2"/>
      </object_component>
      <object_component id="oc-74">
         <name>.text._ZN7drivers19UartLink_IrqHandlerEPNS_15UartLinkContextE</name>
         <load_address>0x1a68</load_address>
         <readonly>true</readonly>
         <executable>true</executable>
         <run_address>0x1a68</run_address>
         <size>0x6c</size>
         <alignment>0x4</alignment>
         <input_file_ref idref="fl-b"/>
      </object_component>
      <object_component id="oc-16c">
         <name>.text._ZN7drivers12Drv8701_InitEv</name>
         <load_address>0x1ad4</load_address>
         <readonly>true</readonly>
         <executable>true</executable>
         <run_address>0x1ad4</run_address>
         <size>0x64</size>
         <alignment>0x4</alignment>
         <input_file_ref idref="fl-9"/>
      </object_component>
      <object_component id="oc-d1">
         <name>.text:memset</name>
         <load_address>0x1b38</load_address>
         <readonly>true</readonly>
         <executable>true</executable>
         <run_address>0x1b38</run_address>
         <size>0x62</size>
         <alignment>0x1</alignment>
         <input_file_ref idref="fl-144"/>
      </object_component>
      <object_component id="oc-f9">
         <name>.text._ZNK8protocol11RegisterMap16HasActiveCommandEv</name>
         <load_address>0x1b9a</load_address>
         <readonly>true</readonly>
         <executable>true</executable>
         <run_address>0x1b9a</run_address>
         <size>0x5e</size>
         <alignment>0x2</alignment>
         <input_file_ref idref="fl-c"/>
      </object_component>
      <object_component id="oc-158">
         <name>.text._ZN7drivers23QuadratureEncoder_ResetENS_9EncoderIdE</name>
         <load_address>0x1bf8</load_address>
         <readonly>true</readonly>
         <executable>true</executable>
         <run_address>0x1bf8</run_address>
         <size>0x5c</size>
         <alignment>0x4</alignment>
         <input_file_ref idref="fl-a"/>
      </object_component>
      <object_component id="oc-14c">
         <name>.text._ZN8protocol11RegisterMap21UpdateEncoderSnapshotEiihiih</name>
         <load_address>0x1c54</load_address>
         <readonly>true</readonly>
         <executable>true</executable>
         <run_address>0x1c54</run_address>
         <size>0x5a</size>
         <alignment>0x2</alignment>
         <input_file_ref idref="fl-c"/>
      </object_component>
      <object_component id="oc-12e">
         <name>.text.DL_UART_init</name>
         <load_address>0x1cb0</load_address>
         <readonly>true</readonly>
         <executable>true</executable>
         <run_address>0x1cb0</run_address>
         <size>0x48</size>
         <alignment>0x4</alignment>
         <input_file_ref idref="fl-1d"/>
      </object_component>
      <object_component id="oc-d2">
         <name>.text.SYSCFG_DL_initPower</name>
         <load_address>0x1cf8</load_address>
         <readonly>true</readonly>
         <executable>true</executable>
         <run_address>0x1cf8</run_address>
         <size>0x48</size>
         <alignment>0x4</alignment>
         <input_file_ref idref="fl-2"/>
      </object_component>
      <object_component id="oc-174">
         <name>.text._ZN7drivers29QuadratureEncoder_GetSnapshotENS_9EncoderIdE</name>
         <load_address>0x1d40</load_address>
         <readonly>true</readonly>
         <executable>true</executable>
         <run_address>0x1d40</run_address>
         <size>0x44</size>
         <alignment>0x4</alignment>
         <input_file_ref idref="fl-a"/>
      </object_component>
      <object_component id="oc-154">
         <name>.text._ZN7drivers17UartLink_ReadByteEPNS_15UartLinkContextEPh</name>
         <load_address>0x1d84</load_address>
         <readonly>true</readonly>
         <executable>true</executable>
         <run_address>0x1d84</run_address>
         <size>0x40</size>
         <alignment>0x2</alignment>
         <input_file_ref idref="fl-b"/>
      </object_component>
      <object_component id="oc-1a4">
         <name>.text</name>
         <load_address>0x1dc4</load_address>
         <readonly>true</readonly>
         <executable>true</executable>
         <run_address>0x1dc4</run_address>
         <size>0x40</size>
         <alignment>0x4</alignment>
         <input_file_ref idref="fl-13b"/>
      </object_component>
      <object_component id="oc-17a">
         <name>.text.__divmoddi4</name>
         <load_address>0x1e04</load_address>
         <readonly>true</readonly>
         <executable>true</executable>
         <run_address>0x1e04</run_address>
         <size>0x3e</size>
         <alignment>0x2</alignment>
         <input_file_ref idref="fl-13f"/>
      </object_component>
      <object_component id="oc-e7">
         <name>.text._ZN7control17MotorControl_InitEv</name>
         <load_address>0x1e44</load_address>
         <readonly>true</readonly>
         <executable>true</executable>
         <run_address>0x1e44</run_address>
         <size>0x3c</size>
         <alignment>0x4</alignment>
         <input_file_ref idref="fl-8"/>
      </object_component>
      <object_component id="oc-101">
         <name>.text._ZN7control24MotorControl_UpdateSpeedERN8protocol11RegisterMapEisisj</name>
         <load_address>0x1e80</load_address>
         <readonly>true</readonly>
         <executable>true</executable>
         <run_address>0x1e80</run_address>
         <size>0x3c</size>
         <alignment>0x4</alignment>
         <input_file_ref idref="fl-8"/>
      </object_component>
      <object_component id="oc-b9">
         <name>.text:__TI_auto_init_nobinit_nopinit</name>
         <load_address>0x1ebc</load_address>
         <readonly>true</readonly>
         <executable>true</executable>
         <run_address>0x1ebc</run_address>
         <size>0x3c</size>
         <alignment>0x4</alignment>
         <input_file_ref idref="fl-3c"/>
      </object_component>
      <object_component id="oc-175">
         <name>.text</name>
         <load_address>0x1ef8</load_address>
         <readonly>true</readonly>
         <executable>true</executable>
         <run_address>0x1ef8</run_address>
         <size>0x3a</size>
         <alignment>0x4</alignment>
         <input_file_ref idref="fl-13e"/>
      </object_component>
      <object_component id="oc-18a">
         <name>.text._ZN8protocol11RegisterMap23SetMotorDutyFromControlEbh</name>
         <load_address>0x1f32</load_address>
         <readonly>true</readonly>
         <executable>true</executable>
         <run_address>0x1f32</run_address>
         <size>0x36</size>
         <alignment>0x2</alignment>
         <input_file_ref idref="fl-c"/>
      </object_component>
      <object_component id="oc-ff">
         <name>.text._ZN8protocol11RegisterMap19ForceCoastOnTimeoutEv</name>
         <load_address>0x1f68</load_address>
         <readonly>true</readonly>
         <executable>true</executable>
         <run_address>0x1f68</run_address>
         <size>0x32</size>
         <alignment>0x2</alignment>
         <input_file_ref idref="fl-c"/>
      </object_component>
      <object_component id="oc-d4">
         <name>.text.SYSCFG_DL_SYSCTL_init</name>
         <load_address>0x1f9c</load_address>
         <readonly>true</readonly>
         <executable>true</executable>
         <run_address>0x1f9c</run_address>
         <size>0x30</size>
         <alignment>0x4</alignment>
         <input_file_ref idref="fl-2"/>
      </object_component>
      <object_component id="oc-197">
         <name>.text._ZN8protocol11RegisterMap25SetMotorOutputFromControlEbhh</name>
         <load_address>0x1fcc</load_address>
         <readonly>true</readonly>
         <executable>true</executable>
         <run_address>0x1fcc</run_address>
         <size>0x2e</size>
         <alignment>0x2</alignment>
         <input_file_ref idref="fl-c"/>
      </object_component>
      <object_component id="oc-182">
         <name>.text._ZN7drivers16Drv8701_SetBrakeENS_7MotorIdE</name>
         <load_address>0x1ffc</load_address>
         <readonly>true</readonly>
         <executable>true</executable>
         <run_address>0x1ffc</run_address>
         <size>0x2c</size>
         <alignment>0x4</alignment>
         <input_file_ref idref="fl-9"/>
      </object_component>
      <object_component id="oc-181">
         <name>.text._ZN7drivers16Drv8701_SetCoastENS_7MotorIdE</name>
         <load_address>0x2028</load_address>
         <readonly>true</readonly>
         <executable>true</executable>
         <run_address>0x2028</run_address>
         <size>0x2c</size>
         <alignment>0x4</alignment>
         <input_file_ref idref="fl-9"/>
      </object_component>
      <object_component id="oc-ee">
         <name>.text._ZN5board14BoardUart_InitEv</name>
         <load_address>0x2054</load_address>
         <readonly>true</readonly>
         <executable>true</executable>
         <run_address>0x2054</run_address>
         <size>0x28</size>
         <alignment>0x4</alignment>
         <input_file_ref idref="fl-7"/>
      </object_component>
      <object_component id="oc-60">
         <name>.text:_c_int00_noargs</name>
         <load_address>0x207c</load_address>
         <readonly>true</readonly>
         <executable>true</executable>
         <run_address>0x207c</run_address>
         <size>0x28</size>
         <alignment>0x4</alignment>
         <input_file_ref idref="fl-3a"/>
      </object_component>
      <object_component id="oc-143">
         <name>.text</name>
         <load_address>0x20a4</load_address>
         <readonly>true</readonly>
         <executable>true</executable>
         <run_address>0x20a4</run_address>
         <size>0x24</size>
         <alignment>0x4</alignment>
         <input_file_ref idref="fl-139"/>
      </object_component>
      <object_component id="oc-18d">
         <name>.text._ZN8protocol11RegisterMap19UpdatePositionErrorEbi</name>
         <load_address>0x20c8</load_address>
         <readonly>true</readonly>
         <executable>true</executable>
         <run_address>0x20c8</run_address>
         <size>0x22</size>
         <alignment>0x2</alignment>
         <input_file_ref idref="fl-c"/>
      </object_component>
      <object_component id="oc-1ae">
         <name>.text</name>
         <load_address>0x20ec</load_address>
         <readonly>true</readonly>
         <executable>true</executable>
         <run_address>0x20ec</run_address>
         <size>0x1e</size>
         <alignment>0x4</alignment>
         <input_file_ref idref="fl-142"/>
      </object_component>
      <object_component id="oc-122">
         <name>.text.DL_Timer_setCaptCompUpdateMethod</name>
         <load_address>0x210c</load_address>
         <readonly>true</readonly>
         <executable>true</executable>
         <run_address>0x210c</run_address>
         <size>0x1c</size>
         <alignment>0x4</alignment>
         <input_file_ref idref="fl-1c"/>
      </object_component>
      <object_component id="oc-11a">
         <name>.text.DL_Timer_setClockConfig</name>
         <load_address>0x2128</load_address>
         <readonly>true</readonly>
         <executable>true</executable>
         <run_address>0x2128</run_address>
         <size>0x1c</size>
         <alignment>0x4</alignment>
         <input_file_ref idref="fl-1c"/>
      </object_component>
      <object_component id="oc-a9">
         <name>.text.SYSCFG_DL_init</name>
         <load_address>0x2144</load_address>
         <readonly>true</readonly>
         <executable>true</executable>
         <run_address>0x2144</run_address>
         <size>0x1c</size>
         <alignment>0x2</alignment>
         <input_file_ref idref="fl-2"/>
      </object_component>
      <object_component id="oc-189">
         <name>.text._ZN8protocol11RegisterMap16UpdateHoldTargetEbi</name>
         <load_address>0x2160</load_address>
         <readonly>true</readonly>
         <executable>true</executable>
         <run_address>0x2160</run_address>
         <size>0x1c</size>
         <alignment>0x2</alignment>
         <input_file_ref idref="fl-c"/>
      </object_component>
      <object_component id="oc-18f">
         <name>.text._ZN8protocol11RegisterMap26UpdateTargetRpmFromControlEbt</name>
         <load_address>0x217c</load_address>
         <readonly>true</readonly>
         <executable>true</executable>
         <run_address>0x217c</run_address>
         <size>0x1a</size>
         <alignment>0x2</alignment>
         <input_file_ref idref="fl-c"/>
      </object_component>
      <object_component id="oc-142">
         <name>.text._ZNK8protocol11RegisterMap14M1CountsPerRevEv</name>
         <load_address>0x2196</load_address>
         <readonly>true</readonly>
         <executable>true</executable>
         <run_address>0x2196</run_address>
         <size>0x1a</size>
         <alignment>0x2</alignment>
         <input_file_ref idref="fl-c"/>
      </object_component>
      <object_component id="oc-14b">
         <name>.text._ZNK8protocol11RegisterMap14M2CountsPerRevEv</name>
         <load_address>0x21b0</load_address>
         <readonly>true</readonly>
         <executable>true</executable>
         <run_address>0x21b0</run_address>
         <size>0x1a</size>
         <alignment>0x2</alignment>
         <input_file_ref idref="fl-c"/>
      </object_component>
      <object_component id="oc-186">
         <name>.text._ZNK8protocol11RegisterMap16M1TargetPositionEv</name>
         <load_address>0x21ca</load_address>
         <readonly>true</readonly>
         <executable>true</executable>
         <run_address>0x21ca</run_address>
         <size>0x1a</size>
         <alignment>0x2</alignment>
         <input_file_ref idref="fl-c"/>
      </object_component>
      <object_component id="oc-188">
         <name>.text._ZNK8protocol11RegisterMap16M2TargetPositionEv</name>
         <load_address>0x21e4</load_address>
         <readonly>true</readonly>
         <executable>true</executable>
         <run_address>0x21e4</run_address>
         <size>0x1a</size>
         <alignment>0x2</alignment>
         <input_file_ref idref="fl-c"/>
      </object_component>
      <object_component id="oc-82">
         <name>.text</name>
         <load_address>0x2200</load_address>
         <readonly>true</readonly>
         <executable>true</executable>
         <run_address>0x2200</run_address>
         <size>0x1a</size>
         <alignment>0x4</alignment>
         <input_file_ref idref="fl-13d"/>
      </object_component>
      <object_component id="oc-121">
         <name>.text.DL_Timer_setCaptureCompareOutCtl</name>
         <load_address>0x221c</load_address>
         <readonly>true</readonly>
         <executable>true</executable>
         <run_address>0x221c</run_address>
         <size>0x18</size>
         <alignment>0x4</alignment>
         <input_file_ref idref="fl-1c"/>
      </object_component>
      <object_component id="oc-8a">
         <name>.text.main</name>
         <load_address>0x2234</load_address>
         <readonly>true</readonly>
         <executable>true</executable>
         <run_address>0x2234</run_address>
         <size>0x16</size>
         <alignment>0x2</alignment>
         <input_file_ref idref="fl-1"/>
      </object_component>
      <object_component id="oc-57">
         <name>.text:decompress:ZI:__TI_zero_init_nomemset</name>
         <load_address>0x224a</load_address>
         <readonly>true</readonly>
         <executable>true</executable>
         <run_address>0x224a</run_address>
         <size>0x16</size>
         <alignment>0x2</alignment>
         <input_file_ref idref="fl-3f"/>
      </object_component>
      <object_component id="oc-f8">
         <name>.text._ZN5board15BoardUart_WriteEPKhh</name>
         <load_address>0x2260</load_address>
         <readonly>true</readonly>
         <executable>true</executable>
         <run_address>0x2260</run_address>
         <size>0x14</size>
         <alignment>0x4</alignment>
         <input_file_ref idref="fl-7"/>
      </object_component>
      <object_component id="oc-147">
         <name>.text</name>
         <load_address>0x2274</load_address>
         <readonly>true</readonly>
         <executable>true</executable>
         <run_address>0x2274</run_address>
         <size>0x14</size>
         <alignment>0x4</alignment>
         <input_file_ref idref="fl-13a"/>
      </object_component>
      <object_component id="oc-128">
         <name>.text.DL_UART_setClockConfig</name>
         <load_address>0x2288</load_address>
         <readonly>true</readonly>
         <executable>true</executable>
         <run_address>0x2288</run_address>
         <size>0x12</size>
         <alignment>0x2</alignment>
         <input_file_ref idref="fl-1d"/>
      </object_component>
      <object_component id="oc-14d">
         <name>.text._ZN8protocol11RegisterMap17UpdateMeasuredRpmEss</name>
         <load_address>0x229a</load_address>
         <readonly>true</readonly>
         <executable>true</executable>
         <run_address>0x229a</run_address>
         <size>0x12</size>
         <alignment>0x2</alignment>
         <input_file_ref idref="fl-c"/>
      </object_component>
      <object_component id="oc-22">
         <name>.text:decompress:none</name>
         <load_address>0x22ac</load_address>
         <readonly>true</readonly>
         <executable>true</executable>
         <run_address>0x22ac</run_address>
         <size>0x12</size>
         <alignment>0x2</alignment>
         <input_file_ref idref="fl-40"/>
      </object_component>
      <object_component id="oc-123">
         <name>.text.DL_Timer_setCaptureCompareValue</name>
         <load_address>0x22c0</load_address>
         <readonly>true</readonly>
         <executable>true</executable>
         <run_address>0x22c0</run_address>
         <size>0x10</size>
         <alignment>0x4</alignment>
         <input_file_ref idref="fl-1c"/>
      </object_component>
      <object_component id="oc-36">
         <name>.text.SysTick_Handler</name>
         <load_address>0x22d0</load_address>
         <readonly>true</readonly>
         <executable>true</executable>
         <run_address>0x22d0</run_address>
         <size>0x10</size>
         <alignment>0x4</alignment>
         <input_file_ref idref="fl-4"/>
      </object_component>
      <object_component id="oc-40">
         <name>.text.UART4_IRQHandler</name>
         <load_address>0x22e0</load_address>
         <readonly>true</readonly>
         <executable>true</executable>
         <run_address>0x22e0</run_address>
         <size>0x10</size>
         <alignment>0x4</alignment>
         <input_file_ref idref="fl-7"/>
      </object_component>
      <object_component id="oc-f6">
         <name>.text._ZN5board18BoardUart_ReadByteEPh</name>
         <load_address>0x22f0</load_address>
         <readonly>true</readonly>
         <executable>true</executable>
         <run_address>0x22f0</run_address>
         <size>0x10</size>
         <alignment>0x4</alignment>
         <input_file_ref idref="fl-7"/>
      </object_component>
      <object_component id="oc-185">
         <name>.text._ZNK8protocol11RegisterMap11M1TargetRpmEv</name>
         <load_address>0x2300</load_address>
         <readonly>true</readonly>
         <executable>true</executable>
         <run_address>0x2300</run_address>
         <size>0x10</size>
         <alignment>0x2</alignment>
         <input_file_ref idref="fl-c"/>
      </object_component>
      <object_component id="oc-187">
         <name>.text._ZNK8protocol11RegisterMap11M2TargetRpmEv</name>
         <load_address>0x2310</load_address>
         <readonly>true</readonly>
         <executable>true</executable>
         <run_address>0x2310</run_address>
         <size>0x10</size>
         <alignment>0x2</alignment>
         <input_file_ref idref="fl-c"/>
      </object_component>
      <object_component id="oc-18c">
         <name>.text._ZNK8protocol11RegisterMap14PositionMaxRpmEv</name>
         <load_address>0x2320</load_address>
         <readonly>true</readonly>
         <executable>true</executable>
         <run_address>0x2320</run_address>
         <size>0x10</size>
         <alignment>0x2</alignment>
         <input_file_ref idref="fl-c"/>
      </object_component>
      <object_component id="oc-18b">
         <name>.text._ZNK8protocol11RegisterMap17PositionToleranceEv</name>
         <load_address>0x2330</load_address>
         <readonly>true</readonly>
         <executable>true</executable>
         <run_address>0x2330</run_address>
         <size>0x10</size>
         <alignment>0x2</alignment>
         <input_file_ref idref="fl-c"/>
      </object_component>
      <object_component id="oc-fc">
         <name>.text._ZN8protocol11RegisterMap16SetTimeoutActiveEb</name>
         <load_address>0x2340</load_address>
         <readonly>true</readonly>
         <executable>true</executable>
         <run_address>0x2340</run_address>
         <size>0xc</size>
         <alignment>0x2</alignment>
         <input_file_ref idref="fl-c"/>
      </object_component>
      <object_component id="oc-14e">
         <name>.text._ZNK8protocol11RegisterMap4ReadEh</name>
         <load_address>0x234c</load_address>
         <readonly>true</readonly>
         <executable>true</executable>
         <run_address>0x234c</run_address>
         <size>0xc</size>
         <alignment>0x2</alignment>
         <input_file_ref idref="fl-c"/>
      </object_component>
      <object_component id="oc-116">
         <name>.text.DL_Common_delayCycles</name>
         <load_address>0x2358</load_address>
         <readonly>true</readonly>
         <executable>true</executable>
         <run_address>0x2358</run_address>
         <size>0xa</size>
         <alignment>0x2</alignment>
         <input_file_ref idref="fl-1b"/>
      </object_component>
      <object_component id="oc-3b">
         <name>.text.GROUP1_IRQHandler</name>
         <load_address>0x2362</load_address>
         <readonly>true</readonly>
         <executable>true</executable>
         <run_address>0x2362</run_address>
         <size>0x8</size>
         <alignment>0x2</alignment>
         <input_file_ref idref="fl-5"/>
      </object_component>
      <object_component id="oc-ed">
         <name>.text._ZN5board18BoardEncoders_InitEv</name>
         <load_address>0x236a</load_address>
         <readonly>true</readonly>
         <executable>true</executable>
         <run_address>0x236a</run_address>
         <size>0x8</size>
         <alignment>0x2</alignment>
         <input_file_ref idref="fl-5"/>
      </object_component>
      <object_component id="oc-fd">
         <name>.text._ZN5board19BoardEncoders_ResetEN7drivers9EncoderIdE</name>
         <load_address>0x2372</load_address>
         <readonly>true</readonly>
         <executable>true</executable>
         <run_address>0x2372</run_address>
         <size>0x8</size>
         <alignment>0x2</alignment>
         <input_file_ref idref="fl-5"/>
      </object_component>
      <object_component id="oc-f5">
         <name>.text._ZN5board21BoardEncoders_ProcessEj</name>
         <load_address>0x237a</load_address>
         <readonly>true</readonly>
         <executable>true</executable>
         <run_address>0x237a</run_address>
         <size>0x8</size>
         <alignment>0x2</alignment>
         <input_file_ref idref="fl-5"/>
      </object_component>
      <object_component id="oc-14f">
         <name>.text._ZN5board21BoardMotorOutputs_RunEN7drivers7MotorIdENS0_14MotorDirectionEh</name>
         <load_address>0x2382</load_address>
         <readonly>true</readonly>
         <executable>true</executable>
         <run_address>0x2382</run_address>
         <size>0x8</size>
         <alignment>0x2</alignment>
         <input_file_ref idref="fl-6"/>
      </object_component>
      <object_component id="oc-135">
         <name>.text._ZN5board22BoardMotorOutputs_InitEv</name>
         <load_address>0x238a</load_address>
         <readonly>true</readonly>
         <executable>true</executable>
         <run_address>0x238a</run_address>
         <size>0x8</size>
         <alignment>0x2</alignment>
         <input_file_ref idref="fl-6"/>
      </object_component>
      <object_component id="oc-152">
         <name>.text._ZN5board23BoardMotorOutputs_BrakeEN7drivers7MotorIdE</name>
         <load_address>0x2392</load_address>
         <readonly>true</readonly>
         <executable>true</executable>
         <run_address>0x2392</run_address>
         <size>0x8</size>
         <alignment>0x2</alignment>
         <input_file_ref idref="fl-6"/>
      </object_component>
      <object_component id="oc-151">
         <name>.text._ZN5board23BoardMotorOutputs_CoastEN7drivers7MotorIdE</name>
         <load_address>0x239a</load_address>
         <readonly>true</readonly>
         <executable>true</executable>
         <run_address>0x239a</run_address>
         <size>0x8</size>
         <alignment>0x2</alignment>
         <input_file_ref idref="fl-6"/>
      </object_component>
      <object_component id="oc-141">
         <name>.text._ZN5board25BoardEncoders_GetSnapshotEN7drivers9EncoderIdE</name>
         <load_address>0x23a2</load_address>
         <readonly>true</readonly>
         <executable>true</executable>
         <run_address>0x23a2</run_address>
         <size>0x8</size>
         <alignment>0x2</alignment>
         <input_file_ref idref="fl-5"/>
      </object_component>
      <object_component id="oc-fb">
         <name>.text._ZN8protocol11RegisterMap19ClearEncoderControlEv</name>
         <load_address>0x23aa</load_address>
         <readonly>true</readonly>
         <executable>true</executable>
         <run_address>0x23aa</run_address>
         <size>0x8</size>
         <alignment>0x2</alignment>
         <input_file_ref idref="fl-c"/>
      </object_component>
      <object_component id="oc-e1">
         <name>.text._ZN8protocol14SerialProtocol4InitEPNS_11RegisterMapE</name>
         <load_address>0x23b2</load_address>
         <readonly>true</readonly>
         <executable>true</executable>
         <run_address>0x23b2</run_address>
         <size>0x8</size>
         <alignment>0x2</alignment>
         <input_file_ref idref="fl-d"/>
      </object_component>
      <object_component id="oc-100">
         <name>.text._ZNK8protocol11RegisterMap9IsEnabledEv</name>
         <load_address>0x23ba</load_address>
         <readonly>true</readonly>
         <executable>true</executable>
         <run_address>0x23ba</run_address>
         <size>0x8</size>
         <alignment>0x2</alignment>
         <input_file_ref idref="fl-c"/>
      </object_component>
      <object_component id="oc-50">
         <name>.text</name>
         <load_address>0x23c4</load_address>
         <readonly>true</readonly>
         <executable>true</executable>
         <run_address>0x23c4</run_address>
         <size>0x8</size>
         <alignment>0x4</alignment>
         <input_file_ref idref="fl-13c"/>
      </object_component>
      <object_component id="oc-195">
         <name>.text._ZNK8protocol11RegisterMap11SpeedKdQ4_4Ev</name>
         <load_address>0x23cc</load_address>
         <readonly>true</readonly>
         <executable>true</executable>
         <run_address>0x23cc</run_address>
         <size>0x6</size>
         <alignment>0x2</alignment>
         <input_file_ref idref="fl-c"/>
      </object_component>
      <object_component id="oc-193">
         <name>.text._ZNK8protocol11RegisterMap11SpeedKiQ4_4Ev</name>
         <load_address>0x23d2</load_address>
         <readonly>true</readonly>
         <executable>true</executable>
         <run_address>0x23d2</run_address>
         <size>0x6</size>
         <alignment>0x2</alignment>
         <input_file_ref idref="fl-c"/>
      </object_component>
      <object_component id="oc-194">
         <name>.text._ZNK8protocol11RegisterMap11SpeedKpQ4_4Ev</name>
         <load_address>0x23d8</load_address>
         <readonly>true</readonly>
         <executable>true</executable>
         <run_address>0x23d8</run_address>
         <size>0x6</size>
         <alignment>0x2</alignment>
         <input_file_ref idref="fl-c"/>
      </object_component>
      <object_component id="oc-192">
         <name>.text._ZNK8protocol11RegisterMap12SpeedMaxDutyEv</name>
         <load_address>0x23de</load_address>
         <readonly>true</readonly>
         <executable>true</executable>
         <run_address>0x23de</run_address>
         <size>0x6</size>
         <alignment>0x2</alignment>
         <input_file_ref idref="fl-c"/>
      </object_component>
      <object_component id="oc-196">
         <name>.text._ZNK8protocol11RegisterMap12SpeedMinDutyEv</name>
         <load_address>0x23e4</load_address>
         <readonly>true</readonly>
         <executable>true</executable>
         <run_address>0x23e4</run_address>
         <size>0x6</size>
         <alignment>0x2</alignment>
         <input_file_ref idref="fl-c"/>
      </object_component>
      <object_component id="oc-fa">
         <name>.text._ZNK8protocol11RegisterMap14EncoderControlEv</name>
         <load_address>0x23ea</load_address>
         <readonly>true</readonly>
         <executable>true</executable>
         <run_address>0x23ea</run_address>
         <size>0x6</size>
         <alignment>0x2</alignment>
         <input_file_ref idref="fl-c"/>
      </object_component>
      <object_component id="oc-191">
         <name>.text._ZNK8protocol11RegisterMap14PositionKdQ4_4Ev</name>
         <load_address>0x23f0</load_address>
         <readonly>true</readonly>
         <executable>true</executable>
         <run_address>0x23f0</run_address>
         <size>0x6</size>
         <alignment>0x2</alignment>
         <input_file_ref idref="fl-c"/>
      </object_component>
      <object_component id="oc-18e">
         <name>.text._ZNK8protocol11RegisterMap14PositionKiQ4_4Ev</name>
         <load_address>0x23f6</load_address>
         <readonly>true</readonly>
         <executable>true</executable>
         <run_address>0x23f6</run_address>
         <size>0x6</size>
         <alignment>0x2</alignment>
         <input_file_ref idref="fl-c"/>
      </object_component>
      <object_component id="oc-190">
         <name>.text._ZNK8protocol11RegisterMap14PositionKpQ4_4Ev</name>
         <load_address>0x23fc</load_address>
         <readonly>true</readonly>
         <executable>true</executable>
         <run_address>0x23fc</run_address>
         <size>0x6</size>
         <alignment>0x2</alignment>
         <input_file_ref idref="fl-c"/>
      </object_component>
      <object_component id="oc-fe">
         <name>.text._ZNK8protocol11RegisterMap19WatchdogTimeout10msEv</name>
         <load_address>0x2402</load_address>
         <readonly>true</readonly>
         <executable>true</executable>
         <run_address>0x2402</run_address>
         <size>0x6</size>
         <alignment>0x2</alignment>
         <input_file_ref idref="fl-c"/>
      </object_component>
      <object_component id="oc-b2">
         <name>.text:abort</name>
         <load_address>0x2408</load_address>
         <readonly>true</readonly>
         <executable>true</executable>
         <run_address>0x2408</run_address>
         <size>0x6</size>
         <alignment>0x2</alignment>
         <input_file_ref idref="fl-42"/>
      </object_component>
      <object_component id="oc-105">
         <name>.text.HOSTexit</name>
         <load_address>0x240e</load_address>
         <readonly>true</readonly>
         <executable>true</executable>
         <run_address>0x240e</run_address>
         <size>0x4</size>
         <alignment>0x2</alignment>
         <input_file_ref idref="fl-138"/>
      </object_component>
      <object_component id="oc-31">
         <name>.text.Reset_Handler</name>
         <load_address>0x2412</load_address>
         <readonly>true</readonly>
         <executable>true</executable>
         <run_address>0x2412</run_address>
         <size>0x4</size>
         <alignment>0x2</alignment>
         <input_file_ref idref="fl-3"/>
      </object_component>
      <object_component id="oc-86">
         <name>.text._system_pre_init</name>
         <load_address>0x2416</load_address>
         <readonly>true</readonly>
         <executable>true</executable>
         <run_address>0x2416</run_address>
         <size>0x4</size>
         <alignment>0x2</alignment>
         <input_file_ref idref="fl-3d"/>
      </object_component>
      <object_component id="oc-1f9">
         <name>__TI_handler_table</name>
         <load_address>0x2570</load_address>
         <readonly>true</readonly>
         <run_address>0x2570</run_address>
         <size>0xc</size>
         <alignment>0x4</alignment>
      </object_component>
      <object_component id="oc-1fb">
         <name>.cinit..data.load</name>
         <load_address>0x257c</load_address>
         <readonly>true</readonly>
         <run_address>0x257c</run_address>
         <size>0x9</size>
         <alignment>0x1</alignment>
      </object_component>
      <object_component id="oc-1fc">
         <name>.cinit..bss.load</name>
         <load_address>0x2588</load_address>
         <readonly>true</readonly>
         <run_address>0x2588</run_address>
         <size>0x8</size>
         <alignment>0x4</alignment>
      </object_component>
      <object_component id="oc-1fa">
         <name>__TI_cinit_table</name>
         <load_address>0x2590</load_address>
         <readonly>true</readonly>
         <run_address>0x2590</run_address>
         <size>0x10</size>
         <alignment>0x4</alignment>
      </object_component>
      <object_component id="oc-156">
         <name>.rodata..L.crctable</name>
         <load_address>0x2420</load_address>
         <readonly>true</readonly>
         <run_address>0x2420</run_address>
         <size>0x100</size>
         <alignment>0x10</alignment>
         <input_file_ref idref="fl-d"/>
      </object_component>
      <object_component id="oc-140">
         <name>.rodata._ZN5board12_GLOBAL__N_113g_uart_configE</name>
         <load_address>0x2520</load_address>
         <readonly>true</readonly>
         <run_address>0x2520</run_address>
         <size>0x14</size>
         <alignment>0x4</alignment>
         <input_file_ref idref="fl-7"/>
      </object_component>
      <object_component id="oc-99">
         <name>.rodata.cst16</name>
         <load_address>0x2534</load_address>
         <readonly>true</readonly>
         <run_address>0x2534</run_address>
         <size>0x10</size>
         <alignment>0x1</alignment>
         <input_file_ref idref="fl-a"/>
      </object_component>
      <object_component id="oc-130">
         <name>.rodata.gUART_CONTROLConfig</name>
         <load_address>0x2544</load_address>
         <readonly>true</readonly>
         <run_address>0x2544</run_address>
         <size>0xa</size>
         <alignment>0x2</alignment>
         <input_file_ref idref="fl-2"/>
      </object_component>
      <object_component id="oc-12f">
         <name>.rodata.gUART_CONTROLClockConfig</name>
         <load_address>0x254e</load_address>
         <readonly>true</readonly>
         <run_address>0x254e</run_address>
         <size>0x2</size>
         <alignment>0x1</alignment>
         <input_file_ref idref="fl-2"/>
      </object_component>
      <object_component id="oc-125">
         <name>.rodata.gPWM_M1_ENConfig</name>
         <load_address>0x2550</load_address>
         <readonly>true</readonly>
         <run_address>0x2550</run_address>
         <size>0x8</size>
         <alignment>0x4</alignment>
         <input_file_ref idref="fl-2"/>
      </object_component>
      <object_component id="oc-127">
         <name>.rodata.gPWM_M2_ENConfig</name>
         <load_address>0x2558</load_address>
         <readonly>true</readonly>
         <run_address>0x2558</run_address>
         <size>0x8</size>
         <alignment>0x4</alignment>
         <input_file_ref idref="fl-2"/>
      </object_component>
      <object_component id="oc-124">
         <name>.rodata.gPWM_M1_ENClockConfig</name>
         <load_address>0x2560</load_address>
         <readonly>true</readonly>
         <run_address>0x2560</run_address>
         <size>0x3</size>
         <alignment>0x1</alignment>
         <input_file_ref idref="fl-2"/>
      </object_component>
      <object_component id="oc-126">
         <name>.rodata.gPWM_M2_ENClockConfig</name>
         <load_address>0x2563</load_address>
         <readonly>true</readonly>
         <run_address>0x2563</run_address>
         <size>0x3</size>
         <alignment>0x1</alignment>
         <input_file_ref idref="fl-2"/>
      </object_component>
      <object_component id="oc-1c1">
         <name>.binit</name>
         <load_address>0x0</load_address>
         <readonly>true</readonly>
         <run_address>0x0</run_address>
         <size>0x0</size>
         <alignment>0x4</alignment>
      </object_component>
      <object_component id="oc-f2">
         <name>.data._ZN3app12_GLOBAL__N_111g_registersE</name>
         <load_address>0x20200000</load_address>
         <readwrite>true</readwrite>
         <run_address>0x20200000</run_address>
         <size>0x69</size>
         <alignment>0x1</alignment>
         <input_file_ref idref="fl-4"/>
      </object_component>
      <object_component id="oc-f3">
         <name>.data._ZN3app12_GLOBAL__N_18g_serialE</name>
         <load_address>0x202000d0</load_address>
         <readwrite>true</readwrite>
         <run_address>0x202000d0</run_address>
         <size>0x2c</size>
         <alignment>0x4</alignment>
         <input_file_ref idref="fl-4"/>
      </object_component>
      <object_component id="oc-f4">
         <name>.data._ZN3app12_GLOBAL__N_114g_output_dirtyE</name>
         <load_address>0x20200069</load_address>
         <readwrite>true</readwrite>
         <run_address>0x20200069</run_address>
         <size>0x1</size>
         <alignment>0x1</alignment>
         <input_file_ref idref="fl-4"/>
      </object_component>
      <object_component id="oc-102">
         <name>.data._ZN3app12_GLOBAL__N_116g_timeout_activeE</name>
         <load_address>0x2020006a</load_address>
         <readwrite>true</readwrite>
         <run_address>0x2020006a</run_address>
         <size>0x1</size>
         <alignment>0x1</alignment>
         <input_file_ref idref="fl-4"/>
      </object_component>
      <object_component id="oc-67">
         <name>.data._ZN3app12_GLOBAL__N_110g_ms_ticksE</name>
         <load_address>0x2020006c</load_address>
         <readwrite>true</readwrite>
         <run_address>0x2020006c</run_address>
         <size>0x4</size>
         <alignment>0x4</alignment>
         <input_file_ref idref="fl-4"/>
      </object_component>
      <object_component id="oc-103">
         <name>.data._ZN3app12_GLOBAL__N_126g_last_watchdog_refresh_msE</name>
         <load_address>0x20200134</load_address>
         <readwrite>true</readwrite>
         <run_address>0x20200134</run_address>
         <size>0x4</size>
         <alignment>0x4</alignment>
         <input_file_ref idref="fl-4"/>
      </object_component>
      <object_component id="oc-104">
         <name>.data._ZN3app12_GLOBAL__N_116g_watchdog_armedE</name>
         <load_address>0x2020006b</load_address>
         <readwrite>true</readwrite>
         <run_address>0x2020006b</run_address>
         <size>0x1</size>
         <alignment>0x1</alignment>
         <input_file_ref idref="fl-4"/>
      </object_component>
      <object_component id="oc-7a">
         <name>.data._ZN5board12_GLOBAL__N_114g_uart_contextE</name>
         <load_address>0x20200124</load_address>
         <readwrite>true</readwrite>
         <run_address>0x20200124</run_address>
         <size>0x10</size>
         <alignment>0x4</alignment>
         <input_file_ref idref="fl-7"/>
      </object_component>
      <object_component id="oc-13a">
         <name>.data._ZN7control12_GLOBAL__N_110g_m1_speedE</name>
         <load_address>0x20200070</load_address>
         <readwrite>true</readwrite>
         <run_address>0x20200070</run_address>
         <size>0x30</size>
         <alignment>0x8</alignment>
         <input_file_ref idref="fl-8"/>
      </object_component>
      <object_component id="oc-13b">
         <name>.data._ZN7control12_GLOBAL__N_110g_m2_speedE</name>
         <load_address>0x202000a0</load_address>
         <readwrite>true</readwrite>
         <run_address>0x202000a0</run_address>
         <size>0x30</size>
         <alignment>0x8</alignment>
         <input_file_ref idref="fl-8"/>
      </object_component>
      <object_component id="oc-98">
         <name>.data._ZN7drivers12_GLOBAL__N_14g_m1E</name>
         <load_address>0x202000fc</load_address>
         <readwrite>true</readwrite>
         <run_address>0x202000fc</run_address>
         <size>0x14</size>
         <alignment>0x4</alignment>
         <input_file_ref idref="fl-a"/>
      </object_component>
      <object_component id="oc-9a">
         <name>.data._ZN7drivers12_GLOBAL__N_14g_m2E</name>
         <load_address>0x20200110</load_address>
         <readwrite>true</readwrite>
         <run_address>0x20200110</run_address>
         <size>0x14</size>
         <alignment>0x4</alignment>
         <input_file_ref idref="fl-a"/>
      </object_component>
      <object_component id="oc-173">
         <name>.bss._ZN5board12_GLOBAL__N_111g_rx_bufferE</name>
         <uninitialized>true</uninitialized>
         <readwrite>true</readwrite>
         <run_address>0x20200138</run_address>
         <size>0x100</size>
         <alignment>0x1</alignment>
         <input_file_ref idref="fl-7"/>
      </object_component>
      <object_component id="oc-1c">
         <name>.stack</name>
         <uninitialized>true</uninitialized>
         <readwrite>true</readwrite>
         <run_address>0x2020ff00</run_address>
         <size>0x4</size>
         <alignment>0x4</alignment>
         <input_file_ref idref="fl-3a"/>
      </object_component>
      <object_component id="oc-1fe">
         <name>.stack</name>
         <uninitialized>true</uninitialized>
         <readwrite>true</readwrite>
         <run_address>0x2020ff00</run_address>
         <size>0x0</size>
         <alignment>0x8</alignment>
      </object_component>
      <object_component id="oc-b0">
         <name>.debug_abbrev</name>
         <load_address>0x0</load_address>
         <run_address>0x0</run_address>
         <size>0x9a</size>
         <alignment>0x1</alignment>
         <input_file_ref idref="fl-1"/>
      </object_component>
      <object_component id="oc-d9">
         <name>.debug_abbrev</name>
         <load_address>0x9a</load_address>
         <run_address>0x9a</run_address>
         <size>0x1c1</size>
         <alignment>0x1</alignment>
         <input_file_ref idref="fl-2"/>
      </object_component>
      <object_component id="oc-45">
         <name>.debug_abbrev</name>
         <load_address>0x25b</load_address>
         <run_address>0x25b</run_address>
         <size>0x6d</size>
         <alignment>0x1</alignment>
         <input_file_ref idref="fl-3"/>
      </object_component>
      <object_component id="oc-68">
         <name>.debug_abbrev</name>
         <load_address>0x2c8</load_address>
         <run_address>0x2c8</run_address>
         <size>0x30a</size>
         <alignment>0x1</alignment>
         <input_file_ref idref="fl-4"/>
      </object_component>
      <object_component id="oc-71">
         <name>.debug_abbrev</name>
         <load_address>0x5d2</load_address>
         <run_address>0x5d2</run_address>
         <size>0x100</size>
         <alignment>0x1</alignment>
         <input_file_ref idref="fl-5"/>
      </object_component>
      <object_component id="oc-171">
         <name>.debug_abbrev</name>
         <load_address>0x6d2</load_address>
         <run_address>0x6d2</run_address>
         <size>0x80</size>
         <alignment>0x1</alignment>
         <input_file_ref idref="fl-6"/>
      </object_component>
      <object_component id="oc-7b">
         <name>.debug_abbrev</name>
         <load_address>0x752</load_address>
         <run_address>0x752</run_address>
         <size>0x20f</size>
         <alignment>0x1</alignment>
         <input_file_ref idref="fl-7"/>
      </object_component>
      <object_component id="oc-13c">
         <name>.debug_abbrev</name>
         <load_address>0x961</load_address>
         <run_address>0x961</run_address>
         <size>0x2e2</size>
         <alignment>0x1</alignment>
         <input_file_ref idref="fl-8"/>
      </object_component>
      <object_component id="oc-198">
         <name>.debug_abbrev</name>
         <load_address>0xc43</load_address>
         <run_address>0xc43</run_address>
         <size>0x223</size>
         <alignment>0x1</alignment>
         <input_file_ref idref="fl-9"/>
      </object_component>
      <object_component id="oc-9b">
         <name>.debug_abbrev</name>
         <load_address>0xe66</load_address>
         <run_address>0xe66</run_address>
         <size>0x2a9</size>
         <alignment>0x1</alignment>
         <input_file_ref idref="fl-a"/>
      </object_component>
      <object_component id="oc-9d">
         <name>.debug_abbrev</name>
         <load_address>0x110f</load_address>
         <run_address>0x110f</run_address>
         <size>0x2af</size>
         <alignment>0x1</alignment>
         <input_file_ref idref="fl-b"/>
      </object_component>
      <object_component id="oc-131">
         <name>.debug_abbrev</name>
         <load_address>0x13be</load_address>
         <run_address>0x13be</run_address>
         <size>0x2b7</size>
         <alignment>0x1</alignment>
         <input_file_ref idref="fl-c"/>
      </object_component>
      <object_component id="oc-133">
         <name>.debug_abbrev</name>
         <load_address>0x1675</load_address>
         <run_address>0x1675</run_address>
         <size>0x29c</size>
         <alignment>0x1</alignment>
         <input_file_ref idref="fl-d"/>
      </object_component>
      <object_component id="oc-165">
         <name>.debug_abbrev</name>
         <load_address>0x1911</load_address>
         <run_address>0x1911</run_address>
         <size>0x62</size>
         <alignment>0x1</alignment>
         <input_file_ref idref="fl-1b"/>
      </object_component>
      <object_component id="oc-168">
         <name>.debug_abbrev</name>
         <load_address>0x1973</load_address>
         <run_address>0x1973</run_address>
         <size>0x286</size>
         <alignment>0x1</alignment>
         <input_file_ref idref="fl-1c"/>
      </object_component>
      <object_component id="oc-16a">
         <name>.debug_abbrev</name>
         <load_address>0x1bf9</load_address>
         <run_address>0x1bf9</run_address>
         <size>0x29b</size>
         <alignment>0x1</alignment>
         <input_file_ref idref="fl-1d"/>
      </object_component>
      <object_component id="oc-47">
         <name>.debug_abbrev</name>
         <load_address>0x1e94</load_address>
         <run_address>0x1e94</run_address>
         <size>0xaf</size>
         <alignment>0x1</alignment>
         <input_file_ref idref="fl-3a"/>
      </object_component>
      <object_component id="oc-10f">
         <name>.debug_abbrev</name>
         <load_address>0x1f43</load_address>
         <run_address>0x1f43</run_address>
         <size>0x172</size>
         <alignment>0x1</alignment>
         <input_file_ref idref="fl-3c"/>
      </object_component>
      <object_component id="oc-a7">
         <name>.debug_abbrev</name>
         <load_address>0x20b5</load_address>
         <run_address>0x20b5</run_address>
         <size>0x39</size>
         <alignment>0x1</alignment>
         <input_file_ref idref="fl-3d"/>
      </object_component>
      <object_component id="oc-80">
         <name>.debug_abbrev</name>
         <load_address>0x20ee</load_address>
         <run_address>0x20ee</run_address>
         <size>0xc2</size>
         <alignment>0x1</alignment>
         <input_file_ref idref="fl-3f"/>
      </object_component>
      <object_component id="oc-54">
         <name>.debug_abbrev</name>
         <load_address>0x21b0</load_address>
         <run_address>0x21b0</run_address>
         <size>0x70</size>
         <alignment>0x1</alignment>
         <input_file_ref idref="fl-40"/>
      </object_component>
      <object_component id="oc-4c">
         <name>.debug_abbrev</name>
         <load_address>0x2220</load_address>
         <run_address>0x2220</run_address>
         <size>0x8d</size>
         <alignment>0x1</alignment>
         <input_file_ref idref="fl-41"/>
      </object_component>
      <object_component id="oc-109">
         <name>.debug_abbrev</name>
         <load_address>0x22ad</load_address>
         <run_address>0x22ad</run_address>
         <size>0x98</size>
         <alignment>0x1</alignment>
         <input_file_ref idref="fl-42"/>
      </object_component>
      <object_component id="oc-15a">
         <name>.debug_abbrev</name>
         <load_address>0x2345</load_address>
         <run_address>0x2345</run_address>
         <size>0x2c</size>
         <alignment>0x1</alignment>
         <input_file_ref idref="fl-138"/>
      </object_component>
      <object_component id="oc-179">
         <name>.debug_abbrev</name>
         <load_address>0x2371</load_address>
         <run_address>0x2371</run_address>
         <size>0x27</size>
         <alignment>0x1</alignment>
         <input_file_ref idref="fl-139"/>
      </object_component>
      <object_component id="oc-17e">
         <name>.debug_abbrev</name>
         <load_address>0x2398</load_address>
         <run_address>0x2398</run_address>
         <size>0x27</size>
         <alignment>0x1</alignment>
         <input_file_ref idref="fl-13a"/>
      </object_component>
      <object_component id="oc-1b4">
         <name>.debug_abbrev</name>
         <load_address>0x23bf</load_address>
         <run_address>0x23bf</run_address>
         <size>0x27</size>
         <alignment>0x1</alignment>
         <input_file_ref idref="fl-13b"/>
      </object_component>
      <object_component id="oc-7f">
         <name>.debug_abbrev</name>
         <load_address>0x23e6</load_address>
         <run_address>0x23e6</run_address>
         <size>0x27</size>
         <alignment>0x1</alignment>
         <input_file_ref idref="fl-13c"/>
      </object_component>
      <object_component id="oc-a6">
         <name>.debug_abbrev</name>
         <load_address>0x240d</load_address>
         <run_address>0x240d</run_address>
         <size>0x27</size>
         <alignment>0x1</alignment>
         <input_file_ref idref="fl-13d"/>
      </object_component>
      <object_component id="oc-19a">
         <name>.debug_abbrev</name>
         <load_address>0x2434</load_address>
         <run_address>0x2434</run_address>
         <size>0x27</size>
         <alignment>0x1</alignment>
         <input_file_ref idref="fl-13e"/>
      </object_component>
      <object_component id="oc-19f">
         <name>.debug_abbrev</name>
         <load_address>0x245b</load_address>
         <run_address>0x245b</run_address>
         <size>0xaf</size>
         <alignment>0x1</alignment>
         <input_file_ref idref="fl-13f"/>
      </object_component>
      <object_component id="oc-1b5">
         <name>.debug_abbrev</name>
         <load_address>0x250a</load_address>
         <run_address>0x250a</run_address>
         <size>0x59</size>
         <alignment>0x1</alignment>
         <input_file_ref idref="fl-140"/>
      </object_component>
      <object_component id="oc-1b2">
         <name>.debug_abbrev</name>
         <load_address>0x2563</load_address>
         <run_address>0x2563</run_address>
         <size>0x27</size>
         <alignment>0x1</alignment>
         <input_file_ref idref="fl-141"/>
      </object_component>
      <object_component id="oc-1b7">
         <name>.debug_abbrev</name>
         <load_address>0x258a</load_address>
         <run_address>0x258a</run_address>
         <size>0x27</size>
         <alignment>0x1</alignment>
         <input_file_ref idref="fl-142"/>
      </object_component>
      <object_component id="oc-cb">
         <name>.debug_abbrev</name>
         <load_address>0x25b1</load_address>
         <run_address>0x25b1</run_address>
         <size>0x25</size>
         <alignment>0x1</alignment>
         <input_file_ref idref="fl-143"/>
      </object_component>
      <object_component id="oc-115">
         <name>.debug_abbrev</name>
         <load_address>0x25d6</load_address>
         <run_address>0x25d6</run_address>
         <size>0x25</size>
         <alignment>0x1</alignment>
         <input_file_ref idref="fl-144"/>
      </object_component>
      <object_component id="oc-200">
         <name>.debug_abbrev</name>
         <load_address>0x25fb</load_address>
         <run_address>0x25fb</run_address>
         <size>0xf</size>
         <alignment>0x0</alignment>
      </object_component>
      <object_component id="oc-8b">
         <name>.debug_info</name>
         <load_address>0x0</load_address>
         <run_address>0x0</run_address>
         <size>0x49b</size>
         <alignment>0x1</alignment>
         <input_file_ref idref="fl-1"/>
      </object_component>
      <object_component id="oc-ad">
         <name>.debug_info</name>
         <load_address>0x49b</load_address>
         <run_address>0x49b</run_address>
         <size>0x2af5</size>
         <alignment>0x1</alignment>
         <input_file_ref idref="fl-2"/>
      </object_component>
      <object_component id="oc-1b">
         <name>.debug_info</name>
         <load_address>0x2f90</load_address>
         <run_address>0x2f90</run_address>
         <size>0x80</size>
         <alignment>0x1</alignment>
         <input_file_ref idref="fl-3"/>
      </object_component>
      <object_component id="oc-37">
         <name>.debug_info</name>
         <load_address>0x3010</load_address>
         <run_address>0x3010</run_address>
         <size>0x1541</size>
         <alignment>0x1</alignment>
         <input_file_ref idref="fl-4"/>
      </object_component>
      <object_component id="oc-3c">
         <name>.debug_info</name>
         <load_address>0x4551</load_address>
         <run_address>0x4551</run_address>
         <size>0x1e0</size>
         <alignment>0x1</alignment>
         <input_file_ref idref="fl-5"/>
      </object_component>
      <object_component id="oc-136">
         <name>.debug_info</name>
         <load_address>0x4731</load_address>
         <run_address>0x4731</run_address>
         <size>0x155</size>
         <alignment>0x1</alignment>
         <input_file_ref idref="fl-6"/>
      </object_component>
      <object_component id="oc-41">
         <name>.debug_info</name>
         <load_address>0x4886</load_address>
         <run_address>0x4886</run_address>
         <size>0x1077</size>
         <alignment>0x1</alignment>
         <input_file_ref idref="fl-7"/>
      </object_component>
      <object_component id="oc-eb">
         <name>.debug_info</name>
         <load_address>0x58fd</load_address>
         <run_address>0x58fd</run_address>
         <size>0x1304</size>
         <alignment>0x1</alignment>
         <input_file_ref idref="fl-8"/>
      </object_component>
      <object_component id="oc-16d">
         <name>.debug_info</name>
         <load_address>0x6c01</load_address>
         <run_address>0x6c01</run_address>
         <size>0x1960</size>
         <alignment>0x1</alignment>
         <input_file_ref idref="fl-9"/>
      </object_component>
      <object_component id="oc-6d">
         <name>.debug_info</name>
         <load_address>0x8561</load_address>
         <run_address>0x8561</run_address>
         <size>0x1bce</size>
         <alignment>0x1</alignment>
         <input_file_ref idref="fl-a"/>
      </object_component>
      <object_component id="oc-75">
         <name>.debug_info</name>
         <load_address>0xa12f</load_address>
         <run_address>0xa12f</run_address>
         <size>0x1272</size>
[...]
         <value>0x239b</value>
         <object_component_ref idref="oc-151"/>
      </symbol>
      <symbol id="sm-e6">
         <name>_ZN5board23BoardMotorOutputs_BrakeEN7drivers7MotorIdE</name>
         <value>0x2393</value>
         <object_component_ref idref="oc-152"/>
      </symbol>
      <symbol id="sm-e7">
         <name>_ZN5board21BoardMotorOutputs_RunEN7drivers7MotorIdENS0_14MotorDirectionEh</name>
         <value>0x2383</value>
         <object_component_ref idref="oc-14f"/>
      </symbol>
      <symbol id="sm-101">
         <name>_ZN5board14BoardUart_InitEv</name>
         <value>0x2055</value>
         <object_component_ref idref="oc-ee"/>
      </symbol>
      <symbol id="sm-102">
         <name>_ZN5board15BoardUart_WriteEPKhh</name>
         <value>0x2261</value>
         <object_component_ref idref="oc-f8"/>
      </symbol>
      <symbol id="sm-103">
         <name>_ZN5board18BoardUart_ReadByteEPh</name>
         <value>0x22f1</value>
         <object_component_ref idref="oc-f6"/>
      </symbol>
      <symbol id="sm-104">
         <name>UART4_IRQHandler</name>
         <value>0x22e1</value>
         <object_component_ref idref="oc-40"/>
      </symbol>
      <symbol id="sm-11b">
         <name>_ZN7control17MotorControl_InitEv</name>
         <value>0x1e45</value>
         <object_component_ref idref="oc-e7"/>
      </symbol>
      <symbol id="sm-11c">
         <name>_ZN7control24MotorControl_UpdateSpeedERN8protocol11RegisterMapEisisj</name>
         <value>0x1e81</value>
         <object_component_ref idref="oc-101"/>
      </symbol>
      <symbol id="sm-11d">
         <name>_ZN7control18MotorControl_ApplyERKN8protocol11RegisterMapEb</name>
         <value>0x125d</value>
         <object_component_ref idref="oc-f1"/>
      </symbol>
      <symbol id="sm-131">
         <name>_ZN7drivers12Drv8701_InitEv</name>
         <value>0x1ad5</value>
         <object_component_ref idref="oc-16c"/>
      </symbol>
      <symbol id="sm-132">
         <name>_ZN7drivers16Drv8701_SetCoastENS_7MotorIdE</name>
         <value>0x2029</value>
         <object_component_ref idref="oc-181"/>
      </symbol>
      <symbol id="sm-133">
         <name>_ZN7drivers16Drv8701_SetBrakeENS_7MotorIdE</name>
         <value>0x1ffd</value>
         <object_component_ref idref="oc-182"/>
      </symbol>
      <symbol id="sm-134">
         <name>_ZN7drivers14Drv8701_SetRunENS_7MotorIdENS_14MotorDirectionEh</name>
         <value>0x130d</value>
         <object_component_ref idref="oc-17f"/>
      </symbol>
      <symbol id="sm-151">
         <name>_ZN7drivers22QuadratureEncoder_InitEv</name>
         <value>0xf41</value>
         <object_component_ref idref="oc-13e"/>
      </symbol>
      <symbol id="sm-152">
         <name>_ZN7drivers25QuadratureEncoder_ProcessEj</name>
         <value>0x1721</value>
         <object_component_ref idref="oc-153"/>
      </symbol>
      <symbol id="sm-153">
         <name>_ZN7drivers37QuadratureEncoder_HandleGpioInterruptEv</name>
         <value>0x1459</value>
         <object_component_ref idref="oc-6b"/>
      </symbol>
      <symbol id="sm-154">
         <name>_ZN7drivers23QuadratureEncoder_ResetENS_9EncoderIdE</name>
         <value>0x1bf9</value>
         <object_component_ref idref="oc-158"/>
      </symbol>
      <symbol id="sm-155">
         <name>_ZN7drivers29QuadratureEncoder_GetSnapshotENS_9EncoderIdE</name>
         <value>0x1d41</value>
         <object_component_ref idref="oc-174"/>
      </symbol>
      <symbol id="sm-168">
         <name>_ZN7drivers13UartLink_InitEPNS_15UartLinkContextEPKNS_14UartLinkConfigE</name>
         <value>0x161d</value>
         <object_component_ref idref="oc-13f"/>
      </symbol>
      <symbol id="sm-169">
         <name>_ZN7drivers14UartLink_WriteEPNS_15UartLinkContextEPKhh</name>
         <value>0x1019</value>
         <object_component_ref idref="oc-157"/>
      </symbol>
      <symbol id="sm-16a">
         <name>_ZN7drivers17UartLink_ReadByteEPNS_15UartLinkContextEPh</name>
         <value>0x1d85</value>
         <object_component_ref idref="oc-154"/>
      </symbol>
      <symbol id="sm-16b">
         <name>_ZN7drivers19UartLink_IrqHandlerEPNS_15UartLinkContextE</name>
         <value>0x1a69</value>
         <object_component_ref idref="oc-74"/>
      </symbol>
      <symbol id="sm-1c5">
         <name>_ZN8protocol11RegisterMap4InitEv</name>
         <value>0x1909</value>
         <object_component_ref idref="oc-db"/>
      </symbol>
      <symbol id="sm-1c6">
         <name>_ZN8protocol11RegisterMap13RefreshStatusEv</name>
         <value>0x90d</value>
         <object_component_ref idref="oc-ef"/>
      </symbol>
      <symbol id="sm-1c7">
         <name>_ZNK8protocol11RegisterMap4ReadEh</name>
         <value>0x234d</value>
         <object_component_ref idref="oc-14e"/>
      </symbol>
      <symbol id="sm-1c8">
         <name>_ZNK8protocol11RegisterMap9ReadBlockEhhPh</name>
         <value>0x10e1</value>
         <object_component_ref idref="oc-184"/>
      </symbol>
      <symbol id="sm-1c9">
         <name>_ZN8protocol11RegisterMap11CommitWriteEhPKhhPb</name>
         <value>0xbd5</value>
         <object_component_ref idref="oc-183"/>
      </symbol>
      <symbol id="sm-1ca">
         <name>_ZNK8protocol11RegisterMap12ApplyWriteToEPhhh</name>
         <value>0x11a1</value>
         <object_component_ref idref="oc-1a2"/>
      </symbol>
      <symbol id="sm-1cb">
         <name>_ZNK8protocol11RegisterMap17IsControlRegisterEh</name>
         <value>0x16a1</value>
         <object_component_ref idref="oc-1a3"/>
      </symbol>
      <symbol id="sm-1cc">
         <name>_ZN8protocol11RegisterMap16SetTimeoutActiveEb</name>
         <value>0x2341</value>
         <object_component_ref idref="oc-fc"/>
      </symbol>
      <symbol id="sm-1cd">
         <name>_ZN8protocol11RegisterMap19ForceCoastOnTimeoutEv</name>
         <value>0x1f69</value>
         <object_component_ref idref="oc-ff"/>
      </symbol>
      <symbol id="sm-1ce">
         <name>_ZNK8protocol11RegisterMap9IsEnabledEv</name>
         <value>0x23bb</value>
         <object_component_ref idref="oc-100"/>
      </symbol>
      <symbol id="sm-1cf">
         <name>_ZN8protocol11RegisterMap21UpdateEncoderSnapshotEiihiih</name>
         <value>0x1c55</value>
         <object_component_ref idref="oc-14c"/>
      </symbol>
      <symbol id="sm-1d0">
         <name>_ZN8protocol11RegisterMap17UpdateMeasuredRpmEss</name>
         <value>0x229b</value>
         <object_component_ref idref="oc-14d"/>
      </symbol>
      <symbol id="sm-1d1">
         <name>_ZN8protocol11RegisterMap23SetMotorDutyFromControlEbh</name>
         <value>0x1f33</value>
         <object_component_ref idref="oc-18a"/>
      </symbol>
      <symbol id="sm-1d2">
         <name>_ZN8protocol11RegisterMap25SetMotorOutputFromControlEbhh</name>
         <value>0x1fcd</value>
         <object_component_ref idref="oc-197"/>
      </symbol>
      <symbol id="sm-1d3">
         <name>_ZN8protocol11RegisterMap26UpdateTargetRpmFromControlEbt</name>
         <value>0x217d</value>
         <object_component_ref idref="oc-18f"/>
      </symbol>
      <symbol id="sm-1d4">
         <name>_ZN8protocol11RegisterMap16UpdateHoldTargetEbi</name>
         <value>0x2161</value>
         <object_component_ref idref="oc-189"/>
      </symbol>
      <symbol id="sm-1d5">
         <name>_ZN8protocol11RegisterMap19UpdatePositionErrorEbi</name>
         <value>0x20c9</value>
         <object_component_ref idref="oc-18d"/>
      </symbol>
      <symbol id="sm-1d6">
         <name>_ZNK8protocol11RegisterMap14EncoderControlEv</name>
         <value>0x23eb</value>
         <object_component_ref idref="oc-fa"/>
      </symbol>
      <symbol id="sm-1d7">
         <name>_ZN8protocol11RegisterMap19ClearEncoderControlEv</name>
         <value>0x23ab</value>
         <object_component_ref idref="oc-fb"/>
      </symbol>
      <symbol id="sm-1d8">
         <name>_ZNK8protocol11RegisterMap16HasActiveCommandEv</name>
         <value>0x1b9b</value>
         <object_component_ref idref="oc-f9"/>
      </symbol>
      <symbol id="sm-1d9">
         <name>_ZNK8protocol11RegisterMap19WatchdogTimeout10msEv</name>
         <value>0x2403</value>
         <object_component_ref idref="oc-fe"/>
      </symbol>
      <symbol id="sm-1da">
         <name>_ZNK8protocol11RegisterMap11M1TargetRpmEv</name>
         <value>0x2301</value>
         <object_component_ref idref="oc-185"/>
      </symbol>
      <symbol id="sm-1db">
         <name>_ZNK8protocol11RegisterMap11M2TargetRpmEv</name>
         <value>0x2311</value>
         <object_component_ref idref="oc-187"/>
      </symbol>
      <symbol id="sm-1dc">
         <name>_ZNK8protocol11RegisterMap11SpeedKpQ4_4Ev</name>
         <value>0x23d9</value>
         <object_component_ref idref="oc-194"/>
      </symbol>
      <symbol id="sm-1dd">
         <name>_ZNK8protocol11RegisterMap11SpeedKiQ4_4Ev</name>
         <value>0x23d3</value>
         <object_component_ref idref="oc-193"/>
      </symbol>
      <symbol id="sm-1de">
         <name>_ZNK8protocol11RegisterMap11SpeedKdQ4_4Ev</name>
         <value>0x23cd</value>
         <object_component_ref idref="oc-195"/>
      </symbol>
      <symbol id="sm-1df">
         <name>_ZNK8protocol11RegisterMap12SpeedMaxDutyEv</name>
         <value>0x23df</value>
         <object_component_ref idref="oc-192"/>
      </symbol>
      <symbol id="sm-1e0">
         <name>_ZNK8protocol11RegisterMap12SpeedMinDutyEv</name>
         <value>0x23e5</value>
         <object_component_ref idref="oc-196"/>
      </symbol>
      <symbol id="sm-1e1">
         <name>_ZNK8protocol11RegisterMap14M1CountsPerRevEv</name>
         <value>0x2197</value>
         <object_component_ref idref="oc-142"/>
      </symbol>
      <symbol id="sm-1e2">
         <name>_ZNK8protocol11RegisterMap14M2CountsPerRevEv</name>
         <value>0x21b1</value>
         <object_component_ref idref="oc-14b"/>
      </symbol>
      <symbol id="sm-1e3">
         <name>_ZNK8protocol11RegisterMap16M1TargetPositionEv</name>
         <value>0x21cb</value>
         <object_component_ref idref="oc-186"/>
      </symbol>
      <symbol id="sm-1e4">
         <name>_ZNK8protocol11RegisterMap16M2TargetPositionEv</name>
         <value>0x21e5</value>
         <object_component_ref idref="oc-188"/>
      </symbol>
      <symbol id="sm-1e5">
         <name>_ZNK8protocol11RegisterMap14PositionKpQ4_4Ev</name>
         <value>0x23fd</value>
         <object_component_ref idref="oc-190"/>
      </symbol>
      <symbol id="sm-1e6">
         <name>_ZNK8protocol11RegisterMap14PositionKiQ4_4Ev</name>
         <value>0x23f7</value>
         <object_component_ref idref="oc-18e"/>
      </symbol>
      <symbol id="sm-1e7">
         <name>_ZNK8protocol11RegisterMap14PositionKdQ4_4Ev</name>
         <value>0x23f1</value>
         <object_component_ref idref="oc-191"/>
      </symbol>
      <symbol id="sm-1e8">
         <name>_ZNK8protocol11RegisterMap14PositionMaxRpmEv</name>
         <value>0x2321</value>
         <object_component_ref idref="oc-18c"/>
      </symbol>
      <symbol id="sm-1e9">
         <name>_ZNK8protocol11RegisterMap17PositionToleranceEv</name>
         <value>0x2331</value>
         <object_component_ref idref="oc-18b"/>
      </symbol>
      <symbol id="sm-1fc">
         <name>_ZN8protocol14SerialProtocol4InitEPNS_11RegisterMapE</name>
         <value>0x23b3</value>
         <object_component_ref idref="oc-e1"/>
      </symbol>
      <symbol id="sm-1fd">
         <name>_ZN8protocol14SerialProtocol11ProcessByteEhPNS_14SerialResponseEPbS3_</name>
         <value>0xa89</value>
         <object_component_ref idref="oc-f7"/>
      </symbol>
      <symbol id="sm-1fe">
         <name>_ZN8protocol14SerialProtocol11HandleFrameEPNS_14SerialResponseEPbS3_</name>
         <value>0x535</value>
         <object_component_ref idref="oc-155"/>
      </symbol>
      <symbol id="sm-1ff">
         <name>__TI_ATRegion0_src_addr</name>
         <value>0x0</value>
      </symbol>
      <symbol id="sm-200">
         <name>__TI_ATRegion0_trg_addr</name>
         <value>0x0</value>
      </symbol>
      <symbol id="sm-201">
         <name>__TI_ATRegion0_region_sz</name>
         <value>0x0</value>
      </symbol>
      <symbol id="sm-202">
         <name>__TI_ATRegion1_src_addr</name>
         <value>0x0</value>
      </symbol>
      <symbol id="sm-203">
         <name>__TI_ATRegion1_trg_addr</name>
         <value>0x0</value>
      </symbol>
      <symbol id="sm-204">
         <name>__TI_ATRegion1_region_sz</name>
         <value>0x0</value>
      </symbol>
      <symbol id="sm-205">
         <name>__TI_ATRegion2_src_addr</name>
         <value>0x0</value>
      </symbol>
      <symbol id="sm-206">
         <name>__TI_ATRegion2_trg_addr</name>
         <value>0x0</value>
      </symbol>
      <symbol id="sm-207">
         <name>__TI_ATRegion2_region_sz</name>
         <value>0x0</value>
      </symbol>
      <symbol id="sm-210">
         <name>DL_Common_delayCycles</name>
         <value>0x2359</value>
         <object_component_ref idref="oc-116"/>
      </symbol>
      <symbol id="sm-227">
         <name>DL_Timer_setClockConfig</name>
         <value>0x2129</value>
         <object_component_ref idref="oc-11a"/>
      </symbol>
      <symbol id="sm-228">
         <name>DL_Timer_setCaptureCompareValue</name>
         <value>0x22c1</value>
         <object_component_ref idref="oc-123"/>
      </symbol>
      <symbol id="sm-229">
         <name>DL_Timer_setCaptCompUpdateMethod</name>
         <value>0x210d</value>
         <object_component_ref idref="oc-122"/>
      </symbol>
      <symbol id="sm-22a">
         <name>DL_Timer_setCaptureCompareOutCtl</name>
         <value>0x221d</value>
         <object_component_ref idref="oc-121"/>
      </symbol>
      <symbol id="sm-22b">
         <name>DL_Timer_initFourCCPWMMode</name>
         <value>0xe3d</value>
         <object_component_ref idref="oc-120"/>
      </symbol>
      <symbol id="sm-238">
         <name>DL_UART_init</name>
         <value>0x1cb1</value>
         <object_component_ref idref="oc-12e"/>
      </symbol>
      <symbol id="sm-239">
         <name>DL_UART_setClockConfig</name>
         <value>0x2289</value>
         <object_component_ref idref="oc-128"/>
      </symbol>
      <symbol id="sm-244">
         <name>_c_int00_noargs</name>
         <value>0x207d</value>
         <object_component_ref idref="oc-60"/>
      </symbol>
      <symbol id="sm-245">
         <name>__stack</name>
         <value>0x2020ff00</value>
         <object_component_ref idref="oc-1c"/>
      </symbol>
      <symbol id="sm-251">
         <name>__TI_auto_init_nobinit_nopinit</name>
         <value>0x1ebd</value>
         <object_component_ref idref="oc-b9"/>
      </symbol>
      <symbol id="sm-259">
         <name>_system_pre_init</name>
         <value>0x2417</value>
         <object_component_ref idref="oc-86"/>
      </symbol>
      <symbol id="sm-264">
         <name>__TI_zero_init_nomemset</name>
         <value>0x224b</value>
         <object_component_ref idref="oc-57"/>
      </symbol>
      <symbol id="sm-26d">
         <name>__TI_decompress_none</name>
         <value>0x22ad</value>
         <object_component_ref idref="oc-22"/>
      </symbol>
      <symbol id="sm-278">
         <name>__TI_decompress_lzss</name>
         <value>0x179d</value>
         <object_component_ref idref="oc-1e"/>
      </symbol>
      <symbol id="sm-282">
         <name>abort</name>
         <value>0x2409</value>
         <object_component_ref idref="oc-b2"/>
      </symbol>
      <symbol id="sm-28c">
         <name>HOSTexit</name>
         <value>0x240f</value>
         <object_component_ref idref="oc-105"/>
      </symbol>
      <symbol id="sm-28d">
         <name>C$$EXIT</name>
         <value>0x240e</value>
         <object_component_ref idref="oc-105"/>
      </symbol>
      <symbol id="sm-293">
         <name>__aeabi_lmul</name>
         <value>0x20a5</value>
         <object_component_ref idref="oc-143"/>
      </symbol>
      <symbol id="sm-294">
         <name>__muldi3</name>
         <value>0x20a5</value>
         <object_component_ref idref="oc-143"/>
      </symbol>
      <symbol id="sm-29a">
         <name>__aeabi_ldivmod</name>
         <value>0x2275</value>
         <object_component_ref idref="oc-147"/>
      </symbol>
      <symbol id="sm-2a0">
         <name>__aeabi_uidiv</name>
         <value>0x1dc5</value>
         <object_component_ref idref="oc-1a4"/>
      </symbol>
      <symbol id="sm-2a1">
         <name>__aeabi_uidivmod</name>
         <value>0x1dc5</value>
         <object_component_ref idref="oc-1a4"/>
      </symbol>
      <symbol id="sm-2a7">
         <name>__aeabi_memcpy</name>
         <value>0x23c5</value>
         <object_component_ref idref="oc-50"/>
      </symbol>
      <symbol id="sm-2a8">
         <name>__aeabi_memcpy4</name>
         <value>0x23c5</value>
         <object_component_ref idref="oc-50"/>
      </symbol>
      <symbol id="sm-2a9">
         <name>__aeabi_memcpy8</name>
         <value>0x23c5</value>
         <object_component_ref idref="oc-50"/>
      </symbol>
      <symbol id="sm-2af">
         <name>__aeabi_memset</name>
         <value>0x2201</value>
         <object_component_ref idref="oc-82"/>
      </symbol>
      <symbol id="sm-2b0">
         <name>__aeabi_memset4</name>
         <value>0x2201</value>
         <object_component_ref idref="oc-82"/>
      </symbol>
      <symbol id="sm-2b1">
         <name>__aeabi_memset8</name>
         <value>0x2201</value>
         <object_component_ref idref="oc-82"/>
      </symbol>
      <symbol id="sm-2b2">
         <name>__aeabi_memclr</name>
         <value>0x220f</value>
         <object_component_ref idref="oc-82"/>
      </symbol>
      <symbol id="sm-2b3">
         <name>__aeabi_memclr4</name>
         <value>0x220f</value>
         <object_component_ref idref="oc-82"/>
      </symbol>
      <symbol id="sm-2b4">
         <name>__aeabi_memclr8</name>
         <value>0x220f</value>
         <object_component_ref idref="oc-82"/>
      </symbol>
      <symbol id="sm-2ba">
         <name>__muldsi3</name>
         <value>0x1ef9</value>
         <object_component_ref idref="oc-175"/>
      </symbol>
      <symbol id="sm-2c3">
         <name>__divmoddi4</name>
         <value>0x1e05</value>
         <object_component_ref idref="oc-17a"/>
      </symbol>
      <symbol id="sm-2cf">
         <name>__aeabi_idiv0</name>
         <value>0xa87</value>
         <object_component_ref idref="oc-1b3"/>
      </symbol>
      <symbol id="sm-2d0">
         <name>__aeabi_ldiv0</name>
         <value>0xd17</value>
         <object_component_ref idref="oc-1a8"/>
      </symbol>
      <symbol id="sm-2d6">
         <name>__udivmoddi4</name>
         <value>0x13b5</value>
         <object_component_ref idref="oc-19b"/>
      </symbol>
      <symbol id="sm-2dc">
         <name>__aeabi_llsl</name>
         <value>0x20ed</value>
         <object_component_ref idref="oc-1ae"/>
      </symbol>
      <symbol id="sm-2dd">
         <name>__ashldi3</name>
         <value>0x20ed</value>
         <object_component_ref idref="oc-1ae"/>
      </symbol>
      <symbol id="sm-2f6">
         <name>memcpy</name>
         <value>0x14f9</value>
         <object_component_ref idref="oc-a4"/>
      </symbol>
      <symbol id="sm-305">
         <name>memset</name>
         <value>0x1b39</value>
         <object_component_ref idref="oc-d1"/>
      </symbol>
      <symbol id="sm-306">
         <name>__TI_static_base__</name>
         <value>0x0</value>
      </symbol>
      <symbol id="sm-309">
         <name>__mpu_init</name>
         <value>0x0</value>
      </symbol>
      <symbol id="sm-30a">
         <name>_system_post_cinit</name>
         <value>0x0</value>
      </symbol>
   </symbol_table>
   <title>Link successful</title>
</link_info>
