******************************************************************************
            TI ARM Clang Linker PC v5.1.1                      
******************************************************************************
>> Linked Mon Jul  6 03:51:30 2026

OUTPUT FILE NAME:   <MotorDriver.out>
ENTRY POINT SYMBOL: "_c_int00_noargs"  address: 0000207d


MEMORY CONFIGURATION

         name            origin    length      used     unused   attr    fill
----------------------  --------  ---------  --------  --------  ----  --------
  FLASH                 00000000   00080000  000025a0  0007da60  R  X
  SRAM_BANK0            20200000   00010000  00000338  0000fcc8  RW X
  SRAM_BANK1            20210000   00010000  00000000  00010000  RW X
  BCR_CONFIG            41c00000   000000ff  00000000  000000ff  R   
  BSL_CONFIG            41c00100   00000080  00000000  00000080  R   
  DATA                  41d00000   00004000  00000000  00004000  R   


SEGMENT ALLOCATION MAP

run origin  load origin   length   init length attrs members
----------  ----------- ---------- ----------- ----- -------
00000000    00000000    000025a0   000025a0    r-x
  00000000    00000000    000000c0   000000c0    r-- .intvecs
  000000c0    000000c0    00002360   00002360    r-x .text
  00002420    00002420    00000150   00000150    r-- .rodata
  00002570    00002570    00000030   00000030    r-- .cinit
20200000    20200000    00000238   00000000    rw-
  20200000    20200000    00000138   00000000    rw- .data
  20200138    20200138    00000100   00000000    rw- .bss
2020ff00    2020ff00    00000100   00000000    rw-
  2020ff00    2020ff00    00000100   00000000    rw- .stack


SECTION ALLOCATION MAP

 output                                  attributes/
section   page    origin      length       input sections
--------  ----  ----------  ----------   ----------------
.intvecs   0    00000000    000000c0     
                  00000000    000000c0     startup_mspm0g351x_ticlang.o (.intvecs)

.text      0    000000c0    00002360     
                  000000c0    00000472     motor_control.o (.text._ZN7control12_GLOBAL__N_116UpdateSpeedMotorERN8protocol11RegisterMapEPNS0_13SpeedPidStateEbisj)
                  00000532    00000002     startup_mspm0g351x_ticlang.o (.text.Default_Handler)
                  00000534    00000214     serial_protocol.o (.text._ZN8protocol14SerialProtocol11HandleFrameEPNS_14SerialResponseEPbS3_)
                  00000748    000001c4     motor_app.o (.text._ZN3app16MotorApp_ProcessEv)
                  0000090c    0000017a     register_map.o (.text._ZN8protocol11RegisterMap13RefreshStatusEv)
                  00000a86    00000002     libclang_rt.builtins.a : aeabi_div0.c.obj (.text.__aeabi_idiv0)
                  00000a88    0000014c     serial_protocol.o (.text._ZN8protocol14SerialProtocol11ProcessByteEhPNS_14SerialResponseEPbS3_)
                  00000bd4    00000142     register_map.o (.text._ZN8protocol11RegisterMap11CommitWriteEhPKhhPb)
                  00000d16    00000002     libclang_rt.builtins.a : aeabi_div0.c.obj (.text.__aeabi_ldiv0)
                  00000d18    00000124     motor_app.o (.text._ZN3app12_GLOBAL__N_120SyncEncoderRegistersEv)
                  00000e3c    00000104     driverlib.a : dl_timer.o (.text.DL_Timer_initFourCCPWMMode)
                  00000f40    000000d8     quadrature_encoder.o (.text._ZN7drivers22QuadratureEncoder_InitEv)
                  00001018    000000c8     uart_link.o (.text._ZN7drivers14UartLink_WriteEPNS_15UartLinkContextEPKhh)
                  000010e0    000000c0     register_map.o (.text._ZNK8protocol11RegisterMap9ReadBlockEhhPh)
                  000011a0    000000bc     register_map.o (.text._ZNK8protocol11RegisterMap12ApplyWriteToEPhhh)
                  0000125c    000000b0     motor_control.o (.text._ZN7control18MotorControl_ApplyERKN8protocol11RegisterMapEb)
                  0000130c    000000a8     drv8701.o (.text._ZN7drivers14Drv8701_SetRunENS_7MotorIdENS_14MotorDirectionEh)
                  000013b4    000000a2     libclang_rt.builtins.a : udivmoddi4.S.obj (.text)
                  00001456    00000002     --HOLE-- [fill = 0]
                  00001458    000000a0     quadrature_encoder.o (.text._ZN7drivers37QuadratureEncoder_HandleGpioInterruptEv)
                  000014f8    0000009a     libc.a : memcpy16.S.obj (.text:memcpy)
                  00001592    00000002     --HOLE-- [fill = 0]
                  00001594    00000088     ti_msp_dl_config.o (.text.SYSCFG_DL_UART_CONTROL_init)
                  0000161c    00000084     uart_link.o (.text._ZN7drivers13UartLink_InitEPNS_15UartLinkContextEPKNS_14UartLinkConfigE)
                  000016a0    0000007e     register_map.o (.text._ZNK8protocol11RegisterMap17IsControlRegisterEh)
                  0000171e    00000002     --HOLE-- [fill = 0]
                  00001720    0000007c     quadrature_encoder.o (.text._ZN7drivers25QuadratureEncoder_ProcessEj)
                  0000179c    0000007c     libc.a : copy_decompress_lzss.c.obj (.text:decompress:lzss)
                  00001818    00000078     ti_msp_dl_config.o (.text.SYSCFG_DL_GPIO_init)
                  00001890    00000078     motor_app.o (.text._ZN3app13MotorApp_InitEv)
                  00001908    00000076     register_map.o (.text._ZN8protocol11RegisterMap4InitEv)
                  0000197e    00000002     --HOLE-- [fill = 0]
                  00001980    00000074     ti_msp_dl_config.o (.text.SYSCFG_DL_PWM_M1_EN_init)
                  000019f4    00000074     ti_msp_dl_config.o (.text.SYSCFG_DL_PWM_M2_EN_init)
                  00001a68    0000006c     uart_link.o (.text._ZN7drivers19UartLink_IrqHandlerEPNS_15UartLinkContextE)
                  00001ad4    00000064     drv8701.o (.text._ZN7drivers12Drv8701_InitEv)
                  00001b38    00000062     libc.a : memset16.S.obj (.text:memset)
                  00001b9a    0000005e     register_map.o (.text._ZNK8protocol11RegisterMap16HasActiveCommandEv)
                  00001bf8    0000005c     quadrature_encoder.o (.text._ZN7drivers23QuadratureEncoder_ResetENS_9EncoderIdE)
                  00001c54    0000005a     register_map.o (.text._ZN8protocol11RegisterMap21UpdateEncoderSnapshotEiihiih)
                  00001cae    00000002     --HOLE-- [fill = 0]
                  00001cb0    00000048     driverlib.a : dl_uart.o (.text.DL_UART_init)
                  00001cf8    00000048     ti_msp_dl_config.o (.text.SYSCFG_DL_initPower)
                  00001d40    00000044     quadrature_encoder.o (.text._ZN7drivers29QuadratureEncoder_GetSnapshotENS_9EncoderIdE)
                  00001d84    00000040     uart_link.o (.text._ZN7drivers17UartLink_ReadByteEPNS_15UartLinkContextEPh)
                  00001dc4    00000040     libclang_rt.builtins.a : aeabi_uidivmod.S.obj (.text)
                  00001e04    0000003e                            : divmoddi4.c.obj (.text.__divmoddi4)
                  00001e42    00000002     --HOLE-- [fill = 0]
                  00001e44    0000003c     motor_control.o (.text._ZN7control17MotorControl_InitEv)
                  00001e80    0000003c     motor_control.o (.text._ZN7control24MotorControl_UpdateSpeedERN8protocol11RegisterMapEisisj)
                  00001ebc    0000003c     libc.a : autoinit.c.obj (.text:__TI_auto_init_nobinit_nopinit)
                  00001ef8    0000003a     libclang_rt.builtins.a : muldsi3.S.obj (.text)
                  00001f32    00000036     register_map.o (.text._ZN8protocol11RegisterMap23SetMotorDutyFromControlEbh)
                  00001f68    00000032     register_map.o (.text._ZN8protocol11RegisterMap19ForceCoastOnTimeoutEv)
                  00001f9a    00000002     --HOLE-- [fill = 0]
                  00001f9c    00000030     ti_msp_dl_config.o (.text.SYSCFG_DL_SYSCTL_init)
                  00001fcc    0000002e     register_map.o (.text._ZN8protocol11RegisterMap25SetMotorOutputFromControlEbhh)
                  00001ffa    00000002     --HOLE-- [fill = 0]
                  00001ffc    0000002c     drv8701.o (.text._ZN7drivers16Drv8701_SetBrakeENS_7MotorIdE)
                  00002028    0000002c     drv8701.o (.text._ZN7drivers16Drv8701_SetCoastENS_7MotorIdE)
                  00002054    00000028     board_uart.o (.text._ZN5board14BoardUart_InitEv)
                  0000207c    00000028     libc.a : boot_cortex_m.c.obj (.text:_c_int00_noargs)
                  000020a4    00000024     libclang_rt.builtins.a : muldi3.S.obj (.text)
                  000020c8    00000022     register_map.o (.text._ZN8protocol11RegisterMap19UpdatePositionErrorEbi)
                  000020ea    00000002     --HOLE-- [fill = 0]
                  000020ec    0000001e     libclang_rt.builtins.a : ashldi3.S.obj (.text)
                  0000210a    00000002     --HOLE-- [fill = 0]
                  0000210c    0000001c     driverlib.a : dl_timer.o (.text.DL_Timer_setCaptCompUpdateMethod)
                  00002128    0000001c                 : dl_timer.o (.text.DL_Timer_setClockConfig)
                  00002144    0000001c     ti_msp_dl_config.o (.text.SYSCFG_DL_init)
                  00002160    0000001c     register_map.o (.text._ZN8protocol11RegisterMap16UpdateHoldTargetEbi)
                  0000217c    0000001a     register_map.o (.text._ZN8protocol11RegisterMap26UpdateTargetRpmFromControlEbt)
                  00002196    0000001a     register_map.o (.text._ZNK8protocol11RegisterMap14M1CountsPerRevEv)
                  000021b0    0000001a     register_map.o (.text._ZNK8protocol11RegisterMap14M2CountsPerRevEv)
                  000021ca    0000001a     register_map.o (.text._ZNK8protocol11RegisterMap16M1TargetPositionEv)
                  000021e4    0000001a     register_map.o (.text._ZNK8protocol11RegisterMap16M2TargetPositionEv)
                  000021fe    00000002     --HOLE-- [fill = 0]
                  00002200    0000001a     libclang_rt.builtins.a : aeabi_memset.S.obj (.text)
                  0000221a    00000002     --HOLE-- [fill = 0]
                  0000221c    00000018     driverlib.a : dl_timer.o (.text.DL_Timer_setCaptureCompareOutCtl)
                  00002234    00000016     empty_cpp.o (.text.main)
                  0000224a    00000016     libc.a : copy_zero_init.c.obj (.text:decompress:ZI:__TI_zero_init_nomemset)
                  00002260    00000014     board_uart.o (.text._ZN5board15BoardUart_WriteEPKhh)
                  00002274    00000014     libclang_rt.builtins.a : aeabi_ldivmod.S.obj (.text)
                  00002288    00000012     driverlib.a : dl_uart.o (.text.DL_UART_setClockConfig)
                  0000229a    00000012     register_map.o (.text._ZN8protocol11RegisterMap17UpdateMeasuredRpmEss)
                  000022ac    00000012     libc.a : copy_decompress_none.c.obj (.text:decompress:none)
                  000022be    00000002     --HOLE-- [fill = 0]
                  000022c0    00000010     driverlib.a : dl_timer.o (.text.DL_Timer_setCaptureCompareValue)
                  000022d0    00000010     motor_app.o (.text.SysTick_Handler)
                  000022e0    00000010     board_uart.o (.text.UART4_IRQHandler)
                  000022f0    00000010     board_uart.o (.text._ZN5board18BoardUart_ReadByteEPh)
                  00002300    00000010     register_map.o (.text._ZNK8protocol11RegisterMap11M1TargetRpmEv)
                  00002310    00000010     register_map.o (.text._ZNK8protocol11RegisterMap11M2TargetRpmEv)
                  00002320    00000010     register_map.o (.text._ZNK8protocol11RegisterMap14PositionMaxRpmEv)
                  00002330    00000010     register_map.o (.text._ZNK8protocol11RegisterMap17PositionToleranceEv)
                  00002340    0000000c     register_map.o (.text._ZN8protocol11RegisterMap16SetTimeoutActiveEb)
                  0000234c    0000000c     register_map.o (.text._ZNK8protocol11RegisterMap4ReadEh)
                  00002358    0000000a     driverlib.a : dl_common.o (.text.DL_Common_delayCycles)
                  00002362    00000008     board_encoders.o (.text.GROUP1_IRQHandler)
                  0000236a    00000008     board_encoders.o (.text._ZN5board18BoardEncoders_InitEv)
                  00002372    00000008     board_encoders.o (.text._ZN5board19BoardEncoders_ResetEN7drivers9EncoderIdE)
                  0000237a    00000008     board_encoders.o (.text._ZN5board21BoardEncoders_ProcessEj)
                  00002382    00000008     board_motor_outputs.o (.text._ZN5board21BoardMotorOutputs_RunEN7drivers7MotorIdENS0_14MotorDirectionEh)
                  0000238a    00000008     board_motor_outputs.o (.text._ZN5board22BoardMotorOutputs_InitEv)
                  00002392    00000008     board_motor_outputs.o (.text._ZN5board23BoardMotorOutputs_BrakeEN7drivers7MotorIdE)
                  0000239a    00000008     board_motor_outputs.o (.text._ZN5board23BoardMotorOutputs_CoastEN7drivers7MotorIdE)
                  000023a2    00000008     board_encoders.o (.text._ZN5board25BoardEncoders_GetSnapshotEN7drivers9EncoderIdE)
                  000023aa    00000008     register_map.o (.text._ZN8protocol11RegisterMap19ClearEncoderControlEv)
                  000023b2    00000008     serial_protocol.o (.text._ZN8protocol14SerialProtocol4InitEPNS_11RegisterMapE)
                  000023ba    00000008     register_map.o (.text._ZNK8protocol11RegisterMap9IsEnabledEv)
                  000023c2    00000002     --HOLE-- [fill = 0]
                  000023c4    00000008     libclang_rt.builtins.a : aeabi_memcpy.S.obj (.text)
                  000023cc    00000006     register_map.o (.text._ZNK8protocol11RegisterMap11SpeedKdQ4_4Ev)
                  000023d2    00000006     register_map.o (.text._ZNK8protocol11RegisterMap11SpeedKiQ4_4Ev)
                  000023d8    00000006     register_map.o (.text._ZNK8protocol11RegisterMap11SpeedKpQ4_4Ev)
                  000023de    00000006     register_map.o (.text._ZNK8protocol11RegisterMap12SpeedMaxDutyEv)
                  000023e4    00000006     register_map.o (.text._ZNK8protocol11RegisterMap12SpeedMinDutyEv)
                  000023ea    00000006     register_map.o (.text._ZNK8protocol11RegisterMap14EncoderControlEv)
                  000023f0    00000006     register_map.o (.text._ZNK8protocol11RegisterMap14PositionKdQ4_4Ev)
                  000023f6    00000006     register_map.o (.text._ZNK8protocol11RegisterMap14PositionKiQ4_4Ev)
                  000023fc    00000006     register_map.o (.text._ZNK8protocol11RegisterMap14PositionKpQ4_4Ev)
                  00002402    00000006     register_map.o (.text._ZNK8protocol11RegisterMap19WatchdogTimeout10msEv)
                  00002408    00000006     libc.a : exit.c.obj (.text:abort)
                  0000240e    00000004     libsysbm.a : hostexit.c.obj (.text.HOSTexit)
                  00002412    00000004     startup_mspm0g351x_ticlang.o (.text.Reset_Handler)
                  00002416    00000004     libc.a : pre_init.c.obj (.text._system_pre_init)
                  0000241a    00000006     --HOLE-- [fill = 0]

.cinit     0    00002570    00000030     
                  00002570    0000000c     (__TI_handler_table)
                  0000257c    00000009     (.cinit..data.load) [load image, compression = lzss]
                  00002585    00000003     --HOLE-- [fill = 0]
                  00002588    00000008     (.cinit..bss.load) [load image, compression = zero_init]
                  00002590    00000010     (__TI_cinit_table)

.rodata    0    00002420    00000150     
                  00002420    00000100     serial_protocol.o (.rodata..L.crctable)
                  00002520    00000014     board_uart.o (.rodata._ZN5board12_GLOBAL__N_113g_uart_configE)
                  00002534    00000010     quadrature_encoder.o (.rodata.cst16)
                  00002544    0000000a     ti_msp_dl_config.o (.rodata.gUART_CONTROLConfig)
                  0000254e    00000002     ti_msp_dl_config.o (.rodata.gUART_CONTROLClockConfig)
                  00002550    00000008     ti_msp_dl_config.o (.rodata.gPWM_M1_ENConfig)
                  00002558    00000008     ti_msp_dl_config.o (.rodata.gPWM_M2_ENConfig)
                  00002560    00000003     ti_msp_dl_config.o (.rodata.gPWM_M1_ENClockConfig)
                  00002563    00000003     ti_msp_dl_config.o (.rodata.gPWM_M2_ENClockConfig)
                  00002566    0000000a     --HOLE-- [fill = 0]

.init_array 
*          0    00000000    00000000     UNINITIALIZED

.binit     0    00000000    00000000     

.data      0    20200000    00000138     UNINITIALIZED
                  20200000    00000069     motor_app.o (.data._ZN3app12_GLOBAL__N_111g_registersE)
                  20200069    00000001     motor_app.o (.data._ZN3app12_GLOBAL__N_114g_output_dirtyE)
                  2020006a    00000001     motor_app.o (.data._ZN3app12_GLOBAL__N_116g_timeout_activeE)
                  2020006b    00000001     motor_app.o (.data._ZN3app12_GLOBAL__N_116g_watchdog_armedE)
                  2020006c    00000004     motor_app.o (.data._ZN3app12_GLOBAL__N_110g_ms_ticksE)
                  20200070    00000030     motor_control.o (.data._ZN7control12_GLOBAL__N_110g_m1_speedE)
                  202000a0    00000030     motor_control.o (.data._ZN7control12_GLOBAL__N_110g_m2_speedE)
                  202000d0    0000002c     motor_app.o (.data._ZN3app12_GLOBAL__N_18g_serialE)
                  202000fc    00000014     quadrature_encoder.o (.data._ZN7drivers12_GLOBAL__N_14g_m1E)
                  20200110    00000014     quadrature_encoder.o (.data._ZN7drivers12_GLOBAL__N_14g_m2E)
                  20200124    00000010     board_uart.o (.data._ZN5board12_GLOBAL__N_114g_uart_contextE)
                  20200134    00000004     motor_app.o (.data._ZN3app12_GLOBAL__N_126g_last_watchdog_refresh_msE)

.bss       0    20200138    00000100     UNINITIALIZED
                  20200138    00000100     board_uart.o (.bss._ZN5board12_GLOBAL__N_111g_rx_bufferE)

.stack     0    2020ff00    00000100     UNINITIALIZED
                  2020ff00    00000004     libc.a : boot_cortex_m.c.obj (.stack)
                  2020ff04    000000fc     --HOLE--

__llvm_prf_cnts 
*          0    20200000    00000000     UNINITIALIZED

__llvm_prf_bits 
*          0    20200000    00000000     UNINITIALIZED

MODULE SUMMARY

       Module                         code   ro data   rw data
       ------                         ----   -------   -------
    .\
       ti_msp_dl_config.o             636    34        0      
       startup_mspm0g351x_ticlang.o   6      192       0      
       empty_cpp.o                    22     0         0      
    +--+------------------------------+------+---------+---------+
       Total:                         664    226       0      
                                                              
    .\app\
       motor_app.o                    880    0         160    
    +--+------------------------------+------+---------+---------+
       Total:                         880    0         160    
                                                              
    .\board\
       board_uart.o                   92     20        272    
       board_encoders.o               40     0         0      
       board_motor_outputs.o          32     0         0      
    +--+------------------------------+------+---------+---------+
       Total:                         164    20        272    
                                                              
    .\control\
       motor_control.o                1434   0         96     
    +--+------------------------------+------+---------+---------+
       Total:                         1434   0         96     
                                                              
    .\drivers\
       quadrature_encoder.o           660    16        40     
       uart_link.o                    504    0         0      
       drv8701.o                      356    0         0      
    +--+------------------------------+------+---------+---------+
       Total:                         1520   16        40     
                                                              
    .\protocol\
       register_map.o                 2032   0         0      
       serial_protocol.o              872    256       0      
    +--+------------------------------+------+---------+---------+
       Total:                         2904   256       0      
                                                              
    C:/ti/mspm0_sdk_2_10_00_04/source/ti/driverlib/lib/ticlang/m0p/mspm0gx51x/driverlib.a
       dl_timer.o                     356    0         0      
       dl_uart.o                      90     0         0      
       dl_common.o                    10     0         0      
    +--+------------------------------+------+---------+---------+
       Total:                         456    0         0      
                                                              
    C:\ti\ccs2100\ccs\tools\compiler\ti-cgt-armllvm_5.1.1.LTS\lib\armv6m-ti-none-eabi/c/libc.a
       memcpy16.S.obj                 154    0         0      
       copy_decompress_lzss.c.obj     124    0         0      
       memset16.S.obj                 98     0         0      
       autoinit.c.obj                 60     0         0      
       boot_cortex_m.c.obj            40     0         0      
       copy_zero_init.c.obj           22     0         0      
       copy_decompress_none.c.obj     18     0         0      
       exit.c.obj                     6      0         0      
       pre_init.c.obj                 4      0         0      
    +--+------------------------------+------+---------+---------+
       Total:                         526    0         0      
                                                              
    C:\ti\ccs2100\ccs\tools\compiler\ti-cgt-armllvm_5.1.1.LTS\lib\armv6m-ti-none-eabi/c/libsysbm.a
       hostexit.c.obj                 4      0         0      
    +--+------------------------------+------+---------+---------+
       Total:                         4      0         0      
                                                              
    C:\ti\ccs2100\ccs\tools\compiler\ti-cgt-armllvm_5.1.1.LTS\lib\armv6m-ti-none-eabi/libclang_rt.builtins.a
       udivmoddi4.S.obj               162    0         0      
       aeabi_uidivmod.S.obj           64     0         0      
       divmoddi4.c.obj                62     0         0      
       muldsi3.S.obj                  58     0         0      
       muldi3.S.obj                   36     0         0      
       ashldi3.S.obj                  30     0         0      
       aeabi_memset.S.obj             26     0         0      
       aeabi_ldivmod.S.obj            20     0         0      
       aeabi_memcpy.S.obj             8      0         0      
       aeabi_div0.c.obj               4      0         0      
    +--+------------------------------+------+---------+---------+
       Total:                         470    0         0      
                                                              
       Stack:                         0      0         256    
       Linker Generated:              0      45        0      
    +--+------------------------------+------+---------+---------+
       Grand Total:                   9022   563       824    


LINKER GENERATED COPY TABLES

__TI_cinit_table @ 00002590 records: 2, size/record: 8, table size: 16
	.data: load addr=0000257c, load size=00000009 bytes, run addr=20200000, run size=00000138 bytes, compression=lzss
	.bss: load addr=00002588, load size=00000008 bytes, run addr=20200138, run size=00000100 bytes, compression=zero_init


LINKER GENERATED HANDLER TABLE

__TI_handler_table @ 00002570 records: 3, size/record: 4, table size: 12
	index: 0, handler: __TI_decompress_lzss
	index: 1, handler: __TI_decompress_none
	index: 2, handler: __TI_zero_init


GLOBAL SYMBOLS: SORTED ALPHABETICALLY BY Name 

address   name                                                                     
-------   ----                                                                     
00000533  ADC0_IRQHandler                                                          
00000533  ADC1_IRQHandler                                                          
00000533  AESADV_IRQHandler                                                        
0000240e  C$$EXIT                                                                  
00000533  CANFD0_IRQHandler                                                        
00000533  CANFD1_IRQHandler                                                        
00000533  DAC0_IRQHandler                                                          
00002359  DL_Common_delayCycles                                                    
00000e3d  DL_Timer_initFourCCPWMMode                                               
0000210d  DL_Timer_setCaptCompUpdateMethod                                         
0000221d  DL_Timer_setCaptureCompareOutCtl                                         
000022c1  DL_Timer_setCaptureCompareValue                                          
00002129  DL_Timer_setClockConfig                                                  
00001cb1  DL_UART_init                                                             
00002289  DL_UART_setClockConfig                                                   
00000533  DMA_IRQHandler                                                           
00000533  Default_Handler                                                          
00000533  GROUP0_IRQHandler                                                        
00002363  GROUP1_IRQHandler                                                        
0000240f  HOSTexit                                                                 
00000533  HardFault_Handler                                                        
00000533  I2C0_IRQHandler                                                          
00000533  I2C1_IRQHandler                                                          
00000533  I2C2_IRQHandler                                                          
00000533  LFSS_IRQHandler                                                          
00000533  NMI_Handler                                                              
00000533  PendSV_Handler                                                           
00002413  Reset_Handler                                                            
00000533  SPI0_IRQHandler                                                          
00000533  SPI1_IRQHandler                                                          
00000533  SPI2_IRQHandler                                                          
00000533  SVC_Handler                                                              
00001819  SYSCFG_DL_GPIO_init                                                      
00001981  SYSCFG_DL_PWM_M1_EN_init                                                 
000019f5  SYSCFG_DL_PWM_M2_EN_init                                                 
00001f9d  SYSCFG_DL_SYSCTL_init                                                    
00001595  SYSCFG_DL_UART_CONTROL_init                                              
00002145  SYSCFG_DL_init                                                           
00001cf9  SYSCFG_DL_initPower                                                      
000022d1  SysTick_Handler                                                          
00000533  TIMA0_IRQHandler                                                         
00000533  TIMA1_IRQHandler                                                         
00000533  TIMG0_IRQHandler                                                         
00000533  TIMG12_IRQHandler                                                        
00000533  TIMG14_IRQHandler                                                        
00000533  TIMG6_IRQHandler                                                         
00000533  TIMG7_IRQHandler                                                         
00000533  TIMG8_IRQHandler                                                         
00000533  TIMG9_IRQHandler                                                         
00000533  UART0_IRQHandler                                                         
00000533  UART1_IRQHandler                                                         
00000533  UART3_IRQHandler                                                         
000022e1  UART4_IRQHandler                                                         
00000533  UART5_IRQHandler                                                         
00000533  UART6_IRQHandler                                                         
00000533  UART7_IRQHandler                                                         
00001891  _ZN3app13MotorApp_InitEv                                                 
00000749  _ZN3app16MotorApp_ProcessEv                                              
00002055  _ZN5board14BoardUart_InitEv                                              
00002261  _ZN5board15BoardUart_WriteEPKhh                                          
0000236b  _ZN5board18BoardEncoders_InitEv                                          
000022f1  _ZN5board18BoardUart_ReadByteEPh                                         
00002373  _ZN5board19BoardEncoders_ResetEN7drivers9EncoderIdE                      
0000237b  _ZN5board21BoardEncoders_ProcessEj                                       
00002383  _ZN5board21BoardMotorOutputs_RunEN7drivers7MotorIdENS0_14MotorDirectionEh
0000238b  _ZN5board22BoardMotorOutputs_InitEv                                      
00002393  _ZN5board23BoardMotorOutputs_BrakeEN7drivers7MotorIdE                    
0000239b  _ZN5board23BoardMotorOutputs_CoastEN7drivers7MotorIdE                    
000023a3  _ZN5board25BoardEncoders_GetSnapshotEN7drivers9EncoderIdE                
00001e45  _ZN7control17MotorControl_InitEv                                         
0000125d  _ZN7control18MotorControl_ApplyERKN8protocol11RegisterMapEb              
00001e81  _ZN7control24MotorControl_UpdateSpeedERN8protocol11RegisterMapEisisj     
00001ad5  _ZN7drivers12Drv8701_InitEv                                              
0000161d  _ZN7drivers13UartLink_InitEPNS_15UartLinkContextEPKNS_14UartLinkConfigE  
0000130d  _ZN7drivers14Drv8701_SetRunENS_7MotorIdENS_14MotorDirectionEh            
00001019  _ZN7drivers14UartLink_WriteEPNS_15UartLinkContextEPKhh                   
00001ffd  _ZN7drivers16Drv8701_SetBrakeENS_7MotorIdE                               
00002029  _ZN7drivers16Drv8701_SetCoastENS_7MotorIdE                               
00001d85  _ZN7drivers17UartLink_ReadByteEPNS_15UartLinkContextEPh                  
00001a69  _ZN7drivers19UartLink_IrqHandlerEPNS_15UartLinkContextE                  
00000f41  _ZN7drivers22QuadratureEncoder_InitEv                                    
00001bf9  _ZN7drivers23QuadratureEncoder_ResetENS_9EncoderIdE                      
00001721  _ZN7drivers25QuadratureEncoder_ProcessEj                                 
00001d41  _ZN7drivers29QuadratureEncoder_GetSnapshotENS_9EncoderIdE                
00001459  _ZN7drivers37QuadratureEncoder_HandleGpioInterruptEv                     
00000bd5  _ZN8protocol11RegisterMap11CommitWriteEhPKhhPb                           
0000090d  _ZN8protocol11RegisterMap13RefreshStatusEv                               
00002341  _ZN8protocol11RegisterMap16SetTimeoutActiveEb                            
00002161  _ZN8protocol11RegisterMap16UpdateHoldTargetEbi                           
0000229b  _ZN8protocol11RegisterMap17UpdateMeasuredRpmEss                          
000023ab  _ZN8protocol11RegisterMap19ClearEncoderControlEv                         
00001f69  _ZN8protocol11RegisterMap19ForceCoastOnTimeoutEv                         
000020c9  _ZN8protocol11RegisterMap19UpdatePositionErrorEbi                        
00001c55  _ZN8protocol11RegisterMap21UpdateEncoderSnapshotEiihiih                  
00001f33  _ZN8protocol11RegisterMap23SetMotorDutyFromControlEbh                    
00001fcd  _ZN8protocol11RegisterMap25SetMotorOutputFromControlEbhh                 
0000217d  _ZN8protocol11RegisterMap26UpdateTargetRpmFromControlEbt                 
00001909  _ZN8protocol11RegisterMap4InitEv                                         
00000535  _ZN8protocol14SerialProtocol11HandleFrameEPNS_14SerialResponseEPbS3_     
00000a89  _ZN8protocol14SerialProtocol11ProcessByteEhPNS_14SerialResponseEPbS3_    
000023b3  _ZN8protocol14SerialProtocol4InitEPNS_11RegisterMapE                     
00002301  _ZNK8protocol11RegisterMap11M1TargetRpmEv                                
00002311  _ZNK8protocol11RegisterMap11M2TargetRpmEv                                
000023cd  _ZNK8protocol11RegisterMap11SpeedKdQ4_4Ev                                
000023d3  _ZNK8protocol11RegisterMap11SpeedKiQ4_4Ev                                
000023d9  _ZNK8protocol11RegisterMap11SpeedKpQ4_4Ev                                
000011a1  _ZNK8protocol11RegisterMap12ApplyWriteToEPhhh                            
000023df  _ZNK8protocol11RegisterMap12SpeedMaxDutyEv                               
000023e5  _ZNK8protocol11RegisterMap12SpeedMinDutyEv                               
000023eb  _ZNK8protocol11RegisterMap14EncoderControlEv                             
00002197  _ZNK8protocol11RegisterMap14M1CountsPerRevEv                             
000021b1  _ZNK8protocol11RegisterMap14M2CountsPerRevEv                             
000023f1  _ZNK8protocol11RegisterMap14PositionKdQ4_4Ev                             
000023f7  _ZNK8protocol11RegisterMap14PositionKiQ4_4Ev                             
000023fd  _ZNK8protocol11RegisterMap14PositionKpQ4_4Ev                             
00002321  _ZNK8protocol11RegisterMap14PositionMaxRpmEv                             
00001b9b  _ZNK8protocol11RegisterMap16HasActiveCommandEv                           
000021cb  _ZNK8protocol11RegisterMap16M1TargetPositionEv                           
000021e5  _ZNK8protocol11RegisterMap16M2TargetPositionEv                           
000016a1  _ZNK8protocol11RegisterMap17IsControlRegisterEh                          
00002331  _ZNK8protocol11RegisterMap17PositionToleranceEv                          
00002403  _ZNK8protocol11RegisterMap19WatchdogTimeout10msEv                        
0000234d  _ZNK8protocol11RegisterMap4ReadEh                                        
000023bb  _ZNK8protocol11RegisterMap9IsEnabledEv                                   
000010e1  _ZNK8protocol11RegisterMap9ReadBlockEhhPh                                
20210000  __STACK_END                                                              
00000100  __STACK_SIZE                                                             
00000000  __TI_ATRegion0_region_sz                                                 
00000000  __TI_ATRegion0_src_addr                                                  
00000000  __TI_ATRegion0_trg_addr                                                  
00000000  __TI_ATRegion1_region_sz                                                 
00000000  __TI_ATRegion1_src_addr                                                  
00000000  __TI_ATRegion1_trg_addr                                                  
00000000  __TI_ATRegion2_region_sz                                                 
00000000  __TI_ATRegion2_src_addr                                                  
00000000  __TI_ATRegion2_trg_addr                                                  
00002590  __TI_CINIT_Base                                                          
000025a0  __TI_CINIT_Limit                                                         
000025a0  __TI_CINIT_Warm                                                          
00002570  __TI_Handler_Table_Base                                                  
0000257c  __TI_Handler_Table_Limit                                                 
00001ebd  __TI_auto_init_nobinit_nopinit                                           
0000179d  __TI_decompress_lzss                                                     
000022ad  __TI_decompress_none                                                     
ffffffff  __TI_pprof_out_hndl                                                      
ffffffff  __TI_prof_data_size                                                      
ffffffff  __TI_prof_data_start                                                     
00000000  __TI_static_base__                                                       
0000224b  __TI_zero_init_nomemset                                                  
00000a87  __aeabi_idiv0                                                            
00000d17  __aeabi_ldiv0                                                            
00002275  __aeabi_ldivmod                                                          
000020ed  __aeabi_llsl                                                             
000020a5  __aeabi_lmul                                                             
0000220f  __aeabi_memclr                                                           
0000220f  __aeabi_memclr4                                                          
0000220f  __aeabi_memclr8                                                          
000023c5  __aeabi_memcpy                                                           
000023c5  __aeabi_memcpy4                                                          
000023c5  __aeabi_memcpy8                                                          
00002201  __aeabi_memset                                                           
00002201  __aeabi_memset4                                                          
00002201  __aeabi_memset8                                                          
00001dc5  __aeabi_uidiv                                                            
00001dc5  __aeabi_uidivmod                                                         
000020ed  __ashldi3                                                                
ffffffff  __binit__                                                                
00001e05  __divmoddi4                                                              
UNDEFED   __mpu_init                                                               
000020a5  __muldi3                                                                 
00001ef9  __muldsi3                                                                
2020ff00  __stack                                                                  
20200000  __start___llvm_prf_bits                                                  
20200000  __start___llvm_prf_cnts                                                  
20200000  __stop___llvm_prf_bits                                                   
20200000  __stop___llvm_prf_cnts                                                   
000013b5  __udivmoddi4                                                             
0000207d  _c_int00_noargs                                                          
UNDEFED   _system_post_cinit                                                       
00002417  _system_pre_init                                                         
00002409  abort                                                                    
ffffffff  binit                                                                    
00000000  interruptVectors                                                         
00002235  main                                                                     
000014f9  memcpy                                                                   
00001b39  memset                                                                   


GLOBAL SYMBOLS: SORTED BY Symbol Address 

address   name                                                                     
-------   ----                                                                     
00000000  __TI_ATRegion0_region_sz                                                 
00000000  __TI_ATRegion0_src_addr                                                  
00000000  __TI_ATRegion0_trg_addr                                                  
00000000  __TI_ATRegion1_region_sz                                                 
00000000  __TI_ATRegion1_src_addr                                                  
00000000  __TI_ATRegion1_trg_addr                                                  
00000000  __TI_ATRegion2_region_sz                                                 
00000000  __TI_ATRegion2_src_addr                                                  
00000000  __TI_ATRegion2_trg_addr                                                  
00000000  __TI_static_base__                                                       
00000000  interruptVectors                                                         
00000100  __STACK_SIZE                                                             
00000533  ADC0_IRQHandler                                                          
00000533  ADC1_IRQHandler                                                          
00000533  AESADV_IRQHandler                                                        
00000533  CANFD0_IRQHandler                                                        
00000533  CANFD1_IRQHandler                                                        
00000533  DAC0_IRQHandler                                                          
00000533  DMA_IRQHandler                                                           
00000533  Default_Handler                                                          
00000533  GROUP0_IRQHandler                                                        
00000533  HardFault_Handler                                                        
00000533  I2C0_IRQHandler                                                          
00000533  I2C1_IRQHandler                                                          
00000533  I2C2_IRQHandler                                                          
00000533  LFSS_IRQHandler                                                          
00000533  NMI_Handler                                                              
00000533  PendSV_Handler                                                           
00000533  SPI0_IRQHandler                                                          
00000533  SPI1_IRQHandler                                                          
00000533  SPI2_IRQHandler                                                          
00000533  SVC_Handler                                                              
00000533  TIMA0_IRQHandler                                                         
00000533  TIMA1_IRQHandler                                                         
00000533  TIMG0_IRQHandler                                                         
00000533  TIMG12_IRQHandler                                                        
00000533  TIMG14_IRQHandler                                                        
00000533  TIMG6_IRQHandler                                                         
00000533  TIMG7_IRQHandler                                                         
00000533  TIMG8_IRQHandler                                                         
00000533  TIMG9_IRQHandler                                                         
00000533  UART0_IRQHandler                                                         
00000533  UART1_IRQHandler                                                         
00000533  UART3_IRQHandler                                                         
00000533  UART5_IRQHandler                                                         
00000533  UART6_IRQHandler                                                         
00000533  UART7_IRQHandler                                                         
00000535  _ZN8protocol14SerialProtocol11HandleFrameEPNS_14SerialResponseEPbS3_     
00000749  _ZN3app16MotorApp_ProcessEv                                              
0000090d  _ZN8protocol11RegisterMap13RefreshStatusEv                               
00000a87  __aeabi_idiv0                                                            
00000a89  _ZN8protocol14SerialProtocol11ProcessByteEhPNS_14SerialResponseEPbS3_    
00000bd5  _ZN8protocol11RegisterMap11CommitWriteEhPKhhPb                           
00000d17  __aeabi_ldiv0                                                            
00000e3d  DL_Timer_initFourCCPWMMode                                               
00000f41  _ZN7drivers22QuadratureEncoder_InitEv                                    
00001019  _ZN7drivers14UartLink_WriteEPNS_15UartLinkContextEPKhh                   
000010e1  _ZNK8protocol11RegisterMap9ReadBlockEhhPh                                
000011a1  _ZNK8protocol11RegisterMap12ApplyWriteToEPhhh                            
0000125d  _ZN7control18MotorControl_ApplyERKN8protocol11RegisterMapEb              
0000130d  _ZN7drivers14Drv8701_SetRunENS_7MotorIdENS_14MotorDirectionEh            
000013b5  __udivmoddi4                                                             
00001459  _ZN7drivers37QuadratureEncoder_HandleGpioInterruptEv                     
000014f9  memcpy                                                                   
00001595  SYSCFG_DL_UART_CONTROL_init                                              
0000161d  _ZN7drivers13UartLink_InitEPNS_15UartLinkContextEPKNS_14UartLinkConfigE  
000016a1  _ZNK8protocol11RegisterMap17IsControlRegisterEh                          
00001721  _ZN7drivers25QuadratureEncoder_ProcessEj                                 
0000179d  __TI_decompress_lzss                                                     
00001819  SYSCFG_DL_GPIO_init                                                      
00001891  _ZN3app13MotorApp_InitEv                                                 
00001909  _ZN8protocol11RegisterMap4InitEv                                         
00001981  SYSCFG_DL_PWM_M1_EN_init                                                 
000019f5  SYSCFG_DL_PWM_M2_EN_init                                                 
00001a69  _ZN7drivers19UartLink_IrqHandlerEPNS_15UartLinkContextE                  
00001ad5  _ZN7drivers12Drv8701_InitEv                                              
00001b39  memset                                                                   
00001b9b  _ZNK8protocol11RegisterMap16HasActiveCommandEv                           
00001bf9  _ZN7drivers23QuadratureEncoder_ResetENS_9EncoderIdE                      
00001c55  _ZN8protocol11RegisterMap21UpdateEncoderSnapshotEiihiih                  
00001cb1  DL_UART_init                                                             
00001cf9  SYSCFG_DL_initPower                                                      
00001d41  _ZN7drivers29QuadratureEncoder_GetSnapshotENS_9EncoderIdE                
00001d85  _ZN7drivers17UartLink_ReadByteEPNS_15UartLinkContextEPh                  
00001dc5  __aeabi_uidiv                                                            
00001dc5  __aeabi_uidivmod                                                         
00001e05  __divmoddi4                                                              
00001e45  _ZN7control17MotorControl_InitEv                                         
00001e81  _ZN7control24MotorControl_UpdateSpeedERN8protocol11RegisterMapEisisj     
00001ebd  __TI_auto_init_nobinit_nopinit                                           
00001ef9  __muldsi3                                                                
00001f33  _ZN8protocol11RegisterMap23SetMotorDutyFromControlEbh                    
00001f69  _ZN8protocol11RegisterMap19ForceCoastOnTimeoutEv                         
00001f9d  SYSCFG_DL_SYSCTL_init                                                    
00001fcd  _ZN8protocol11RegisterMap25SetMotorOutputFromControlEbhh                 
00001ffd  _ZN7drivers16Drv8701_SetBrakeENS_7MotorIdE                               
00002029  _ZN7drivers16Drv8701_SetCoastENS_7MotorIdE                               
00002055  _ZN5board14BoardUart_InitEv                                              
0000207d  _c_int00_noargs                                                          
000020a5  __aeabi_lmul                                                             
000020a5  __muldi3                                                                 
000020c9  _ZN8protocol11RegisterMap19UpdatePositionErrorEbi                        
000020ed  __aeabi_llsl                                                             
000020ed  __ashldi3                                                                
0000210d  DL_Timer_setCaptCompUpdateMethod                                         
00002129  DL_Timer_setClockConfig                                                  
00002145  SYSCFG_DL_init                                                           
00002161  _ZN8protocol11RegisterMap16UpdateHoldTargetEbi                           
0000217d  _ZN8protocol11RegisterMap26UpdateTargetRpmFromControlEbt                 
00002197  _ZNK8protocol11RegisterMap14M1CountsPerRevEv                             
000021b1  _ZNK8protocol11RegisterMap14M2CountsPerRevEv                             
000021cb  _ZNK8protocol11RegisterMap16M1TargetPositionEv                           
000021e5  _ZNK8protocol11RegisterMap16M2TargetPositionEv                           
00002201  __aeabi_memset                                                           
00002201  __aeabi_memset4                                                          
00002201  __aeabi_memset8                                                          
0000220f  __aeabi_memclr                                                           
0000220f  __aeabi_memclr4                                                          
0000220f  __aeabi_memclr8                                                          
0000221d  DL_Timer_setCaptureCompareOutCtl                                         
00002235  main                                                                     
0000224b  __TI_zero_init_nomemset                                                  
00002261  _ZN5board15BoardUart_WriteEPKhh                                          
00002275  __aeabi_ldivmod                                                          
00002289  DL_UART_setClockConfig                                                   
0000229b  _ZN8protocol11RegisterMap17UpdateMeasuredRpmEss                          
000022ad  __TI_decompress_none                                                     
000022c1  DL_Timer_setCaptureCompareValue                                          
000022d1  SysTick_Handler                                                          
000022e1  UART4_IRQHandler                                                         
000022f1  _ZN5board18BoardUart_ReadByteEPh                                         
00002301  _ZNK8protocol11RegisterMap11M1TargetRpmEv                                
00002311  _ZNK8protocol11RegisterMap11M2TargetRpmEv                                
00002321  _ZNK8protocol11RegisterMap14PositionMaxRpmEv                             
00002331  _ZNK8protocol11RegisterMap17PositionToleranceEv                          
00002341  _ZN8protocol11RegisterMap16SetTimeoutActiveEb                            
0000234d  _ZNK8protocol11RegisterMap4ReadEh                                        
00002359  DL_Common_delayCycles                                                    
00002363  GROUP1_IRQHandler                                                        
0000236b  _ZN5board18BoardEncoders_InitEv                                          
00002373  _ZN5board19BoardEncoders_ResetEN7drivers9EncoderIdE                      
0000237b  _ZN5board21BoardEncoders_ProcessEj                                       
00002383  _ZN5board21BoardMotorOutputs_RunEN7drivers7MotorIdENS0_14MotorDirectionEh
0000238b  _ZN5board22BoardMotorOutputs_InitEv                                      
00002393  _ZN5board23BoardMotorOutputs_BrakeEN7drivers7MotorIdE                    
0000239b  _ZN5board23BoardMotorOutputs_CoastEN7drivers7MotorIdE                    
000023a3  _ZN5board25BoardEncoders_GetSnapshotEN7drivers9EncoderIdE                
000023ab  _ZN8protocol11RegisterMap19ClearEncoderControlEv                         
000023b3  _ZN8protocol14SerialProtocol4InitEPNS_11RegisterMapE                     
000023bb  _ZNK8protocol11RegisterMap9IsEnabledEv                                   
000023c5  __aeabi_memcpy                                                           
000023c5  __aeabi_memcpy4                                                          
000023c5  __aeabi_memcpy8                                                          
000023cd  _ZNK8protocol11RegisterMap11SpeedKdQ4_4Ev                                
000023d3  _ZNK8protocol11RegisterMap11SpeedKiQ4_4Ev                                
000023d9  _ZNK8protocol11RegisterMap11SpeedKpQ4_4Ev                                
000023df  _ZNK8protocol11RegisterMap12SpeedMaxDutyEv                               
000023e5  _ZNK8protocol11RegisterMap12SpeedMinDutyEv                               
000023eb  _ZNK8protocol11RegisterMap14EncoderControlEv                             
000023f1  _ZNK8protocol11RegisterMap14PositionKdQ4_4Ev                             
000023f7  _ZNK8protocol11RegisterMap14PositionKiQ4_4Ev                             
000023fd  _ZNK8protocol11RegisterMap14PositionKpQ4_4Ev                             
00002403  _ZNK8protocol11RegisterMap19WatchdogTimeout10msEv                        
00002409  abort                                                                    
0000240e  C$$EXIT                                                                  
0000240f  HOSTexit                                                                 
00002413  Reset_Handler                                                            
00002417  _system_pre_init                                                         
00002570  __TI_Handler_Table_Base                                                  
0000257c  __TI_Handler_Table_Limit                                                 
00002590  __TI_CINIT_Base                                                          
000025a0  __TI_CINIT_Limit                                                         
000025a0  __TI_CINIT_Warm                                                          
20200000  __start___llvm_prf_bits                                                  
20200000  __start___llvm_prf_cnts                                                  
20200000  __stop___llvm_prf_bits                                                   
20200000  __stop___llvm_prf_cnts                                                   
2020ff00  __stack                                                                  
20210000  __STACK_END                                                              
ffffffff  __TI_pprof_out_hndl                                                      
ffffffff  __TI_prof_data_size                                                      
ffffffff  __TI_prof_data_start                                                     
ffffffff  __binit__                                                                
ffffffff  binit                                                                    
UNDEFED   __mpu_init                                                               
UNDEFED   _system_post_cinit                                                       

[186 symbols]
