******************************************************************************
            TI ARM Clang Linker PC v5.1.1                      
******************************************************************************
>> Linked Wed Jul  8 19:59:10 2026

OUTPUT FILE NAME:   <MotorDriver.out>
ENTRY POINT SYMBOL: "_c_int00_noargs"  address: 00002d21


MEMORY CONFIGURATION

         name            origin    length      used     unused   attr    fill
----------------------  --------  ---------  --------  --------  ----  --------
  FLASH                 00000000   00080000  00003328  0007ccd8  R  X
  SRAM_BANK0            20200000   00010000  000004a9  0000fb57  RW X
  SRAM_BANK1            20210000   00010000  00000000  00010000  RW X
  BCR_CONFIG            41c00000   000000ff  00000000  000000ff  R   
  BSL_CONFIG            41c00100   00000080  00000000  00000080  R   
  DATA                  41d00000   00004000  00000000  00004000  R   


SEGMENT ALLOCATION MAP

run origin  load origin   length   init length attrs members
----------  ----------- ---------- ----------- ----- -------
00000000    00000000    00003188   00003188    r-x
  00000000    00000000    000000c0   000000c0    r-- .intvecs
  000000c0    000000c0    000030c8   000030c8    r-x .text
00003190    00003190    000001a0   000001a0    r--
  00003190    00003190    00000160   00000160    r-- .rodata
  000032f0    000032f0    00000040   00000040    r-- .cinit
20200000    20200000    000003b0   00000000    rw-
  20200000    20200000    00000231   00000000    rw- .bss
  20200238    20200238    00000178   00000000    rw- .data
2020ff00    2020ff00    00000100   00000000    rw-
  2020ff00    2020ff00    00000100   00000000    rw- .stack


SECTION ALLOCATION MAP

 output                                  attributes/
section   page    origin      length       input sections
--------  ----  ----------  ----------   ----------------
.intvecs   0    00000000    000000c0     
                  00000000    000000c0     startup_mspm0g351x_ticlang.o (.intvecs)

.text      0    000000c0    000030c8     
                  000000c0    000005d4     motor_control.o (.text._ZN7control12_GLOBAL__N_116UpdateSpeedMotorERN8protocol11RegisterMapEPNS0_13SpeedPidStateEbisj)
                  00000694    000002f4     motor_app.o (.text._ZN3app16MotorApp_ProcessEv)
                  00000988    000002b0     board_i2c_target.o (.text._ZN5board25BoardI2cTarget_IrqHandlerEv)
                  00000c38    00000214     serial_protocol.o (.text._ZN8protocol14SerialProtocol11HandleFrameEPNS_14SerialResponseEPbS3_)
                  00000e4c    000001f4     motor_app.o (.text._ZN3app12_GLOBAL__N_120SyncEncoderRegistersEv)
                  00001040    0000017a     register_map.o (.text._ZN8protocol11RegisterMap13RefreshStatusEv)
                  000011ba    00000002     startup_mspm0g351x_ticlang.o (.text.Default_Handler)
                  000011bc    0000014c     serial_protocol.o (.text._ZN8protocol14SerialProtocol11ProcessByteEhPNS_14SerialResponseEPbS3_)
                  00001308    00000142     register_map.o (.text._ZN8protocol11RegisterMap11CommitWriteEhPKhhPb)
                  0000144a    00000002     libclang_rt.builtins.a : aeabi_div0.c.obj (.text.__aeabi_idiv0)
                  0000144c    00000134     quadrature_encoder.o (.text._ZN7drivers22QuadratureEncoder_InitEv)
                  00001580    00000130     quadrature_encoder.o (.text._ZN7drivers28QuadratureEncoder_SetEnabledENS_9EncoderIdEb)
                  000016b0    00000128     quadrature_encoder.o (.text._ZN7drivers25QuadratureEncoder_ProcessEj)
                  000017d8    00000104     driverlib.a : dl_timer.o (.text.DL_Timer_initFourCCPWMMode)
                  000018dc    00000104     board_i2c_target.o (.text._ZN5board24BoardI2cTarget_TakeWriteEPNS_19BoardI2cTargetWriteE)
                  000019e0    000000d8     board_i2c_target.o (.text._ZN5board19BoardI2cTarget_InitEPKN8protocol11RegisterMapE)
                  00001ab8    000000d4     motor_control.o (.text._ZN7control18MotorControl_ApplyERKN8protocol11RegisterMapEb)
                  00001b8c    000000c8     uart_link.o (.text._ZN7drivers14UartLink_WriteEPNS_15UartLinkContextEPKhh)
                  00001c54    000000c8     register_map.o (.text._ZNK8protocol11RegisterMap12ApplyWriteToEPhhh)
                  00001d1c    000000c0     register_map.o (.text._ZNK8protocol11RegisterMap9ReadBlockEhhPh)
                  00001ddc    000000b0     drv8701.o (.text._ZN7drivers14Drv8701_SetRunENS_7MotorIdENS_14MotorDirectionEh)
                  00001e8c    000000a4     quadrature_encoder.o (.text._ZN7drivers29QuadratureEncoder_GetSnapshotENS_9EncoderIdE)
                  00001f30    000000a2     libclang_rt.builtins.a : udivmoddi4.S.obj (.text)
                  00001fd2    00000002                            : aeabi_div0.c.obj (.text.__aeabi_ldiv0)
                  00001fd4    000000a0     driverlib.a : dl_timer.o (.text.DL_Timer_initCompareMode)
                  00002074    0000009c     ti_msp_dl_config.o (.text.SYSCFG_DL_GPIO_init)
                  00002110    0000009a     libc.a : memcpy16.S.obj (.text:memcpy)
                  000021aa    00000002     --HOLE-- [fill = 0]
                  000021ac    00000098     quadrature_encoder.o (.text._ZN7drivers23QuadratureEncoder_ResetENS_9EncoderIdE)
                  00002244    00000092     register_map.o (.text._ZN8protocol11RegisterMap4InitEv)
                  000022d6    00000002     --HOLE-- [fill = 0]
                  000022d8    00000088     ti_msp_dl_config.o (.text.SYSCFG_DL_UART_CONTROL_init)
                  00002360    00000088     motor_app.o (.text._ZN3app13MotorApp_InitEv)
                  000023e8    00000084     uart_link.o (.text._ZN7drivers13UartLink_InitEPNS_15UartLinkContextEPKNS_14UartLinkConfigE)
                  0000246c    00000084     register_map.o (.text._ZNK8protocol11RegisterMap17IsControlRegisterEh)
                  000024f0    0000007c     ti_msp_dl_config.o (.text.SYSCFG_DL_I2C_CONTROL_init)
                  0000256c    0000007c     libc.a : copy_decompress_lzss.c.obj (.text:decompress:lzss)
                  000025e8    00000074     ti_msp_dl_config.o (.text.SYSCFG_DL_PWM_M1_EN_init)
                  0000265c    00000074     ti_msp_dl_config.o (.text.SYSCFG_DL_PWM_M2_EN_init)
                  000026d0    0000006c     uart_link.o (.text._ZN7drivers19UartLink_IrqHandlerEPNS_15UartLinkContextE)
                  0000273c    00000064     drv8701.o (.text._ZN7drivers12Drv8701_InitEv)
                  000027a0    00000062     libc.a : memset16.S.obj (.text:memset)
                  00002802    0000005e     register_map.o (.text._ZNK8protocol11RegisterMap16HasActiveCommandEv)
                  00002860    0000005a     register_map.o (.text._ZN8protocol11RegisterMap21UpdateEncoderSnapshotEiihiih)
                  000028ba    00000002     --HOLE-- [fill = 0]
                  000028bc    00000058     quadrature_encoder.o (.text._ZN7drivers37QuadratureEncoder_HandleGpioInterruptEv)
                  00002914    00000054     ti_msp_dl_config.o (.text.SYSCFG_DL_initPower)
                  00002968    00000048     driverlib.a : dl_uart.o (.text.DL_UART_init)
                  000029b0    00000048     motor_control.o (.text._ZN7control17MotorControl_InitEv)
                  000029f8    00000040     uart_link.o (.text._ZN7drivers17UartLink_ReadByteEPNS_15UartLinkContextEPh)
                  00002a38    00000040     libclang_rt.builtins.a : aeabi_uidivmod.S.obj (.text)
                  00002a78    0000003e                            : divmoddi4.c.obj (.text.__divmoddi4)
                  00002ab6    00000002     --HOLE-- [fill = 0]
                  00002ab8    0000003c     driverlib.a : dl_i2c.o (.text.DL_I2C_flushTargetTXFIFO)
                  00002af4    0000003c     motor_control.o (.text._ZN7control24MotorControl_UpdateSpeedERN8protocol11RegisterMapEisisj)
                  00002b30    0000003c     libc.a : autoinit.c.obj (.text:__TI_auto_init_nobinit_nopinit)
                  00002b6c    0000003a     libclang_rt.builtins.a : muldsi3.S.obj (.text)
                  00002ba6    00000036     register_map.o (.text._ZN8protocol11RegisterMap23SetMotorDutyFromControlEbh)
                  00002bdc    00000032     register_map.o (.text._ZN8protocol11RegisterMap19ForceCoastOnTimeoutEv)
                  00002c0e    00000002     --HOLE-- [fill = 0]
                  00002c10    00000030     driverlib.a : dl_i2c.o (.text.DL_I2C_flushTargetRXFIFO)
                  00002c40    00000030     ti_msp_dl_config.o (.text.SYSCFG_DL_SYSCTL_init)
                  00002c70    0000002e     register_map.o (.text._ZN8protocol11RegisterMap25SetMotorOutputFromControlEbhh)
                  00002c9e    00000002     --HOLE-- [fill = 0]
                  00002ca0    0000002c     drv8701.o (.text._ZN7drivers16Drv8701_SetBrakeENS_7MotorIdE)
                  00002ccc    0000002c     drv8701.o (.text._ZN7drivers16Drv8701_SetCoastENS_7MotorIdE)
                  00002cf8    00000028     board_uart.o (.text._ZN5board14BoardUart_InitEv)
                  00002d20    00000028     libc.a : boot_cortex_m.c.obj (.text:_c_int00_noargs)
                  00002d48    00000026     driverlib.a : dl_i2c.o (.text.DL_I2C_setClockConfig)
                  00002d6e    00000002     --HOLE-- [fill = 0]
                  00002d70    00000024     libclang_rt.builtins.a : muldi3.S.obj (.text)
                  00002d94    00000022     register_map.o (.text._ZN8protocol11RegisterMap19UpdatePositionErrorEbi)
                  00002db6    00000020     ti_msp_dl_config.o (.text.SYSCFG_DL_init)
                  00002dd6    00000002     --HOLE-- [fill = 0]
                  00002dd8    0000001e     libclang_rt.builtins.a : ashldi3.S.obj (.text)
                  00002df6    00000002     --HOLE-- [fill = 0]
                  00002df8    0000001c     driverlib.a : dl_i2c.o (.text.DL_I2C_transmitTargetDataCheck)
                  00002e14    0000001c                 : dl_timer.o (.text.DL_Timer_setCaptCompUpdateMethod)
                  00002e30    0000001c                 : dl_timer.o (.text.DL_Timer_setClockConfig)
                  00002e4c    0000001c     register_map.o (.text._ZN8protocol11RegisterMap16UpdateHoldTargetEbi)
                  00002e68    0000001a     register_map.o (.text._ZN8protocol11RegisterMap26UpdateTargetRpmFromControlEbt)
                  00002e82    0000001a     register_map.o (.text._ZNK8protocol11RegisterMap14M1CountsPerRevEv)
                  00002e9c    0000001a     register_map.o (.text._ZNK8protocol11RegisterMap14M2CountsPerRevEv)
                  00002eb6    0000001a     register_map.o (.text._ZNK8protocol11RegisterMap16M1TargetPositionEv)
                  00002ed0    0000001a     register_map.o (.text._ZNK8protocol11RegisterMap16M2TargetPositionEv)
                  00002eea    00000002     --HOLE-- [fill = 0]
                  00002eec    0000001a     libclang_rt.builtins.a : aeabi_memset.S.obj (.text)
                  00002f06    00000018     driverlib.a : dl_i2c.o (.text.DL_I2C_receiveTargetDataCheck)
                  00002f1e    00000002     --HOLE-- [fill = 0]
                  00002f20    00000018                 : dl_timer.o (.text.DL_Timer_setCaptureCompareOutCtl)
                  00002f38    00000016     empty_cpp.o (.text.main)
                  00002f4e    00000016     libc.a : copy_zero_init.c.obj (.text:decompress:ZI:__TI_zero_init_nomemset)
                  00002f64    00000014     board_uart.o (.text._ZN5board15BoardUart_WriteEPKhh)
                  00002f78    00000014     register_map.o (.text._ZNK8protocol11RegisterMap15EncoderInvertedEb)
                  00002f8c    00000014     register_map.o (.text._ZNK8protocol11RegisterMap19MotorOutputInvertedEb)
                  00002fa0    00000014     libclang_rt.builtins.a : aeabi_ldivmod.S.obj (.text)
                  00002fb4    00000012     driverlib.a : dl_uart.o (.text.DL_UART_setClockConfig)
                  00002fc6    00000012     register_map.o (.text._ZN8protocol11RegisterMap17UpdateMeasuredRpmEss)
                  00002fd8    00000012     libc.a : copy_decompress_none.c.obj (.text:decompress:none)
                  00002fea    00000002     --HOLE-- [fill = 0]
                  00002fec    00000010     driverlib.a : dl_timer.o (.text.DL_Timer_setCaptureCompareValue)
                  00002ffc    00000010     motor_app.o (.text.SysTick_Handler)
                  0000300c    00000010     board_uart.o (.text.UART4_IRQHandler)
                  0000301c    00000010     board_uart.o (.text._ZN5board18BoardUart_ReadByteEPh)
                  0000302c    00000010     register_map.o (.text._ZNK8protocol11RegisterMap11M1TargetRpmEv)
                  0000303c    00000010     register_map.o (.text._ZNK8protocol11RegisterMap11M2TargetRpmEv)
                  0000304c    00000010     register_map.o (.text._ZNK8protocol11RegisterMap14PositionMaxRpmEv)
                  0000305c    00000010     register_map.o (.text._ZNK8protocol11RegisterMap17PositionToleranceEv)
                  0000306c    00000010     register_map.o (.text._ZNK8protocol11RegisterMap21PositionExitToleranceEv)
                  0000307c    0000000c     register_map.o (.text._ZN8protocol11RegisterMap16SetTimeoutActiveEb)
                  00003088    0000000c     register_map.o (.text._ZNK8protocol11RegisterMap4ReadEh)
                  00003094    0000000a     driverlib.a : dl_common.o (.text.DL_Common_delayCycles)
                  0000309e    0000000a     register_map.o (.text._ZNK8protocol11RegisterMap16PositionSettleMsEv)
                  000030a8    00000008     board_encoders.o (.text.GROUP1_IRQHandler)
                  000030b0    00000008     board_i2c_target.o (.text.I2C1_IRQHandler)
                  000030b8    00000008     board_encoders.o (.text._ZN5board18BoardEncoders_InitEv)
                  000030c0    00000008     board_encoders.o (.text._ZN5board19BoardEncoders_ResetEN7drivers9EncoderIdE)
                  000030c8    00000008     board_encoders.o (.text._ZN5board21BoardEncoders_ProcessEj)
                  000030d0    00000008     board_motor_outputs.o (.text._ZN5board21BoardMotorOutputs_RunEN7drivers7MotorIdENS0_14MotorDirectionEh)
                  000030d8    00000008     board_motor_outputs.o (.text._ZN5board22BoardMotorOutputs_InitEv)
                  000030e0    00000008     board_motor_outputs.o (.text._ZN5board23BoardMotorOutputs_BrakeEN7drivers7MotorIdE)
                  000030e8    00000008     board_motor_outputs.o (.text._ZN5board23BoardMotorOutputs_CoastEN7drivers7MotorIdE)
                  000030f0    00000008     board_encoders.o (.text._ZN5board24BoardEncoders_SetEnabledEN7drivers9EncoderIdEb)
                  000030f8    00000008     board_encoders.o (.text._ZN5board25BoardEncoders_GetSnapshotEN7drivers9EncoderIdE)
                  00003100    00000008     register_map.o (.text._ZN8protocol11RegisterMap19ClearEncoderControlEv)
                  00003108    00000008     serial_protocol.o (.text._ZN8protocol14SerialProtocol4InitEPNS_11RegisterMapE)
                  00003110    00000008     register_map.o (.text._ZNK8protocol11RegisterMap9IsEnabledEv)
                  00003118    00000008     libclang_rt.builtins.a : aeabi_memcpy.S.obj (.text)
                  00003120    00000006     register_map.o (.text._ZNK8protocol11RegisterMap11SpeedKdQ4_4Ev)
                  00003126    00000006     register_map.o (.text._ZNK8protocol11RegisterMap11SpeedKiQ4_4Ev)
                  0000312c    00000006     register_map.o (.text._ZNK8protocol11RegisterMap11SpeedKpQ4_4Ev)
                  00003132    00000006     register_map.o (.text._ZNK8protocol11RegisterMap12SpeedMaxDutyEv)
                  00003138    00000006     register_map.o (.text._ZNK8protocol11RegisterMap12SpeedMinDutyEv)
                  0000313e    00000006     register_map.o (.text._ZNK8protocol11RegisterMap14EncoderControlEv)
                  00003144    00000006     register_map.o (.text._ZNK8protocol11RegisterMap14PositionKdQ4_4Ev)
                  0000314a    00000006     register_map.o (.text._ZNK8protocol11RegisterMap14PositionKiQ4_4Ev)
                  00003150    00000006     register_map.o (.text._ZNK8protocol11RegisterMap14PositionKpQ4_4Ev)
                  00003156    00000006     register_map.o (.text._ZNK8protocol11RegisterMap15PositionMaxDutyEv)
                  0000315c    00000006     register_map.o (.text._ZNK8protocol11RegisterMap15PositionMinDutyEv)
                  00003162    00000006     register_map.o (.text._ZNK8protocol11RegisterMap19WatchdogTimeout10msEv)
                  00003168    00000006     libc.a : exit.c.obj (.text:abort)
                  0000316e    00000004     libsysbm.a : hostexit.c.obj (.text.HOSTexit)
                  00003172    00000004     startup_mspm0g351x_ticlang.o (.text.Reset_Handler)
                  00003176    00000004     board_i2c_target.o (.text._ZN5board22BoardI2cTarget_AddressEv)
                  0000317a    00000004     register_map.o (.text._ZN8protocol11RegisterMap13SetI2cAddressEh)
                  0000317e    00000004     libc.a : pre_init.c.obj (.text._system_pre_init)
                  00003182    00000006     --HOLE-- [fill = 0]

.cinit     0    000032f0    00000040     
                  000032f0    00000018     (.cinit..data.load) [load image, compression = lzss]
                  00003308    0000000c     (__TI_handler_table)
                  00003314    00000008     (.cinit..bss.load) [load image, compression = zero_init]
                  0000331c    00000010     (__TI_cinit_table)
                  0000332c    00000004     --HOLE-- [fill = 0]

.rodata    0    00003190    00000160     
                  00003190    00000100     serial_protocol.o (.rodata..L.crctable)
                  00003290    00000014     board_uart.o (.rodata._ZN5board12_GLOBAL__N_113g_uart_configE)
                  000032a4    00000010     quadrature_encoder.o (.rodata.cst16)
                  000032b4    0000000c     driverlib.a : dl_timer.o (.rodata..Lswitch.table.DL_Timer_initCompareMode.2)
                  000032c0    0000000c                 : dl_timer.o (.rodata..Lswitch.table.DL_Timer_initCompareMode)
                  000032cc    0000000a     ti_msp_dl_config.o (.rodata.gUART_CONTROLConfig)
                  000032d6    00000002     ti_msp_dl_config.o (.rodata.gI2C_CONTROLClockConfig)
                  000032d8    00000008     ti_msp_dl_config.o (.rodata.gPWM_M1_ENConfig)
                  000032e0    00000008     ti_msp_dl_config.o (.rodata.gPWM_M2_ENConfig)
                  000032e8    00000003     ti_msp_dl_config.o (.rodata.gPWM_M1_ENClockConfig)
                  000032eb    00000003     ti_msp_dl_config.o (.rodata.gPWM_M2_ENClockConfig)
                  000032ee    00000002     ti_msp_dl_config.o (.rodata.gUART_CONTROLClockConfig)

.init_array 
*          0    00000000    00000000     UNINITIALIZED

.binit     0    00000000    00000000     

.bss       0    20200000    00000231     UNINITIALIZED
                  20200000    00000100     board_uart.o (.bss._ZN5board12_GLOBAL__N_111g_rx_bufferE)
                  20200100    00000100     board_i2c_target.o (.bss._ZN5board12_GLOBAL__N_112g_write_dataE)
                  20200200    00000021     board_i2c_target.o (.bss._ZN5board12_GLOBAL__N_111g_rx_bufferE)
                  20200221    00000008     board_i2c_target.o (.bss._ZN5board12_GLOBAL__N_111g_write_regE)
                  20200229    00000008     board_i2c_target.o (.bss._ZN5board12_GLOBAL__N_114g_write_lengthE)

.data      0    20200238    00000178     UNINITIALIZED
                  20200238    0000006e     motor_app.o (.data._ZN3app12_GLOBAL__N_111g_registersE)
                  202002a6    00000002     quadrature_encoder.o (.data._ZN7drivers12_GLOBAL__N_18g_m2_qeiE.0)
                  202002a8    00000030     motor_control.o (.data._ZN7control12_GLOBAL__N_110g_m1_speedE)
                  202002d8    00000030     motor_control.o (.data._ZN7control12_GLOBAL__N_110g_m2_speedE)
                  20200308    0000002c     motor_app.o (.data._ZN3app12_GLOBAL__N_18g_serialE)
                  20200334    00000014     quadrature_encoder.o (.data._ZN7drivers12_GLOBAL__N_14g_m1E)
                  20200348    00000014     quadrature_encoder.o (.data._ZN7drivers12_GLOBAL__N_14g_m2E)
                  2020035c    00000014     quadrature_encoder.o (.data._ZZN7drivers12_GLOBAL__N_122ConfigureM1EdgeCounterEvE14kCompareConfig)
                  20200370    00000010     board_uart.o (.data._ZN5board12_GLOBAL__N_114g_uart_contextE)
                  20200380    00000004     motor_app.o (.data._ZN3app12_GLOBAL__N_110g_ms_ticksE)
                  20200384    00000004     motor_app.o (.data._ZN3app12_GLOBAL__N_126g_last_watchdog_refresh_msE)
                  20200388    00000004     motor_app.o (.data._ZN3app12_GLOBAL__N_130g_m1_encoder_cooldown_start_msE)
                  2020038c    00000004     board_i2c_target.o (.data._ZN5board12_GLOBAL__N_111g_registersE)
                  20200390    00000004     board_i2c_target.o (.data._ZN5board12_GLOBAL__N_113g_error_flagsE)
                  20200394    00000004     board_i2c_target.o (.data._ZN5board12_GLOBAL__N_116g_dropped_writesE)
                  20200398    00000004     quadrature_encoder.o (.data._ZN7drivers12_GLOBAL__N_19g_m1_edgeE.0)
                  2020039c    00000004     quadrature_encoder.o (.data._ZN7drivers12_GLOBAL__N_19g_m1_edgeE.1)
                  202003a0    00000003     quadrature_encoder.o (.data._ZZN7drivers12_GLOBAL__N_114ConfigureM2QeiEvE12kClockConfig)
                  202003a3    00000003     quadrature_encoder.o (.data._ZZN7drivers12_GLOBAL__N_122ConfigureM1EdgeCounterEvE12kClockConfig)
                  202003a6    00000001     motor_app.o (.data._ZN3app12_GLOBAL__N_114g_output_dirtyE)
                  202003a7    00000001     motor_app.o (.data._ZN3app12_GLOBAL__N_116g_timeout_activeE)
                  202003a8    00000001     motor_app.o (.data._ZN3app12_GLOBAL__N_116g_watchdog_armedE)
                  202003a9    00000001     motor_app.o (.data._ZN3app12_GLOBAL__N_128g_m1_encoder_cooldown_activeE)
                  202003aa    00000001     board_i2c_target.o (.data._ZN5board12_GLOBAL__N_110g_rx_countE)
                  202003ab    00000001     board_i2c_target.o (.data._ZN5board12_GLOBAL__N_112g_write_headE)
                  202003ac    00000001     board_i2c_target.o (.data._ZN5board12_GLOBAL__N_112g_write_tailE)
                  202003ad    00000001     board_i2c_target.o (.data._ZN5board12_GLOBAL__N_113g_write_countE)
                  202003ae    00000001     board_i2c_target.o (.data._ZN5board12_GLOBAL__N_114g_selected_regE)
                  202003af    00000001     board_i2c_target.o (.data._ZN5board12_GLOBAL__N_121g_rx_overflow_currentE)

.stack     0    2020ff00    00000100     UNINITIALIZED
                  2020ff00    00000004     libc.a : boot_cortex_m.c.obj (.stack)
                  2020ff04    000000fc     --HOLE--

__llvm_prf_cnts 
*          0    20200000    00000000     UNINITIALIZED

__llvm_prf_bits 
*          0    20200000    00000000     UNINITIALIZED

MODULE SUMMARY

       Module                         code    ro data   rw data
       ------                         ----    -------   -------
    .\
       ti_msp_dl_config.o             812     36        0      
       startup_mspm0g351x_ticlang.o   6       192       0      
       empty_cpp.o                    22      0         0      
    +--+------------------------------+-------+---------+---------+
       Total:                         840     228       0      
                                                               
    .\app\
       motor_app.o                    1408    0         170    
    +--+------------------------------+-------+---------+---------+
       Total:                         1408    0         170    
                                                               
    .\board\
       board_i2c_target.o             1176    0         323    
       board_uart.o                   92      20        272    
       board_encoders.o               48      0         0      
       board_motor_outputs.o          32      0         0      
    +--+------------------------------+-------+---------+---------+
       Total:                         1348    20        595    
                                                               
    .\control\
       motor_control.o                1836    0         96     
    +--+------------------------------+-------+---------+---------+
       Total:                         1836    0         96     
                                                               
    .\drivers\
       quadrature_encoder.o           1312    16        76     
       uart_link.o                    504     0         0      
       drv8701.o                      364     0         0      
    +--+------------------------------+-------+---------+---------+
       Total:                         2180    16        76     
                                                               
    .\protocol\
       register_map.o                 2160    0         0      
       serial_protocol.o              872     256       0      
    +--+------------------------------+-------+---------+---------+
       Total:                         3032    256       0      
                                                               
    C:/ti/mspm0_sdk_2_10_00_04/source/ti/driverlib/lib/ticlang/m0p/mspm0gx51x/driverlib.a
       dl_timer.o                     516     24        0      
       dl_i2c.o                       198     0         0      
       dl_uart.o                      90      0         0      
       dl_common.o                    10      0         0      
    +--+------------------------------+-------+---------+---------+
       Total:                         814     24        0      
                                                               
    C:\ti\ccs2100\ccs\tools\compiler\ti-cgt-armllvm_5.1.1.LTS\lib\armv6m-ti-none-eabi/c/libc.a
       memcpy16.S.obj                 154     0         0      
       copy_decompress_lzss.c.obj     124     0         0      
       memset16.S.obj                 98      0         0      
       autoinit.c.obj                 60      0         0      
       boot_cortex_m.c.obj            40      0         0      
       copy_zero_init.c.obj           22      0         0      
       copy_decompress_none.c.obj     18      0         0      
       exit.c.obj                     6       0         0      
       pre_init.c.obj                 4       0         0      
    +--+------------------------------+-------+---------+---------+
       Total:                         526     0         0      
                                                               
    C:\ti\ccs2100\ccs\tools\compiler\ti-cgt-armllvm_5.1.1.LTS\lib\armv6m-ti-none-eabi/c/libsysbm.a
       hostexit.c.obj                 4       0         0      
    +--+------------------------------+-------+---------+---------+
       Total:                         4       0         0      
                                                               
    C:\ti\ccs2100\ccs\tools\compiler\ti-cgt-armllvm_5.1.1.LTS\lib\armv6m-ti-none-eabi/libclang_rt.builtins.a
       udivmoddi4.S.obj               162     0         0      
       aeabi_uidivmod.S.obj           64      0         0      
       divmoddi4.c.obj                62      0         0      
       muldsi3.S.obj                  58      0         0      
       muldi3.S.obj                   36      0         0      
       ashldi3.S.obj                  30      0         0      
       aeabi_memset.S.obj             26      0         0      
       aeabi_ldivmod.S.obj            20      0         0      
       aeabi_memcpy.S.obj             8       0         0      
       aeabi_div0.c.obj               4       0         0      
    +--+------------------------------+-------+---------+---------+
       Total:                         470     0         0      
                                                               
       Stack:                         0       0         256    
       Linker Generated:              0       60        0      
    +--+------------------------------+-------+---------+---------+
       Grand Total:                   12458   604       1193   


LINKER GENERATED COPY TABLES

__TI_cinit_table @ 0000331c records: 2, size/record: 8, table size: 16
	.data: load addr=000032f0, load size=00000018 bytes, run addr=20200238, run size=00000178 bytes, compression=lzss
	.bss: load addr=00003314, load size=00000008 bytes, run addr=20200000, run size=00000231 bytes, compression=zero_init


LINKER GENERATED HANDLER TABLE

__TI_handler_table @ 00003308 records: 3, size/record: 4, table size: 12
	index: 0, handler: __TI_decompress_lzss
	index: 1, handler: __TI_decompress_none
	index: 2, handler: __TI_zero_init


GLOBAL SYMBOLS: SORTED ALPHABETICALLY BY Name 

address   name                                                                     
-------   ----                                                                     
000011bb  ADC0_IRQHandler                                                          
000011bb  ADC1_IRQHandler                                                          
000011bb  AESADV_IRQHandler                                                        
0000316e  C$$EXIT                                                                  
000011bb  CANFD0_IRQHandler                                                        
000011bb  CANFD1_IRQHandler                                                        
000011bb  DAC0_IRQHandler                                                          
00003095  DL_Common_delayCycles                                                    
00002c11  DL_I2C_flushTargetRXFIFO                                                 
00002ab9  DL_I2C_flushTargetTXFIFO                                                 
00002f07  DL_I2C_receiveTargetDataCheck                                            
00002d49  DL_I2C_setClockConfig                                                    
00002df9  DL_I2C_transmitTargetDataCheck                                           
00001fd5  DL_Timer_initCompareMode                                                 
000017d9  DL_Timer_initFourCCPWMMode                                               
00002e15  DL_Timer_setCaptCompUpdateMethod                                         
00002f21  DL_Timer_setCaptureCompareOutCtl                                         
00002fed  DL_Timer_setCaptureCompareValue                                          
00002e31  DL_Timer_setClockConfig                                                  
00002969  DL_UART_init                                                             
00002fb5  DL_UART_setClockConfig                                                   
000011bb  DMA_IRQHandler                                                           
000011bb  Default_Handler                                                          
000011bb  GROUP0_IRQHandler                                                        
000030a9  GROUP1_IRQHandler                                                        
0000316f  HOSTexit                                                                 
000011bb  HardFault_Handler                                                        
000011bb  I2C0_IRQHandler                                                          
000030b1  I2C1_IRQHandler                                                          
000011bb  I2C2_IRQHandler                                                          
000011bb  LFSS_IRQHandler                                                          
000011bb  NMI_Handler                                                              
000011bb  PendSV_Handler                                                           
00003173  Reset_Handler                                                            
000011bb  SPI0_IRQHandler                                                          
000011bb  SPI1_IRQHandler                                                          
000011bb  SPI2_IRQHandler                                                          
000011bb  SVC_Handler                                                              
00002075  SYSCFG_DL_GPIO_init                                                      
000024f1  SYSCFG_DL_I2C_CONTROL_init                                               
000025e9  SYSCFG_DL_PWM_M1_EN_init                                                 
0000265d  SYSCFG_DL_PWM_M2_EN_init                                                 
00002c41  SYSCFG_DL_SYSCTL_init                                                    
000022d9  SYSCFG_DL_UART_CONTROL_init                                              
00002db7  SYSCFG_DL_init                                                           
00002915  SYSCFG_DL_initPower                                                      
00002ffd  SysTick_Handler                                                          
000011bb  TIMA0_IRQHandler                                                         
000011bb  TIMA1_IRQHandler                                                         
000011bb  TIMG0_IRQHandler                                                         
000011bb  TIMG12_IRQHandler                                                        
000011bb  TIMG14_IRQHandler                                                        
000011bb  TIMG6_IRQHandler                                                         
000011bb  TIMG7_IRQHandler                                                         
000011bb  TIMG8_IRQHandler                                                         
000011bb  TIMG9_IRQHandler                                                         
000011bb  UART0_IRQHandler                                                         
000011bb  UART1_IRQHandler                                                         
000011bb  UART3_IRQHandler                                                         
0000300d  UART4_IRQHandler                                                         
000011bb  UART5_IRQHandler                                                         
000011bb  UART6_IRQHandler                                                         
000011bb  UART7_IRQHandler                                                         
00002361  _ZN3app13MotorApp_InitEv                                                 
00000695  _ZN3app16MotorApp_ProcessEv                                              
00002cf9  _ZN5board14BoardUart_InitEv                                              
00002f65  _ZN5board15BoardUart_WriteEPKhh                                          
000030b9  _ZN5board18BoardEncoders_InitEv                                          
0000301d  _ZN5board18BoardUart_ReadByteEPh                                         
000030c1  _ZN5board19BoardEncoders_ResetEN7drivers9EncoderIdE                      
000019e1  _ZN5board19BoardI2cTarget_InitEPKN8protocol11RegisterMapE                
000030c9  _ZN5board21BoardEncoders_ProcessEj                                       
000030d1  _ZN5board21BoardMotorOutputs_RunEN7drivers7MotorIdENS0_14MotorDirectionEh
00003177  _ZN5board22BoardI2cTarget_AddressEv                                      
000030d9  _ZN5board22BoardMotorOutputs_InitEv                                      
000030e1  _ZN5board23BoardMotorOutputs_BrakeEN7drivers7MotorIdE                    
000030e9  _ZN5board23BoardMotorOutputs_CoastEN7drivers7MotorIdE                    
000030f1  _ZN5board24BoardEncoders_SetEnabledEN7drivers9EncoderIdEb                
000018dd  _ZN5board24BoardI2cTarget_TakeWriteEPNS_19BoardI2cTargetWriteE           
000030f9  _ZN5board25BoardEncoders_GetSnapshotEN7drivers9EncoderIdE                
00000989  _ZN5board25BoardI2cTarget_IrqHandlerEv                                   
000029b1  _ZN7control17MotorControl_InitEv                                         
00001ab9  _ZN7control18MotorControl_ApplyERKN8protocol11RegisterMapEb              
00002af5  _ZN7control24MotorControl_UpdateSpeedERN8protocol11RegisterMapEisisj     
0000273d  _ZN7drivers12Drv8701_InitEv                                              
000023e9  _ZN7drivers13UartLink_InitEPNS_15UartLinkContextEPKNS_14UartLinkConfigE  
00001ddd  _ZN7drivers14Drv8701_SetRunENS_7MotorIdENS_14MotorDirectionEh            
00001b8d  _ZN7drivers14UartLink_WriteEPNS_15UartLinkContextEPKhh                   
00002ca1  _ZN7drivers16Drv8701_SetBrakeENS_7MotorIdE                               
00002ccd  _ZN7drivers16Drv8701_SetCoastENS_7MotorIdE                               
000029f9  _ZN7drivers17UartLink_ReadByteEPNS_15UartLinkContextEPh                  
000026d1  _ZN7drivers19UartLink_IrqHandlerEPNS_15UartLinkContextE                  
0000144d  _ZN7drivers22QuadratureEncoder_InitEv                                    
000021ad  _ZN7drivers23QuadratureEncoder_ResetENS_9EncoderIdE                      
000016b1  _ZN7drivers25QuadratureEncoder_ProcessEj                                 
00001581  _ZN7drivers28QuadratureEncoder_SetEnabledENS_9EncoderIdEb                
00001e8d  _ZN7drivers29QuadratureEncoder_GetSnapshotENS_9EncoderIdE                
000028bd  _ZN7drivers37QuadratureEncoder_HandleGpioInterruptEv                     
00001309  _ZN8protocol11RegisterMap11CommitWriteEhPKhhPb                           
00001041  _ZN8protocol11RegisterMap13RefreshStatusEv                               
0000317b  _ZN8protocol11RegisterMap13SetI2cAddressEh                               
0000307d  _ZN8protocol11RegisterMap16SetTimeoutActiveEb                            
00002e4d  _ZN8protocol11RegisterMap16UpdateHoldTargetEbi                           
00002fc7  _ZN8protocol11RegisterMap17UpdateMeasuredRpmEss                          
00003101  _ZN8protocol11RegisterMap19ClearEncoderControlEv                         
00002bdd  _ZN8protocol11RegisterMap19ForceCoastOnTimeoutEv                         
00002d95  _ZN8protocol11RegisterMap19UpdatePositionErrorEbi                        
00002861  _ZN8protocol11RegisterMap21UpdateEncoderSnapshotEiihiih                  
00002ba7  _ZN8protocol11RegisterMap23SetMotorDutyFromControlEbh                    
00002c71  _ZN8protocol11RegisterMap25SetMotorOutputFromControlEbhh                 
00002e69  _ZN8protocol11RegisterMap26UpdateTargetRpmFromControlEbt                 
00002245  _ZN8protocol11RegisterMap4InitEv                                         
00000c39  _ZN8protocol14SerialProtocol11HandleFrameEPNS_14SerialResponseEPbS3_     
000011bd  _ZN8protocol14SerialProtocol11ProcessByteEhPNS_14SerialResponseEPbS3_    
00003109  _ZN8protocol14SerialProtocol4InitEPNS_11RegisterMapE                     
0000302d  _ZNK8protocol11RegisterMap11M1TargetRpmEv                                
0000303d  _ZNK8protocol11RegisterMap11M2TargetRpmEv                                
00003121  _ZNK8protocol11RegisterMap11SpeedKdQ4_4Ev                                
00003127  _ZNK8protocol11RegisterMap11SpeedKiQ4_4Ev                                
0000312d  _ZNK8protocol11RegisterMap11SpeedKpQ4_4Ev                                
00001c55  _ZNK8protocol11RegisterMap12ApplyWriteToEPhhh                            
00003133  _ZNK8protocol11RegisterMap12SpeedMaxDutyEv                               
00003139  _ZNK8protocol11RegisterMap12SpeedMinDutyEv                               
0000313f  _ZNK8protocol11RegisterMap14EncoderControlEv                             
00002e83  _ZNK8protocol11RegisterMap14M1CountsPerRevEv                             
00002e9d  _ZNK8protocol11RegisterMap14M2CountsPerRevEv                             
00003145  _ZNK8protocol11RegisterMap14PositionKdQ4_4Ev                             
0000314b  _ZNK8protocol11RegisterMap14PositionKiQ4_4Ev                             
00003151  _ZNK8protocol11RegisterMap14PositionKpQ4_4Ev                             
0000304d  _ZNK8protocol11RegisterMap14PositionMaxRpmEv                             
00002f79  _ZNK8protocol11RegisterMap15EncoderInvertedEb                            
00003157  _ZNK8protocol11RegisterMap15PositionMaxDutyEv                            
0000315d  _ZNK8protocol11RegisterMap15PositionMinDutyEv                            
00002803  _ZNK8protocol11RegisterMap16HasActiveCommandEv                           
00002eb7  _ZNK8protocol11RegisterMap16M1TargetPositionEv                           
00002ed1  _ZNK8protocol11RegisterMap16M2TargetPositionEv                           
0000309f  _ZNK8protocol11RegisterMap16PositionSettleMsEv                           
0000246d  _ZNK8protocol11RegisterMap17IsControlRegisterEh                          
0000305d  _ZNK8protocol11RegisterMap17PositionToleranceEv                          
00002f8d  _ZNK8protocol11RegisterMap19MotorOutputInvertedEb                        
00003163  _ZNK8protocol11RegisterMap19WatchdogTimeout10msEv                        
0000306d  _ZNK8protocol11RegisterMap21PositionExitToleranceEv                      
00003089  _ZNK8protocol11RegisterMap4ReadEh                                        
00003111  _ZNK8protocol11RegisterMap9IsEnabledEv                                   
00001d1d  _ZNK8protocol11RegisterMap9ReadBlockEhhPh                                
20210000  __STACK_END                                                              
00000100  __STACK_SIZE                                                             
00000000  __TI_ATRegion0_region_sz                                                 
00000000  __TI_ATRegion0_src_addr                                                  
00000000  __TI_ATRegion0_trg_addr                                                  
00000000  __TI_ATRegion1_region_sz                                                 
00000000  __TI_ATRegion1_src_addr                                                  
00000000  __TI_ATRegion1_trg_addr                                                  
00000000  __TI_ATRegion2_region_sz                                                 
00000000  __TI_ATRegion2_src_addr                                                  
00000000  __TI_ATRegion2_trg_addr                                                  
0000331c  __TI_CINIT_Base                                                          
0000332c  __TI_CINIT_Limit                                                         
0000332c  __TI_CINIT_Warm                                                          
00003308  __TI_Handler_Table_Base                                                  
00003314  __TI_Handler_Table_Limit                                                 
00002b31  __TI_auto_init_nobinit_nopinit                                           
0000256d  __TI_decompress_lzss                                                     
00002fd9  __TI_decompress_none                                                     
ffffffff  __TI_pprof_out_hndl                                                      
ffffffff  __TI_prof_data_size                                                      
ffffffff  __TI_prof_data_start                                                     
00000000  __TI_static_base__                                                       
00002f4f  __TI_zero_init_nomemset                                                  
0000144b  __aeabi_idiv0                                                            
00001fd3  __aeabi_ldiv0                                                            
00002fa1  __aeabi_ldivmod                                                          
00002dd9  __aeabi_llsl                                                             
00002d71  __aeabi_lmul                                                             
00002efb  __aeabi_memclr                                                           
00002efb  __aeabi_memclr4                                                          
00002efb  __aeabi_memclr8                                                          
00003119  __aeabi_memcpy                                                           
00003119  __aeabi_memcpy4                                                          
00003119  __aeabi_memcpy8                                                          
00002eed  __aeabi_memset                                                           
00002eed  __aeabi_memset4                                                          
00002eed  __aeabi_memset8                                                          
00002a39  __aeabi_uidiv                                                            
00002a39  __aeabi_uidivmod                                                         
00002dd9  __ashldi3                                                                
ffffffff  __binit__                                                                
00002a79  __divmoddi4                                                              
UNDEFED   __mpu_init                                                               
00002d71  __muldi3                                                                 
00002b6d  __muldsi3                                                                
2020ff00  __stack                                                                  
20200000  __start___llvm_prf_bits                                                  
20200000  __start___llvm_prf_cnts                                                  
20200000  __stop___llvm_prf_bits                                                   
20200000  __stop___llvm_prf_cnts                                                   
00001f31  __udivmoddi4                                                             
00002d21  _c_int00_noargs                                                          
UNDEFED   _system_post_cinit                                                       
0000317f  _system_pre_init                                                         
00003169  abort                                                                    
ffffffff  binit                                                                    
00000000  interruptVectors                                                         
00002f39  main                                                                     
00002111  memcpy                                                                   
000027a1  memset                                                                   


GLOBAL SYMBOLS: SORTED BY Symbol Address 

address   name                                                                     
-------   ----                                                                     
00000000  __TI_ATRegion0_region_sz                                                 
00000000  __TI_ATRegion0_src_addr                                                  
00000000  __TI_ATRegion0_trg_addr                                                  
00000000  __TI_ATRegion1_region_sz                                                 
00000000  __TI_ATRegion1_src_addr                                                  
00000000  __TI_ATRegion1_trg_addr                                                  
00000000  __TI_ATRegion2_region_sz                                                 
00000000  __TI_ATRegion2_src_addr                                                  
00000000  __TI_ATRegion2_trg_addr                                                  
00000000  __TI_static_base__                                                       
00000000  interruptVectors                                                         
00000100  __STACK_SIZE                                                             
00000695  _ZN3app16MotorApp_ProcessEv                                              
00000989  _ZN5board25BoardI2cTarget_IrqHandlerEv                                   
00000c39  _ZN8protocol14SerialProtocol11HandleFrameEPNS_14SerialResponseEPbS3_     
00001041  _ZN8protocol11RegisterMap13RefreshStatusEv                               
000011bb  ADC0_IRQHandler                                                          
000011bb  ADC1_IRQHandler                                                          
000011bb  AESADV_IRQHandler                                                        
000011bb  CANFD0_IRQHandler                                                        
000011bb  CANFD1_IRQHandler                                                        
000011bb  DAC0_IRQHandler                                                          
000011bb  DMA_IRQHandler                                                           
000011bb  Default_Handler                                                          
000011bb  GROUP0_IRQHandler                                                        
000011bb  HardFault_Handler                                                        
000011bb  I2C0_IRQHandler                                                          
000011bb  I2C2_IRQHandler                                                          
000011bb  LFSS_IRQHandler                                                          
000011bb  NMI_Handler                                                              
000011bb  PendSV_Handler                                                           
000011bb  SPI0_IRQHandler                                                          
000011bb  SPI1_IRQHandler                                                          
000011bb  SPI2_IRQHandler                                                          
000011bb  SVC_Handler                                                              
000011bb  TIMA0_IRQHandler                                                         
000011bb  TIMA1_IRQHandler                                                         
000011bb  TIMG0_IRQHandler                                                         
000011bb  TIMG12_IRQHandler                                                        
000011bb  TIMG14_IRQHandler                                                        
000011bb  TIMG6_IRQHandler                                                         
000011bb  TIMG7_IRQHandler                                                         
000011bb  TIMG8_IRQHandler                                                         
000011bb  TIMG9_IRQHandler                                                         
000011bb  UART0_IRQHandler                                                         
000011bb  UART1_IRQHandler                                                         
000011bb  UART3_IRQHandler                                                         
000011bb  UART5_IRQHandler                                                         
000011bb  UART6_IRQHandler                                                         
000011bb  UART7_IRQHandler                                                         
000011bd  _ZN8protocol14SerialProtocol11ProcessByteEhPNS_14SerialResponseEPbS3_    
00001309  _ZN8protocol11RegisterMap11CommitWriteEhPKhhPb                           
0000144b  __aeabi_idiv0                                                            
0000144d  _ZN7drivers22QuadratureEncoder_InitEv                                    
00001581  _ZN7drivers28QuadratureEncoder_SetEnabledENS_9EncoderIdEb                
000016b1  _ZN7drivers25QuadratureEncoder_ProcessEj                                 
000017d9  DL_Timer_initFourCCPWMMode                                               
000018dd  _ZN5board24BoardI2cTarget_TakeWriteEPNS_19BoardI2cTargetWriteE           
000019e1  _ZN5board19BoardI2cTarget_InitEPKN8protocol11RegisterMapE                
00001ab9  _ZN7control18MotorControl_ApplyERKN8protocol11RegisterMapEb              
00001b8d  _ZN7drivers14UartLink_WriteEPNS_15UartLinkContextEPKhh                   
00001c55  _ZNK8protocol11RegisterMap12ApplyWriteToEPhhh                            
00001d1d  _ZNK8protocol11RegisterMap9ReadBlockEhhPh                                
00001ddd  _ZN7drivers14Drv8701_SetRunENS_7MotorIdENS_14MotorDirectionEh            
00001e8d  _ZN7drivers29QuadratureEncoder_GetSnapshotENS_9EncoderIdE                
00001f31  __udivmoddi4                                                             
00001fd3  __aeabi_ldiv0                                                            
00001fd5  DL_Timer_initCompareMode                                                 
00002075  SYSCFG_DL_GPIO_init                                                      
00002111  memcpy                                                                   
000021ad  _ZN7drivers23QuadratureEncoder_ResetENS_9EncoderIdE                      
00002245  _ZN8protocol11RegisterMap4InitEv                                         
000022d9  SYSCFG_DL_UART_CONTROL_init                                              
00002361  _ZN3app13MotorApp_InitEv                                                 
000023e9  _ZN7drivers13UartLink_InitEPNS_15UartLinkContextEPKNS_14UartLinkConfigE  
0000246d  _ZNK8protocol11RegisterMap17IsControlRegisterEh                          
000024f1  SYSCFG_DL_I2C_CONTROL_init                                               
0000256d  __TI_decompress_lzss                                                     
000025e9  SYSCFG_DL_PWM_M1_EN_init                                                 
0000265d  SYSCFG_DL_PWM_M2_EN_init                                                 
000026d1  _ZN7drivers19UartLink_IrqHandlerEPNS_15UartLinkContextE                  
0000273d  _ZN7drivers12Drv8701_InitEv                                              
000027a1  memset                                                                   
00002803  _ZNK8protocol11RegisterMap16HasActiveCommandEv                           
00002861  _ZN8protocol11RegisterMap21UpdateEncoderSnapshotEiihiih                  
000028bd  _ZN7drivers37QuadratureEncoder_HandleGpioInterruptEv                     
00002915  SYSCFG_DL_initPower                                                      
00002969  DL_UART_init                                                             
000029b1  _ZN7control17MotorControl_InitEv                                         
000029f9  _ZN7drivers17UartLink_ReadByteEPNS_15UartLinkContextEPh                  
00002a39  __aeabi_uidiv                                                            
00002a39  __aeabi_uidivmod                                                         
00002a79  __divmoddi4                                                              
00002ab9  DL_I2C_flushTargetTXFIFO                                                 
00002af5  _ZN7control24MotorControl_UpdateSpeedERN8protocol11RegisterMapEisisj     
00002b31  __TI_auto_init_nobinit_nopinit                                           
00002b6d  __muldsi3                                                                
00002ba7  _ZN8protocol11RegisterMap23SetMotorDutyFromControlEbh                    
00002bdd  _ZN8protocol11RegisterMap19ForceCoastOnTimeoutEv                         
00002c11  DL_I2C_flushTargetRXFIFO                                                 
00002c41  SYSCFG_DL_SYSCTL_init                                                    
00002c71  _ZN8protocol11RegisterMap25SetMotorOutputFromControlEbhh                 
00002ca1  _ZN7drivers16Drv8701_SetBrakeENS_7MotorIdE                               
00002ccd  _ZN7drivers16Drv8701_SetCoastENS_7MotorIdE                               
00002cf9  _ZN5board14BoardUart_InitEv                                              
00002d21  _c_int00_noargs                                                          
00002d49  DL_I2C_setClockConfig                                                    
00002d71  __aeabi_lmul                                                             
00002d71  __muldi3                                                                 
00002d95  _ZN8protocol11RegisterMap19UpdatePositionErrorEbi                        
00002db7  SYSCFG_DL_init                                                           
00002dd9  __aeabi_llsl                                                             
00002dd9  __ashldi3                                                                
00002df9  DL_I2C_transmitTargetDataCheck                                           
00002e15  DL_Timer_setCaptCompUpdateMethod                                         
00002e31  DL_Timer_setClockConfig                                                  
00002e4d  _ZN8protocol11RegisterMap16UpdateHoldTargetEbi                           
00002e69  _ZN8protocol11RegisterMap26UpdateTargetRpmFromControlEbt                 
00002e83  _ZNK8protocol11RegisterMap14M1CountsPerRevEv                             
00002e9d  _ZNK8protocol11RegisterMap14M2CountsPerRevEv                             
00002eb7  _ZNK8protocol11RegisterMap16M1TargetPositionEv                           
00002ed1  _ZNK8protocol11RegisterMap16M2TargetPositionEv                           
00002eed  __aeabi_memset                                                           
00002eed  __aeabi_memset4                                                          
00002eed  __aeabi_memset8                                                          
00002efb  __aeabi_memclr                                                           
00002efb  __aeabi_memclr4                                                          
00002efb  __aeabi_memclr8                                                          
00002f07  DL_I2C_receiveTargetDataCheck                                            
00002f21  DL_Timer_setCaptureCompareOutCtl                                         
00002f39  main                                                                     
00002f4f  __TI_zero_init_nomemset                                                  
00002f65  _ZN5board15BoardUart_WriteEPKhh                                          
00002f79  _ZNK8protocol11RegisterMap15EncoderInvertedEb                            
00002f8d  _ZNK8protocol11RegisterMap19MotorOutputInvertedEb                        
00002fa1  __aeabi_ldivmod                                                          
00002fb5  DL_UART_setClockConfig                                                   
00002fc7  _ZN8protocol11RegisterMap17UpdateMeasuredRpmEss                          
00002fd9  __TI_decompress_none                                                     
00002fed  DL_Timer_setCaptureCompareValue                                          
00002ffd  SysTick_Handler                                                          
0000300d  UART4_IRQHandler                                                         
0000301d  _ZN5board18BoardUart_ReadByteEPh                                         
0000302d  _ZNK8protocol11RegisterMap11M1TargetRpmEv                                
0000303d  _ZNK8protocol11RegisterMap11M2TargetRpmEv                                
0000304d  _ZNK8protocol11RegisterMap14PositionMaxRpmEv                             
0000305d  _ZNK8protocol11RegisterMap17PositionToleranceEv                          
0000306d  _ZNK8protocol11RegisterMap21PositionExitToleranceEv                      
0000307d  _ZN8protocol11RegisterMap16SetTimeoutActiveEb                            
00003089  _ZNK8protocol11RegisterMap4ReadEh                                        
00003095  DL_Common_delayCycles                                                    
0000309f  _ZNK8protocol11RegisterMap16PositionSettleMsEv                           
000030a9  GROUP1_IRQHandler                                                        
000030b1  I2C1_IRQHandler                                                          
000030b9  _ZN5board18BoardEncoders_InitEv                                          
000030c1  _ZN5board19BoardEncoders_ResetEN7drivers9EncoderIdE                      
000030c9  _ZN5board21BoardEncoders_ProcessEj                                       
000030d1  _ZN5board21BoardMotorOutputs_RunEN7drivers7MotorIdENS0_14MotorDirectionEh
000030d9  _ZN5board22BoardMotorOutputs_InitEv                                      
000030e1  _ZN5board23BoardMotorOutputs_BrakeEN7drivers7MotorIdE                    
000030e9  _ZN5board23BoardMotorOutputs_CoastEN7drivers7MotorIdE                    
000030f1  _ZN5board24BoardEncoders_SetEnabledEN7drivers9EncoderIdEb                
000030f9  _ZN5board25BoardEncoders_GetSnapshotEN7drivers9EncoderIdE                
00003101  _ZN8protocol11RegisterMap19ClearEncoderControlEv                         
00003109  _ZN8protocol14SerialProtocol4InitEPNS_11RegisterMapE                     
00003111  _ZNK8protocol11RegisterMap9IsEnabledEv                                   
00003119  __aeabi_memcpy                                                           
00003119  __aeabi_memcpy4                                                          
00003119  __aeabi_memcpy8                                                          
00003121  _ZNK8protocol11RegisterMap11SpeedKdQ4_4Ev                                
00003127  _ZNK8protocol11RegisterMap11SpeedKiQ4_4Ev                                
0000312d  _ZNK8protocol11RegisterMap11SpeedKpQ4_4Ev                                
00003133  _ZNK8protocol11RegisterMap12SpeedMaxDutyEv                               
00003139  _ZNK8protocol11RegisterMap12SpeedMinDutyEv                               
0000313f  _ZNK8protocol11RegisterMap14EncoderControlEv                             
00003145  _ZNK8protocol11RegisterMap14PositionKdQ4_4Ev                             
0000314b  _ZNK8protocol11RegisterMap14PositionKiQ4_4Ev                             
00003151  _ZNK8protocol11RegisterMap14PositionKpQ4_4Ev                             
00003157  _ZNK8protocol11RegisterMap15PositionMaxDutyEv                            
0000315d  _ZNK8protocol11RegisterMap15PositionMinDutyEv                            
00003163  _ZNK8protocol11RegisterMap19WatchdogTimeout10msEv                        
00003169  abort                                                                    
0000316e  C$$EXIT                                                                  
0000316f  HOSTexit                                                                 
00003173  Reset_Handler                                                            
00003177  _ZN5board22BoardI2cTarget_AddressEv                                      
0000317b  _ZN8protocol11RegisterMap13SetI2cAddressEh                               
0000317f  _system_pre_init                                                         
00003308  __TI_Handler_Table_Base                                                  
00003314  __TI_Handler_Table_Limit                                                 
0000331c  __TI_CINIT_Base                                                          
0000332c  __TI_CINIT_Limit                                                         
0000332c  __TI_CINIT_Warm                                                          
20200000  __start___llvm_prf_bits                                                  
20200000  __start___llvm_prf_cnts                                                  
20200000  __stop___llvm_prf_bits                                                   
20200000  __stop___llvm_prf_cnts                                                   
2020ff00  __stack                                                                  
20210000  __STACK_END                                                              
ffffffff  __TI_pprof_out_hndl                                                      
ffffffff  __TI_prof_data_size                                                      
ffffffff  __TI_prof_data_start                                                     
ffffffff  __binit__                                                                
ffffffff  binit                                                                    
UNDEFED   __mpu_init                                                               
UNDEFED   _system_post_cinit                                                       

[206 symbols]
