******************************************************************************
            TI ARM Clang Linker PC v5.1.1                      
******************************************************************************
>> Linked Tue Jul  7 16:22:19 2026

OUTPUT FILE NAME:   <MotorDriver.out>
ENTRY POINT SYMBOL: "_c_int00_noargs"  address: 00002c91


MEMORY CONFIGURATION

         name            origin    length      used     unused   attr    fill
----------------------  --------  ---------  --------  --------  ----  --------
  FLASH                 00000000   00080000  00003270  0007cd90  R  X
  SRAM_BANK0            20200000   00010000  000004a9  0000fb57  RW X
  SRAM_BANK1            20210000   00010000  00000000  00010000  RW X
  BCR_CONFIG            41c00000   000000ff  00000000  000000ff  R   
  BSL_CONFIG            41c00100   00000080  00000000  00000080  R   
  DATA                  41d00000   00004000  00000000  00004000  R   


SEGMENT ALLOCATION MAP

run origin  load origin   length   init length attrs members
----------  ----------- ---------- ----------- ----- -------
00000000    00000000    00003270   00003270    r-x
  00000000    00000000    000000c0   000000c0    r-- .intvecs
  000000c0    000000c0    00003010   00003010    r-x .text
  000030d0    000030d0    00000160   00000160    r-- .rodata
  00003230    00003230    00000040   00000040    r-- .cinit
20200000    20200000    000003b0   00000000    rw-
  20200000    20200000    00000231   00000000    rw- .bss
  20200238    20200238    00000178   00000000    rw- .data
2020ff00    2020ff00    00000100   00000000    rw-
  2020ff00    2020ff00    00000100   00000000    rw- .stack


SECTION ALLOCATION MAP

 output                                  attributes/
section   page    origin      length       input sections
--------  ----  ----------  ----------   ----------------
.intvecs   0    00000000    000000c0     
                  00000000    000000c0     startup_mspm0g351x_ticlang.o (.intvecs)

.text      0    000000c0    00003010     
                  000000c0    000005d4     motor_control.o (.text._ZN7control12_GLOBAL__N_116UpdateSpeedMotorERN8protocol11RegisterMapEPNS0_13SpeedPidStateEbisj)
                  00000694    000002f4     motor_app.o (.text._ZN3app16MotorApp_ProcessEv)
                  00000988    000002b0     board_i2c_target.o (.text._ZN5board25BoardI2cTarget_IrqHandlerEv)
                  00000c38    00000214     serial_protocol.o (.text._ZN8protocol14SerialProtocol11HandleFrameEPNS_14SerialResponseEPbS3_)
                  00000e4c    00000190     motor_app.o (.text._ZN3app12_GLOBAL__N_120SyncEncoderRegistersEv)
                  00000fdc    0000017a     register_map.o (.text._ZN8protocol11RegisterMap13RefreshStatusEv)
                  00001156    00000002     startup_mspm0g351x_ticlang.o (.text.Default_Handler)
                  00001158    0000014c     serial_protocol.o (.text._ZN8protocol14SerialProtocol11ProcessByteEhPNS_14SerialResponseEPbS3_)
                  000012a4    00000142     register_map.o (.text._ZN8protocol11RegisterMap11CommitWriteEhPKhhPb)
                  000013e6    00000002     libclang_rt.builtins.a : aeabi_div0.c.obj (.text.__aeabi_idiv0)
                  000013e8    00000134     quadrature_encoder.o (.text._ZN7drivers22QuadratureEncoder_InitEv)
                  0000151c    00000130     quadrature_encoder.o (.text._ZN7drivers28QuadratureEncoder_SetEnabledENS_9EncoderIdEb)
                  0000164c    00000128     quadrature_encoder.o (.text._ZN7drivers25QuadratureEncoder_ProcessEj)
                  00001774    00000104     driverlib.a : dl_timer.o (.text.DL_Timer_initFourCCPWMMode)
                  00001878    00000104     board_i2c_target.o (.text._ZN5board24BoardI2cTarget_TakeWriteEPNS_19BoardI2cTargetWriteE)
                  0000197c    000000d8     board_i2c_target.o (.text._ZN5board19BoardI2cTarget_InitEPKN8protocol11RegisterMapE)
                  00001a54    000000c8     uart_link.o (.text._ZN7drivers14UartLink_WriteEPNS_15UartLinkContextEPKhh)
                  00001b1c    000000c2     register_map.o (.text._ZNK8protocol11RegisterMap12ApplyWriteToEPhhh)
                  00001bde    000000c0     register_map.o (.text._ZNK8protocol11RegisterMap9ReadBlockEhhPh)
                  00001c9e    000000b0     motor_control.o (.text._ZN7control18MotorControl_ApplyERKN8protocol11RegisterMapEb)
                  00001d4e    00000002     libclang_rt.builtins.a : aeabi_div0.c.obj (.text.__aeabi_ldiv0)
                  00001d50    000000b0     drv8701.o (.text._ZN7drivers14Drv8701_SetRunENS_7MotorIdENS_14MotorDirectionEh)
                  00001e00    000000a4     quadrature_encoder.o (.text._ZN7drivers29QuadratureEncoder_GetSnapshotENS_9EncoderIdE)
                  00001ea4    000000a2     libclang_rt.builtins.a : udivmoddi4.S.obj (.text)
                  00001f46    00000002     --HOLE-- [fill = 0]
                  00001f48    000000a0     driverlib.a : dl_timer.o (.text.DL_Timer_initCompareMode)
                  00001fe8    0000009c     ti_msp_dl_config.o (.text.SYSCFG_DL_GPIO_init)
                  00002084    0000009a     libc.a : memcpy16.S.obj (.text:memcpy)
                  0000211e    00000002     --HOLE-- [fill = 0]
                  00002120    00000098     quadrature_encoder.o (.text._ZN7drivers23QuadratureEncoder_ResetENS_9EncoderIdE)
                  000021b8    0000008e     register_map.o (.text._ZN8protocol11RegisterMap4InitEv)
                  00002246    00000002     --HOLE-- [fill = 0]
                  00002248    00000088     ti_msp_dl_config.o (.text.SYSCFG_DL_UART_CONTROL_init)
                  000022d0    00000088     motor_app.o (.text._ZN3app13MotorApp_InitEv)
                  00002358    00000084     uart_link.o (.text._ZN7drivers13UartLink_InitEPNS_15UartLinkContextEPKNS_14UartLinkConfigE)
                  000023dc    00000084     register_map.o (.text._ZNK8protocol11RegisterMap17IsControlRegisterEh)
                  00002460    0000007c     ti_msp_dl_config.o (.text.SYSCFG_DL_I2C_CONTROL_init)
                  000024dc    0000007c     libc.a : copy_decompress_lzss.c.obj (.text:decompress:lzss)
                  00002558    00000074     ti_msp_dl_config.o (.text.SYSCFG_DL_PWM_M1_EN_init)
                  000025cc    00000074     ti_msp_dl_config.o (.text.SYSCFG_DL_PWM_M2_EN_init)
                  00002640    0000006c     uart_link.o (.text._ZN7drivers19UartLink_IrqHandlerEPNS_15UartLinkContextE)
                  000026ac    00000064     drv8701.o (.text._ZN7drivers12Drv8701_InitEv)
                  00002710    00000062     libc.a : memset16.S.obj (.text:memset)
                  00002772    0000005e     register_map.o (.text._ZNK8protocol11RegisterMap16HasActiveCommandEv)
                  000027d0    0000005a     register_map.o (.text._ZN8protocol11RegisterMap21UpdateEncoderSnapshotEiihiih)
                  0000282a    00000002     --HOLE-- [fill = 0]
                  0000282c    00000058     quadrature_encoder.o (.text._ZN7drivers37QuadratureEncoder_HandleGpioInterruptEv)
                  00002884    00000054     ti_msp_dl_config.o (.text.SYSCFG_DL_initPower)
                  000028d8    00000048     driverlib.a : dl_uart.o (.text.DL_UART_init)
                  00002920    00000048     motor_control.o (.text._ZN7control17MotorControl_InitEv)
                  00002968    00000040     uart_link.o (.text._ZN7drivers17UartLink_ReadByteEPNS_15UartLinkContextEPh)
                  000029a8    00000040     libclang_rt.builtins.a : aeabi_uidivmod.S.obj (.text)
                  000029e8    0000003e                            : divmoddi4.c.obj (.text.__divmoddi4)
                  00002a26    00000002     --HOLE-- [fill = 0]
                  00002a28    0000003c     driverlib.a : dl_i2c.o (.text.DL_I2C_flushTargetTXFIFO)
                  00002a64    0000003c     motor_control.o (.text._ZN7control24MotorControl_UpdateSpeedERN8protocol11RegisterMapEisisj)
                  00002aa0    0000003c     libc.a : autoinit.c.obj (.text:__TI_auto_init_nobinit_nopinit)
                  00002adc    0000003a     libclang_rt.builtins.a : muldsi3.S.obj (.text)
                  00002b16    00000036     register_map.o (.text._ZN8protocol11RegisterMap23SetMotorDutyFromControlEbh)
                  00002b4c    00000032     register_map.o (.text._ZN8protocol11RegisterMap19ForceCoastOnTimeoutEv)
                  00002b7e    00000002     --HOLE-- [fill = 0]
                  00002b80    00000030     driverlib.a : dl_i2c.o (.text.DL_I2C_flushTargetRXFIFO)
                  00002bb0    00000030     ti_msp_dl_config.o (.text.SYSCFG_DL_SYSCTL_init)
                  00002be0    0000002e     register_map.o (.text._ZN8protocol11RegisterMap25SetMotorOutputFromControlEbhh)
                  00002c0e    00000002     --HOLE-- [fill = 0]
                  00002c10    0000002c     drv8701.o (.text._ZN7drivers16Drv8701_SetBrakeENS_7MotorIdE)
                  00002c3c    0000002c     drv8701.o (.text._ZN7drivers16Drv8701_SetCoastENS_7MotorIdE)
                  00002c68    00000028     board_uart.o (.text._ZN5board14BoardUart_InitEv)
                  00002c90    00000028     libc.a : boot_cortex_m.c.obj (.text:_c_int00_noargs)
                  00002cb8    00000026     driverlib.a : dl_i2c.o (.text.DL_I2C_setClockConfig)
                  00002cde    00000002     --HOLE-- [fill = 0]
                  00002ce0    00000024     libclang_rt.builtins.a : muldi3.S.obj (.text)
                  00002d04    00000022     register_map.o (.text._ZN8protocol11RegisterMap19UpdatePositionErrorEbi)
                  00002d26    00000020     ti_msp_dl_config.o (.text.SYSCFG_DL_init)
                  00002d46    00000002     --HOLE-- [fill = 0]
                  00002d48    0000001e     libclang_rt.builtins.a : ashldi3.S.obj (.text)
                  00002d66    00000002     --HOLE-- [fill = 0]
                  00002d68    0000001c     driverlib.a : dl_i2c.o (.text.DL_I2C_transmitTargetDataCheck)
                  00002d84    0000001c                 : dl_timer.o (.text.DL_Timer_setCaptCompUpdateMethod)
                  00002da0    0000001c                 : dl_timer.o (.text.DL_Timer_setClockConfig)
                  00002dbc    0000001c     register_map.o (.text._ZN8protocol11RegisterMap16UpdateHoldTargetEbi)
                  00002dd8    0000001a     register_map.o (.text._ZN8protocol11RegisterMap26UpdateTargetRpmFromControlEbt)
                  00002df2    0000001a     register_map.o (.text._ZNK8protocol11RegisterMap14M1CountsPerRevEv)
                  00002e0c    0000001a     register_map.o (.text._ZNK8protocol11RegisterMap14M2CountsPerRevEv)
                  00002e26    0000001a     register_map.o (.text._ZNK8protocol11RegisterMap16M1TargetPositionEv)
                  00002e40    0000001a     register_map.o (.text._ZNK8protocol11RegisterMap16M2TargetPositionEv)
                  00002e5a    00000002     --HOLE-- [fill = 0]
                  00002e5c    0000001a     libclang_rt.builtins.a : aeabi_memset.S.obj (.text)
                  00002e76    00000018     driverlib.a : dl_i2c.o (.text.DL_I2C_receiveTargetDataCheck)
                  00002e8e    00000002     --HOLE-- [fill = 0]
                  00002e90    00000018                 : dl_timer.o (.text.DL_Timer_setCaptureCompareOutCtl)
                  00002ea8    00000016     empty_cpp.o (.text.main)
                  00002ebe    00000016     libc.a : copy_zero_init.c.obj (.text:decompress:ZI:__TI_zero_init_nomemset)
                  00002ed4    00000014     board_uart.o (.text._ZN5board15BoardUart_WriteEPKhh)
                  00002ee8    00000014     libclang_rt.builtins.a : aeabi_ldivmod.S.obj (.text)
                  00002efc    00000012     driverlib.a : dl_uart.o (.text.DL_UART_setClockConfig)
                  00002f0e    00000012     register_map.o (.text._ZN8protocol11RegisterMap17UpdateMeasuredRpmEss)
                  00002f20    00000012     libc.a : copy_decompress_none.c.obj (.text:decompress:none)
                  00002f32    00000002     --HOLE-- [fill = 0]
                  00002f34    00000010     driverlib.a : dl_timer.o (.text.DL_Timer_setCaptureCompareValue)
                  00002f44    00000010     motor_app.o (.text.SysTick_Handler)
                  00002f54    00000010     board_uart.o (.text.UART4_IRQHandler)
                  00002f64    00000010     board_uart.o (.text._ZN5board18BoardUart_ReadByteEPh)
                  00002f74    00000010     register_map.o (.text._ZNK8protocol11RegisterMap11M1TargetRpmEv)
                  00002f84    00000010     register_map.o (.text._ZNK8protocol11RegisterMap11M2TargetRpmEv)
                  00002f94    00000010     register_map.o (.text._ZNK8protocol11RegisterMap14PositionMaxRpmEv)
                  00002fa4    00000010     register_map.o (.text._ZNK8protocol11RegisterMap17PositionToleranceEv)
                  00002fb4    00000010     register_map.o (.text._ZNK8protocol11RegisterMap21PositionExitToleranceEv)
                  00002fc4    0000000c     register_map.o (.text._ZN8protocol11RegisterMap16SetTimeoutActiveEb)
                  00002fd0    0000000c     register_map.o (.text._ZNK8protocol11RegisterMap4ReadEh)
                  00002fdc    0000000a     driverlib.a : dl_common.o (.text.DL_Common_delayCycles)
                  00002fe6    0000000a     register_map.o (.text._ZNK8protocol11RegisterMap16PositionSettleMsEv)
                  00002ff0    00000008     board_encoders.o (.text.GROUP1_IRQHandler)
                  00002ff8    00000008     board_i2c_target.o (.text.I2C1_IRQHandler)
                  00003000    00000008     board_encoders.o (.text._ZN5board18BoardEncoders_InitEv)
                  00003008    00000008     board_encoders.o (.text._ZN5board19BoardEncoders_ResetEN7drivers9EncoderIdE)
                  00003010    00000008     board_encoders.o (.text._ZN5board21BoardEncoders_ProcessEj)
                  00003018    00000008     board_motor_outputs.o (.text._ZN5board21BoardMotorOutputs_RunEN7drivers7MotorIdENS0_14MotorDirectionEh)
                  00003020    00000008     board_motor_outputs.o (.text._ZN5board22BoardMotorOutputs_InitEv)
                  00003028    00000008     board_motor_outputs.o (.text._ZN5board23BoardMotorOutputs_BrakeEN7drivers7MotorIdE)
                  00003030    00000008     board_motor_outputs.o (.text._ZN5board23BoardMotorOutputs_CoastEN7drivers7MotorIdE)
                  00003038    00000008     board_encoders.o (.text._ZN5board24BoardEncoders_SetEnabledEN7drivers9EncoderIdEb)
                  00003040    00000008     board_encoders.o (.text._ZN5board25BoardEncoders_GetSnapshotEN7drivers9EncoderIdE)
                  00003048    00000008     register_map.o (.text._ZN8protocol11RegisterMap19ClearEncoderControlEv)
                  00003050    00000008     serial_protocol.o (.text._ZN8protocol14SerialProtocol4InitEPNS_11RegisterMapE)
                  00003058    00000008     register_map.o (.text._ZNK8protocol11RegisterMap9IsEnabledEv)
                  00003060    00000008     libclang_rt.builtins.a : aeabi_memcpy.S.obj (.text)
                  00003068    00000006     register_map.o (.text._ZNK8protocol11RegisterMap11SpeedKdQ4_4Ev)
                  0000306e    00000006     register_map.o (.text._ZNK8protocol11RegisterMap11SpeedKiQ4_4Ev)
                  00003074    00000006     register_map.o (.text._ZNK8protocol11RegisterMap11SpeedKpQ4_4Ev)
                  0000307a    00000006     register_map.o (.text._ZNK8protocol11RegisterMap12SpeedMaxDutyEv)
                  00003080    00000006     register_map.o (.text._ZNK8protocol11RegisterMap12SpeedMinDutyEv)
                  00003086    00000006     register_map.o (.text._ZNK8protocol11RegisterMap14EncoderControlEv)
                  0000308c    00000006     register_map.o (.text._ZNK8protocol11RegisterMap14PositionKdQ4_4Ev)
                  00003092    00000006     register_map.o (.text._ZNK8protocol11RegisterMap14PositionKiQ4_4Ev)
                  00003098    00000006     register_map.o (.text._ZNK8protocol11RegisterMap14PositionKpQ4_4Ev)
                  0000309e    00000006     register_map.o (.text._ZNK8protocol11RegisterMap15PositionMaxDutyEv)
                  000030a4    00000006     register_map.o (.text._ZNK8protocol11RegisterMap15PositionMinDutyEv)
                  000030aa    00000006     register_map.o (.text._ZNK8protocol11RegisterMap19WatchdogTimeout10msEv)
                  000030b0    00000006     libc.a : exit.c.obj (.text:abort)
                  000030b6    00000004     libsysbm.a : hostexit.c.obj (.text.HOSTexit)
                  000030ba    00000004     startup_mspm0g351x_ticlang.o (.text.Reset_Handler)
                  000030be    00000004     board_i2c_target.o (.text._ZN5board22BoardI2cTarget_AddressEv)
                  000030c2    00000004     register_map.o (.text._ZN8protocol11RegisterMap13SetI2cAddressEh)
                  000030c6    00000004     libc.a : pre_init.c.obj (.text._system_pre_init)
                  000030ca    00000006     --HOLE-- [fill = 0]

.cinit     0    00003230    00000040     
                  00003230    00000018     (.cinit..data.load) [load image, compression = lzss]
                  00003248    0000000c     (__TI_handler_table)
                  00003254    00000008     (.cinit..bss.load) [load image, compression = zero_init]
                  0000325c    00000010     (__TI_cinit_table)
                  0000326c    00000004     --HOLE-- [fill = 0]

.rodata    0    000030d0    00000160     
                  000030d0    00000100     serial_protocol.o (.rodata..L.crctable)
                  000031d0    00000014     board_uart.o (.rodata._ZN5board12_GLOBAL__N_113g_uart_configE)
                  000031e4    00000010     quadrature_encoder.o (.rodata.cst16)
                  000031f4    0000000c     driverlib.a : dl_timer.o (.rodata..Lswitch.table.DL_Timer_initCompareMode.2)
                  00003200    0000000c                 : dl_timer.o (.rodata..Lswitch.table.DL_Timer_initCompareMode)
                  0000320c    0000000a     ti_msp_dl_config.o (.rodata.gUART_CONTROLConfig)
                  00003216    00000002     ti_msp_dl_config.o (.rodata.gI2C_CONTROLClockConfig)
                  00003218    00000008     ti_msp_dl_config.o (.rodata.gPWM_M1_ENConfig)
                  00003220    00000008     ti_msp_dl_config.o (.rodata.gPWM_M2_ENConfig)
                  00003228    00000003     ti_msp_dl_config.o (.rodata.gPWM_M1_ENClockConfig)
                  0000322b    00000003     ti_msp_dl_config.o (.rodata.gPWM_M2_ENClockConfig)
                  0000322e    00000002     ti_msp_dl_config.o (.rodata.gUART_CONTROLClockConfig)

.init_array 
*          0    00000000    00000000     UNINITIALIZED

.binit     0    00000000    00000000     

.bss       0    20200000    00000231     UNINITIALIZED
                  20200000    00000100     board_uart.o (.bss._ZN5board12_GLOBAL__N_111g_rx_bufferE)
                  20200100    00000100     board_i2c_target.o (.bss._ZN5board12_GLOBAL__N_112g_write_dataE)
                  20200200    00000021     board_i2c_target.o (.bss._ZN5board12_GLOBAL__N_111g_rx_bufferE)
                  20200221    00000008     board_i2c_target.o (.bss._ZN5board12_GLOBAL__N_111g_write_regE)
                  20200229    00000008     board_i2c_target.o (.bss._ZN5board12_GLOBAL__N_114g_write_lengthE)

.data      0    20200238    00000178     UNINITIALIZED
                  20200238    0000006e     motor_app.o (.data._ZN3app12_GLOBAL__N_111g_registersE)
                  202002a6    00000002     quadrature_encoder.o (.data._ZN7drivers12_GLOBAL__N_18g_m2_qeiE.0)
                  202002a8    00000030     motor_control.o (.data._ZN7control12_GLOBAL__N_110g_m1_speedE)
                  202002d8    00000030     motor_control.o (.data._ZN7control12_GLOBAL__N_110g_m2_speedE)
                  20200308    0000002c     motor_app.o (.data._ZN3app12_GLOBAL__N_18g_serialE)
                  20200334    00000014     quadrature_encoder.o (.data._ZN7drivers12_GLOBAL__N_14g_m1E)
                  20200348    00000014     quadrature_encoder.o (.data._ZN7drivers12_GLOBAL__N_14g_m2E)
                  2020035c    00000014     quadrature_encoder.o (.data._ZZN7drivers12_GLOBAL__N_122ConfigureM1EdgeCounterEvE14kCompareConfig)
                  20200370    00000010     board_uart.o (.data._ZN5board12_GLOBAL__N_114g_uart_contextE)
                  20200380    00000004     motor_app.o (.data._ZN3app12_GLOBAL__N_110g_ms_ticksE)
                  20200384    00000004     motor_app.o (.data._ZN3app12_GLOBAL__N_126g_last_watchdog_refresh_msE)
                  20200388    00000004     motor_app.o (.data._ZN3app12_GLOBAL__N_130g_m1_encoder_cooldown_start_msE)
                  2020038c    00000004     board_i2c_target.o (.data._ZN5board12_GLOBAL__N_111g_registersE)
                  20200390    00000004     board_i2c_target.o (.data._ZN5board12_GLOBAL__N_113g_error_flagsE)
                  20200394    00000004     board_i2c_target.o (.data._ZN5board12_GLOBAL__N_116g_dropped_writesE)
                  20200398    00000004     quadrature_encoder.o (.data._ZN7drivers12_GLOBAL__N_19g_m1_edgeE.0)
                  2020039c    00000004     quadrature_encoder.o (.data._ZN7drivers12_GLOBAL__N_19g_m1_edgeE.1)
                  202003a0    00000003     quadrature_encoder.o (.data._ZZN7drivers12_GLOBAL__N_114ConfigureM2QeiEvE12kClockConfig)
                  202003a3    00000003     quadrature_encoder.o (.data._ZZN7drivers12_GLOBAL__N_122ConfigureM1EdgeCounterEvE12kClockConfig)
                  202003a6    00000001     motor_app.o (.data._ZN3app12_GLOBAL__N_114g_output_dirtyE)
                  202003a7    00000001     motor_app.o (.data._ZN3app12_GLOBAL__N_116g_timeout_activeE)
                  202003a8    00000001     motor_app.o (.data._ZN3app12_GLOBAL__N_116g_watchdog_armedE)
                  202003a9    00000001     motor_app.o (.data._ZN3app12_GLOBAL__N_128g_m1_encoder_cooldown_activeE)
                  202003aa    00000001     board_i2c_target.o (.data._ZN5board12_GLOBAL__N_110g_rx_countE)
                  202003ab    00000001     board_i2c_target.o (.data._ZN5board12_GLOBAL__N_112g_write_headE)
                  202003ac    00000001     board_i2c_target.o (.data._ZN5board12_GLOBAL__N_112g_write_tailE)
                  202003ad    00000001     board_i2c_target.o (.data._ZN5board12_GLOBAL__N_113g_write_countE)
                  202003ae    00000001     board_i2c_target.o (.data._ZN5board12_GLOBAL__N_114g_selected_regE)
                  202003af    00000001     board_i2c_target.o (.data._ZN5board12_GLOBAL__N_121g_rx_overflow_currentE)

.stack     0    2020ff00    00000100     UNINITIALIZED
                  2020ff00    00000004     libc.a : boot_cortex_m.c.obj (.stack)
                  2020ff04    000000fc     --HOLE--

__llvm_prf_cnts 
*          0    20200000    00000000     UNINITIALIZED

__llvm_prf_bits 
*          0    20200000    00000000     UNINITIALIZED

MODULE SUMMARY

       Module                         code    ro data   rw data
       ------                         ----    -------   -------
    .\
       ti_msp_dl_config.o             812     36        0      
       startup_mspm0g351x_ticlang.o   6       192       0      
       empty_cpp.o                    22      0         0      
    +--+------------------------------+-------+---------+---------+
       Total:                         840     228       0      
                                                               
    .\app\
       motor_app.o                    1308    0         170    
    +--+------------------------------+-------+---------+---------+
       Total:                         1308    0         170    
                                                               
    .\board\
       board_i2c_target.o             1176    0         323    
       board_uart.o                   92      20        272    
       board_encoders.o               48      0         0      
       board_motor_outputs.o          32      0         0      
    +--+------------------------------+-------+---------+---------+
       Total:                         1348    20        595    
                                                               
    .\control\
       motor_control.o                1800    0         96     
    +--+------------------------------+-------+---------+---------+
       Total:                         1800    0         96     
                                                               
    .\drivers\
       quadrature_encoder.o           1312    16        76     
       uart_link.o                    504     0         0      
       drv8701.o                      364     0         0      
    +--+------------------------------+-------+---------+---------+
       Total:                         2180    16        76     
                                                               
    .\protocol\
       register_map.o                 2110    0         0      
       serial_protocol.o              872     256       0      
    +--+------------------------------+-------+---------+---------+
       Total:                         2982    256       0      
                                                               
    C:/ti/mspm0_sdk_2_10_00_04/source/ti/driverlib/lib/ticlang/m0p/mspm0gx51x/driverlib.a
       dl_timer.o                     516     24        0      
       dl_i2c.o                       198     0         0      
       dl_uart.o                      90      0         0      
       dl_common.o                    10      0         0      
    +--+------------------------------+-------+---------+---------+
       Total:                         814     24        0      
                                                               
    C:\ti\ccs2100\ccs\tools\compiler\ti-cgt-armllvm_5.1.1.LTS\lib\armv6m-ti-none-eabi/c/libc.a
       memcpy16.S.obj                 154     0         0      
       copy_decompress_lzss.c.obj     124     0         0      
       memset16.S.obj                 98      0         0      
       autoinit.c.obj                 60      0         0      
       boot_cortex_m.c.obj            40      0         0      
       copy_zero_init.c.obj           22      0         0      
       copy_decompress_none.c.obj     18      0         0      
       exit.c.obj                     6       0         0      
       pre_init.c.obj                 4       0         0      
    +--+------------------------------+-------+---------+---------+
       Total:                         526     0         0      
                                                               
    C:\ti\ccs2100\ccs\tools\compiler\ti-cgt-armllvm_5.1.1.LTS\lib\armv6m-ti-none-eabi/c/libsysbm.a
       hostexit.c.obj                 4       0         0      
    +--+------------------------------+-------+---------+---------+
       Total:                         4       0         0      
                                                               
    C:\ti\ccs2100\ccs\tools\compiler\ti-cgt-armllvm_5.1.1.LTS\lib\armv6m-ti-none-eabi/libclang_rt.builtins.a
       udivmoddi4.S.obj               162     0         0      
       aeabi_uidivmod.S.obj           64      0         0      
       divmoddi4.c.obj                62      0         0      
       muldsi3.S.obj                  58      0         0      
       muldi3.S.obj                   36      0         0      
       ashldi3.S.obj                  30      0         0      
       aeabi_memset.S.obj             26      0         0      
       aeabi_ldivmod.S.obj            20      0         0      
       aeabi_memcpy.S.obj             8       0         0      
       aeabi_div0.c.obj               4       0         0      
    +--+------------------------------+-------+---------+---------+
       Total:                         470     0         0      
                                                               
       Stack:                         0       0         256    
       Linker Generated:              0       60        0      
    +--+------------------------------+-------+---------+---------+
       Grand Total:                   12272   604       1193   


LINKER GENERATED COPY TABLES

__TI_cinit_table @ 0000325c records: 2, size/record: 8, table size: 16
	.data: load addr=00003230, load size=00000018 bytes, run addr=20200238, run size=00000178 bytes, compression=lzss
	.bss: load addr=00003254, load size=00000008 bytes, run addr=20200000, run size=00000231 bytes, compression=zero_init


LINKER GENERATED HANDLER TABLE

__TI_handler_table @ 00003248 records: 3, size/record: 4, table size: 12
	index: 0, handler: __TI_decompress_lzss
	index: 1, handler: __TI_decompress_none
	index: 2, handler: __TI_zero_init


GLOBAL SYMBOLS: SORTED ALPHABETICALLY BY Name 

address   name                                                                     
-------   ----                                                                     
00001157  ADC0_IRQHandler                                                          
00001157  ADC1_IRQHandler                                                          
00001157  AESADV_IRQHandler                                                        
000030b6  C$$EXIT                                                                  
00001157  CANFD0_IRQHandler                                                        
00001157  CANFD1_IRQHandler                                                        
00001157  DAC0_IRQHandler                                                          
00002fdd  DL_Common_delayCycles                                                    
00002b81  DL_I2C_flushTargetRXFIFO                                                 
00002a29  DL_I2C_flushTargetTXFIFO                                                 
00002e77  DL_I2C_receiveTargetDataCheck                                            
00002cb9  DL_I2C_setClockConfig                                                    
00002d69  DL_I2C_transmitTargetDataCheck                                           
00001f49  DL_Timer_initCompareMode                                                 
00001775  DL_Timer_initFourCCPWMMode                                               
00002d85  DL_Timer_setCaptCompUpdateMethod                                         
00002e91  DL_Timer_setCaptureCompareOutCtl                                         
00002f35  DL_Timer_setCaptureCompareValue                                          
00002da1  DL_Timer_setClockConfig                                                  
000028d9  DL_UART_init                                                             
00002efd  DL_UART_setClockConfig                                                   
00001157  DMA_IRQHandler                                                           
00001157  Default_Handler                                                          
00001157  GROUP0_IRQHandler                                                        
00002ff1  GROUP1_IRQHandler                                                        
000030b7  HOSTexit                                                                 
00001157  HardFault_Handler                                                        
00001157  I2C0_IRQHandler                                                          
00002ff9  I2C1_IRQHandler                                                          
00001157  I2C2_IRQHandler                                                          
00001157  LFSS_IRQHandler                                                          
00001157  NMI_Handler                                                              
00001157  PendSV_Handler                                                           
000030bb  Reset_Handler                                                            
00001157  SPI0_IRQHandler                                                          
00001157  SPI1_IRQHandler                                                          
00001157  SPI2_IRQHandler                                                          
00001157  SVC_Handler                                                              
00001fe9  SYSCFG_DL_GPIO_init                                                      
00002461  SYSCFG_DL_I2C_CONTROL_init                                               
00002559  SYSCFG_DL_PWM_M1_EN_init                                                 
000025cd  SYSCFG_DL_PWM_M2_EN_init                                                 
00002bb1  SYSCFG_DL_SYSCTL_init                                                    
00002249  SYSCFG_DL_UART_CONTROL_init                                              
00002d27  SYSCFG_DL_init                                                           
00002885  SYSCFG_DL_initPower                                                      
00002f45  SysTick_Handler                                                          
00001157  TIMA0_IRQHandler                                                         
00001157  TIMA1_IRQHandler                                                         
00001157  TIMG0_IRQHandler                                                         
00001157  TIMG12_IRQHandler                                                        
00001157  TIMG14_IRQHandler                                                        
00001157  TIMG6_IRQHandler                                                         
00001157  TIMG7_IRQHandler                                                         
00001157  TIMG8_IRQHandler                                                         
00001157  TIMG9_IRQHandler                                                         
00001157  UART0_IRQHandler                                                         
00001157  UART1_IRQHandler                                                         
00001157  UART3_IRQHandler                                                         
00002f55  UART4_IRQHandler                                                         
00001157  UART5_IRQHandler                                                         
00001157  UART6_IRQHandler                                                         
00001157  UART7_IRQHandler                                                         
000022d1  _ZN3app13MotorApp_InitEv                                                 
00000695  _ZN3app16MotorApp_ProcessEv                                              
00002c69  _ZN5board14BoardUart_InitEv                                              
00002ed5  _ZN5board15BoardUart_WriteEPKhh                                          
00003001  _ZN5board18BoardEncoders_InitEv                                          
00002f65  _ZN5board18BoardUart_ReadByteEPh                                         
00003009  _ZN5board19BoardEncoders_ResetEN7drivers9EncoderIdE                      
0000197d  _ZN5board19BoardI2cTarget_InitEPKN8protocol11RegisterMapE                
00003011  _ZN5board21BoardEncoders_ProcessEj                                       
00003019  _ZN5board21BoardMotorOutputs_RunEN7drivers7MotorIdENS0_14MotorDirectionEh
000030bf  _ZN5board22BoardI2cTarget_AddressEv                                      
00003021  _ZN5board22BoardMotorOutputs_InitEv                                      
00003029  _ZN5board23BoardMotorOutputs_BrakeEN7drivers7MotorIdE                    
00003031  _ZN5board23BoardMotorOutputs_CoastEN7drivers7MotorIdE                    
00003039  _ZN5board24BoardEncoders_SetEnabledEN7drivers9EncoderIdEb                
00001879  _ZN5board24BoardI2cTarget_TakeWriteEPNS_19BoardI2cTargetWriteE           
00003041  _ZN5board25BoardEncoders_GetSnapshotEN7drivers9EncoderIdE                
00000989  _ZN5board25BoardI2cTarget_IrqHandlerEv                                   
00002921  _ZN7control17MotorControl_InitEv                                         
00001c9f  _ZN7control18MotorControl_ApplyERKN8protocol11RegisterMapEb              
00002a65  _ZN7control24MotorControl_UpdateSpeedERN8protocol11RegisterMapEisisj     
000026ad  _ZN7drivers12Drv8701_InitEv                                              
00002359  _ZN7drivers13UartLink_InitEPNS_15UartLinkContextEPKNS_14UartLinkConfigE  
00001d51  _ZN7drivers14Drv8701_SetRunENS_7MotorIdENS_14MotorDirectionEh            
00001a55  _ZN7drivers14UartLink_WriteEPNS_15UartLinkContextEPKhh                   
00002c11  _ZN7drivers16Drv8701_SetBrakeENS_7MotorIdE                               
00002c3d  _ZN7drivers16Drv8701_SetCoastENS_7MotorIdE                               
00002969  _ZN7drivers17UartLink_ReadByteEPNS_15UartLinkContextEPh                  
00002641  _ZN7drivers19UartLink_IrqHandlerEPNS_15UartLinkContextE                  
000013e9  _ZN7drivers22QuadratureEncoder_InitEv                                    
00002121  _ZN7drivers23QuadratureEncoder_ResetENS_9EncoderIdE                      
0000164d  _ZN7drivers25QuadratureEncoder_ProcessEj                                 
0000151d  _ZN7drivers28QuadratureEncoder_SetEnabledENS_9EncoderIdEb                
00001e01  _ZN7drivers29QuadratureEncoder_GetSnapshotENS_9EncoderIdE                
0000282d  _ZN7drivers37QuadratureEncoder_HandleGpioInterruptEv                     
000012a5  _ZN8protocol11RegisterMap11CommitWriteEhPKhhPb                           
00000fdd  _ZN8protocol11RegisterMap13RefreshStatusEv                               
000030c3  _ZN8protocol11RegisterMap13SetI2cAddressEh                               
00002fc5  _ZN8protocol11RegisterMap16SetTimeoutActiveEb                            
00002dbd  _ZN8protocol11RegisterMap16UpdateHoldTargetEbi                           
00002f0f  _ZN8protocol11RegisterMap17UpdateMeasuredRpmEss                          
00003049  _ZN8protocol11RegisterMap19ClearEncoderControlEv                         
00002b4d  _ZN8protocol11RegisterMap19ForceCoastOnTimeoutEv                         
00002d05  _ZN8protocol11RegisterMap19UpdatePositionErrorEbi                        
000027d1  _ZN8protocol11RegisterMap21UpdateEncoderSnapshotEiihiih                  
00002b17  _ZN8protocol11RegisterMap23SetMotorDutyFromControlEbh                    
00002be1  _ZN8protocol11RegisterMap25SetMotorOutputFromControlEbhh                 
00002dd9  _ZN8protocol11RegisterMap26UpdateTargetRpmFromControlEbt                 
000021b9  _ZN8protocol11RegisterMap4InitEv                                         
00000c39  _ZN8protocol14SerialProtocol11HandleFrameEPNS_14SerialResponseEPbS3_     
00001159  _ZN8protocol14SerialProtocol11ProcessByteEhPNS_14SerialResponseEPbS3_    
00003051  _ZN8protocol14SerialProtocol4InitEPNS_11RegisterMapE                     
00002f75  _ZNK8protocol11RegisterMap11M1TargetRpmEv                                
00002f85  _ZNK8protocol11RegisterMap11M2TargetRpmEv                                
00003069  _ZNK8protocol11RegisterMap11SpeedKdQ4_4Ev                                
0000306f  _ZNK8protocol11RegisterMap11SpeedKiQ4_4Ev                                
00003075  _ZNK8protocol11RegisterMap11SpeedKpQ4_4Ev                                
00001b1d  _ZNK8protocol11RegisterMap12ApplyWriteToEPhhh                            
0000307b  _ZNK8protocol11RegisterMap12SpeedMaxDutyEv                               
00003081  _ZNK8protocol11RegisterMap12SpeedMinDutyEv                               
00003087  _ZNK8protocol11RegisterMap14EncoderControlEv                             
00002df3  _ZNK8protocol11RegisterMap14M1CountsPerRevEv                             
00002e0d  _ZNK8protocol11RegisterMap14M2CountsPerRevEv                             
0000308d  _ZNK8protocol11RegisterMap14PositionKdQ4_4Ev                             
00003093  _ZNK8protocol11RegisterMap14PositionKiQ4_4Ev                             
00003099  _ZNK8protocol11RegisterMap14PositionKpQ4_4Ev                             
00002f95  _ZNK8protocol11RegisterMap14PositionMaxRpmEv                             
0000309f  _ZNK8protocol11RegisterMap15PositionMaxDutyEv                            
000030a5  _ZNK8protocol11RegisterMap15PositionMinDutyEv                            
00002773  _ZNK8protocol11RegisterMap16HasActiveCommandEv                           
00002e27  _ZNK8protocol11RegisterMap16M1TargetPositionEv                           
00002e41  _ZNK8protocol11RegisterMap16M2TargetPositionEv                           
00002fe7  _ZNK8protocol11RegisterMap16PositionSettleMsEv                           
000023dd  _ZNK8protocol11RegisterMap17IsControlRegisterEh                          
00002fa5  _ZNK8protocol11RegisterMap17PositionToleranceEv                          
000030ab  _ZNK8protocol11RegisterMap19WatchdogTimeout10msEv                        
00002fb5  _ZNK8protocol11RegisterMap21PositionExitToleranceEv                      
00002fd1  _ZNK8protocol11RegisterMap4ReadEh                                        
00003059  _ZNK8protocol11RegisterMap9IsEnabledEv                                   
00001bdf  _ZNK8protocol11RegisterMap9ReadBlockEhhPh                                
20210000  __STACK_END                                                              
00000100  __STACK_SIZE                                                             
00000000  __TI_ATRegion0_region_sz                                                 
00000000  __TI_ATRegion0_src_addr                                                  
00000000  __TI_ATRegion0_trg_addr                                                  
00000000  __TI_ATRegion1_region_sz                                                 
00000000  __TI_ATRegion1_src_addr                                                  
00000000  __TI_ATRegion1_trg_addr                                                  
00000000  __TI_ATRegion2_region_sz                                                 
00000000  __TI_ATRegion2_src_addr                                                  
00000000  __TI_ATRegion2_trg_addr                                                  
0000325c  __TI_CINIT_Base                                                          
0000326c  __TI_CINIT_Limit                                                         
0000326c  __TI_CINIT_Warm                                                          
00003248  __TI_Handler_Table_Base                                                  
00003254  __TI_Handler_Table_Limit                                                 
00002aa1  __TI_auto_init_nobinit_nopinit                                           
000024dd  __TI_decompress_lzss                                                     
00002f21  __TI_decompress_none                                                     
ffffffff  __TI_pprof_out_hndl                                                      
ffffffff  __TI_prof_data_size                                                      
ffffffff  __TI_prof_data_start                                                     
00000000  __TI_static_base__                                                       
00002ebf  __TI_zero_init_nomemset                                                  
000013e7  __aeabi_idiv0                                                            
00001d4f  __aeabi_ldiv0                                                            
00002ee9  __aeabi_ldivmod                                                          
00002d49  __aeabi_llsl                                                             
00002ce1  __aeabi_lmul                                                             
00002e6b  __aeabi_memclr                                                           
00002e6b  __aeabi_memclr4                                                          
00002e6b  __aeabi_memclr8                                                          
00003061  __aeabi_memcpy                                                           
00003061  __aeabi_memcpy4                                                          
00003061  __aeabi_memcpy8                                                          
00002e5d  __aeabi_memset                                                           
00002e5d  __aeabi_memset4                                                          
00002e5d  __aeabi_memset8                                                          
000029a9  __aeabi_uidiv                                                            
000029a9  __aeabi_uidivmod                                                         
00002d49  __ashldi3                                                                
ffffffff  __binit__                                                                
000029e9  __divmoddi4                                                              
UNDEFED   __mpu_init                                                               
00002ce1  __muldi3                                                                 
00002add  __muldsi3                                                                
2020ff00  __stack                                                                  
20200000  __start___llvm_prf_bits                                                  
20200000  __start___llvm_prf_cnts                                                  
20200000  __stop___llvm_prf_bits                                                   
20200000  __stop___llvm_prf_cnts                                                   
00001ea5  __udivmoddi4                                                             
00002c91  _c_int00_noargs                                                          
UNDEFED   _system_post_cinit                                                       
000030c7  _system_pre_init                                                         
000030b1  abort                                                                    
ffffffff  binit                                                                    
00000000  interruptVectors                                                         
00002ea9  main                                                                     
00002085  memcpy                                                                   
00002711  memset                                                                   


GLOBAL SYMBOLS: SORTED BY Symbol Address 

address   name                                                                     
-------   ----                                                                     
00000000  __TI_ATRegion0_region_sz                                                 
00000000  __TI_ATRegion0_src_addr                                                  
00000000  __TI_ATRegion0_trg_addr                                                  
00000000  __TI_ATRegion1_region_sz                                                 
00000000  __TI_ATRegion1_src_addr                                                  
00000000  __TI_ATRegion1_trg_addr                                                  
00000000  __TI_ATRegion2_region_sz                                                 
00000000  __TI_ATRegion2_src_addr                                                  
00000000  __TI_ATRegion2_trg_addr                                                  
00000000  __TI_static_base__                                                       
00000000  interruptVectors                                                         
00000100  __STACK_SIZE                                                             
00000695  _ZN3app16MotorApp_ProcessEv                                              
00000989  _ZN5board25BoardI2cTarget_IrqHandlerEv                                   
00000c39  _ZN8protocol14SerialProtocol11HandleFrameEPNS_14SerialResponseEPbS3_     
00000fdd  _ZN8protocol11RegisterMap13RefreshStatusEv                               
00001157  ADC0_IRQHandler                                                          
00001157  ADC1_IRQHandler                                                          
00001157  AESADV_IRQHandler                                                        
00001157  CANFD0_IRQHandler                                                        
00001157  CANFD1_IRQHandler                                                        
00001157  DAC0_IRQHandler                                                          
00001157  DMA_IRQHandler                                                           
00001157  Default_Handler                                                          
00001157  GROUP0_IRQHandler                                                        
00001157  HardFault_Handler                                                        
00001157  I2C0_IRQHandler                                                          
00001157  I2C2_IRQHandler                                                          
00001157  LFSS_IRQHandler                                                          
00001157  NMI_Handler                                                              
00001157  PendSV_Handler                                                           
00001157  SPI0_IRQHandler                                                          
00001157  SPI1_IRQHandler                                                          
00001157  SPI2_IRQHandler                                                          
00001157  SVC_Handler                                                              
00001157  TIMA0_IRQHandler                                                         
00001157  TIMA1_IRQHandler                                                         
00001157  TIMG0_IRQHandler                                                         
00001157  TIMG12_IRQHandler                                                        
00001157  TIMG14_IRQHandler                                                        
00001157  TIMG6_IRQHandler                                                         
00001157  TIMG7_IRQHandler                                                         
00001157  TIMG8_IRQHandler                                                         
00001157  TIMG9_IRQHandler                                                         
00001157  UART0_IRQHandler                                                         
00001157  UART1_IRQHandler                                                         
00001157  UART3_IRQHandler                                                         
00001157  UART5_IRQHandler                                                         
00001157  UART6_IRQHandler                                                         
00001157  UART7_IRQHandler                                                         
00001159  _ZN8protocol14SerialProtocol11ProcessByteEhPNS_14SerialResponseEPbS3_    
000012a5  _ZN8protocol11RegisterMap11CommitWriteEhPKhhPb                           
000013e7  __aeabi_idiv0                                                            
000013e9  _ZN7drivers22QuadratureEncoder_InitEv                                    
0000151d  _ZN7drivers28QuadratureEncoder_SetEnabledENS_9EncoderIdEb                
0000164d  _ZN7drivers25QuadratureEncoder_ProcessEj                                 
00001775  DL_Timer_initFourCCPWMMode                                               
00001879  _ZN5board24BoardI2cTarget_TakeWriteEPNS_19BoardI2cTargetWriteE           
0000197d  _ZN5board19BoardI2cTarget_InitEPKN8protocol11RegisterMapE                
00001a55  _ZN7drivers14UartLink_WriteEPNS_15UartLinkContextEPKhh                   
00001b1d  _ZNK8protocol11RegisterMap12ApplyWriteToEPhhh                            
00001bdf  _ZNK8protocol11RegisterMap9ReadBlockEhhPh                                
00001c9f  _ZN7control18MotorControl_ApplyERKN8protocol11RegisterMapEb              
00001d4f  __aeabi_ldiv0                                                            
00001d51  _ZN7drivers14Drv8701_SetRunENS_7MotorIdENS_14MotorDirectionEh            
00001e01  _ZN7drivers29QuadratureEncoder_GetSnapshotENS_9EncoderIdE                
00001ea5  __udivmoddi4                                                             
00001f49  DL_Timer_initCompareMode                                                 
00001fe9  SYSCFG_DL_GPIO_init                                                      
00002085  memcpy                                                                   
00002121  _ZN7drivers23QuadratureEncoder_ResetENS_9EncoderIdE                      
000021b9  _ZN8protocol11RegisterMap4InitEv                                         
00002249  SYSCFG_DL_UART_CONTROL_init                                              
000022d1  _ZN3app13MotorApp_InitEv                                                 
00002359  _ZN7drivers13UartLink_InitEPNS_15UartLinkContextEPKNS_14UartLinkConfigE  
000023dd  _ZNK8protocol11RegisterMap17IsControlRegisterEh                          
00002461  SYSCFG_DL_I2C_CONTROL_init                                               
000024dd  __TI_decompress_lzss                                                     
00002559  SYSCFG_DL_PWM_M1_EN_init                                                 
000025cd  SYSCFG_DL_PWM_M2_EN_init                                                 
00002641  _ZN7drivers19UartLink_IrqHandlerEPNS_15UartLinkContextE                  
000026ad  _ZN7drivers12Drv8701_InitEv                                              
00002711  memset                                                                   
00002773  _ZNK8protocol11RegisterMap16HasActiveCommandEv                           
000027d1  _ZN8protocol11RegisterMap21UpdateEncoderSnapshotEiihiih                  
0000282d  _ZN7drivers37QuadratureEncoder_HandleGpioInterruptEv                     
00002885  SYSCFG_DL_initPower                                                      
000028d9  DL_UART_init                                                             
00002921  _ZN7control17MotorControl_InitEv                                         
00002969  _ZN7drivers17UartLink_ReadByteEPNS_15UartLinkContextEPh                  
000029a9  __aeabi_uidiv                                                            
000029a9  __aeabi_uidivmod                                                         
000029e9  __divmoddi4                                                              
00002a29  DL_I2C_flushTargetTXFIFO                                                 
00002a65  _ZN7control24MotorControl_UpdateSpeedERN8protocol11RegisterMapEisisj     
00002aa1  __TI_auto_init_nobinit_nopinit                                           
00002add  __muldsi3                                                                
00002b17  _ZN8protocol11RegisterMap23SetMotorDutyFromControlEbh                    
00002b4d  _ZN8protocol11RegisterMap19ForceCoastOnTimeoutEv                         
00002b81  DL_I2C_flushTargetRXFIFO                                                 
00002bb1  SYSCFG_DL_SYSCTL_init                                                    
00002be1  _ZN8protocol11RegisterMap25SetMotorOutputFromControlEbhh                 
00002c11  _ZN7drivers16Drv8701_SetBrakeENS_7MotorIdE                               
00002c3d  _ZN7drivers16Drv8701_SetCoastENS_7MotorIdE                               
00002c69  _ZN5board14BoardUart_InitEv                                              
00002c91  _c_int00_noargs                                                          
00002cb9  DL_I2C_setClockConfig                                                    
00002ce1  __aeabi_lmul                                                             
00002ce1  __muldi3                                                                 
00002d05  _ZN8protocol11RegisterMap19UpdatePositionErrorEbi                        
00002d27  SYSCFG_DL_init                                                           
00002d49  __aeabi_llsl                                                             
00002d49  __ashldi3                                                                
00002d69  DL_I2C_transmitTargetDataCheck                                           
00002d85  DL_Timer_setCaptCompUpdateMethod                                         
00002da1  DL_Timer_setClockConfig                                                  
00002dbd  _ZN8protocol11RegisterMap16UpdateHoldTargetEbi                           
00002dd9  _ZN8protocol11RegisterMap26UpdateTargetRpmFromControlEbt                 
00002df3  _ZNK8protocol11RegisterMap14M1CountsPerRevEv                             
00002e0d  _ZNK8protocol11RegisterMap14M2CountsPerRevEv                             
00002e27  _ZNK8protocol11RegisterMap16M1TargetPositionEv                           
00002e41  _ZNK8protocol11RegisterMap16M2TargetPositionEv                           
00002e5d  __aeabi_memset                                                           
00002e5d  __aeabi_memset4                                                          
00002e5d  __aeabi_memset8                                                          
00002e6b  __aeabi_memclr                                                           
00002e6b  __aeabi_memclr4                                                          
00002e6b  __aeabi_memclr8                                                          
00002e77  DL_I2C_receiveTargetDataCheck                                            
00002e91  DL_Timer_setCaptureCompareOutCtl                                         
00002ea9  main                                                                     
00002ebf  __TI_zero_init_nomemset                                                  
00002ed5  _ZN5board15BoardUart_WriteEPKhh                                          
00002ee9  __aeabi_ldivmod                                                          
00002efd  DL_UART_setClockConfig                                                   
00002f0f  _ZN8protocol11RegisterMap17UpdateMeasuredRpmEss                          
00002f21  __TI_decompress_none                                                     
00002f35  DL_Timer_setCaptureCompareValue                                          
00002f45  SysTick_Handler                                                          
00002f55  UART4_IRQHandler                                                         
00002f65  _ZN5board18BoardUart_ReadByteEPh                                         
00002f75  _ZNK8protocol11RegisterMap11M1TargetRpmEv                                
00002f85  _ZNK8protocol11RegisterMap11M2TargetRpmEv                                
00002f95  _ZNK8protocol11RegisterMap14PositionMaxRpmEv                             
00002fa5  _ZNK8protocol11RegisterMap17PositionToleranceEv                          
00002fb5  _ZNK8protocol11RegisterMap21PositionExitToleranceEv                      
00002fc5  _ZN8protocol11RegisterMap16SetTimeoutActiveEb                            
00002fd1  _ZNK8protocol11RegisterMap4ReadEh                                        
00002fdd  DL_Common_delayCycles                                                    
00002fe7  _ZNK8protocol11RegisterMap16PositionSettleMsEv                           
00002ff1  GROUP1_IRQHandler                                                        
00002ff9  I2C1_IRQHandler                                                          
00003001  _ZN5board18BoardEncoders_InitEv                                          
00003009  _ZN5board19BoardEncoders_ResetEN7drivers9EncoderIdE                      
00003011  _ZN5board21BoardEncoders_ProcessEj                                       
00003019  _ZN5board21BoardMotorOutputs_RunEN7drivers7MotorIdENS0_14MotorDirectionEh
00003021  _ZN5board22BoardMotorOutputs_InitEv                                      
00003029  _ZN5board23BoardMotorOutputs_BrakeEN7drivers7MotorIdE                    
00003031  _ZN5board23BoardMotorOutputs_CoastEN7drivers7MotorIdE                    
00003039  _ZN5board24BoardEncoders_SetEnabledEN7drivers9EncoderIdEb                
00003041  _ZN5board25BoardEncoders_GetSnapshotEN7drivers9EncoderIdE                
00003049  _ZN8protocol11RegisterMap19ClearEncoderControlEv                         
00003051  _ZN8protocol14SerialProtocol4InitEPNS_11RegisterMapE                     
00003059  _ZNK8protocol11RegisterMap9IsEnabledEv                                   
00003061  __aeabi_memcpy                                                           
00003061  __aeabi_memcpy4                                                          
00003061  __aeabi_memcpy8                                                          
00003069  _ZNK8protocol11RegisterMap11SpeedKdQ4_4Ev                                
0000306f  _ZNK8protocol11RegisterMap11SpeedKiQ4_4Ev                                
00003075  _ZNK8protocol11RegisterMap11SpeedKpQ4_4Ev                                
0000307b  _ZNK8protocol11RegisterMap12SpeedMaxDutyEv                               
00003081  _ZNK8protocol11RegisterMap12SpeedMinDutyEv                               
00003087  _ZNK8protocol11RegisterMap14EncoderControlEv                             
0000308d  _ZNK8protocol11RegisterMap14PositionKdQ4_4Ev                             
00003093  _ZNK8protocol11RegisterMap14PositionKiQ4_4Ev                             
00003099  _ZNK8protocol11RegisterMap14PositionKpQ4_4Ev                             
0000309f  _ZNK8protocol11RegisterMap15PositionMaxDutyEv                            
000030a5  _ZNK8protocol11RegisterMap15PositionMinDutyEv                            
000030ab  _ZNK8protocol11RegisterMap19WatchdogTimeout10msEv                        
000030b1  abort                                                                    
000030b6  C$$EXIT                                                                  
000030b7  HOSTexit                                                                 
000030bb  Reset_Handler                                                            
000030bf  _ZN5board22BoardI2cTarget_AddressEv                                      
000030c3  _ZN8protocol11RegisterMap13SetI2cAddressEh                               
000030c7  _system_pre_init                                                         
00003248  __TI_Handler_Table_Base                                                  
00003254  __TI_Handler_Table_Limit                                                 
0000325c  __TI_CINIT_Base                                                          
0000326c  __TI_CINIT_Limit                                                         
0000326c  __TI_CINIT_Warm                                                          
20200000  __start___llvm_prf_bits                                                  
20200000  __start___llvm_prf_cnts                                                  
20200000  __stop___llvm_prf_bits                                                   
20200000  __stop___llvm_prf_cnts                                                   
2020ff00  __stack                                                                  
20210000  __STACK_END                                                              
ffffffff  __TI_pprof_out_hndl                                                      
ffffffff  __TI_prof_data_size                                                      
ffffffff  __TI_prof_data_start                                                     
ffffffff  __binit__                                                                
ffffffff  binit                                                                    
UNDEFED   __mpu_init                                                               
UNDEFED   _system_post_cinit                                                       

[204 symbols]
